$ /home/s081p868/scratch/RNAMotifScanX-release/bin/scan /home/s081p868/scratch/RNAMotifScanX-release/models/reverse-kturn_consensus.struct /rfs/poseidon_share/s081p868/RNAMotifScanX_nr/rmsx_work_default/3fu2/C/3fu2_C.rmsx.in --map_pdb=/rfs/poseidon_share/s081p868/RNAMotifScanX_nr/rmsx_work_default/3fu2/C/3fu2_C.rmsx.nch --pvalue 1.0 --num_threads 8 --write_alignment
<<<<<<<<<<  ALIGNMENT BEGINS  <<<<<<<<<<

#  Aligning reverse-kturn_conseusns and 3fu2_C:0-5_17-28:
#  Alignment score:  24.2
#  P-value:  4.236e-01
#  Query aligned region: 1-1,9-9
#  Target aligned region: 2:C3-2:C3,13:C25-13:C25

	G...A
	A...A

#  Matched base-pairing interactions: 
	<G(1:)-A(9:) trans S/H>                        MATCHES	<A(2:C3)-A(13:C25) trans S/H>
#  Matched base-stacking interactions: 

>>>>>>>>>>   ALIGNMENT ENDS   >>>>>>>>>>

<<<<<<<<<<  ALIGNMENT BEGINS  <<<<<<<<<<

#  Aligning reverse-kturn_conseusns and 3fu2_C:17-28_0-5:
#  Alignment score:  9.8
#  P-value:  1.000e+00
#  Query aligned region: 3-3,4-4
#  Target aligned region: 4:C22-4:C22,12:C1-12:C1

	G...C
	U...A

#  Matched base-pairing interactions: 
	<G(3:)-C(4:) cis W/W>                          MATCHES	<U(4:C22)-A(12:C1) cis W/W>
#  Matched base-stacking interactions: 

>>>>>>>>>>   ALIGNMENT ENDS   >>>>>>>>>>

