$ /home/s081p868/scratch/RNAMotifScanX-release/bin/scan /home/s081p868/scratch/RNAMotifScanX-release/models/k-turn_consensus.struct /rfs/poseidon_share/s081p868/RNAMotifScanX_nr/rmsx_work_default/4ybb/BA/4ybb_BA.rmsx.in --map_pdb=/rfs/poseidon_share/s081p868/RNAMotifScanX_nr/rmsx_work_default/4ybb/BA/4ybb_BA.rmsx.nch --pvalue 1.0 --num_threads 16 --write_alignment
<<<<<<<<<<  ALIGNMENT BEGINS  <<<<<<<<<<

#  Aligning k-turn_consensus and 4ybb_BA:117-118_239-248_274-287:
#  Alignment score:  83
#  P-value:  3.874e-02
#  Query aligned region: 0-4,5-12
#  Target aligned region: 2:'BA'240-9:'BA'247,14:'BA'277-23:'BA'286

	G-GG--AG...CGAAGA-A-C
	GGGAUUAG...CGACGAUCCC

#  Matched base-pairing interactions: 
	<G(0:)-C(12:) cis W/W>                         MATCHES	<G(2:'BA'240)-C(23:'BA'286) cis W/W>
	<G(1:)-A(11:) trans S/H>                       MATCHES	<G(4:'BA'242)-C(21:'BA'284) cis W/W>
	<A(3:)-G(9:) trans H/S>                        MATCHES	<A(8:'BA'246)-G(18:'BA'281) trans H/S>
	<G(4:)-A(10:) trans S/S>                       MATCHES	<G(9:'BA'247)-A(19:'BA'282) trans S/S>
	<G(4:)-C(5:) cis W/W>                          MATCHES	<G(9:'BA'247)-C(14:'BA'277) cis W/W>
	<G(2:)-A(10:) trans S/H>                       MATCHES	<A(5:'BA'243)-A(19:'BA'282) trans W/H>
	<A(3:)-G(6:) trans S/S>                        MATCHES	<A(8:'BA'246)-G(15:'BA'278) cis -/->
#  Matched base-stacking interactions: 
	<A(3:)-A(10:) outward>                         MATCHES	<A(8:'BA'246)-A(19:'BA'282) outward>

>>>>>>>>>>   ALIGNMENT ENDS   >>>>>>>>>>

<<<<<<<<<<  ALIGNMENT BEGINS  <<<<<<<<<<

#  Aligning k-turn_consensus and 4ybb_BA:683-688_697-705:
#  Alignment score:  79
#  P-value:  4.506e-02
#  Query aligned region: 0-4,5-12
#  Target aligned region: 0:'BA'684-4:'BA'688,7:'BA'699-14:'BA'706

	GGGAG...CGAAGAAC
	UGUAG...CGUAGAGA

#  Matched base-pairing interactions: 
	<G(4:)-C(5:) cis W/W>                          MATCHES	<G(4:'BA'688)-C(7:'BA'699) cis W/W>
	<A(3:)-G(9:) trans H/S>                        MATCHES	<A(3:'BA'687)-G(11:'BA'703) trans H/S>
	<A(3:)-G(6:) trans S/S>                        MATCHES	<A(3:'BA'687)-G(8:'BA'700) cis -/->
	<G(4:)-A(10:) trans S/S>                       MATCHES	<G(4:'BA'688)-A(12:'BA'704) cis -/->
	<G(2:)-A(10:) trans S/H>                       MATCHES	<U(2:'BA'686)-A(12:'BA'704) trans W/H>
	<G(1:)-A(11:) trans S/H>                       MATCHES	<G(1:'BA'685)-G(13:'BA'705) trans S/H>
	<G(0:)-C(12:) cis W/W>                         MATCHES	<U(0:'BA'684)-A(14:'BA'706) cis W/W>
#  Matched base-stacking interactions: 
	<A(3:)-A(10:) outward>                         MATCHES	<A(3:'BA'687)-A(12:'BA'704) outward>

>>>>>>>>>>   ALIGNMENT ENDS   >>>>>>>>>>

<<<<<<<<<<  ALIGNMENT BEGINS  <<<<<<<<<<

#  Aligning k-turn_consensus and 4ybb_BA:775-781_1512-1522_799-803:
#  Alignment score:  67.7
#  P-value:  7.432e-02
#  Query aligned region: 0-4,5-12
#  Target aligned region: 2:'BA'778-5:'BA'781,9:'BA'1515-16:'BA'1522,19:'BA'801-22:'BA'804

	GGGA~G...C-G~GAAC
	GCAA~G...CCU~UAGU

#  Matched base-pairing interactions: 
	<A(3:)-G(6:) trans S/S>                        MATCHES	<A(5:'BA'781)-U(16:'BA'1522) trans S/S>
	<A(3:)-G(9:) trans H/S>                        MATCHES	<A(5:'BA'781)-U(19:'BA'801) trans H/W>
	<G(4:)-C(5:) cis W/W>                          MATCHES	<G(9:'BA'1515)-C(14:'BA'1520) cis W/W>
	<G(2:)-A(10:) trans S/H>                       MATCHES	<A(4:'BA'780)-A(20:'BA'802) trans S/H>
	<G(1:)-A(11:) trans S/H>                       MATCHES	<C(3:'BA'779)-G(21:'BA'803) cis W/W>
	<G(0:)-C(12:) cis W/W>                         MATCHES	<G(2:'BA'778)-U(22:'BA'804) cis W/W>
#  Matched base-stacking interactions: 
	<A(3:)-A(10:) outward>                         MATCHES	<A(5:'BA'781)-A(20:'BA'802) outward>

>>>>>>>>>>   ALIGNMENT ENDS   >>>>>>>>>>

<<<<<<<<<<  ALIGNMENT BEGINS  <<<<<<<<<<

#  Aligning k-turn_consensus and 4ybb_BA:886-893_1412-1414_904-909:
#  Alignment score:  63
#  P-value:  9.560e-02
#  Query aligned region: 0-3,6-12
#  Target aligned region: 0:'BA'887-5:'BA'892,10:'BA'1415-10:'BA'1415,12:'BA'906-16:'BA'910

	GG--GA...G~GA-AC
	GGAGUA...G~AAAAC

#  Matched base-pairing interactions: 
	<A(3:)-G(9:) trans H/S>                        MATCHES	<A(5:'BA'892)-A(12:'BA'906) trans H/S>
	<G(1:)-A(11:) trans S/H>                       MATCHES	<G(1:'BA'888)-A(15:'BA'909) trans S/H>
	<G(2:)-A(10:) trans S/H>                       MATCHES	<U(4:'BA'891)-A(13:'BA'907) trans W/H>
	<A(3:)-G(6:) trans S/S>                        MATCHES	<A(5:'BA'892)-G(10:'BA'1415) trans S/S>
	<G(0:)-C(12:) cis W/W>                         MATCHES	<G(0:'BA'887)-C(16:'BA'910) cis W/W>
#  Matched base-stacking interactions: 
	<A(3:)-A(10:) outward>                         MATCHES	<A(5:'BA'892)-A(13:'BA'907) outward>

>>>>>>>>>>   ALIGNMENT ENDS   >>>>>>>>>>

<<<<<<<<<<  ALIGNMENT BEGINS  <<<<<<<<<<

#  Aligning k-turn_consensus and 4ybb_BA:1429-1436_333-334_1464-1470:
#  Alignment score:  54.4
#  P-value:  1.679e-01
#  Query aligned region: 0-4,5-12
#  Target aligned region: 0:'BA'1430-4:'BA'1434,8:'BA'334-9:'BA'335,12:'BA'1467-15:'BA'1470

	GGGAG...CG~GAAC
	AAGAA...CC~CACU

#  Matched base-pairing interactions: 
	<G(4:)-C(5:) cis W/W>                          MATCHES	<A(4:'BA'1434)-C(8:'BA'334) cis S/S>
	<A(3:)-G(6:) trans S/S>                        MATCHES	<A(3:'BA'1433)-C(9:'BA'335) cis -/->
	<A(3:)-G(9:) trans H/S>                        MATCHES	<A(3:'BA'1433)-C(12:'BA'1467) trans H/W>
	<G(2:)-A(10:) trans S/H>                       MATCHES	<G(2:'BA'1432)-A(13:'BA'1468) trans S/H>
	<G(1:)-A(11:) trans S/H>                       MATCHES	<A(1:'BA'1431)-C(14:'BA'1469) trans S/H>
	<G(0:)-C(12:) cis W/W>                         MATCHES	<A(0:'BA'1430)-U(15:'BA'1470) cis W/W>
#  Matched base-stacking interactions: 
	<A(3:)-A(10:) outward>                         MATCHES	<A(3:'BA'1433)-A(13:'BA'1468) outward>

>>>>>>>>>>   ALIGNMENT ENDS   >>>>>>>>>>

<<<<<<<<<<  ALIGNMENT BEGINS  <<<<<<<<<<

#  Aligning k-turn_consensus and 4ybb_BA:525-535_516-520:
#  Alignment score:  27.6
#  P-value:  1.000e+00
#  Query aligned region: 0-1,11-12
#  Target aligned region: 2:'BA'528-3:'BA'529,14:'BA'520-15:'BA'521

	GG...AC
	CG...AG

#  Matched base-pairing interactions: 
	<G(1:)-A(11:) trans S/H>                       MATCHES	<G(3:'BA'529)-A(14:'BA'520) trans S/H>
	<G(0:)-C(12:) cis W/W>                         MATCHES	<C(2:'BA'528)-G(15:'BA'521) cis W/W>
#  Matched base-stacking interactions: 

>>>>>>>>>>   ALIGNMENT ENDS   >>>>>>>>>>

<<<<<<<<<<  ALIGNMENT BEGINS  <<<<<<<<<<

#  Aligning k-turn_consensus and 4ybb_BA:791-798_686-704_782-788:
#  Alignment score:  27.6
#  P-value:  1.000e+00
#  Query aligned region: 0-1,11-12
#  Target aligned region: 7:'BA'799-7:'BA'799,12:'BA'691-17:'BA'696,27:'BA'783-27:'BA'783

	G~G...A~C
	G~G...A~C

#  Matched base-pairing interactions: 
	<G(0:)-C(12:) cis W/W>                         MATCHES	<G(7:'BA'799)-C(27:'BA'783) cis W/W>
	<G(1:)-A(11:) trans S/H>                       MATCHES	<G(12:'BA'691)-A(17:'BA'696) trans S/H>
#  Matched base-stacking interactions: 

>>>>>>>>>>   ALIGNMENT ENDS   >>>>>>>>>>

<<<<<<<<<<  ALIGNMENT BEGINS  <<<<<<<<<<

#  Aligning k-turn_consensus and 4ybb_BA:1412-1414_901-908_887-897:
#  Alignment score:  27.3
#  P-value:  1.000e+00
#  Query aligned region: 0-1,11-12
#  Target aligned region: 6:'BA'905-7:'BA'906,15:'BA'892-17:'BA'894

	GG...A-C
	UA...ACG

#  Matched base-pairing interactions: 
	<G(0:)-C(12:) cis W/W>                         MATCHES	<U(6:'BA'905)-G(17:'BA'894) cis W/W>
	<G(1:)-A(11:) trans S/H>                       MATCHES	<A(7:'BA'906)-A(15:'BA'892) trans S/H>
#  Matched base-stacking interactions: 

>>>>>>>>>>   ALIGNMENT ENDS   >>>>>>>>>>

<<<<<<<<<<  ALIGNMENT BEGINS  <<<<<<<<<<

#  Aligning k-turn_consensus and 4ybb_BA:1059-1067_1106-1108_1189-1196:
#  Alignment score:  27.3
#  P-value:  1.000e+00
#  Query aligned region: 0-4,5-12
#  Target aligned region: 3:'BA'1063-8:'BA'1068,9:'BA'1107-10:'BA'1108,13:'BA'1191-15:'BA'1193

	GG-GAG...CG~AAC
	CGUCAG...CG~ACG

#  Matched base-pairing interactions: 
	<G(1:)-A(11:) trans S/H>                       MATCHES	<G(4:'BA'1064)-C(14:'BA'1192) cis W/H>
	<G(0:)-C(12:) cis W/W>                         MATCHES	<C(3:'BA'1063)-G(15:'BA'1193) cis W/W>
	<G(4:)-A(10:) trans S/S>                       MATCHES	<G(8:'BA'1068)-A(13:'BA'1191) trans S/S>
	<G(4:)-C(5:) cis W/W>                          MATCHES	<G(8:'BA'1068)-C(9:'BA'1107) cis W/W>
	<A(3:)-G(6:) trans S/S>                        MATCHES	<A(7:'BA'1067)-G(10:'BA'1108) cis -/->
	<G(2:)-A(10:) trans S/H>                       MATCHES	<C(6:'BA'1066)-A(13:'BA'1191) trans W/H>
#  Matched base-stacking interactions: 

>>>>>>>>>>   ALIGNMENT ENDS   >>>>>>>>>>

<<<<<<<<<<  ALIGNMENT BEGINS  <<<<<<<<<<

#  Aligning k-turn_consensus and 4ybb_BA:912-918_15-21_859-868:
#  Alignment score:  27
#  P-value:  1.000e+00
#  Query aligned region: 0-1,11-12
#  Target aligned region: 16:'BA'862-21:'BA'867

	GG...AC
	CU...CG

#  Matched base-pairing interactions: 
	<G(1:)-A(11:) trans S/H>                       MATCHES	<U(17:'BA'863)-C(20:'BA'866) trans S/H>
	<G(0:)-C(12:) cis W/W>                         MATCHES	<C(16:'BA'862)-G(21:'BA'867) cis W/W>
#  Matched base-stacking interactions: 

>>>>>>>>>>   ALIGNMENT ENDS   >>>>>>>>>>

<<<<<<<<<<  ALIGNMENT BEGINS  <<<<<<<<<<

#  Aligning k-turn_consensus and 4ybb_BA:1326-1333_944-946_1299-1310:
#  Alignment score:  25.6
#  P-value:  1.000e+00
#  Query aligned region: 3-3,6-9
#  Target aligned region: 6:'BA'1333-6:'BA'1333,9:'BA'946-9:'BA'946,15:'BA'1304-15:'BA'1304

	A...G~G
	A...A~G

#  Matched base-pairing interactions: 
	<A(3:)-G(9:) trans H/S>                        MATCHES	<A(6:'BA'1333)-G(15:'BA'1304) trans H/S>
	<A(3:)-G(6:) trans S/S>                        MATCHES	<A(6:'BA'1333)-A(9:'BA'946) cis -/->
#  Matched base-stacking interactions: 

>>>>>>>>>>   ALIGNMENT ENDS   >>>>>>>>>>

<<<<<<<<<<  ALIGNMENT BEGINS  <<<<<<<<<<

#  Aligning k-turn_consensus and 4ybb_BA:551-560_294-296_24-31:
#  Alignment score:  25.5
#  P-value:  1.000e+00
#  Query aligned region: 0-1,11-12
#  Target aligned region: 4:'BA'556-6:'BA'558,14:'BA'26-15:'BA'27

	G-G...AC
	CGG...AG

#  Matched base-pairing interactions: 
	<G(0:)-C(12:) cis W/W>                         MATCHES	<C(4:'BA'556)-G(15:'BA'27) cis W/W>
	<G(1:)-A(11:) trans S/H>                       MATCHES	<G(6:'BA'558)-A(14:'BA'26) trans S/H>
#  Matched base-stacking interactions: 

>>>>>>>>>>   ALIGNMENT ENDS   >>>>>>>>>>

<<<<<<<<<<  ALIGNMENT BEGINS  <<<<<<<<<<

#  Aligning k-turn_consensus and 4ybb_BA:514-520_530-536_527-529:
#  Alignment score:  25.3
#  P-value:  1.000e+00
#  Query aligned region: 2-4,5-10
#  Target aligned region: 2:'BA'517-5:'BA'520,7:'BA'531-9:'BA'533,15:'BA'529-16:'BA'530

	G--A~G...CG~GA
	GCCA~U...AA~GG

#  Matched base-pairing interactions: 
	<A(3:)-G(9:) trans H/S>                        MATCHES	<A(5:'BA'520)-G(15:'BA'529) trans H/S>
	<A(3:)-G(6:) trans S/S>                        MATCHES	<A(5:'BA'520)-A(9:'BA'533) cis W/W>
	<G(4:)-A(10:) trans S/S>                       MATCHES	<U(7:'BA'531)-G(16:'BA'530) trans S/S>
	<G(2:)-A(10:) trans S/H>                       MATCHES	<G(2:'BA'517)-G(16:'BA'530) cis -/->
	<G(4:)-C(5:) cis W/W>                          MATCHES	<U(7:'BA'531)-A(8:'BA'532) trans S/S>
#  Matched base-stacking interactions: 

>>>>>>>>>>   ALIGNMENT ENDS   >>>>>>>>>>

<<<<<<<<<<  ALIGNMENT BEGINS  <<<<<<<<<<

#  Aligning k-turn_consensus and 4ybb_BA:190-197_139-143_178-185:
#  Alignment score:  25
#  P-value:  1.000e+00
#  Query aligned region: 3-3,6-9
#  Target aligned region: 5:'BA'196-5:'BA'196,10:'BA'142-10:'BA'142,13:'BA'179-13:'BA'179

	A...G~G
	A...G~A

#  Matched base-pairing interactions: 
	<A(3:)-G(6:) trans S/S>                        MATCHES	<A(5:'BA'196)-G(10:'BA'142) trans S/S>
	<A(3:)-G(9:) trans H/S>                        MATCHES	<A(5:'BA'196)-A(13:'BA'179) trans H/W>
#  Matched base-stacking interactions: 

>>>>>>>>>>   ALIGNMENT ENDS   >>>>>>>>>>

<<<<<<<<<<  ALIGNMENT BEGINS  <<<<<<<<<<

#  Aligning k-turn_consensus and 4ybb_BA:620-621_38-43_397-403:
#  Alignment score:  25
#  P-value:  1.000e+00
#  Query aligned region: 3-3,6-9
#  Target aligned region: 1:'BA'622-1:'BA'622,5:'BA'42-5:'BA'42,10:'BA'400-10:'BA'400

	A...G~G
	A...G~C

#  Matched base-pairing interactions: 
	<A(3:)-G(6:) trans S/S>                        MATCHES	<A(1:'BA'622)-G(5:'BA'42) trans S/S>
	<A(3:)-G(9:) trans H/S>                        MATCHES	<A(1:'BA'622)-C(10:'BA'400) cis S/S>
#  Matched base-stacking interactions: 

>>>>>>>>>>   ALIGNMENT ENDS   >>>>>>>>>>

<<<<<<<<<<  ALIGNMENT BEGINS  <<<<<<<<<<

#  Aligning k-turn_consensus and 4ybb_BA:1078-1082_15-17_1073-1077:
#  Alignment score:  24.8
#  P-value:  1.000e+00
#  Query aligned region: 3-3,6-9
#  Target aligned region: 1:'BA'1080-1:'BA'1080,5:'BA'16-5:'BA'16,11:'BA'1077-11:'BA'1077

	A...G~G
	A...A~G

#  Matched base-pairing interactions: 
	<A(3:)-G(9:) trans H/S>                        MATCHES	<A(1:'BA'1080)-G(11:'BA'1077) trans H/S>
	<A(3:)-G(6:) trans S/S>                        MATCHES	<A(1:'BA'1080)-A(5:'BA'16) cis -/->
#  Matched base-stacking interactions: 

>>>>>>>>>>   ALIGNMENT ENDS   >>>>>>>>>>

<<<<<<<<<<  ALIGNMENT BEGINS  <<<<<<<<<<

#  Aligning k-turn_consensus and 4ybb_BA:1412-1414_887-897_901-908:
#  Alignment score:  24.6
#  P-value:  1.000e+00
#  Query aligned region: 1-1,11-11
#  Target aligned region: 3:'BA'888-3:'BA'888,21:'BA'909-21:'BA'909

	G...A
	G...A

#  Matched base-pairing interactions: 
	<G(1:)-A(11:) trans S/H>                       MATCHES	<G(3:'BA'888)-A(21:'BA'909) trans S/H>
#  Matched base-stacking interactions: 

>>>>>>>>>>   ALIGNMENT ENDS   >>>>>>>>>>

<<<<<<<<<<  ALIGNMENT BEGINS  <<<<<<<<<<

#  Aligning k-turn_consensus and 4ybb_BA:299-308_563-564_291-296:
#  Alignment score:  24.6
#  P-value:  1.000e+00
#  Query aligned region: 3-3,6-9
#  Target aligned region: 0:'BA'300-0:'BA'300,11:'BA'565-11:'BA'565,17:'BA'297-17:'BA'297

	A...G~G
	A...U~G

#  Matched base-pairing interactions: 
	<A(3:)-G(9:) trans H/S>                        MATCHES	<A(0:'BA'300)-G(17:'BA'297) trans H/S>
	<A(3:)-G(6:) trans S/S>                        MATCHES	<A(0:'BA'300)-U(11:'BA'565) cis S/W>
#  Matched base-stacking interactions: 

>>>>>>>>>>   ALIGNMENT ENDS   >>>>>>>>>>

<<<<<<<<<<  ALIGNMENT BEGINS  <<<<<<<<<<

#  Aligning k-turn_consensus and 4ybb_BA:59-60_319-332_105-110:
#  Alignment score:  24.2
#  P-value:  1.000e+00
#  Query aligned region: 0-1,11-12
#  Target aligned region: 0:'BA'60-0:'BA'60,6:'BA'324-6:'BA'324,19:'BA'109-20:'BA'110

	G~G...AC
	A~G...AC

#  Matched base-pairing interactions: 
	<G(0:)-C(12:) cis W/W>                         MATCHES	<A(0:'BA'60)-C(20:'BA'110) trans H/W>
	<G(1:)-A(11:) trans S/H>                       MATCHES	<G(6:'BA'324)-A(19:'BA'109) trans S/H>
#  Matched base-stacking interactions: 

>>>>>>>>>>   ALIGNMENT ENDS   >>>>>>>>>>

<<<<<<<<<<  ALIGNMENT BEGINS  <<<<<<<<<<

#  Aligning k-turn_consensus and 4ybb_BA:446-452_479-486_369-373:
#  Alignment score:  23.8
#  P-value:  1.000e+00
#  Query aligned region: 1-1,11-11
#  Target aligned region: 0:'BA'447-0:'BA'447,14:'BA'487-14:'BA'487

	G...A
	G...A

#  Matched base-pairing interactions: 
	<G(1:)-A(11:) trans S/H>                       MATCHES	<G(0:'BA'447)-A(14:'BA'487) trans S/H>
#  Matched base-stacking interactions: 

>>>>>>>>>>   ALIGNMENT ENDS   >>>>>>>>>>

<<<<<<<<<<  ALIGNMENT BEGINS  <<<<<<<<<<

#  Aligning k-turn_consensus and 4ybb_BA:899-901_809-811_896-898:
#  Alignment score:  23.6
#  P-value:  1.000e+00
#  Query aligned region: 3-3,6-9
#  Target aligned region: 1:'BA'901-1:'BA'901,4:'BA'811-4:'BA'811,7:'BA'898-7:'BA'898

	A...G~G
	A...C~G

#  Matched base-pairing interactions: 
	<A(3:)-G(9:) trans H/S>                        MATCHES	<A(1:'BA'901)-G(7:'BA'898) trans H/S>
	<A(3:)-G(6:) trans S/S>                        MATCHES	<A(1:'BA'901)-C(4:'BA'811) cis -/->
#  Matched base-stacking interactions: 

>>>>>>>>>>   ALIGNMENT ENDS   >>>>>>>>>>

<<<<<<<<<<  ALIGNMENT BEGINS  <<<<<<<<<<

#  Aligning k-turn_consensus and 4ybb_BA:146-153_63-68_167-174:
#  Alignment score:  23.4
#  P-value:  1.000e+00
#  Query aligned region: 3-3,6-9
#  Target aligned region: 5:'BA'152-5:'BA'152,12:'BA'68-12:'BA'68,15:'BA'169-15:'BA'169

	A...G~G
	A...G~C

#  Matched base-pairing interactions: 
	<A(3:)-G(6:) trans S/S>                        MATCHES	<A(5:'BA'152)-G(12:'BA'68) trans S/S>
	<A(3:)-G(9:) trans H/S>                        MATCHES	<A(5:'BA'152)-C(15:'BA'169) trans H/W>
#  Matched base-stacking interactions: 

>>>>>>>>>>   ALIGNMENT ENDS   >>>>>>>>>>

<<<<<<<<<<  ALIGNMENT BEGINS  <<<<<<<<<<

#  Aligning k-turn_consensus and 4ybb_BA:1464-1470_317-320_1429-1436:
#  Alignment score:  23.4
#  P-value:  1.000e+00
#  Query aligned region: 3-3,6-9
#  Target aligned region: 3:'BA'1468-3:'BA'1468,7:'BA'318-7:'BA'318,13:'BA'1432-13:'BA'1432

	A...G~G
	A...G~G

#  Matched base-pairing interactions: 
	<A(3:)-G(9:) trans H/S>                        MATCHES	<A(3:'BA'1468)-G(13:'BA'1432) trans H/S>
	<A(3:)-G(6:) trans S/S>                        MATCHES	<A(3:'BA'1468)-G(7:'BA'318) cis S/S>
#  Matched base-stacking interactions: 

>>>>>>>>>>   ALIGNMENT ENDS   >>>>>>>>>>

<<<<<<<<<<  ALIGNMENT BEGINS  <<<<<<<<<<

#  Aligning k-turn_consensus and 4ybb_BA:694-696_779-787_791-801:
#  Alignment score:  23.4
#  P-value:  1.000e+00
#  Query aligned region: 1-1,11-11
#  Target aligned region: 3:'BA'780-3:'BA'780,22:'BA'802-22:'BA'802

	G...A
	A...A

#  Matched base-pairing interactions: 
	<G(1:)-A(11:) trans S/H>                       MATCHES	<A(3:'BA'780)-A(22:'BA'802) trans S/H>
#  Matched base-stacking interactions: 

>>>>>>>>>>   ALIGNMENT ENDS   >>>>>>>>>>

<<<<<<<<<<  ALIGNMENT BEGINS  <<<<<<<<<<

#  Aligning k-turn_consensus and 4ybb_BA:1494-1498_1514-1519_1401-1405:
#  Alignment score:  23.2
#  P-value:  1.000e+00
#  Query aligned region: 3-3,6-9
#  Target aligned region: 4:'BA'1499-4:'BA'1499,10:'BA'1520-10:'BA'1520,11:'BA'1403-11:'BA'1403

	A...G~G
	A...C~C

#  Matched base-pairing interactions: 
	<A(3:)-G(6:) trans S/S>                        MATCHES	<A(4:'BA'1499)-C(10:'BA'1520) trans S/S>
	<A(3:)-G(9:) trans H/S>                        MATCHES	<A(4:'BA'1499)-C(11:'BA'1403) cis -/->
#  Matched base-stacking interactions: 

>>>>>>>>>>   ALIGNMENT ENDS   >>>>>>>>>>

<<<<<<<<<<  ALIGNMENT BEGINS  <<<<<<<<<<

#  Aligning k-turn_consensus and 4ybb_BA:745-754_650-658_586-587:
#  Alignment score:  23
#  P-value:  1.000e+00
#  Query aligned region: 1-4,5-11
#  Target aligned region: 5:'BA'751-9:'BA'755,10:'BA'651-14:'BA'655

	GGAG...C~GAAG-AA
	UGAC...G~C--UUGA

#  Matched base-pairing interactions: 
	<G(1:)-A(11:) trans S/H>                       MATCHES	<U(5:'BA'751)-A(14:'BA'655) cis W/W>
	<G(2:)-A(10:) trans S/H>                       MATCHES	<G(6:'BA'752)-G(13:'BA'654) trans S/H>
	<A(3:)-G(9:) trans H/S>                        MATCHES	<A(7:'BA'753)-U(11:'BA'652) trans H/W>
	<G(4:)-C(5:) cis W/W>                          MATCHES	<C(8:'BA'754)-G(9:'BA'755) trans S/H>
	<A(3:)-G(6:) trans S/S>                        MATCHES	<A(7:'BA'753)-C(10:'BA'651) cis -/->
	<G(4:)-A(10:) trans S/S>                       MATCHES	<C(8:'BA'754)-G(13:'BA'654) cis W/W>
#  Matched base-stacking interactions: 
	<A(3:)-A(10:) outward>                         MATCHES	<A(7:'BA'753)-G(13:'BA'654) outward>

>>>>>>>>>>   ALIGNMENT ENDS   >>>>>>>>>>

<<<<<<<<<<  ALIGNMENT BEGINS  <<<<<<<<<<

#  Aligning k-turn_consensus and 4ybb_BA:908-916_884-887_18-21:
#  Alignment score:  22.8
#  P-value:  1.000e+00
#  Query aligned region: 3-3,6-9
#  Target aligned region: 5:'BA'914-5:'BA'914,9:'BA'885-9:'BA'885,15:'BA'21-15:'BA'21

	A...G~G
	A...G~G

#  Matched base-pairing interactions: 
	<A(3:)-G(9:) trans H/S>                        MATCHES	<A(5:'BA'914)-G(15:'BA'21) trans H/S>
	<A(3:)-G(6:) trans S/S>                        MATCHES	<A(5:'BA'914)-G(9:'BA'885) cis -/->
#  Matched base-stacking interactions: 

>>>>>>>>>>   ALIGNMENT ENDS   >>>>>>>>>>

<<<<<<<<<<  ALIGNMENT BEGINS  <<<<<<<<<<

#  Aligning k-turn_consensus and 4ybb_BA:1232-1236_1332-1339_942-948:
#  Alignment score:  22.2
#  P-value:  1.000e+00
#  Query aligned region: 3-3,6-9
#  Target aligned region: 3:'BA'1236-3:'BA'1236,6:'BA'1334-6:'BA'1334,15:'BA'945-15:'BA'945

	A...G~G
	A...G~G

#  Matched base-pairing interactions: 
	<A(3:)-G(6:) trans S/S>                        MATCHES	<A(3:'BA'1236)-G(6:'BA'1334) trans S/S>
	<A(3:)-G(9:) trans H/S>                        MATCHES	<A(3:'BA'1236)-G(15:'BA'945) cis W/W>
#  Matched base-stacking interactions: 

>>>>>>>>>>   ALIGNMENT ENDS   >>>>>>>>>>

<<<<<<<<<<  ALIGNMENT BEGINS  <<<<<<<<<<

#  Aligning k-turn_consensus and 4ybb_BA:1159-1175_1086-1098:
#  Alignment score:  22.2
#  P-value:  1.000e+00
#  Query aligned region: 3-3,6-9
#  Target aligned region: 7:'BA'1167-8:'BA'1168,18:'BA'1088-18:'BA'1088

	A...G~G
	A...U~G

#  Matched base-pairing interactions: 
	<A(3:)-G(6:) trans S/S>                        MATCHES	<A(7:'BA'1167)-U(8:'BA'1168) trans S/S>
	<A(3:)-G(9:) trans H/S>                        MATCHES	<A(7:'BA'1167)-G(18:'BA'1088) cis W/S>
#  Matched base-stacking interactions: 

>>>>>>>>>>   ALIGNMENT ENDS   >>>>>>>>>>

<<<<<<<<<<  ALIGNMENT BEGINS  <<<<<<<<<<

#  Aligning k-turn_consensus and 4ybb_BA:854-860_867-873_825-828:
#  Alignment score:  21.8
#  P-value:  1.000e+00
#  Query aligned region: 0-1,11-12
#  Target aligned region: 2:'BA'857-3:'BA'858,16:'BA'828-17:'BA'829

	GG...AC
	CG...UG

#  Matched base-pairing interactions: 
	<G(1:)-A(11:) trans S/H>                       MATCHES	<G(3:'BA'858)-U(16:'BA'828) trans S/H>
	<G(0:)-C(12:) cis W/W>                         MATCHES	<C(2:'BA'857)-G(17:'BA'829) cis W/W>
#  Matched base-stacking interactions: 

>>>>>>>>>>   ALIGNMENT ENDS   >>>>>>>>>>

<<<<<<<<<<  ALIGNMENT BEGINS  <<<<<<<<<<

#  Aligning k-turn_consensus and 4ybb_BA:1344-1349_1371-1376_1377-1380:
#  Alignment score:  20.6
#  P-value:  1.000e+00
#  Query aligned region: 1-1,11-11
#  Target aligned region: 11:'BA'1377-11:'BA'1377,12:'BA'1378-12:'BA'1378

	G...A
	A...C

#  Matched base-pairing interactions: 
	<G(1:)-A(11:) trans S/H>                       MATCHES	<A(11:'BA'1377)-C(12:'BA'1378) trans S/H>
#  Matched base-stacking interactions: 

>>>>>>>>>>   ALIGNMENT ENDS   >>>>>>>>>>

<<<<<<<<<<  ALIGNMENT BEGINS  <<<<<<<<<<

#  Aligning k-turn_consensus and 4ybb_BA:796-797_695-704_684-690:
#  Alignment score:  20.6
#  P-value:  1.000e+00
#  Query aligned region: 1-1,11-11
#  Target aligned region: 9:'BA'703-9:'BA'703,14:'BA'687-14:'BA'687

	G...A
	G...A

#  Matched base-pairing interactions: 
	<G(1:)-A(11:) trans S/H>                       MATCHES	<G(9:'BA'703)-A(14:'BA'687) trans S/H>
#  Matched base-stacking interactions: 

>>>>>>>>>>   ALIGNMENT ENDS   >>>>>>>>>>

<<<<<<<<<<  ALIGNMENT BEGINS  <<<<<<<<<<

#  Aligning k-turn_consensus and 4ybb_BA:361-368_351-356_45-58:
#  Alignment score:  20.4
#  P-value:  1.000e+00
#  Query aligned region: 0-1,11-12
#  Target aligned region: 12:'BA'356-13:'BA'357,23:'BA'55-24:'BA'56

	GG...AC
	AG...AU

#  Matched base-pairing interactions: 
	<G(1:)-A(11:) trans S/H>                       MATCHES	<G(13:'BA'357)-A(23:'BA'55) trans S/H>
	<G(0:)-C(12:) cis W/W>                         MATCHES	<A(12:'BA'356)-U(24:'BA'56) cis W/W>
#  Matched base-stacking interactions: 

>>>>>>>>>>   ALIGNMENT ENDS   >>>>>>>>>>

<<<<<<<<<<  ALIGNMENT BEGINS  <<<<<<<<<<

#  Aligning k-turn_consensus and 4ybb_BA:1086-1098_1159-1175:
#  Alignment score:  20.4
#  P-value:  1.000e+00
#  Query aligned region: 0-1,11-12
#  Target aligned region: 18:'BA'1165-24:'BA'1171

	GG...AC
	UG...AA

#  Matched base-pairing interactions: 
	<G(1:)-A(11:) trans S/H>                       MATCHES	<G(19:'BA'1166)-A(23:'BA'1170) trans S/H>
	<G(0:)-C(12:) cis W/W>                         MATCHES	<U(18:'BA'1165)-A(24:'BA'1171) cis W/W>
#  Matched base-stacking interactions: 

>>>>>>>>>>   ALIGNMENT ENDS   >>>>>>>>>>

<<<<<<<<<<  ALIGNMENT BEGINS  <<<<<<<<<<

#  Aligning k-turn_consensus and 4ybb_BA:739-742_720-732_661-665:
#  Alignment score:  20
#  P-value:  1.000e+00
#  Query aligned region: 0-1,11-12
#  Target aligned region: 3:'BA'743-3:'BA'743,10:'BA'727-13:'BA'730,17:'BA'662-17:'BA'662

	G~G...A~C
	A~G...G~U

#  Matched base-pairing interactions: 
	<G(0:)-C(12:) cis W/W>                         MATCHES	<A(3:'BA'743)-U(17:'BA'662) cis W/W>
	<G(1:)-A(11:) trans S/H>                       MATCHES	<G(10:'BA'727)-G(13:'BA'730) trans S/H>
#  Matched base-stacking interactions: 

>>>>>>>>>>   ALIGNMENT ENDS   >>>>>>>>>>

<<<<<<<<<<  ALIGNMENT BEGINS  <<<<<<<<<<

#  Aligning k-turn_consensus and 4ybb_BA:892-893_276-283_241-246:
#  Alignment score:  19.8
#  P-value:  1.000e+00
#  Query aligned region: 1-1,11-11
#  Target aligned region: 6:'BA'281-6:'BA'281,14:'BA'246-14:'BA'246

	G...A
	G...A

#  Matched base-pairing interactions: 
	<G(1:)-A(11:) trans S/H>                       MATCHES	<G(6:'BA'281)-A(14:'BA'246) trans S/H>
#  Matched base-stacking interactions: 

>>>>>>>>>>   ALIGNMENT ENDS   >>>>>>>>>>

<<<<<<<<<<  ALIGNMENT BEGINS  <<<<<<<<<<

#  Aligning k-turn_consensus and 4ybb_BA:1052-1059_1196-1205:
#  Alignment score:  18.4
#  P-value:  1.000e+00
#  Query aligned region: 0-1,11-12
#  Target aligned region: 4:'BA'1057-5:'BA'1058,13:'BA'1202-14:'BA'1203

	GG...AC
	GG...UC

#  Matched base-pairing interactions: 
	<G(1:)-A(11:) trans S/H>                       MATCHES	<G(5:'BA'1058)-U(13:'BA'1202) trans S/H>
	<G(0:)-C(12:) cis W/W>                         MATCHES	<G(4:'BA'1057)-C(14:'BA'1203) cis W/W>
#  Matched base-stacking interactions: 

>>>>>>>>>>   ALIGNMENT ENDS   >>>>>>>>>>

<<<<<<<<<<  ALIGNMENT BEGINS  <<<<<<<<<<

#  Aligning k-turn_consensus and 4ybb_BA:563-564_299-308_291-296:
#  Alignment score:  18
#  P-value:  1.000e+00
#  Query aligned region: 0-1,11-12
#  Target aligned region: 6:'BA'304-7:'BA'305,12:'BA'292-13:'BA'293

	GG...AC
	UG...GG

#  Matched base-pairing interactions: 
	<G(1:)-A(11:) trans S/H>                       MATCHES	<G(7:'BA'305)-G(12:'BA'292) trans S/H>
	<G(0:)-C(12:) cis W/W>                         MATCHES	<U(6:'BA'304)-G(13:'BA'293) cis W/W>
#  Matched base-stacking interactions: 

>>>>>>>>>>   ALIGNMENT ENDS   >>>>>>>>>>

<<<<<<<<<<  ALIGNMENT BEGINS  <<<<<<<<<<

#  Aligning k-turn_consensus and 4ybb_BA:1273-1277_1281-1287_1248-1260:
#  Alignment score:  17.6
#  P-value:  1.000e+00
#  Query aligned region: 3-3,6-9
#  Target aligned region: 1:'BA'1275-1:'BA'1275,5:'BA'1282-5:'BA'1282,23:'BA'1260-23:'BA'1260

	A...G~G
	A...C~G

#  Matched base-pairing interactions: 
	<A(3:)-G(9:) trans H/S>                        MATCHES	<A(1:'BA'1275)-G(23:'BA'1260) trans H/S>
	<A(3:)-G(6:) trans S/S>                        MATCHES	<A(1:'BA'1275)-C(5:'BA'1282) cis -/->
#  Matched base-stacking interactions: 

>>>>>>>>>>   ALIGNMENT ENDS   >>>>>>>>>>

<<<<<<<<<<  ALIGNMENT BEGINS  <<<<<<<<<<

#  Aligning k-turn_consensus and 4ybb_BA:775-776_712-716_672-676:
#  Alignment score:  16.6
#  P-value:  1.000e+00
#  Query aligned region: 3-3,6-9
#  Target aligned region: 1:'BA'777-1:'BA'777,3:'BA'714-3:'BA'714,11:'BA'677-11:'BA'677

	A...G~G
	A...G~U

#  Matched base-pairing interactions: 
	<A(3:)-G(6:) trans S/S>                        MATCHES	<A(1:'BA'777)-G(3:'BA'714) trans S/S>
	<A(3:)-G(9:) trans H/S>                        MATCHES	<A(1:'BA'777)-U(11:'BA'677) trans S/S>
#  Matched base-stacking interactions: 

>>>>>>>>>>   ALIGNMENT ENDS   >>>>>>>>>>

<<<<<<<<<<  ALIGNMENT BEGINS  <<<<<<<<<<

#  Aligning k-turn_consensus and 4ybb_BA:1097-1103_1079-1086_1070-1076:
#  Alignment score:  16.2
#  P-value:  1.000e+00
#  Query aligned region: 0-1,11-12
#  Target aligned region: 4:'BA'1102-4:'BA'1102,11:'BA'1084-11:'BA'1084,16:'BA'1072-17:'BA'1073

	G~G...AC
	A~G...GU

#  Matched base-pairing interactions: 
	<G(0:)-C(12:) cis W/W>                         MATCHES	<A(4:'BA'1102)-U(17:'BA'1073) cis W/W>
	<G(1:)-A(11:) trans S/H>                       MATCHES	<G(11:'BA'1084)-G(16:'BA'1072) trans S/H>
#  Matched base-stacking interactions: 

>>>>>>>>>>   ALIGNMENT ENDS   >>>>>>>>>>

<<<<<<<<<<  ALIGNMENT BEGINS  <<<<<<<<<<

#  Aligning k-turn_consensus and 4ybb_BA:492-498_403-405_436-440:
#  Alignment score:  15.4
#  P-value:  1.000e+00
#  Query aligned region: 3-3,6-9
#  Target aligned region: 5:'BA'498-5:'BA'498,7:'BA'404-7:'BA'404,12:'BA'439-12:'BA'439

	A...G~G
	A...G~U

#  Matched base-pairing interactions: 
	<A(3:)-G(6:) trans S/S>                        MATCHES	<A(5:'BA'498)-G(7:'BA'404) trans S/S>
	<A(3:)-G(9:) trans H/S>                        MATCHES	<A(5:'BA'498)-U(12:'BA'439) cis W/W>
#  Matched base-stacking interactions: 

>>>>>>>>>>   ALIGNMENT ENDS   >>>>>>>>>>

<<<<<<<<<<  ALIGNMENT BEGINS  <<<<<<<<<<

#  Aligning k-turn_consensus and 4ybb_BA:170-171_93-102_63-73:
#  Alignment score:  15
#  P-value:  1.000e+00
#  Query aligned region: 0-1,11-12
#  Target aligned region: 10:'BA'102-11:'BA'103,14:'BA'66-15:'BA'67

	GG...AC
	GU...AC

#  Matched base-pairing interactions: 
	<G(1:)-A(11:) trans S/H>                       MATCHES	<U(11:'BA'103)-A(14:'BA'66) cis W/W>
	<G(0:)-C(12:) cis W/W>                         MATCHES	<G(10:'BA'102)-C(15:'BA'67) cis W/W>
#  Matched base-stacking interactions: 

>>>>>>>>>>   ALIGNMENT ENDS   >>>>>>>>>>

<<<<<<<<<<  ALIGNMENT BEGINS  <<<<<<<<<<

#  Aligning k-turn_consensus and 4ybb_BA:103-106_368-389_57-63:
#  Alignment score:  14.8
#  P-value:  1.000e+00
#  Query aligned region: 0-1,11-12
#  Target aligned region: 0:'BA'104-0:'BA'104,15:'BA'380-17:'BA'382,31:'BA'63-31:'BA'63

	G~G...A~C
	G~G...A~C

#  Matched base-pairing interactions: 
	<G(0:)-C(12:) cis W/W>                         MATCHES	<G(0:'BA'104)-C(31:'BA'63) cis W/W>
	<G(1:)-A(11:) trans S/H>                       MATCHES	<G(15:'BA'380)-A(17:'BA'382) cis -/->
#  Matched base-stacking interactions: 

>>>>>>>>>>   ALIGNMENT ENDS   >>>>>>>>>>

<<<<<<<<<<  ALIGNMENT BEGINS  <<<<<<<<<<

#  Aligning k-turn_consensus and 4ybb_BA:146-153_167-174_63-68:
#  Alignment score:  14.6
#  P-value:  1.000e+00
#  Query aligned region: 0-1,11-12
#  Target aligned region: 0:'BA'147-1:'BA'148,14:'BA'174-15:'BA'175

	GG...AC
	GG...AC

#  Matched base-pairing interactions: 
	<G(1:)-A(11:) trans S/H>                       MATCHES	<G(1:'BA'148)-A(14:'BA'174) cis W/W>
	<G(0:)-C(12:) cis W/W>                         MATCHES	<G(0:'BA'147)-C(15:'BA'175) cis W/W>
#  Matched base-stacking interactions: 

>>>>>>>>>>   ALIGNMENT ENDS   >>>>>>>>>>

<<<<<<<<<<  ALIGNMENT BEGINS  <<<<<<<<<<

#  Aligning k-turn_consensus and 4ybb_BA:1510-1511_764-768_809-815:
#  Alignment score:  14.6
#  P-value:  1.000e+00
#  Query aligned region: 0-1,11-12
#  Target aligned region: 5:'BA'768-6:'BA'769,7:'BA'810-8:'BA'811

	GG...AC
	AG...CC

#  Matched base-pairing interactions: 
	<G(1:)-A(11:) trans S/H>                       MATCHES	<G(6:'BA'769)-C(7:'BA'810) cis W/W>
	<G(0:)-C(12:) cis W/W>                         MATCHES	<A(5:'BA'768)-C(8:'BA'811) cis W/W>
#  Matched base-stacking interactions: 

>>>>>>>>>>   ALIGNMENT ENDS   >>>>>>>>>>

<<<<<<<<<<  ALIGNMENT BEGINS  <<<<<<<<<<

#  Aligning k-turn_consensus and 4ybb_BA:1281-1282_1268-1278_1254-1265:
#  Alignment score:  14.6
#  P-value:  1.000e+00
#  Query aligned region: 0-1,11-12
#  Target aligned region: 5:'BA'1272-6:'BA'1273,20:'BA'1262-21:'BA'1263

	GG...AC
	GC...CC

#  Matched base-pairing interactions: 
	<G(1:)-A(11:) trans S/H>                       MATCHES	<C(6:'BA'1273)-C(20:'BA'1262) cis W/W>
	<G(0:)-C(12:) cis W/W>                         MATCHES	<G(5:'BA'1272)-C(21:'BA'1263) cis W/W>
#  Matched base-stacking interactions: 

>>>>>>>>>>   ALIGNMENT ENDS   >>>>>>>>>>

<<<<<<<<<<  ALIGNMENT BEGINS  <<<<<<<<<<

#  Aligning k-turn_consensus and 4ybb_BA:1481-1490_1409-1416_887-891:
#  Alignment score:  14.2
#  P-value:  1.000e+00
#  Query aligned region: 0-1,11-12
#  Target aligned region: 4:'BA'1486-5:'BA'1487,13:'BA'1413-14:'BA'1414

	GG...AC
	GG...AU

#  Matched base-pairing interactions: 
	<G(1:)-A(11:) trans S/H>                       MATCHES	<G(5:'BA'1487)-A(13:'BA'1413) cis W/W>
	<G(0:)-C(12:) cis W/W>                         MATCHES	<G(4:'BA'1486)-U(14:'BA'1414) cis W/W>
#  Matched base-stacking interactions: 

>>>>>>>>>>   ALIGNMENT ENDS   >>>>>>>>>>

<<<<<<<<<<  ALIGNMENT BEGINS  <<<<<<<<<<

#  Aligning k-turn_consensus and 4ybb_BA:1189-1196_1106-1108_1059-1067:
#  Alignment score:  14
#  P-value:  1.000e+00
#  Query aligned region: 0-1,11-12
#  Target aligned region: 3:'BA'1193-4:'BA'1194,13:'BA'1062-14:'BA'1063

	GG...AC
	GU...UC

#  Matched base-pairing interactions: 
	<G(1:)-A(11:) trans S/H>                       MATCHES	<U(4:'BA'1194)-U(13:'BA'1062) cis W/W>
	<G(0:)-C(12:) cis W/W>                         MATCHES	<G(3:'BA'1193)-C(14:'BA'1063) cis W/W>
#  Matched base-stacking interactions: 

>>>>>>>>>>   ALIGNMENT ENDS   >>>>>>>>>>

<<<<<<<<<<  ALIGNMENT BEGINS  <<<<<<<<<<

#  Aligning k-turn_consensus and 4ybb_BA:34-36_543-549_493-501:
#  Alignment score:  13.8
#  P-value:  1.000e+00
#  Query aligned region: 0-1,11-12
#  Target aligned region: 4:'BA'545-5:'BA'546,15:'BA'499-16:'BA'500

	GG...AC
	CA...AG

#  Matched base-pairing interactions: 
	<G(1:)-A(11:) trans S/H>                       MATCHES	<A(5:'BA'546)-A(15:'BA'499) cis -/->
	<G(0:)-C(12:) cis W/W>                         MATCHES	<C(4:'BA'545)-G(16:'BA'500) cis W/W>
#  Matched base-stacking interactions: 

>>>>>>>>>>   ALIGNMENT ENDS   >>>>>>>>>>

<<<<<<<<<<  ALIGNMENT BEGINS  <<<<<<<<<<

#  Aligning k-turn_consensus and 4ybb_BA:877-878_579-586_753-760:
#  Alignment score:  13.8
#  P-value:  1.000e+00
#  Query aligned region: 0-1,11-12
#  Target aligned region: 2:'BA'580-3:'BA'581,16:'BA'760-17:'BA'761

	GG...AC
	CG...GG

#  Matched base-pairing interactions: 
	<G(1:)-A(11:) trans S/H>                       MATCHES	<G(3:'BA'581)-G(16:'BA'760) cis -/->
	<G(0:)-C(12:) cis W/W>                         MATCHES	<C(2:'BA'580)-G(17:'BA'761) cis W/W>
#  Matched base-stacking interactions: 

>>>>>>>>>>   ALIGNMENT ENDS   >>>>>>>>>>

<<<<<<<<<<  ALIGNMENT BEGINS  <<<<<<<<<<

#  Aligning k-turn_consensus and 4ybb_BA:1328-1336_1298-1307_1235-1240:
#  Alignment score:  13.8
#  P-value:  1.000e+00
#  Query aligned region: 0-1,11-12
#  Target aligned region: 0:'BA'1329-1:'BA'1330,17:'BA'1307-18:'BA'1308

	GG...AC
	AU...UU

#  Matched base-pairing interactions: 
	<G(1:)-A(11:) trans S/H>                       MATCHES	<U(1:'BA'1330)-U(17:'BA'1307) cis W/W>
	<G(0:)-C(12:) cis W/W>                         MATCHES	<A(0:'BA'1329)-U(18:'BA'1308) cis W/W>
#  Matched base-stacking interactions: 

>>>>>>>>>>   ALIGNMENT ENDS   >>>>>>>>>>

<<<<<<<<<<  ALIGNMENT BEGINS  <<<<<<<<<<

#  Aligning k-turn_consensus and 4ybb_BA:1274-1284_1251-1259_1124-1125:
#  Alignment score:  13.6
#  P-value:  1.000e+00
#  Query aligned region: 0-1,11-12
#  Target aligned region: 9:'BA'1284-10:'BA'1285,11:'BA'1252-12:'BA'1253

	GG...AC
	CA...AG

#  Matched base-pairing interactions: 
	<G(1:)-A(11:) trans S/H>                       MATCHES	<A(10:'BA'1285)-A(11:'BA'1252) trans W/W>
	<G(0:)-C(12:) cis W/W>                         MATCHES	<C(9:'BA'1284)-G(12:'BA'1253) cis W/W>
#  Matched base-stacking interactions: 

>>>>>>>>>>   ALIGNMENT ENDS   >>>>>>>>>>

<<<<<<<<<<  ALIGNMENT BEGINS  <<<<<<<<<<

#  Aligning k-turn_consensus and 4ybb_BA:981-984_953-960_1220-1226:
#  Alignment score:  13.6
#  P-value:  1.000e+00
#  Query aligned region: 0-1,11-12
#  Target aligned region: 4:'BA'954-5:'BA'955,16:'BA'1225-17:'BA'1226

	GG...AC
	GU...AC

#  Matched base-pairing interactions: 
	<G(1:)-A(11:) trans S/H>                       MATCHES	<U(5:'BA'955)-A(16:'BA'1225) cis W/W>
	<G(0:)-C(12:) cis W/W>                         MATCHES	<G(4:'BA'954)-C(17:'BA'1226) cis W/W>
#  Matched base-stacking interactions: 

>>>>>>>>>>   ALIGNMENT ENDS   >>>>>>>>>>

<<<<<<<<<<  ALIGNMENT BEGINS  <<<<<<<<<<

#  Aligning k-turn_consensus and 4ybb_BA:945-950_960-973_1230-1235:
#  Alignment score:  13.6
#  P-value:  1.000e+00
#  Query aligned region: 0-1,11-12
#  Target aligned region: 1:'BA'947-1:'BA'947,9:'BA'964-14:'BA'969,23:'BA'1234-23:'BA'1234

	G~G...A~C
	G~A...A~C

#  Matched base-pairing interactions: 
	<G(0:)-C(12:) cis W/W>                         MATCHES	<G(1:'BA'947)-C(23:'BA'1234) cis W/W>
	<G(1:)-A(11:) trans S/H>                       MATCHES	<A(9:'BA'964)-A(14:'BA'969) cis -/->
#  Matched base-stacking interactions: 

>>>>>>>>>>   ALIGNMENT ENDS   >>>>>>>>>>

<<<<<<<<<<  ALIGNMENT BEGINS  <<<<<<<<<<

#  Aligning k-turn_consensus and 4ybb_BA:449-456_475-482_369-373:
#  Alignment score:  13.4
#  P-value:  1.000e+00
#  Query aligned region: 0-1,11-12
#  Target aligned region: 3:'BA'453-4:'BA'454,10:'BA'478-11:'BA'479

	GG...AC
	GG...AU

#  Matched base-pairing interactions: 
	<G(1:)-A(11:) trans S/H>                       MATCHES	<G(4:'BA'454)-A(10:'BA'478) cis W/W>
	<G(0:)-C(12:) cis W/W>                         MATCHES	<G(3:'BA'453)-U(11:'BA'479) cis W/W>
#  Matched base-stacking interactions: 

>>>>>>>>>>   ALIGNMENT ENDS   >>>>>>>>>>

<<<<<<<<<<  ALIGNMENT BEGINS  <<<<<<<<<<

#  Aligning k-turn_consensus and 4ybb_BA:458-466_200-203_467-473:
#  Alignment score:  13.4
#  P-value:  1.000e+00
#  Query aligned region: 0-1,11-12
#  Target aligned region: 3:'BA'462-3:'BA'462,9:'BA'201-9:'BA'201,14:'BA'469-15:'BA'470

	G~G...AC
	G~G...CC

#  Matched base-pairing interactions: 
	<G(0:)-C(12:) cis W/W>                         MATCHES	<G(3:'BA'462)-C(15:'BA'470) cis W/W>
	<G(1:)-A(11:) trans S/H>                       MATCHES	<G(9:'BA'201)-C(14:'BA'469) cis -/->
#  Matched base-stacking interactions: 

>>>>>>>>>>   ALIGNMENT ENDS   >>>>>>>>>>

<<<<<<<<<<  ALIGNMENT BEGINS  <<<<<<<<<<

#  Aligning k-turn_consensus and 4ybb_BA:908-916_18-21_884-887:
#  Alignment score:  13.4
#  P-value:  1.000e+00
#  Query aligned region: 0-1,11-12
#  Target aligned region: 3:'BA'912-4:'BA'913,12:'BA'22-12:'BA'22,13:'BA'885-13:'BA'885

	GG...A~C
	CA...G~G

#  Matched base-pairing interactions: 
	<G(1:)-A(11:) trans S/H>                       MATCHES	<A(4:'BA'913)-G(12:'BA'22) cis -/->
	<G(0:)-C(12:) cis W/W>                         MATCHES	<C(3:'BA'912)-G(13:'BA'885) cis W/W>
#  Matched base-stacking interactions: 

>>>>>>>>>>   ALIGNMENT ENDS   >>>>>>>>>>

<<<<<<<<<<  ALIGNMENT BEGINS  <<<<<<<<<<

#  Aligning k-turn_consensus and 4ybb_BA:150-151_93-101_66-74:
#  Alignment score:  12.8
#  P-value:  1.000e+00
#  Query aligned region: 0-1,11-12
#  Target aligned region: 3:'BA'95-4:'BA'96,18:'BA'74-19:'BA'75

	GG...AC
	CU...AG

#  Matched base-pairing interactions: 
	<G(1:)-A(11:) trans S/H>                       MATCHES	<U(4:'BA'96)-A(18:'BA'74) cis W/W>
	<G(0:)-C(12:) cis W/W>                         MATCHES	<C(3:'BA'95)-G(19:'BA'75) cis W/W>
#  Matched base-stacking interactions: 

>>>>>>>>>>   ALIGNMENT ENDS   >>>>>>>>>>

<<<<<<<<<<  ALIGNMENT BEGINS  <<<<<<<<<<

#  Aligning k-turn_consensus and 4ybb_BA:313-314_106-112_317-335:
#  Alignment score:  12.4
#  P-value:  1.000e+00
#  Query aligned region: 0-1,11-12
#  Target aligned region: 0:'BA'314-1:'BA'315,7:'BA'112-8:'BA'113

	GG...AC
	CA...GG

#  Matched base-pairing interactions: 
	<G(1:)-A(11:) trans S/H>                       MATCHES	<A(1:'BA'315)-G(7:'BA'112) cis W/W>
	<G(0:)-C(12:) cis W/W>                         MATCHES	<C(0:'BA'314)-G(8:'BA'113) cis W/W>
#  Matched base-stacking interactions: 

>>>>>>>>>>   ALIGNMENT ENDS   >>>>>>>>>>

<<<<<<<<<<  ALIGNMENT BEGINS  <<<<<<<<<<

#  Aligning k-turn_consensus and 4ybb_BA:1016-1017_1011-1015_986-987:
#  Alignment score:  12.2
#  P-value:  1.000e+00
#  Query aligned region: 0-1,11-12
#  Target aligned region: 0:'BA'1017-1:'BA'1018,2:'BA'1012-3:'BA'1013

	GG...AC
	UG...AG

#  Matched base-pairing interactions: 
	<G(1:)-A(11:) trans S/H>                       MATCHES	<G(1:'BA'1018)-A(2:'BA'1012) cis W/W>
	<G(0:)-C(12:) cis W/W>                         MATCHES	<U(0:'BA'1017)-G(3:'BA'1013) cis W/W>
#  Matched base-stacking interactions: 

>>>>>>>>>>   ALIGNMENT ENDS   >>>>>>>>>>

<<<<<<<<<<  ALIGNMENT BEGINS  <<<<<<<<<<

#  Aligning k-turn_consensus and 4ybb_BA:672-676_712-716_775-776:
#  Alignment score:  12.2
#  P-value:  1.000e+00
#  Query aligned region: 0-1,11-12
#  Target aligned region: 0:'BA'673-1:'BA'674,8:'BA'716-9:'BA'717

	GG...AC
	AG...AU

#  Matched base-pairing interactions: 
	<G(1:)-A(11:) trans S/H>                       MATCHES	<G(1:'BA'674)-A(8:'BA'716) cis W/W>
	<G(0:)-C(12:) cis W/W>                         MATCHES	<A(0:'BA'673)-U(9:'BA'717) cis W/W>
#  Matched base-stacking interactions: 

>>>>>>>>>>   ALIGNMENT ENDS   >>>>>>>>>>

<<<<<<<<<<  ALIGNMENT BEGINS  <<<<<<<<<<

#  Aligning k-turn_consensus and 4ybb_BA:1216-1226_954-959_981-987:
#  Alignment score:  12.2
#  P-value:  1.000e+00
#  Query aligned region: 3-3,6-9
#  Target aligned region: 4:'BA'1221-4:'BA'1221,15:'BA'959-15:'BA'959,19:'BA'984-19:'BA'984

	A...G~G
	G...A~C

#  Matched base-pairing interactions: 
	<A(3:)-G(6:) trans S/S>                        MATCHES	<G(4:'BA'1221)-A(15:'BA'959) trans S/S>
	<A(3:)-G(9:) trans H/S>                        MATCHES	<G(4:'BA'1221)-C(19:'BA'984) cis W/W>
#  Matched base-stacking interactions: 

>>>>>>>>>>   ALIGNMENT ENDS   >>>>>>>>>>

<<<<<<<<<<  ALIGNMENT BEGINS  <<<<<<<<<<

#  Aligning k-turn_consensus and 4ybb_BA:622-628_610-616_0-1:
#  Alignment score:  12.2
#  P-value:  1.000e+00
#  Query aligned region: 0-1,11-12
#  Target aligned region: 5:'BA'628-6:'BA'629,7:'BA'611-8:'BA'612

	GG...AC
	GA...CC

#  Matched base-pairing interactions: 
	<G(1:)-A(11:) trans S/H>                       MATCHES	<A(6:'BA'629)-C(7:'BA'611) cis W/W>
	<G(0:)-C(12:) cis W/W>                         MATCHES	<G(5:'BA'628)-C(8:'BA'612) cis W/W>
#  Matched base-stacking interactions: 

>>>>>>>>>>   ALIGNMENT ENDS   >>>>>>>>>>

<<<<<<<<<<  ALIGNMENT BEGINS  <<<<<<<<<<

#  Aligning k-turn_consensus and 4ybb_BA:1311-1318_1322-1326_1262-1271:
#  Alignment score:  12.2
#  P-value:  1.000e+00
#  Query aligned region: 0-1,11-12
#  Target aligned region: 2:'BA'1314-7:'BA'1319,8:'BA'1323-8:'BA'1323

	GG...A~C
	CU...A~G

#  Matched base-pairing interactions: 
	<G(1:)-A(11:) trans S/H>                       MATCHES	<U(3:'BA'1315)-A(7:'BA'1319) trans W/H>
	<G(0:)-C(12:) cis W/W>                         MATCHES	<C(2:'BA'1314)-G(8:'BA'1323) cis W/W>
#  Matched base-stacking interactions: 

>>>>>>>>>>   ALIGNMENT ENDS   >>>>>>>>>>

<<<<<<<<<<  ALIGNMENT BEGINS  <<<<<<<<<<

#  Aligning k-turn_consensus and 4ybb_BA:879-882_572-575_562-571:
#  Alignment score:  12
#  P-value:  1.000e+00
#  Query aligned region: 0-1,11-12
#  Target aligned region: 1:'BA'881-1:'BA'881,5:'BA'574-5:'BA'574,13:'BA'568-14:'BA'569

	G~G...AC
	G~A...GC

#  Matched base-pairing interactions: 
	<G(0:)-C(12:) cis W/W>                         MATCHES	<G(1:'BA'881)-C(14:'BA'569) cis W/W>
	<G(1:)-A(11:) trans S/H>                       MATCHES	<A(5:'BA'574)-G(13:'BA'568) trans S/S>
#  Matched base-stacking interactions: 

>>>>>>>>>>   ALIGNMENT ENDS   >>>>>>>>>>

<<<<<<<<<<  ALIGNMENT BEGINS  <<<<<<<<<<

#  Aligning k-turn_consensus and 4ybb_BA:359-366_43-49_392-398:
#  Alignment score:  11.8
#  P-value:  1.000e+00
#  Query aligned region: 0-1,11-12
#  Target aligned region: 9:'BA'45-10:'BA'46,17:'BA'395-18:'BA'396

	GG...AC
	GG...CC

#  Matched base-pairing interactions: 
	<G(1:)-A(11:) trans S/H>                       MATCHES	<G(10:'BA'46)-C(17:'BA'395) cis W/W>
	<G(0:)-C(12:) cis W/W>                         MATCHES	<G(9:'BA'45)-C(18:'BA'396) cis W/W>
#  Matched base-stacking interactions: 

>>>>>>>>>>   ALIGNMENT ENDS   >>>>>>>>>>

<<<<<<<<<<  ALIGNMENT BEGINS  <<<<<<<<<<

#  Aligning k-turn_consensus and 4ybb_BA:103-106_57-63_368-389:
#  Alignment score:  11.8
#  P-value:  1.000e+00
#  Query aligned region: 0-1,11-12
#  Target aligned region: 2:'BA'106-3:'BA'107,6:'BA'60-7:'BA'61

	GG...AC
	CG...AG

#  Matched base-pairing interactions: 
	<G(1:)-A(11:) trans S/H>                       MATCHES	<G(3:'BA'107)-A(6:'BA'60) cis -/->
	<G(0:)-C(12:) cis W/W>                         MATCHES	<C(2:'BA'106)-G(7:'BA'61) cis W/W>
#  Matched base-stacking interactions: 

>>>>>>>>>>   ALIGNMENT ENDS   >>>>>>>>>>

<<<<<<<<<<  ALIGNMENT BEGINS  <<<<<<<<<<

#  Aligning k-turn_consensus and 4ybb_BA:178-185_139-143_190-197:
#  Alignment score:  11.6
#  P-value:  1.000e+00
#  Query aligned region: 0-1,11-12
#  Target aligned region: 7:'BA'186-7:'BA'186,11:'BA'143-12:'BA'144,13:'BA'191-13:'BA'191

	G~G...A~C
	C~A...G~G

#  Matched base-pairing interactions: 
	<G(0:)-C(12:) cis W/W>                         MATCHES	<C(7:'BA'186)-G(13:'BA'191) cis W/W>
	<G(1:)-A(11:) trans S/H>                       MATCHES	<A(11:'BA'143)-G(12:'BA'144) trans S/H>
#  Matched base-stacking interactions: 

>>>>>>>>>>   ALIGNMENT ENDS   >>>>>>>>>>

<<<<<<<<<<  ALIGNMENT BEGINS  <<<<<<<<<<

#  Aligning k-turn_consensus and 4ybb_BA:905-913_1487-1492_884-890:
#  Alignment score:  11.6
#  P-value:  1.000e+00
#  Query aligned region: 0-1,11-12
#  Target aligned region: 4:'BA'910-4:'BA'910,13:'BA'1492-14:'BA'1493,17:'BA'887-17:'BA'887

	G~G...A~C
	C~A...A~G

#  Matched base-pairing interactions: 
	<G(0:)-C(12:) cis W/W>                         MATCHES	<C(4:'BA'910)-G(17:'BA'887) cis W/W>
	<G(1:)-A(11:) trans S/H>                       MATCHES	<A(13:'BA'1492)-A(14:'BA'1493) cis -/->
#  Matched base-stacking interactions: 

>>>>>>>>>>   ALIGNMENT ENDS   >>>>>>>>>>

<<<<<<<<<<  ALIGNMENT BEGINS  <<<<<<<<<<

#  Aligning k-turn_consensus and 4ybb_BA:516-527_528-535_504-506:
#  Alignment score:  11.6
#  P-value:  1.000e+00
#  Query aligned region: 0-1,11-12
#  Target aligned region: 7:'BA'524-7:'BA'524,14:'BA'531-15:'BA'532,22:'BA'507-22:'BA'507

	G~G...A~C
	G~U...A~C

#  Matched base-pairing interactions: 
	<G(0:)-C(12:) cis W/W>                         MATCHES	<G(7:'BA'524)-C(22:'BA'507) cis W/W>
	<G(1:)-A(11:) trans S/H>                       MATCHES	<U(14:'BA'531)-A(15:'BA'532) trans S/S>
#  Matched base-stacking interactions: 

>>>>>>>>>>   ALIGNMENT ENDS   >>>>>>>>>>

<<<<<<<<<<  ALIGNMENT BEGINS  <<<<<<<<<<

#  Aligning k-turn_consensus and 4ybb_BA:34-36_493-501_543-549:
#  Alignment score:  11.4
#  P-value:  1.000e+00
#  Query aligned region: 0-1,11-12
#  Target aligned region: 1:'BA'36-2:'BA'37,15:'BA'547-16:'BA'548

	GG...AC
	CU...AG

#  Matched base-pairing interactions: 
	<G(1:)-A(11:) trans S/H>                       MATCHES	<U(2:'BA'37)-A(15:'BA'547) cis -/->
	<G(0:)-C(12:) cis W/W>                         MATCHES	<C(1:'BA'36)-G(16:'BA'548) cis W/W>
#  Matched base-stacking interactions: 

>>>>>>>>>>   ALIGNMENT ENDS   >>>>>>>>>>

<<<<<<<<<<  ALIGNMENT BEGINS  <<<<<<<<<<

#  Aligning k-turn_consensus and 4ybb_BA:531-536_514-520_527-530:
#  Alignment score:  11.2
#  P-value:  1.000e+00
#  Query aligned region: 3-3,6-9
#  Target aligned region: 1:'BA'533-3:'BA'535,8:'BA'517-8:'BA'517

	A...G~G
	A...A~G

#  Matched base-pairing interactions: 
	<A(3:)-G(9:) trans H/S>                        MATCHES	<A(1:'BA'533)-G(8:'BA'517) cis -/->
	<A(3:)-G(6:) trans S/S>                        MATCHES	<A(1:'BA'533)-A(3:'BA'535) trans S/S>
#  Matched base-stacking interactions: 

>>>>>>>>>>   ALIGNMENT ENDS   >>>>>>>>>>

<<<<<<<<<<  ALIGNMENT BEGINS  <<<<<<<<<<

#  Aligning k-turn_consensus and 4ybb_BA:202-213:
#  Alignment score:  11.2
#  P-value:  1.000e+00
#  Query aligned region: 0-1,11-12
#  Target aligned region: 4:'BA'207-9:'BA'212

	GG...AC
	CU...GG

#  Matched base-pairing interactions: 
	<G(1:)-A(11:) trans S/H>                       MATCHES	<U(5:'BA'208)-G(8:'BA'211) cis -/->
	<G(0:)-C(12:) cis W/W>                         MATCHES	<C(4:'BA'207)-G(9:'BA'212) cis W/W>
#  Matched base-stacking interactions: 

>>>>>>>>>>   ALIGNMENT ENDS   >>>>>>>>>>

<<<<<<<<<<  ALIGNMENT BEGINS  <<<<<<<<<<

#  Aligning k-turn_consensus and 4ybb_BA:365-373_351-356_386-393:
#  Alignment score:  11.2
#  P-value:  1.000e+00
#  Query aligned region: 0-1,11-12
#  Target aligned region: 3:'BA'369-3:'BA'369,9:'BA'352-13:'BA'356,20:'BA'392-20:'BA'392

	G~G...A~C
	G~C...A~C

#  Matched base-pairing interactions: 
	<G(0:)-C(12:) cis W/W>                         MATCHES	<G(3:'BA'369)-C(20:'BA'392) cis W/W>
	<G(1:)-A(11:) trans S/H>                       MATCHES	<C(9:'BA'352)-A(13:'BA'356) cis -/->
#  Matched base-stacking interactions: 

>>>>>>>>>>   ALIGNMENT ENDS   >>>>>>>>>>

<<<<<<<<<<  ALIGNMENT BEGINS  <<<<<<<<<<

#  Aligning k-turn_consensus and 4ybb_BA:218-222_194-197_140-143:
#  Alignment score:  11.2
#  P-value:  1.000e+00
#  Query aligned region: 0-1,11-12
#  Target aligned region: 0:'BA'219-1:'BA'220,7:'BA'197-8:'BA'198

	GG...AC
	UG...AG

#  Matched base-pairing interactions: 
	<G(1:)-A(11:) trans S/H>                       MATCHES	<G(1:'BA'220)-A(7:'BA'197) cis -/->
	<G(0:)-C(12:) cis W/W>                         MATCHES	<U(0:'BA'219)-G(8:'BA'198) cis W/W>
#  Matched base-stacking interactions: 

>>>>>>>>>>   ALIGNMENT ENDS   >>>>>>>>>>

<<<<<<<<<<  ALIGNMENT BEGINS  <<<<<<<<<<

#  Aligning k-turn_consensus and 4ybb_BA:1344-1349_1377-1380_1371-1376:
#  Alignment score:  11.2
#  P-value:  1.000e+00
#  Query aligned region: 0-1,11-12
#  Target aligned region: 5:'BA'1350-5:'BA'1350,7:'BA'1379-9:'BA'1381,10:'BA'1372-10:'BA'1372

	G~G...A~C
	A~G...U~U

#  Matched base-pairing interactions: 
	<G(0:)-C(12:) cis W/W>                         MATCHES	<A(5:'BA'1350)-U(10:'BA'1372) cis W/W>
	<G(1:)-A(11:) trans S/H>                       MATCHES	<G(7:'BA'1379)-U(9:'BA'1381) cis -/->
#  Matched base-stacking interactions: 

>>>>>>>>>>   ALIGNMENT ENDS   >>>>>>>>>>

<<<<<<<<<<  ALIGNMENT BEGINS  <<<<<<<<<<

#  Aligning k-turn_consensus and 4ybb_BA:37-41_616-622_396-403:
#  Alignment score:  11
#  P-value:  1.000e+00
#  Query aligned region: 0-1,11-12
#  Target aligned region: 1:'BA'39-1:'BA'39,8:'BA'620-8:'BA'620,17:'BA'402-18:'BA'403

	G~G...AC
	G~C...GC

#  Matched base-pairing interactions: 
	<G(0:)-C(12:) cis W/W>                         MATCHES	<G(1:'BA'39)-C(18:'BA'403) cis W/W>
	<G(1:)-A(11:) trans S/H>                       MATCHES	<C(8:'BA'620)-G(17:'BA'402) cis -/->
#  Matched base-stacking interactions: 

>>>>>>>>>>   ALIGNMENT ENDS   >>>>>>>>>>

<<<<<<<<<<  ALIGNMENT BEGINS  <<<<<<<<<<

#  Aligning k-turn_consensus and 4ybb_BA:1464-1472_1427-1436:
#  Alignment score:  11
#  P-value:  1.000e+00
#  Query aligned region: 0-1,11-12
#  Target aligned region: 1:'BA'1466-2:'BA'1467,15:'BA'1434-16:'BA'1435

	GG...AC
	CC...AG

#  Matched base-pairing interactions: 
	<G(1:)-A(11:) trans S/H>                       MATCHES	<C(2:'BA'1467)-A(15:'BA'1434) cis W/W>
	<G(0:)-C(12:) cis W/W>                         MATCHES	<C(1:'BA'1466)-G(16:'BA'1435) cis W/W>
#  Matched base-stacking interactions: 

>>>>>>>>>>   ALIGNMENT ENDS   >>>>>>>>>>

<<<<<<<<<<  ALIGNMENT BEGINS  <<<<<<<<<<

#  Aligning k-turn_consensus and 4ybb_BA:360-372_387-398_43-48:
#  Alignment score:  11
#  P-value:  1.000e+00
#  Query aligned region: 0-1,11-12
#  Target aligned region: 10:'BA'371-11:'BA'372,14:'BA'389-15:'BA'390

	GG...AC
	AC...AU

#  Matched base-pairing interactions: 
	<G(1:)-A(11:) trans S/H>                       MATCHES	<C(11:'BA'372)-A(14:'BA'389) trans W/H>
	<G(0:)-C(12:) cis W/W>                         MATCHES	<A(10:'BA'371)-U(15:'BA'390) cis W/W>
#  Matched base-stacking interactions: 

>>>>>>>>>>   ALIGNMENT ENDS   >>>>>>>>>>

<<<<<<<<<<  ALIGNMENT BEGINS  <<<<<<<<<<

#  Aligning k-turn_consensus and 4ybb_BA:580-585_871-878_754-759:
#  Alignment score:  10.8
#  P-value:  1.000e+00
#  Query aligned region: 0-1,11-12
#  Target aligned region: 3:'BA'584-4:'BA'585,12:'BA'878-12:'BA'878,16:'BA'757-16:'BA'757

	GG...A~C
	GG...A~U

#  Matched base-pairing interactions: 
	<G(0:)-C(12:) cis W/W>                         MATCHES	<G(3:'BA'584)-U(16:'BA'757) cis W/W>
	<G(1:)-A(11:) trans S/H>                       MATCHES	<G(4:'BA'585)-A(12:'BA'878) trans S/S>
#  Matched base-stacking interactions: 

>>>>>>>>>>   ALIGNMENT ENDS   >>>>>>>>>>

<<<<<<<<<<  ALIGNMENT BEGINS  <<<<<<<<<<

#  Aligning k-turn_consensus and 4ybb_BA:408-432:
#  Alignment score:  10.8
#  P-value:  1.000e+00
#  Query aligned region: 0-1,11-12
#  Target aligned region: 10:'BA'419-15:'BA'424

	GG...AC
	CU...GG

#  Matched base-pairing interactions: 
	<G(1:)-A(11:) trans S/H>                       MATCHES	<U(11:'BA'420)-G(14:'BA'423) trans W/W>
	<G(0:)-C(12:) cis W/W>                         MATCHES	<C(10:'BA'419)-G(15:'BA'424) cis W/W>
#  Matched base-stacking interactions: 

>>>>>>>>>>   ALIGNMENT ENDS   >>>>>>>>>>

<<<<<<<<<<  ALIGNMENT BEGINS  <<<<<<<<<<

#  Aligning k-turn_consensus and 4ybb_BA:426-434_407-415:
#  Alignment score:  10.8
#  P-value:  1.000e+00
#  Query aligned region: 0-1,11-12
#  Target aligned region: 0:'BA'427-1:'BA'428,16:'BA'415-17:'BA'416

	GG...AC
	UG...AG

#  Matched base-pairing interactions: 
	<G(1:)-A(11:) trans S/H>                       MATCHES	<G(1:'BA'428)-A(16:'BA'415) trans H/H>
	<G(0:)-C(12:) cis W/W>                         MATCHES	<U(0:'BA'427)-G(17:'BA'416) cis W/W>
#  Matched base-stacking interactions: 

>>>>>>>>>>   ALIGNMENT ENDS   >>>>>>>>>>

<<<<<<<<<<  ALIGNMENT BEGINS  <<<<<<<<<<

#  Aligning k-turn_consensus and 4ybb_BA:1514-1519_1494-1498_1401-1405:
#  Alignment score:  10.6
#  P-value:  1.000e+00
#  Query aligned region: 0-0,12-12
#  Target aligned region: 8:'BA'1497-8:'BA'1497,12:'BA'1404-12:'BA'1404

	G...C
	G...C

#  Matched base-pairing interactions: 
	<G(0:)-C(12:) cis W/W>                         MATCHES	<G(8:'BA'1497)-C(12:'BA'1404) cis W/W>
#  Matched base-stacking interactions: 

>>>>>>>>>>   ALIGNMENT ENDS   >>>>>>>>>>

<<<<<<<<<<  ALIGNMENT BEGINS  <<<<<<<<<<

#  Aligning k-turn_consensus and 4ybb_BA:981-987_1216-1226_954-959:
#  Alignment score:  10.6
#  P-value:  1.000e+00
#  Query aligned region: 0-0,12-12
#  Target aligned region: 6:'BA'988-6:'BA'988,7:'BA'1217-7:'BA'1217

	G...C
	G...C

#  Matched base-pairing interactions: 
	<G(0:)-C(12:) cis W/W>                         MATCHES	<G(6:'BA'988)-C(7:'BA'1217) cis W/W>
#  Matched base-stacking interactions: 

>>>>>>>>>>   ALIGNMENT ENDS   >>>>>>>>>>

<<<<<<<<<<  ALIGNMENT BEGINS  <<<<<<<<<<

#  Aligning k-turn_consensus and 4ybb_BA:607-608_288-295_300-310:
#  Alignment score:  10.6
#  P-value:  1.000e+00
#  Query aligned region: 0-0,12-12
#  Target aligned region: 2:'BA'289-2:'BA'289,20:'BA'311-20:'BA'311

	G...C
	G...C

#  Matched base-pairing interactions: 
	<G(0:)-C(12:) cis W/W>                         MATCHES	<G(2:'BA'289)-C(20:'BA'311) cis W/W>
#  Matched base-stacking interactions: 

>>>>>>>>>>   ALIGNMENT ENDS   >>>>>>>>>>

<<<<<<<<<<  ALIGNMENT BEGINS  <<<<<<<<<<

#  Aligning k-turn_consensus and 4ybb_BA:534-539_510-520_527-532:
#  Alignment score:  10.6
#  P-value:  1.000e+00
#  Query aligned region: 0-0,12-12
#  Target aligned region: 5:'BA'540-5:'BA'540,6:'BA'511-6:'BA'511

	G...C
	G...C

#  Matched base-pairing interactions: 
	<G(0:)-C(12:) cis W/W>                         MATCHES	<G(5:'BA'540)-C(6:'BA'511) cis W/W>
#  Matched base-stacking interactions: 

>>>>>>>>>>   ALIGNMENT ENDS   >>>>>>>>>>

<<<<<<<<<<  ALIGNMENT BEGINS  <<<<<<<<<<

#  Aligning k-turn_consensus and 4ybb_BA:540-548_493-503_403-405:
#  Alignment score:  10.6
#  P-value:  1.000e+00
#  Query aligned region: 0-0,12-12
#  Target aligned region: 0:'BA'541-0:'BA'541,19:'BA'504-19:'BA'504

	G...C
	G...C

#  Matched base-pairing interactions: 
	<G(0:)-C(12:) cis W/W>                         MATCHES	<G(0:'BA'541)-C(19:'BA'504) cis W/W>
#  Matched base-stacking interactions: 

>>>>>>>>>>   ALIGNMENT ENDS   >>>>>>>>>>

<<<<<<<<<<  ALIGNMENT BEGINS  <<<<<<<<<<

#  Aligning k-turn_consensus and 4ybb_BA:482-490_443-449:
#  Alignment score:  10.4
#  P-value:  1.000e+00
#  Query aligned region: 0-1,11-12
#  Target aligned region: 0:'BA'483-1:'BA'484,14:'BA'449-15:'BA'450

	GG...AC
	CG...GG

#  Matched base-pairing interactions: 
	<G(1:)-A(11:) trans S/H>                       MATCHES	<G(1:'BA'484)-G(14:'BA'449) trans W/W>
	<G(0:)-C(12:) cis W/W>                         MATCHES	<C(0:'BA'483)-G(15:'BA'450) cis W/W>
#  Matched base-stacking interactions: 

>>>>>>>>>>   ALIGNMENT ENDS   >>>>>>>>>>

<<<<<<<<<<  ALIGNMENT BEGINS  <<<<<<<<<<

#  Aligning k-turn_consensus and 4ybb_BA:1006-1008_1011-1015_1016-1021:
#  Alignment score:  10.4
#  P-value:  1.000e+00
#  Query aligned region: 0-1,11-12
#  Target aligned region: 2:'BA'1009-2:'BA'1009,4:'BA'1013-5:'BA'1014,11:'BA'1020-11:'BA'1020

	G~G...A~C
	U~G...A~G

#  Matched base-pairing interactions: 
	<G(0:)-C(12:) cis W/W>                         MATCHES	<U(2:'BA'1009)-G(11:'BA'1020) cis W/W>
	<G(1:)-A(11:) trans S/H>                       MATCHES	<G(4:'BA'1013)-A(5:'BA'1014) cis -/->
#  Matched base-stacking interactions: 

>>>>>>>>>>   ALIGNMENT ENDS   >>>>>>>>>>

<<<<<<<<<<  ALIGNMENT BEGINS  <<<<<<<<<<

#  Aligning k-turn_consensus and 4ybb_BA:353-355_56-61_370-390:
#  Alignment score:  10.2
#  P-value:  1.000e+00
#  Query aligned region: 0-1,11-12
#  Target aligned region: 17:'BA'379-22:'BA'384

	GG...AC
	CG...AG

#  Matched base-pairing interactions: 
	<G(1:)-A(11:) trans S/H>                       MATCHES	<G(18:'BA'380)-A(21:'BA'383) cis -/->
	<G(0:)-C(12:) cis W/W>                         MATCHES	<C(17:'BA'379)-G(22:'BA'384) cis W/W>
#  Matched base-stacking interactions: 

>>>>>>>>>>   ALIGNMENT ENDS   >>>>>>>>>>

<<<<<<<<<<  ALIGNMENT BEGINS  <<<<<<<<<<

#  Aligning k-turn_consensus and 4ybb_BA:616-622_396-403_37-41:
#  Alignment score:  10.2
#  P-value:  1.000e+00
#  Query aligned region: 0-1,11-12
#  Target aligned region: 0:'BA'617-6:'BA'623

	GG...AC
	GC...AC

#  Matched base-pairing interactions: 
	<G(1:)-A(11:) trans S/H>                       MATCHES	<C(1:'BA'618)-A(5:'BA'622) trans W/H>
	<G(0:)-C(12:) cis W/W>                         MATCHES	<G(0:'BA'617)-C(6:'BA'623) cis W/W>
#  Matched base-stacking interactions: 

>>>>>>>>>>   ALIGNMENT ENDS   >>>>>>>>>>

<<<<<<<<<<  ALIGNMENT BEGINS  <<<<<<<<<<

#  Aligning k-turn_consensus and 4ybb_BA:1510-1515_1495-1498_1519-1524:
#  Alignment score:  10.2
#  P-value:  1.000e+00
#  Query aligned region: 0-1,11-12
#  Target aligned region: 4:'BA'1515-5:'BA'1517,6:'BA'1496-6:'BA'1496,10:'BA'1520-10:'BA'1520

	GG...A~C
	GG...C~C

#  Matched base-pairing interactions: 
	<G(0:)-C(12:) cis W/W>                         MATCHES	<G(4:'BA'1515)-C(10:'BA'1520) cis W/W>
	<G(1:)-A(11:) trans S/H>                       MATCHES	<G(5:'BA'1517)-C(6:'BA'1496) trans W/S>
#  Matched base-stacking interactions: 

>>>>>>>>>>   ALIGNMENT ENDS   >>>>>>>>>>

<<<<<<<<<<  ALIGNMENT BEGINS  <<<<<<<<<<

#  Aligning k-turn_consensus and 4ybb_BA:386-393_365-373_351-356:
#  Alignment score:  10
#  P-value:  1.000e+00
#  Query aligned region: 0-1,11-12
#  Target aligned region: 6:'BA'393-7:'BA'394,8:'BA'366-9:'BA'367

	GG...AC
	AG...AU

#  Matched base-pairing interactions: 
	<G(1:)-A(11:) trans S/H>                       MATCHES	<G(7:'BA'394)-A(8:'BA'366) cis W/S>
	<G(0:)-C(12:) cis W/W>                         MATCHES	<A(6:'BA'393)-U(9:'BA'367) cis W/W>
#  Matched base-stacking interactions: 

>>>>>>>>>>   ALIGNMENT ENDS   >>>>>>>>>>

<<<<<<<<<<  ALIGNMENT BEGINS  <<<<<<<<<<

#  Aligning k-turn_consensus and 4ybb_BA:1514-1519_1401-1405_1494-1498:
#  Alignment score:  9.8
#  P-value:  1.000e+00
#  Query aligned region: 0-1,11-12
#  Target aligned region: 9:'BA'1405-10:'BA'1406,11:'BA'1495-12:'BA'1496

	GG...AC
	GU...UC

#  Matched base-pairing interactions: 
	<G(1:)-A(11:) trans S/H>                       MATCHES	<U(10:'BA'1406)-U(11:'BA'1495) cis W/W>
	<G(0:)-C(12:) cis W/W>                         MATCHES	<G(9:'BA'1405)-C(12:'BA'1496) cis W/W>
#  Matched base-stacking interactions: 

>>>>>>>>>>   ALIGNMENT ENDS   >>>>>>>>>>

<<<<<<<<<<  ALIGNMENT BEGINS  <<<<<<<<<<

#  Aligning k-turn_consensus and 4ybb_BA:871-878_580-585_754-759:
#  Alignment score:  9.8
#  P-value:  1.000e+00
#  Query aligned region: 0-0,12-12
#  Target aligned region: 13:'BA'586-13:'BA'586,14:'BA'755-14:'BA'755

	G...C
	C...G

#  Matched base-pairing interactions: 
	<G(0:)-C(12:) cis W/W>                         MATCHES	<C(13:'BA'586)-G(14:'BA'755) cis W/W>
#  Matched base-stacking interactions: 

>>>>>>>>>>   ALIGNMENT ENDS   >>>>>>>>>>

<<<<<<<<<<  ALIGNMENT BEGINS  <<<<<<<<<<

#  Aligning k-turn_consensus and 4ybb_BA:1216-1226_981-987_954-959:
#  Alignment score:  9.8
#  P-value:  1.000e+00
#  Query aligned region: 0-0,12-12
#  Target aligned region: 2:'BA'1219-2:'BA'1219,15:'BA'986-15:'BA'986

	G...C
	A...U

#  Matched base-pairing interactions: 
	<G(0:)-C(12:) cis W/W>                         MATCHES	<A(2:'BA'1219)-U(15:'BA'986) cis W/W>
#  Matched base-stacking interactions: 

>>>>>>>>>>   ALIGNMENT ENDS   >>>>>>>>>>

<<<<<<<<<<  ALIGNMENT BEGINS  <<<<<<<<<<

#  Aligning k-turn_consensus and 4ybb_BA:1196-1205_1052-1059:
#  Alignment score:  9.8
#  P-value:  1.000e+00
#  Query aligned region: 0-0,12-12
#  Target aligned region: 0:'BA'1197-0:'BA'1197,17:'BA'1060-17:'BA'1060

	G...C
	A...U

#  Matched base-pairing interactions: 
	<G(0:)-C(12:) cis W/W>                         MATCHES	<A(0:'BA'1197)-U(17:'BA'1060) cis W/W>
#  Matched base-stacking interactions: 

>>>>>>>>>>   ALIGNMENT ENDS   >>>>>>>>>>

<<<<<<<<<<  ALIGNMENT BEGINS  <<<<<<<<<<

#  Aligning k-turn_consensus and 4ybb_BA:650-657_747-754_585-587:
#  Alignment score:  9.8
#  P-value:  1.000e+00
#  Query aligned region: 0-0,12-12
#  Target aligned region: 7:'BA'658-7:'BA'658,8:'BA'748-8:'BA'748

	G...C
	C...G

#  Matched base-pairing interactions: 
	<G(0:)-C(12:) cis W/W>                         MATCHES	<C(7:'BA'658)-G(8:'BA'748) cis W/W>
#  Matched base-stacking interactions: 

>>>>>>>>>>   ALIGNMENT ENDS   >>>>>>>>>>

<<<<<<<<<<  ALIGNMENT BEGINS  <<<<<<<<<<

#  Aligning k-turn_consensus and 4ybb_BA:585-587_650-657_747-754:
#  Alignment score:  9.8
#  P-value:  1.000e+00
#  Query aligned region: 0-0,12-12
#  Target aligned region: 2:'BA'588-2:'BA'588,3:'BA'651-3:'BA'651

	G...C
	G...C

#  Matched base-pairing interactions: 
	<G(0:)-C(12:) cis W/W>                         MATCHES	<G(2:'BA'588)-C(3:'BA'651) cis W/W>
#  Matched base-stacking interactions: 

>>>>>>>>>>   ALIGNMENT ENDS   >>>>>>>>>>

<<<<<<<<<<  ALIGNMENT BEGINS  <<<<<<<<<<

#  Aligning k-turn_consensus and 4ybb_BA:1391-1402_920-923_1496-1503:
#  Alignment score:  9.8
#  P-value:  1.000e+00
#  Query aligned region: 0-0,12-12
#  Target aligned region: 1:'BA'1393-1:'BA'1393,14:'BA'923-14:'BA'923

	G...C
	U...A

#  Matched base-pairing interactions: 
	<G(0:)-C(12:) cis W/W>                         MATCHES	<U(1:'BA'1393)-A(14:'BA'923) cis W/W>
#  Matched base-stacking interactions: 

>>>>>>>>>>   ALIGNMENT ENDS   >>>>>>>>>>

<<<<<<<<<<  ALIGNMENT BEGINS  <<<<<<<<<<

#  Aligning k-turn_consensus and 4ybb_BA:572-575_562-571_879-882:
#  Alignment score:  9.8
#  P-value:  1.000e+00
#  Query aligned region: 0-0,12-12
#  Target aligned region: 8:'BA'567-8:'BA'567,17:'BA'883-17:'BA'883

	G...C
	G...C

#  Matched base-pairing interactions: 
	<G(0:)-C(12:) cis W/W>                         MATCHES	<G(8:'BA'567)-C(17:'BA'883) cis W/W>
#  Matched base-stacking interactions: 

>>>>>>>>>>   ALIGNMENT ENDS   >>>>>>>>>>

<<<<<<<<<<  ALIGNMENT BEGINS  <<<<<<<<<<

#  Aligning k-turn_consensus and 4ybb_BA:962-971_948-952_1227-1232:
#  Alignment score:  9.8
#  P-value:  1.000e+00
#  Query aligned region: 0-0,12-12
#  Target aligned region: 14:'BA'953-14:'BA'953,15:'BA'1228-15:'BA'1228

	G...C
	G...C

#  Matched base-pairing interactions: 
	<G(0:)-C(12:) cis W/W>                         MATCHES	<G(14:'BA'953)-C(15:'BA'1228) cis W/W>
#  Matched base-stacking interactions: 

>>>>>>>>>>   ALIGNMENT ENDS   >>>>>>>>>>

<<<<<<<<<<  ALIGNMENT BEGINS  <<<<<<<<<<

#  Aligning k-turn_consensus and 4ybb_BA:15-17_1078-1082_1073-1077:
#  Alignment score:  9.8
#  P-value:  1.000e+00
#  Query aligned region: 0-0,12-12
#  Target aligned region: 7:'BA'1083-7:'BA'1083,8:'BA'1074-8:'BA'1074

	G...C
	U...G

#  Matched base-pairing interactions: 
	<G(0:)-C(12:) cis W/W>                         MATCHES	<U(7:'BA'1083)-G(8:'BA'1074) cis W/W>
#  Matched base-stacking interactions: 

>>>>>>>>>>   ALIGNMENT ENDS   >>>>>>>>>>

<<<<<<<<<<  ALIGNMENT BEGINS  <<<<<<<<<<

#  Aligning k-turn_consensus and 4ybb_BA:809-811_899-901_896-898:
#  Alignment score:  9.8
#  P-value:  1.000e+00
#  Query aligned region: 0-0,12-12
#  Target aligned region: 5:'BA'902-5:'BA'902,6:'BA'897-6:'BA'897

	G...C
	G...C

#  Matched base-pairing interactions: 
	<G(0:)-C(12:) cis W/W>                         MATCHES	<G(5:'BA'902)-C(6:'BA'897) cis W/W>
#  Matched base-stacking interactions: 

>>>>>>>>>>   ALIGNMENT ENDS   >>>>>>>>>>

<<<<<<<<<<  ALIGNMENT BEGINS  <<<<<<<<<<

#  Aligning k-turn_consensus and 4ybb_BA:650-658_745-754_586-587:
#  Alignment score:  9.8
#  P-value:  1.000e+00
#  Query aligned region: 0-0,12-12
#  Target aligned region: 8:'BA'659-8:'BA'659,9:'BA'746-9:'BA'746

	G...C
	U...A

#  Matched base-pairing interactions: 
	<G(0:)-C(12:) cis W/W>                         MATCHES	<U(8:'BA'659)-A(9:'BA'746) cis W/W>
#  Matched base-stacking interactions: 

>>>>>>>>>>   ALIGNMENT ENDS   >>>>>>>>>>

<<<<<<<<<<  ALIGNMENT BEGINS  <<<<<<<<<<

#  Aligning k-turn_consensus and 4ybb_BA:479-487_445-450_372-373:
#  Alignment score:  9.8
#  P-value:  1.000e+00
#  Query aligned region: 0-0,12-12
#  Target aligned region: 8:'BA'488-8:'BA'488,9:'BA'446-9:'BA'446

	G...C
	C...G

#  Matched base-pairing interactions: 
	<G(0:)-C(12:) cis W/W>                         MATCHES	<C(8:'BA'488)-G(9:'BA'446) cis W/W>
#  Matched base-stacking interactions: 

>>>>>>>>>>   ALIGNMENT ENDS   >>>>>>>>>>

<<<<<<<<<<  ALIGNMENT BEGINS  <<<<<<<<<<

#  Aligning k-turn_consensus and 4ybb_BA:45-58_351-356_361-368:
#  Alignment score:  9
#  P-value:  1.000e+00
#  Query aligned region: 0-0,12-12
#  Target aligned region: 12:'BA'58-12:'BA'58,16:'BA'354-16:'BA'354

	G...C
	C...G

#  Matched base-pairing interactions: 
	<G(0:)-C(12:) cis W/W>                         MATCHES	<C(12:'BA'58)-G(16:'BA'354) cis W/W>
#  Matched base-stacking interactions: 

>>>>>>>>>>   ALIGNMENT ENDS   >>>>>>>>>>

<<<<<<<<<<  ALIGNMENT BEGINS  <<<<<<<<<<

#  Aligning k-turn_consensus and 4ybb_BA:1332-1342_1235-1236_940-945:
#  Alignment score:  9
#  P-value:  1.000e+00
#  Query aligned region: 0-0,12-12
#  Target aligned region: 4:'BA'1337-4:'BA'1337,12:'BA'1237-12:'BA'1237

	G...C
	G...C

#  Matched base-pairing interactions: 
	<G(0:)-C(12:) cis W/W>                         MATCHES	<G(4:'BA'1337)-C(12:'BA'1237) cis W/W>
#  Matched base-stacking interactions: 

>>>>>>>>>>   ALIGNMENT ENDS   >>>>>>>>>>

<<<<<<<<<<  ALIGNMENT BEGINS  <<<<<<<<<<

#  Aligning k-turn_consensus and 4ybb_BA:1332-1342_940-945_1235-1236:
#  Alignment score:  9
#  P-value:  1.000e+00
#  Query aligned region: 0-0,12-12
#  Target aligned region: 7:'BA'1340-7:'BA'1340,13:'BA'943-13:'BA'943

	G...C
	A...U

#  Matched base-pairing interactions: 
	<G(0:)-C(12:) cis W/W>                         MATCHES	<A(7:'BA'1340)-U(13:'BA'943) cis W/W>
#  Matched base-stacking interactions: 

>>>>>>>>>>   ALIGNMENT ENDS   >>>>>>>>>>

<<<<<<<<<<  ALIGNMENT BEGINS  <<<<<<<<<<

#  Aligning k-turn_consensus and 4ybb_BA:317-320_1464-1470_1429-1436:
#  Alignment score:  9
#  P-value:  1.000e+00
#  Query aligned region: 0-0,12-12
#  Target aligned region: 9:'BA'1470-9:'BA'1470,11:'BA'1430-11:'BA'1430

	G...C
	U...A

#  Matched base-pairing interactions: 
	<G(0:)-C(12:) cis W/W>                         MATCHES	<U(9:'BA'1470)-A(11:'BA'1430) cis W/W>
#  Matched base-stacking interactions: 

>>>>>>>>>>   ALIGNMENT ENDS   >>>>>>>>>>

<<<<<<<<<<  ALIGNMENT BEGINS  <<<<<<<<<<

#  Aligning k-turn_consensus and 4ybb_BA:294-296_24-31_551-560:
#  Alignment score:  9
#  P-value:  1.000e+00
#  Query aligned region: 0-0,12-12
#  Target aligned region: 10:'BA'32-10:'BA'32,11:'BA'552-11:'BA'552

	G...C
	A...U

#  Matched base-pairing interactions: 
	<G(0:)-C(12:) cis W/W>                         MATCHES	<A(10:'BA'32)-U(11:'BA'552) cis W/W>
#  Matched base-stacking interactions: 

>>>>>>>>>>   ALIGNMENT ENDS   >>>>>>>>>>

<<<<<<<<<<  ALIGNMENT BEGINS  <<<<<<<<<<

#  Aligning k-turn_consensus and 4ybb_BA:1235-1240_1330-1336_1294-1304:
#  Alignment score:  8.8
#  P-value:  1.000e+00
#  Query aligned region: 0-1,11-12
#  Target aligned region: 5:'BA'1241-5:'BA'1241,10:'BA'1335-11:'BA'1336,14:'BA'1296-14:'BA'1296

	G~G...A~C
	G~U...C~C

#  Matched base-pairing interactions: 
	<G(0:)-C(12:) cis W/W>                         MATCHES	<G(5:'BA'1241)-C(14:'BA'1296) cis W/W>
	<G(1:)-A(11:) trans S/H>                       MATCHES	<U(10:'BA'1335)-C(11:'BA'1336) trans S/S>
#  Matched base-stacking interactions: 

>>>>>>>>>>   ALIGNMENT ENDS   >>>>>>>>>>

<<<<<<<<<<  ALIGNMENT BEGINS  <<<<<<<<<<

#  Aligning k-turn_consensus and 4ybb_BA:492-498_436-440_403-405:
#  Alignment score:  8.2
#  P-value:  1.000e+00
#  Query aligned region: 0-0,12-12
#  Target aligned region: 4:'BA'497-4:'BA'497,10:'BA'440-10:'BA'440

	G...C
	G...C

#  Matched base-pairing interactions: 
	<G(0:)-C(12:) cis W/W>                         MATCHES	<G(4:'BA'497)-C(10:'BA'440) cis W/W>
#  Matched base-stacking interactions: 

>>>>>>>>>>   ALIGNMENT ENDS   >>>>>>>>>>

<<<<<<<<<<  ALIGNMENT BEGINS  <<<<<<<<<<

#  Aligning k-turn_consensus and 4ybb_BA:1043-1045_993-996_991-992:
#  Alignment score:  7.4
#  P-value:  1.000e+00
#  Query aligned region: 0-0,12-12
#  Target aligned region: 0:'BA'1044-0:'BA'1044,6:'BA'997-6:'BA'997

	G...C
	A...U

#  Matched base-pairing interactions: 
	<G(0:)-C(12:) cis W/W>                         MATCHES	<A(0:'BA'1044)-U(6:'BA'997) cis W/W>
#  Matched base-stacking interactions: 

>>>>>>>>>>   ALIGNMENT ENDS   >>>>>>>>>>

<<<<<<<<<<  ALIGNMENT BEGINS  <<<<<<<<<<

#  Aligning k-turn_consensus and 4ybb_BA:835-850:
#  Alignment score:  5
#  P-value:  1.000e+00
#  Query aligned region: 0-0,12-12
#  Target aligned region: 4:'BA'840-10:'BA'846

	G...C
	C...G

#  Matched base-pairing interactions: 
	<G(0:)-C(12:) cis W/W>                         MATCHES	<C(4:'BA'840)-G(10:'BA'846) cis W/W>
#  Matched base-stacking interactions: 

>>>>>>>>>>   ALIGNMENT ENDS   >>>>>>>>>>

<<<<<<<<<<  ALIGNMENT BEGINS  <<<<<<<<<<

#  Aligning k-turn_consensus and 4ybb_BA:137-142_219-225:
#  Alignment score:  4.5
#  P-value:  1.000e+00
#  Query aligned region: 
#  Target aligned region: 

	
	

#  Matched base-pairing interactions: 
#  Matched base-stacking interactions: 

>>>>>>>>>>   ALIGNMENT ENDS   >>>>>>>>>>

<<<<<<<<<<  ALIGNMENT BEGINS  <<<<<<<<<<

#  Aligning k-turn_consensus and 4ybb_BA:1519-1524_1495-1498_1510-1515:
#  Alignment score:  4.3
#  P-value:  1.000e+00
#  Query aligned region: 
#  Target aligned region: 

	
	

#  Matched base-pairing interactions: 
#  Matched base-stacking interactions: 

>>>>>>>>>>   ALIGNMENT ENDS   >>>>>>>>>>

<<<<<<<<<<  ALIGNMENT BEGINS  <<<<<<<<<<

#  Aligning k-turn_consensus and 4ybb_BA:1519-1524_1510-1515_1495-1498:
#  Alignment score:  4.2
#  P-value:  1.000e+00
#  Query aligned region: 
#  Target aligned region: 

	
	

#  Matched base-pairing interactions: 
#  Matched base-stacking interactions: 

>>>>>>>>>>   ALIGNMENT ENDS   >>>>>>>>>>

<<<<<<<<<<  ALIGNMENT BEGINS  <<<<<<<<<<

#  Aligning k-turn_consensus and 4ybb_BA:1510-1515_1519-1524_1495-1498:
#  Alignment score:  4
#  P-value:  1.000e+00
#  Query aligned region: 
#  Target aligned region: 

	
	

#  Matched base-pairing interactions: 
#  Matched base-stacking interactions: 

>>>>>>>>>>   ALIGNMENT ENDS   >>>>>>>>>>

<<<<<<<<<<  ALIGNMENT BEGINS  <<<<<<<<<<

#  Aligning k-turn_consensus and 4ybb_BA:143-146_174-178:
#  Alignment score:  4
#  P-value:  1.000e+00
#  Query aligned region: 
#  Target aligned region: 

	
	

#  Matched base-pairing interactions: 
#  Matched base-stacking interactions: 

>>>>>>>>>>   ALIGNMENT ENDS   >>>>>>>>>>

<<<<<<<<<<  ALIGNMENT BEGINS  <<<<<<<<<<

#  Aligning k-turn_consensus and 4ybb_BA:219-225_137-142:
#  Alignment score:  3.4
#  P-value:  1.000e+00
#  Query aligned region: 
#  Target aligned region: 

	
	

#  Matched base-pairing interactions: 
#  Matched base-stacking interactions: 

>>>>>>>>>>   ALIGNMENT ENDS   >>>>>>>>>>

<<<<<<<<<<  ALIGNMENT BEGINS  <<<<<<<<<<

#  Aligning k-turn_consensus and 4ybb_BA:174-178_143-146:
#  Alignment score:  2.4
#  P-value:  1.000e+00
#  Query aligned region: 
#  Target aligned region: 

	
	

#  Matched base-pairing interactions: 
#  Matched base-stacking interactions: 

>>>>>>>>>>   ALIGNMENT ENDS   >>>>>>>>>>

