$ /home/s081p868/scratch/RNAMotifScanX-release/bin/scan /home/s081p868/scratch/RNAMotifScanX-release/models/sarcin-ricin_consensus.struct /rfs/poseidon_share/s081p868/RNAMotifScanX_nr/rmsx_work_default/3f4h/X/3f4h_X.rmsx.in --map_pdb=/rfs/poseidon_share/s081p868/RNAMotifScanX_nr/rmsx_work_default/3f4h/X/3f4h_X.rmsx.nch --pvalue 1.0 --num_threads 8 --write_alignment
<<<<<<<<<<  ALIGNMENT BEGINS  <<<<<<<<<<

#  Aligning sarcin-ricin_consensus and 3f4h_X:9-14_26-27_30-31:
#  Alignment score:  19.6
#  P-value:  1.000e+00
#  Query aligned region: 0-4,5-8
#  Target aligned region: 1:X11-5:X15,6:X27-7:X28,8:X31-9:X32

	UAGUA...GA~AC
	GGCAG...CG~CG

#  Matched base-pairing interactions: 
	<G(2:)-U(3:) cis S/H>                          MATCHES	<C(3:X13)-A(4:X14) cis S/H>
	<A(4:)-G(5:) trans H/S>                        MATCHES	<G(5:X15)-C(6:X27) cis W/W>
	<U(3:)-A(6:) trans W/H>                        MATCHES	<A(4:X14)-G(7:X28) trans H/S>
	<A(1:)-A(7:) trans H/H>                        MATCHES	<G(2:X12)-C(8:X31) cis S/S>
	<U(0:)-C(8:) trans S/H>                        MATCHES	<G(1:X11)-G(9:X32) cis S/S>
#  Matched base-stacking interactions: 

>>>>>>>>>>   ALIGNMENT ENDS   >>>>>>>>>>

<<<<<<<<<<  ALIGNMENT BEGINS  <<<<<<<<<<

#  Aligning sarcin-ricin_consensus and 3f4h_X:30-31_9-14_26-27:
#  Alignment score:  14.2
#  P-value:  1.000e+00
#  Query aligned region: 4-4,5-5
#  Target aligned region: 6:X14-6:X14,9:X28-9:X28

	A...G
	A...G

#  Matched base-pairing interactions: 
	<A(4:)-G(5:) trans H/S>                        MATCHES	<A(6:X14)-G(9:X28) trans H/S>
#  Matched base-stacking interactions: 

>>>>>>>>>>   ALIGNMENT ENDS   >>>>>>>>>>

<<<<<<<<<<  ALIGNMENT BEGINS  <<<<<<<<<<

#  Aligning sarcin-ricin_consensus and 3f4h_X:31-44:
#  Alignment score:  3.8
#  P-value:  1.000e+00
#  Query aligned region: 0-0,8-8
#  Target aligned region: 6:X38-7:X39

	U...C
	A...U

#  Matched base-pairing interactions: 
	<U(0:)-C(8:) trans S/H>                        MATCHES	<A(6:X38)-U(7:X39) cis -/->
#  Matched base-stacking interactions: 

>>>>>>>>>>   ALIGNMENT ENDS   >>>>>>>>>>

