$ /home/s081p868/scratch/RNAMotifScanX-release/bin/scan /home/s081p868/scratch/RNAMotifScanX-release/models/e-loop_consensus.struct /rfs/poseidon_share/s081p868/RNAMotifScanX_nr/rmsx_work_default/1y0q/A/1y0q_A.rmsx.in --map_pdb=/rfs/poseidon_share/s081p868/RNAMotifScanX_nr/rmsx_work_default/1y0q/A/1y0q_A.rmsx.nch --pvalue 1.0 --num_threads 8 --write_alignment
<<<<<<<<<<  ALIGNMENT BEGINS  <<<<<<<<<<

#  Aligning Eloop_consensus and 1y0q_A:131-134_100-103_115-118:
#  Alignment score:  47.8
#  P-value:  1.869e-02
#  Query aligned region: 0-2,3-5
#  Target aligned region: 1:A156-3:A158,5:A125-5:A125,9:A140-10:A141

	GAG...G~UA
	GAA...U~UA

#  Matched base-pairing interactions: 
	<A(1:)-U(4:) trans H/W>                        MATCHES	<A(2:A157)-U(9:A140) trans H/W>
	<G(2:)-G(3:) trans H/S>                        MATCHES	<A(3:A158)-U(5:A125) cis W/W>
	<G(0:)-A(5:) trans S/H>                        MATCHES	<G(1:A156)-A(10:A141) trans S/H>
#  Matched base-stacking interactions: 

>>>>>>>>>>   ALIGNMENT ENDS   >>>>>>>>>>

<<<<<<<<<<  ALIGNMENT BEGINS  <<<<<<<<<<

#  Aligning Eloop_consensus and 1y0q_A:58-62_44-47:
#  Alignment score:  25.8
#  P-value:  9.126e-02
#  Query aligned region: 0-2,3-5
#  Target aligned region: 0:A82-2:A84,6:A54-8:A56

	GAG...GUA
	AAU...GAA

#  Matched base-pairing interactions: 
	<G(2:)-G(3:) trans H/S>                        MATCHES	<U(2:A84)-G(6:A54) cis W/W>
	<A(1:)-U(4:) trans H/W>                        MATCHES	<A(1:A83)-A(7:A55) trans H/S>
	<G(0:)-A(5:) trans S/H>                        MATCHES	<A(0:A82)-A(8:A56) trans S/H>
#  Matched base-stacking interactions: 

>>>>>>>>>>   ALIGNMENT ENDS   >>>>>>>>>>

<<<<<<<<<<  ALIGNMENT BEGINS  <<<<<<<<<<

#  Aligning Eloop_consensus and 1y0q_A:106-111:
#  Alignment score:  23.8
#  P-value:  1.152e-01
#  Query aligned region: 0-0,5-5
#  Target aligned region: 1:A131-4:A134

	G...A
	G...A

#  Matched base-pairing interactions: 
	<G(0:)-A(5:) trans S/H>                        MATCHES	<G(1:A131)-A(4:A134) trans S/H>
#  Matched base-stacking interactions: 

>>>>>>>>>>   ALIGNMENT ENDS   >>>>>>>>>>

<<<<<<<<<<  ALIGNMENT BEGINS  <<<<<<<<<<

#  Aligning Eloop_consensus and 1y0q_A:64-67_91-93_38-42:
#  Alignment score:  23.8
#  P-value:  1.152e-01
#  Query aligned region: 2-2,3-3
#  Target aligned region: 0:A88-0:A88,6:A117-6:A117

	G...G
	G...G

#  Matched base-pairing interactions: 
	<G(2:)-G(3:) trans H/S>                        MATCHES	<G(0:A88)-G(6:A117) trans H/S>
#  Matched base-stacking interactions: 

>>>>>>>>>>   ALIGNMENT ENDS   >>>>>>>>>>

<<<<<<<<<<  ALIGNMENT BEGINS  <<<<<<<<<<

#  Aligning Eloop_consensus and 1y0q_A:133-138_67-69_35-38:
#  Alignment score:  22.2
#  P-value:  1.418e-01
#  Query aligned region: 1-2,3-4
#  Target aligned region: 2:A159-2:A159,7:A92-8:A93,10:A45-10:A45

	A~G...G~U
	A~U...A~U

#  Matched base-pairing interactions: 
	<A(1:)-U(4:) trans H/W>                        MATCHES	<A(2:A159)-U(10:A45) trans H/W>
	<G(2:)-G(3:) trans H/S>                        MATCHES	<U(7:A92)-A(8:A93) cis S/H>
#  Matched base-stacking interactions: 

>>>>>>>>>>   ALIGNMENT ENDS   >>>>>>>>>>

<<<<<<<<<<  ALIGNMENT BEGINS  <<<<<<<<<<

#  Aligning Eloop_consensus and 1y0q_A:99-102_161-164_94-95:
#  Alignment score:  15
#  P-value:  5.529e-01
#  Query aligned region: 1-2,3-4
#  Target aligned region: 0:A123-1:A124,6:A187-6:A187,9:A119-9:A119

	AG...G~U
	AC...A~A

#  Matched base-pairing interactions: 
	<A(1:)-U(4:) trans H/W>                        MATCHES	<A(0:A123)-A(9:A119) trans H/W>
	<G(2:)-G(3:) trans H/S>                        MATCHES	<C(1:A124)-A(6:A187) trans H/W>
#  Matched base-stacking interactions: 

>>>>>>>>>>   ALIGNMENT ENDS   >>>>>>>>>>

<<<<<<<<<<  ALIGNMENT BEGINS  <<<<<<<<<<

#  Aligning Eloop_consensus and 1y0q_A:35-38_133-138_67-69:
#  Alignment score:  6.6
#  P-value:  1.000e+00
#  Query aligned region: 0-2,3-5
#  Target aligned region: 2:A46-3:A47,4:A157-5:A158,10:A91-11:A92

	GA~G...G~UA
	AA~A...A~CU

#  Matched base-pairing interactions: 
	<A(1:)-U(4:) trans H/W>                        MATCHES	<A(3:A47)-C(10:A91) cis S/S>
	<G(2:)-G(3:) trans H/S>                        MATCHES	<A(4:A157)-A(5:A158) cis -/->
	<G(0:)-A(5:) trans S/H>                        MATCHES	<A(2:A46)-U(11:A92) cis -/->
#  Matched base-stacking interactions: 

>>>>>>>>>>   ALIGNMENT ENDS   >>>>>>>>>>

<<<<<<<<<<  ALIGNMENT BEGINS  <<<<<<<<<<

# scan failed rc=-11
