$ /home/s081p868/scratch/RNAMotifScanX-release/bin/scan /home/s081p868/scratch/RNAMotifScanX-release/models/reverse-kturn_consensus.struct /rfs/poseidon_share/s081p868/RNAMotifScanX_nr/rmsx_work_default/1y0q/A/1y0q_A.rmsx.in --map_pdb=/rfs/poseidon_share/s081p868/RNAMotifScanX_nr/rmsx_work_default/1y0q/A/1y0q_A.rmsx.nch --pvalue 1.0 --num_threads 8 --write_alignment
<<<<<<<<<<  ALIGNMENT BEGINS  <<<<<<<<<<

#  Aligning reverse-kturn_conseusns and 1y0q_A:106-111:
#  Alignment score:  33.6
#  P-value:  1.011e-01
#  Query aligned region: 0-1,9-10
#  Target aligned region: 0:A130-5:A135

	GG...AC
	CG...AG

#  Matched base-pairing interactions: 
	<G(1:)-A(9:) trans S/H>                        MATCHES	<G(1:A131)-A(4:A134) trans S/H>
	<G(0:)-C(10:) cis W/W>                         MATCHES	<C(0:A130)-G(5:A135) cis W/W>
#  Matched base-stacking interactions: 

>>>>>>>>>>   ALIGNMENT ENDS   >>>>>>>>>>

<<<<<<<<<<  ALIGNMENT BEGINS  <<<<<<<<<<

#  Aligning reverse-kturn_conseusns and 1y0q_A:165-168_127-134_115-123:
#  Alignment score:  33.2
#  P-value:  1.053e-01
#  Query aligned region: 0-2,8-10
#  Target aligned region: 8:A155-10:A157,13:A140-15:A142

	GGA...AAC
	CGA...UAG

#  Matched base-pairing interactions: 
	<A(2:)-A(8:) trans H/H>                        MATCHES	<A(10:A157)-U(13:A140) trans H/W>
	<G(1:)-A(9:) trans S/H>                        MATCHES	<G(9:A156)-A(14:A141) trans S/H>
	<G(0:)-C(10:) cis W/W>                         MATCHES	<C(8:A155)-G(15:A142) cis W/W>
#  Matched base-stacking interactions: 

>>>>>>>>>>   ALIGNMENT ENDS   >>>>>>>>>>

<<<<<<<<<<  ALIGNMENT BEGINS  <<<<<<<<<<

#  Aligning reverse-kturn_conseusns and 1y0q_A:190-194_216-223_173-176:
#  Alignment score:  30.4
#  P-value:  1.436e-01
#  Query aligned region: 0-3,4-10
#  Target aligned region: 0:A214-4:A218,5:A240-11:A246,15:A199-15:A199

	GGA-G...C-ACAAA~C
	AGAAG...CGUAACA~U

#  Matched base-pairing interactions: 
	<G(3:)-C(4:) cis W/W>                          MATCHES	<G(4:A218)-C(5:A240) cis W/W>
	<A(2:)-A(8:) trans H/H>                        MATCHES	<A(2:A216)-C(10:A245) trans H/H>
	<G(0:)-C(10:) cis W/W>                         MATCHES	<A(0:A214)-U(15:A199) cis W/W>
	<G(1:)-A(9:) trans S/H>                        MATCHES	<G(1:A215)-A(11:A246) cis W/W>
#  Matched base-stacking interactions: 

>>>>>>>>>>   ALIGNMENT ENDS   >>>>>>>>>>

<<<<<<<<<<  ALIGNMENT BEGINS  <<<<<<<<<<

#  Aligning reverse-kturn_conseusns and 1y0q_A:45-61:
#  Alignment score:  26.6
#  P-value:  2.408e-01
#  Query aligned region: 0-2,8-10
#  Target aligned region: 0:A54-15:A84

	GGA...AAC
	GAA...AAU

#  Matched base-pairing interactions: 
	<A(2:)-A(8:) trans H/H>                        MATCHES	<A(2:A56)-A(13:A82) trans H/S>
	<G(1:)-A(9:) trans S/H>                        MATCHES	<A(1:A55)-A(14:A83) trans S/H>
	<G(0:)-C(10:) cis W/W>                         MATCHES	<G(0:A54)-U(15:A84) cis W/W>
#  Matched base-stacking interactions: 

>>>>>>>>>>   ALIGNMENT ENDS   >>>>>>>>>>

<<<<<<<<<<  ALIGNMENT BEGINS  <<<<<<<<<<

#  Aligning reverse-kturn_conseusns and 1y0q_A:90-93_63-68_38-43:
#  Alignment score:  12.9
#  P-value:  1.000e+00
#  Query aligned region: 0-1,9-10
#  Target aligned region: 2:A116-3:A117,5:A88-7:A90

	GG...A-C
	UG...GAG

#  Matched base-pairing interactions: 
	<G(0:)-C(10:) cis W/W>                         MATCHES	<U(2:A116)-G(7:A90) cis W/W>
	<G(1:)-A(9:) trans S/H>                        MATCHES	<G(3:A117)-G(5:A88) trans S/H>
#  Matched base-stacking interactions: 

>>>>>>>>>>   ALIGNMENT ENDS   >>>>>>>>>>

<<<<<<<<<<  ALIGNMENT BEGINS  <<<<<<<<<<

#  Aligning reverse-kturn_conseusns and 1y0q_A:63-68_90-93_38-43:
#  Alignment score:  10.6
#  P-value:  1.000e+00
#  Query aligned region: 2-3,4-8
#  Target aligned region: 4:A91-5:A92,6:A114-6:A114,10:A47-10:A47

	AG...C~A
	CU...A~A

#  Matched base-pairing interactions: 
	<G(3:)-C(4:) cis W/W>                          MATCHES	<U(5:A92)-A(6:A114) cis W/W>
	<A(2:)-A(8:) trans H/H>                        MATCHES	<C(4:A91)-A(10:A47) cis S/S>
#  Matched base-stacking interactions: 

>>>>>>>>>>   ALIGNMENT ENDS   >>>>>>>>>>

