$ /home/s081p868/scratch/RNAMotifScanX-release/bin/scan /home/s081p868/scratch/RNAMotifScanX-release/models/sarcin-ricin_consensus.struct /rfs/poseidon_share/s081p868/RNAMotifScanX_nr/rmsx_work_default/4v6y/A3/4v6y_A3.rmsx.in --map_pdb=/rfs/poseidon_share/s081p868/RNAMotifScanX_nr/rmsx_work_default/4v6y/A3/4v6y_A3.rmsx.nch --pvalue 1.0 --num_threads 16 --write_alignment
<<<<<<<<<<  ALIGNMENT BEGINS  <<<<<<<<<<

#  Aligning sarcin-ricin_consensus and 4v6y_A3:45-48_21-23_8-14:
#  Alignment score:  15
#  P-value:  1.000e+00
#  Query aligned region: 0-1,7-8
#  Target aligned region: 0:'A3'46-0:'A3'46,6:'A3'24-6:'A3'24,7:'A3'9-8:'A3'10

	U~A...AC
	G~C...GG

#  Matched base-pairing interactions: 
	<U(0:)-C(8:) trans S/H>                        MATCHES	<G(0:'A3'46)-G(8:'A3'10) cis S/H>
	<A(1:)-A(7:) trans H/H>                        MATCHES	<C(6:'A3'24)-G(7:'A3'9) trans H/H>
#  Matched base-stacking interactions: 

>>>>>>>>>>   ALIGNMENT ENDS   >>>>>>>>>>

<<<<<<<<<<  ALIGNMENT BEGINS  <<<<<<<<<<

#  Aligning sarcin-ricin_consensus and 4v6y_A3:42-46_8-12_21-29:
#  Alignment score:  14.6
#  P-value:  1.000e+00
#  Query aligned region: 0-3,6-8
#  Target aligned region: 1:'A3'44-3:'A3'46,6:'A3'10-6:'A3'10,14:'A3'26-16:'A3'28

	UAG~U...AAC
	AAG~G...CGU

#  Matched base-pairing interactions: 
	<G(2:)-U(3:) cis S/H>                          MATCHES	<G(3:'A3'46)-G(6:'A3'10) cis S/H>
	<A(1:)-A(7:) trans H/H>                        MATCHES	<A(2:'A3'45)-G(15:'A3'27) cis W/W>
	<U(3:)-A(6:) trans W/H>                        MATCHES	<G(6:'A3'10)-C(14:'A3'26) cis W/W>
	<U(0:)-C(8:) trans S/H>                        MATCHES	<A(1:'A3'44)-U(16:'A3'28) cis W/W>
#  Matched base-stacking interactions: 

>>>>>>>>>>   ALIGNMENT ENDS   >>>>>>>>>>

