$ /home/s081p868/scratch/RNAMotifScanX-release/bin/scan /home/s081p868/scratch/RNAMotifScanX-release/models/e-loop_consensus.struct /rfs/poseidon_share/s081p868/RNAMotifScanX_nr/rmsx_work_default/4lvv/A/4lvv_A.rmsx.in --map_pdb=/rfs/poseidon_share/s081p868/RNAMotifScanX_nr/rmsx_work_default/4lvv/A/4lvv_A.rmsx.nch --pvalue 1.0 --num_threads 8 --write_alignment
<<<<<<<<<<  ALIGNMENT BEGINS  <<<<<<<<<<

#  Aligning Eloop_consensus and 4lvv_A:76-78_34-36_5-8:
#  Alignment score:  26.8
#  P-value:  9.173e-02
#  Query aligned region: 0-2,3-5
#  Target aligned region: 1:A78-1:A78,4:A36-5:A37,6:A6-8:A8

	G~AG...GUA
	G~GG...GUA

#  Matched base-pairing interactions: 
	<G(2:)-G(3:) trans H/S>                        MATCHES	<G(5:A37)-G(6:A6) cis -/->
	<G(0:)-A(5:) trans S/H>                        MATCHES	<G(1:A78)-A(8:A8) trans S/H>
	<A(1:)-U(4:) trans H/W>                        MATCHES	<G(4:A36)-U(7:A7) cis -/->
#  Matched base-stacking interactions: 

>>>>>>>>>>   ALIGNMENT ENDS   >>>>>>>>>>

<<<<<<<<<<  ALIGNMENT BEGINS  <<<<<<<<<<

#  Aligning Eloop_consensus and 4lvv_A:41-43_5-7_33-36:
#  Alignment score:  6.6
#  P-value:  1.000e+00
#  Query aligned region: 1-1,4-4
#  Target aligned region: 0:A42-0:A42,7:A35-7:A35

	A...U
	U...U

#  Matched base-pairing interactions: 
	<A(1:)-U(4:) trans H/W>                        MATCHES	<U(0:A42)-U(7:A35) trans H/W>
#  Matched base-stacking interactions: 

>>>>>>>>>>   ALIGNMENT ENDS   >>>>>>>>>>

<<<<<<<<<<  ALIGNMENT BEGINS  <<<<<<<<<<

#  Aligning Eloop_consensus and 4lvv_A:64-68_53-56_21-23:
#  Alignment score:  6.1
#  P-value:  1.000e+00
#  Query aligned region: 0-2,3-5
#  Target aligned region: 4:A69-4:A69,6:A55-8:A57,10:A23-11:A24

	G~AG...G~UA
	U~AA...G~AG

#  Matched base-pairing interactions: 
	<G(0:)-A(5:) trans S/H>                        MATCHES	<U(4:A69)-G(11:A24) cis S/S>
	<A(1:)-U(4:) trans H/W>                        MATCHES	<A(6:A55)-A(10:A23) trans W/H>
	<G(2:)-G(3:) trans H/S>                        MATCHES	<A(7:A56)-G(8:A57) cis S/S>
#  Matched base-stacking interactions: 

>>>>>>>>>>   ALIGNMENT ENDS   >>>>>>>>>>

<<<<<<<<<<  ALIGNMENT BEGINS  <<<<<<<<<<

#  Aligning Eloop_consensus and 4lvv_A:53-56_64-68_21-23:
#  Alignment score:  4.6
#  P-value:  1.000e+00
#  Query aligned region: 2-2,3-3
#  Target aligned region: 0:A54-0:A54,7:A68-7:A68

	G...G
	G...G

#  Matched base-pairing interactions: 
	<G(2:)-G(3:) trans H/S>                        MATCHES	<G(0:A54)-G(7:A68) cis -/->
#  Matched base-stacking interactions: 

>>>>>>>>>>   ALIGNMENT ENDS   >>>>>>>>>>

