$ /home/s081p868/scratch/RNAMotifScanX-release/bin/scan /home/s081p868/scratch/RNAMotifScanX-release/models/e-loop_consensus.struct /rfs/poseidon_share/s081p868/RNAMotifScanX_nr/rmsx_work_default/4v6u/A1/4v6u_A1.rmsx.in --map_pdb=/rfs/poseidon_share/s081p868/RNAMotifScanX_nr/rmsx_work_default/4v6u/A1/4v6u_A1.rmsx.nch --pvalue 1.0 --num_threads 16 --write_alignment
<<<<<<<<<<  ALIGNMENT BEGINS  <<<<<<<<<<

#  Aligning Eloop_consensus and 4v6u_A1:57-62_18-19_53-55:
#  Alignment score:  29.6
#  P-value:  7.352e-02
#  Query aligned region: 0-2,3-5
#  Target aligned region: 0:'A1'58-2:'A1'60,7:'A1'20-7:'A1'20,9:'A1'55-10:'A1'56

	GAG...G~UA
	AAA...G~UU

#  Matched base-pairing interactions: 
	<A(1:)-U(4:) trans H/W>                        MATCHES	<A(1:'A1'59)-U(9:'A1'55) trans H/W>
	<G(2:)-G(3:) trans H/S>                        MATCHES	<A(2:'A1'60)-G(7:'A1'20) cis -/->
	<G(0:)-A(5:) trans S/H>                        MATCHES	<A(0:'A1'58)-U(10:'A1'56) cis -/->
#  Matched base-stacking interactions: 

>>>>>>>>>>   ALIGNMENT ENDS   >>>>>>>>>>

<<<<<<<<<<  ALIGNMENT BEGINS  <<<<<<<<<<

#  Aligning Eloop_consensus and 4v6u_A1:9-13_7-8_22-26:
#  Alignment score:  25.4
#  P-value:  1.127e-01
#  Query aligned region: 0-1,4-5
#  Target aligned region: 3:'A1'13-4:'A1'14,5:'A1'8-5:'A1'8,7:'A1'23-7:'A1'23

	GA...U~A
	CA...U~G

#  Matched base-pairing interactions: 
	<G(0:)-A(5:) trans S/H>                        MATCHES	<C(3:'A1'13)-G(7:'A1'23) cis W/W>
	<A(1:)-U(4:) trans H/W>                        MATCHES	<A(4:'A1'14)-U(5:'A1'8) trans H/W>
#  Matched base-stacking interactions: 

>>>>>>>>>>   ALIGNMENT ENDS   >>>>>>>>>>

<<<<<<<<<<  ALIGNMENT BEGINS  <<<<<<<<<<

#  Aligning Eloop_consensus and 4v6u_A1:22-26_7-8_9-13:
#  Alignment score:  3.1
#  P-value:  1.000e+00
#  Query aligned region: 
#  Target aligned region: 

	
	

#  Matched base-pairing interactions: 
#  Matched base-stacking interactions: 

>>>>>>>>>>   ALIGNMENT ENDS   >>>>>>>>>>

<<<<<<<<<<  ALIGNMENT BEGINS  <<<<<<<<<<

#  Aligning Eloop_consensus and 4v6u_A1:32-38:
#  Alignment score:  1.9
#  P-value:  1.000e+00
#  Query aligned region: 
#  Target aligned region: 

	
	

#  Matched base-pairing interactions: 
#  Matched base-stacking interactions: 

>>>>>>>>>>   ALIGNMENT ENDS   >>>>>>>>>>

