$ /home/s081p868/scratch/RNAMotifScanX-release/bin/scan /home/s081p868/scratch/RNAMotifScanX-release/models/e-loop_consensus.struct /rfs/poseidon_share/s081p868/RNAMotifScanX_nr/rmsx_work_default/2ees/A/2ees_A.rmsx.in --map_pdb=/rfs/poseidon_share/s081p868/RNAMotifScanX_nr/rmsx_work_default/2ees/A/2ees_A.rmsx.nch --pvalue 1.0 --num_threads 8 --write_alignment
<<<<<<<<<<  ALIGNMENT BEGINS  <<<<<<<<<<

#  Aligning Eloop_consensus and 2ees_A:44-52_18-23:
#  Alignment score:  24.8
#  P-value:  1.295e-01
#  Query aligned region: 0-2,3-5
#  Target aligned region: 5:A64-7:A66,9:A33-11:A35

	GAG...GUA
	AAA...AUA

#  Matched base-pairing interactions: 
	<G(2:)-G(3:) trans H/S>                        MATCHES	<A(7:A66)-A(9:A33) trans H/W>
	<A(1:)-U(4:) trans H/W>                        MATCHES	<A(6:A65)-U(10:A34) trans H/W>
	<G(0:)-A(5:) trans S/H>                        MATCHES	<A(5:A64)-A(11:A35) trans W/H>
#  Matched base-stacking interactions: 

>>>>>>>>>>   ALIGNMENT ENDS   >>>>>>>>>>

<<<<<<<<<<  ALIGNMENT BEGINS  <<<<<<<<<<

#  Aligning Eloop_consensus and 2ees_A:6-8_31-32_34-38:
#  Alignment score:  5.3
#  P-value:  1.000e+00
#  Query aligned region: 0-1,4-5
#  Target aligned region: 1:A22-1:A22,4:A47-4:A47,7:A51-8:A52

	G~A...UA
	U~U...UA

#  Matched base-pairing interactions: 
	<G(0:)-A(5:) trans S/H>                        MATCHES	<U(1:A22)-A(8:A52) cis W/W>
	<A(1:)-U(4:) trans H/W>                        MATCHES	<U(4:A47)-U(7:A51) trans W/H>
#  Matched base-stacking interactions: 

>>>>>>>>>>   ALIGNMENT ENDS   >>>>>>>>>>

