$ /home/s081p868/scratch/RNAMotifScanX-release/bin/scan /home/s081p868/scratch/RNAMotifScanX-release/models/e-loop_consensus.struct /rfs/poseidon_share/s081p868/RNAMotifScanX_nr/rmsx_work_default/4ybb/AA/4ybb_AA.rmsx.in --map_pdb=/rfs/poseidon_share/s081p868/RNAMotifScanX_nr/rmsx_work_default/4ybb/AA/4ybb_AA.rmsx.nch --pvalue 1.0 --num_threads 16 --write_alignment
<<<<<<<<<<  ALIGNMENT BEGINS  <<<<<<<<<<

#  Aligning Eloop_consensus and 4ybb_AA:698-704_684-688:
#  Alignment score:  62.8
#  P-value:  8.818e-03
#  Query aligned region: 0-2,3-5
#  Target aligned region: 4:'AA'703-6:'AA'705,7:'AA'685-9:'AA'687

	GAG...GUA
	GAG...GUA

#  Matched base-pairing interactions: 
	<G(2:)-G(3:) trans H/S>                        MATCHES	<G(6:'AA'705)-G(7:'AA'685) trans H/S>
	<A(1:)-U(4:) trans H/W>                        MATCHES	<A(5:'AA'704)-U(8:'AA'686) trans H/W>
	<G(0:)-A(5:) trans S/H>                        MATCHES	<G(4:'AA'703)-A(9:'AA'687) trans S/H>
#  Matched base-stacking interactions: 

>>>>>>>>>>   ALIGNMENT ENDS   >>>>>>>>>>

<<<<<<<<<<  ALIGNMENT BEGINS  <<<<<<<<<<

#  Aligning Eloop_consensus and 4ybb_AA:779-782_798-801:
#  Alignment score:  61.6
#  P-value:  9.216e-03
#  Query aligned region: 0-2,3-5
#  Target aligned region: 0:'AA'780-2:'AA'782,5:'AA'800-7:'AA'802

	GAG...GUA
	AAA...GUA

#  Matched base-pairing interactions: 
	<G(2:)-G(3:) trans H/S>                        MATCHES	<A(2:'AA'782)-G(5:'AA'800) trans H/S>
	<A(1:)-U(4:) trans H/W>                        MATCHES	<A(1:'AA'781)-U(6:'AA'801) trans H/W>
	<G(0:)-A(5:) trans S/H>                        MATCHES	<A(0:'AA'780)-A(7:'AA'802) trans S/H>
#  Matched base-stacking interactions: 

>>>>>>>>>>   ALIGNMENT ENDS   >>>>>>>>>>

<<<<<<<<<<  ALIGNMENT BEGINS  <<<<<<<<<<

#  Aligning Eloop_consensus and 4ybb_AA:445-447_485-487:
#  Alignment score:  49.4
#  P-value:  1.541e-02
#  Query aligned region: 0-1,4-5
#  Target aligned region: 1:'AA'447-2:'AA'448,3:'AA'486-4:'AA'487

	GA...UA
	GA...UA

#  Matched base-pairing interactions: 
	<A(1:)-U(4:) trans H/W>                        MATCHES	<A(2:'AA'448)-U(3:'AA'486) trans H/W>
	<G(0:)-A(5:) trans S/H>                        MATCHES	<G(1:'AA'447)-A(4:'AA'487) trans S/H>
#  Matched base-stacking interactions: 

>>>>>>>>>>   ALIGNMENT ENDS   >>>>>>>>>>

<<<<<<<<<<  ALIGNMENT BEGINS  <<<<<<<<<<

#  Aligning Eloop_consensus and 4ybb_AA:904-906_889-893:
#  Alignment score:  46.6
#  P-value:  1.772e-02
#  Query aligned region: 0-1,4-5
#  Target aligned region: 1:'AA'906-2:'AA'907,4:'AA'891-5:'AA'892

	GA...UA
	AA...UA

#  Matched base-pairing interactions: 
	<A(1:)-U(4:) trans H/W>                        MATCHES	<A(2:'AA'907)-U(4:'AA'891) trans H/W>
	<G(0:)-A(5:) trans S/H>                        MATCHES	<A(1:'AA'906)-A(5:'AA'892) trans S/H>
#  Matched base-stacking interactions: 

>>>>>>>>>>   ALIGNMENT ENDS   >>>>>>>>>>

<<<<<<<<<<  ALIGNMENT BEGINS  <<<<<<<<<<

#  Aligning Eloop_consensus and 4ybb_AA:1370-1373_1346-1351_1287-1288:
#  Alignment score:  46.2
#  P-value:  1.809e-02
#  Query aligned region: 0-1,4-5
#  Target aligned region: 2:'AA'1373-3:'AA'1374,5:'AA'1348-6:'AA'1349

	GA...UA
	GA...UA

#  Matched base-pairing interactions: 
	<A(1:)-U(4:) trans H/W>                        MATCHES	<A(3:'AA'1374)-U(5:'AA'1348) trans H/W>
	<G(0:)-A(5:) trans S/H>                        MATCHES	<G(2:'AA'1373)-A(6:'AA'1349) trans S/H>
#  Matched base-stacking interactions: 

>>>>>>>>>>   ALIGNMENT ENDS   >>>>>>>>>>

<<<<<<<<<<  ALIGNMENT BEGINS  <<<<<<<<<<

#  Aligning Eloop_consensus and 4ybb_AA:1466-1470_1429-1432:
#  Alignment score:  38.2
#  P-value:  2.886e-02
#  Query aligned region: 0-2,3-5
#  Target aligned region: 0:'AA'1467-2:'AA'1469,6:'AA'1431-8:'AA'1433

	GAG...GUA
	CAC...AGA

#  Matched base-pairing interactions: 
	<G(2:)-G(3:) trans H/S>                        MATCHES	<C(2:'AA'1469)-A(6:'AA'1431) trans H/S>
	<A(1:)-U(4:) trans H/W>                        MATCHES	<A(1:'AA'1468)-G(7:'AA'1432) trans H/S>
	<G(0:)-A(5:) trans S/H>                        MATCHES	<C(0:'AA'1467)-A(8:'AA'1433) trans S/H>
#  Matched base-stacking interactions: 

>>>>>>>>>>   ALIGNMENT ENDS   >>>>>>>>>>

<<<<<<<<<<  ALIGNMENT BEGINS  <<<<<<<<<<

#  Aligning Eloop_consensus and 4ybb_AA:756-759_580-583:
#  Alignment score:  38.2
#  P-value:  2.886e-02
#  Query aligned region: 0-2,3-5
#  Target aligned region: 1:'AA'758-3:'AA'760,4:'AA'581-6:'AA'583

	GAG...GUA
	CAG...GCA

#  Matched base-pairing interactions: 
	<G(2:)-G(3:) trans H/S>                        MATCHES	<G(3:'AA'760)-G(4:'AA'581) cis -/->
	<A(1:)-U(4:) trans H/W>                        MATCHES	<A(2:'AA'759)-C(5:'AA'582) trans H/W>
	<G(0:)-A(5:) trans S/H>                        MATCHES	<C(1:'AA'758)-A(6:'AA'583) trans S/H>
#  Matched base-stacking interactions: 

>>>>>>>>>>   ALIGNMENT ENDS   >>>>>>>>>>

<<<<<<<<<<  ALIGNMENT BEGINS  <<<<<<<<<<

#  Aligning Eloop_consensus and 4ybb_AA:1329-1332_1303-1306_945-946:
#  Alignment score:  37
#  P-value:  3.128e-02
#  Query aligned region: 0-2,3-5
#  Target aligned region: 1:'AA'1331-3:'AA'1333,4:'AA'1304-6:'AA'1306

	GAG...GUA
	GAA...GGA

#  Matched base-pairing interactions: 
	<G(2:)-G(3:) trans H/S>                        MATCHES	<A(3:'AA'1333)-G(4:'AA'1304) trans H/S>
	<A(1:)-U(4:) trans H/W>                        MATCHES	<A(2:'AA'1332)-G(5:'AA'1305) cis -/->
	<G(0:)-A(5:) trans S/H>                        MATCHES	<G(1:'AA'1331)-A(6:'AA'1306) trans S/H>
#  Matched base-stacking interactions: 

>>>>>>>>>>   ALIGNMENT ENDS   >>>>>>>>>>

<<<<<<<<<<  ALIGNMENT BEGINS  <<<<<<<<<<

#  Aligning Eloop_consensus and 4ybb_AA:690-691_785-786_693-695:
#  Alignment score:  32
#  P-value:  4.555e-02
#  Query aligned region: 0-2,3-5
#  Target aligned region: 0:'AA'691-0:'AA'691,2:'AA'786-3:'AA'787,4:'AA'694-6:'AA'696

	G~AG...GUA
	G~GA...AAA

#  Matched base-pairing interactions: 
	<G(2:)-G(3:) trans H/S>                        MATCHES	<A(3:'AA'787)-A(4:'AA'694) cis -/->
	<G(0:)-A(5:) trans S/H>                        MATCHES	<G(0:'AA'691)-A(6:'AA'696) trans S/H>
	<A(1:)-U(4:) trans H/W>                        MATCHES	<G(2:'AA'786)-A(5:'AA'695) cis S/W>
#  Matched base-stacking interactions: 

>>>>>>>>>>   ALIGNMENT ENDS   >>>>>>>>>>

<<<<<<<<<<  ALIGNMENT BEGINS  <<<<<<<<<<

#  Aligning Eloop_consensus and 4ybb_AA:886-890_907-909:
#  Alignment score:  30.8
#  P-value:  5.042e-02
#  Query aligned region: 0-2,3-5
#  Target aligned region: 1:'AA'888-4:'AA'891,5:'AA'908-6:'AA'909

	GAG...G~UA
	GAG...U~AA

#  Matched base-pairing interactions: 
	<G(2:)-G(3:) trans H/S>                        MATCHES	<G(3:'AA'890)-U(4:'AA'891) cis S/H>
	<A(1:)-U(4:) trans H/W>                        MATCHES	<A(2:'AA'889)-A(5:'AA'908) trans H/H>
	<G(0:)-A(5:) trans S/H>                        MATCHES	<G(1:'AA'888)-A(6:'AA'909) trans S/H>
#  Matched base-stacking interactions: 

>>>>>>>>>>   ALIGNMENT ENDS   >>>>>>>>>>

<<<<<<<<<<  ALIGNMENT BEGINS  <<<<<<<<<<

#  Aligning Eloop_consensus and 4ybb_AA:1272-1275_1258-1261:
#  Alignment score:  30.4
#  P-value:  5.222e-02
#  Query aligned region: 0-2,3-5
#  Target aligned region: 1:'AA'1274-3:'AA'1276,4:'AA'1259-6:'AA'1261

	GAG...GUA
	AAG...CGA

#  Matched base-pairing interactions: 
	<G(2:)-G(3:) trans H/S>                        MATCHES	<G(3:'AA'1276)-C(4:'AA'1259) cis W/W>
	<A(1:)-U(4:) trans H/W>                        MATCHES	<A(2:'AA'1275)-G(5:'AA'1260) trans H/S>
	<G(0:)-A(5:) trans S/H>                        MATCHES	<A(1:'AA'1274)-A(6:'AA'1261) trans S/H>
#  Matched base-stacking interactions: 

>>>>>>>>>>   ALIGNMENT ENDS   >>>>>>>>>>

<<<<<<<<<<  ALIGNMENT BEGINS  <<<<<<<<<<

#  Aligning Eloop_consensus and 4ybb_AA:1481-1485_1414-1417:
#  Alignment score:  30
#  P-value:  5.412e-02
#  Query aligned region: 0-2,3-5
#  Target aligned region: 0:'AA'1482-2:'AA'1484,6:'AA'1416-8:'AA'1418

	GAG...GUA
	GAC...GGA

#  Matched base-pairing interactions: 
	<G(2:)-G(3:) trans H/S>                        MATCHES	<C(2:'AA'1484)-G(6:'AA'1416) cis W/W>
	<A(1:)-U(4:) trans H/W>                        MATCHES	<A(1:'AA'1483)-G(7:'AA'1417) trans H/S>
	<G(0:)-A(5:) trans S/H>                        MATCHES	<G(0:'AA'1482)-A(8:'AA'1418) trans S/H>
#  Matched base-stacking interactions: 

>>>>>>>>>>   ALIGNMENT ENDS   >>>>>>>>>>

<<<<<<<<<<  ALIGNMENT BEGINS  <<<<<<<<<<

#  Aligning Eloop_consensus and 4ybb_AA:1022-1025_1035-1036_1002-1005:
#  Alignment score:  29.2
#  P-value:  5.824e-02
#  Query aligned region: 0-2,3-5
#  Target aligned region: 1:'AA'1024-1:'AA'1024,4:'AA'1036-5:'AA'1037,6:'AA'1003-8:'AA'1005

	G~AG...GUA
	G~AC...GAA

#  Matched base-pairing interactions: 
	<G(2:)-G(3:) trans H/S>                        MATCHES	<C(5:'AA'1037)-G(6:'AA'1003) cis W/W>
	<G(0:)-A(5:) trans S/H>                        MATCHES	<G(1:'AA'1024)-A(8:'AA'1005) trans S/H>
	<A(1:)-U(4:) trans H/W>                        MATCHES	<A(4:'AA'1036)-A(7:'AA'1004) cis -/->
#  Matched base-stacking interactions: 

>>>>>>>>>>   ALIGNMENT ENDS   >>>>>>>>>>

<<<<<<<<<<  ALIGNMENT BEGINS  <<<<<<<<<<

#  Aligning Eloop_consensus and 4ybb_AA:750-754_651-654:
#  Alignment score:  28.3
#  P-value:  6.347e-02
#  Query aligned region: 0-2,3-5
#  Target aligned region: 1:'AA'752-4:'AA'755,5:'AA'652-7:'AA'654

	GAG...G~U-A
	GAC...G~UUG

#  Matched base-pairing interactions: 
	<G(2:)-G(3:) trans H/S>                        MATCHES	<C(3:'AA'754)-G(4:'AA'755) trans S/H>
	<G(0:)-A(5:) trans S/H>                        MATCHES	<G(1:'AA'752)-G(7:'AA'654) trans S/H>
	<A(1:)-U(4:) trans H/W>                        MATCHES	<A(2:'AA'753)-U(5:'AA'652) trans H/W>
#  Matched base-stacking interactions: 

>>>>>>>>>>   ALIGNMENT ENDS   >>>>>>>>>>

<<<<<<<<<<  ALIGNMENT BEGINS  <<<<<<<<<<

#  Aligning Eloop_consensus and 4ybb_AA:703-704_695-699_686-690:
#  Alignment score:  28
#  P-value:  6.537e-02
#  Query aligned region: 1-2,3-4
#  Target aligned region: 2:'AA'696-3:'AA'697,10:'AA'690-11:'AA'691

	AG...GU
	AU...GG

#  Matched base-pairing interactions: 
	<G(2:)-G(3:) trans H/S>                        MATCHES	<U(3:'AA'697)-G(10:'AA'690) trans H/S>
	<A(1:)-U(4:) trans H/W>                        MATCHES	<A(2:'AA'696)-G(11:'AA'691) trans H/S>
#  Matched base-stacking interactions: 

>>>>>>>>>>   ALIGNMENT ENDS   >>>>>>>>>>

<<<<<<<<<<  ALIGNMENT BEGINS  <<<<<<<<<<

#  Aligning Eloop_consensus and 4ybb_AA:66-67_149-152_167-170:
#  Alignment score:  28
#  P-value:  6.537e-02
#  Query aligned region: 0-2,3-5
#  Target aligned region: 2:'AA'150-4:'AA'152,7:'AA'169-9:'AA'171

	GAG...GUA
	UAA...CUA

#  Matched base-pairing interactions: 
	<G(2:)-G(3:) trans H/S>                        MATCHES	<A(4:'AA'152)-C(7:'AA'169) trans H/W>
	<A(1:)-U(4:) trans H/W>                        MATCHES	<A(3:'AA'151)-U(8:'AA'170) trans H/W>
	<G(0:)-A(5:) trans S/H>                        MATCHES	<U(2:'AA'150)-A(9:'AA'171) trans W/H>
#  Matched base-stacking interactions: 

>>>>>>>>>>   ALIGNMENT ENDS   >>>>>>>>>>

<<<<<<<<<<  ALIGNMENT BEGINS  <<<<<<<<<<

#  Aligning Eloop_consensus and 4ybb_AA:555-560_295-296_24-26:
#  Alignment score:  28
#  P-value:  6.537e-02
#  Query aligned region: 0-1,4-5
#  Target aligned region: 2:'AA'558-3:'AA'559,8:'AA'25-9:'AA'26

	GA...UA
	GA...CA

#  Matched base-pairing interactions: 
	<A(1:)-U(4:) trans H/W>                        MATCHES	<A(3:'AA'559)-C(8:'AA'25) trans W/H>
	<G(0:)-A(5:) trans S/H>                        MATCHES	<G(2:'AA'558)-A(9:'AA'26) trans S/H>
#  Matched base-stacking interactions: 

>>>>>>>>>>   ALIGNMENT ENDS   >>>>>>>>>>

<<<<<<<<<<  ALIGNMENT BEGINS  <<<<<<<<<<

#  Aligning Eloop_consensus and 4ybb_AA:15-21_11-13_913-916:
#  Alignment score:  27
#  P-value:  7.235e-02
#  Query aligned region: 0-1,4-5
#  Target aligned region: 5:'AA'21-6:'AA'22,7:'AA'12-7:'AA'12,10:'AA'914-10:'AA'914

	GA...U~A
	GG...U~A

#  Matched base-pairing interactions: 
	<G(0:)-A(5:) trans S/H>                        MATCHES	<G(5:'AA'21)-A(10:'AA'914) trans S/H>
	<A(1:)-U(4:) trans H/W>                        MATCHES	<G(6:'AA'22)-U(7:'AA'12) cis W/W>
#  Matched base-stacking interactions: 

>>>>>>>>>>   ALIGNMENT ENDS   >>>>>>>>>>

<<<<<<<<<<  ALIGNMENT BEGINS  <<<<<<<<<<

#  Aligning Eloop_consensus and 4ybb_AA:1035-1036_1022-1025_1002-1005:
#  Alignment score:  26.8
#  P-value:  7.389e-02
#  Query aligned region: 0-1,4-5
#  Target aligned region: 3:'AA'1024-5:'AA'1026,8:'AA'1005-8:'AA'1005

	GA...U~A
	GU...G~A

#  Matched base-pairing interactions: 
	<G(0:)-A(5:) trans S/H>                        MATCHES	<G(3:'AA'1024)-A(8:'AA'1005) trans S/H>
	<A(1:)-U(4:) trans H/W>                        MATCHES	<U(4:'AA'1025)-G(5:'AA'1026) trans S/H>
#  Matched base-stacking interactions: 

>>>>>>>>>>   ALIGNMENT ENDS   >>>>>>>>>>

<<<<<<<<<<  ALIGNMENT BEGINS  <<<<<<<<<<

#  Aligning Eloop_consensus and 4ybb_AA:1360-1364_1356-1359_975-977:
#  Alignment score:  26.8
#  P-value:  7.389e-02
#  Query aligned region: 0-1,4-5
#  Target aligned region: 1:'AA'1362-2:'AA'1363,6:'AA'1358-7:'AA'1359

	GA...UA
	AA...UC

#  Matched base-pairing interactions: 
	<A(1:)-U(4:) trans H/W>                        MATCHES	<A(2:'AA'1363)-U(6:'AA'1358) trans H/W>
	<G(0:)-A(5:) trans S/H>                        MATCHES	<A(1:'AA'1362)-C(7:'AA'1359) cis -/->
#  Matched base-stacking interactions: 

>>>>>>>>>>   ALIGNMENT ENDS   >>>>>>>>>>

<<<<<<<<<<  ALIGNMENT BEGINS  <<<<<<<<<<

#  Aligning Eloop_consensus and 4ybb_AA:193-195_141-143_178-183:
#  Alignment score:  26.8
#  P-value:  7.389e-02
#  Query aligned region: 1-2,3-4
#  Target aligned region: 1:'AA'195-1:'AA'195,4:'AA'143-5:'AA'144,7:'AA'180-7:'AA'180

	A~G...G~U
	A~A...G~U

#  Matched base-pairing interactions: 
	<A(1:)-U(4:) trans H/W>                        MATCHES	<A(1:'AA'195)-U(7:'AA'180) trans H/W>
	<G(2:)-G(3:) trans H/S>                        MATCHES	<A(4:'AA'143)-G(5:'AA'144) trans S/H>
#  Matched base-stacking interactions: 

>>>>>>>>>>   ALIGNMENT ENDS   >>>>>>>>>>

<<<<<<<<<<  ALIGNMENT BEGINS  <<<<<<<<<<

#  Aligning Eloop_consensus and 4ybb_AA:896-898_809-810_899-901:
#  Alignment score:  26.8
#  P-value:  7.389e-02
#  Query aligned region: 0-1,4-5
#  Target aligned region: 1:'AA'898-2:'AA'899,3:'AA'810-3:'AA'810,6:'AA'901-6:'AA'901

	GA...U~A
	GC...C~A

#  Matched base-pairing interactions: 
	<G(0:)-A(5:) trans S/H>                        MATCHES	<G(1:'AA'898)-A(6:'AA'901) trans S/H>
	<A(1:)-U(4:) trans H/W>                        MATCHES	<C(2:'AA'899)-C(3:'AA'810) cis -/->
#  Matched base-stacking interactions: 

>>>>>>>>>>   ALIGNMENT ENDS   >>>>>>>>>>

<<<<<<<<<<  ALIGNMENT BEGINS  <<<<<<<<<<

#  Aligning Eloop_consensus and 4ybb_AA:320-324_325-328_106-108:
#  Alignment score:  26.4
#  P-value:  7.710e-02
#  Query aligned region: 0-1,4-5
#  Target aligned region: 3:'AA'324-3:'AA'324,5:'AA'326-5:'AA'326,10:'AA'108-11:'AA'109

	G~A...UA
	G~G...GA

#  Matched base-pairing interactions: 
	<G(0:)-A(5:) trans S/H>                        MATCHES	<G(3:'AA'324)-A(11:'AA'109) trans S/H>
	<A(1:)-U(4:) trans H/W>                        MATCHES	<G(5:'AA'326)-G(10:'AA'108) cis -/->
#  Matched base-stacking interactions: 

>>>>>>>>>>   ALIGNMENT ENDS   >>>>>>>>>>

<<<<<<<<<<  ALIGNMENT BEGINS  <<<<<<<<<<

#  Aligning Eloop_consensus and 4ybb_AA:106-108_325-328_320-324:
#  Alignment score:  25.7
#  P-value:  8.324e-02
#  Query aligned region: 0-2,3-5
#  Target aligned region: 2:'AA'109-2:'AA'109,4:'AA'327-5:'AA'328,8:'AA'322-10:'AA'324

	G~AG...GUA
	A~AC...CUG

#  Matched base-pairing interactions: 
	<G(2:)-G(3:) trans H/S>                        MATCHES	<C(5:'AA'328)-C(8:'AA'322) cis -/->
	<G(0:)-A(5:) trans S/H>                        MATCHES	<A(2:'AA'109)-G(10:'AA'324) trans H/S>
	<A(1:)-U(4:) trans H/W>                        MATCHES	<A(4:'AA'327)-U(9:'AA'323) trans H/W>
#  Matched base-stacking interactions: 

>>>>>>>>>>   ALIGNMENT ENDS   >>>>>>>>>>

<<<<<<<<<<  ALIGNMENT BEGINS  <<<<<<<<<<

#  Aligning Eloop_consensus and 4ybb_AA:1101-1102_1070-1072_1083-1084:
#  Alignment score:  25.4
#  P-value:  8.611e-02
#  Query aligned region: 1-2,3-4
#  Target aligned region: 2:'AA'1071-3:'AA'1072,5:'AA'1084-6:'AA'1085

	AG...GU
	CG...GU

#  Matched base-pairing interactions: 
	<G(2:)-G(3:) trans H/S>                        MATCHES	<G(3:'AA'1072)-G(5:'AA'1084) trans H/S>
	<A(1:)-U(4:) trans H/W>                        MATCHES	<C(2:'AA'1071)-U(6:'AA'1085) trans H/H>
#  Matched base-stacking interactions: 

>>>>>>>>>>   ALIGNMENT ENDS   >>>>>>>>>>

<<<<<<<<<<  ALIGNMENT BEGINS  <<<<<<<<<<

#  Aligning Eloop_consensus and 4ybb_AA:1211-1214_1043-1047_989-995:
#  Alignment score:  25.2
#  P-value:  8.810e-02
#  Query aligned region: 1-2,3-4
#  Target aligned region: 1:'AA'1213-2:'AA'1214,8:'AA'1048-8:'AA'1048,10:'AA'991-10:'AA'991

	AG...G~U
	AC...G~U

#  Matched base-pairing interactions: 
	<A(1:)-U(4:) trans H/W>                        MATCHES	<A(1:'AA'1213)-U(10:'AA'991) trans H/W>
	<G(2:)-G(3:) trans H/S>                        MATCHES	<C(2:'AA'1214)-G(8:'AA'1048) cis -/->
#  Matched base-stacking interactions: 

>>>>>>>>>>   ALIGNMENT ENDS   >>>>>>>>>>

<<<<<<<<<<  ALIGNMENT BEGINS  <<<<<<<<<<

#  Aligning Eloop_consensus and 4ybb_AA:493-497_403-405_435-438:
#  Alignment score:  25
#  P-value:  9.016e-02
#  Query aligned region: 1-2,3-4
#  Target aligned region: 1:'AA'495-1:'AA'495,7:'AA'406-7:'AA'406,8:'AA'436-9:'AA'437

	A~G...GU
	A~G...CU

#  Matched base-pairing interactions: 
	<A(1:)-U(4:) trans H/W>                        MATCHES	<A(1:'AA'495)-U(9:'AA'437) trans H/W>
	<G(2:)-G(3:) trans H/S>                        MATCHES	<G(7:'AA'406)-C(8:'AA'436) cis W/W>
#  Matched base-stacking interactions: 

>>>>>>>>>>   ALIGNMENT ENDS   >>>>>>>>>>

<<<<<<<<<<  ALIGNMENT BEGINS  <<<<<<<<<<

#  Aligning Eloop_consensus and 4ybb_AA:941-944_1336-1341:
#  Alignment score:  24.6
#  P-value:  9.450e-02
#  Query aligned region: 0-0,5-5
#  Target aligned region: 2:'AA'944-2:'AA'944,6:'AA'1339-6:'AA'1339

	G...A
	G...A

#  Matched base-pairing interactions: 
	<G(0:)-A(5:) trans S/H>                        MATCHES	<G(2:'AA'944)-A(6:'AA'1339) trans S/H>
#  Matched base-stacking interactions: 

>>>>>>>>>>   ALIGNMENT ENDS   >>>>>>>>>>

<<<<<<<<<<  ALIGNMENT BEGINS  <<<<<<<<<<

#  Aligning Eloop_consensus and 4ybb_AA:26-28_294-296_298-300:
#  Alignment score:  24.6
#  P-value:  9.450e-02
#  Query aligned region: 0-0,5-5
#  Target aligned region: 5:'AA'297-5:'AA'297,7:'AA'300-7:'AA'300

	G...A
	G...A

#  Matched base-pairing interactions: 
	<G(0:)-A(5:) trans S/H>                        MATCHES	<G(5:'AA'297)-A(7:'AA'300) trans S/H>
#  Matched base-stacking interactions: 

>>>>>>>>>>   ALIGNMENT ENDS   >>>>>>>>>>

<<<<<<<<<<  ALIGNMENT BEGINS  <<<<<<<<<<

#  Aligning Eloop_consensus and 4ybb_AA:1043-1047_1211-1214_989-995:
#  Alignment score:  24.6
#  P-value:  9.450e-02
#  Query aligned region: 1-1,4-4
#  Target aligned region: 0:'AA'1044-0:'AA'1044,11:'AA'992-11:'AA'992

	A...U
	A...U

#  Matched base-pairing interactions: 
	<A(1:)-U(4:) trans H/W>                        MATCHES	<A(0:'AA'1044)-U(11:'AA'992) trans H/W>
#  Matched base-stacking interactions: 

>>>>>>>>>>   ALIGNMENT ENDS   >>>>>>>>>>

<<<<<<<<<<  ALIGNMENT BEGINS  <<<<<<<<<<

#  Aligning Eloop_consensus and 4ybb_AA:936-938_1374-1378:
#  Alignment score:  24.5
#  P-value:  9.564e-02
#  Query aligned region: 0-2,3-5
#  Target aligned region: 0:'AA'937-2:'AA'939,3:'AA'1375-6:'AA'1378

	GAG...GU-A
	AAG...AUAC

#  Matched base-pairing interactions: 
	<G(2:)-G(3:) trans H/S>                        MATCHES	<G(2:'AA'939)-A(3:'AA'1375) cis -/->
	<G(0:)-A(5:) trans S/H>                        MATCHES	<A(0:'AA'937)-C(6:'AA'1378) trans S/H>
	<A(1:)-U(4:) trans H/W>                        MATCHES	<A(1:'AA'938)-U(4:'AA'1376) cis -/->
#  Matched base-stacking interactions: 

>>>>>>>>>>   ALIGNMENT ENDS   >>>>>>>>>>

<<<<<<<<<<  ALIGNMENT BEGINS  <<<<<<<<<<

#  Aligning Eloop_consensus and 4ybb_AA:528-529_530-532_516-519:
#  Alignment score:  24
#  P-value:  1.016e-01
#  Query aligned region: 0-1,4-5
#  Target aligned region: 0:'AA'529-0:'AA'529,4:'AA'533-4:'AA'533,7:'AA'519-8:'AA'520

	G~A...UA
	G~A...CA

#  Matched base-pairing interactions: 
	<G(0:)-A(5:) trans S/H>                        MATCHES	<G(0:'AA'529)-A(8:'AA'520) trans S/H>
	<A(1:)-U(4:) trans H/W>                        MATCHES	<A(4:'AA'533)-C(7:'AA'519) cis W/W>
#  Matched base-stacking interactions: 

>>>>>>>>>>   ALIGNMENT ENDS   >>>>>>>>>>

<<<<<<<<<<  ALIGNMENT BEGINS  <<<<<<<<<<

#  Aligning Eloop_consensus and 4ybb_AA:860-863_569-571_864-867:
#  Alignment score:  24
#  P-value:  1.016e-01
#  Query aligned region: 0-1,4-5
#  Target aligned region: 2:'AA'863-2:'AA'863,5:'AA'571-5:'AA'571,7:'AA'865-8:'AA'866

	G~A...UA
	U~U...AC

#  Matched base-pairing interactions: 
	<G(0:)-A(5:) trans S/H>                        MATCHES	<U(2:'AA'863)-C(8:'AA'866) trans S/H>
	<A(1:)-U(4:) trans H/W>                        MATCHES	<U(5:'AA'571)-A(7:'AA'865) cis W/W>
#  Matched base-stacking interactions: 

>>>>>>>>>>   ALIGNMENT ENDS   >>>>>>>>>>

<<<<<<<<<<  ALIGNMENT BEGINS  <<<<<<<<<<

#  Aligning Eloop_consensus and 4ybb_AA:1222-1223_976-980_1315-1318:
#  Alignment score:  23.8
#  P-value:  1.042e-01
#  Query aligned region: 0-0,5-5
#  Target aligned region: 4:'AA'979-4:'AA'979,8:'AA'1317-8:'AA'1317

	G...A
	C...C

#  Matched base-pairing interactions: 
	<G(0:)-A(5:) trans S/H>                        MATCHES	<C(4:'AA'979)-C(8:'AA'1317) trans S/H>
#  Matched base-stacking interactions: 

>>>>>>>>>>   ALIGNMENT ENDS   >>>>>>>>>>

<<<<<<<<<<  ALIGNMENT BEGINS  <<<<<<<<<<

#  Aligning Eloop_consensus and 4ybb_AA:729-731_724-726_663-665:
#  Alignment score:  23.8
#  P-value:  1.042e-01
#  Query aligned region: 2-2,3-3
#  Target aligned region: 0:'AA'730-0:'AA'730,5:'AA'727-5:'AA'727

	G...G
	G...G

#  Matched base-pairing interactions: 
	<G(2:)-G(3:) trans H/S>                        MATCHES	<G(0:'AA'730)-G(5:'AA'727) trans H/S>
#  Matched base-stacking interactions: 

>>>>>>>>>>   ALIGNMENT ENDS   >>>>>>>>>>

<<<<<<<<<<  ALIGNMENT BEGINS  <<<<<<<<<<

#  Aligning Eloop_consensus and 4ybb_AA:407-412_428-434:
#  Alignment score:  23.8
#  P-value:  1.042e-01
#  Query aligned region: 0-0,5-5
#  Target aligned region: 2:'AA'410-2:'AA'410,9:'AA'432-9:'AA'432

	G...A
	G...A

#  Matched base-pairing interactions: 
	<G(0:)-A(5:) trans S/H>                        MATCHES	<G(2:'AA'410)-A(9:'AA'432) trans S/H>
#  Matched base-stacking interactions: 

>>>>>>>>>>   ALIGNMENT ENDS   >>>>>>>>>>

<<<<<<<<<<  ALIGNMENT BEGINS  <<<<<<<<<<

#  Aligning Eloop_consensus and 4ybb_AA:117-121_286-287:
#  Alignment score:  23.8
#  P-value:  1.042e-01
#  Query aligned region: 1-1,4-4
#  Target aligned region: 1:'AA'119-1:'AA'119,5:'AA'287-5:'AA'287

	A...U
	A...U

#  Matched base-pairing interactions: 
	<A(1:)-U(4:) trans H/W>                        MATCHES	<A(1:'AA'119)-U(5:'AA'287) trans H/W>
#  Matched base-stacking interactions: 

>>>>>>>>>>   ALIGNMENT ENDS   >>>>>>>>>>

<<<<<<<<<<  ALIGNMENT BEGINS  <<<<<<<<<<

#  Aligning Eloop_consensus and 4ybb_AA:1026-1032:
#  Alignment score:  23.8
#  P-value:  1.042e-01
#  Query aligned region: 0-0,5-5
#  Target aligned region: 3:'AA'1030-4:'AA'1031

	G...A
	U...C

#  Matched base-pairing interactions: 
	<G(0:)-A(5:) trans S/H>                        MATCHES	<U(3:'AA'1030)-C(4:'AA'1031) trans S/H>
#  Matched base-stacking interactions: 

>>>>>>>>>>   ALIGNMENT ENDS   >>>>>>>>>>

<<<<<<<<<<  ALIGNMENT BEGINS  <<<<<<<<<<

#  Aligning Eloop_consensus and 4ybb_AA:377-380_381-383_60-64:
#  Alignment score:  23.8
#  P-value:  1.042e-01
#  Query aligned region: 0-0,5-5
#  Target aligned region: 2:'AA'380-2:'AA'380,5:'AA'383-5:'AA'383

	G...A
	G...A

#  Matched base-pairing interactions: 
	<G(0:)-A(5:) trans S/H>                        MATCHES	<G(2:'AA'380)-A(5:'AA'383) trans S/H>
#  Matched base-stacking interactions: 

>>>>>>>>>>   ALIGNMENT ENDS   >>>>>>>>>>

<<<<<<<<<<  ALIGNMENT BEGINS  <<<<<<<<<<

#  Aligning Eloop_consensus and 4ybb_AA:869-873_825-828_856-858:
#  Alignment score:  23.4
#  P-value:  1.096e-01
#  Query aligned region: 2-2,3-3
#  Target aligned region: 7:'AA'828-7:'AA'828,10:'AA'858-10:'AA'858

	G...G
	U...G

#  Matched base-pairing interactions: 
	<G(2:)-G(3:) trans H/S>                        MATCHES	<U(7:'AA'828)-G(10:'AA'858) trans H/S>
#  Matched base-stacking interactions: 

>>>>>>>>>>   ALIGNMENT ENDS   >>>>>>>>>>

<<<<<<<<<<  ALIGNMENT BEGINS  <<<<<<<<<<

#  Aligning Eloop_consensus and 4ybb_AA:530-532_528-529_516-519:
#  Alignment score:  22.6
#  P-value:  1.218e-01
#  Query aligned region: 2-2,3-3
#  Target aligned region: 0:'AA'531-0:'AA'531,4:'AA'530-4:'AA'530

	G...G
	U...G

#  Matched base-pairing interactions: 
	<G(2:)-G(3:) trans H/S>                        MATCHES	<U(0:'AA'531)-G(4:'AA'530) trans H/S>
#  Matched base-stacking interactions: 

>>>>>>>>>>   ALIGNMENT ENDS   >>>>>>>>>>

<<<<<<<<<<  ALIGNMENT BEGINS  <<<<<<<<<<

#  Aligning Eloop_consensus and 4ybb_AA:1236-1240_1333-1336_1296-1302:
#  Alignment score:  22.4
#  P-value:  1.251e-01
#  Query aligned region: 1-2,3-4
#  Target aligned region: 1:'AA'1238-1:'AA'1238,6:'AA'1335-7:'AA'1336,13:'AA'1301-13:'AA'1301

	A~G...G~U
	A~U...C~U

#  Matched base-pairing interactions: 
	<A(1:)-U(4:) trans H/W>                        MATCHES	<A(1:'AA'1238)-U(13:'AA'1301) trans H/W>
	<G(2:)-G(3:) trans H/S>                        MATCHES	<U(6:'AA'1335)-C(7:'AA'1336) trans S/S>
#  Matched base-stacking interactions: 

>>>>>>>>>>   ALIGNMENT ENDS   >>>>>>>>>>

<<<<<<<<<<  ALIGNMENT BEGINS  <<<<<<<<<<

#  Aligning Eloop_consensus and 4ybb_AA:712-713_801-804_773-778:
#  Alignment score:  22.2
#  P-value:  1.286e-01
#  Query aligned region: 1-2,3-4
#  Target aligned region: 1:'AA'714-1:'AA'714,3:'AA'803-3:'AA'803,8:'AA'776-9:'AA'777

	A~G...GU
	G~G...GA

#  Matched base-pairing interactions: 
	<A(1:)-U(4:) trans H/W>                        MATCHES	<G(1:'AA'714)-A(9:'AA'777) trans S/S>
	<G(2:)-G(3:) trans H/S>                        MATCHES	<G(3:'AA'803)-G(8:'AA'776) trans H/S>
#  Matched base-stacking interactions: 

>>>>>>>>>>   ALIGNMENT ENDS   >>>>>>>>>>

<<<<<<<<<<  ALIGNMENT BEGINS  <<<<<<<<<<

#  Aligning Eloop_consensus and 4ybb_AA:867-873_857-860:
#  Alignment score:  22.2
#  P-value:  1.286e-01
#  Query aligned region: 0-0,5-5
#  Target aligned region: 1:'AA'869-1:'AA'869,9:'AA'860-9:'AA'860

	G...A
	G...A

#  Matched base-pairing interactions: 
	<G(0:)-A(5:) trans S/H>                        MATCHES	<G(1:'AA'869)-A(9:'AA'860) trans S/H>
#  Matched base-stacking interactions: 

>>>>>>>>>>   ALIGNMENT ENDS   >>>>>>>>>>

<<<<<<<<<<  ALIGNMENT BEGINS  <<<<<<<<<<

#  Aligning Eloop_consensus and 4ybb_AA:1164-1166_1167-1170_1087-1088:
#  Alignment score:  22.2
#  P-value:  1.286e-01
#  Query aligned region: 0-0,5-5
#  Target aligned region: 1:'AA'1166-1:'AA'1166,5:'AA'1170-5:'AA'1170

	G...A
	G...A

#  Matched base-pairing interactions: 
	<G(0:)-A(5:) trans S/H>                        MATCHES	<G(1:'AA'1166)-A(5:'AA'1170) trans S/H>
#  Matched base-stacking interactions: 

>>>>>>>>>>   ALIGNMENT ENDS   >>>>>>>>>>

<<<<<<<<<<  ALIGNMENT BEGINS  <<<<<<<<<<

#  Aligning Eloop_consensus and 4ybb_AA:157-163:
#  Alignment score:  22.2
#  P-value:  1.286e-01
#  Query aligned region: 0-0,5-5
#  Target aligned region: 1:'AA'159-4:'AA'162

	G...A
	G...A

#  Matched base-pairing interactions: 
	<G(0:)-A(5:) trans S/H>                        MATCHES	<G(1:'AA'159)-A(4:'AA'162) trans S/H>
#  Matched base-stacking interactions: 

>>>>>>>>>>   ALIGNMENT ENDS   >>>>>>>>>>

<<<<<<<<<<  ALIGNMENT BEGINS  <<<<<<<<<<

#  Aligning Eloop_consensus and 4ybb_AA:355-358_350-352_52-55:
#  Alignment score:  22
#  P-value:  1.323e-01
#  Query aligned region: 0-1,4-5
#  Target aligned region: 1:'AA'357-1:'AA'357,4:'AA'351-4:'AA'351,8:'AA'54-9:'AA'55

	G~A...UA
	G~G...CA

#  Matched base-pairing interactions: 
	<G(0:)-A(5:) trans S/H>                        MATCHES	<G(1:'AA'357)-A(9:'AA'55) trans S/H>
	<A(1:)-U(4:) trans H/W>                        MATCHES	<G(4:'AA'351)-C(8:'AA'54) cis -/->
#  Matched base-stacking interactions: 

>>>>>>>>>>   ALIGNMENT ENDS   >>>>>>>>>>

<<<<<<<<<<  ALIGNMENT BEGINS  <<<<<<<<<<

#  Aligning Eloop_consensus and 4ybb_AA:1198-1205_1051-1057:
#  Alignment score:  21.8
#  P-value:  1.361e-01
#  Query aligned region: 2-2,3-3
#  Target aligned region: 3:'AA'1202-3:'AA'1202,14:'AA'1058-14:'AA'1058

	G...G
	U...G

#  Matched base-pairing interactions: 
	<G(2:)-G(3:) trans H/S>                        MATCHES	<U(3:'AA'1202)-G(14:'AA'1058) trans H/S>
#  Matched base-stacking interactions: 

>>>>>>>>>>   ALIGNMENT ENDS   >>>>>>>>>>

<<<<<<<<<<  ALIGNMENT BEGINS  <<<<<<<<<<

#  Aligning Eloop_consensus and 4ybb_AA:764-767_1522-1524_810-815:
#  Alignment score:  21.2
#  P-value:  1.485e-01
#  Query aligned region: 1-2,3-4
#  Target aligned region: 1:'AA'766-2:'AA'767,5:'AA'1524-5:'AA'1524,9:'AA'813-9:'AA'813

	AG...G~U
	AA...C~U

#  Matched base-pairing interactions: 
	<A(1:)-U(4:) trans H/W>                        MATCHES	<A(1:'AA'766)-U(9:'AA'813) trans H/W>
	<G(2:)-G(3:) trans H/S>                        MATCHES	<A(2:'AA'767)-C(5:'AA'1524) cis S/S>
#  Matched base-stacking interactions: 

>>>>>>>>>>   ALIGNMENT ENDS   >>>>>>>>>>

<<<<<<<<<<  ALIGNMENT BEGINS  <<<<<<<<<<

#  Aligning Eloop_consensus and 4ybb_AA:307-308_291-292_303-304:
#  Alignment score:  20.6
#  P-value:  1.628e-01
#  Query aligned region: 2-2,3-3
#  Target aligned region: 2:'AA'292-2:'AA'292,5:'AA'305-5:'AA'305

	G...G
	G...G

#  Matched base-pairing interactions: 
	<G(2:)-G(3:) trans H/S>                        MATCHES	<G(2:'AA'292)-G(5:'AA'305) trans H/S>
#  Matched base-stacking interactions: 

>>>>>>>>>>   ALIGNMENT ENDS   >>>>>>>>>>

<<<<<<<<<<  ALIGNMENT BEGINS  <<<<<<<<<<

#  Aligning Eloop_consensus and 4ybb_AA:97-101_66-70:
#  Alignment score:  19
#  P-value:  2.126e-01
#  Query aligned region: 2-2,3-3
#  Target aligned region: 2:'AA'100-2:'AA'100,7:'AA'69-7:'AA'69

	G...G
	G...G

#  Matched base-pairing interactions: 
	<G(2:)-G(3:) trans H/S>                        MATCHES	<G(2:'AA'100)-G(7:'AA'69) trans H/S>
#  Matched base-stacking interactions: 

>>>>>>>>>>   ALIGNMENT ENDS   >>>>>>>>>>

<<<<<<<<<<  ALIGNMENT BEGINS  <<<<<<<<<<

#  Aligning Eloop_consensus and 4ybb_AA:892-893_280-283_241-246:
#  Alignment score:  19
#  P-value:  2.126e-01
#  Query aligned region: 0-0,5-5
#  Target aligned region: 2:'AA'281-2:'AA'281,10:'AA'246-10:'AA'246

	G...A
	G...A

#  Matched base-pairing interactions: 
	<G(0:)-A(5:) trans S/H>                        MATCHES	<G(2:'AA'281)-A(10:'AA'246) trans S/H>
#  Matched base-stacking interactions: 

>>>>>>>>>>   ALIGNMENT ENDS   >>>>>>>>>>

<<<<<<<<<<  ALIGNMENT BEGINS  <<<<<<<<<<

#  Aligning Eloop_consensus and 4ybb_AA:1375-1382_932-937:
#  Alignment score:  19
#  P-value:  2.126e-01
#  Query aligned region: 0-0,5-5
#  Target aligned region: 1:'AA'1377-2:'AA'1378

	G...A
	A...C

#  Matched base-pairing interactions: 
	<G(0:)-A(5:) trans S/H>                        MATCHES	<A(1:'AA'1377)-C(2:'AA'1378) trans S/H>
#  Matched base-stacking interactions: 

>>>>>>>>>>   ALIGNMENT ENDS   >>>>>>>>>>

<<<<<<<<<<  ALIGNMENT BEGINS  <<<<<<<<<<

#  Aligning Eloop_consensus and 4ybb_AA:1394-1398_1500-1503:
#  Alignment score:  18.2
#  P-value:  2.466e-01
#  Query aligned region: 0-0,5-5
#  Target aligned region: 3:'AA'1398-4:'AA'1399

	G...A
	A...C

#  Matched base-pairing interactions: 
	<G(0:)-A(5:) trans S/H>                        MATCHES	<A(3:'AA'1398)-C(4:'AA'1399) trans S/H>
#  Matched base-stacking interactions: 

>>>>>>>>>>   ALIGNMENT ENDS   >>>>>>>>>>

<<<<<<<<<<  ALIGNMENT BEGINS  <<<<<<<<<<

#  Aligning Eloop_consensus and 4ybb_AA:620-622_616-619_399-401:
#  Alignment score:  16.2
#  P-value:  3.779e-01
#  Query aligned region: 0-2,3-5
#  Target aligned region: 0:'AA'621-2:'AA'623,3:'AA'617-4:'AA'618,8:'AA'401-8:'AA'401

	GAG...GU~A
	AAC...GC~C

#  Matched base-pairing interactions: 
	<G(2:)-G(3:) trans H/S>                        MATCHES	<C(2:'AA'623)-G(3:'AA'617) cis W/W>
	<G(0:)-A(5:) trans S/H>                        MATCHES	<A(0:'AA'621)-C(8:'AA'401) cis -/->
	<A(1:)-U(4:) trans H/W>                        MATCHES	<A(1:'AA'622)-C(4:'AA'618) trans H/W>
#  Matched base-stacking interactions: 

>>>>>>>>>>   ALIGNMENT ENDS   >>>>>>>>>>

<<<<<<<<<<  ALIGNMENT BEGINS  <<<<<<<<<<

#  Aligning Eloop_consensus and 4ybb_AA:1369-1370_1286-1289_1246-1249:
#  Alignment score:  15.6
#  P-value:  4.383e-01
#  Query aligned region: 0-2,3-5
#  Target aligned region: 3:'AA'1288-5:'AA'1290,6:'AA'1247-8:'AA'1249

	GAG...GUA
	AAG...UAC

#  Matched base-pairing interactions: 
	<G(2:)-G(3:) trans H/S>                        MATCHES	<G(5:'AA'1290)-U(6:'AA'1247) cis W/W>
	<A(1:)-U(4:) trans H/W>                        MATCHES	<A(4:'AA'1289)-A(7:'AA'1248) trans H/W>
	<G(0:)-A(5:) trans S/H>                        MATCHES	<A(3:'AA'1288)-C(8:'AA'1249) trans H/W>
#  Matched base-stacking interactions: 

>>>>>>>>>>   ALIGNMENT ENDS   >>>>>>>>>>

<<<<<<<<<<  ALIGNMENT BEGINS  <<<<<<<<<<

#  Aligning Eloop_consensus and 4ybb_AA:206-212:
#  Alignment score:  13.2
#  P-value:  9.143e-01
#  Query aligned region: 0-1,4-5
#  Target aligned region: 0:'AA'207-5:'AA'212

	GA...UA
	CU...GG

#  Matched base-pairing interactions: 
	<A(1:)-U(4:) trans H/W>                        MATCHES	<U(1:'AA'208)-G(4:'AA'211) trans H/W>
	<G(0:)-A(5:) trans S/H>                        MATCHES	<C(0:'AA'207)-G(5:'AA'212) cis -/->
#  Matched base-stacking interactions: 

>>>>>>>>>>   ALIGNMENT ENDS   >>>>>>>>>>

<<<<<<<<<<  ALIGNMENT BEGINS  <<<<<<<<<<

#  Aligning Eloop_consensus and 4ybb_AA:113-115_45-51_359-366:
#  Alignment score:  7.4
#  P-value:  1.000e+00
#  Query aligned region: 1-1,4-4
#  Target aligned region: 6:'AA'49-6:'AA'49,15:'AA'365-15:'AA'365

	A...U
	U...U

#  Matched base-pairing interactions: 
	<A(1:)-U(4:) trans H/W>                        MATCHES	<U(6:'AA'49)-U(15:'AA'365) trans H/W>
#  Matched base-stacking interactions: 

>>>>>>>>>>   ALIGNMENT ENDS   >>>>>>>>>>

<<<<<<<<<<  ALIGNMENT BEGINS  <<<<<<<<<<

#  Aligning Eloop_consensus and 4ybb_AA:1106-1108_1063-1067_1189-1191:
#  Alignment score:  6.8
#  P-value:  1.000e+00
#  Query aligned region: 1-2,3-4
#  Target aligned region: 0:'AA'1107-1:'AA'1108,6:'AA'1067-7:'AA'1068

	AG...GU
	CG...AG

#  Matched base-pairing interactions: 
	<G(2:)-G(3:) trans H/S>                        MATCHES	<G(1:'AA'1108)-A(6:'AA'1067) cis -/->
	<A(1:)-U(4:) trans H/W>                        MATCHES	<C(0:'AA'1107)-G(7:'AA'1068) cis W/W>
#  Matched base-stacking interactions: 

>>>>>>>>>>   ALIGNMENT ENDS   >>>>>>>>>>

<<<<<<<<<<  ALIGNMENT BEGINS  <<<<<<<<<<

#  Aligning Eloop_consensus and 4ybb_AA:359-366_113-115_45-51:
#  Alignment score:  5.8
#  P-value:  1.000e+00
#  Query aligned region: 1-2,3-4
#  Target aligned region: 4:'AA'364-4:'AA'364,9:'AA'115-10:'AA'116,13:'AA'48-13:'AA'48

	A~G...G~U
	A~G...A~C

#  Matched base-pairing interactions: 
	<A(1:)-U(4:) trans H/W>                        MATCHES	<A(4:'AA'364)-C(13:'AA'48) trans W/H>
	<G(2:)-G(3:) trans H/S>                        MATCHES	<G(9:'AA'115)-A(10:'AA'116) cis S/H>
#  Matched base-stacking interactions: 

>>>>>>>>>>   ALIGNMENT ENDS   >>>>>>>>>>

<<<<<<<<<<  ALIGNMENT BEGINS  <<<<<<<<<<

#  Aligning Eloop_consensus and 4ybb_AA:1368-1370_1247-1250_1286-1289:
#  Alignment score:  5.4
#  P-value:  1.000e+00
#  Query aligned region: 1-2,3-4
#  Target aligned region: 0:'AA'1369-1:'AA'1370,5:'AA'1250-6:'AA'1251

	AG...GU
	CG...AA

#  Matched base-pairing interactions: 
	<G(2:)-G(3:) trans H/S>                        MATCHES	<G(1:'AA'1370)-A(5:'AA'1250) cis -/->
	<A(1:)-U(4:) trans H/W>                        MATCHES	<C(0:'AA'1369)-A(6:'AA'1251) cis -/->
#  Matched base-stacking interactions: 

>>>>>>>>>>   ALIGNMENT ENDS   >>>>>>>>>>

<<<<<<<<<<  ALIGNMENT BEGINS  <<<<<<<<<<

#  Aligning Eloop_consensus and 4ybb_AA:1175-1178_1155-1159_1179-1181:
#  Alignment score:  5.4
#  P-value:  1.000e+00
#  Query aligned region: 0-1,4-5
#  Target aligned region: 2:'AA'1178-3:'AA'1179,4:'AA'1156-4:'AA'1156,9:'AA'1180-9:'AA'1180

	GA...U~A
	GA...G~A

#  Matched base-pairing interactions: 
	<G(0:)-A(5:) trans S/H>                        MATCHES	<G(2:'AA'1178)-A(9:'AA'1180) cis -/->
	<A(1:)-U(4:) trans H/W>                        MATCHES	<A(3:'AA'1179)-G(4:'AA'1156) trans W/S>
#  Matched base-stacking interactions: 

>>>>>>>>>>   ALIGNMENT ENDS   >>>>>>>>>>

<<<<<<<<<<  ALIGNMENT BEGINS  <<<<<<<<<<

#  Aligning Eloop_consensus and 4ybb_AA:480-481_368-375_386-390:
#  Alignment score:  4.6
#  P-value:  1.000e+00
#  Query aligned region: 2-2,3-3
#  Target aligned region: 2:'AA'369-2:'AA'369,11:'AA'388-11:'AA'388

	G...G
	G...G

#  Matched base-pairing interactions: 
	<G(2:)-G(3:) trans H/S>                        MATCHES	<G(2:'AA'369)-G(11:'AA'388) cis -/->
#  Matched base-stacking interactions: 

>>>>>>>>>>   ALIGNMENT ENDS   >>>>>>>>>>

<<<<<<<<<<  ALIGNMENT BEGINS  <<<<<<<<<<

#  Aligning Eloop_consensus and 4ybb_AA:359-366_45-51_113-115:
#  Alignment score:  4.6
#  P-value:  1.000e+00
#  Query aligned region: 0-0,5-5
#  Target aligned region: 0:'AA'360-0:'AA'360,12:'AA'50-12:'AA'50

	G...A
	G...A

#  Matched base-pairing interactions: 
	<G(0:)-A(5:) trans S/H>                        MATCHES	<G(0:'AA'360)-A(12:'AA'50) cis -/->
#  Matched base-stacking interactions: 

>>>>>>>>>>   ALIGNMENT ENDS   >>>>>>>>>>

<<<<<<<<<<  ALIGNMENT BEGINS  <<<<<<<<<<

#  Aligning Eloop_consensus and 4ybb_AA:583-587_752-753_754-756:
#  Alignment score:  4.4
#  P-value:  1.000e+00
#  Query aligned region: 1-2,3-4
#  Target aligned region: 2:'AA'586-3:'AA'587,6:'AA'754-6:'AA'754,7:'AA'755-7:'AA'755

	AG...G~U
	CG...C~G

#  Matched base-pairing interactions: 
	<G(2:)-G(3:) trans H/S>                        MATCHES	<G(3:'AA'587)-C(6:'AA'754) cis -/->
	<A(1:)-U(4:) trans H/W>                        MATCHES	<C(2:'AA'586)-G(7:'AA'755) cis W/W>
#  Matched base-stacking interactions: 

>>>>>>>>>>   ALIGNMENT ENDS   >>>>>>>>>>

<<<<<<<<<<  ALIGNMENT BEGINS  <<<<<<<<<<

#  Aligning Eloop_consensus and 4ybb_AA:1230-1232_969-970_948-950:
#  Alignment score:  3.8
#  P-value:  1.000e+00
#  Query aligned region: 0-0,5-5
#  Target aligned region: 4:'AA'971-4:'AA'971,5:'AA'949-5:'AA'949

	G...A
	G...A

#  Matched base-pairing interactions: 
	<G(0:)-A(5:) trans S/H>                        MATCHES	<G(4:'AA'971)-A(5:'AA'949) trans H/S>
#  Matched base-stacking interactions: 

>>>>>>>>>>   ALIGNMENT ENDS   >>>>>>>>>>

<<<<<<<<<<  ALIGNMENT BEGINS  <<<<<<<<<<

#  Aligning Eloop_consensus and 4ybb_AA:1333-1336_1296-1302_1236-1240:
#  Alignment score:  3.4
#  P-value:  1.000e+00
#  Query aligned region: 2-2,3-3
#  Target aligned region: 14:'AA'1240-15:'AA'1241

	G...G
	U...G

#  Matched base-pairing interactions: 
	<G(2:)-G(3:) trans H/S>                        MATCHES	<U(14:'AA'1240)-G(15:'AA'1241) trans S/H>
#  Matched base-stacking interactions: 

>>>>>>>>>>   ALIGNMENT ENDS   >>>>>>>>>>

<<<<<<<<<<  ALIGNMENT BEGINS  <<<<<<<<<<

#  Aligning Eloop_consensus and 4ybb_AA:1230-1232_948-950_969-970:
#  Alignment score:  3.4
#  P-value:  1.000e+00
#  Query aligned region: 2-2,3-3
#  Target aligned region: 5:'AA'951-5:'AA'951,6:'AA'970-6:'AA'970

	G...G
	G...C

#  Matched base-pairing interactions: 
	<G(2:)-G(3:) trans H/S>                        MATCHES	<G(5:'AA'951)-C(6:'AA'970) cis -/->
#  Matched base-stacking interactions: 

>>>>>>>>>>   ALIGNMENT ENDS   >>>>>>>>>>

<<<<<<<<<<  ALIGNMENT BEGINS  <<<<<<<<<<

#  Aligning Eloop_consensus and 4ybb_AA:754-756_583-587_752-753:
#  Alignment score:  3.2
#  P-value:  1.000e+00
#  Query aligned region: 2-2,3-3
#  Target aligned region: 2:'AA'757-2:'AA'757,3:'AA'584-3:'AA'584

	G...G
	U...G

#  Matched base-pairing interactions: 
	<G(2:)-G(3:) trans H/S>                        MATCHES	<U(2:'AA'757)-G(3:'AA'584) cis W/W>
#  Matched base-stacking interactions: 

>>>>>>>>>>   ALIGNMENT ENDS   >>>>>>>>>>

<<<<<<<<<<  ALIGNMENT BEGINS  <<<<<<<<<<

#  Aligning Eloop_consensus and 4ybb_AA:143-145_175-178:
#  Alignment score:  2.7
#  P-value:  1.000e+00
#  Query aligned region: 
#  Target aligned region: 

	
	

#  Matched base-pairing interactions: 
#  Matched base-stacking interactions: 

>>>>>>>>>>   ALIGNMENT ENDS   >>>>>>>>>>

<<<<<<<<<<  ALIGNMENT BEGINS  <<<<<<<<<<

#  Aligning Eloop_consensus and 4ybb_AA:583-587_754-756_752-753:
#  Alignment score:  2.5
#  P-value:  1.000e+00
#  Query aligned region: 
#  Target aligned region: 

	
	

#  Matched base-pairing interactions: 
#  Matched base-stacking interactions: 

>>>>>>>>>>   ALIGNMENT ENDS   >>>>>>>>>>

<<<<<<<<<<  ALIGNMENT BEGINS  <<<<<<<<<<

#  Aligning Eloop_consensus and 4ybb_AA:752-753_583-587_754-756:
#  Alignment score:  2.3
#  P-value:  1.000e+00
#  Query aligned region: 
#  Target aligned region: 

	
	

#  Matched base-pairing interactions: 
#  Matched base-stacking interactions: 

>>>>>>>>>>   ALIGNMENT ENDS   >>>>>>>>>>

<<<<<<<<<<  ALIGNMENT BEGINS  <<<<<<<<<<

#  Aligning Eloop_consensus and 4ybb_AA:326-331_109-110_58-59:
#  Alignment score:  2.2
#  P-value:  1.000e+00
#  Query aligned region: 
#  Target aligned region: 

	
	

#  Matched base-pairing interactions: 
#  Matched base-stacking interactions: 

>>>>>>>>>>   ALIGNMENT ENDS   >>>>>>>>>>

<<<<<<<<<<  ALIGNMENT BEGINS  <<<<<<<<<<

#  Aligning Eloop_consensus and 4ybb_AA:1295-1300_1237-1239:
#  Alignment score:  2.2
#  P-value:  1.000e+00
#  Query aligned region: 1-2,3-4
#  Target aligned region: 3:'AA'1299-5:'AA'1301,7:'AA'1239-7:'AA'1239

	AG...G~U
	AG...U~A

#  Matched base-pairing interactions: 
	<A(1:)-U(4:) trans H/W>                        MATCHES	<A(3:'AA'1299)-A(7:'AA'1239) cis W/H>
	<G(2:)-G(3:) trans H/S>                        MATCHES	<G(4:'AA'1300)-U(5:'AA'1301) cis S/H>
#  Matched base-stacking interactions: 

>>>>>>>>>>   ALIGNMENT ENDS   >>>>>>>>>>

<<<<<<<<<<  ALIGNMENT BEGINS  <<<<<<<<<<

#  Aligning Eloop_consensus and 4ybb_AA:1025-1027_1032-1034:
#  Alignment score:  2.2
#  P-value:  1.000e+00
#  Query aligned region: 
#  Target aligned region: 

	
	

#  Matched base-pairing interactions: 
#  Matched base-stacking interactions: 

>>>>>>>>>>   ALIGNMENT ENDS   >>>>>>>>>>

<<<<<<<<<<  ALIGNMENT BEGINS  <<<<<<<<<<

#  Aligning Eloop_consensus and 4ybb_AA:754-756_752-753_583-587:
#  Alignment score:  2.1
#  P-value:  1.000e+00
#  Query aligned region: 
#  Target aligned region: 

	
	

#  Matched base-pairing interactions: 
#  Matched base-stacking interactions: 

>>>>>>>>>>   ALIGNMENT ENDS   >>>>>>>>>>

<<<<<<<<<<  ALIGNMENT BEGINS  <<<<<<<<<<

#  Aligning Eloop_consensus and 4ybb_AA:563-565_298-299:
#  Alignment score:  2
#  P-value:  1.000e+00
#  Query aligned region: 
#  Target aligned region: 

	
	

#  Matched base-pairing interactions: 
#  Matched base-stacking interactions: 

>>>>>>>>>>   ALIGNMENT ENDS   >>>>>>>>>>

<<<<<<<<<<  ALIGNMENT BEGINS  <<<<<<<<<<

#  Aligning Eloop_consensus and 4ybb_AA:220-222_140-142:
#  Alignment score:  1.9
#  P-value:  1.000e+00
#  Query aligned region: 
#  Target aligned region: 

	
	

#  Matched base-pairing interactions: 
#  Matched base-stacking interactions: 

>>>>>>>>>>   ALIGNMENT ENDS   >>>>>>>>>>

<<<<<<<<<<  ALIGNMENT BEGINS  <<<<<<<<<<

#  Aligning Eloop_consensus and 4ybb_AA:140-142_220-222:
#  Alignment score:  1.9
#  P-value:  1.000e+00
#  Query aligned region: 
#  Target aligned region: 

	
	

#  Matched base-pairing interactions: 
#  Matched base-stacking interactions: 

>>>>>>>>>>   ALIGNMENT ENDS   >>>>>>>>>>

<<<<<<<<<<  ALIGNMENT BEGINS  <<<<<<<<<<

#  Aligning Eloop_consensus and 4ybb_AA:175-178_143-145:
#  Alignment score:  1.9
#  P-value:  1.000e+00
#  Query aligned region: 
#  Target aligned region: 

	
	

#  Matched base-pairing interactions: 
#  Matched base-stacking interactions: 

>>>>>>>>>>   ALIGNMENT ENDS   >>>>>>>>>>

<<<<<<<<<<  ALIGNMENT BEGINS  <<<<<<<<<<

#  Aligning Eloop_consensus and 4ybb_AA:298-299_563-565:
#  Alignment score:  1.7
#  P-value:  1.000e+00
#  Query aligned region: 
#  Target aligned region: 

	
	

#  Matched base-pairing interactions: 
#  Matched base-stacking interactions: 

>>>>>>>>>>   ALIGNMENT ENDS   >>>>>>>>>>

<<<<<<<<<<  ALIGNMENT BEGINS  <<<<<<<<<<

#  Aligning Eloop_consensus and 4ybb_AA:286-287_117-121:
#  Alignment score:  1.5
#  P-value:  1.000e+00
#  Query aligned region: 
#  Target aligned region: 

	
	

#  Matched base-pairing interactions: 
#  Matched base-stacking interactions: 

>>>>>>>>>>   ALIGNMENT ENDS   >>>>>>>>>>

<<<<<<<<<<  ALIGNMENT BEGINS  <<<<<<<<<<

#  Aligning Eloop_consensus and 4ybb_AA:1032-1034_1025-1027:
#  Alignment score:  1.5
#  P-value:  1.000e+00
#  Query aligned region: 
#  Target aligned region: 

	
	

#  Matched base-pairing interactions: 
#  Matched base-stacking interactions: 

>>>>>>>>>>   ALIGNMENT ENDS   >>>>>>>>>>

