PDB data file name: 3p49.pdb_new
-----------------------------------------------------------
CRITERIA USED TO GENERATE BASE-PAIR: 
  3.40 --> upper H-bond length limits (ON..ON).
 26.00 --> max. distance between paired base origins.
  2.50 --> max. vertical distance between paired base origins.
 65.00 --> max. angle between paired bases [0-90].
  5.40 --> min. distance between RN9/YN1 atoms.
  8.00 --> max. distance criterion for helix break[0-12]
-----------------------------------------------------------
BASE-PAIR INSTRUCTIONS: 
Column 1 is rnaview assigned base numbers n1_n2, start from 1.
Column 2 & 3 are chain ID & residue number in input PDB file.
Column 4 is for base pair. The left & right are the bases as 
         identified by column 2 & 3 and 5 & 6.
Column 5 & 6 are residue number & chain ID in input PDB file.
Column 7 is for base pair annotation. The standard Watson-Crick
         (W.C.) pairs are annotated as -/- (AU,AT) or +/+ (GC).
         Other pairs are annotated as Leontis_Westhof Classification.
         The three edges: W(Watson-Crick); H(Hoogsteen); S(suger).
         e.g. W/H means the pair is edge of Watson-Crick & Hoogsteen.
Column 8 is glycosidic bond orientation (either cis or trans).
         e.g. 'W/H cis' means the pair is interaction on Watson-Crick
         and Hoogsteen side, glycosidic bond orientation is 'cis'.
Column 9 corresponds to Saenger Classification.

Other columns: 
        Syn sugar-base conformations are annotated as (syn).
        Stacked base pairs are annotated as (stack).
        Non-identified edges are annotated as (.) or (?)
        Tertiary interactions are marked by (!) in the line.
Reference:
Yang et al (2003) Nucleic Acids Research, Vol31,No13,p3450-3461.
-----------------------------------------------------------
BEGIN_base-pair
     1_83, A:     0 G-G    72 A: W/W cis         n/a
     2_82, A:     1 G-U    71 A: W/W cis         XXVIII
     4_80, A:     3 U-A    69 A: -/- cis         XX
      5_6, A:     4 A-U     5 A:      stacked
     5_79, A:     4 A-U    68 A: -/- cis         XX
     6_78, A:     5 U-A    67 A: -/- cis         XX
     7_77, A:     6 G-C    66 A: +/+ cis         XIX
     8_76, A:     7 A-U    65 A: -/- cis         XX
     9_75, A:     8 G-C    64 A: +/+ cis         XIX
    10_74, A:     9 G-A    63 A: S/H tran        XI
    10_75, A:     9 G-C    64 A:      stacked
    12_45, A:    11 G-C    34 A: S/s cis         n/a
    14_42, A:    13 G-C    31 A: +/+ cis    syn    XIX
    16_41, A:    15 U-A    30 A: -/- cis         XX
    17_40, A:    16 U-A    29 A: -/- cis         XX
    19_38, A:    18 C-G    27 A: W/W cis         n/a
    22_35, A:   721 C-G   734 A: +/+ cis         XIX
    23_34, A:   722 C-G   733 A: +/+ cis         XIX
    23_35, A:   722 C-G   734 A:      stacked
    24_25, A:   723 A-U   724 A:      stacked
    43_66, A:    32 A-U    55 A: -/- cis         XX
    44_65, A:    33 C-G    54 A: +/+ cis         XIX
    45_46, A:    34 C-G    35 A:      stacked
    45_64, A:    34 C-G    53 A: +/+ cis         XIX
    48_63, A:    37 A-A    52 A: H/S tran        n/a
    50_60, A:    39 A-U    49 A: -/- cis         XX
    51_59, A:    40 A-U    48 A: W/W cis         n/a
    52_53, A:    41 G-U    42 A:      stacked
    52_58, A:    41 G-C    47 A: +/+ cis         XIX
    53_56, A:    42 U-A    45 A: W/H tran        XXIV
   54_167, A:    43 A-G   156 A: S/s cis         n/a
    56_95, A:    45 A-G    84 A: S/S tran        n/a
   57_148, A:    46 U-A   137 A: W/H cis      syn  XXIII
    58_59, A:    47 C-U    48 A:      stacked
   77_129, A:    66 C-A   118 A: S/W tran        n/a
    81_82, A:    70 U-U    71 A:      stacked
   91_169, A:    80 C-G   158 A: +/+ cis         XIX
   92_168, A:    81 U-A   157 A: -/- cis         XX
   93_167, A:    82 C-G   156 A: +/+ cis         XIX
   94_166, A:    83 U-G   155 A: W/W cis         XXVIII
   95_165, A:    84 G-C   154 A: +/+ cis         XIX
   96_164, A:    85 G-A   153 A: S/H tran        XI
   96_165, A:    85 G-C   154 A:      stacked
    97_98, A:    86 A-G    87 A:      stacked
  100_102, A:    89 G-U    91 A:      stacked
  100_117, A:    89 G-C   106 A: W/W tran        XXII
  102_116, A:    91 U-A   105 A: W/W cis         n/a
  103_115, A:    92 U-A   104 A: -/- cis         XX
  103_116, A:    92 U-A   105 A:      stacked
  104_105, A:    93 A-U    94 A:      stacked
  104_114, A:    93 A-U   103 A: -/- cis         XX
  105_113, A:    94 U-A   102 A: -/- cis         XX
  106_112, A:    95 C-G   101 A: +/+ cis         XIX
  107_108, A:    96 U-A    97 A:      stacked
  114_115, A:   103 U-A   104 A:      stacked
  116_117, A:   105 A-C   106 A:      stacked
  118_157, A:   107 A-U   146 A: W/W cis         n/a
  119_156, A:   108 C-G   145 A: +/+ cis         XIX
  120_121, A:   109 C-G   110 A:      stacked
  120_155, A:   109 C-G   144 A: +/+ cis         XIX
  123_154, A:   112 A-A   143 A: H/W tran        V
  124_153, A:   113 G-C   142 A: +/+ cis         XIX
  125_151, A:   114 G-C   140 A: +/+ cis         XIX
  125_153, A:   114 G-C   142 A:      stacked
  126_150, A:   115 A-U   139 A: -/- cis         XX
  127_149, A:   116 G-C   138 A: +/+ cis         XIX
  128_147, A:   117 C-A   136 A: W/H tran        XXV
  131_144, A:   120 A-C   133 A: W/W cis         n/a
  132_143, A:   121 G-C   132 A: +/+ cis         XIX
  133_142, A:   122 C-G   131 A: +/+ cis         XIX
  134_141, A:   123 U-A   130 A: W/W cis         n/a
  136_141, A:   125 A-A   130 A: H/S cis         n/a
  144_145, A:   133 C-U   134 A:      stacked
  151_152, A:   140 C-U   141 A:      stacked
  156_157, A:   145 G-U   146 A:      stacked
  164_165, A:   153 A-C   154 A:      stacked
    12_72, A:    11 G-G    61 A: H/W tran        !1H(b_b)
   54_166, A:    43 A-G   155 A: W/W cis         !1H(b_b).
    88_90, A:    77 A-C    79 A: W/W cis         !1H(b_b).
   97_162, A:    86 A-G   151 A: H/W tran        !1H(b_b)
   98_162, A:    87 G-G   151 A: W/W tran        !1H(b_b)
  119_157, A:   108 C-U   146 A: W/W cis         !1H(b_b).
  136_139, A:   125 A-U   128 A: W/W tran        !1H(b_b).
    9_147, A:     8 G-A   136 A: S/W tran        !(b_s)
    12_46, A:    11 G-G    35 A: S/S cis         !(b_s)
    13_65, A:    12 A-G    54 A: W/S tran        !(b_s)
    47_73, A:    36 A-G    62 A: S/S cis         !(b_s)
    54_94, A:    43 A-U    83 A: W/S tran        !(b_s)
   78_130, A:    67 A-A   119 A: S/W tran        !(b_s)
   99_156, A:    88 A-G   145 A: S/S tran        !(b_s)
    7_130, A:     6 G-A   119 A: S/S cis         !(s_s)
    8_129, A:     7 A-A   118 A: s/S cis         !(s_s)
    11_72, A:    10 A-G    61 A: H/W tran        !(s_s)
    11_73, A:    10 A-G    62 A: H/S tran        !(s_s)
    13_44, A:    12 A-C    33 A: s/S cis         !(s_s)
    14_67, A:    13 G-A    56 A: S/? cis    syn    !(s_s)
    15_16, A:    14 A-U    15 A: S/? tran        !(s_s)
    27_28, A:   726 G-C   727 A: S/. cis    syn    !(s_s)
    31_32, A:   730 U-C   731 A: S/S cis      syn  !(s_s)
    46_47, A:    35 G-A    36 A: S/S cis         !(s_s)
    47_48, A:    36 A-A    37 A: S/. tran        !(s_s)
    57_58, A:    46 U-C    47 A: S/H cis         !(s_s)
    61_62, A:    50 U-C    51 A: S/H cis         !(s_s)
   76_146, A:    65 U-A   135 A: s/S cis         !(s_s)
   78_131, A:    67 A-A   120 A: S/S cis         !(s_s)
    85_86, A:    74 A-C    75 A: S/? cis         !(s_s)
    86_87, A:    75 C-G    76 A: S/? cis         !(s_s)
    88_89, A:    77 A-A    78 A: S/H cis         !(s_s)
    94_95, A:    83 U-G    84 A: S/H cis         !(s_s)
   97_163, A:    86 A-G   152 A: H/S tran        !(s_s)
   98_120, A:    87 G-C   109 A: S/s cis         !(s_s)
   99_119, A:    88 A-C   108 A: s/S cis         !(s_s)
  101_102, A:    90 C-U    91 A: S/. tran        !(s_s)
  101_111, A:    90 C-A   100 A: S/? tran        !(s_s)
  108_109, A:    97 A-A    98 A: S/H cis         !(s_s)
  109_110, A:    98 A-G    99 A: S/? cis         !(s_s)
  110_111, A:    99 G-A   100 A: S/S cis         !(s_s)
  111_158, A:   100 A-A   147 A: S/H cis         !(s_s)
  121_122, A:   110 G-A   111 A: S/S cis         !(s_s)
  122_123, A:   111 A-A   112 A: S/. cis         !(s_s)
  129_145, A:   118 A-U   134 A: H/S tran        !(s_s)
  139_140, A:   128 U-U   129 A: S/S tran        !(s_s)
  148_149, A:   137 A-C   138 A: S/H cis    syn    !(s_s)
  152_153, A:   141 U-C   142 A: S/H cis         !(s_s)
END_base-pair

Summary of triplets and higher multiplets
BEGIN_multiplets
7_77_129_| [1 3]  A: 6 G  +  A: 66 C  +  A: 118 A
12_45_64_| [2 3]  A: 11 G  +  A: 34 C  +  A: 53 G
53_56_95_165_| [3 4]  A: 42 U  +  A: 45 A  +  A: 84 G  +  A: 154 C
54_93_167_| [4 3]  A: 43 A  +  A: 82 C  +  A: 156 G
134_136_141_| [5 3]  A: 123 U  +  A: 125 A  +  A: 130 A
END_multiplets

  The total base pairs =  54 (from  169 bases)
------------------------------------------------
 Standard  WW--cis  WW-tran  HH--cis  HH-tran  SS--cis  SS-tran
       32        9        1        0        0        2        1
  WH--cis  WH-tran  WS--cis  WS-tran  HS--cis  HS-tran
        1        3        0        1        1        3
------------------------------------------------
