$ /home/s081p868/scratch/RNAMotifScanX-release/bin/scan /home/s081p868/scratch/RNAMotifScanX-release/models/reverse-kturn_consensus.struct /rfs/poseidon_share/s081p868/RNAMotifScanX_nr/rmsx_work_default/4v88/A2/4v88_A2.rmsx.in --map_pdb=/rfs/poseidon_share/s081p868/RNAMotifScanX_nr/rmsx_work_default/4v88/A2/4v88_A2.rmsx.nch --pvalue 1.0 --num_threads 16 --write_alignment
<<<<<<<<<<  ALIGNMENT BEGINS  <<<<<<<<<<

#  Aligning reverse-kturn_conseusns and 4v88_A2:1110-1117_1128-1133:
#  Alignment score:  62.4
#  P-value:  1.366e-02
#  Query aligned region: 0-2,8-10
#  Target aligned region: 0:'A2'1111-2:'A2'1113,11:'A2'1132-13:'A2'1134

	GGA...AAC
	GGA...AAC

#  Matched base-pairing interactions: 
	<A(2:)-A(8:) trans H/H>                        MATCHES	<A(2:'A2'1113)-A(11:'A2'1132) trans H/H>
	<G(1:)-A(9:) trans S/H>                        MATCHES	<G(1:'A2'1112)-A(12:'A2'1133) trans S/H>
	<G(0:)-C(10:) cis W/W>                         MATCHES	<G(0:'A2'1111)-C(13:'A2'1134) cis W/W>
#  Matched base-stacking interactions: 

>>>>>>>>>>   ALIGNMENT ENDS   >>>>>>>>>>

<<<<<<<<<<  ALIGNMENT BEGINS  <<<<<<<<<<

#  Aligning reverse-kturn_conseusns and 4v88_A2:14-16_1108-1111_1132-1138:
#  Alignment score:  43
#  P-value:  3.698e-02
#  Query aligned region: 0-3,4-10
#  Target aligned region: 0:'A2'15-2:'A2'17,5:'A2'1111-5:'A2'1111,8:'A2'1134-13:'A2'1139

	GGA~G...CACAAAC
	UGC~G...C-UUAAA

#  Matched base-pairing interactions: 
	<G(3:)-C(4:) cis W/W>                          MATCHES	<G(5:'A2'1111)-C(8:'A2'1134) cis W/W>
	<A(2:)-A(8:) trans H/H>                        MATCHES	<C(2:'A2'17)-A(11:'A2'1137) cis -/->
	<G(1:)-A(9:) trans S/H>                        MATCHES	<G(1:'A2'16)-A(12:'A2'1138) trans S/H>
	<G(0:)-C(10:) cis W/W>                         MATCHES	<U(0:'A2'15)-A(13:'A2'1139) cis W/W>
#  Matched base-stacking interactions: 

>>>>>>>>>>   ALIGNMENT ENDS   >>>>>>>>>>

<<<<<<<<<<  ALIGNMENT BEGINS  <<<<<<<<<<

#  Aligning reverse-kturn_conseusns and 4v88_A2:989-996_1007-1013:
#  Alignment score:  39.4
#  P-value:  4.772e-02
#  Query aligned region: 0-3,4-10
#  Target aligned region: 0:'A2'990-4:'A2'994,10:'A2'1010-14:'A2'1014

	GGA-G...CACAAAC
	CGAAG...C--GUAG

#  Matched base-pairing interactions: 
	<G(3:)-C(4:) cis W/W>                          MATCHES	<G(4:'A2'994)-C(10:'A2'1010) cis W/W>
	<A(2:)-A(8:) trans H/H>                        MATCHES	<A(2:'A2'992)-U(12:'A2'1012) cis -/->
	<G(1:)-A(9:) trans S/H>                        MATCHES	<G(1:'A2'991)-A(13:'A2'1013) trans S/H>
	<G(0:)-C(10:) cis W/W>                         MATCHES	<C(0:'A2'990)-G(14:'A2'1014) cis W/W>
#  Matched base-stacking interactions: 

>>>>>>>>>>   ALIGNMENT ENDS   >>>>>>>>>>

<<<<<<<<<<  ALIGNMENT BEGINS  <<<<<<<<<<

#  Aligning reverse-kturn_conseusns and 4v88_A2:964-971_626-633:
#  Alignment score:  38.8
#  P-value:  4.996e-02
#  Query aligned region: 0-3,4-10
#  Target aligned region: 3:'A2'968-7:'A2'972,8:'A2'627-12:'A2'631

	GGA-G...CACAAAC
	UCAAG...C--GUAG

#  Matched base-pairing interactions: 
	<G(3:)-C(4:) cis W/W>                          MATCHES	<G(7:'A2'972)-C(8:'A2'627) cis W/W>
	<A(2:)-A(8:) trans H/H>                        MATCHES	<A(5:'A2'970)-U(10:'A2'629) trans H/W>
	<G(1:)-A(9:) trans S/H>                        MATCHES	<C(4:'A2'969)-A(11:'A2'630) trans S/H>
	<G(0:)-C(10:) cis W/W>                         MATCHES	<U(3:'A2'968)-G(12:'A2'631) cis W/W>
#  Matched base-stacking interactions: 

>>>>>>>>>>   ALIGNMENT ENDS   >>>>>>>>>>

<<<<<<<<<<  ALIGNMENT BEGINS  <<<<<<<<<<

#  Aligning reverse-kturn_conseusns and 4v88_A2:1677-1684_1715-1722:
#  Alignment score:  37.8
#  P-value:  5.406e-02
#  Query aligned region: 0-2,8-10
#  Target aligned region: 0:'A2'1678-2:'A2'1680,13:'A2'1721-15:'A2'1723

	GGA...AAC
	AGG...AAU

#  Matched base-pairing interactions: 
	<A(2:)-A(8:) trans H/H>                        MATCHES	<G(2:'A2'1680)-A(13:'A2'1721) trans S/H>
	<G(1:)-A(9:) trans S/H>                        MATCHES	<G(1:'A2'1679)-A(14:'A2'1722) trans S/H>
	<G(0:)-C(10:) cis W/W>                         MATCHES	<A(0:'A2'1678)-U(15:'A2'1723) cis W/W>
#  Matched base-stacking interactions: 

>>>>>>>>>>   ALIGNMENT ENDS   >>>>>>>>>>

<<<<<<<<<<  ALIGNMENT BEGINS  <<<<<<<<<<

#  Aligning reverse-kturn_conseusns and 4v88_A2:1120-1122_1020-1022_1123-1125:
#  Alignment score:  37.2
#  P-value:  5.677e-02
#  Query aligned region: 0-2,8-10
#  Target aligned region: 0:'A2'1121-1:'A2'1122,4:'A2'1022-4:'A2'1022,6:'A2'1124-8:'A2'1126

	GG~A...AAC
	CG~C...AAG

#  Matched base-pairing interactions: 
	<G(1:)-A(9:) trans S/H>                        MATCHES	<G(1:'A2'1122)-A(7:'A2'1125) trans S/H>
	<A(2:)-A(8:) trans H/H>                        MATCHES	<C(4:'A2'1022)-A(6:'A2'1124) trans S/W>
	<G(0:)-C(10:) cis W/W>                         MATCHES	<C(0:'A2'1121)-G(8:'A2'1126) cis W/W>
#  Matched base-stacking interactions: 

>>>>>>>>>>   ALIGNMENT ENDS   >>>>>>>>>>

<<<<<<<<<<  ALIGNMENT BEGINS  <<<<<<<<<<

#  Aligning reverse-kturn_conseusns and 4v88_A2:1536-1544_1170-1171_1565-1570:
#  Alignment score:  36.6
#  P-value:  5.969e-02
#  Query aligned region: 0-3,4-10
#  Target aligned region: 3:'A2'1540-6:'A2'1543,10:'A2'1172-10:'A2'1172,14:'A2'1569-16:'A2'1571

	GGAG...C~AAC
	GGGA...G~AAC

#  Matched base-pairing interactions: 
	<G(3:)-C(4:) cis W/W>                          MATCHES	<A(6:'A2'1543)-G(10:'A2'1172) trans S/S>
	<A(2:)-A(8:) trans H/H>                        MATCHES	<G(5:'A2'1542)-A(14:'A2'1569) trans S/H>
	<G(1:)-A(9:) trans S/H>                        MATCHES	<G(4:'A2'1541)-A(15:'A2'1570) trans S/H>
	<G(0:)-C(10:) cis W/W>                         MATCHES	<G(3:'A2'1540)-C(16:'A2'1571) cis W/W>
#  Matched base-stacking interactions: 

>>>>>>>>>>   ALIGNMENT ENDS   >>>>>>>>>>

<<<<<<<<<<  ALIGNMENT BEGINS  <<<<<<<<<<

#  Aligning reverse-kturn_conseusns and 4v88_A2:1258-1263_1218-1223:
#  Alignment score:  35.6
#  P-value:  6.507e-02
#  Query aligned region: 0-1,9-10
#  Target aligned region: 4:'A2'1263-5:'A2'1264,6:'A2'1219-7:'A2'1220

	GG...AC
	GG...AC

#  Matched base-pairing interactions: 
	<G(1:)-A(9:) trans S/H>                        MATCHES	<G(5:'A2'1264)-A(6:'A2'1219) trans S/H>
	<G(0:)-C(10:) cis W/W>                         MATCHES	<G(4:'A2'1263)-C(7:'A2'1220) cis W/W>
#  Matched base-stacking interactions: 

>>>>>>>>>>   ALIGNMENT ENDS   >>>>>>>>>>

<<<<<<<<<<  ALIGNMENT BEGINS  <<<<<<<<<<

#  Aligning reverse-kturn_conseusns and 4v88_A2:1467-1469_1167-1170_1569-1576:
#  Alignment score:  35.6
#  P-value:  6.507e-02
#  Query aligned region: 0-1,9-10
#  Target aligned region: 3:'A2'1168-4:'A2'1169,13:'A2'1576-14:'A2'1577

	GG...AC
	UG...AA

#  Matched base-pairing interactions: 
	<G(1:)-A(9:) trans S/H>                        MATCHES	<G(4:'A2'1169)-A(13:'A2'1576) trans S/H>
	<G(0:)-C(10:) cis W/W>                         MATCHES	<U(3:'A2'1168)-A(14:'A2'1577) cis W/W>
#  Matched base-stacking interactions: 

>>>>>>>>>>   ALIGNMENT ENDS   >>>>>>>>>>

<<<<<<<<<<  ALIGNMENT BEGINS  <<<<<<<<<<

#  Aligning reverse-kturn_conseusns and 4v88_A2:1080-1085_616-618_1086-1089:
#  Alignment score:  35.6
#  P-value:  6.507e-02
#  Query aligned region: 0-2,8-10
#  Target aligned region: 3:'A2'1084-4:'A2'1085,7:'A2'618-7:'A2'618,9:'A2'1087-11:'A2'1089

	GG~A...AAC
	AG~U...AAU

#  Matched base-pairing interactions: 
	<G(1:)-A(9:) trans S/H>                        MATCHES	<G(4:'A2'1085)-A(10:'A2'1088) trans S/H>
	<A(2:)-A(8:) trans H/H>                        MATCHES	<U(7:'A2'618)-A(9:'A2'1087) cis W/W>
	<G(0:)-C(10:) cis W/W>                         MATCHES	<A(3:'A2'1084)-U(11:'A2'1089) cis W/W>
#  Matched base-stacking interactions: 

>>>>>>>>>>   ALIGNMENT ENDS   >>>>>>>>>>

<<<<<<<<<<  ALIGNMENT BEGINS  <<<<<<<<<<

#  Aligning reverse-kturn_conseusns and 4v88_A2:37-41_436-440_463-469:
#  Alignment score:  35.2
#  P-value:  6.743e-02
#  Query aligned region: 0-2,8-10
#  Target aligned region: 0:'A2'38-1:'A2'39,8:'A2'440-9:'A2'441,15:'A2'469-16:'A2'470

	GG~A...A~AC
	CA~U...A~CA

#  Matched base-pairing interactions: 
	<G(1:)-A(9:) trans S/H>                        MATCHES	<A(1:'A2'39)-C(15:'A2'469) trans S/H>
	<A(2:)-A(8:) trans H/H>                        MATCHES	<U(8:'A2'440)-A(9:'A2'441) trans S/H>
	<G(0:)-C(10:) cis W/W>                         MATCHES	<C(0:'A2'38)-A(16:'A2'470) cis W/W>
#  Matched base-stacking interactions: 

>>>>>>>>>>   ALIGNMENT ENDS   >>>>>>>>>>

<<<<<<<<<<  ALIGNMENT BEGINS  <<<<<<<<<<

#  Aligning reverse-kturn_conseusns and 4v88_A2:1652-1657_1742-1746:
#  Alignment score:  34.8
#  P-value:  6.992e-02
#  Query aligned region: 0-2,8-10
#  Target aligned region: 0:'A2'1653-2:'A2'1655,8:'A2'1745-10:'A2'1747

	GGA...AAC
	CGA...GAG

#  Matched base-pairing interactions: 
	<A(2:)-A(8:) trans H/H>                        MATCHES	<A(2:'A2'1655)-G(8:'A2'1745) trans H/S>
	<G(1:)-A(9:) trans S/H>                        MATCHES	<G(1:'A2'1654)-A(9:'A2'1746) trans S/H>
	<G(0:)-C(10:) cis W/W>                         MATCHES	<C(0:'A2'1653)-G(10:'A2'1747) cis W/W>
#  Matched base-stacking interactions: 

>>>>>>>>>>   ALIGNMENT ENDS   >>>>>>>>>>

<<<<<<<<<<  ALIGNMENT BEGINS  <<<<<<<<<<

#  Aligning reverse-kturn_conseusns and 4v88_A2:579-581_571-576_562-569:
#  Alignment score:  34.8
#  P-value:  6.992e-02
#  Query aligned region: 0-1,9-10
#  Target aligned region: 6:'A2'575-7:'A2'576,13:'A2'567-14:'A2'568

	GG...AC
	CG...AG

#  Matched base-pairing interactions: 
	<G(1:)-A(9:) trans S/H>                        MATCHES	<G(7:'A2'576)-A(13:'A2'567) trans S/H>
	<G(0:)-C(10:) cis W/W>                         MATCHES	<C(6:'A2'575)-G(14:'A2'568) cis W/W>
#  Matched base-stacking interactions: 

>>>>>>>>>>   ALIGNMENT ENDS   >>>>>>>>>>

<<<<<<<<<<  ALIGNMENT BEGINS  <<<<<<<<<<

#  Aligning reverse-kturn_conseusns and 4v88_A2:212-217_241-252:
#  Alignment score:  34.8
#  P-value:  6.992e-02
#  Query aligned region: 0-2,8-10
#  Target aligned region: 0:'A2'213-1:'A2'214,7:'A2'243-16:'A2'252

	GG~A...AAC
	AG~G...CAU

#  Matched base-pairing interactions: 
	<G(1:)-A(9:) trans S/H>                        MATCHES	<G(1:'A2'214)-A(15:'A2'251) trans S/H>
	<A(2:)-A(8:) trans H/H>                        MATCHES	<G(7:'A2'243)-C(14:'A2'250) cis W/W>
	<G(0:)-C(10:) cis W/W>                         MATCHES	<A(0:'A2'213)-U(16:'A2'252) cis W/W>
#  Matched base-stacking interactions: 

>>>>>>>>>>   ALIGNMENT ENDS   >>>>>>>>>>

<<<<<<<<<<  ALIGNMENT BEGINS  <<<<<<<<<<

#  Aligning reverse-kturn_conseusns and 4v88_A2:1500-1501_1548-1549_1503-1506:
#  Alignment score:  34.4
#  P-value:  7.255e-02
#  Query aligned region: 0-2,8-10
#  Target aligned region: 0:'A2'1501-1:'A2'1502,2:'A2'1549-2:'A2'1549,4:'A2'1504-6:'A2'1506

	GG~A...AAC
	CG~C...GAG

#  Matched base-pairing interactions: 
	<A(2:)-A(8:) trans H/H>                        MATCHES	<C(2:'A2'1549)-G(4:'A2'1504) trans S/W>
	<G(1:)-A(9:) trans S/H>                        MATCHES	<G(1:'A2'1502)-A(5:'A2'1505) trans S/H>
	<G(0:)-C(10:) cis W/W>                         MATCHES	<C(0:'A2'1501)-G(6:'A2'1506) cis W/W>
#  Matched base-stacking interactions: 

>>>>>>>>>>   ALIGNMENT ENDS   >>>>>>>>>>

<<<<<<<<<<  ALIGNMENT BEGINS  <<<<<<<<<<

#  Aligning reverse-kturn_conseusns and 4v88_A2:1523-1525_1604-1610_1582-1591:
#  Alignment score:  34
#  P-value:  7.533e-02
#  Query aligned region: 0-2,8-10
#  Target aligned region: 7:'A2'1609-9:'A2'1611,12:'A2'1585-14:'A2'1587

	GGA...AAC
	UGA...UAA

#  Matched base-pairing interactions: 
	<A(2:)-A(8:) trans H/H>                        MATCHES	<A(9:'A2'1611)-U(12:'A2'1585) trans W/W>
	<G(1:)-A(9:) trans S/H>                        MATCHES	<G(8:'A2'1610)-A(13:'A2'1586) trans S/H>
	<G(0:)-C(10:) cis W/W>                         MATCHES	<U(7:'A2'1609)-A(14:'A2'1587) cis W/W>
#  Matched base-stacking interactions: 

>>>>>>>>>>   ALIGNMENT ENDS   >>>>>>>>>>

<<<<<<<<<<  ALIGNMENT BEGINS  <<<<<<<<<<

#  Aligning reverse-kturn_conseusns and 4v88_A2:1668-1674_1725-1731_405-407:
#  Alignment score:  33.6
#  P-value:  7.828e-02
#  Query aligned region: 0-2,8-10
#  Target aligned region: 0:'A2'1669-2:'A2'1671,11:'A2'1730-13:'A2'1732

	GGA...AAC
	UGA...AAA

#  Matched base-pairing interactions: 
	<A(2:)-A(8:) trans H/H>                        MATCHES	<A(2:'A2'1671)-A(11:'A2'1730) trans H/S>
	<G(1:)-A(9:) trans S/H>                        MATCHES	<G(1:'A2'1670)-A(12:'A2'1731) trans S/H>
	<G(0:)-C(10:) cis W/W>                         MATCHES	<U(0:'A2'1669)-A(13:'A2'1732) cis W/W>
#  Matched base-stacking interactions: 

>>>>>>>>>>   ALIGNMENT ENDS   >>>>>>>>>>

<<<<<<<<<<  ALIGNMENT BEGINS  <<<<<<<<<<

#  Aligning reverse-kturn_conseusns and 4v88_A2:527-533_517-522:
#  Alignment score:  32.8
#  P-value:  8.471e-02
#  Query aligned region: 0-2,8-10
#  Target aligned region: 4:'A2'532-6:'A2'534,7:'A2'518-9:'A2'520

	GGA...AAC
	UUA...ACA

#  Matched base-pairing interactions: 
	<A(2:)-A(8:) trans H/H>                        MATCHES	<A(6:'A2'534)-A(7:'A2'518) trans H/S>
	<G(1:)-A(9:) trans S/H>                        MATCHES	<U(5:'A2'533)-C(8:'A2'519) trans S/H>
	<G(0:)-C(10:) cis W/W>                         MATCHES	<U(4:'A2'532)-A(9:'A2'520) cis W/W>
#  Matched base-stacking interactions: 

>>>>>>>>>>   ALIGNMENT ENDS   >>>>>>>>>>

<<<<<<<<<<  ALIGNMENT BEGINS  <<<<<<<<<<

#  Aligning reverse-kturn_conseusns and 4v88_A2:185-198:
#  Alignment score:  32.5
#  P-value:  8.733e-02
#  Query aligned region: 0-3,4-10
#  Target aligned region: 0:'A2'186-13:'A2'199

	GGA-G...CACAAAC
	CGACC...G--GAAG

#  Matched base-pairing interactions: 
	<G(3:)-C(4:) cis W/W>                          MATCHES	<C(4:'A2'190)-G(9:'A2'195) cis W/W>
	<A(2:)-A(8:) trans H/H>                        MATCHES	<A(2:'A2'188)-A(11:'A2'197) trans H/S>
	<G(1:)-A(9:) trans S/H>                        MATCHES	<G(1:'A2'187)-A(12:'A2'198) trans S/H>
	<G(0:)-C(10:) cis W/W>                         MATCHES	<C(0:'A2'186)-G(13:'A2'199) cis W/W>
#  Matched base-stacking interactions: 

>>>>>>>>>>   ALIGNMENT ENDS   >>>>>>>>>>

<<<<<<<<<<  ALIGNMENT BEGINS  <<<<<<<<<<

#  Aligning reverse-kturn_conseusns and 4v88_A2:771-774_759-763_784-790:
#  Alignment score:  31.6
#  P-value:  9.596e-02
#  Query aligned region: 0-1,9-10
#  Target aligned region: 4:'A2'760-5:'A2'761,13:'A2'789-14:'A2'790

	GG...AC
	AG...AU

#  Matched base-pairing interactions: 
	<G(1:)-A(9:) trans S/H>                        MATCHES	<G(5:'A2'761)-A(13:'A2'789) trans S/H>
	<G(0:)-C(10:) cis W/W>                         MATCHES	<A(4:'A2'760)-U(14:'A2'790) cis W/W>
#  Matched base-stacking interactions: 

>>>>>>>>>>   ALIGNMENT ENDS   >>>>>>>>>>

<<<<<<<<<<  ALIGNMENT BEGINS  <<<<<<<<<<

#  Aligning reverse-kturn_conseusns and 4v88_A2:935-937_940-942_875-876:
#  Alignment score:  31.2
#  P-value:  1.002e-01
#  Query aligned region: 0-1,9-10
#  Target aligned region: 1:'A2'937-2:'A2'938,3:'A2'941-4:'A2'942

	GG...AC
	CG...AG

#  Matched base-pairing interactions: 
	<G(1:)-A(9:) trans S/H>                        MATCHES	<G(2:'A2'938)-A(3:'A2'941) trans S/H>
	<G(0:)-C(10:) cis W/W>                         MATCHES	<C(1:'A2'937)-G(4:'A2'942) cis W/W>
#  Matched base-stacking interactions: 

>>>>>>>>>>   ALIGNMENT ENDS   >>>>>>>>>>

<<<<<<<<<<  ALIGNMENT BEGINS  <<<<<<<<<<

#  Aligning reverse-kturn_conseusns and 4v88_A2:436-440_462-468_38-41:
#  Alignment score:  30.8
#  P-value:  1.047e-01
#  Query aligned region: 0-1,9-10
#  Target aligned region: 8:'A2'466-9:'A2'467,13:'A2'40-14:'A2'41

	GG...AC
	UG...AA

#  Matched base-pairing interactions: 
	<G(1:)-A(9:) trans S/H>                        MATCHES	<G(9:'A2'467)-A(13:'A2'40) trans S/H>
	<G(0:)-C(10:) cis W/W>                         MATCHES	<U(8:'A2'466)-A(14:'A2'41) cis W/W>
#  Matched base-stacking interactions: 

>>>>>>>>>>   ALIGNMENT ENDS   >>>>>>>>>>

<<<<<<<<<<  ALIGNMENT BEGINS  <<<<<<<<<<

#  Aligning reverse-kturn_conseusns and 4v88_A2:1124-1130_1112-1121_1021-1022:
#  Alignment score:  30.1
#  P-value:  1.135e-01
#  Query aligned region: 0-2,8-10
#  Target aligned region: 4:'A2'1129-6:'A2'1131,9:'A2'1115-12:'A2'1118

	GGA...AA-C
	UGA...UAUG

#  Matched base-pairing interactions: 
	<A(2:)-A(8:) trans H/H>                        MATCHES	<A(6:'A2'1131)-U(9:'A2'1115) trans H/W>
	<G(0:)-C(10:) cis W/W>                         MATCHES	<U(4:'A2'1129)-G(12:'A2'1118) cis W/W>
	<G(1:)-A(9:) trans S/H>                        MATCHES	<G(5:'A2'1130)-A(10:'A2'1116) trans S/H>
#  Matched base-stacking interactions: 

>>>>>>>>>>   ALIGNMENT ENDS   >>>>>>>>>>

<<<<<<<<<<  ALIGNMENT BEGINS  <<<<<<<<<<

#  Aligning reverse-kturn_conseusns and 4v88_A2:419-428_46-54_409-412:
#  Alignment score:  30
#  P-value:  1.148e-01
#  Query aligned region: 0-2,8-10
#  Target aligned region: 2:'A2'422-4:'A2'424,14:'A2'51-14:'A2'51,19:'A2'410-20:'A2'411

	GGA...A~AC
	GGC...A~AC

#  Matched base-pairing interactions: 
	<G(1:)-A(9:) trans S/H>                        MATCHES	<G(3:'A2'423)-A(19:'A2'410) cis W/W>
	<A(2:)-A(8:) trans H/H>                        MATCHES	<C(4:'A2'424)-A(14:'A2'51) trans H/H>
	<G(0:)-C(10:) cis W/W>                         MATCHES	<G(2:'A2'422)-C(20:'A2'411) cis W/W>
#  Matched base-stacking interactions: 

>>>>>>>>>>   ALIGNMENT ENDS   >>>>>>>>>>

<<<<<<<<<<  ALIGNMENT BEGINS  <<<<<<<<<<

#  Aligning reverse-kturn_conseusns and 4v88_A2:38-41_436-440_462-468:
#  Alignment score:  27.2
#  P-value:  1.643e-01
#  Query aligned region: 0-1,9-10
#  Target aligned region: 6:'A2'439-8:'A2'441,10:'A2'464-10:'A2'464

	GG...A~C
	UU...A~A

#  Matched base-pairing interactions: 
	<G(0:)-C(10:) cis W/W>                         MATCHES	<U(6:'A2'439)-A(10:'A2'464) cis W/W>
	<G(1:)-A(9:) trans S/H>                        MATCHES	<U(7:'A2'440)-A(8:'A2'441) trans S/H>
#  Matched base-stacking interactions: 

>>>>>>>>>>   ALIGNMENT ENDS   >>>>>>>>>>

<<<<<<<<<<  ALIGNMENT BEGINS  <<<<<<<<<<

#  Aligning reverse-kturn_conseusns and 4v88_A2:521-530:
#  Alignment score:  26.6
#  P-value:  1.791e-01
#  Query aligned region: 0-1,9-10
#  Target aligned region: 0:'A2'522-8:'A2'530

	GG...AC
	UG...AC

#  Matched base-pairing interactions: 
	<G(1:)-A(9:) trans S/H>                        MATCHES	<G(1:'A2'523)-A(7:'A2'529) trans S/H>
	<G(0:)-C(10:) cis W/W>                         MATCHES	<U(0:'A2'522)-C(8:'A2'530) trans W/W>
#  Matched base-stacking interactions: 

>>>>>>>>>>   ALIGNMENT ENDS   >>>>>>>>>>

<<<<<<<<<<  ALIGNMENT BEGINS  <<<<<<<<<<

#  Aligning reverse-kturn_conseusns and 4v88_A2:75-83_64-70:
#  Alignment score:  26.6
#  P-value:  1.791e-01
#  Query aligned region: 0-2,8-10
#  Target aligned region: 6:'A2'82-8:'A2'84,9:'A2'65-13:'A2'69

	GGA...A-A-C
	UGA...AUAAG

#  Matched base-pairing interactions: 
	<G(0:)-C(10:) cis W/W>                         MATCHES	<U(6:'A2'82)-G(13:'A2'69) cis W/W>
	<G(1:)-A(9:) trans S/H>                        MATCHES	<G(7:'A2'83)-A(11:'A2'67) trans S/H>
	<A(2:)-A(8:) trans H/H>                        MATCHES	<A(8:'A2'84)-A(9:'A2'65) cis -/->
#  Matched base-stacking interactions: 

>>>>>>>>>>   ALIGNMENT ENDS   >>>>>>>>>>

<<<<<<<<<<  ALIGNMENT BEGINS  <<<<<<<<<<

#  Aligning reverse-kturn_conseusns and 4v88_A2:286-291_124-129_262-268:
#  Alignment score:  26.1
#  P-value:  1.929e-01
#  Query aligned region: 0-2,8-10
#  Target aligned region: 2:'A2'289-5:'A2'292,6:'A2'125-7:'A2'126,14:'A2'265-14:'A2'265

	G-GA...AA~C
	UGGU...UA~A

#  Matched base-pairing interactions: 
	<A(2:)-A(8:) trans H/H>                        MATCHES	<U(5:'A2'292)-U(6:'A2'125) cis W/W>
	<G(0:)-C(10:) cis W/W>                         MATCHES	<U(2:'A2'289)-A(14:'A2'265) cis W/W>
	<G(1:)-A(9:) trans S/H>                        MATCHES	<G(4:'A2'291)-A(7:'A2'126) trans S/H>
#  Matched base-stacking interactions: 

>>>>>>>>>>   ALIGNMENT ENDS   >>>>>>>>>>

<<<<<<<<<<  ALIGNMENT BEGINS  <<<<<<<<<<

#  Aligning reverse-kturn_conseusns and 4v88_A2:409-412_419-428_46-54:
#  Alignment score:  25.2
#  P-value:  2.223e-01
#  Query aligned region: 0-1,9-10
#  Target aligned region: 12:'A2'428-13:'A2'429,18:'A2'51-19:'A2'52

	GG...AC
	AG...AU

#  Matched base-pairing interactions: 
	<G(1:)-A(9:) trans S/H>                        MATCHES	<G(13:'A2'429)-A(18:'A2'51) trans S/H>
	<G(0:)-C(10:) cis W/W>                         MATCHES	<A(12:'A2'428)-U(19:'A2'52) cis W/W>
#  Matched base-stacking interactions: 

>>>>>>>>>>   ALIGNMENT ENDS   >>>>>>>>>>

<<<<<<<<<<  ALIGNMENT BEGINS  <<<<<<<<<<

#  Aligning reverse-kturn_conseusns and 4v88_A2:1593-1596_1200-1202_1597-1601:
#  Alignment score:  25
#  P-value:  2.297e-01
#  Query aligned region: 0-2,8-10
#  Target aligned region: 1:'A2'1595-3:'A2'1597,6:'A2'1203-6:'A2'1203,8:'A2'1599-9:'A2'1600

	GGA...A~AC
	UCA...A~CA

#  Matched base-pairing interactions: 
	<G(1:)-A(9:) trans S/H>                        MATCHES	<C(2:'A2'1596)-C(8:'A2'1599) trans S/H>
	<A(2:)-A(8:) trans H/H>                        MATCHES	<A(3:'A2'1597)-A(6:'A2'1203) trans W/H>
	<G(0:)-C(10:) cis W/W>                         MATCHES	<U(1:'A2'1595)-A(9:'A2'1600) trans W/W>
#  Matched base-stacking interactions: 

>>>>>>>>>>   ALIGNMENT ENDS   >>>>>>>>>>

<<<<<<<<<<  ALIGNMENT BEGINS  <<<<<<<<<<

#  Aligning reverse-kturn_conseusns and 4v88_A2:901-906:
#  Alignment score:  24.9
#  P-value:  2.336e-01
#  Query aligned region: 1-2,8-9
#  Target aligned region: 0:'A2'902-5:'A2'907

	GA...A-A
	GU...AAA

#  Matched base-pairing interactions: 
	<G(1:)-A(9:) trans S/H>                        MATCHES	<G(0:'A2'902)-A(5:'A2'907) trans S/H>
	<A(2:)-A(8:) trans H/H>                        MATCHES	<U(1:'A2'903)-A(3:'A2'905) cis -/->
#  Matched base-stacking interactions: 

>>>>>>>>>>   ALIGNMENT ENDS   >>>>>>>>>>

<<<<<<<<<<  ALIGNMENT BEGINS  <<<<<<<<<<

#  Aligning reverse-kturn_conseusns and 4v88_A2:1250-1257_1224-1233:
#  Alignment score:  24.6
#  P-value:  2.458e-01
#  Query aligned region: 0-2,8-10
#  Target aligned region: 3:'A2'1254-5:'A2'1256,12:'A2'1229-14:'A2'1231

	GGA...AAC
	UGA...GAU

#  Matched base-pairing interactions: 
	<A(2:)-A(8:) trans H/H>                        MATCHES	<A(5:'A2'1256)-G(12:'A2'1229) trans H/S>
	<G(1:)-A(9:) trans S/H>                        MATCHES	<G(4:'A2'1255)-A(13:'A2'1230) trans S/H>
	<G(0:)-C(10:) cis W/W>                         MATCHES	<U(3:'A2'1254)-U(14:'A2'1231) cis W/W>
#  Matched base-stacking interactions: 

>>>>>>>>>>   ALIGNMENT ENDS   >>>>>>>>>>

<<<<<<<<<<  ALIGNMENT BEGINS  <<<<<<<<<<

#  Aligning reverse-kturn_conseusns and 4v88_A2:1101-1102_627-633_964-969:
#  Alignment score:  22.7
#  P-value:  3.508e-01
#  Query aligned region: 0-1,9-10
#  Target aligned region: 5:'A2'631-5:'A2'631,9:'A2'965-12:'A2'968

	G~G...A-C
	G~U...AAU

#  Matched base-pairing interactions: 
	<G(0:)-C(10:) cis W/W>                         MATCHES	<G(5:'A2'631)-U(12:'A2'968) cis W/W>
	<G(1:)-A(9:) trans S/H>                        MATCHES	<U(9:'A2'965)-A(10:'A2'966) trans S/H>
#  Matched base-stacking interactions: 

>>>>>>>>>>   ALIGNMENT ENDS   >>>>>>>>>>

<<<<<<<<<<  ALIGNMENT BEGINS  <<<<<<<<<<

#  Aligning reverse-kturn_conseusns and 4v88_A2:908-915_896-899:
#  Alignment score:  22.2
#  P-value:  3.897e-01
#  Query aligned region: 1-1,9-9
#  Target aligned region: 5:'A2'914-5:'A2'914,9:'A2'898-9:'A2'898

	G...A
	G...A

#  Matched base-pairing interactions: 
	<G(1:)-A(9:) trans S/H>                        MATCHES	<G(5:'A2'914)-A(9:'A2'898) trans S/H>
#  Matched base-stacking interactions: 

>>>>>>>>>>   ALIGNMENT ENDS   >>>>>>>>>>

<<<<<<<<<<  ALIGNMENT BEGINS  <<<<<<<<<<

#  Aligning reverse-kturn_conseusns and 4v88_A2:1762-1766_1630-1635_1144-1145:
#  Alignment score:  20.9
#  P-value:  5.274e-01
#  Query aligned region: 0-1,9-10
#  Target aligned region: 7:'A2'1633-10:'A2'1636,11:'A2'1145-11:'A2'1145

	G-G...A~C
	ACA...C~U

#  Matched base-pairing interactions: 
	<G(0:)-C(10:) cis W/W>                         MATCHES	<A(7:'A2'1633)-U(11:'A2'1145) cis W/W>
	<G(1:)-A(9:) trans S/H>                        MATCHES	<A(9:'A2'1635)-C(10:'A2'1636) trans S/H>
#  Matched base-stacking interactions: 

>>>>>>>>>>   ALIGNMENT ENDS   >>>>>>>>>>

<<<<<<<<<<  ALIGNMENT BEGINS  <<<<<<<<<<

#  Aligning reverse-kturn_conseusns and 4v88_A2:403-406_390-400_90-92:
#  Alignment score:  20.9
#  P-value:  5.274e-01
#  Query aligned region: 1-2,8-9
#  Target aligned region: 9:'A2'396-10:'A2'397,15:'A2'91-17:'A2'93

	GA...A-A
	GA...GAA

#  Matched base-pairing interactions: 
	<G(1:)-A(9:) trans S/H>                        MATCHES	<G(9:'A2'396)-A(17:'A2'93) trans S/H>
	<A(2:)-A(8:) trans H/H>                        MATCHES	<A(10:'A2'397)-G(15:'A2'91) cis -/->
#  Matched base-stacking interactions: 

>>>>>>>>>>   ALIGNMENT ENDS   >>>>>>>>>>

<<<<<<<<<<  ALIGNMENT BEGINS  <<<<<<<<<<

#  Aligning reverse-kturn_conseusns and 4v88_A2:409-412_46-54_419-428:
#  Alignment score:  19.4
#  P-value:  8.007e-01
#  Query aligned region: 0-3,4-10
#  Target aligned region: 1:'A2'411-3:'A2'413,4:'A2'47-5:'A2'48,13:'A2'420-15:'A2'422

	GGA~G...C~AAC
	CAU~A...G~AAG

#  Matched base-pairing interactions: 
	<G(3:)-C(4:) cis W/W>                          MATCHES	<A(4:'A2'47)-G(5:'A2'48) cis S/H>
	<A(2:)-A(8:) trans H/H>                        MATCHES	<U(3:'A2'413)-A(13:'A2'420) cis W/W>
	<G(1:)-A(9:) trans S/H>                        MATCHES	<A(2:'A2'412)-A(14:'A2'421) cis -/->
	<G(0:)-C(10:) cis W/W>                         MATCHES	<C(1:'A2'411)-G(15:'A2'422) cis W/W>
#  Matched base-stacking interactions: 

>>>>>>>>>>   ALIGNMENT ENDS   >>>>>>>>>>

<<<<<<<<<<  ALIGNMENT BEGINS  <<<<<<<<<<

#  Aligning reverse-kturn_conseusns and 4v88_A2:1569-1576_1467-1469_1167-1170:
#  Alignment score:  11.6
#  P-value:  1.000e+00
#  Query aligned region: 0-1,9-10
#  Target aligned region: 8:'A2'1468-9:'A2'1469,13:'A2'1170-14:'A2'1171

	GG...AC
	UA...GA

#  Matched base-pairing interactions: 
	<G(1:)-A(9:) trans S/H>                        MATCHES	<A(9:'A2'1469)-G(13:'A2'1170) cis W/W>
	<G(0:)-C(10:) cis W/W>                         MATCHES	<U(8:'A2'1468)-A(14:'A2'1171) cis W/W>
#  Matched base-stacking interactions: 

>>>>>>>>>>   ALIGNMENT ENDS   >>>>>>>>>>

<<<<<<<<<<  ALIGNMENT BEGINS  <<<<<<<<<<

#  Aligning reverse-kturn_conseusns and 4v88_A2:861-865_961-964:
#  Alignment score:  10.6
#  P-value:  1.000e+00
#  Query aligned region: 3-3,4-4
#  Target aligned region: 4:'A2'866-4:'A2'866,5:'A2'962-5:'A2'962

	G...C
	G...C

#  Matched base-pairing interactions: 
	<G(3:)-C(4:) cis W/W>                          MATCHES	<G(4:'A2'866)-C(5:'A2'962) cis W/W>
#  Matched base-stacking interactions: 

>>>>>>>>>>   ALIGNMENT ENDS   >>>>>>>>>>

<<<<<<<<<<  ALIGNMENT BEGINS  <<<<<<<<<<

#  Aligning reverse-kturn_conseusns and 4v88_A2:262-268_124-129_286-291:
#  Alignment score:  10.6
#  P-value:  1.000e+00
#  Query aligned region: 0-1,9-10
#  Target aligned region: 4:'A2'267-4:'A2'267,10:'A2'128-11:'A2'129,14:'A2'288-14:'A2'288

	G~G...A~C
	U~U...U~A

#  Matched base-pairing interactions: 
	<G(0:)-C(10:) cis W/W>                         MATCHES	<U(4:'A2'267)-A(14:'A2'288) cis W/W>
	<G(1:)-A(9:) trans S/H>                        MATCHES	<U(10:'A2'128)-U(11:'A2'129) cis S/H>
#  Matched base-stacking interactions: 

>>>>>>>>>>   ALIGNMENT ENDS   >>>>>>>>>>

<<<<<<<<<<  ALIGNMENT BEGINS  <<<<<<<<<<

#  Aligning reverse-kturn_conseusns and 4v88_A2:784-790_771-774_759-763:
#  Alignment score:  10.2
#  P-value:  1.000e+00
#  Query aligned region: 3-3,4-4
#  Target aligned region: 7:'A2'772-7:'A2'772,15:'A2'764-15:'A2'764

	G...C
	G...U

#  Matched base-pairing interactions: 
	<G(3:)-C(4:) cis W/W>                          MATCHES	<G(7:'A2'772)-U(15:'A2'764) cis W/W>
#  Matched base-stacking interactions: 

>>>>>>>>>>   ALIGNMENT ENDS   >>>>>>>>>>

<<<<<<<<<<  ALIGNMENT BEGINS  <<<<<<<<<<

#  Aligning reverse-kturn_conseusns and 4v88_A2:784-790_759-763_771-774:
#  Alignment score:  10.2
#  P-value:  1.000e+00
#  Query aligned region: 0-2,8-10
#  Target aligned region: 0:'A2'785-2:'A2'787,13:'A2'773-15:'A2'775

	GGA...AAC
	UCG...CAG

#  Matched base-pairing interactions: 
	<A(2:)-A(8:) trans H/H>                        MATCHES	<G(2:'A2'787)-C(13:'A2'773) trans W/S>
	<G(1:)-A(9:) trans S/H>                        MATCHES	<C(1:'A2'786)-A(14:'A2'774) trans W/W>
	<G(0:)-C(10:) cis W/W>                         MATCHES	<U(0:'A2'785)-G(15:'A2'775) cis W/W>
#  Matched base-stacking interactions: 

>>>>>>>>>>   ALIGNMENT ENDS   >>>>>>>>>>

<<<<<<<<<<  ALIGNMENT BEGINS  <<<<<<<<<<

#  Aligning reverse-kturn_conseusns and 4v88_A2:64-70_75-83:
#  Alignment score:  10.2
#  P-value:  1.000e+00
#  Query aligned region: 0-1,9-10
#  Target aligned region: 4:'A2'69-5:'A2'70,12:'A2'81-13:'A2'82

	GG...AC
	GC...GU

#  Matched base-pairing interactions: 
	<G(1:)-A(9:) trans S/H>                        MATCHES	<C(5:'A2'70)-G(12:'A2'81) cis W/W>
	<G(0:)-C(10:) cis W/W>                         MATCHES	<G(4:'A2'69)-U(13:'A2'82) cis W/W>
#  Matched base-stacking interactions: 

>>>>>>>>>>   ALIGNMENT ENDS   >>>>>>>>>>

<<<<<<<<<<  ALIGNMENT BEGINS  <<<<<<<<<<

#  Aligning reverse-kturn_conseusns and 4v88_A2:40-47_431-438_463-464:
#  Alignment score:  9.8
#  P-value:  1.000e+00
#  Query aligned region: 3-3,4-4
#  Target aligned region: 1:'A2'42-1:'A2'42,9:'A2'433-9:'A2'433

	G...C
	G...C

#  Matched base-pairing interactions: 
	<G(3:)-C(4:) cis W/W>                          MATCHES	<G(1:'A2'42)-C(9:'A2'433) cis W/W>
#  Matched base-stacking interactions: 

>>>>>>>>>>   ALIGNMENT ENDS   >>>>>>>>>>

<<<<<<<<<<  ALIGNMENT BEGINS  <<<<<<<<<<

#  Aligning reverse-kturn_conseusns and 4v88_A2:311-317_345-354:
#  Alignment score:  9.8
#  P-value:  1.000e+00
#  Query aligned region: 3-3,4-4
#  Target aligned region: 6:'A2'318-6:'A2'318,7:'A2'346-7:'A2'346

	G...C
	U...G

#  Matched base-pairing interactions: 
	<G(3:)-C(4:) cis W/W>                          MATCHES	<U(6:'A2'318)-G(7:'A2'346) cis W/W>
#  Matched base-stacking interactions: 

>>>>>>>>>>   ALIGNMENT ENDS   >>>>>>>>>>

<<<<<<<<<<  ALIGNMENT BEGINS  <<<<<<<<<<

#  Aligning reverse-kturn_conseusns and 4v88_A2:1116-1117_310-316_347-354:
#  Alignment score:  9.8
#  P-value:  1.000e+00
#  Query aligned region: 3-3,4-4
#  Target aligned region: 7:'A2'316-7:'A2'316,9:'A2'348-9:'A2'348

	G...C
	A...U

#  Matched base-pairing interactions: 
	<G(3:)-C(4:) cis W/W>                          MATCHES	<A(7:'A2'316)-U(9:'A2'348) cis W/W>
#  Matched base-stacking interactions: 

>>>>>>>>>>   ALIGNMENT ENDS   >>>>>>>>>>

<<<<<<<<<<  ALIGNMENT BEGINS  <<<<<<<<<<

#  Aligning reverse-kturn_conseusns and 4v88_A2:1425-1436_1272-1280:
#  Alignment score:  9.8
#  P-value:  1.000e+00
#  Query aligned region: 3-3,4-4
#  Target aligned region: 2:'A2'1428-2:'A2'1428,19:'A2'1280-19:'A2'1280

	G...C
	G...C

#  Matched base-pairing interactions: 
	<G(3:)-C(4:) cis W/W>                          MATCHES	<G(2:'A2'1428)-C(19:'A2'1280) cis W/W>
#  Matched base-stacking interactions: 

>>>>>>>>>>   ALIGNMENT ENDS   >>>>>>>>>>

<<<<<<<<<<  ALIGNMENT BEGINS  <<<<<<<<<<

#  Aligning reverse-kturn_conseusns and 4v88_A2:1218-1223_1258-1263:
#  Alignment score:  9.8
#  P-value:  1.000e+00
#  Query aligned region: 3-3,4-4
#  Target aligned region: 5:'A2'1224-5:'A2'1224,6:'A2'1259-6:'A2'1259

	G...C
	A...U

#  Matched base-pairing interactions: 
	<G(3:)-C(4:) cis W/W>                          MATCHES	<A(5:'A2'1224)-U(6:'A2'1259) cis W/W>
#  Matched base-stacking interactions: 

>>>>>>>>>>   ALIGNMENT ENDS   >>>>>>>>>>

<<<<<<<<<<  ALIGNMENT BEGINS  <<<<<<<<<<

#  Aligning reverse-kturn_conseusns and 4v88_A2:403-406_90-92_390-400:
#  Alignment score:  9.8
#  P-value:  1.000e+00
#  Query aligned region: 3-3,4-4
#  Target aligned region: 0:'A2'404-0:'A2'404,9:'A2'393-9:'A2'393

	G...C
	G...C

#  Matched base-pairing interactions: 
	<G(3:)-C(4:) cis W/W>                          MATCHES	<G(0:'A2'404)-C(9:'A2'393) cis W/W>
#  Matched base-stacking interactions: 

>>>>>>>>>>   ALIGNMENT ENDS   >>>>>>>>>>

<<<<<<<<<<  ALIGNMENT BEGINS  <<<<<<<<<<

#  Aligning reverse-kturn_conseusns and 4v88_A2:1597-1601_1593-1596_1200-1202:
#  Alignment score:  9
#  P-value:  1.000e+00
#  Query aligned region: 3-3,4-4
#  Target aligned region: 4:'A2'1602-4:'A2'1602,5:'A2'1594-5:'A2'1594

	G...C
	C...G

#  Matched base-pairing interactions: 
	<G(3:)-C(4:) cis W/W>                          MATCHES	<C(4:'A2'1602)-G(5:'A2'1594) cis W/W>
#  Matched base-stacking interactions: 

>>>>>>>>>>   ALIGNMENT ENDS   >>>>>>>>>>

<<<<<<<<<<  ALIGNMENT BEGINS  <<<<<<<<<<

#  Aligning reverse-kturn_conseusns and 4v88_A2:896-899_908-915:
#  Alignment score:  8.4
#  P-value:  1.000e+00
#  Query aligned region: 0-1,9-10
#  Target aligned region: 2:'A2'899-3:'A2'900,4:'A2'909-5:'A2'910

	GG...AC
	GA...UC

#  Matched base-pairing interactions: 
	<G(1:)-A(9:) trans S/H>                        MATCHES	<A(3:'A2'900)-U(4:'A2'909) cis W/W>
	<G(0:)-C(10:) cis W/W>                         MATCHES	<G(2:'A2'899)-C(5:'A2'910) cis W/W>
#  Matched base-stacking interactions: 

>>>>>>>>>>   ALIGNMENT ENDS   >>>>>>>>>>

<<<<<<<<<<  ALIGNMENT BEGINS  <<<<<<<<<<

#  Aligning reverse-kturn_conseusns and 4v88_A2:1473-1474_1530-1539_1468-1472:
#  Alignment score:  5.4
#  P-value:  1.000e+00
#  Query aligned region: 3-3,4-4
#  Target aligned region: 1:'A2'1475-1:'A2'1475,4:'A2'1533-4:'A2'1533

	G...C
	A...C

#  Matched base-pairing interactions: 
	<G(3:)-C(4:) cis W/W>                          MATCHES	<A(1:'A2'1475)-C(4:'A2'1533) cis W/W>
#  Matched base-stacking interactions: 

>>>>>>>>>>   ALIGNMENT ENDS   >>>>>>>>>>

<<<<<<<<<<  ALIGNMENT BEGINS  <<<<<<<<<<

#  Aligning reverse-kturn_conseusns and 4v88_A2:371-372_603-607_608-613:
#  Alignment score:  4.6
#  P-value:  1.000e+00
#  Query aligned region: 1-1,9-9
#  Target aligned region: 1:'A2'373-1:'A2'373,2:'A2'604-2:'A2'604

	G...A
	G...A

#  Matched base-pairing interactions: 
	<G(1:)-A(9:) trans S/H>                        MATCHES	<G(1:'A2'373)-A(2:'A2'604) cis -/->
#  Matched base-stacking interactions: 

>>>>>>>>>>   ALIGNMENT ENDS   >>>>>>>>>>

<<<<<<<<<<  ALIGNMENT BEGINS  <<<<<<<<<<

#  Aligning reverse-kturn_conseusns and 4v88_A2:715-722:
#  Alignment score:  3.7
#  P-value:  1.000e+00
#  Query aligned region: 0-1,9-10
#  Target aligned region: 0:'A2'716-6:'A2'722

	GG...A-C
	CC...GUG

#  Matched base-pairing interactions: 
	<G(0:)-C(10:) cis W/W>                         MATCHES	<C(0:'A2'716)-G(6:'A2'722) cis W/W>
	<G(1:)-A(9:) trans S/H>                        MATCHES	<C(1:'A2'717)-G(4:'A2'720) trans W/W>
#  Matched base-stacking interactions: 

>>>>>>>>>>   ALIGNMENT ENDS   >>>>>>>>>>

<<<<<<<<<<  ALIGNMENT BEGINS  <<<<<<<<<<

#  Aligning reverse-kturn_conseusns and 4v88_A2:371-372_608-613_603-607:
#  Alignment score:  3.4
#  P-value:  1.000e+00
#  Query aligned region: 
#  Target aligned region: 

	
	

#  Matched base-pairing interactions: 
#  Matched base-stacking interactions: 

>>>>>>>>>>   ALIGNMENT ENDS   >>>>>>>>>>

<<<<<<<<<<  ALIGNMENT BEGINS  <<<<<<<<<<

#  Aligning reverse-kturn_conseusns and 4v88_A2:608-613_603-607_371-372:
#  Alignment score:  3.4
#  P-value:  1.000e+00
#  Query aligned region: 
#  Target aligned region: 

	
	

#  Matched base-pairing interactions: 
#  Matched base-stacking interactions: 

>>>>>>>>>>   ALIGNMENT ENDS   >>>>>>>>>>

<<<<<<<<<<  ALIGNMENT BEGINS  <<<<<<<<<<

#  Aligning reverse-kturn_conseusns and 4v88_A2:603-607_371-372_608-613:
#  Alignment score:  2.2
#  P-value:  1.000e+00
#  Query aligned region: 
#  Target aligned region: 

	
	

#  Matched base-pairing interactions: 
#  Matched base-stacking interactions: 

>>>>>>>>>>   ALIGNMENT ENDS   >>>>>>>>>>

