$ /home/s081p868/scratch/RNAMotifScanX-release/bin/scan /home/s081p868/scratch/RNAMotifScanX-release/models/e-loop_consensus.struct /rfs/poseidon_share/s081p868/RNAMotifScanX_nr/rmsx_work_default/4v7w/DA/4v7w_DA.rmsx.in --map_pdb=/rfs/poseidon_share/s081p868/RNAMotifScanX_nr/rmsx_work_default/4v7w/DA/4v7w_DA.rmsx.nch --pvalue 1.0 --num_threads 16 --write_alignment
<<<<<<<<<<  ALIGNMENT BEGINS  <<<<<<<<<<

#  Aligning Eloop_consensus and 4v7w_DA:357-358_669-673_678-679:
#  Alignment score:  36.2
#  P-value:  4.762e-02
#  Query aligned region: 0-2,3-5
#  Target aligned region: 0:'DA'585-1:'DA'586,2:'DA'1249-5:'DA'1251,8:'DA'1254-8:'DA'1254

	GA~G...GU~A
	GA~U...GC~A

#  Matched base-pairing interactions: 
	<G(2:)-G(3:) trans H/S>                        MATCHES	<U(2:'DA'1249)-G(4:'DA'1250) cis S/H>
	<G(0:)-A(5:) trans S/H>                        MATCHES	<G(0:'DA'585)-A(8:'DA'1254) trans S/H>
	<A(1:)-U(4:) trans H/W>                        MATCHES	<A(1:'DA'586)-C(5:'DA'1251) trans H/W>
#  Matched base-stacking interactions: 

>>>>>>>>>>   ALIGNMENT ENDS   >>>>>>>>>>

<<<<<<<<<<  ALIGNMENT BEGINS  <<<<<<<<<<

#  Aligning Eloop_consensus and 4v7w_DA:652-653_657-658_629-632:
#  Alignment score:  30
#  P-value:  7.813e-02
#  Query aligned region: 0-2,3-5
#  Target aligned region: 1:'DA'1235-1:'DA'1235,2:'DA'1245-3:'DA'1246,4:'DA'1199-6:'DA'1214

	G~AG...GUA
	G~GA...UCA

#  Matched base-pairing interactions: 
	<G(2:)-G(3:) trans H/S>                        MATCHES	<A(3:'DA'1246)-U(4:'DA'1199) cis W/W>
	<A(1:)-U(4:) trans H/W>                        MATCHES	<G(2:'DA'1245)-C(5:'DA'1200) cis W/W>
	<G(0:)-A(5:) trans S/H>                        MATCHES	<G(1:'DA'1235)-A(6:'DA'1214) trans S/H>
#  Matched base-stacking interactions: 

>>>>>>>>>>   ALIGNMENT ENDS   >>>>>>>>>>

<<<<<<<<<<  ALIGNMENT BEGINS  <<<<<<<<<<

#  Aligning Eloop_consensus and 4v7w_DA:1168-1169_1202-1203_982-984:
#  Alignment score:  28.6
#  P-value:  8.907e-02
#  Query aligned region: 0-1,4-5
#  Target aligned region: 1:'DA'2005-1:'DA'2005,2:'DA'2048-2:'DA'2048,4:'DA'1654-5:'DA'1655

	G~A...UA
	A~G...AA

#  Matched base-pairing interactions: 
	<A(1:)-U(4:) trans H/W>                        MATCHES	<G(2:'DA'2048)-A(4:'DA'1654) cis -/->
	<G(0:)-A(5:) trans S/H>                        MATCHES	<A(1:'DA'2005)-A(5:'DA'1655) trans S/H>
#  Matched base-stacking interactions: 

>>>>>>>>>>   ALIGNMENT ENDS   >>>>>>>>>>

<<<<<<<<<<  ALIGNMENT BEGINS  <<<<<<<<<<

#  Aligning Eloop_consensus and 4v7w_DA:276-277_317-322_21-24:
#  Alignment score:  28.5
#  P-value:  8.994e-02
#  Query aligned region: 1-2,3-4
#  Target aligned region: 1:'DA'447-1:'DA'447,5:'DA'513-5:'DA'513,9:'DA'27-11:'DA'33

	A~G...G-U
	A~A...GCU

#  Matched base-pairing interactions: 
	<A(1:)-U(4:) trans H/W>                        MATCHES	<A(1:'DA'447)-U(11:'DA'33) trans H/W>
	<G(2:)-G(3:) trans H/S>                        MATCHES	<A(5:'DA'513)-G(9:'DA'27) trans H/S>
#  Matched base-stacking interactions: 

>>>>>>>>>>   ALIGNMENT ENDS   >>>>>>>>>>

<<<<<<<<<<  ALIGNMENT BEGINS  <<<<<<<<<<

#  Aligning Eloop_consensus and 4v7w_DA:1028-1029_987-990_993-994:
#  Alignment score:  28.4
#  P-value:  9.082e-02
#  Query aligned region: 0-1,4-5
#  Target aligned region: 4:'DA'1687-5:'DA'1688,6:'DA'1700-7:'DA'1701

	GA...UA
	GU...AA

#  Matched base-pairing interactions: 
	<A(1:)-U(4:) trans H/W>                        MATCHES	<U(5:'DA'1688)-A(6:'DA'1700) cis -/->
	<G(0:)-A(5:) trans S/H>                        MATCHES	<G(4:'DA'1687)-A(7:'DA'1701) trans S/H>
#  Matched base-stacking interactions: 

>>>>>>>>>>   ALIGNMENT ENDS   >>>>>>>>>>

<<<<<<<<<<  ALIGNMENT BEGINS  <<<<<<<<<<

#  Aligning Eloop_consensus and 4v7w_DA:747-749_120-121_751-752:
#  Alignment score:  26.6
#  P-value:  1.092e-01
#  Query aligned region: 0-1,4-5
#  Target aligned region: 1:'DA'1364-2:'DA'1365,3:'DA'187-3:'DA'187,5:'DA'1367-5:'DA'1367

	GA...U~A
	GA...G~A

#  Matched base-pairing interactions: 
	<G(0:)-A(5:) trans S/H>                        MATCHES	<G(1:'DA'1364)-A(5:'DA'1367) trans S/H>
	<A(1:)-U(4:) trans H/W>                        MATCHES	<A(2:'DA'1365)-G(3:'DA'187) cis W/S>
#  Matched base-stacking interactions: 

>>>>>>>>>>   ALIGNMENT ENDS   >>>>>>>>>>

<<<<<<<<<<  ALIGNMENT BEGINS  <<<<<<<<<<

#  Aligning Eloop_consensus and 4v7w_DA:913-916_817-820:
#  Alignment score:  26.2
#  P-value:  1.140e-01
#  Query aligned region: 0-2,3-5
#  Target aligned region: 0:'DA'1551-3:'DA'1555,5:'DA'1438-6:'DA'1440

	GAG...G~UA
	CAA...G~UG

#  Matched base-pairing interactions: 
	<A(1:)-U(4:) trans H/W>                        MATCHES	<A(1:'DA'1553)-U(5:'DA'1438) trans H/W>
	<G(2:)-G(3:) trans H/S>                        MATCHES	<A(2:'DA'1554)-G(3:'DA'1555) cis S/H>
	<G(0:)-A(5:) trans S/H>                        MATCHES	<C(0:'DA'1551)-G(6:'DA'1440) cis W/W>
#  Matched base-stacking interactions: 

>>>>>>>>>>   ALIGNMENT ENDS   >>>>>>>>>>

<<<<<<<<<<  ALIGNMENT BEGINS  <<<<<<<<<<

#  Aligning Eloop_consensus and 4v7w_DA:150-153_145-148_228-229:
#  Alignment score:  25.6
#  P-value:  1.219e-01
#  Query aligned region: 0-1,4-5
#  Target aligned region: 2:'DA'271.W-3:'DA'271.X,4:'DA'271-5:'DA'271.A

	GA...UA
	GG...AA

#  Matched base-pairing interactions: 
	<A(1:)-U(4:) trans H/W>                        MATCHES	<G(3:'DA'271.X)-A(4:'DA'271) trans S/H>
	<G(0:)-A(5:) trans S/H>                        MATCHES	<G(2:'DA'271.W)-A(5:'DA'271.A) trans S/H>
#  Matched base-stacking interactions: 

>>>>>>>>>>   ALIGNMENT ENDS   >>>>>>>>>>

<<<<<<<<<<  ALIGNMENT BEGINS  <<<<<<<<<<

#  Aligning Eloop_consensus and 4v7w_DA:1397-1398_589-590_555-557:
#  Alignment score:  25.2
#  P-value:  1.276e-01
#  Query aligned region: 0-1,4-5
#  Target aligned region: 2:'DA'1125-3:'DA'1126,5:'DA'1028-6:'DA'1029

	GA...UA
	GA...AA

#  Matched base-pairing interactions: 
	<A(1:)-U(4:) trans H/W>                        MATCHES	<A(3:'DA'1126)-A(5:'DA'1028) trans H/H>
	<G(0:)-A(5:) trans S/H>                        MATCHES	<G(2:'DA'1125)-A(6:'DA'1029) trans S/H>
#  Matched base-stacking interactions: 

>>>>>>>>>>   ALIGNMENT ENDS   >>>>>>>>>>

<<<<<<<<<<  ALIGNMENT BEGINS  <<<<<<<<<<

#  Aligning Eloop_consensus and 4v7w_DA:385-388_141-142_377-379:
#  Alignment score:  25
#  P-value:  1.306e-01
#  Query aligned region: 0-1,4-5
#  Target aligned region: 1:'DA'619-1:'DA'619,4:'DA'260-4:'DA'260,6:'DA'608-7:'DA'609

	G~A...UA
	G~G...AA

#  Matched base-pairing interactions: 
	<G(0:)-A(5:) trans S/H>                        MATCHES	<G(1:'DA'619)-A(7:'DA'609) trans S/H>
	<A(1:)-U(4:) trans H/W>                        MATCHES	<G(4:'DA'260)-A(6:'DA'608) cis -/->
#  Matched base-stacking interactions: 

>>>>>>>>>>   ALIGNMENT ENDS   >>>>>>>>>>

<<<<<<<<<<  ALIGNMENT BEGINS  <<<<<<<<<<

#  Aligning Eloop_consensus and 4v7w_DA:946-948_799-804_941-943:
#  Alignment score:  24.6
#  P-value:  1.369e-01
#  Query aligned region: 0-0,5-5
#  Target aligned region: 5:'DA'1418-5:'DA'1418,10:'DA'1580-10:'DA'1580

	G...A
	G...A

#  Matched base-pairing interactions: 
	<G(0:)-A(5:) trans S/H>                        MATCHES	<G(5:'DA'1418)-A(10:'DA'1580) trans S/H>
#  Matched base-stacking interactions: 

>>>>>>>>>>   ALIGNMENT ENDS   >>>>>>>>>>

<<<<<<<<<<  ALIGNMENT BEGINS  <<<<<<<<<<

#  Aligning Eloop_consensus and 4v7w_DA:1469-1472:
#  Alignment score:  24.6
#  P-value:  1.369e-01
#  Query aligned region: 1-1,4-4
#  Target aligned region: 0:'DA'2749-3:'DA'2754

	A...U
	A...U

#  Matched base-pairing interactions: 
	<A(1:)-U(4:) trans H/W>                        MATCHES	<A(0:'DA'2749)-U(3:'DA'2754) trans H/W>
#  Matched base-stacking interactions: 

>>>>>>>>>>   ALIGNMENT ENDS   >>>>>>>>>>

<<<<<<<<<<  ALIGNMENT BEGINS  <<<<<<<<<<

#  Aligning Eloop_consensus and 4v7w_DA:1263-1264_1233-1234:
#  Alignment score:  24.6
#  P-value:  1.369e-01
#  Query aligned region: 0-0,5-5
#  Target aligned region: 1:'DA'2237-1:'DA'2237,2:'DA'2082-2:'DA'2082

	G...A
	G...A

#  Matched base-pairing interactions: 
	<G(0:)-A(5:) trans S/H>                        MATCHES	<G(1:'DA'2237)-A(2:'DA'2082) trans S/H>
#  Matched base-stacking interactions: 

>>>>>>>>>>   ALIGNMENT ENDS   >>>>>>>>>>

<<<<<<<<<<  ALIGNMENT BEGINS  <<<<<<<<<<

#  Aligning Eloop_consensus and 4v7w_DA:495-498_478-479:
#  Alignment score:  24.6
#  P-value:  1.369e-01
#  Query aligned region: 0-0,5-5
#  Target aligned region: 3:'DA'916-3:'DA'916,5:'DA'861-5:'DA'861

	G...A
	G...A

#  Matched base-pairing interactions: 
	<G(0:)-A(5:) trans S/H>                        MATCHES	<G(3:'DA'916)-A(5:'DA'861) trans S/H>
#  Matched base-stacking interactions: 

>>>>>>>>>>   ALIGNMENT ENDS   >>>>>>>>>>

<<<<<<<<<<  ALIGNMENT BEGINS  <<<<<<<<<<

#  Aligning Eloop_consensus and 4v7w_DA:220-221_213-214_203-206:
#  Alignment score:  24.6
#  P-value:  1.369e-01
#  Query aligned region: 0-0,5-5
#  Target aligned region: 1:'DA'338-1:'DA'338,4:'DA'324-4:'DA'324

	G...A
	G...A

#  Matched base-pairing interactions: 
	<G(0:)-A(5:) trans S/H>                        MATCHES	<G(1:'DA'338)-A(4:'DA'324) trans S/H>
#  Matched base-stacking interactions: 

>>>>>>>>>>   ALIGNMENT ENDS   >>>>>>>>>>

<<<<<<<<<<  ALIGNMENT BEGINS  <<<<<<<<<<

#  Aligning Eloop_consensus and 4v7w_DA:740-745_779-780_955-958:
#  Alignment score:  24.2
#  P-value:  1.438e-01
#  Query aligned region: 1-2,3-4
#  Target aligned region: 2:'DA'1342-3:'DA'1343,7:'DA'1404-7:'DA'1404,11:'DA'1602-11:'DA'1602

	AG...G~U
	AG...C~U

#  Matched base-pairing interactions: 
	<A(1:)-U(4:) trans H/W>                        MATCHES	<A(2:'DA'1342)-U(11:'DA'1602) trans H/W>
	<G(2:)-G(3:) trans H/S>                        MATCHES	<G(3:'DA'1343)-C(7:'DA'1404) cis W/W>
#  Matched base-stacking interactions: 

>>>>>>>>>>   ALIGNMENT ENDS   >>>>>>>>>>

<<<<<<<<<<  ALIGNMENT BEGINS  <<<<<<<<<<

#  Aligning Eloop_consensus and 4v7w_DA:302-305_310-312:
#  Alignment score:  23.8
#  P-value:  1.511e-01
#  Query aligned region: 0-0,5-5
#  Target aligned region: 2:'DA'488-2:'DA'488,4:'DA'492-4:'DA'492

	G...A
	G...A

#  Matched base-pairing interactions: 
	<G(0:)-A(5:) trans S/H>                        MATCHES	<G(2:'DA'488)-A(4:'DA'492) trans S/H>
#  Matched base-stacking interactions: 

>>>>>>>>>>   ALIGNMENT ENDS   >>>>>>>>>>

<<<<<<<<<<  ALIGNMENT BEGINS  <<<<<<<<<<

#  Aligning Eloop_consensus and 4v7w_DA:286-287_292-294:
#  Alignment score:  23.8
#  P-value:  1.511e-01
#  Query aligned region: 0-0,5-5
#  Target aligned region: 1:'DA'463-1:'DA'463,3:'DA'466-3:'DA'466

	G...A
	G...A

#  Matched base-pairing interactions: 
	<G(0:)-A(5:) trans S/H>                        MATCHES	<G(1:'DA'463)-A(3:'DA'466) trans S/H>
#  Matched base-stacking interactions: 

>>>>>>>>>>   ALIGNMENT ENDS   >>>>>>>>>>

<<<<<<<<<<  ALIGNMENT BEGINS  <<<<<<<<<<

#  Aligning Eloop_consensus and 4v7w_DA:296-297_21-23_319-322:
#  Alignment score:  23.8
#  P-value:  1.511e-01
#  Query aligned region: 0-0,5-5
#  Target aligned region: 2:'DA'26-2:'DA'26,8:'DA'514-8:'DA'514

	G...A
	G...A

#  Matched base-pairing interactions: 
	<G(0:)-A(5:) trans S/H>                        MATCHES	<G(2:'DA'26)-A(8:'DA'514) trans S/H>
#  Matched base-stacking interactions: 

>>>>>>>>>>   ALIGNMENT ENDS   >>>>>>>>>>

<<<<<<<<<<  ALIGNMENT BEGINS  <<<<<<<<<<

#  Aligning Eloop_consensus and 4v7w_DA:1303-1305_1313-1315:
#  Alignment score:  23.8
#  P-value:  1.511e-01
#  Query aligned region: 0-0,5-5
#  Target aligned region: 1:'DA'2375-1:'DA'2375,4:'DA'2378-4:'DA'2378

	G...A
	G...A

#  Matched base-pairing interactions: 
	<G(0:)-A(5:) trans S/H>                        MATCHES	<G(1:'DA'2375)-A(4:'DA'2378) trans S/H>
#  Matched base-stacking interactions: 

>>>>>>>>>>   ALIGNMENT ENDS   >>>>>>>>>>

<<<<<<<<<<  ALIGNMENT BEGINS  <<<<<<<<<<

#  Aligning Eloop_consensus and 4v7w_DA:1252-1256_1242-1245:
#  Alignment score:  23.8
#  P-value:  1.511e-01
#  Query aligned region: 0-0,5-5
#  Target aligned region: 3:'DA'2224-3:'DA'2224,5:'DA'2199-5:'DA'2199

	G...A
	G...A

#  Matched base-pairing interactions: 
	<G(0:)-A(5:) trans S/H>                        MATCHES	<G(3:'DA'2224)-A(5:'DA'2199) trans S/H>
#  Matched base-stacking interactions: 

>>>>>>>>>>   ALIGNMENT ENDS   >>>>>>>>>>

<<<<<<<<<<  ALIGNMENT BEGINS  <<<<<<<<<<

#  Aligning Eloop_consensus and 4v7w_DA:1152-1153_1142-1149_1112-1115:
#  Alignment score:  23
#  P-value:  1.676e-01
#  Query aligned region: 0-0,5-5
#  Target aligned region: 8:'DA'1968-8:'DA'1968,10:'DA'1932-10:'DA'1932

	G...A
	G...A

#  Matched base-pairing interactions: 
	<G(0:)-A(5:) trans S/H>                        MATCHES	<G(8:'DA'1968)-A(10:'DA'1932) trans S/H>
#  Matched base-stacking interactions: 

>>>>>>>>>>   ALIGNMENT ENDS   >>>>>>>>>>

<<<<<<<<<<  ALIGNMENT BEGINS  <<<<<<<<<<

#  Aligning Eloop_consensus and 4v7w_DA:711-712_702-704_978-980:
#  Alignment score:  22.2
#  P-value:  1.869e-01
#  Query aligned region: 0-0,5-5
#  Target aligned region: 4:'DA'1299-4:'DA'1299,5:'DA'1641-5:'DA'1641

	G...A
	G...A

#  Matched base-pairing interactions: 
	<G(0:)-A(5:) trans S/H>                        MATCHES	<G(4:'DA'1299)-A(5:'DA'1641) trans S/H>
#  Matched base-stacking interactions: 

>>>>>>>>>>   ALIGNMENT ENDS   >>>>>>>>>>

<<<<<<<<<<  ALIGNMENT BEGINS  <<<<<<<<<<

#  Aligning Eloop_consensus and 4v7w_DA:441-448:
#  Alignment score:  21.8
#  P-value:  1.978e-01
#  Query aligned region: 0-0,5-5
#  Target aligned region: 5:'DA'751-6:'DA'752

	G...A
	A...A

#  Matched base-pairing interactions: 
	<G(0:)-A(5:) trans S/H>                        MATCHES	<A(5:'DA'751)-A(6:'DA'752) trans S/H>
#  Matched base-stacking interactions: 

>>>>>>>>>>   ALIGNMENT ENDS   >>>>>>>>>>

<<<<<<<<<<  ALIGNMENT BEGINS  <<<<<<<<<<

#  Aligning Eloop_consensus and 4v7w_DA:268-269_255-258_245-247:
#  Alignment score:  21.4
#  P-value:  2.097e-01
#  Query aligned region: 1-1,4-4
#  Target aligned region: 4:'DA'401-4:'DA'401,8:'DA'373-8:'DA'373

	A...U
	A...U

#  Matched base-pairing interactions: 
	<A(1:)-U(4:) trans H/W>                        MATCHES	<A(4:'DA'401)-U(8:'DA'373) trans H/W>
#  Matched base-stacking interactions: 

>>>>>>>>>>   ALIGNMENT ENDS   >>>>>>>>>>

<<<<<<<<<<  ALIGNMENT BEGINS  <<<<<<<<<<

#  Aligning Eloop_consensus and 4v7w_DA:1056-1057_1064-1065_1062-1063:
#  Alignment score:  21.4
#  P-value:  2.097e-01
#  Query aligned region: 2-2,3-3
#  Target aligned region: 2:'DA'1817-2:'DA'1817,5:'DA'1816-5:'DA'1816

	G...G
	G...G

#  Matched base-pairing interactions: 
	<G(2:)-G(3:) trans H/S>                        MATCHES	<G(2:'DA'1817)-G(5:'DA'1816) trans H/S>
#  Matched base-stacking interactions: 

>>>>>>>>>>   ALIGNMENT ENDS   >>>>>>>>>>

<<<<<<<<<<  ALIGNMENT BEGINS  <<<<<<<<<<

#  Aligning Eloop_consensus and 4v7w_DA:769-777:
#  Alignment score:  6.5
#  P-value:  1.000e+00
#  Query aligned region: 1-2,3-4
#  Target aligned region: 2:'DA'1390-8:'DA'1395

	AG...GU
	UU...UA

#  Matched base-pairing interactions: 
	<G(2:)-G(3:) trans H/S>                        MATCHES	<U(3:'DA'1391)-U(7:'DA'1394) cis -/->
	<A(1:)-U(4:) trans H/W>                        MATCHES	<U(2:'DA'1390)-A(8:'DA'1395) trans W/H>
#  Matched base-stacking interactions: 

>>>>>>>>>>   ALIGNMENT ENDS   >>>>>>>>>>

<<<<<<<<<<  ALIGNMENT BEGINS  <<<<<<<<<<

#  Aligning Eloop_consensus and 4v7w_DA:1485-1487_1437-1438_1480-1484:
#  Alignment score:  2.9
#  P-value:  1.000e+00
#  Query aligned region: 
#  Target aligned region: 

	
	

#  Matched base-pairing interactions: 
#  Matched base-stacking interactions: 

>>>>>>>>>>   ALIGNMENT ENDS   >>>>>>>>>>

<<<<<<<<<<  ALIGNMENT BEGINS  <<<<<<<<<<

#  Aligning Eloop_consensus and 4v7w_DA:245-247_268-269_255-258:
#  Alignment score:  2.7
#  P-value:  1.000e+00
#  Query aligned region: 
#  Target aligned region: 

	
	

#  Matched base-pairing interactions: 
#  Matched base-stacking interactions: 

>>>>>>>>>>   ALIGNMENT ENDS   >>>>>>>>>>

<<<<<<<<<<  ALIGNMENT BEGINS  <<<<<<<<<<

#  Aligning Eloop_consensus and 4v7w_DA:1480-1484_1437-1438_1485-1487:
#  Alignment score:  2.7
#  P-value:  1.000e+00
#  Query aligned region: 
#  Target aligned region: 

	
	

#  Matched base-pairing interactions: 
#  Matched base-stacking interactions: 

>>>>>>>>>>   ALIGNMENT ENDS   >>>>>>>>>>

<<<<<<<<<<  ALIGNMENT BEGINS  <<<<<<<<<<

#  Aligning Eloop_consensus and 4v7w_DA:1437-1438_1485-1487_1480-1484:
#  Alignment score:  2.6
#  P-value:  1.000e+00
#  Query aligned region: 
#  Target aligned region: 

	
	

#  Matched base-pairing interactions: 
#  Matched base-stacking interactions: 

>>>>>>>>>>   ALIGNMENT ENDS   >>>>>>>>>>

<<<<<<<<<<  ALIGNMENT BEGINS  <<<<<<<<<<

#  Aligning Eloop_consensus and 4v7w_DA:1437-1438_1480-1484_1485-1487:
#  Alignment score:  2.6
#  P-value:  1.000e+00
#  Query aligned region: 
#  Target aligned region: 

	
	

#  Matched base-pairing interactions: 
#  Matched base-stacking interactions: 

>>>>>>>>>>   ALIGNMENT ENDS   >>>>>>>>>>

<<<<<<<<<<  ALIGNMENT BEGINS  <<<<<<<<<<

#  Aligning Eloop_consensus and 4v7w_DA:268-269_245-247_255-258:
#  Alignment score:  2.4
#  P-value:  1.000e+00
#  Query aligned region: 
#  Target aligned region: 

	
	

#  Matched base-pairing interactions: 
#  Matched base-stacking interactions: 

>>>>>>>>>>   ALIGNMENT ENDS   >>>>>>>>>>

<<<<<<<<<<  ALIGNMENT BEGINS  <<<<<<<<<<

#  Aligning Eloop_consensus and 4v7w_DA:976-979_711-713:
#  Alignment score:  2.3
#  P-value:  1.000e+00
#  Query aligned region: 
#  Target aligned region: 

	
	

#  Matched base-pairing interactions: 
#  Matched base-stacking interactions: 

>>>>>>>>>>   ALIGNMENT ENDS   >>>>>>>>>>

<<<<<<<<<<  ALIGNMENT BEGINS  <<<<<<<<<<

#  Aligning Eloop_consensus and 4v7w_DA:245-247_255-258_268-269:
#  Alignment score:  2.2
#  P-value:  1.000e+00
#  Query aligned region: 
#  Target aligned region: 

	
	

#  Matched base-pairing interactions: 
#  Matched base-stacking interactions: 

>>>>>>>>>>   ALIGNMENT ENDS   >>>>>>>>>>

<<<<<<<<<<  ALIGNMENT BEGINS  <<<<<<<<<<

#  Aligning Eloop_consensus and 4v7w_DA:1485-1487_1480-1484_1437-1438:
#  Alignment score:  2.1
#  P-value:  1.000e+00
#  Query aligned region: 
#  Target aligned region: 

	
	

#  Matched base-pairing interactions: 
#  Matched base-stacking interactions: 

>>>>>>>>>>   ALIGNMENT ENDS   >>>>>>>>>>

<<<<<<<<<<  ALIGNMENT BEGINS  <<<<<<<<<<

#  Aligning Eloop_consensus and 4v7w_DA:1480-1484_1485-1487_1437-1438:
#  Alignment score:  2
#  P-value:  1.000e+00
#  Query aligned region: 
#  Target aligned region: 

	
	

#  Matched base-pairing interactions: 
#  Matched base-stacking interactions: 

>>>>>>>>>>   ALIGNMENT ENDS   >>>>>>>>>>

<<<<<<<<<<  ALIGNMENT BEGINS  <<<<<<<<<<

#  Aligning Eloop_consensus and 4v7w_DA:1514-1516_1493-1494_1508-1509:
#  Alignment score:  1.9
#  P-value:  1.000e+00
#  Query aligned region: 
#  Target aligned region: 

	
	

#  Matched base-pairing interactions: 
#  Matched base-stacking interactions: 

>>>>>>>>>>   ALIGNMENT ENDS   >>>>>>>>>>

<<<<<<<<<<  ALIGNMENT BEGINS  <<<<<<<<<<

#  Aligning Eloop_consensus and 4v7w_DA:1493-1494_1514-1516_1508-1509:
#  Alignment score:  1.9
#  P-value:  1.000e+00
#  Query aligned region: 
#  Target aligned region: 

	
	

#  Matched base-pairing interactions: 
#  Matched base-stacking interactions: 

>>>>>>>>>>   ALIGNMENT ENDS   >>>>>>>>>>

<<<<<<<<<<  ALIGNMENT BEGINS  <<<<<<<<<<

#  Aligning Eloop_consensus and 4v7w_DA:1493-1494_1508-1509_1514-1516:
#  Alignment score:  1.9
#  P-value:  1.000e+00
#  Query aligned region: 
#  Target aligned region: 

	
	

#  Matched base-pairing interactions: 
#  Matched base-stacking interactions: 

>>>>>>>>>>   ALIGNMENT ENDS   >>>>>>>>>>

<<<<<<<<<<  ALIGNMENT BEGINS  <<<<<<<<<<

#  Aligning Eloop_consensus and 4v7w_DA:817-820_913-916:
#  Alignment score:  1.9
#  P-value:  1.000e+00
#  Query aligned region: 
#  Target aligned region: 

	
	

#  Matched base-pairing interactions: 
#  Matched base-stacking interactions: 

>>>>>>>>>>   ALIGNMENT ENDS   >>>>>>>>>>

<<<<<<<<<<  ALIGNMENT BEGINS  <<<<<<<<<<

#  Aligning Eloop_consensus and 4v7w_DA:941-942_801-806:
#  Alignment score:  1.9
#  P-value:  1.000e+00
#  Query aligned region: 
#  Target aligned region: 

	
	

#  Matched base-pairing interactions: 
#  Matched base-stacking interactions: 

>>>>>>>>>>   ALIGNMENT ENDS   >>>>>>>>>>

<<<<<<<<<<  ALIGNMENT BEGINS  <<<<<<<<<<

#  Aligning Eloop_consensus and 4v7w_DA:1508-1509_1493-1494_1514-1516:
#  Alignment score:  1.7
#  P-value:  1.000e+00
#  Query aligned region: 
#  Target aligned region: 

	
	

#  Matched base-pairing interactions: 
#  Matched base-stacking interactions: 

>>>>>>>>>>   ALIGNMENT ENDS   >>>>>>>>>>

<<<<<<<<<<  ALIGNMENT BEGINS  <<<<<<<<<<

#  Aligning Eloop_consensus and 4v7w_DA:1480-1485:
#  Alignment score:  1.5
#  P-value:  1.000e+00
#  Query aligned region: 
#  Target aligned region: 

	
	

#  Matched base-pairing interactions: 
#  Matched base-stacking interactions: 

>>>>>>>>>>   ALIGNMENT ENDS   >>>>>>>>>>

<<<<<<<<<<  ALIGNMENT BEGINS  <<<<<<<<<<

#  Aligning Eloop_consensus and 4v7w_DA:1514-1516_1508-1509_1493-1494:
#  Alignment score:  1.5
#  P-value:  1.000e+00
#  Query aligned region: 
#  Target aligned region: 

	
	

#  Matched base-pairing interactions: 
#  Matched base-stacking interactions: 

>>>>>>>>>>   ALIGNMENT ENDS   >>>>>>>>>>

<<<<<<<<<<  ALIGNMENT BEGINS  <<<<<<<<<<

#  Aligning Eloop_consensus and 4v7w_DA:1508-1509_1514-1516_1493-1494:
#  Alignment score:  1.5
#  P-value:  1.000e+00
#  Query aligned region: 
#  Target aligned region: 

	
	

#  Matched base-pairing interactions: 
#  Matched base-stacking interactions: 

>>>>>>>>>>   ALIGNMENT ENDS   >>>>>>>>>>

<<<<<<<<<<  ALIGNMENT BEGINS  <<<<<<<<<<

#  Aligning Eloop_consensus and 4v7w_DA:1062-1064:
#  Alignment score:  0.9
#  P-value:  1.000e+00
#  Query aligned region: 
#  Target aligned region: 

	
	

#  Matched base-pairing interactions: 
#  Matched base-stacking interactions: 

>>>>>>>>>>   ALIGNMENT ENDS   >>>>>>>>>>

<<<<<<<<<<  ALIGNMENT BEGINS  <<<<<<<<<<

#  Aligning Eloop_consensus and 4v7w_DA:1374-1378:
#  Alignment score:  0.9
#  P-value:  1.000e+00
#  Query aligned region: 
#  Target aligned region: 

	
	

#  Matched base-pairing interactions: 
#  Matched base-stacking interactions: 

>>>>>>>>>>   ALIGNMENT ENDS   >>>>>>>>>>

<<<<<<<<<<  ALIGNMENT BEGINS  <<<<<<<<<<

#  Aligning Eloop_consensus and 4v7w_DA:1042-1048:
#  Alignment score:  0.7
#  P-value:  1.000e+00
#  Query aligned region: 
#  Target aligned region: 

	
	

#  Matched base-pairing interactions: 
#  Matched base-stacking interactions: 

>>>>>>>>>>   ALIGNMENT ENDS   >>>>>>>>>>

<<<<<<<<<<  ALIGNMENT BEGINS  <<<<<<<<<<

# scan failed rc=-11
