$ /home/s081p868/scratch/RNAMotifScanX-release/bin/scan /home/s081p868/scratch/RNAMotifScanX-release/models/reverse-kturn_consensus.struct /rfs/poseidon_share/s081p868/RNAMotifScanX_nr/rmsx_work_default/4v7w/DA/4v7w_DA.rmsx.in --map_pdb=/rfs/poseidon_share/s081p868/RNAMotifScanX_nr/rmsx_work_default/4v7w/DA/4v7w_DA.rmsx.nch --pvalue 1.0 --num_threads 16 --write_alignment
<<<<<<<<<<  ALIGNMENT BEGINS  <<<<<<<<<<

#  Aligning reverse-kturn_conseusns and 4v7w_DA:584-592_1397-1401_555-558:
#  Alignment score:  49.8
#  P-value:  3.215e-02
#  Query aligned region: 1-3,4-9
#  Target aligned region: 5:'DA'1125-7:'DA'1127,12:'DA'2488-12:'DA'2488,15:'DA'1028-16:'DA'1029

	GAG...C~AA
	GAA...A~AA

#  Matched base-pairing interactions: 
	<G(3:)-C(4:) cis W/W>                          MATCHES	<A(7:'DA'1127)-A(12:'DA'2488) cis H/S>
	<A(2:)-A(8:) trans H/H>                        MATCHES	<A(6:'DA'1126)-A(15:'DA'1028) trans H/H>
	<G(1:)-A(9:) trans S/H>                        MATCHES	<G(5:'DA'1125)-A(16:'DA'1029) trans S/H>
#  Matched base-stacking interactions: 

>>>>>>>>>>   ALIGNMENT ENDS   >>>>>>>>>>

<<<<<<<<<<  ALIGNMENT BEGINS  <<<<<<<<<<

#  Aligning reverse-kturn_conseusns and 4v7w_DA:1166-1169_1202-1203_982-986:
#  Alignment score:  40.8
#  P-value:  5.738e-02
#  Query aligned region: 0-2,8-10
#  Target aligned region: 2:'DA'2004-3:'DA'2005,4:'DA'2048-4:'DA'2048,6:'DA'1654-8:'DA'1656

	GG~A...AAC
	GA~G...AAC

#  Matched base-pairing interactions: 
	<A(2:)-A(8:) trans H/H>                        MATCHES	<G(4:'DA'2048)-A(6:'DA'1654) cis -/->
	<G(1:)-A(9:) trans S/H>                        MATCHES	<A(3:'DA'2005)-A(7:'DA'1655) trans S/H>
	<G(0:)-C(10:) cis W/W>                         MATCHES	<G(2:'DA'2004)-C(8:'DA'1656) cis W/W>
#  Matched base-stacking interactions: 

>>>>>>>>>>   ALIGNMENT ENDS   >>>>>>>>>>

<<<<<<<<<<  ALIGNMENT BEGINS  <<<<<<<<<<

#  Aligning reverse-kturn_conseusns and 4v7w_DA:648-653_657-658_627-632:
#  Alignment score:  37.6
#  P-value:  7.401e-02
#  Query aligned region: 0-2,8-10
#  Target aligned region: 4:'DA'1234-5:'DA'1235,6:'DA'1245-6:'DA'1245,11:'DA'1200-13:'DA'1215

	GG~A...AAC
	UG~G...CAG

#  Matched base-pairing interactions: 
	<A(2:)-A(8:) trans H/H>                        MATCHES	<G(6:'DA'1245)-C(11:'DA'1200) cis W/W>
	<G(1:)-A(9:) trans S/H>                        MATCHES	<G(5:'DA'1235)-A(12:'DA'1214) trans S/H>
	<G(0:)-C(10:) cis W/W>                         MATCHES	<U(4:'DA'1234)-G(13:'DA'1215) cis W/W>
#  Matched base-stacking interactions: 

>>>>>>>>>>   ALIGNMENT ENDS   >>>>>>>>>>

<<<<<<<<<<  ALIGNMENT BEGINS  <<<<<<<<<<

#  Aligning reverse-kturn_conseusns and 4v7w_DA:747-749_120-121_751-752:
#  Alignment score:  37
#  P-value:  7.792e-02
#  Query aligned region: 0-2,8-10
#  Target aligned region: 0:'DA'1363-2:'DA'1365,3:'DA'187-3:'DA'187,5:'DA'1367-6:'DA'1368

	GGA...A~AC
	CGA...G~AG

#  Matched base-pairing interactions: 
	<G(1:)-A(9:) trans S/H>                        MATCHES	<G(1:'DA'1364)-A(5:'DA'1367) trans S/H>
	<A(2:)-A(8:) trans H/H>                        MATCHES	<A(2:'DA'1365)-G(3:'DA'187) cis W/S>
	<G(0:)-C(10:) cis W/W>                         MATCHES	<C(0:'DA'1363)-G(6:'DA'1368) cis W/W>
#  Matched base-stacking interactions: 

>>>>>>>>>>   ALIGNMENT ENDS   >>>>>>>>>>

<<<<<<<<<<  ALIGNMENT BEGINS  <<<<<<<<<<

#  Aligning reverse-kturn_conseusns and 4v7w_DA:213-222_168-169_203-206:
#  Alignment score:  36.4
#  P-value:  8.216e-02
#  Query aligned region: 0-2,8-10
#  Target aligned region: 7:'DA'337-9:'DA'356,10:'DA'285-10:'DA'285,12:'DA'324-13:'DA'325

	GGA...A~AC
	CGG...C~AG

#  Matched base-pairing interactions: 
	<G(1:)-A(9:) trans S/H>                        MATCHES	<G(8:'DA'338)-A(12:'DA'324) trans S/H>
	<A(2:)-A(8:) trans H/H>                        MATCHES	<G(9:'DA'356)-C(10:'DA'285) cis W/W>
	<G(0:)-C(10:) cis W/W>                         MATCHES	<C(7:'DA'337)-G(13:'DA'325) cis W/W>
#  Matched base-stacking interactions: 

>>>>>>>>>>   ALIGNMENT ENDS   >>>>>>>>>>

<<<<<<<<<<  ALIGNMENT BEGINS  <<<<<<<<<<

#  Aligning reverse-kturn_conseusns and 4v7w_DA:150-153_145-148_228-229:
#  Alignment score:  36.4
#  P-value:  8.216e-02
#  Query aligned region: 0-2,8-10
#  Target aligned region: 1:'DA'271.V-3:'DA'271.X,4:'DA'271-6:'DA'271.B

	GGA...AAC
	GGG...AAC

#  Matched base-pairing interactions: 
	<A(2:)-A(8:) trans H/H>                        MATCHES	<G(3:'DA'271.X)-A(4:'DA'271) trans S/H>
	<G(1:)-A(9:) trans S/H>                        MATCHES	<G(2:'DA'271.W)-A(5:'DA'271.A) trans S/H>
	<G(0:)-C(10:) cis W/W>                         MATCHES	<G(1:'DA'271.V)-C(6:'DA'271.B) cis W/W>
#  Matched base-stacking interactions: 

>>>>>>>>>>   ALIGNMENT ENDS   >>>>>>>>>>

<<<<<<<<<<  ALIGNMENT BEGINS  <<<<<<<<<<

#  Aligning reverse-kturn_conseusns and 4v7w_DA:1252-1256_1242-1247:
#  Alignment score:  35.6
#  P-value:  8.836e-02
#  Query aligned region: 0-1,9-10
#  Target aligned region: 2:'DA'2223-3:'DA'2224,5:'DA'2199-6:'DA'2200

	GG...AC
	GG...AC

#  Matched base-pairing interactions: 
	<G(1:)-A(9:) trans S/H>                        MATCHES	<G(3:'DA'2224)-A(5:'DA'2199) trans S/H>
	<G(0:)-C(10:) cis W/W>                         MATCHES	<G(2:'DA'2223)-C(6:'DA'2200) cis W/W>
#  Matched base-stacking interactions: 

>>>>>>>>>>   ALIGNMENT ENDS   >>>>>>>>>>

<<<<<<<<<<  ALIGNMENT BEGINS  <<<<<<<<<<

#  Aligning reverse-kturn_conseusns and 4v7w_DA:1263-1264_1233-1234:
#  Alignment score:  35.6
#  P-value:  8.836e-02
#  Query aligned region: 0-1,9-10
#  Target aligned region: 0:'DA'2236-1:'DA'2237,2:'DA'2082-3:'DA'2083

	GG...AC
	CG...AG

#  Matched base-pairing interactions: 
	<G(1:)-A(9:) trans S/H>                        MATCHES	<G(1:'DA'2237)-A(2:'DA'2082) trans S/H>
	<G(0:)-C(10:) cis W/W>                         MATCHES	<C(0:'DA'2236)-G(3:'DA'2083) cis W/W>
#  Matched base-stacking interactions: 

>>>>>>>>>>   ALIGNMENT ENDS   >>>>>>>>>>

<<<<<<<<<<  ALIGNMENT BEGINS  <<<<<<<<<<

#  Aligning reverse-kturn_conseusns and 4v7w_DA:800-806_937-943:
#  Alignment score:  35.6
#  P-value:  8.836e-02
#  Query aligned region: 0-1,9-10
#  Target aligned region: 0:'DA'1417-1:'DA'1418,12:'DA'1580-13:'DA'1581

	GG...AC
	CG...AG

#  Matched base-pairing interactions: 
	<G(1:)-A(9:) trans S/H>                        MATCHES	<G(1:'DA'1418)-A(12:'DA'1580) trans S/H>
	<G(0:)-C(10:) cis W/W>                         MATCHES	<C(0:'DA'1417)-G(13:'DA'1581) cis W/W>
#  Matched base-stacking interactions: 

>>>>>>>>>>   ALIGNMENT ENDS   >>>>>>>>>>

<<<<<<<<<<  ALIGNMENT BEGINS  <<<<<<<<<<

#  Aligning reverse-kturn_conseusns and 4v7w_DA:303-311:
#  Alignment score:  34.8
#  P-value:  9.529e-02
#  Query aligned region: 0-1,9-10
#  Target aligned region: 0:'DA'487-8:'DA'493

	GG...AC
	CG...AG

#  Matched base-pairing interactions: 
	<G(1:)-A(9:) trans S/H>                        MATCHES	<G(1:'DA'488)-A(7:'DA'492) trans S/H>
	<G(0:)-C(10:) cis W/W>                         MATCHES	<C(0:'DA'487)-G(8:'DA'493) cis W/W>
#  Matched base-stacking interactions: 

>>>>>>>>>>   ALIGNMENT ENDS   >>>>>>>>>>

<<<<<<<<<<  ALIGNMENT BEGINS  <<<<<<<<<<

#  Aligning reverse-kturn_conseusns and 4v7w_DA:286-294:
#  Alignment score:  34.2
#  P-value:  1.010e-01
#  Query aligned region: 0-1,9-10
#  Target aligned region: 0:'DA'462-8:'DA'467

	GG...AC
	CG...AG

#  Matched base-pairing interactions: 
	<G(1:)-A(9:) trans S/H>                        MATCHES	<G(1:'DA'463)-A(7:'DA'466) trans S/H>
	<G(0:)-C(10:) cis W/W>                         MATCHES	<C(0:'DA'462)-G(8:'DA'467) cis W/W>
#  Matched base-stacking interactions: 

>>>>>>>>>>   ALIGNMENT ENDS   >>>>>>>>>>

<<<<<<<<<<  ALIGNMENT BEGINS  <<<<<<<<<<

#  Aligning reverse-kturn_conseusns and 4v7w_DA:385-388_141-142_377-379:
#  Alignment score:  34
#  P-value:  1.031e-01
#  Query aligned region: 0-2,8-10
#  Target aligned region: 0:'DA'618-1:'DA'619,4:'DA'260-4:'DA'260,6:'DA'608-8:'DA'610

	GG~A...AAC
	CG~G...AAG

#  Matched base-pairing interactions: 
	<G(1:)-A(9:) trans S/H>                        MATCHES	<G(1:'DA'619)-A(7:'DA'609) trans S/H>
	<A(2:)-A(8:) trans H/H>                        MATCHES	<G(4:'DA'260)-A(6:'DA'608) cis -/->
	<G(0:)-C(10:) cis W/W>                         MATCHES	<C(0:'DA'618)-G(8:'DA'610) cis W/W>
#  Matched base-stacking interactions: 

>>>>>>>>>>   ALIGNMENT ENDS   >>>>>>>>>>

<<<<<<<<<<  ALIGNMENT BEGINS  <<<<<<<<<<

#  Aligning reverse-kturn_conseusns and 4v7w_DA:1303-1315:
#  Alignment score:  33.4
#  P-value:  1.096e-01
#  Query aligned region: 0-1,9-10
#  Target aligned region: 0:'DA'2374-12:'DA'2379

	GG...AC
	CG...AG

#  Matched base-pairing interactions: 
	<G(1:)-A(9:) trans S/H>                        MATCHES	<G(1:'DA'2375)-A(11:'DA'2378) trans S/H>
	<G(0:)-C(10:) cis W/W>                         MATCHES	<C(0:'DA'2374)-G(12:'DA'2379) cis W/W>
#  Matched base-stacking interactions: 

>>>>>>>>>>   ALIGNMENT ENDS   >>>>>>>>>>

<<<<<<<<<<  ALIGNMENT BEGINS  <<<<<<<<<<

#  Aligning reverse-kturn_conseusns and 4v7w_DA:703-704_711-713_978-979:
#  Alignment score:  32.8
#  P-value:  1.167e-01
#  Query aligned region: 0-2,8-10
#  Target aligned region: 0:'DA'1298-1:'DA'1299,3:'DA'1302-4:'DA'1303,5:'DA'1641-6:'DA'1642

	GG~A...A~AC
	CG~A...G~AG

#  Matched base-pairing interactions: 
	<G(1:)-A(9:) trans S/H>                        MATCHES	<G(1:'DA'1299)-A(5:'DA'1641) trans S/H>
	<A(2:)-A(8:) trans H/H>                        MATCHES	<A(3:'DA'1302)-G(4:'DA'1303) cis S/H>
	<G(0:)-C(10:) cis W/W>                         MATCHES	<C(0:'DA'1298)-G(6:'DA'1642) cis W/W>
#  Matched base-stacking interactions: 

>>>>>>>>>>   ALIGNMENT ENDS   >>>>>>>>>>

<<<<<<<<<<  ALIGNMENT BEGINS  <<<<<<<<<<

#  Aligning reverse-kturn_conseusns and 4v7w_DA:356-358_672-681_684-685:
#  Alignment score:  31.2
#  P-value:  1.394e-01
#  Query aligned region: 0-1,9-10
#  Target aligned region: 0:'DA'579-1:'DA'585,10:'DA'1254-10:'DA'1254,13:'DA'1261-13:'DA'1261

	GG...A~C
	GG...A~C

#  Matched base-pairing interactions: 
	<G(0:)-C(10:) cis W/W>                         MATCHES	<G(0:'DA'579)-C(13:'DA'1261) cis W/W>
	<G(1:)-A(9:) trans S/H>                        MATCHES	<G(1:'DA'585)-A(10:'DA'1254) trans S/H>
#  Matched base-stacking interactions: 

>>>>>>>>>>   ALIGNMENT ENDS   >>>>>>>>>>

<<<<<<<<<<  ALIGNMENT BEGINS  <<<<<<<<<<

#  Aligning reverse-kturn_conseusns and 4v7w_DA:989-994:
#  Alignment score:  28.8
#  P-value:  1.883e-01
#  Query aligned region: 1-2,8-9
#  Target aligned region: 0:'DA'1687-5:'DA'1701

	GA...AA
	GU...AA

#  Matched base-pairing interactions: 
	<A(2:)-A(8:) trans H/H>                        MATCHES	<U(1:'DA'1688)-A(4:'DA'1700) cis -/->
	<G(1:)-A(9:) trans S/H>                        MATCHES	<G(0:'DA'1687)-A(5:'DA'1701) trans S/H>
#  Matched base-stacking interactions: 

>>>>>>>>>>   ALIGNMENT ENDS   >>>>>>>>>>

<<<<<<<<<<  ALIGNMENT BEGINS  <<<<<<<<<<

#  Aligning reverse-kturn_conseusns and 4v7w_DA:493-498_478-479:
#  Alignment score:  24.6
#  P-value:  3.675e-01
#  Query aligned region: 1-1,9-9
#  Target aligned region: 5:'DA'916-5:'DA'916,7:'DA'861-7:'DA'861

	G...A
	G...A

#  Matched base-pairing interactions: 
	<G(1:)-A(9:) trans S/H>                        MATCHES	<G(5:'DA'916)-A(7:'DA'861) trans S/H>
#  Matched base-stacking interactions: 

>>>>>>>>>>   ALIGNMENT ENDS   >>>>>>>>>>

<<<<<<<<<<  ALIGNMENT BEGINS  <<<<<<<<<<

#  Aligning reverse-kturn_conseusns and 4v7w_DA:276-277_21-24_317-322:
#  Alignment score:  23.9
#  P-value:  4.214e-01
#  Query aligned region: 0-2,8-10
#  Target aligned region: 2:'DA'26-3:'DA'27,6:'DA'510-11:'DA'514

	GG~A...AA-C
	GG~C...GAGA

#  Matched base-pairing interactions: 
	<G(0:)-C(10:) cis W/W>                         MATCHES	<G(2:'DA'26)-A(11:'DA'514) trans S/H>
	<G(1:)-A(9:) trans S/H>                        MATCHES	<G(3:'DA'27)-A(9:'DA'513) trans S/H>
	<A(2:)-A(8:) trans H/H>                        MATCHES	<C(6:'DA'510)-G(8:'DA'512) cis -/->
#  Matched base-stacking interactions: 

>>>>>>>>>>   ALIGNMENT ENDS   >>>>>>>>>>

<<<<<<<<<<  ALIGNMENT BEGINS  <<<<<<<<<<

#  Aligning reverse-kturn_conseusns and 4v7w_DA:1152-1153_1142-1149_1112-1115:
#  Alignment score:  23
#  P-value:  5.100e-01
#  Query aligned region: 1-1,9-9
#  Target aligned region: 8:'DA'1968-8:'DA'1968,10:'DA'1932-10:'DA'1932

	G...A
	G...A

#  Matched base-pairing interactions: 
	<G(1:)-A(9:) trans S/H>                        MATCHES	<G(8:'DA'1968)-A(10:'DA'1932) trans S/H>
#  Matched base-stacking interactions: 

>>>>>>>>>>   ALIGNMENT ENDS   >>>>>>>>>>

<<<<<<<<<<  ALIGNMENT BEGINS  <<<<<<<<<<

#  Aligning reverse-kturn_conseusns and 4v7w_DA:441-446_447-449_686-687:
#  Alignment score:  21.8
#  P-value:  6.794e-01
#  Query aligned region: 1-1,9-9
#  Target aligned region: 5:'DA'751-5:'DA'751,6:'DA'752-6:'DA'752

	G...A
	A...A

#  Matched base-pairing interactions: 
	<G(1:)-A(9:) trans S/H>                        MATCHES	<A(5:'DA'751)-A(6:'DA'752) trans S/H>
#  Matched base-stacking interactions: 

>>>>>>>>>>   ALIGNMENT ENDS   >>>>>>>>>>

<<<<<<<<<<  ALIGNMENT BEGINS  <<<<<<<<<<

#  Aligning reverse-kturn_conseusns and 4v7w_DA:28-29_275-277_23-25:
#  Alignment score:  14
#  P-value:  1.000e+00
#  Query aligned region: 2-3,4-8
#  Target aligned region: 0:'DA'35-1:'DA'36,2:'DA'444-2:'DA'444,7:'DA'34-7:'DA'34

	AG...C~A
	GG...C~C

#  Matched base-pairing interactions: 
	<G(3:)-C(4:) cis W/W>                          MATCHES	<G(1:'DA'36)-C(2:'DA'444) cis W/W>
	<A(2:)-A(8:) trans H/H>                        MATCHES	<G(0:'DA'35)-C(7:'DA'34) trans H/S>
#  Matched base-stacking interactions: 

>>>>>>>>>>   ALIGNMENT ENDS   >>>>>>>>>>

<<<<<<<<<<  ALIGNMENT BEGINS  <<<<<<<<<<

#  Aligning reverse-kturn_conseusns and 4v7w_DA:657-658_627-632_648-653:
#  Alignment score:  13.8
#  P-value:  1.000e+00
#  Query aligned region: 0-1,9-10
#  Target aligned region: 0:'DA'1245-1:'DA'1246,4:'DA'1199-5:'DA'1200

	GG...AC
	GA...UC

#  Matched base-pairing interactions: 
	<G(1:)-A(9:) trans S/H>                        MATCHES	<A(1:'DA'1246)-U(4:'DA'1199) cis W/W>
	<G(0:)-C(10:) cis W/W>                         MATCHES	<G(0:'DA'1245)-C(5:'DA'1200) cis W/W>
#  Matched base-stacking interactions: 

>>>>>>>>>>   ALIGNMENT ENDS   >>>>>>>>>>

<<<<<<<<<<  ALIGNMENT BEGINS  <<<<<<<<<<

#  Aligning reverse-kturn_conseusns and 4v7w_DA:1153-1154_1056-1063_1064-1066:
#  Alignment score:  13
#  P-value:  1.000e+00
#  Query aligned region: 0-2,8-10
#  Target aligned region: 0:'DA'1974-0:'DA'1974,2:'DA'1799-3:'DA'1800,10:'DA'1817-12:'DA'1831

	G~GA...AAC
	C~GC...GUG

#  Matched base-pairing interactions: 
	<A(2:)-A(8:) trans H/H>                        MATCHES	<C(3:'DA'1800)-G(10:'DA'1817) trans W/W>
	<G(0:)-C(10:) cis W/W>                         MATCHES	<C(0:'DA'1974)-G(12:'DA'1831) cis W/W>
	<G(1:)-A(9:) trans S/H>                        MATCHES	<G(2:'DA'1799)-U(11:'DA'1818) cis -/->
#  Matched base-stacking interactions: 

>>>>>>>>>>   ALIGNMENT ENDS   >>>>>>>>>>

<<<<<<<<<<  ALIGNMENT BEGINS  <<<<<<<<<<

#  Aligning reverse-kturn_conseusns and 4v7w_DA:228-229_377-379_141-152:
#  Alignment score:  13
#  P-value:  1.000e+00
#  Query aligned region: 0-1,9-10
#  Target aligned region: 11:'DA'271.B-15:'DA'271.V

	GG...AC
	CC...GG

#  Matched base-pairing interactions: 
	<G(1:)-A(9:) trans S/H>                        MATCHES	<C(12:'DA'271.C)-G(14:'DA'271.U) cis W/W>
	<G(0:)-C(10:) cis W/W>                         MATCHES	<C(11:'DA'271.B)-G(15:'DA'271.V) cis W/W>
#  Matched base-stacking interactions: 

>>>>>>>>>>   ALIGNMENT ENDS   >>>>>>>>>>

<<<<<<<<<<  ALIGNMENT BEGINS  <<<<<<<<<<

#  Aligning reverse-kturn_conseusns and 4v7w_DA:686-687_447-449_441-446:
#  Alignment score:  2.8
#  P-value:  1.000e+00
#  Query aligned region: 
#  Target aligned region: 

	
	

#  Matched base-pairing interactions: 
#  Matched base-stacking interactions: 

>>>>>>>>>>   ALIGNMENT ENDS   >>>>>>>>>>

<<<<<<<<<<  ALIGNMENT BEGINS  <<<<<<<<<<

#  Aligning reverse-kturn_conseusns and 4v7w_DA:276-277_317-322_21-24:
#  Alignment score:  2.7
#  P-value:  1.000e+00
#  Query aligned region: 
#  Target aligned region: 

	
	

#  Matched base-pairing interactions: 
#  Matched base-stacking interactions: 

>>>>>>>>>>   ALIGNMENT ENDS   >>>>>>>>>>

<<<<<<<<<<  ALIGNMENT BEGINS  <<<<<<<<<<

#  Aligning reverse-kturn_conseusns and 4v7w_DA:317-322_276-277_21-24:
#  Alignment score:  2.7
#  P-value:  1.000e+00
#  Query aligned region: 
#  Target aligned region: 

	
	

#  Matched base-pairing interactions: 
#  Matched base-stacking interactions: 

>>>>>>>>>>   ALIGNMENT ENDS   >>>>>>>>>>

<<<<<<<<<<  ALIGNMENT BEGINS  <<<<<<<<<<

#  Aligning reverse-kturn_conseusns and 4v7w_DA:447-449_686-687_441-446:
#  Alignment score:  2.5
#  P-value:  1.000e+00
#  Query aligned region: 
#  Target aligned region: 

	
	

#  Matched base-pairing interactions: 
#  Matched base-stacking interactions: 

>>>>>>>>>>   ALIGNMENT ENDS   >>>>>>>>>>

<<<<<<<<<<  ALIGNMENT BEGINS  <<<<<<<<<<

#  Aligning reverse-kturn_conseusns and 4v7w_DA:317-322_21-24_276-277:
#  Alignment score:  2.4
#  P-value:  1.000e+00
#  Query aligned region: 
#  Target aligned region: 

	
	

#  Matched base-pairing interactions: 
#  Matched base-stacking interactions: 

>>>>>>>>>>   ALIGNMENT ENDS   >>>>>>>>>>

<<<<<<<<<<  ALIGNMENT BEGINS  <<<<<<<<<<

#  Aligning reverse-kturn_conseusns and 4v7w_DA:447-449_441-446_686-687:
#  Alignment score:  2.2
#  P-value:  1.000e+00
#  Query aligned region: 
#  Target aligned region: 

	
	

#  Matched base-pairing interactions: 
#  Matched base-stacking interactions: 

>>>>>>>>>>   ALIGNMENT ENDS   >>>>>>>>>>

<<<<<<<<<<  ALIGNMENT BEGINS  <<<<<<<<<<

#  Aligning reverse-kturn_conseusns and 4v7w_DA:478-479_493-498:
#  Alignment score:  1.6
#  P-value:  1.000e+00
#  Query aligned region: 
#  Target aligned region: 

	
	

#  Matched base-pairing interactions: 
#  Matched base-stacking interactions: 

>>>>>>>>>>   ALIGNMENT ENDS   >>>>>>>>>>

<<<<<<<<<<  ALIGNMENT BEGINS  <<<<<<<<<<

#  Aligning reverse-kturn_conseusns and 4v7w_DA:1233-1234_1263-1264:
#  Alignment score:  1.5
#  P-value:  1.000e+00
#  Query aligned region: 
#  Target aligned region: 

	
	

#  Matched base-pairing interactions: 
#  Matched base-stacking interactions: 

>>>>>>>>>>   ALIGNMENT ENDS   >>>>>>>>>>

<<<<<<<<<<  ALIGNMENT BEGINS  <<<<<<<<<<

# scan failed rc=-11
