$ /home/s081p868/scratch/RNAMotifScanX-release/bin/scan /home/s081p868/scratch/RNAMotifScanX-release/models/e-loop_consensus.struct /rfs/poseidon_share/s081p868/RNAMotifScanX_nr/rmsx_work_default/4v7w/BA/4v7w_BA.rmsx.in --map_pdb=/rfs/poseidon_share/s081p868/RNAMotifScanX_nr/rmsx_work_default/4v7w/BA/4v7w_BA.rmsx.nch --pvalue 1.0 --num_threads 16 --write_alignment
<<<<<<<<<<  ALIGNMENT BEGINS  <<<<<<<<<<

#  Aligning Eloop_consensus and 4v7w_BA:357-358_669-673_678-679:
#  Alignment score:  36.2
#  P-value:  6.379e-02
#  Query aligned region: 0-2,3-5
#  Target aligned region: 0:'BA'585-1:'BA'586,2:'BA'1249-5:'BA'1251,8:'BA'1254-8:'BA'1254

	GA~G...GU~A
	GA~U...GC~A

#  Matched base-pairing interactions: 
	<G(2:)-G(3:) trans H/S>                        MATCHES	<U(2:'BA'1249)-G(4:'BA'1250) cis S/H>
	<G(0:)-A(5:) trans S/H>                        MATCHES	<G(0:'BA'585)-A(8:'BA'1254) trans S/H>
	<A(1:)-U(4:) trans H/W>                        MATCHES	<A(1:'BA'586)-C(5:'BA'1251) trans H/W>
#  Matched base-stacking interactions: 

>>>>>>>>>>   ALIGNMENT ENDS   >>>>>>>>>>

<<<<<<<<<<  ALIGNMENT BEGINS  <<<<<<<<<<

#  Aligning Eloop_consensus and 4v7w_BA:652-653_657-658_629-632:
#  Alignment score:  30.8
#  P-value:  9.878e-02
#  Query aligned region: 0-2,3-5
#  Target aligned region: 1:'BA'1235-1:'BA'1235,2:'BA'1245-3:'BA'1246,4:'BA'1199-6:'BA'1214

	G~AG...GUA
	G~GA...UCA

#  Matched base-pairing interactions: 
	<G(2:)-G(3:) trans H/S>                        MATCHES	<A(3:'BA'1246)-U(4:'BA'1199) cis W/W>
	<A(1:)-U(4:) trans H/W>                        MATCHES	<G(2:'BA'1245)-C(5:'BA'1200) cis W/W>
	<G(0:)-A(5:) trans S/H>                        MATCHES	<G(1:'BA'1235)-A(6:'BA'1214) trans S/H>
#  Matched base-stacking interactions: 

>>>>>>>>>>   ALIGNMENT ENDS   >>>>>>>>>>

<<<<<<<<<<  ALIGNMENT BEGINS  <<<<<<<<<<

#  Aligning Eloop_consensus and 4v7w_BA:1168-1169_1202-1203_982-984:
#  Alignment score:  28.6
#  P-value:  1.218e-01
#  Query aligned region: 0-1,4-5
#  Target aligned region: 1:'BA'2005-1:'BA'2005,2:'BA'2048-2:'BA'2048,4:'BA'1654-5:'BA'1655

	G~A...UA
	A~G...AA

#  Matched base-pairing interactions: 
	<A(1:)-U(4:) trans H/W>                        MATCHES	<G(2:'BA'2048)-A(4:'BA'1654) cis -/->
	<G(0:)-A(5:) trans S/H>                        MATCHES	<A(1:'BA'2005)-A(5:'BA'1655) trans S/H>
#  Matched base-stacking interactions: 

>>>>>>>>>>   ALIGNMENT ENDS   >>>>>>>>>>

<<<<<<<<<<  ALIGNMENT BEGINS  <<<<<<<<<<

#  Aligning Eloop_consensus and 4v7w_BA:276-277_317-322_21-24:
#  Alignment score:  28.5
#  P-value:  1.231e-01
#  Query aligned region: 1-2,3-4
#  Target aligned region: 1:'BA'447-1:'BA'447,5:'BA'513-5:'BA'513,9:'BA'27-11:'BA'33

	A~G...G-U
	A~A...GCU

#  Matched base-pairing interactions: 
	<A(1:)-U(4:) trans H/W>                        MATCHES	<A(1:'BA'447)-U(11:'BA'33) trans H/W>
	<G(2:)-G(3:) trans H/S>                        MATCHES	<A(5:'BA'513)-G(9:'BA'27) trans H/S>
#  Matched base-stacking interactions: 

>>>>>>>>>>   ALIGNMENT ENDS   >>>>>>>>>>

<<<<<<<<<<  ALIGNMENT BEGINS  <<<<<<<<<<

#  Aligning Eloop_consensus and 4v7w_BA:1028-1029_987-990_993-994:
#  Alignment score:  28.4
#  P-value:  1.243e-01
#  Query aligned region: 0-1,4-5
#  Target aligned region: 4:'BA'1687-5:'BA'1688,6:'BA'1700-7:'BA'1701

	GA...UA
	GU...AA

#  Matched base-pairing interactions: 
	<A(1:)-U(4:) trans H/W>                        MATCHES	<U(5:'BA'1688)-A(6:'BA'1700) cis -/->
	<G(0:)-A(5:) trans S/H>                        MATCHES	<G(4:'BA'1687)-A(7:'BA'1701) trans S/H>
#  Matched base-stacking interactions: 

>>>>>>>>>>   ALIGNMENT ENDS   >>>>>>>>>>

<<<<<<<<<<  ALIGNMENT BEGINS  <<<<<<<<<<

#  Aligning Eloop_consensus and 4v7w_BA:913-916_817-820:
#  Alignment score:  26.2
#  P-value:  1.576e-01
#  Query aligned region: 0-2,3-5
#  Target aligned region: 0:'BA'1551-3:'BA'1555,5:'BA'1438-6:'BA'1440

	GAG...G~UA
	CAA...G~UG

#  Matched base-pairing interactions: 
	<A(1:)-U(4:) trans H/W>                        MATCHES	<A(1:'BA'1553)-U(5:'BA'1438) trans H/W>
	<G(2:)-G(3:) trans H/S>                        MATCHES	<A(2:'BA'1554)-G(3:'BA'1555) cis S/H>
	<G(0:)-A(5:) trans S/H>                        MATCHES	<C(0:'BA'1551)-G(6:'BA'1440) cis W/W>
#  Matched base-stacking interactions: 

>>>>>>>>>>   ALIGNMENT ENDS   >>>>>>>>>>

<<<<<<<<<<  ALIGNMENT BEGINS  <<<<<<<<<<

#  Aligning Eloop_consensus and 4v7w_BA:150-153_145-148_228-229:
#  Alignment score:  25.6
#  P-value:  1.689e-01
#  Query aligned region: 0-1,4-5
#  Target aligned region: 2:'BA'271.W-3:'BA'271.X,4:'BA'271-5:'BA'271.A

	GA...UA
	GG...AA

#  Matched base-pairing interactions: 
	<A(1:)-U(4:) trans H/W>                        MATCHES	<G(3:'BA'271.X)-A(4:'BA'271) trans S/H>
	<G(0:)-A(5:) trans S/H>                        MATCHES	<G(2:'BA'271.W)-A(5:'BA'271.A) trans S/H>
#  Matched base-stacking interactions: 

>>>>>>>>>>   ALIGNMENT ENDS   >>>>>>>>>>

<<<<<<<<<<  ALIGNMENT BEGINS  <<<<<<<<<<

#  Aligning Eloop_consensus and 4v7w_BA:1397-1398_589-590_555-557:
#  Alignment score:  25.2
#  P-value:  1.772e-01
#  Query aligned region: 0-1,4-5
#  Target aligned region: 2:'BA'1125-3:'BA'1126,5:'BA'1028-6:'BA'1029

	GA...UA
	GA...AA

#  Matched base-pairing interactions: 
	<A(1:)-U(4:) trans H/W>                        MATCHES	<A(3:'BA'1126)-A(5:'BA'1028) trans H/H>
	<G(0:)-A(5:) trans S/H>                        MATCHES	<G(2:'BA'1125)-A(6:'BA'1029) trans S/H>
#  Matched base-stacking interactions: 

>>>>>>>>>>   ALIGNMENT ENDS   >>>>>>>>>>

<<<<<<<<<<  ALIGNMENT BEGINS  <<<<<<<<<<

#  Aligning Eloop_consensus and 4v7w_BA:385-388_141-142_377-379:
#  Alignment score:  25
#  P-value:  1.816e-01
#  Query aligned region: 0-1,4-5
#  Target aligned region: 1:'BA'619-1:'BA'619,4:'BA'260-4:'BA'260,6:'BA'608-7:'BA'609

	G~A...UA
	G~G...AA

#  Matched base-pairing interactions: 
	<G(0:)-A(5:) trans S/H>                        MATCHES	<G(1:'BA'619)-A(7:'BA'609) trans S/H>
	<A(1:)-U(4:) trans H/W>                        MATCHES	<G(4:'BA'260)-A(6:'BA'608) cis -/->
#  Matched base-stacking interactions: 

>>>>>>>>>>   ALIGNMENT ENDS   >>>>>>>>>>

<<<<<<<<<<  ALIGNMENT BEGINS  <<<<<<<<<<

#  Aligning Eloop_consensus and 4v7w_BA:946-948_799-804_941-943:
#  Alignment score:  24.6
#  P-value:  1.909e-01
#  Query aligned region: 0-0,5-5
#  Target aligned region: 5:'BA'1418-5:'BA'1418,10:'BA'1580-10:'BA'1580

	G...A
	G...A

#  Matched base-pairing interactions: 
	<G(0:)-A(5:) trans S/H>                        MATCHES	<G(5:'BA'1418)-A(10:'BA'1580) trans S/H>
#  Matched base-stacking interactions: 

>>>>>>>>>>   ALIGNMENT ENDS   >>>>>>>>>>

<<<<<<<<<<  ALIGNMENT BEGINS  <<<<<<<<<<

#  Aligning Eloop_consensus and 4v7w_BA:1469-1472:
#  Alignment score:  24.6
#  P-value:  1.909e-01
#  Query aligned region: 1-1,4-4
#  Target aligned region: 0:'BA'2749-3:'BA'2754

	A...U
	A...U

#  Matched base-pairing interactions: 
	<A(1:)-U(4:) trans H/W>                        MATCHES	<A(0:'BA'2749)-U(3:'BA'2754) trans H/W>
#  Matched base-stacking interactions: 

>>>>>>>>>>   ALIGNMENT ENDS   >>>>>>>>>>

<<<<<<<<<<  ALIGNMENT BEGINS  <<<<<<<<<<

#  Aligning Eloop_consensus and 4v7w_BA:1263-1264_1233-1234:
#  Alignment score:  24.6
#  P-value:  1.909e-01
#  Query aligned region: 0-0,5-5
#  Target aligned region: 1:'BA'2237-1:'BA'2237,2:'BA'2082-2:'BA'2082

	G...A
	G...A

#  Matched base-pairing interactions: 
	<G(0:)-A(5:) trans S/H>                        MATCHES	<G(1:'BA'2237)-A(2:'BA'2082) trans S/H>
#  Matched base-stacking interactions: 

>>>>>>>>>>   ALIGNMENT ENDS   >>>>>>>>>>

<<<<<<<<<<  ALIGNMENT BEGINS  <<<<<<<<<<

#  Aligning Eloop_consensus and 4v7w_BA:495-498_478-479:
#  Alignment score:  24.6
#  P-value:  1.909e-01
#  Query aligned region: 0-0,5-5
#  Target aligned region: 3:'BA'916-3:'BA'916,5:'BA'861-5:'BA'861

	G...A
	G...A

#  Matched base-pairing interactions: 
	<G(0:)-A(5:) trans S/H>                        MATCHES	<G(3:'BA'916)-A(5:'BA'861) trans S/H>
#  Matched base-stacking interactions: 

>>>>>>>>>>   ALIGNMENT ENDS   >>>>>>>>>>

<<<<<<<<<<  ALIGNMENT BEGINS  <<<<<<<<<<

#  Aligning Eloop_consensus and 4v7w_BA:220-221_213-214_203-206:
#  Alignment score:  24.6
#  P-value:  1.909e-01
#  Query aligned region: 0-0,5-5
#  Target aligned region: 1:'BA'338-1:'BA'338,4:'BA'324-4:'BA'324

	G...A
	G...A

#  Matched base-pairing interactions: 
	<G(0:)-A(5:) trans S/H>                        MATCHES	<G(1:'BA'338)-A(4:'BA'324) trans S/H>
#  Matched base-stacking interactions: 

>>>>>>>>>>   ALIGNMENT ENDS   >>>>>>>>>>

<<<<<<<<<<  ALIGNMENT BEGINS  <<<<<<<<<<

#  Aligning Eloop_consensus and 4v7w_BA:456-457_431-436:
#  Alignment score:  24.2
#  P-value:  2.009e-01
#  Query aligned region: 0-0,5-5
#  Target aligned region: 1:'BA'761-1:'BA'761,6:'BA'735-6:'BA'735

	G...A
	A...A

#  Matched base-pairing interactions: 
	<G(0:)-A(5:) trans S/H>                        MATCHES	<A(1:'BA'761)-A(6:'BA'735) trans S/H>
#  Matched base-stacking interactions: 

>>>>>>>>>>   ALIGNMENT ENDS   >>>>>>>>>>

<<<<<<<<<<  ALIGNMENT BEGINS  <<<<<<<<<<

#  Aligning Eloop_consensus and 4v7w_BA:740-745_779-780_955-958:
#  Alignment score:  24.2
#  P-value:  2.009e-01
#  Query aligned region: 1-2,3-4
#  Target aligned region: 2:'BA'1342-3:'BA'1343,7:'BA'1404-7:'BA'1404,11:'BA'1602-11:'BA'1602

	AG...G~U
	AG...C~U

#  Matched base-pairing interactions: 
	<A(1:)-U(4:) trans H/W>                        MATCHES	<A(2:'BA'1342)-U(11:'BA'1602) trans H/W>
	<G(2:)-G(3:) trans H/S>                        MATCHES	<G(3:'BA'1343)-C(7:'BA'1404) cis W/W>
#  Matched base-stacking interactions: 

>>>>>>>>>>   ALIGNMENT ENDS   >>>>>>>>>>

<<<<<<<<<<  ALIGNMENT BEGINS  <<<<<<<<<<

#  Aligning Eloop_consensus and 4v7w_BA:302-305_310-312:
#  Alignment score:  23.8
#  P-value:  2.116e-01
#  Query aligned region: 0-0,5-5
#  Target aligned region: 2:'BA'488-2:'BA'488,4:'BA'492-4:'BA'492

	G...A
	G...A

#  Matched base-pairing interactions: 
	<G(0:)-A(5:) trans S/H>                        MATCHES	<G(2:'BA'488)-A(4:'BA'492) trans S/H>
#  Matched base-stacking interactions: 

>>>>>>>>>>   ALIGNMENT ENDS   >>>>>>>>>>

<<<<<<<<<<  ALIGNMENT BEGINS  <<<<<<<<<<

#  Aligning Eloop_consensus and 4v7w_BA:286-287_292-294:
#  Alignment score:  23.8
#  P-value:  2.116e-01
#  Query aligned region: 0-0,5-5
#  Target aligned region: 1:'BA'463-1:'BA'463,3:'BA'466-3:'BA'466

	G...A
	G...A

#  Matched base-pairing interactions: 
	<G(0:)-A(5:) trans S/H>                        MATCHES	<G(1:'BA'463)-A(3:'BA'466) trans S/H>
#  Matched base-stacking interactions: 

>>>>>>>>>>   ALIGNMENT ENDS   >>>>>>>>>>

<<<<<<<<<<  ALIGNMENT BEGINS  <<<<<<<<<<

#  Aligning Eloop_consensus and 4v7w_BA:1303-1305_1313-1315:
#  Alignment score:  23.8
#  P-value:  2.116e-01
#  Query aligned region: 0-0,5-5
#  Target aligned region: 1:'BA'2375-1:'BA'2375,4:'BA'2378-4:'BA'2378

	G...A
	G...A

#  Matched base-pairing interactions: 
	<G(0:)-A(5:) trans S/H>                        MATCHES	<G(1:'BA'2375)-A(4:'BA'2378) trans S/H>
#  Matched base-stacking interactions: 

>>>>>>>>>>   ALIGNMENT ENDS   >>>>>>>>>>

<<<<<<<<<<  ALIGNMENT BEGINS  <<<<<<<<<<

#  Aligning Eloop_consensus and 4v7w_BA:1252-1256_1242-1245:
#  Alignment score:  23.8
#  P-value:  2.116e-01
#  Query aligned region: 0-0,5-5
#  Target aligned region: 3:'BA'2224-3:'BA'2224,5:'BA'2199-5:'BA'2199

	G...A
	G...A

#  Matched base-pairing interactions: 
	<G(0:)-A(5:) trans S/H>                        MATCHES	<G(3:'BA'2224)-A(5:'BA'2199) trans S/H>
#  Matched base-stacking interactions: 

>>>>>>>>>>   ALIGNMENT ENDS   >>>>>>>>>>

<<<<<<<<<<  ALIGNMENT BEGINS  <<<<<<<<<<

#  Aligning Eloop_consensus and 4v7w_BA:747-752:
#  Alignment score:  23.8
#  P-value:  2.116e-01
#  Query aligned region: 0-0,5-5
#  Target aligned region: 1:'BA'1364-4:'BA'1367

	G...A
	G...A

#  Matched base-pairing interactions: 
	<G(0:)-A(5:) trans S/H>                        MATCHES	<G(1:'BA'1364)-A(4:'BA'1367) trans S/H>
#  Matched base-stacking interactions: 

>>>>>>>>>>   ALIGNMENT ENDS   >>>>>>>>>>

<<<<<<<<<<  ALIGNMENT BEGINS  <<<<<<<<<<

#  Aligning Eloop_consensus and 4v7w_BA:21-24_317-322_276-277:
#  Alignment score:  23.8
#  P-value:  2.116e-01
#  Query aligned region: 0-0,5-5
#  Target aligned region: 0:'BA'26-0:'BA'26,9:'BA'514-9:'BA'514

	G...A
	G...A

#  Matched base-pairing interactions: 
	<G(0:)-A(5:) trans S/H>                        MATCHES	<G(0:'BA'26)-A(9:'BA'514) trans S/H>
#  Matched base-stacking interactions: 

>>>>>>>>>>   ALIGNMENT ENDS   >>>>>>>>>>

<<<<<<<<<<  ALIGNMENT BEGINS  <<<<<<<<<<

#  Aligning Eloop_consensus and 4v7w_BA:1152-1153_1142-1149_1112-1115:
#  Alignment score:  23
#  P-value:  2.360e-01
#  Query aligned region: 0-0,5-5
#  Target aligned region: 8:'BA'1968-8:'BA'1968,10:'BA'1932-10:'BA'1932

	G...A
	G...A

#  Matched base-pairing interactions: 
	<G(0:)-A(5:) trans S/H>                        MATCHES	<G(8:'BA'1968)-A(10:'BA'1932) trans S/H>
#  Matched base-stacking interactions: 

>>>>>>>>>>   ALIGNMENT ENDS   >>>>>>>>>>

<<<<<<<<<<  ALIGNMENT BEGINS  <<<<<<<<<<

#  Aligning Eloop_consensus and 4v7w_BA:711-712_702-704_978-980:
#  Alignment score:  22.2
#  P-value:  2.648e-01
#  Query aligned region: 0-0,5-5
#  Target aligned region: 4:'BA'1299-4:'BA'1299,5:'BA'1641-5:'BA'1641

	G...A
	G...A

#  Matched base-pairing interactions: 
	<G(0:)-A(5:) trans S/H>                        MATCHES	<G(4:'BA'1299)-A(5:'BA'1641) trans S/H>
#  Matched base-stacking interactions: 

>>>>>>>>>>   ALIGNMENT ENDS   >>>>>>>>>>

<<<<<<<<<<  ALIGNMENT BEGINS  <<<<<<<<<<

#  Aligning Eloop_consensus and 4v7w_BA:441-448:
#  Alignment score:  21.8
#  P-value:  2.812e-01
#  Query aligned region: 0-0,5-5
#  Target aligned region: 5:'BA'751-6:'BA'752

	G...A
	A...A

#  Matched base-pairing interactions: 
	<G(0:)-A(5:) trans S/H>                        MATCHES	<A(5:'BA'751)-A(6:'BA'752) trans S/H>
#  Matched base-stacking interactions: 

>>>>>>>>>>   ALIGNMENT ENDS   >>>>>>>>>>

<<<<<<<<<<  ALIGNMENT BEGINS  <<<<<<<<<<

#  Aligning Eloop_consensus and 4v7w_BA:268-269_255-258_245-247:
#  Alignment score:  21.4
#  P-value:  2.992e-01
#  Query aligned region: 1-1,4-4
#  Target aligned region: 4:'BA'401-4:'BA'401,8:'BA'373-8:'BA'373

	A...U
	A...U

#  Matched base-pairing interactions: 
	<A(1:)-U(4:) trans H/W>                        MATCHES	<A(4:'BA'401)-U(8:'BA'373) trans H/W>
#  Matched base-stacking interactions: 

>>>>>>>>>>   ALIGNMENT ENDS   >>>>>>>>>>

<<<<<<<<<<  ALIGNMENT BEGINS  <<<<<<<<<<

#  Aligning Eloop_consensus and 4v7w_BA:1056-1057_1064-1065_1062-1063:
#  Alignment score:  21.4
#  P-value:  2.992e-01
#  Query aligned region: 2-2,3-3
#  Target aligned region: 2:'BA'1817-2:'BA'1817,5:'BA'1816-5:'BA'1816

	G...G
	G...G

#  Matched base-pairing interactions: 
	<G(2:)-G(3:) trans H/S>                        MATCHES	<G(2:'BA'1817)-G(5:'BA'1816) trans H/S>
#  Matched base-stacking interactions: 

>>>>>>>>>>   ALIGNMENT ENDS   >>>>>>>>>>

<<<<<<<<<<  ALIGNMENT BEGINS  <<<<<<<<<<

#  Aligning Eloop_consensus and 4v7w_BA:245-247_268-269_255-258:
#  Alignment score:  2.7
#  P-value:  1.000e+00
#  Query aligned region: 
#  Target aligned region: 

	
	

#  Matched base-pairing interactions: 
#  Matched base-stacking interactions: 

>>>>>>>>>>   ALIGNMENT ENDS   >>>>>>>>>>

<<<<<<<<<<  ALIGNMENT BEGINS  <<<<<<<<<<

#  Aligning Eloop_consensus and 4v7w_BA:268-269_245-247_255-258:
#  Alignment score:  2.4
#  P-value:  1.000e+00
#  Query aligned region: 
#  Target aligned region: 

	
	

#  Matched base-pairing interactions: 
#  Matched base-stacking interactions: 

>>>>>>>>>>   ALIGNMENT ENDS   >>>>>>>>>>

<<<<<<<<<<  ALIGNMENT BEGINS  <<<<<<<<<<

#  Aligning Eloop_consensus and 4v7w_BA:1437-1438_1485-1487:
#  Alignment score:  2.4
#  P-value:  1.000e+00
#  Query aligned region: 
#  Target aligned region: 

	
	

#  Matched base-pairing interactions: 
#  Matched base-stacking interactions: 

>>>>>>>>>>   ALIGNMENT ENDS   >>>>>>>>>>

<<<<<<<<<<  ALIGNMENT BEGINS  <<<<<<<<<<

#  Aligning Eloop_consensus and 4v7w_BA:245-247_255-258_268-269:
#  Alignment score:  2.2
#  P-value:  1.000e+00
#  Query aligned region: 
#  Target aligned region: 

	
	

#  Matched base-pairing interactions: 
#  Matched base-stacking interactions: 

>>>>>>>>>>   ALIGNMENT ENDS   >>>>>>>>>>

<<<<<<<<<<  ALIGNMENT BEGINS  <<<<<<<<<<

#  Aligning Eloop_consensus and 4v7w_BA:1514-1516_1493-1494_1508-1509:
#  Alignment score:  1.9
#  P-value:  1.000e+00
#  Query aligned region: 
#  Target aligned region: 

	
	

#  Matched base-pairing interactions: 
#  Matched base-stacking interactions: 

>>>>>>>>>>   ALIGNMENT ENDS   >>>>>>>>>>

<<<<<<<<<<  ALIGNMENT BEGINS  <<<<<<<<<<

#  Aligning Eloop_consensus and 4v7w_BA:1493-1494_1514-1516_1508-1509:
#  Alignment score:  1.9
#  P-value:  1.000e+00
#  Query aligned region: 
#  Target aligned region: 

	
	

#  Matched base-pairing interactions: 
#  Matched base-stacking interactions: 

>>>>>>>>>>   ALIGNMENT ENDS   >>>>>>>>>>

<<<<<<<<<<  ALIGNMENT BEGINS  <<<<<<<<<<

#  Aligning Eloop_consensus and 4v7w_BA:1493-1494_1508-1509_1514-1516:
#  Alignment score:  1.9
#  P-value:  1.000e+00
#  Query aligned region: 
#  Target aligned region: 

	
	

#  Matched base-pairing interactions: 
#  Matched base-stacking interactions: 

>>>>>>>>>>   ALIGNMENT ENDS   >>>>>>>>>>

<<<<<<<<<<  ALIGNMENT BEGINS  <<<<<<<<<<

#  Aligning Eloop_consensus and 4v7w_BA:817-820_913-916:
#  Alignment score:  1.9
#  P-value:  1.000e+00
#  Query aligned region: 
#  Target aligned region: 

	
	

#  Matched base-pairing interactions: 
#  Matched base-stacking interactions: 

>>>>>>>>>>   ALIGNMENT ENDS   >>>>>>>>>>

<<<<<<<<<<  ALIGNMENT BEGINS  <<<<<<<<<<

#  Aligning Eloop_consensus and 4v7w_BA:941-942_801-806:
#  Alignment score:  1.9
#  P-value:  1.000e+00
#  Query aligned region: 
#  Target aligned region: 

	
	

#  Matched base-pairing interactions: 
#  Matched base-stacking interactions: 

>>>>>>>>>>   ALIGNMENT ENDS   >>>>>>>>>>

<<<<<<<<<<  ALIGNMENT BEGINS  <<<<<<<<<<

#  Aligning Eloop_consensus and 4v7w_BA:769-777:
#  Alignment score:  1.8
#  P-value:  1.000e+00
#  Query aligned region: 
#  Target aligned region: 

	
	

#  Matched base-pairing interactions: 
#  Matched base-stacking interactions: 

>>>>>>>>>>   ALIGNMENT ENDS   >>>>>>>>>>

<<<<<<<<<<  ALIGNMENT BEGINS  <<<<<<<<<<

#  Aligning Eloop_consensus and 4v7w_BA:1508-1509_1493-1494_1514-1516:
#  Alignment score:  1.7
#  P-value:  1.000e+00
#  Query aligned region: 
#  Target aligned region: 

	
	

#  Matched base-pairing interactions: 
#  Matched base-stacking interactions: 

>>>>>>>>>>   ALIGNMENT ENDS   >>>>>>>>>>

<<<<<<<<<<  ALIGNMENT BEGINS  <<<<<<<<<<

#  Aligning Eloop_consensus and 4v7w_BA:779-780_955-958_740-745:
#  Alignment score:  1.6
#  P-value:  1.000e+00
#  Query aligned region: 
#  Target aligned region: 

	
	

#  Matched base-pairing interactions: 
#  Matched base-stacking interactions: 

>>>>>>>>>>   ALIGNMENT ENDS   >>>>>>>>>>

<<<<<<<<<<  ALIGNMENT BEGINS  <<<<<<<<<<

#  Aligning Eloop_consensus and 4v7w_BA:955-958_779-780_740-745:
#  Alignment score:  1.6
#  P-value:  1.000e+00
#  Query aligned region: 
#  Target aligned region: 

	
	

#  Matched base-pairing interactions: 
#  Matched base-stacking interactions: 

>>>>>>>>>>   ALIGNMENT ENDS   >>>>>>>>>>

<<<<<<<<<<  ALIGNMENT BEGINS  <<<<<<<<<<

#  Aligning Eloop_consensus and 4v7w_BA:955-958_740-745_779-780:
#  Alignment score:  1.6
#  P-value:  1.000e+00
#  Query aligned region: 
#  Target aligned region: 

	
	

#  Matched base-pairing interactions: 
#  Matched base-stacking interactions: 

>>>>>>>>>>   ALIGNMENT ENDS   >>>>>>>>>>

<<<<<<<<<<  ALIGNMENT BEGINS  <<<<<<<<<<

#  Aligning Eloop_consensus and 4v7w_BA:1480-1485:
#  Alignment score:  1.5
#  P-value:  1.000e+00
#  Query aligned region: 
#  Target aligned region: 

	
	

#  Matched base-pairing interactions: 
#  Matched base-stacking interactions: 

>>>>>>>>>>   ALIGNMENT ENDS   >>>>>>>>>>

<<<<<<<<<<  ALIGNMENT BEGINS  <<<<<<<<<<

#  Aligning Eloop_consensus and 4v7w_BA:1514-1516_1508-1509_1493-1494:
#  Alignment score:  1.5
#  P-value:  1.000e+00
#  Query aligned region: 
#  Target aligned region: 

	
	

#  Matched base-pairing interactions: 
#  Matched base-stacking interactions: 

>>>>>>>>>>   ALIGNMENT ENDS   >>>>>>>>>>

<<<<<<<<<<  ALIGNMENT BEGINS  <<<<<<<<<<

#  Aligning Eloop_consensus and 4v7w_BA:1508-1509_1514-1516_1493-1494:
#  Alignment score:  1.5
#  P-value:  1.000e+00
#  Query aligned region: 
#  Target aligned region: 

	
	

#  Matched base-pairing interactions: 
#  Matched base-stacking interactions: 

>>>>>>>>>>   ALIGNMENT ENDS   >>>>>>>>>>

<<<<<<<<<<  ALIGNMENT BEGINS  <<<<<<<<<<

#  Aligning Eloop_consensus and 4v7w_BA:1485-1487_1437-1438:
#  Alignment score:  1.5
#  P-value:  1.000e+00
#  Query aligned region: 
#  Target aligned region: 

	
	

#  Matched base-pairing interactions: 
#  Matched base-stacking interactions: 

>>>>>>>>>>   ALIGNMENT ENDS   >>>>>>>>>>

<<<<<<<<<<  ALIGNMENT BEGINS  <<<<<<<<<<

#  Aligning Eloop_consensus and 4v7w_BA:1062-1064:
#  Alignment score:  0.9
#  P-value:  1.000e+00
#  Query aligned region: 
#  Target aligned region: 

	
	

#  Matched base-pairing interactions: 
#  Matched base-stacking interactions: 

>>>>>>>>>>   ALIGNMENT ENDS   >>>>>>>>>>

<<<<<<<<<<  ALIGNMENT BEGINS  <<<<<<<<<<

#  Aligning Eloop_consensus and 4v7w_BA:1374-1378:
#  Alignment score:  0.9
#  P-value:  1.000e+00
#  Query aligned region: 
#  Target aligned region: 

	
	

#  Matched base-pairing interactions: 
#  Matched base-stacking interactions: 

>>>>>>>>>>   ALIGNMENT ENDS   >>>>>>>>>>

<<<<<<<<<<  ALIGNMENT BEGINS  <<<<<<<<<<

#  Aligning Eloop_consensus and 4v7w_BA:1042-1048:
#  Alignment score:  0.7
#  P-value:  1.000e+00
#  Query aligned region: 
#  Target aligned region: 

	
	

#  Matched base-pairing interactions: 
#  Matched base-stacking interactions: 

>>>>>>>>>>   ALIGNMENT ENDS   >>>>>>>>>>

<<<<<<<<<<  ALIGNMENT BEGINS  <<<<<<<<<<

# scan failed rc=-11
