$ /home/s081p868/scratch/RNAMotifScanX-release/bin/scan /home/s081p868/scratch/RNAMotifScanX-release/models/reverse-kturn_consensus.struct /rfs/poseidon_share/s081p868/RNAMotifScanX_nr/rmsx_work_default/4v7w/BA/4v7w_BA.rmsx.in --map_pdb=/rfs/poseidon_share/s081p868/RNAMotifScanX_nr/rmsx_work_default/4v7w/BA/4v7w_BA.rmsx.nch --pvalue 1.0 --num_threads 16 --write_alignment
<<<<<<<<<<  ALIGNMENT BEGINS  <<<<<<<<<<

#  Aligning reverse-kturn_conseusns and 4v7w_BA:584-592_1397-1401_555-558:
#  Alignment score:  49.8
#  P-value:  2.491e-02
#  Query aligned region: 1-3,4-9
#  Target aligned region: 5:'BA'1125-7:'BA'1127,12:'BA'2488-12:'BA'2488,15:'BA'1028-16:'BA'1029

	GAG...C~AA
	GAA...A~AA

#  Matched base-pairing interactions: 
	<G(3:)-C(4:) cis W/W>                          MATCHES	<A(7:'BA'1127)-A(12:'BA'2488) cis H/S>
	<A(2:)-A(8:) trans H/H>                        MATCHES	<A(6:'BA'1126)-A(15:'BA'1028) trans H/H>
	<G(1:)-A(9:) trans S/H>                        MATCHES	<G(5:'BA'1125)-A(16:'BA'1029) trans S/H>
#  Matched base-stacking interactions: 

>>>>>>>>>>   ALIGNMENT ENDS   >>>>>>>>>>

<<<<<<<<<<  ALIGNMENT BEGINS  <<<<<<<<<<

#  Aligning reverse-kturn_conseusns and 4v7w_BA:1166-1169_1202-1203_982-986:
#  Alignment score:  40.8
#  P-value:  4.410e-02
#  Query aligned region: 0-2,8-10
#  Target aligned region: 2:'BA'2004-3:'BA'2005,4:'BA'2048-4:'BA'2048,6:'BA'1654-8:'BA'1656

	GG~A...AAC
	GA~G...AAC

#  Matched base-pairing interactions: 
	<A(2:)-A(8:) trans H/H>                        MATCHES	<G(4:'BA'2048)-A(6:'BA'1654) cis -/->
	<G(1:)-A(9:) trans S/H>                        MATCHES	<A(3:'BA'2005)-A(7:'BA'1655) trans S/H>
	<G(0:)-C(10:) cis W/W>                         MATCHES	<G(2:'BA'2004)-C(8:'BA'1656) cis W/W>
#  Matched base-stacking interactions: 

>>>>>>>>>>   ALIGNMENT ENDS   >>>>>>>>>>

<<<<<<<<<<  ALIGNMENT BEGINS  <<<<<<<<<<

#  Aligning reverse-kturn_conseusns and 4v7w_BA:213-222_168-169_203-206:
#  Alignment score:  36.4
#  P-value:  6.272e-02
#  Query aligned region: 0-2,8-10
#  Target aligned region: 7:'BA'337-9:'BA'356,10:'BA'285-10:'BA'285,12:'BA'324-13:'BA'325

	GGA...A~AC
	CGG...C~AG

#  Matched base-pairing interactions: 
	<G(1:)-A(9:) trans S/H>                        MATCHES	<G(8:'BA'338)-A(12:'BA'324) trans S/H>
	<A(2:)-A(8:) trans H/H>                        MATCHES	<G(9:'BA'356)-C(10:'BA'285) cis W/W>
	<G(0:)-C(10:) cis W/W>                         MATCHES	<C(7:'BA'337)-G(13:'BA'325) cis W/W>
#  Matched base-stacking interactions: 

>>>>>>>>>>   ALIGNMENT ENDS   >>>>>>>>>>

<<<<<<<<<<  ALIGNMENT BEGINS  <<<<<<<<<<

#  Aligning reverse-kturn_conseusns and 4v7w_BA:150-153_145-148_228-229:
#  Alignment score:  36.4
#  P-value:  6.272e-02
#  Query aligned region: 0-2,8-10
#  Target aligned region: 1:'BA'271.V-3:'BA'271.X,4:'BA'271-6:'BA'271.B

	GGA...AAC
	GGG...AAC

#  Matched base-pairing interactions: 
	<A(2:)-A(8:) trans H/H>                        MATCHES	<G(3:'BA'271.X)-A(4:'BA'271) trans S/H>
	<G(1:)-A(9:) trans S/H>                        MATCHES	<G(2:'BA'271.W)-A(5:'BA'271.A) trans S/H>
	<G(0:)-C(10:) cis W/W>                         MATCHES	<G(1:'BA'271.V)-C(6:'BA'271.B) cis W/W>
#  Matched base-stacking interactions: 

>>>>>>>>>>   ALIGNMENT ENDS   >>>>>>>>>>

<<<<<<<<<<  ALIGNMENT BEGINS  <<<<<<<<<<

#  Aligning reverse-kturn_conseusns and 4v7w_BA:1252-1256_1242-1247:
#  Alignment score:  35.6
#  P-value:  6.736e-02
#  Query aligned region: 0-1,9-10
#  Target aligned region: 2:'BA'2223-3:'BA'2224,5:'BA'2199-6:'BA'2200

	GG...AC
	GG...AC

#  Matched base-pairing interactions: 
	<G(1:)-A(9:) trans S/H>                        MATCHES	<G(3:'BA'2224)-A(5:'BA'2199) trans S/H>
	<G(0:)-C(10:) cis W/W>                         MATCHES	<G(2:'BA'2223)-C(6:'BA'2200) cis W/W>
#  Matched base-stacking interactions: 

>>>>>>>>>>   ALIGNMENT ENDS   >>>>>>>>>>

<<<<<<<<<<  ALIGNMENT BEGINS  <<<<<<<<<<

#  Aligning reverse-kturn_conseusns and 4v7w_BA:1263-1264_1233-1234:
#  Alignment score:  35.6
#  P-value:  6.736e-02
#  Query aligned region: 0-1,9-10
#  Target aligned region: 0:'BA'2236-1:'BA'2237,2:'BA'2082-3:'BA'2083

	GG...AC
	CG...AG

#  Matched base-pairing interactions: 
	<G(1:)-A(9:) trans S/H>                        MATCHES	<G(1:'BA'2237)-A(2:'BA'2082) trans S/H>
	<G(0:)-C(10:) cis W/W>                         MATCHES	<C(0:'BA'2236)-G(3:'BA'2083) cis W/W>
#  Matched base-stacking interactions: 

>>>>>>>>>>   ALIGNMENT ENDS   >>>>>>>>>>

<<<<<<<<<<  ALIGNMENT BEGINS  <<<<<<<<<<

#  Aligning reverse-kturn_conseusns and 4v7w_BA:800-806_937-943:
#  Alignment score:  35.6
#  P-value:  6.736e-02
#  Query aligned region: 0-1,9-10
#  Target aligned region: 0:'BA'1417-1:'BA'1418,12:'BA'1580-13:'BA'1581

	GG...AC
	CG...AG

#  Matched base-pairing interactions: 
	<G(1:)-A(9:) trans S/H>                        MATCHES	<G(1:'BA'1418)-A(12:'BA'1580) trans S/H>
	<G(0:)-C(10:) cis W/W>                         MATCHES	<C(0:'BA'1417)-G(13:'BA'1581) cis W/W>
#  Matched base-stacking interactions: 

>>>>>>>>>>   ALIGNMENT ENDS   >>>>>>>>>>

<<<<<<<<<<  ALIGNMENT BEGINS  <<<<<<<<<<

#  Aligning reverse-kturn_conseusns and 4v7w_BA:648-653_627-632:
#  Alignment score:  35.6
#  P-value:  6.736e-02
#  Query aligned region: 0-1,9-10
#  Target aligned region: 4:'BA'1234-5:'BA'1235,10:'BA'1214-11:'BA'1215

	GG...AC
	UG...AG

#  Matched base-pairing interactions: 
	<G(1:)-A(9:) trans S/H>                        MATCHES	<G(5:'BA'1235)-A(10:'BA'1214) trans S/H>
	<G(0:)-C(10:) cis W/W>                         MATCHES	<U(4:'BA'1234)-G(11:'BA'1215) cis W/W>
#  Matched base-stacking interactions: 

>>>>>>>>>>   ALIGNMENT ENDS   >>>>>>>>>>

<<<<<<<<<<  ALIGNMENT BEGINS  <<<<<<<<<<

#  Aligning reverse-kturn_conseusns and 4v7w_BA:452-457_434-440:
#  Alignment score:  35.2
#  P-value:  6.987e-02
#  Query aligned region: 0-1,9-10
#  Target aligned region: 4:'BA'760-5:'BA'761,7:'BA'735-8:'BA'736

	GG...AC
	GA...AC

#  Matched base-pairing interactions: 
	<G(1:)-A(9:) trans S/H>                        MATCHES	<A(5:'BA'761)-A(7:'BA'735) trans S/H>
	<G(0:)-C(10:) cis W/W>                         MATCHES	<G(4:'BA'760)-C(8:'BA'736) cis W/W>
#  Matched base-stacking interactions: 

>>>>>>>>>>   ALIGNMENT ENDS   >>>>>>>>>>

<<<<<<<<<<  ALIGNMENT BEGINS  <<<<<<<<<<

#  Aligning reverse-kturn_conseusns and 4v7w_BA:303-311:
#  Alignment score:  34.8
#  P-value:  7.253e-02
#  Query aligned region: 0-1,9-10
#  Target aligned region: 0:'BA'487-8:'BA'493

	GG...AC
	CG...AG

#  Matched base-pairing interactions: 
	<G(1:)-A(9:) trans S/H>                        MATCHES	<G(1:'BA'488)-A(7:'BA'492) trans S/H>
	<G(0:)-C(10:) cis W/W>                         MATCHES	<C(0:'BA'487)-G(8:'BA'493) cis W/W>
#  Matched base-stacking interactions: 

>>>>>>>>>>   ALIGNMENT ENDS   >>>>>>>>>>

<<<<<<<<<<  ALIGNMENT BEGINS  <<<<<<<<<<

#  Aligning reverse-kturn_conseusns and 4v7w_BA:747-752:
#  Alignment score:  34.2
#  P-value:  7.681e-02
#  Query aligned region: 0-1,9-10
#  Target aligned region: 0:'BA'1363-5:'BA'1368

	GG...AC
	CG...AG

#  Matched base-pairing interactions: 
	<G(1:)-A(9:) trans S/H>                        MATCHES	<G(1:'BA'1364)-A(4:'BA'1367) trans S/H>
	<G(0:)-C(10:) cis W/W>                         MATCHES	<C(0:'BA'1363)-G(5:'BA'1368) cis W/W>
#  Matched base-stacking interactions: 

>>>>>>>>>>   ALIGNMENT ENDS   >>>>>>>>>>

<<<<<<<<<<  ALIGNMENT BEGINS  <<<<<<<<<<

#  Aligning reverse-kturn_conseusns and 4v7w_BA:286-294:
#  Alignment score:  34.2
#  P-value:  7.681e-02
#  Query aligned region: 0-1,9-10
#  Target aligned region: 0:'BA'462-8:'BA'467

	GG...AC
	CG...AG

#  Matched base-pairing interactions: 
	<G(1:)-A(9:) trans S/H>                        MATCHES	<G(1:'BA'463)-A(7:'BA'466) trans S/H>
	<G(0:)-C(10:) cis W/W>                         MATCHES	<C(0:'BA'462)-G(8:'BA'467) cis W/W>
#  Matched base-stacking interactions: 

>>>>>>>>>>   ALIGNMENT ENDS   >>>>>>>>>>

<<<<<<<<<<  ALIGNMENT BEGINS  <<<<<<<<<<

#  Aligning reverse-kturn_conseusns and 4v7w_BA:385-388_141-142_377-379:
#  Alignment score:  34
#  P-value:  7.832e-02
#  Query aligned region: 0-2,8-10
#  Target aligned region: 0:'BA'618-1:'BA'619,4:'BA'260-4:'BA'260,6:'BA'608-8:'BA'610

	GG~A...AAC
	CG~G...AAG

#  Matched base-pairing interactions: 
	<G(1:)-A(9:) trans S/H>                        MATCHES	<G(1:'BA'619)-A(7:'BA'609) trans S/H>
	<A(2:)-A(8:) trans H/H>                        MATCHES	<G(4:'BA'260)-A(6:'BA'608) cis -/->
	<G(0:)-C(10:) cis W/W>                         MATCHES	<C(0:'BA'618)-G(8:'BA'610) cis W/W>
#  Matched base-stacking interactions: 

>>>>>>>>>>   ALIGNMENT ENDS   >>>>>>>>>>

<<<<<<<<<<  ALIGNMENT BEGINS  <<<<<<<<<<

#  Aligning reverse-kturn_conseusns and 4v7w_BA:1303-1315:
#  Alignment score:  33.4
#  P-value:  8.313e-02
#  Query aligned region: 0-1,9-10
#  Target aligned region: 0:'BA'2374-12:'BA'2379

	GG...AC
	CG...AG

#  Matched base-pairing interactions: 
	<G(1:)-A(9:) trans S/H>                        MATCHES	<G(1:'BA'2375)-A(11:'BA'2378) trans S/H>
	<G(0:)-C(10:) cis W/W>                         MATCHES	<C(0:'BA'2374)-G(12:'BA'2379) cis W/W>
#  Matched base-stacking interactions: 

>>>>>>>>>>   ALIGNMENT ENDS   >>>>>>>>>>

<<<<<<<<<<  ALIGNMENT BEGINS  <<<<<<<<<<

#  Aligning reverse-kturn_conseusns and 4v7w_BA:703-704_711-713_978-979:
#  Alignment score:  32.8
#  P-value:  8.840e-02
#  Query aligned region: 0-2,8-10
#  Target aligned region: 0:'BA'1298-1:'BA'1299,3:'BA'1302-4:'BA'1303,5:'BA'1641-6:'BA'1642

	GG~A...A~AC
	CG~A...G~AG

#  Matched base-pairing interactions: 
	<G(1:)-A(9:) trans S/H>                        MATCHES	<G(1:'BA'1299)-A(5:'BA'1641) trans S/H>
	<A(2:)-A(8:) trans H/H>                        MATCHES	<A(3:'BA'1302)-G(4:'BA'1303) cis S/H>
	<G(0:)-C(10:) cis W/W>                         MATCHES	<C(0:'BA'1298)-G(6:'BA'1642) cis W/W>
#  Matched base-stacking interactions: 

>>>>>>>>>>   ALIGNMENT ENDS   >>>>>>>>>>

<<<<<<<<<<  ALIGNMENT BEGINS  <<<<<<<<<<

#  Aligning reverse-kturn_conseusns and 4v7w_BA:356-358_672-681_684-685:
#  Alignment score:  31.2
#  P-value:  1.052e-01
#  Query aligned region: 0-1,9-10
#  Target aligned region: 0:'BA'579-1:'BA'585,10:'BA'1254-10:'BA'1254,13:'BA'1261-13:'BA'1261

	GG...A~C
	GG...A~C

#  Matched base-pairing interactions: 
	<G(0:)-C(10:) cis W/W>                         MATCHES	<G(0:'BA'579)-C(13:'BA'1261) cis W/W>
	<G(1:)-A(9:) trans S/H>                        MATCHES	<G(1:'BA'585)-A(10:'BA'1254) trans S/H>
#  Matched base-stacking interactions: 

>>>>>>>>>>   ALIGNMENT ENDS   >>>>>>>>>>

<<<<<<<<<<  ALIGNMENT BEGINS  <<<<<<<<<<

#  Aligning reverse-kturn_conseusns and 4v7w_BA:989-994:
#  Alignment score:  28.8
#  P-value:  1.409e-01
#  Query aligned region: 1-2,8-9
#  Target aligned region: 0:'BA'1687-5:'BA'1701

	GA...AA
	GU...AA

#  Matched base-pairing interactions: 
	<A(2:)-A(8:) trans H/H>                        MATCHES	<U(1:'BA'1688)-A(4:'BA'1700) cis -/->
	<G(1:)-A(9:) trans S/H>                        MATCHES	<G(0:'BA'1687)-A(5:'BA'1701) trans S/H>
#  Matched base-stacking interactions: 

>>>>>>>>>>   ALIGNMENT ENDS   >>>>>>>>>>

<<<<<<<<<<  ALIGNMENT BEGINS  <<<<<<<<<<

#  Aligning reverse-kturn_conseusns and 4v7w_BA:493-498_478-479:
#  Alignment score:  24.6
#  P-value:  2.685e-01
#  Query aligned region: 1-1,9-9
#  Target aligned region: 5:'BA'916-5:'BA'916,7:'BA'861-7:'BA'861

	G...A
	G...A

#  Matched base-pairing interactions: 
	<G(1:)-A(9:) trans S/H>                        MATCHES	<G(5:'BA'916)-A(7:'BA'861) trans S/H>
#  Matched base-stacking interactions: 

>>>>>>>>>>   ALIGNMENT ENDS   >>>>>>>>>>

<<<<<<<<<<  ALIGNMENT BEGINS  <<<<<<<<<<

#  Aligning reverse-kturn_conseusns and 4v7w_BA:276-277_21-24_317-322:
#  Alignment score:  23.9
#  P-value:  3.061e-01
#  Query aligned region: 0-2,8-10
#  Target aligned region: 2:'BA'26-3:'BA'27,6:'BA'510-11:'BA'514

	GG~A...AA-C
	GG~C...GAGA

#  Matched base-pairing interactions: 
	<G(0:)-C(10:) cis W/W>                         MATCHES	<G(2:'BA'26)-A(11:'BA'514) trans S/H>
	<G(1:)-A(9:) trans S/H>                        MATCHES	<G(3:'BA'27)-A(9:'BA'513) trans S/H>
	<A(2:)-A(8:) trans H/H>                        MATCHES	<C(6:'BA'510)-G(8:'BA'512) cis -/->
#  Matched base-stacking interactions: 

>>>>>>>>>>   ALIGNMENT ENDS   >>>>>>>>>>

<<<<<<<<<<  ALIGNMENT BEGINS  <<<<<<<<<<

#  Aligning reverse-kturn_conseusns and 4v7w_BA:1152-1153_1142-1149_1112-1115:
#  Alignment score:  23
#  P-value:  3.673e-01
#  Query aligned region: 1-1,9-9
#  Target aligned region: 8:'BA'1968-8:'BA'1968,10:'BA'1932-10:'BA'1932

	G...A
	G...A

#  Matched base-pairing interactions: 
	<G(1:)-A(9:) trans S/H>                        MATCHES	<G(8:'BA'1968)-A(10:'BA'1932) trans S/H>
#  Matched base-stacking interactions: 

>>>>>>>>>>   ALIGNMENT ENDS   >>>>>>>>>>

<<<<<<<<<<  ALIGNMENT BEGINS  <<<<<<<<<<

#  Aligning reverse-kturn_conseusns and 4v7w_BA:441-446_447-449_686-687:
#  Alignment score:  21.8
#  P-value:  4.820e-01
#  Query aligned region: 1-1,9-9
#  Target aligned region: 5:'BA'751-5:'BA'751,6:'BA'752-6:'BA'752

	G...A
	A...A

#  Matched base-pairing interactions: 
	<G(1:)-A(9:) trans S/H>                        MATCHES	<A(5:'BA'751)-A(6:'BA'752) trans S/H>
#  Matched base-stacking interactions: 

>>>>>>>>>>   ALIGNMENT ENDS   >>>>>>>>>>

<<<<<<<<<<  ALIGNMENT BEGINS  <<<<<<<<<<

#  Aligning reverse-kturn_conseusns and 4v7w_BA:268-269_255-258_245-247:
#  Alignment score:  20.2
#  P-value:  7.424e-01
#  Query aligned region: 0-2,8-10
#  Target aligned region: 1:'BA'423-1:'BA'423,4:'BA'401-5:'BA'402,6:'BA'371-8:'BA'373

	G~GA...AAC
	A~AA...AGU

#  Matched base-pairing interactions: 
	<A(2:)-A(8:) trans H/H>                        MATCHES	<A(5:'BA'402)-A(6:'BA'371) trans H/H>
	<G(0:)-C(10:) cis W/W>                         MATCHES	<A(1:'BA'423)-U(8:'BA'373) cis -/->
	<G(1:)-A(9:) trans S/H>                        MATCHES	<A(4:'BA'401)-G(7:'BA'372) cis -/->
#  Matched base-stacking interactions: 

>>>>>>>>>>   ALIGNMENT ENDS   >>>>>>>>>>

<<<<<<<<<<  ALIGNMENT BEGINS  <<<<<<<<<<

#  Aligning reverse-kturn_conseusns and 4v7w_BA:1153-1154_1056-1063_1064-1066:
#  Alignment score:  13
#  P-value:  1.000e+00
#  Query aligned region: 0-2,8-10
#  Target aligned region: 0:'BA'1974-0:'BA'1974,2:'BA'1799-3:'BA'1800,10:'BA'1817-12:'BA'1831

	G~GA...AAC
	C~GC...GUG

#  Matched base-pairing interactions: 
	<A(2:)-A(8:) trans H/H>                        MATCHES	<C(3:'BA'1800)-G(10:'BA'1817) trans W/W>
	<G(0:)-C(10:) cis W/W>                         MATCHES	<C(0:'BA'1974)-G(12:'BA'1831) cis W/W>
	<G(1:)-A(9:) trans S/H>                        MATCHES	<G(2:'BA'1799)-U(11:'BA'1818) cis -/->
#  Matched base-stacking interactions: 

>>>>>>>>>>   ALIGNMENT ENDS   >>>>>>>>>>

<<<<<<<<<<  ALIGNMENT BEGINS  <<<<<<<<<<

#  Aligning reverse-kturn_conseusns and 4v7w_BA:228-229_377-379_141-152:
#  Alignment score:  13
#  P-value:  1.000e+00
#  Query aligned region: 0-1,9-10
#  Target aligned region: 11:'BA'271.B-15:'BA'271.V

	GG...AC
	CC...GG

#  Matched base-pairing interactions: 
	<G(1:)-A(9:) trans S/H>                        MATCHES	<C(12:'BA'271.C)-G(14:'BA'271.U) cis W/W>
	<G(0:)-C(10:) cis W/W>                         MATCHES	<C(11:'BA'271.B)-G(15:'BA'271.V) cis W/W>
#  Matched base-stacking interactions: 

>>>>>>>>>>   ALIGNMENT ENDS   >>>>>>>>>>

<<<<<<<<<<  ALIGNMENT BEGINS  <<<<<<<<<<

#  Aligning reverse-kturn_conseusns and 4v7w_BA:317-322_276-277_21-24:
#  Alignment score:  6.6
#  P-value:  1.000e+00
#  Query aligned region: 1-2,8-9
#  Target aligned region: 6:'BA'446-7:'BA'447,10:'BA'32-11:'BA'33

	GA...AA
	GA...CU

#  Matched base-pairing interactions: 
	<A(2:)-A(8:) trans H/H>                        MATCHES	<A(7:'BA'447)-C(10:'BA'32) cis -/->
	<G(1:)-A(9:) trans S/H>                        MATCHES	<G(6:'BA'446)-U(11:'BA'33) cis -/->
#  Matched base-stacking interactions: 

>>>>>>>>>>   ALIGNMENT ENDS   >>>>>>>>>>

<<<<<<<<<<  ALIGNMENT BEGINS  <<<<<<<<<<

#  Aligning reverse-kturn_conseusns and 4v7w_BA:447-449_441-446_686-687:
#  Alignment score:  6.4
#  P-value:  1.000e+00
#  Query aligned region: 1-2,8-9
#  Target aligned region: 2:'BA'754-2:'BA'754,5:'BA'749-5:'BA'749,9:'BA'1271-10:'BA'1272

	G~A...AA
	C~C...GA

#  Matched base-pairing interactions: 
	<G(1:)-A(9:) trans S/H>                        MATCHES	<C(2:'BA'754)-A(10:'BA'1272) cis -/->
	<A(2:)-A(8:) trans H/H>                        MATCHES	<C(5:'BA'749)-G(9:'BA'1271) trans S/S>
#  Matched base-stacking interactions: 

>>>>>>>>>>   ALIGNMENT ENDS   >>>>>>>>>>

<<<<<<<<<<  ALIGNMENT BEGINS  <<<<<<<<<<

#  Aligning reverse-kturn_conseusns and 4v7w_BA:478-479_493-498:
#  Alignment score:  1.6
#  P-value:  1.000e+00
#  Query aligned region: 
#  Target aligned region: 

	
	

#  Matched base-pairing interactions: 
#  Matched base-stacking interactions: 

>>>>>>>>>>   ALIGNMENT ENDS   >>>>>>>>>>

<<<<<<<<<<  ALIGNMENT BEGINS  <<<<<<<<<<

#  Aligning reverse-kturn_conseusns and 4v7w_BA:1233-1234_1263-1264:
#  Alignment score:  1.5
#  P-value:  1.000e+00
#  Query aligned region: 
#  Target aligned region: 

	
	

#  Matched base-pairing interactions: 
#  Matched base-stacking interactions: 

>>>>>>>>>>   ALIGNMENT ENDS   >>>>>>>>>>

<<<<<<<<<<  ALIGNMENT BEGINS  <<<<<<<<<<

# scan failed rc=-11
