$ /home/s081p868/scratch/RNAMotifScanX-release/bin/scan /home/s081p868/scratch/RNAMotifScanX-release/models/e-loop_consensus.struct /rfs/poseidon_share/s081p868/RNAMotifScanX_nr/rmsx_work_default/4v88/A8/4v88_A8.rmsx.in --map_pdb=/rfs/poseidon_share/s081p868/RNAMotifScanX_nr/rmsx_work_default/4v88/A8/4v88_A8.rmsx.nch --pvalue 1.0 --num_threads 16 --write_alignment
<<<<<<<<<<  ALIGNMENT BEGINS  <<<<<<<<<<

#  Aligning Eloop_consensus and 4v88_A8:73-74_48-49_75-76:
#  Alignment score:  24.2
#  P-value:  1.461e-01
#  Query aligned region: 0-1,4-5
#  Target aligned region: 0:'A8'74-1:'A8'75,3:'A8'50-3:'A8'50,4:'A8'76-4:'A8'76

	GA...U~A
	UG...C~C

#  Matched base-pairing interactions: 
	<A(1:)-U(4:) trans H/W>                        MATCHES	<G(1:'A8'75)-C(3:'A8'50) cis W/W>
	<G(0:)-A(5:) trans S/H>                        MATCHES	<U(0:'A8'74)-C(4:'A8'76) trans S/H>
#  Matched base-stacking interactions: 

>>>>>>>>>>   ALIGNMENT ENDS   >>>>>>>>>>

<<<<<<<<<<  ALIGNMENT BEGINS  <<<<<<<<<<

#  Aligning Eloop_consensus and 4v88_A8:99-104_39-43:
#  Alignment score:  23.8
#  P-value:  1.537e-01
#  Query aligned region: 0-0,5-5
#  Target aligned region: 3:'A8'103-3:'A8'103,7:'A8'41-7:'A8'41

	G...A
	G...A

#  Matched base-pairing interactions: 
	<G(0:)-A(5:) trans S/H>                        MATCHES	<G(3:'A8'103)-A(7:'A8'41) trans S/H>
#  Matched base-stacking interactions: 

>>>>>>>>>>   ALIGNMENT ENDS   >>>>>>>>>>

<<<<<<<<<<  ALIGNMENT BEGINS  <<<<<<<<<<

#  Aligning Eloop_consensus and 4v88_A8:81-88_68-71:
#  Alignment score:  23.2
#  P-value:  1.662e-01
#  Query aligned region: 0-2,3-5
#  Target aligned region: 5:'A8'87-7:'A8'89,8:'A8'69-10:'A8'71

	GAG...GUA
	GAA...UGA

#  Matched base-pairing interactions: 
	<G(2:)-G(3:) trans H/S>                        MATCHES	<A(7:'A8'89)-U(8:'A8'69) cis W/W>
	<A(1:)-U(4:) trans H/W>                        MATCHES	<A(6:'A8'88)-G(9:'A8'70) trans H/S>
	<G(0:)-A(5:) trans S/H>                        MATCHES	<G(5:'A8'87)-A(10:'A8'71) trans S/H>
#  Matched base-stacking interactions: 

>>>>>>>>>>   ALIGNMENT ENDS   >>>>>>>>>>

<<<<<<<<<<  ALIGNMENT BEGINS  <<<<<<<<<<

#  Aligning Eloop_consensus and 4v88_A8:34-41_101-105:
#  Alignment score:  19.8
#  P-value:  2.772e-01
#  Query aligned region: 0-0,5-5
#  Target aligned region: 4:'A8'39-4:'A8'39,10:'A8'104-10:'A8'104

	G...A
	G...A

#  Matched base-pairing interactions: 
	<G(0:)-A(5:) trans S/H>                        MATCHES	<G(4:'A8'39)-A(10:'A8'104) trans S/H>
#  Matched base-stacking interactions: 

>>>>>>>>>>   ALIGNMENT ENDS   >>>>>>>>>>

<<<<<<<<<<  ALIGNMENT BEGINS  <<<<<<<<<<

#  Aligning Eloop_consensus and 4v88_A8:75-76_73-74_48-49:
#  Alignment score:  1.8
#  P-value:  1.000e+00
#  Query aligned region: 
#  Target aligned region: 

	
	

#  Matched base-pairing interactions: 
#  Matched base-stacking interactions: 

>>>>>>>>>>   ALIGNMENT ENDS   >>>>>>>>>>

<<<<<<<<<<  ALIGNMENT BEGINS  <<<<<<<<<<

#  Aligning Eloop_consensus and 4v88_A8:75-76_48-49_73-74:
#  Alignment score:  1.7
#  P-value:  1.000e+00
#  Query aligned region: 
#  Target aligned region: 

	
	

#  Matched base-pairing interactions: 
#  Matched base-stacking interactions: 

>>>>>>>>>>   ALIGNMENT ENDS   >>>>>>>>>>

