$ /home/s081p868/scratch/RNAMotifScanX-release/bin/scan /home/s081p868/scratch/RNAMotifScanX-release/models/reverse-kturn_consensus.struct /rfs/poseidon_share/s081p868/RNAMotifScanX_nr/rmsx_work_default/4v4q/BB/4v4q_BB.rmsx.in --map_pdb=/rfs/poseidon_share/s081p868/RNAMotifScanX_nr/rmsx_work_default/4v4q/BB/4v4q_BB.rmsx.nch --pvalue 1.0 --num_threads 16 --write_alignment
<<<<<<<<<<  ALIGNMENT BEGINS  <<<<<<<<<<

#  Aligning reverse-kturn_conseusns and 4v4q_BB:603-610_550-553_581-583:
#  Alignment score:  62
#  P-value:  1.898e-02
#  Query aligned region: 0-3,4-10
#  Target aligned region: 2:'BB'971-7:'BB'985,10:'BB'820-11:'BB'821,12:'BB'946-12:'BB'946

	GGAG...C~AA~C
	GAAA...C~AA~C

#  Matched base-pairing interactions: 
	<G(3:)-C(4:) cis W/W>                          MATCHES	<A(5:'BB'984)-C(7:'BB'985) cis -/->
	<A(2:)-A(8:) trans H/H>                        MATCHES	<A(4:'BB'973)-A(10:'BB'820) trans H/H>
	<G(1:)-A(9:) trans S/H>                        MATCHES	<A(3:'BB'972)-A(11:'BB'821) trans S/H>
	<G(0:)-C(10:) cis W/W>                         MATCHES	<G(2:'BB'971)-C(12:'BB'946) cis W/W>
#  Matched base-stacking interactions: 

>>>>>>>>>>   ALIGNMENT ENDS   >>>>>>>>>>

<<<<<<<<<<  ALIGNMENT BEGINS  <<<<<<<<<<

#  Aligning reverse-kturn_conseusns and 4v4q_BB:169-171_154-159:
#  Alignment score:  57.6
#  P-value:  2.302e-02
#  Query aligned region: 0-2,8-10
#  Target aligned region: 0:'BB'202-2:'BB'204,3:'BB'191-5:'BB'193

	GGA...AAC
	UAA...ACU

#  Matched base-pairing interactions: 
	<A(2:)-A(8:) trans H/H>                        MATCHES	<A(2:'BB'204)-A(3:'BB'191) trans H/H>
	<G(1:)-A(9:) trans S/H>                        MATCHES	<A(1:'BB'203)-C(4:'BB'192) trans S/H>
	<G(0:)-C(10:) cis W/W>                         MATCHES	<U(0:'BB'202)-U(5:'BB'193) cis W/W>
#  Matched base-stacking interactions: 

>>>>>>>>>>   ALIGNMENT ENDS   >>>>>>>>>>

<<<<<<<<<<  ALIGNMENT BEGINS  <<<<<<<<<<

#  Aligning reverse-kturn_conseusns and 4v4q_BB:146-148_154-156_169-174:
#  Alignment score:  54.1
#  P-value:  2.723e-02
#  Query aligned region: 0-2,8-10
#  Target aligned region: 0:'BB'188-1:'BB'189,3:'BB'191-3:'BB'191,8:'BB'204-11:'BB'208

	GG~A...A-AC
	GG~A...AUAC

#  Matched base-pairing interactions: 
	<G(1:)-A(9:) trans S/H>                        MATCHES	<G(1:'BB'189)-A(10:'BB'207) trans S/H>
	<A(2:)-A(8:) trans H/H>                        MATCHES	<A(3:'BB'191)-A(8:'BB'204) trans H/H>
	<G(0:)-C(10:) cis W/W>                         MATCHES	<G(0:'BB'188)-C(11:'BB'208) cis W/W>
#  Matched base-stacking interactions: 

>>>>>>>>>>   ALIGNMENT ENDS   >>>>>>>>>>

<<<<<<<<<<  ALIGNMENT BEGINS  <<<<<<<<<<

#  Aligning reverse-kturn_conseusns and 4v4q_BB:1330-1339_279-281_304-308:
#  Alignment score:  37
#  P-value:  8.318e-02
#  Query aligned region: 0-2,8-10
#  Target aligned region: 7:'BB'2410-8:'BB'2411,10:'BB'385-11:'BB'386,14:'BB'412-15:'BB'413

	GG~A...A~AC
	GA~C...G~AC

#  Matched base-pairing interactions: 
	<G(1:)-A(9:) trans S/H>                        MATCHES	<A(8:'BB'2411)-A(14:'BB'412) trans S/H>
	<A(2:)-A(8:) trans H/H>                        MATCHES	<C(10:'BB'385)-G(11:'BB'386) cis S/H>
	<G(0:)-C(10:) cis W/W>                         MATCHES	<G(7:'BB'2410)-C(15:'BB'413) cis W/W>
#  Matched base-stacking interactions: 

>>>>>>>>>>   ALIGNMENT ENDS   >>>>>>>>>>

<<<<<<<<<<  ALIGNMENT BEGINS  <<<<<<<<<<

#  Aligning reverse-kturn_conseusns and 4v4q_BB:946-952_937-939:
#  Alignment score:  35
#  P-value:  9.989e-02
#  Query aligned region: 0-1,9-10
#  Target aligned region: 5:'BB'1827-6:'BB'1828,7:'BB'1791-8:'BB'1792

	GG...AC
	UG...AG

#  Matched base-pairing interactions: 
	<G(1:)-A(9:) trans S/H>                        MATCHES	<G(6:'BB'1828)-A(7:'BB'1791) trans S/H>
	<G(0:)-C(10:) cis W/W>                         MATCHES	<U(5:'BB'1827)-G(8:'BB'1792) cis W/W>
#  Matched base-stacking interactions: 

>>>>>>>>>>   ALIGNMENT ENDS   >>>>>>>>>>

<<<<<<<<<<  ALIGNMENT BEGINS  <<<<<<<<<<

#  Aligning reverse-kturn_conseusns and 4v4q_BB:1263-1268_1256-1259:
#  Alignment score:  34.8
#  P-value:  1.018e-01
#  Query aligned region: 0-1,9-10
#  Target aligned region: 3:'BB'2364-4:'BB'2365,6:'BB'2352-7:'BB'2353

	GG...AC
	CG...AG

#  Matched base-pairing interactions: 
	<G(1:)-A(9:) trans S/H>                        MATCHES	<G(4:'BB'2365)-A(6:'BB'2352) trans S/H>
	<G(0:)-C(10:) cis W/W>                         MATCHES	<C(3:'BB'2364)-G(7:'BB'2353) cis W/W>
#  Matched base-stacking interactions: 

>>>>>>>>>>   ALIGNMENT ENDS   >>>>>>>>>>

<<<<<<<<<<  ALIGNMENT BEGINS  <<<<<<<<<<

#  Aligning reverse-kturn_conseusns and 4v4q_BB:346-348_342-344_335-336:
#  Alignment score:  34.8
#  P-value:  1.018e-01
#  Query aligned region: 0-2,8-10
#  Target aligned region: 0:'BB'468-2:'BB'470,3:'BB'459-5:'BB'461

	GGA...AAC
	GGA...UAC

#  Matched base-pairing interactions: 
	<A(2:)-A(8:) trans H/H>                        MATCHES	<A(2:'BB'470)-U(3:'BB'459) trans H/W>
	<G(1:)-A(9:) trans S/H>                        MATCHES	<G(1:'BB'469)-A(4:'BB'460) trans S/H>
	<G(0:)-C(10:) cis W/W>                         MATCHES	<G(0:'BB'468)-C(5:'BB'461) cis W/W>
#  Matched base-stacking interactions: 

>>>>>>>>>>   ALIGNMENT ENDS   >>>>>>>>>>

<<<<<<<<<<  ALIGNMENT BEGINS  <<<<<<<<<<

#  Aligning reverse-kturn_conseusns and 4v4q_BB:291-297_273-277:
#  Alignment score:  34.8
#  P-value:  1.018e-01
#  Query aligned region: 0-1,9-10
#  Target aligned region: 4:'BB'399-5:'BB'400,7:'BB'374-8:'BB'375

	GG...AC
	UG...AG

#  Matched base-pairing interactions: 
	<G(1:)-A(9:) trans S/H>                        MATCHES	<G(5:'BB'400)-A(7:'BB'374) trans S/H>
	<G(0:)-C(10:) cis W/W>                         MATCHES	<U(4:'BB'399)-G(8:'BB'375) cis W/W>
#  Matched base-stacking interactions: 

>>>>>>>>>>   ALIGNMENT ENDS   >>>>>>>>>>

<<<<<<<<<<  ALIGNMENT BEGINS  <<<<<<<<<<

#  Aligning reverse-kturn_conseusns and 4v4q_BB:761-768:
#  Alignment score:  34.2
#  P-value:  1.080e-01
#  Query aligned region: 0-1,9-10
#  Target aligned region: 2:'BB'1363-7:'BB'1368

	GG...AC
	CG...AG

#  Matched base-pairing interactions: 
	<G(1:)-A(9:) trans S/H>                        MATCHES	<G(3:'BB'1364)-A(6:'BB'1367) trans S/H>
	<G(0:)-C(10:) cis W/W>                         MATCHES	<C(2:'BB'1363)-G(7:'BB'1368) cis W/W>
#  Matched base-stacking interactions: 

>>>>>>>>>>   ALIGNMENT ENDS   >>>>>>>>>>

<<<<<<<<<<  ALIGNMENT BEGINS  <<<<<<<<<<

#  Aligning reverse-kturn_conseusns and 4v4q_BB:525-526_522-523_888-889:
#  Alignment score:  33.2
#  P-value:  1.196e-01
#  Query aligned region: 0-1,9-10
#  Target aligned region: 0:'BB'732-1:'BB'733,2:'BB'699-3:'BB'700

	GG...AC
	CG...AG

#  Matched base-pairing interactions: 
	<G(1:)-A(9:) trans S/H>                        MATCHES	<G(1:'BB'733)-A(2:'BB'699) trans S/H>
	<G(0:)-C(10:) cis W/W>                         MATCHES	<C(0:'BB'732)-G(3:'BB'700) cis W/W>
#  Matched base-stacking interactions: 

>>>>>>>>>>   ALIGNMENT ENDS   >>>>>>>>>>

<<<<<<<<<<  ALIGNMENT BEGINS  <<<<<<<<<<

#  Aligning reverse-kturn_conseusns and 4v4q_BB:990-996_962-965:
#  Alignment score:  32.4
#  P-value:  1.303e-01
#  Query aligned region: 0-2,8-10
#  Target aligned region: 1:'BB'1883-3:'BB'1885,7:'BB'1857-9:'BB'1859

	GGA...AAC
	UGA...GAU

#  Matched base-pairing interactions: 
	<A(2:)-A(8:) trans H/H>                        MATCHES	<A(3:'BB'1885)-G(7:'BB'1857) trans H/S>
	<G(1:)-A(9:) trans S/H>                        MATCHES	<G(2:'BB'1884)-A(8:'BB'1858) trans S/H>
	<G(0:)-C(10:) cis W/W>                         MATCHES	<U(1:'BB'1883)-U(9:'BB'1859) cis W/W>
#  Matched base-stacking interactions: 

>>>>>>>>>>   ALIGNMENT ENDS   >>>>>>>>>>

<<<<<<<<<<  ALIGNMENT BEGINS  <<<<<<<<<<

#  Aligning reverse-kturn_conseusns and 4v4q_BB:54-58_88-89_111-119:
#  Alignment score:  29.7
#  P-value:  1.795e-01
#  Query aligned region: 2-3,4-8
#  Target aligned region: 4:'BB'52-4:'BB'52,5:'BB'65-5:'BB'65,11:'BB'89-15:'BB'119

	A~G...CACAA
	A~U...AGUAA

#  Matched base-pairing interactions: 
	<G(3:)-C(4:) cis W/W>                          MATCHES	<U(5:'BB'65)-A(11:'BB'89) cis W/W>
	<A(2:)-A(8:) trans H/H>                        MATCHES	<A(4:'BB'52)-A(15:'BB'119) trans H/H>
#  Matched base-stacking interactions: 

>>>>>>>>>>   ALIGNMENT ENDS   >>>>>>>>>>

<<<<<<<<<<  ALIGNMENT BEGINS  <<<<<<<<<<

#  Aligning reverse-kturn_conseusns and 4v4q_BB:1251-1255_1195-1198_1204-1207:
#  Alignment score:  28.5
#  P-value:  2.107e-01
#  Query aligned region: 0-2,8-10
#  Target aligned region: 2:'BB'2340-4:'BB'2346,5:'BB'2287-8:'BB'2291,9:'BB'2292-9:'BB'2292

	GGA...A--A~C
	AGA...AAGU~U

#  Matched base-pairing interactions: 
	<G(1:)-A(9:) trans S/H>                        MATCHES	<G(3:'BB'2341)-U(8:'BB'2291) cis W/W>
	<A(2:)-A(8:) trans H/H>                        MATCHES	<A(4:'BB'2346)-A(5:'BB'2287) trans H/H>
	<G(0:)-C(10:) cis W/W>                         MATCHES	<A(2:'BB'2340)-U(9:'BB'2292) cis W/W>
#  Matched base-stacking interactions: 

>>>>>>>>>>   ALIGNMENT ENDS   >>>>>>>>>>

<<<<<<<<<<  ALIGNMENT BEGINS  <<<<<<<<<<

#  Aligning reverse-kturn_conseusns and 4v4q_BB:356-363_10-15:
#  Alignment score:  27.9
#  P-value:  2.295e-01
#  Query aligned region: 1-3,4-9
#  Target aligned region: 5:'BB'512-7:'BB'514,8:'BB'26-13:'BB'28

	GAG...CACAAA
	GAA...GUUUGA

#  Matched base-pairing interactions: 
	<G(3:)-C(4:) cis W/W>                          MATCHES	<A(7:'BB'514)-G(8:'BB'26) trans H/S>
	<A(2:)-A(8:) trans H/H>                        MATCHES	<A(6:'BB'513)-G(12:'BB'27) trans H/S>
	<G(1:)-A(9:) trans S/H>                        MATCHES	<G(5:'BB'512)-A(13:'BB'28) trans S/H>
#  Matched base-stacking interactions: 

>>>>>>>>>>   ALIGNMENT ENDS   >>>>>>>>>>

<<<<<<<<<<  ALIGNMENT BEGINS  <<<<<<<<<<

#  Aligning reverse-kturn_conseusns and 4v4q_BB:240-245_255-262:
#  Alignment score:  27
#  P-value:  2.627e-01
#  Query aligned region: 1-2,8-9
#  Target aligned region: 1:'BB'298-2:'BB'299,11:'BB'339-12:'BB'340

	GA...AA
	GA...UA

#  Matched base-pairing interactions: 
	<A(2:)-A(8:) trans H/H>                        MATCHES	<A(2:'BB'299)-U(11:'BB'339) trans H/W>
	<G(1:)-A(9:) trans S/H>                        MATCHES	<G(1:'BB'298)-A(12:'BB'340) trans S/H>
#  Matched base-stacking interactions: 

>>>>>>>>>>   ALIGNMENT ENDS   >>>>>>>>>>

<<<<<<<<<<  ALIGNMENT BEGINS  <<<<<<<<<<

#  Aligning reverse-kturn_conseusns and 4v4q_BB:809-813_859-866_772-774:
#  Alignment score:  25.8
#  P-value:  3.195e-01
#  Query aligned region: 0-1,9-10
#  Target aligned region: 0:'BB'1417-2:'BB'1418,10:'BB'1580-12:'BB'1581

	G-G...A-C
	CCG...ACG

#  Matched base-pairing interactions: 
	<G(0:)-C(10:) cis W/W>                         MATCHES	<C(0:'BB'1417)-G(12:'BB'1581) cis W/W>
	<G(1:)-A(9:) trans S/H>                        MATCHES	<G(2:'BB'1418)-A(10:'BB'1580) trans S/H>
#  Matched base-stacking interactions: 

>>>>>>>>>>   ALIGNMENT ENDS   >>>>>>>>>>

<<<<<<<<<<  ALIGNMENT BEGINS  <<<<<<<<<<

#  Aligning reverse-kturn_conseusns and 4v4q_BB:581-583_550-553_603-610:
#  Alignment score:  24.6
#  P-value:  3.970e-01
#  Query aligned region: 2-2,8-8
#  Target aligned region: 5:'BB'820-5:'BB'820,11:'BB'973-11:'BB'973

	A...A
	A...A

#  Matched base-pairing interactions: 
	<A(2:)-A(8:) trans H/H>                        MATCHES	<A(5:'BB'820)-A(11:'BB'973) trans H/H>
#  Matched base-stacking interactions: 

>>>>>>>>>>   ALIGNMENT ENDS   >>>>>>>>>>

<<<<<<<<<<  ALIGNMENT BEGINS  <<<<<<<<<<

#  Aligning reverse-kturn_conseusns and 4v4q_BB:304-308_1330-1339_279-281:
#  Alignment score:  24.4
#  P-value:  4.126e-01
#  Query aligned region: 0-2,8-10
#  Target aligned region: 0:'BB'411-0:'BB'411,5:'BB'2405-14:'BB'2412,15:'BB'385-15:'BB'385

	G~GA...AA~C
	G~GA...AA~C

#  Matched base-pairing interactions: 
	<A(2:)-A(8:) trans H/H>                        MATCHES	<A(6:'BB'2406)-A(13:'BB'2411) cis -/->
	<G(0:)-C(10:) cis W/W>                         MATCHES	<G(0:'BB'411)-C(15:'BB'385) cis W/W>
	<G(1:)-A(9:) trans S/H>                        MATCHES	<G(5:'BB'2405)-A(14:'BB'2412) trans S/H>
#  Matched base-stacking interactions: 

>>>>>>>>>>   ALIGNMENT ENDS   >>>>>>>>>>

<<<<<<<<<<  ALIGNMENT BEGINS  <<<<<<<<<<

#  Aligning reverse-kturn_conseusns and 4v4q_BB:1454-1455_1479-1482:
#  Alignment score:  23.8
#  P-value:  4.654e-01
#  Query aligned region: 1-1,9-9
#  Target aligned region: 0:'BB'2638-0:'BB'2638,2:'BB'2778-2:'BB'2778

	G...A
	G...A

#  Matched base-pairing interactions: 
	<G(1:)-A(9:) trans S/H>                        MATCHES	<G(0:'BB'2638)-A(2:'BB'2778) trans S/H>
#  Matched base-stacking interactions: 

>>>>>>>>>>   ALIGNMENT ENDS   >>>>>>>>>>

<<<<<<<<<<  ALIGNMENT BEGINS  <<<<<<<<<<

#  Aligning reverse-kturn_conseusns and 4v4q_BB:451-462:
#  Alignment score:  23.8
#  P-value:  4.654e-01
#  Query aligned region: 1-1,9-9
#  Target aligned region: 3:'BB'630-8:'BB'633

	G...A
	G...A

#  Matched base-pairing interactions: 
	<G(1:)-A(9:) trans S/H>                        MATCHES	<G(3:'BB'630)-A(8:'BB'633) trans S/H>
#  Matched base-stacking interactions: 

>>>>>>>>>>   ALIGNMENT ENDS   >>>>>>>>>>

<<<<<<<<<<  ALIGNMENT BEGINS  <<<<<<<<<<

#  Aligning reverse-kturn_conseusns and 4v4q_BB:377-382_406-413:
#  Alignment score:  23.8
#  P-value:  4.654e-01
#  Query aligned region: 1-1,9-9
#  Target aligned region: 0:'BB'537-0:'BB'537,13:'BB'556-13:'BB'556

	G...A
	G...A

#  Matched base-pairing interactions: 
	<G(1:)-A(9:) trans S/H>                        MATCHES	<G(0:'BB'537)-A(13:'BB'556) trans S/H>
#  Matched base-stacking interactions: 

>>>>>>>>>>   ALIGNMENT ENDS   >>>>>>>>>>

<<<<<<<<<<  ALIGNMENT BEGINS  <<<<<<<<<<

#  Aligning reverse-kturn_conseusns and 4v4q_BB:178-185:
#  Alignment score:  23.8
#  P-value:  4.654e-01
#  Query aligned region: 1-1,9-9
#  Target aligned region: 2:'BB'226-7:'BB'229

	G...A
	A...C

#  Matched base-pairing interactions: 
	<G(1:)-A(9:) trans S/H>                        MATCHES	<A(2:'BB'226)-C(7:'BB'229) trans S/H>
#  Matched base-stacking interactions: 

>>>>>>>>>>   ALIGNMENT ENDS   >>>>>>>>>>

<<<<<<<<<<  ALIGNMENT BEGINS  <<<<<<<<<<

#  Aligning reverse-kturn_conseusns and 4v4q_BB:687-692_706-711:
#  Alignment score:  23
#  P-value:  5.532e-01
#  Query aligned region: 1-1,9-9
#  Target aligned region: 2:'BB'1212-2:'BB'1212,11:'BB'1237-11:'BB'1237

	G...A
	G...A

#  Matched base-pairing interactions: 
	<G(1:)-A(9:) trans S/H>                        MATCHES	<G(2:'BB'1212)-A(11:'BB'1237) trans S/H>
#  Matched base-stacking interactions: 

>>>>>>>>>>   ALIGNMENT ENDS   >>>>>>>>>>

<<<<<<<<<<  ALIGNMENT BEGINS  <<<<<<<<<<

#  Aligning reverse-kturn_conseusns and 4v4q_BB:405-413_382-384:
#  Alignment score:  23
#  P-value:  5.532e-01
#  Query aligned region: 1-1,9-9
#  Target aligned region: 7:'BB'555-7:'BB'555,9:'BB'538-9:'BB'538

	G...A
	G...A

#  Matched base-pairing interactions: 
	<G(1:)-A(9:) trans S/H>                        MATCHES	<G(7:'BB'555)-A(9:'BB'538) trans S/H>
#  Matched base-stacking interactions: 

>>>>>>>>>>   ALIGNMENT ENDS   >>>>>>>>>>

<<<<<<<<<<  ALIGNMENT BEGINS  <<<<<<<<<<

#  Aligning reverse-kturn_conseusns and 4v4q_BB:425-431_1077-1081:
#  Alignment score:  22.6
#  P-value:  6.067e-01
#  Query aligned region: 1-1,9-9
#  Target aligned region: 0:'BB'568-0:'BB'568,9:'BB'2030-9:'BB'2030

	G...A
	U...A

#  Matched base-pairing interactions: 
	<G(1:)-A(9:) trans S/H>                        MATCHES	<U(0:'BB'568)-A(9:'BB'2030) trans S/H>
#  Matched base-stacking interactions: 

>>>>>>>>>>   ALIGNMENT ENDS   >>>>>>>>>>

<<<<<<<<<<  ALIGNMENT BEGINS  <<<<<<<<<<

#  Aligning reverse-kturn_conseusns and 4v4q_BB:1517-1527:
#  Alignment score:  13.4
#  P-value:  1.000e+00
#  Query aligned region: 0-1,9-10
#  Target aligned region: 5:'BB'2852-9:'BB'2865

	GG...AC
	GC...GU

#  Matched base-pairing interactions: 
	<G(1:)-A(9:) trans S/H>                        MATCHES	<C(6:'BB'2853)-G(8:'BB'2864) cis W/W>
	<G(0:)-C(10:) cis W/W>                         MATCHES	<G(5:'BB'2852)-U(9:'BB'2865) cis W/W>
#  Matched base-stacking interactions: 

>>>>>>>>>>   ALIGNMENT ENDS   >>>>>>>>>>

<<<<<<<<<<  ALIGNMENT BEGINS  <<<<<<<<<<

#  Aligning reverse-kturn_conseusns and 4v4q_BB:382-384_405-413:
#  Alignment score:  13.4
#  P-value:  1.000e+00
#  Query aligned region: 0-1,9-10
#  Target aligned region: 1:'BB'539-2:'BB'540,3:'BB'553-4:'BB'554

	GG...AC
	GC...GU

#  Matched base-pairing interactions: 
	<G(1:)-A(9:) trans S/H>                        MATCHES	<C(2:'BB'540)-G(3:'BB'553) cis W/W>
	<G(0:)-C(10:) cis W/W>                         MATCHES	<G(1:'BB'539)-U(4:'BB'554) cis W/W>
#  Matched base-stacking interactions: 

>>>>>>>>>>   ALIGNMENT ENDS   >>>>>>>>>>

<<<<<<<<<<  ALIGNMENT BEGINS  <<<<<<<<<<

#  Aligning reverse-kturn_conseusns and 4v4q_BB:174-178_144-146:
#  Alignment score:  13.2
#  P-value:  1.000e+00
#  Query aligned region: 0-1,9-10
#  Target aligned region: 0:'BB'208-1:'BB'209,6:'BB'187-7:'BB'188

	GG...AC
	CC...GG

#  Matched base-pairing interactions: 
	<G(1:)-A(9:) trans S/H>                        MATCHES	<C(1:'BB'209)-G(6:'BB'187) cis W/W>
	<G(0:)-C(10:) cis W/W>                         MATCHES	<C(0:'BB'208)-G(7:'BB'188) cis W/W>
#  Matched base-stacking interactions: 

>>>>>>>>>>   ALIGNMENT ENDS   >>>>>>>>>>

<<<<<<<<<<  ALIGNMENT BEGINS  <<<<<<<<<<

#  Aligning reverse-kturn_conseusns and 4v4q_BB:706-711_687-692:
#  Alignment score:  9.8
#  P-value:  1.000e+00
#  Query aligned region: 3-3,4-4
#  Target aligned region: 1:'BB'1233-1:'BB'1233,9:'BB'1216-9:'BB'1216

	G...C
	C...G

#  Matched base-pairing interactions: 
	<G(3:)-C(4:) cis W/W>                          MATCHES	<C(1:'BB'1233)-G(9:'BB'1216) cis W/W>
#  Matched base-stacking interactions: 

>>>>>>>>>>   ALIGNMENT ENDS   >>>>>>>>>>

<<<<<<<<<<  ALIGNMENT BEGINS  <<<<<<<<<<

#  Aligning reverse-kturn_conseusns and 4v4q_BB:1059-1062_899-908:
#  Alignment score:  9.8
#  P-value:  1.000e+00
#  Query aligned region: 3-3,4-4
#  Target aligned region: 3:'BB'1994-3:'BB'1994,6:'BB'1666-6:'BB'1666

	G...C
	C...G

#  Matched base-pairing interactions: 
	<G(3:)-C(4:) cis W/W>                          MATCHES	<C(3:'BB'1994)-G(6:'BB'1666) cis W/W>
#  Matched base-stacking interactions: 

>>>>>>>>>>   ALIGNMENT ENDS   >>>>>>>>>>

<<<<<<<<<<  ALIGNMENT BEGINS  <<<<<<<<<<

#  Aligning reverse-kturn_conseusns and 4v4q_BB:1077-1081_425-431:
#  Alignment score:  2.8
#  P-value:  1.000e+00
#  Query aligned region: 
#  Target aligned region: 

	
	

#  Matched base-pairing interactions: 
#  Matched base-stacking interactions: 

>>>>>>>>>>   ALIGNMENT ENDS   >>>>>>>>>>

<<<<<<<<<<  ALIGNMENT BEGINS  <<<<<<<<<<

#  Aligning reverse-kturn_conseusns and 4v4q_BB:255-262_240-245:
#  Alignment score:  2.6
#  P-value:  1.000e+00
#  Query aligned region: 
#  Target aligned region: 

	
	

#  Matched base-pairing interactions: 
#  Matched base-stacking interactions: 

>>>>>>>>>>   ALIGNMENT ENDS   >>>>>>>>>>

<<<<<<<<<<  ALIGNMENT BEGINS  <<<<<<<<<<

#  Aligning reverse-kturn_conseusns and 4v4q_BB:1479-1482_1454-1455:
#  Alignment score:  1.7
#  P-value:  1.000e+00
#  Query aligned region: 
#  Target aligned region: 

	
	

#  Matched base-pairing interactions: 
#  Matched base-stacking interactions: 

>>>>>>>>>>   ALIGNMENT ENDS   >>>>>>>>>>

<<<<<<<<<<  ALIGNMENT BEGINS  <<<<<<<<<<

#  Aligning reverse-kturn_conseusns and 4v4q_BB:920-928:
#  Alignment score:  1.6
#  P-value:  1.000e+00
#  Query aligned region: 
#  Target aligned region: 

	
	

#  Matched base-pairing interactions: 
#  Matched base-stacking interactions: 

>>>>>>>>>>   ALIGNMENT ENDS   >>>>>>>>>>

<<<<<<<<<<  ALIGNMENT BEGINS  <<<<<<<<<<

#  Aligning reverse-kturn_conseusns and 4v4q_BB:1445-1453:
#  Alignment score:  1.5
#  P-value:  1.000e+00
#  Query aligned region: 
#  Target aligned region: 

	
	

#  Matched base-pairing interactions: 
#  Matched base-stacking interactions: 

>>>>>>>>>>   ALIGNMENT ENDS   >>>>>>>>>>

<<<<<<<<<<  ALIGNMENT BEGINS  <<<<<<<<<<

#  Aligning reverse-kturn_conseusns and 4v4q_BB:401-402:
#  Alignment score:  0.6
#  P-value:  1.000e+00
#  Query aligned region: 
#  Target aligned region: 

	
	

#  Matched base-pairing interactions: 
#  Matched base-stacking interactions: 

>>>>>>>>>>   ALIGNMENT ENDS   >>>>>>>>>>

