$ /home/s081p868/scratch/RNAMotifScanX-release/bin/scan /home/s081p868/scratch/RNAMotifScanX-release/models/reverse-kturn_consensus.struct /rfs/poseidon_share/s081p868/RNAMotifScanX_nr/rmsx_work_default/3cc2/9/3cc2_9.rmsx.in --map_pdb=/rfs/poseidon_share/s081p868/RNAMotifScanX_nr/rmsx_work_default/3cc2/9/3cc2_9.rmsx.nch --pvalue 1.0 --num_threads 8 --write_alignment
<<<<<<<<<<  ALIGNMENT BEGINS  <<<<<<<<<<

#  Aligning reverse-kturn_conseusns and 3cc2_9:74-82_99-106:
#  Alignment score:  61.2
#  P-value:  1.834e-02
#  Query aligned region: 0-2,8-10
#  Target aligned region: 0:'9'75-2:'9'77,13:'9'104-15:'9'106

	GGA...AAC
	GGA...AAU

#  Matched base-pairing interactions: 
	<A(2:)-A(8:) trans H/H>                        MATCHES	<A(2:'9'77)-A(13:'9'104) trans H/H>
	<G(1:)-A(9:) trans S/H>                        MATCHES	<G(1:'9'76)-A(14:'9'105) trans S/H>
	<G(0:)-C(10:) cis W/W>                         MATCHES	<G(0:'9'75)-U(15:'9'106) cis W/W>
#  Matched base-stacking interactions: 

>>>>>>>>>>   ALIGNMENT ENDS   >>>>>>>>>>

<<<<<<<<<<  ALIGNMENT BEGINS  <<<<<<<<<<

#  Aligning reverse-kturn_conseusns and 3cc2_9:99-106_74-82:
#  Alignment score:  43.4
#  P-value:  4.706e-02
#  Query aligned region: 0-2,8-10
#  Target aligned region: 1:'9'101-4:'9'104,10:'9'77-14:'9'81

	GG-A...A--AC
	GGAA...AGUAC

#  Matched base-pairing interactions: 
	<G(1:)-A(9:) trans S/H>                        MATCHES	<G(2:'9'102)-A(13:'9'80) trans S/H>
	<A(2:)-A(8:) trans H/H>                        MATCHES	<A(4:'9'104)-A(10:'9'77) trans H/H>
	<G(0:)-C(10:) cis W/W>                         MATCHES	<G(1:'9'101)-C(14:'9'81) cis W/W>
#  Matched base-stacking interactions: 

>>>>>>>>>>   ALIGNMENT ENDS   >>>>>>>>>>

<<<<<<<<<<  ALIGNMENT BEGINS  <<<<<<<<<<

#  Aligning reverse-kturn_conseusns and 3cc2_9:87-94:
#  Alignment score:  34.2
#  P-value:  9.916e-02
#  Query aligned region: 0-1,9-10
#  Target aligned region: 1:'9'89-6:'9'94

	GG...AC
	CG...AG

#  Matched base-pairing interactions: 
	<G(1:)-A(9:) trans S/H>                        MATCHES	<G(2:'9'90)-A(5:'9'93) trans S/H>
	<G(0:)-C(10:) cis W/W>                         MATCHES	<C(1:'9'89)-G(6:'9'94) cis W/W>
#  Matched base-stacking interactions: 

>>>>>>>>>>   ALIGNMENT ENDS   >>>>>>>>>>

<<<<<<<<<<  ALIGNMENT BEGINS  <<<<<<<<<<

#  Aligning reverse-kturn_conseusns and 3cc2_9:20-23_24-26_57-58:
#  Alignment score:  13.5
#  P-value:  1.000e+00
#  Query aligned region: 0-2,8-10
#  Target aligned region: 0:'9'21-3:'9'24,4:'9'25-5:'9'26,8:'9'59-8:'9'59

	GG-A...AA~C
	GGUU...GC~C

#  Matched base-pairing interactions: 
	<G(0:)-C(10:) cis W/W>                         MATCHES	<G(0:'9'21)-C(8:'9'59) cis W/W>
	<G(1:)-A(9:) trans S/H>                        MATCHES	<G(1:'9'22)-C(5:'9'26) trans S/W>
	<A(2:)-A(8:) trans H/H>                        MATCHES	<U(3:'9'24)-G(4:'9'25) trans S/H>
#  Matched base-stacking interactions: 

>>>>>>>>>>   ALIGNMENT ENDS   >>>>>>>>>>

<<<<<<<<<<  ALIGNMENT BEGINS  <<<<<<<<<<

#  Aligning reverse-kturn_conseusns and 3cc2_9:57-58_20-23_24-26:
#  Alignment score:  12.8
#  P-value:  1.000e+00
#  Query aligned region: 2-3,4-8
#  Target aligned region: 0:'9'58-1:'9'59,2:'9'21-2:'9'21,8:'9'27-8:'9'27

	AG...C~A
	GC...G~C

#  Matched base-pairing interactions: 
	<G(3:)-C(4:) cis W/W>                          MATCHES	<C(1:'9'59)-G(2:'9'21) cis W/W>
	<A(2:)-A(8:) trans H/H>                        MATCHES	<G(0:'9'58)-C(8:'9'27) cis -/->
#  Matched base-stacking interactions: 

>>>>>>>>>>   ALIGNMENT ENDS   >>>>>>>>>>

