$ /home/s081p868/scratch/RNAMotifScanX-release/bin/scan /home/s081p868/scratch/RNAMotifScanX-release/models/c-loop_consensus.struct /rfs/poseidon_share/s081p868/RNAMotifScanX_nr/rmsx_work_default/4frg/X/4frg_X.rmsx.in --map_pdb=/rfs/poseidon_share/s081p868/RNAMotifScanX_nr/rmsx_work_default/4frg/X/4frg_X.rmsx.nch --pvalue 1.0 --num_threads 8 --write_alignment
<<<<<<<<<<  ALIGNMENT BEGINS  <<<<<<<<<<

#  Aligning c-loop_conseusus and 4frg_X:31-36_27-29_59-62:
#  Alignment score:  8.2
#  P-value:  1.000e+00
#  Query aligned region: 4-4,5-5
#  Target aligned region: 4:X36-4:X36,6:X28-6:X28

	U...A
	C...G

#  Matched base-pairing interactions: 
	<U(4:)-A(5:) cis W/W>                          MATCHES	<C(4:X36)-G(6:X28) cis W/W>
#  Matched base-stacking interactions: 

>>>>>>>>>>   ALIGNMENT ENDS   >>>>>>>>>>

<<<<<<<<<<  ALIGNMENT BEGINS  <<<<<<<<<<

#  Aligning c-loop_conseusus and 4frg_X:57-64_29-34:
#  Alignment score:  3.8
#  P-value:  1.000e+00
#  Query aligned region: 4-4,5-5
#  Target aligned region: 2:X60-2:X60,10:X32-10:X32

	U...A
	U...A

#  Matched base-pairing interactions: 
	<U(4:)-A(5:) cis W/W>                          MATCHES	<U(2:X60)-A(10:X32) cis -/->
#  Matched base-stacking interactions: 

>>>>>>>>>>   ALIGNMENT ENDS   >>>>>>>>>>

<<<<<<<<<<  ALIGNMENT BEGINS  <<<<<<<<<<

#  Aligning c-loop_conseusus and 4frg_X:29-34_57-64:
#  Alignment score:  3
#  P-value:  1.000e+00
#  Query aligned region: 
#  Target aligned region: 

	
	

#  Matched base-pairing interactions: 
#  Matched base-stacking interactions: 

>>>>>>>>>>   ALIGNMENT ENDS   >>>>>>>>>>

