$ /home/s081p868/scratch/RNAMotifScanX-release/bin/scan /home/s081p868/scratch/RNAMotifScanX-release/models/reverse-kturn_consensus.struct /rfs/poseidon_share/s081p868/RNAMotifScanX_nr/rmsx_work_default/4v7v/AA/4v7v_AA.rmsx.in --map_pdb=/rfs/poseidon_share/s081p868/RNAMotifScanX_nr/rmsx_work_default/4v7v/AA/4v7v_AA.rmsx.nch --pvalue 1.0 --num_threads 16 --write_alignment
<<<<<<<<<<  ALIGNMENT BEGINS  <<<<<<<<<<

#  Aligning reverse-kturn_conseusns and 4v7v_AA:885-892_903-908:
#  Alignment score:  62.4
#  P-value:  1.548e-02
#  Query aligned region: 0-2,8-10
#  Target aligned region: 0:'AA'887-2:'AA'889,11:'AA'908-13:'AA'910

	GGA...AAC
	GGA...AAC

#  Matched base-pairing interactions: 
	<A(2:)-A(8:) trans H/H>                        MATCHES	<A(2:'AA'889)-A(11:'AA'908) trans H/H>
	<G(1:)-A(9:) trans S/H>                        MATCHES	<G(1:'AA'888)-A(12:'AA'909) trans S/H>
	<G(0:)-C(10:) cis W/W>                         MATCHES	<G(0:'AA'887)-C(13:'AA'910) cis W/W>
#  Matched base-stacking interactions: 

>>>>>>>>>>   ALIGNMENT ENDS   >>>>>>>>>>

<<<<<<<<<<  ALIGNMENT BEGINS  <<<<<<<<<<

#  Aligning reverse-kturn_conseusns and 4v7v_AA:18-20_883-886_907-913:
#  Alignment score:  43
#  P-value:  4.289e-02
#  Query aligned region: 0-3,4-10
#  Target aligned region: 0:'AA'20-2:'AA'22,5:'AA'887-5:'AA'887,8:'AA'910-13:'AA'915

	GGA~G...CACAAAC
	UGG~G...C-UCAAA

#  Matched base-pairing interactions: 
	<G(3:)-C(4:) cis W/W>                          MATCHES	<G(5:'AA'887)-C(8:'AA'910) cis W/W>
	<A(2:)-A(8:) trans H/H>                        MATCHES	<G(2:'AA'22)-A(11:'AA'913) cis -/->
	<G(1:)-A(9:) trans S/H>                        MATCHES	<G(1:'AA'21)-A(12:'AA'914) trans S/H>
	<G(0:)-C(10:) cis W/W>                         MATCHES	<U(0:'AA'20)-A(13:'AA'915) cis W/W>
#  Matched base-stacking interactions: 

>>>>>>>>>>   ALIGNMENT ENDS   >>>>>>>>>>

<<<<<<<<<<  ALIGNMENT BEGINS  <<<<<<<<<<

#  Aligning reverse-kturn_conseusns and 4v7v_AA:1369-1376_935-937_1342-1350:
#  Alignment score:  41.6
#  P-value:  4.732e-02
#  Query aligned region: 0-3,4-10
#  Target aligned region: 1:'AA'1372-5:'AA'1376,9:'AA'938-9:'AA'938,13:'AA'1346-17:'AA'1350

	GG-AG...C~A--AC
	UGAAU...A~AGUAA

#  Matched base-pairing interactions: 
	<G(3:)-C(4:) cis W/W>                          MATCHES	<U(5:'AA'1376)-A(9:'AA'938) cis -/->
	<G(1:)-A(9:) trans S/H>                        MATCHES	<G(2:'AA'1373)-A(16:'AA'1349) trans S/H>
	<A(2:)-A(8:) trans H/H>                        MATCHES	<A(4:'AA'1375)-A(13:'AA'1346) trans H/H>
	<G(0:)-C(10:) cis W/W>                         MATCHES	<U(1:'AA'1372)-A(17:'AA'1350) cis W/W>
#  Matched base-stacking interactions: 

>>>>>>>>>>   ALIGNMENT ENDS   >>>>>>>>>>

<<<<<<<<<<  ALIGNMENT BEGINS  <<<<<<<<<<

#  Aligning reverse-kturn_conseusns and 4v7v_AA:1018-1024_1001-1008:
#  Alignment score:  38.8
#  P-value:  5.853e-02
#  Query aligned region: 0-2,8-10
#  Target aligned region: 3:'AA'1023-4:'AA'1024,7:'AA'1003-10:'AA'1006

	GG~A...AAC
	UG~G...AAG

#  Matched base-pairing interactions: 
	<G(1:)-A(9:) trans S/H>                        MATCHES	<G(4:'AA'1024)-A(9:'AA'1005) trans S/H>
	<A(2:)-A(8:) trans H/H>                        MATCHES	<G(7:'AA'1003)-A(8:'AA'1004) cis -/->
	<G(0:)-C(10:) cis W/W>                         MATCHES	<U(3:'AA'1023)-G(10:'AA'1006) cis W/W>
#  Matched base-stacking interactions: 

>>>>>>>>>>   ALIGNMENT ENDS   >>>>>>>>>>

<<<<<<<<<<  ALIGNMENT BEGINS  <<<<<<<<<<

#  Aligning reverse-kturn_conseusns and 4v7v_AA:941-944_1232-1236_1331-1338:
#  Alignment score:  38.8
#  P-value:  5.853e-02
#  Query aligned region: 0-3,4-10
#  Target aligned region: 0:'AA'943-3:'AA'946,4:'AA'1234-6:'AA'1236,15:'AA'1339-16:'AA'1340

	GGAG...CACAA~AC
	UGGA...C--UA~AA

#  Matched base-pairing interactions: 
	<G(3:)-C(4:) cis W/W>                          MATCHES	<A(3:'AA'946)-C(4:'AA'1234) cis W/W>
	<G(1:)-A(9:) trans S/H>                        MATCHES	<G(1:'AA'944)-A(15:'AA'1339) trans S/H>
	<A(2:)-A(8:) trans H/H>                        MATCHES	<G(2:'AA'945)-A(6:'AA'1236) cis W/W>
	<G(0:)-C(10:) cis W/W>                         MATCHES	<U(0:'AA'943)-A(16:'AA'1340) cis W/W>
#  Matched base-stacking interactions: 

>>>>>>>>>>   ALIGNMENT ENDS   >>>>>>>>>>

<<<<<<<<<<  ALIGNMENT BEGINS  <<<<<<<<<<

#  Aligning reverse-kturn_conseusns and 4v7v_AA:444-448_479-486:
#  Alignment score:  38.6
#  P-value:  5.948e-02
#  Query aligned region: 0-2,8-10
#  Target aligned region: 0:'AA'446-2:'AA'448,10:'AA'486-12:'AA'488

	GGA...AAC
	GGA...UAC

#  Matched base-pairing interactions: 
	<A(2:)-A(8:) trans H/H>                        MATCHES	<A(2:'AA'448)-U(10:'AA'486) trans H/W>
	<G(1:)-A(9:) trans S/H>                        MATCHES	<G(1:'AA'447)-A(11:'AA'487) trans S/H>
	<G(0:)-C(10:) cis W/W>                         MATCHES	<G(0:'AA'446)-C(12:'AA'488) cis W/W>
#  Matched base-stacking interactions: 

>>>>>>>>>>   ALIGNMENT ENDS   >>>>>>>>>>

<<<<<<<<<<  ALIGNMENT BEGINS  <<<<<<<<<<

#  Aligning reverse-kturn_conseusns and 4v7v_AA:693-695_795-801_777-784:
#  Alignment score:  38.3
#  P-value:  6.094e-02
#  Query aligned region: 0-3,4-10
#  Target aligned region: 5:'AA'799-9:'AA'803,10:'AA'779-14:'AA'783

	GGA-G...CACAAAC
	GGUAG...C--AAAC

#  Matched base-pairing interactions: 
	<G(3:)-C(4:) cis W/W>                          MATCHES	<G(9:'AA'803)-C(10:'AA'779) cis W/W>
	<A(2:)-A(8:) trans H/H>                        MATCHES	<U(7:'AA'801)-A(12:'AA'781) trans W/H>
	<G(1:)-A(9:) trans S/H>                        MATCHES	<G(6:'AA'800)-A(13:'AA'782) trans S/H>
	<G(0:)-C(10:) cis W/W>                         MATCHES	<G(5:'AA'799)-C(14:'AA'783) cis W/W>
#  Matched base-stacking interactions: 

>>>>>>>>>>   ALIGNMENT ENDS   >>>>>>>>>>

<<<<<<<<<<  ALIGNMENT BEGINS  <<<<<<<<<<

#  Aligning reverse-kturn_conseusns and 4v7v_AA:1414-1419_1478-1482:
#  Alignment score:  37.2
#  P-value:  6.681e-02
#  Query aligned region: 0-2,8-10
#  Target aligned region: 0:'AA'1416-2:'AA'1418,8:'AA'1482-10:'AA'1484

	GGA...AAC
	GGA...GAC

#  Matched base-pairing interactions: 
	<A(2:)-A(8:) trans H/H>                        MATCHES	<A(2:'AA'1418)-G(8:'AA'1482) trans H/S>
	<G(1:)-A(9:) trans S/H>                        MATCHES	<G(1:'AA'1417)-A(9:'AA'1483) trans S/H>
	<G(0:)-C(10:) cis W/W>                         MATCHES	<G(0:'AA'1416)-C(10:'AA'1484) cis W/W>
#  Matched base-stacking interactions: 

>>>>>>>>>>   ALIGNMENT ENDS   >>>>>>>>>>

<<<<<<<<<<  ALIGNMENT BEGINS  <<<<<<<<<<

#  Aligning reverse-kturn_conseusns and 4v7v_AA:1298-1307_944-945_1327-1332:
#  Alignment score:  37
#  P-value:  6.797e-02
#  Query aligned region: 0-3,4-10
#  Target aligned region: 3:'AA'1303-6:'AA'1306,11:'AA'947-11:'AA'947,15:'AA'1332-17:'AA'1334

	GGAG...C~AAC
	CGGA...G~AAG

#  Matched base-pairing interactions: 
	<G(3:)-C(4:) cis W/W>                          MATCHES	<A(6:'AA'1306)-G(11:'AA'947) cis S/S>
	<A(2:)-A(8:) trans H/H>                        MATCHES	<G(5:'AA'1305)-A(15:'AA'1332) cis -/->
	<G(1:)-A(9:) trans S/H>                        MATCHES	<G(4:'AA'1304)-A(16:'AA'1333) trans S/H>
	<G(0:)-C(10:) cis W/W>                         MATCHES	<C(3:'AA'1303)-G(17:'AA'1334) cis W/W>
#  Matched base-stacking interactions: 

>>>>>>>>>>   ALIGNMENT ENDS   >>>>>>>>>>

<<<<<<<<<<  ALIGNMENT BEGINS  <<<<<<<<<<

#  Aligning reverse-kturn_conseusns and 4v7v_AA:649-652_751-758_579-586:
#  Alignment score:  36.8
#  P-value:  6.916e-02
#  Query aligned region: 0-2,8-10
#  Target aligned region: 8:'AA'757-10:'AA'759,13:'AA'582-15:'AA'584

	GGA...AAC
	UCA...CAG

#  Matched base-pairing interactions: 
	<A(2:)-A(8:) trans H/H>                        MATCHES	<A(10:'AA'759)-C(13:'AA'582) trans H/W>
	<G(1:)-A(9:) trans S/H>                        MATCHES	<C(9:'AA'758)-A(14:'AA'583) trans S/H>
	<G(0:)-C(10:) cis W/W>                         MATCHES	<U(8:'AA'757)-G(15:'AA'584) cis W/W>
#  Matched base-stacking interactions: 

>>>>>>>>>>   ALIGNMENT ENDS   >>>>>>>>>>

<<<<<<<<<<  ALIGNMENT BEGINS  <<<<<<<<<<

#  Aligning reverse-kturn_conseusns and 4v7v_AA:294-295_562-564_297-299:
#  Alignment score:  35.8
#  P-value:  7.559e-02
#  Query aligned region: 0-2,8-10
#  Target aligned region: 0:'AA'296-1:'AA'297,4:'AA'566-4:'AA'566,5:'AA'299-7:'AA'301

	GG~A...AAC
	UG~G...GAG

#  Matched base-pairing interactions: 
	<G(1:)-A(9:) trans S/H>                        MATCHES	<G(1:'AA'297)-A(6:'AA'300) trans S/H>
	<A(2:)-A(8:) trans H/H>                        MATCHES	<G(4:'AA'566)-G(5:'AA'299) cis H/W>
	<G(0:)-C(10:) cis W/W>                         MATCHES	<U(0:'AA'296)-G(7:'AA'301) cis W/W>
#  Matched base-stacking interactions: 

>>>>>>>>>>   ALIGNMENT ENDS   >>>>>>>>>>

<<<<<<<<<<  ALIGNMENT BEGINS  <<<<<<<<<<

#  Aligning reverse-kturn_conseusns and 4v7v_AA:184-189:
#  Alignment score:  35.6
#  P-value:  7.698e-02
#  Query aligned region: 0-1,9-10
#  Target aligned region: 0:'AA'186-5:'AA'191

	GG...AC
	CG...AG

#  Matched base-pairing interactions: 
	<G(1:)-A(9:) trans S/H>                        MATCHES	<G(1:'AA'187)-A(4:'AA'190) trans S/H>
	<G(0:)-C(10:) cis W/W>                         MATCHES	<C(0:'AA'186)-G(5:'AA'191) cis W/W>
#  Matched base-stacking interactions: 

>>>>>>>>>>   ALIGNMENT ENDS   >>>>>>>>>>

<<<<<<<<<<  ALIGNMENT BEGINS  <<<<<<<<<<

#  Aligning reverse-kturn_conseusns and 4v7v_AA:856-861_568-570_862-872:
#  Alignment score:  35.2
#  P-value:  7.989e-02
#  Query aligned region: 0-2,8-10
#  Target aligned region: 4:'AA'862-5:'AA'863,7:'AA'571-7:'AA'571,10:'AA'865-12:'AA'867

	GG~A...AAC
	CU~U...ACG

#  Matched base-pairing interactions: 
	<G(1:)-A(9:) trans S/H>                        MATCHES	<U(5:'AA'863)-C(11:'AA'866) trans S/H>
	<A(2:)-A(8:) trans H/H>                        MATCHES	<U(7:'AA'571)-A(10:'AA'865) cis W/W>
	<G(0:)-C(10:) cis W/W>                         MATCHES	<C(4:'AA'862)-G(12:'AA'867) cis W/W>
#  Matched base-stacking interactions: 

>>>>>>>>>>   ALIGNMENT ENDS   >>>>>>>>>>

<<<<<<<<<<  ALIGNMENT BEGINS  <<<<<<<<<<

#  Aligning reverse-kturn_conseusns and 4v7v_AA:407-414_425-431:
#  Alignment score:  34.8
#  P-value:  8.297e-02
#  Query aligned region: 0-1,9-10
#  Target aligned region: 0:'AA'409-1:'AA'410,13:'AA'432-14:'AA'433

	GG...AC
	UG...AG

#  Matched base-pairing interactions: 
	<G(1:)-A(9:) trans S/H>                        MATCHES	<G(1:'AA'410)-A(13:'AA'432) trans S/H>
	<G(0:)-C(10:) cis W/W>                         MATCHES	<U(0:'AA'409)-G(14:'AA'433) cis W/W>
#  Matched base-stacking interactions: 

>>>>>>>>>>   ALIGNMENT ENDS   >>>>>>>>>>

<<<<<<<<<<  ALIGNMENT BEGINS  <<<<<<<<<<

#  Aligning reverse-kturn_conseusns and 4v7v_AA:551-559_23-28:
#  Alignment score:  33.7
#  P-value:  9.240e-02
#  Query aligned region: 0-2,8-10
#  Target aligned region: 3:'AA'556-6:'AA'559,9:'AA'25-11:'AA'27

	G-GA...AAC
	CGGA...CAG

#  Matched base-pairing interactions: 
	<A(2:)-A(8:) trans H/H>                        MATCHES	<A(6:'AA'559)-C(9:'AA'25) trans W/H>
	<G(0:)-C(10:) cis W/W>                         MATCHES	<C(3:'AA'556)-G(11:'AA'27) cis W/W>
	<G(1:)-A(9:) trans S/H>                        MATCHES	<G(5:'AA'558)-A(10:'AA'26) trans S/H>
#  Matched base-stacking interactions: 

>>>>>>>>>>   ALIGNMENT ENDS   >>>>>>>>>>

<<<<<<<<<<  ALIGNMENT BEGINS  <<<<<<<<<<

#  Aligning reverse-kturn_conseusns and 4v7v_AA:1163-1166_1094-1095_1167-1169:
#  Alignment score:  33.4
#  P-value:  9.525e-02
#  Query aligned region: 0-2,8-10
#  Target aligned region: 0:'AA'1165-1:'AA'1166,5:'AA'1097-5:'AA'1097,6:'AA'1169-8:'AA'1171

	GG~A...AAC
	UG~C...AAA

#  Matched base-pairing interactions: 
	<G(1:)-A(9:) trans S/H>                        MATCHES	<G(1:'AA'1166)-A(7:'AA'1170) trans S/H>
	<A(2:)-A(8:) trans H/H>                        MATCHES	<C(5:'AA'1097)-A(6:'AA'1169) cis S/S>
	<G(0:)-C(10:) cis W/W>                         MATCHES	<U(0:'AA'1165)-A(8:'AA'1171) cis W/W>
#  Matched base-stacking interactions: 

>>>>>>>>>>   ALIGNMENT ENDS   >>>>>>>>>>

<<<<<<<<<<  ALIGNMENT BEGINS  <<<<<<<<<<

#  Aligning reverse-kturn_conseusns and 4v7v_AA:1455-1459_1438-1443:
#  Alignment score:  33.2
#  P-value:  9.723e-02
#  Query aligned region: 0-1,9-10
#  Target aligned region: 3:'AA'1460-4:'AA'1461,6:'AA'1441-7:'AA'1442

	GG...AC
	CG...AG

#  Matched base-pairing interactions: 
	<G(1:)-A(9:) trans S/H>                        MATCHES	<G(4:'AA'1461)-A(6:'AA'1441) trans S/H>
	<G(0:)-C(10:) cis W/W>                         MATCHES	<C(3:'AA'1460)-G(7:'AA'1442) cis W/W>
#  Matched base-stacking interactions: 

>>>>>>>>>>   ALIGNMENT ENDS   >>>>>>>>>>

<<<<<<<<<<  ALIGNMENT BEGINS  <<<<<<<<<<

#  Aligning reverse-kturn_conseusns and 4v7v_AA:1428-1436_332-334_1462-1468:
#  Alignment score:  33.2
#  P-value:  9.723e-02
#  Query aligned region: 0-3,4-10
#  Target aligned region: 0:'AA'1430-3:'AA'1433,10:'AA'335-10:'AA'335,16:'AA'1468-18:'AA'1470

	GGAG...C~AAC
	AAGA...C~ACU

#  Matched base-pairing interactions: 
	<G(3:)-C(4:) cis W/W>                          MATCHES	<A(3:'AA'1433)-C(10:'AA'335) cis -/->
	<A(2:)-A(8:) trans H/H>                        MATCHES	<G(2:'AA'1432)-A(16:'AA'1468) trans S/H>
	<G(1:)-A(9:) trans S/H>                        MATCHES	<A(1:'AA'1431)-C(17:'AA'1469) trans S/H>
	<G(0:)-C(10:) cis W/W>                         MATCHES	<A(0:'AA'1430)-U(18:'AA'1470) cis W/W>
#  Matched base-stacking interactions: 

>>>>>>>>>>   ALIGNMENT ENDS   >>>>>>>>>>

<<<<<<<<<<  ALIGNMENT BEGINS  <<<<<<<<<<

#  Aligning reverse-kturn_conseusns and 4v7v_AA:568-570_862-872_856-861:
#  Alignment score:  33.2
#  P-value:  9.723e-02
#  Query aligned region: 0-1,9-10
#  Target aligned region: 7:'AA'868-8:'AA'869,16:'AA'860-17:'AA'861

	GG...AC
	CG...AG

#  Matched base-pairing interactions: 
	<G(1:)-A(9:) trans S/H>                        MATCHES	<G(8:'AA'869)-A(16:'AA'860) trans S/H>
	<G(0:)-C(10:) cis W/W>                         MATCHES	<C(7:'AA'868)-G(17:'AA'861) cis W/W>
#  Matched base-stacking interactions: 

>>>>>>>>>>   ALIGNMENT ENDS   >>>>>>>>>>

<<<<<<<<<<  ALIGNMENT BEGINS  <<<<<<<<<<

#  Aligning reverse-kturn_conseusns and 4v7v_AA:525-528_529-534_514-520:
#  Alignment score:  31.4
#  P-value:  1.182e-01
#  Query aligned region: 0-2,8-10
#  Target aligned region: 1:'AA'528-2:'AA'529,8:'AA'535-9:'AA'536,14:'AA'520-15:'AA'521

	GG~A...A~AC
	CG~A...C~AG

#  Matched base-pairing interactions: 
	<G(1:)-A(9:) trans S/H>                        MATCHES	<G(2:'AA'529)-A(14:'AA'520) trans S/H>
	<A(2:)-A(8:) trans H/H>                        MATCHES	<A(8:'AA'535)-C(9:'AA'536) cis S/S>
	<G(0:)-C(10:) cis W/W>                         MATCHES	<C(1:'AA'528)-G(15:'AA'521) cis W/W>
#  Matched base-stacking interactions: 

>>>>>>>>>>   ALIGNMENT ENDS   >>>>>>>>>>

<<<<<<<<<<  ALIGNMENT BEGINS  <<<<<<<<<<

#  Aligning reverse-kturn_conseusns and 4v7v_AA:899-905_887-896:
#  Alignment score:  29.7
#  P-value:  1.448e-01
#  Query aligned region: 0-2,8-10
#  Target aligned region: 4:'AA'905-6:'AA'907,9:'AA'891-12:'AA'894

	GGA...AA-C
	UAA...UACG

#  Matched base-pairing interactions: 
	<A(2:)-A(8:) trans H/H>                        MATCHES	<A(6:'AA'907)-U(9:'AA'891) trans H/W>
	<G(0:)-C(10:) cis W/W>                         MATCHES	<U(4:'AA'905)-G(12:'AA'894) cis W/W>
	<G(1:)-A(9:) trans S/H>                        MATCHES	<A(5:'AA'906)-A(10:'AA'892) trans S/H>
#  Matched base-stacking interactions: 

>>>>>>>>>>   ALIGNMENT ENDS   >>>>>>>>>>

<<<<<<<<<<  ALIGNMENT BEGINS  <<<<<<<<<<

#  Aligning reverse-kturn_conseusns and 4v7v_AA:1343-1347_933-937_1371-1378:
#  Alignment score:  28.2
#  P-value:  1.766e-01
#  Query aligned region: 0-1,9-10
#  Target aligned region: 6:'AA'936-6:'AA'936,14:'AA'1377-16:'AA'1379

	G~G...AC
	C~A...CG

#  Matched base-pairing interactions: 
	<G(0:)-C(10:) cis W/W>                         MATCHES	<C(6:'AA'936)-G(16:'AA'1379) cis W/W>
	<G(1:)-A(9:) trans S/H>                        MATCHES	<A(14:'AA'1377)-C(15:'AA'1378) trans S/H>
#  Matched base-stacking interactions: 

>>>>>>>>>>   ALIGNMENT ENDS   >>>>>>>>>>

<<<<<<<<<<  ALIGNMENT BEGINS  <<<<<<<<<<

#  Aligning reverse-kturn_conseusns and 4v7v_AA:687-690_795-796_692-696:
#  Alignment score:  27.6
#  P-value:  1.923e-01
#  Query aligned region: 0-2,8-10
#  Target aligned region: 1:'AA'690-2:'AA'691,4:'AA'797-4:'AA'797,7:'AA'695-9:'AA'697

	GG~A...AAC
	GG~C...AAU

#  Matched base-pairing interactions: 
	<G(1:)-A(9:) trans S/H>                        MATCHES	<G(2:'AA'691)-A(8:'AA'696) trans S/H>
	<A(2:)-A(8:) trans H/H>                        MATCHES	<C(4:'AA'797)-A(7:'AA'695) trans S/W>
	<G(0:)-C(10:) cis W/W>                         MATCHES	<G(1:'AA'690)-U(9:'AA'697) trans S/H>
#  Matched base-stacking interactions: 

>>>>>>>>>>   ALIGNMENT ENDS   >>>>>>>>>>

<<<<<<<<<<  ALIGNMENT BEGINS  <<<<<<<<<<

#  Aligning reverse-kturn_conseusns and 4v7v_AA:1280-1281_1257-1264_1268-1274:
#  Alignment score:  27.4
#  P-value:  1.980e-01
#  Query aligned region: 0-2,8-10
#  Target aligned region: 2:'AA'1259-4:'AA'1261,14:'AA'1274-16:'AA'1276

	GGA...AAC
	CGA...AAG

#  Matched base-pairing interactions: 
	<A(2:)-A(8:) trans H/H>                        MATCHES	<A(4:'AA'1261)-A(14:'AA'1274) cis -/->
	<G(1:)-A(9:) trans S/H>                        MATCHES	<G(3:'AA'1260)-A(15:'AA'1275) trans S/H>
	<G(0:)-C(10:) cis W/W>                         MATCHES	<C(2:'AA'1259)-G(16:'AA'1276) cis W/W>
#  Matched base-stacking interactions: 

>>>>>>>>>>   ALIGNMENT ENDS   >>>>>>>>>>

<<<<<<<<<<  ALIGNMENT BEGINS  <<<<<<<<<<

#  Aligning reverse-kturn_conseusns and 4v7v_AA:1232-1236_1331-1338_941-944:
#  Alignment score:  27.2
#  P-value:  2.039e-01
#  Query aligned region: 0-1,9-10
#  Target aligned region: 3:'AA'1237-4:'AA'1238,8:'AA'1336-9:'AA'1337

	GG...AC
	CA...CG

#  Matched base-pairing interactions: 
	<G(1:)-A(9:) trans S/H>                        MATCHES	<A(4:'AA'1238)-C(8:'AA'1336) trans S/H>
	<G(0:)-C(10:) cis W/W>                         MATCHES	<C(3:'AA'1237)-G(9:'AA'1337) cis W/W>
#  Matched base-stacking interactions: 

>>>>>>>>>>   ALIGNMENT ENDS   >>>>>>>>>>

<<<<<<<<<<  ALIGNMENT BEGINS  <<<<<<<<<<

#  Aligning reverse-kturn_conseusns and 4v7v_AA:350-355_110-111_49-57:
#  Alignment score:  26
#  P-value:  2.461e-01
#  Query aligned region: 0-1,9-10
#  Target aligned region: 4:'AA'356-5:'AA'357,12:'AA'55-13:'AA'56

	GG...AC
	AG...AU

#  Matched base-pairing interactions: 
	<G(1:)-A(9:) trans S/H>                        MATCHES	<G(5:'AA'357)-A(12:'AA'55) trans S/H>
	<G(0:)-C(10:) cis W/W>                         MATCHES	<A(4:'AA'356)-U(13:'AA'56) cis W/W>
#  Matched base-stacking interactions: 

>>>>>>>>>>   ALIGNMENT ENDS   >>>>>>>>>>

<<<<<<<<<<  ALIGNMENT BEGINS  <<<<<<<<<<

#  Aligning reverse-kturn_conseusns and 4v7v_AA:57-58_319-330_106-109:
#  Alignment score:  25
#  P-value:  2.921e-01
#  Query aligned region: 0-1,9-10
#  Target aligned region: 1:'AA'60-1:'AA'60,5:'AA'324-5:'AA'324,15:'AA'109-16:'AA'110

	G~G...AC
	A~G...AC

#  Matched base-pairing interactions: 
	<G(0:)-C(10:) cis W/W>                         MATCHES	<A(1:'AA'60)-C(16:'AA'110) trans H/W>
	<G(1:)-A(9:) trans S/H>                        MATCHES	<G(5:'AA'324)-A(15:'AA'109) trans S/H>
#  Matched base-stacking interactions: 

>>>>>>>>>>   ALIGNMENT ENDS   >>>>>>>>>>

<<<<<<<<<<  ALIGNMENT BEGINS  <<<<<<<<<<

#  Aligning reverse-kturn_conseusns and 4v7v_AA:695-703_683-688:
#  Alignment score:  24.6
#  P-value:  3.141e-01
#  Query aligned region: 1-2,8-9
#  Target aligned region: 6:'AA'703-7:'AA'704,10:'AA'686-11:'AA'687

	GA...AA
	GA...UA

#  Matched base-pairing interactions: 
	<A(2:)-A(8:) trans H/H>                        MATCHES	<A(7:'AA'704)-U(10:'AA'686) trans H/W>
	<G(1:)-A(9:) trans S/H>                        MATCHES	<G(6:'AA'703)-A(11:'AA'687) trans S/H>
#  Matched base-stacking interactions: 

>>>>>>>>>>   ALIGNMENT ENDS   >>>>>>>>>>

<<<<<<<<<<  ALIGNMENT BEGINS  <<<<<<<<<<

#  Aligning reverse-kturn_conseusns and 4v7v_AA:853-857_867-870_825-827:
#  Alignment score:  24
#  P-value:  3.523e-01
#  Query aligned region: 0-2,8-10
#  Target aligned region: 2:'AA'857-4:'AA'859,5:'AA'869-5:'AA'869,10:'AA'828-11:'AA'829

	GGA...A~AC
	CGG...G~UG

#  Matched base-pairing interactions: 
	<G(1:)-A(9:) trans S/H>                        MATCHES	<G(3:'AA'858)-U(10:'AA'828) trans S/H>
	<A(2:)-A(8:) trans H/H>                        MATCHES	<G(4:'AA'859)-G(5:'AA'869) cis -/->
	<G(0:)-C(10:) cis W/W>                         MATCHES	<C(2:'AA'857)-G(11:'AA'829) cis W/W>
#  Matched base-stacking interactions: 

>>>>>>>>>>   ALIGNMENT ENDS   >>>>>>>>>>

<<<<<<<<<<  ALIGNMENT BEGINS  <<<<<<<<<<

#  Aligning reverse-kturn_conseusns and 4v7v_AA:1358-1360_975-982_1313-1317:
#  Alignment score:  23.8
#  P-value:  3.665e-01
#  Query aligned region: 1-1,9-9
#  Target aligned region: 5:'AA'979-5:'AA'979,13:'AA'1317-13:'AA'1317

	G...A
	C...C

#  Matched base-pairing interactions: 
	<G(1:)-A(9:) trans S/H>                        MATCHES	<C(5:'AA'979)-C(13:'AA'1317) trans S/H>
#  Matched base-stacking interactions: 

>>>>>>>>>>   ALIGNMENT ENDS   >>>>>>>>>>

<<<<<<<<<<  ALIGNMENT BEGINS  <<<<<<<<<<

#  Aligning reverse-kturn_conseusns and 4v7v_AA:682-687_697-704:
#  Alignment score:  23.8
#  P-value:  3.665e-01
#  Query aligned region: 0-2,8-10
#  Target aligned region: 0:'AA'684-2:'AA'686,11:'AA'704-13:'AA'706

	GGA...AAC
	UGU...AGA

#  Matched base-pairing interactions: 
	<A(2:)-A(8:) trans H/H>                        MATCHES	<U(2:'AA'686)-A(11:'AA'704) trans W/H>
	<G(1:)-A(9:) trans S/H>                        MATCHES	<G(1:'AA'685)-G(12:'AA'705) trans S/H>
	<G(0:)-C(10:) cis W/W>                         MATCHES	<U(0:'AA'684)-A(13:'AA'706) cis W/W>
#  Matched base-stacking interactions: 

>>>>>>>>>>   ALIGNMENT ENDS   >>>>>>>>>>

<<<<<<<<<<  ALIGNMENT BEGINS  <<<<<<<<<<

#  Aligning reverse-kturn_conseusns and 4v7v_AA:1099-1101_1077-1083_1069-1075:
#  Alignment score:  22.2
#  P-value:  5.197e-01
#  Query aligned region: 0-2,8-10
#  Target aligned region: 1:'AA'1102-1:'AA'1102,8:'AA'1084-9:'AA'1085,10:'AA'1071-12:'AA'1073

	G~GA...AAC
	A~GU...CGU

#  Matched base-pairing interactions: 
	<A(2:)-A(8:) trans H/H>                        MATCHES	<U(9:'AA'1085)-C(10:'AA'1071) trans H/H>
	<G(0:)-C(10:) cis W/W>                         MATCHES	<A(1:'AA'1102)-U(12:'AA'1073) cis W/W>
	<G(1:)-A(9:) trans S/H>                        MATCHES	<G(8:'AA'1084)-G(11:'AA'1072) trans S/H>
#  Matched base-stacking interactions: 

>>>>>>>>>>   ALIGNMENT ENDS   >>>>>>>>>>

<<<<<<<<<<  ALIGNMENT BEGINS  <<<<<<<<<<

#  Aligning reverse-kturn_conseusns and 4v7v_AA:57-58_106-109_319-330:
#  Alignment score:  21.4
#  P-value:  6.352e-01
#  Query aligned region: 2-2,8-8
#  Target aligned region: 5:'AA'111-5:'AA'111,15:'AA'330-15:'AA'330

	A...A
	G...C

#  Matched base-pairing interactions: 
	<A(2:)-A(8:) trans H/H>                        MATCHES	<G(5:'AA'111)-C(15:'AA'330) trans H/H>
#  Matched base-stacking interactions: 

>>>>>>>>>>   ALIGNMENT ENDS   >>>>>>>>>>

<<<<<<<<<<  ALIGNMENT BEGINS  <<<<<<<<<<

#  Aligning reverse-kturn_conseusns and 4v7v_AA:683-688_695-703:
#  Alignment score:  20.8
#  P-value:  7.490e-01
#  Query aligned region: 0-1,9-10
#  Target aligned region: 4:'AA'689-5:'AA'690,6:'AA'697-7:'AA'698

	GG...AC
	CG...UG

#  Matched base-pairing interactions: 
	<G(1:)-A(9:) trans S/H>                        MATCHES	<G(5:'AA'690)-U(6:'AA'697) trans S/H>
	<G(0:)-C(10:) cis W/W>                         MATCHES	<C(4:'AA'689)-G(7:'AA'698) cis W/W>
#  Matched base-stacking interactions: 

>>>>>>>>>>   ALIGNMENT ENDS   >>>>>>>>>>

<<<<<<<<<<  ALIGNMENT BEGINS  <<<<<<<<<<

#  Aligning reverse-kturn_conseusns and 4v7v_AA:273-281_240-247:
#  Alignment score:  20.6
#  P-value:  7.938e-01
#  Query aligned region: 1-1,9-9
#  Target aligned region: 6:'AA'281-6:'AA'281,13:'AA'246-13:'AA'246

	G...A
	G...A

#  Matched base-pairing interactions: 
	<G(1:)-A(9:) trans S/H>                        MATCHES	<G(6:'AA'281)-A(13:'AA'246) trans S/H>
#  Matched base-stacking interactions: 

>>>>>>>>>>   ALIGNMENT ENDS   >>>>>>>>>>

<<<<<<<<<<  ALIGNMENT BEGINS  <<<<<<<<<<

#  Aligning reverse-kturn_conseusns and 4v7v_AA:514-526_527-534_503-505:
#  Alignment score:  20.4
#  P-value:  8.428e-01
#  Query aligned region: 0-1,9-10
#  Target aligned region: 8:'AA'524-8:'AA'524,14:'AA'530-15:'AA'531,23:'AA'507-23:'AA'507

	G~G...A~C
	G~G...U~C

#  Matched base-pairing interactions: 
	<G(0:)-C(10:) cis W/W>                         MATCHES	<G(8:'AA'524)-C(23:'AA'507) cis W/W>
	<G(1:)-A(9:) trans S/H>                        MATCHES	<G(14:'AA'530)-U(15:'AA'531) trans S/H>
#  Matched base-stacking interactions: 

>>>>>>>>>>   ALIGNMENT ENDS   >>>>>>>>>>

<<<<<<<<<<  ALIGNMENT BEGINS  <<<<<<<<<<

#  Aligning reverse-kturn_conseusns and 4v7v_AA:1099-1101_1069-1075_1077-1083:
#  Alignment score:  13.6
#  P-value:  1.000e+00
#  Query aligned region: 0-1,9-10
#  Target aligned region: 8:'AA'1076-9:'AA'1077,11:'AA'1080-12:'AA'1081

	GG...AC
	UG...AA

#  Matched base-pairing interactions: 
	<G(1:)-A(9:) trans S/H>                        MATCHES	<G(9:'AA'1077)-A(11:'AA'1080) cis -/->
	<G(0:)-C(10:) cis W/W>                         MATCHES	<U(8:'AA'1076)-A(12:'AA'1081) cis W/W>
#  Matched base-stacking interactions: 

>>>>>>>>>>   ALIGNMENT ENDS   >>>>>>>>>>

<<<<<<<<<<  ALIGNMENT BEGINS  <<<<<<<<<<

#  Aligning reverse-kturn_conseusns and 4v7v_AA:887-896_899-905:
#  Alignment score:  13.6
#  P-value:  1.000e+00
#  Query aligned region: 0-1,9-10
#  Target aligned region: 8:'AA'897-9:'AA'898,10:'AA'901-11:'AA'902

	GG...AC
	CG...AG

#  Matched base-pairing interactions: 
	<G(1:)-A(9:) trans S/H>                        MATCHES	<G(9:'AA'898)-A(10:'AA'901) cis -/->
	<G(0:)-C(10:) cis W/W>                         MATCHES	<C(8:'AA'897)-G(11:'AA'902) cis W/W>
#  Matched base-stacking interactions: 

>>>>>>>>>>   ALIGNMENT ENDS   >>>>>>>>>>

<<<<<<<<<<  ALIGNMENT BEGINS  <<<<<<<<<<

#  Aligning reverse-kturn_conseusns and 4v7v_AA:1302-1307_1265-1266_1324-1330:
#  Alignment score:  12.7
#  P-value:  1.000e+00
#  Query aligned region: 0-2,8-10
#  Target aligned region: 4:'AA'1308-4:'AA'1308,6:'AA'1267-7:'AA'1268,8:'AA'1326-11:'AA'1329

	G~GA...AA-C
	U~CG...UCCA

#  Matched base-pairing interactions: 
	<A(2:)-A(8:) trans H/H>                        MATCHES	<G(7:'AA'1268)-U(8:'AA'1326) cis S/S>
	<G(0:)-C(10:) cis W/W>                         MATCHES	<U(4:'AA'1308)-A(11:'AA'1329) cis W/W>
	<G(1:)-A(9:) trans S/H>                        MATCHES	<C(6:'AA'1267)-C(9:'AA'1327) cis -/->
#  Matched base-stacking interactions: 

>>>>>>>>>>   ALIGNMENT ENDS   >>>>>>>>>>

<<<<<<<<<<  ALIGNMENT BEGINS  <<<<<<<<<<

#  Aligning reverse-kturn_conseusns and 4v7v_AA:73-93:
#  Alignment score:  12.6
#  P-value:  1.000e+00
#  Query aligned region: 0-2,8-10
#  Target aligned region: 0:'AA'75-20:'AA'95

	GGA...A--A-C
	GGA...CUUUGC

#  Matched base-pairing interactions: 
	<G(0:)-C(10:) cis W/W>                         MATCHES	<G(0:'AA'75)-C(20:'AA'95) cis W/W>
	<G(1:)-A(9:) trans S/H>                        MATCHES	<G(1:'AA'76)-U(18:'AA'93) cis W/W>
	<A(2:)-A(8:) trans H/H>                        MATCHES	<A(2:'AA'77)-C(15:'AA'90) trans H/H>
#  Matched base-stacking interactions: 

>>>>>>>>>>   ALIGNMENT ENDS   >>>>>>>>>>

<<<<<<<<<<  ALIGNMENT BEGINS  <<<<<<<<<<

#  Aligning reverse-kturn_conseusns and 4v7v_AA:66-73_91-100:
#  Alignment score:  12.6
#  P-value:  1.000e+00
#  Query aligned region: 0-1,9-10
#  Target aligned region: 0:'AA'68-1:'AA'69,15:'AA'100-16:'AA'101

	GG...AC
	GG...GA

#  Matched base-pairing interactions: 
	<G(1:)-A(9:) trans S/H>                        MATCHES	<G(1:'AA'69)-G(15:'AA'100) trans S/H>
	<G(0:)-C(10:) cis W/W>                         MATCHES	<G(0:'AA'68)-A(16:'AA'101) cis W/W>
#  Matched base-stacking interactions: 

>>>>>>>>>>   ALIGNMENT ENDS   >>>>>>>>>>

<<<<<<<<<<  ALIGNMENT BEGINS  <<<<<<<<<<

#  Aligning reverse-kturn_conseusns and 4v7v_AA:1358-1360_1313-1317_975-982:
#  Alignment score:  12.6
#  P-value:  1.000e+00
#  Query aligned region: 1-1,9-9
#  Target aligned region: 8:'AA'977-11:'AA'980

	G...A
	A...C

#  Matched base-pairing interactions: 
	<G(1:)-A(9:) trans S/H>                        MATCHES	<A(8:'AA'977)-C(11:'AA'980) trans S/H>
#  Matched base-stacking interactions: 

>>>>>>>>>>   ALIGNMENT ENDS   >>>>>>>>>>

<<<<<<<<<<  ALIGNMENT BEGINS  <<<<<<<<<<

#  Aligning reverse-kturn_conseusns and 4v7v_AA:779-786_793-800_693-695:
#  Alignment score:  11.8
#  P-value:  1.000e+00
#  Query aligned region: 0-1,9-10
#  Target aligned region: 5:'AA'786-6:'AA'787,8:'AA'795-9:'AA'796

	GG...AC
	GA...CC

#  Matched base-pairing interactions: 
	<G(1:)-A(9:) trans S/H>                        MATCHES	<A(6:'AA'787)-C(8:'AA'795) cis W/H>
	<G(0:)-C(10:) cis W/W>                         MATCHES	<G(5:'AA'786)-C(9:'AA'796) cis W/W>
#  Matched base-stacking interactions: 

>>>>>>>>>>   ALIGNMENT ENDS   >>>>>>>>>>

<<<<<<<<<<  ALIGNMENT BEGINS  <<<<<<<<<<

#  Aligning reverse-kturn_conseusns and 4v7v_AA:408-417_422-429:
#  Alignment score:  11.4
#  P-value:  1.000e+00
#  Query aligned region: 2-2,8-8
#  Target aligned region: 5:'AA'415-5:'AA'415,14:'AA'428-14:'AA'428

	A...A
	A...G

#  Matched base-pairing interactions: 
	<A(2:)-A(8:) trans H/H>                        MATCHES	<A(5:'AA'415)-G(14:'AA'428) trans H/H>
#  Matched base-stacking interactions: 

>>>>>>>>>>   ALIGNMENT ENDS   >>>>>>>>>>

<<<<<<<<<<  ALIGNMENT BEGINS  <<<<<<<<<<

#  Aligning reverse-kturn_conseusns and 4v7v_AA:1344-1353_1248-1249_1366-1372:
#  Alignment score:  10.7
#  P-value:  1.000e+00
#  Query aligned region: 0-2,8-10
#  Target aligned region: 4:'AA'1350-4:'AA'1350,10:'AA'1250-11:'AA'1251,13:'AA'1369-16:'AA'1372

	G~GA...AA-C
	A~AA...CGGU

#  Matched base-pairing interactions: 
	<A(2:)-A(8:) trans H/H>                        MATCHES	<A(11:'AA'1251)-C(13:'AA'1369) cis -/->
	<G(0:)-C(10:) cis W/W>                         MATCHES	<A(4:'AA'1350)-U(16:'AA'1372) cis W/W>
	<G(1:)-A(9:) trans S/H>                        MATCHES	<A(10:'AA'1250)-G(14:'AA'1370) cis -/->
#  Matched base-stacking interactions: 

>>>>>>>>>>   ALIGNMENT ENDS   >>>>>>>>>>

<<<<<<<<<<  ALIGNMENT BEGINS  <<<<<<<<<<

#  Aligning reverse-kturn_conseusns and 4v7v_AA:479-486_444-448:
#  Alignment score:  10.4
#  P-value:  1.000e+00
#  Query aligned region: 0-1,9-10
#  Target aligned region: 2:'AA'483-3:'AA'484,11:'AA'449-12:'AA'450

	GG...AC
	CG...GG

#  Matched base-pairing interactions: 
	<G(1:)-A(9:) trans S/H>                        MATCHES	<G(3:'AA'484)-G(11:'AA'449) trans W/W>
	<G(0:)-C(10:) cis W/W>                         MATCHES	<C(2:'AA'483)-G(12:'AA'450) cis W/W>
#  Matched base-stacking interactions: 

>>>>>>>>>>   ALIGNMENT ENDS   >>>>>>>>>>

<<<<<<<<<<  ALIGNMENT BEGINS  <<<<<<<<<<

#  Aligning reverse-kturn_conseusns and 4v7v_AA:391-392_358-365_44-50:
#  Alignment score:  10
#  P-value:  1.000e+00
#  Query aligned region: 0-1,9-10
#  Target aligned region: 0:'AA'393-1:'AA'394,8:'AA'366-9:'AA'367

	GG...AC
	AG...AU

#  Matched base-pairing interactions: 
	<G(1:)-A(9:) trans S/H>                        MATCHES	<G(1:'AA'394)-A(8:'AA'366) cis W/S>
	<G(0:)-C(10:) cis W/W>                         MATCHES	<A(0:'AA'393)-U(9:'AA'367) cis W/W>
#  Matched base-stacking interactions: 

>>>>>>>>>>   ALIGNMENT ENDS   >>>>>>>>>>

<<<<<<<<<<  ALIGNMENT BEGINS  <<<<<<<<<<

#  Aligning reverse-kturn_conseusns and 4v7v_AA:358-365_44-50_391-392:
#  Alignment score:  10
#  P-value:  1.000e+00
#  Query aligned region: 0-1,9-10
#  Target aligned region: 1:'AA'361-4:'AA'364,9:'AA'47-9:'AA'47

	GG...A~C
	GG...A~C

#  Matched base-pairing interactions: 
	<G(0:)-C(10:) cis W/W>                         MATCHES	<G(1:'AA'361)-C(9:'AA'47) cis W/W>
	<G(1:)-A(9:) trans S/H>                        MATCHES	<G(2:'AA'362)-A(4:'AA'364) trans S/S>
#  Matched base-stacking interactions: 

>>>>>>>>>>   ALIGNMENT ENDS   >>>>>>>>>>

<<<<<<<<<<  ALIGNMENT BEGINS  <<<<<<<<<<

#  Aligning reverse-kturn_conseusns and 4v7v_AA:649-656_746-752:
#  Alignment score:  9.8
#  P-value:  1.000e+00
#  Query aligned region: 3-3,4-4
#  Target aligned region: 7:'AA'658-7:'AA'658,8:'AA'748-8:'AA'748

	G...C
	C...G

#  Matched base-pairing interactions: 
	<G(3:)-C(4:) cis W/W>                          MATCHES	<C(7:'AA'658)-G(8:'AA'748) cis W/W>
#  Matched base-stacking interactions: 

>>>>>>>>>>   ALIGNMENT ENDS   >>>>>>>>>>

<<<<<<<<<<  ALIGNMENT BEGINS  <<<<<<<<<<

#  Aligning reverse-kturn_conseusns and 4v7v_AA:1331-1338_1232-1236_941-944:
#  Alignment score:  9.8
#  P-value:  1.000e+00
#  Query aligned region: 3-3,4-4
#  Target aligned region: 7:'AA'1340-7:'AA'1340,13:'AA'943-13:'AA'943

	G...C
	A...U

#  Matched base-pairing interactions: 
	<G(3:)-C(4:) cis W/W>                          MATCHES	<A(7:'AA'1340)-U(13:'AA'943) cis W/W>
#  Matched base-stacking interactions: 

>>>>>>>>>>   ALIGNMENT ENDS   >>>>>>>>>>

<<<<<<<<<<  ALIGNMENT BEGINS  <<<<<<<<<<

#  Aligning reverse-kturn_conseusns and 4v7v_AA:240-247_273-281:
#  Alignment score:  9.8
#  P-value:  1.000e+00
#  Query aligned region: 3-3,4-4
#  Target aligned region: 7:'AA'249-7:'AA'249,8:'AA'275-8:'AA'275

	G...C
	U...G

#  Matched base-pairing interactions: 
	<G(3:)-C(4:) cis W/W>                          MATCHES	<U(7:'AA'249)-G(8:'AA'275) cis W/W>
#  Matched base-stacking interactions: 

>>>>>>>>>>   ALIGNMENT ENDS   >>>>>>>>>>

<<<<<<<<<<  ALIGNMENT BEGINS  <<<<<<<<<<

#  Aligning reverse-kturn_conseusns and 4v7v_AA:91-100_66-73:
#  Alignment score:  9.4
#  P-value:  1.000e+00
#  Query aligned region: 0-1,9-10
#  Target aligned region: 4:'AA'97-5:'AA'98,14:'AA'72-15:'AA'73

	GG...AC
	GA...AC

#  Matched base-pairing interactions: 
	<G(1:)-A(9:) trans S/H>                        MATCHES	<A(5:'AA'98)-A(14:'AA'72) cis S/W>
	<G(0:)-C(10:) cis W/W>                         MATCHES	<G(4:'AA'97)-C(15:'AA'73) cis W/W>
#  Matched base-stacking interactions: 

>>>>>>>>>>   ALIGNMENT ENDS   >>>>>>>>>>

<<<<<<<<<<  ALIGNMENT BEGINS  <<<<<<<<<<

#  Aligning reverse-kturn_conseusns and 4v7v_AA:49-57_110-111_350-355:
#  Alignment score:  8.6
#  P-value:  1.000e+00
#  Query aligned region: 0-1,9-10
#  Target aligned region: 7:'AA'58-7:'AA'58,10:'AA'113-10:'AA'113,12:'AA'353-13:'AA'354

	G~G...AC
	C~G...AG

#  Matched base-pairing interactions: 
	<G(0:)-C(10:) cis W/W>                         MATCHES	<C(7:'AA'58)-G(13:'AA'354) cis W/W>
	<G(1:)-A(9:) trans S/H>                        MATCHES	<G(10:'AA'113)-A(12:'AA'353) cis S/S>
#  Matched base-stacking interactions: 

>>>>>>>>>>   ALIGNMENT ENDS   >>>>>>>>>>

<<<<<<<<<<  ALIGNMENT BEGINS  <<<<<<<<<<

#  Aligning reverse-kturn_conseusns and 4v7v_AA:1229-1231_961-970_947-949:
#  Alignment score:  8.2
#  P-value:  1.000e+00
#  Query aligned region: 3-3,4-4
#  Target aligned region: 3:'AA'963-12:'AA'972

	G...C
	G...C

#  Matched base-pairing interactions: 
	<G(3:)-C(4:) cis W/W>                          MATCHES	<G(3:'AA'963)-C(12:'AA'972) cis W/W>
#  Matched base-stacking interactions: 

>>>>>>>>>>   ALIGNMENT ENDS   >>>>>>>>>>

<<<<<<<<<<  ALIGNMENT BEGINS  <<<<<<<<<<

#  Aligning reverse-kturn_conseusns and 4v7v_AA:1193-1203_1050-1059:
#  Alignment score:  8.2
#  P-value:  1.000e+00
#  Query aligned region: 3-3,4-4
#  Target aligned region: 2:'AA'1197-2:'AA'1197,19:'AA'1060-19:'AA'1060

	G...C
	A...U

#  Matched base-pairing interactions: 
	<G(3:)-C(4:) cis W/W>                          MATCHES	<A(2:'AA'1197)-U(19:'AA'1060) cis W/W>
#  Matched base-stacking interactions: 

>>>>>>>>>>   ALIGNMENT ENDS   >>>>>>>>>>

<<<<<<<<<<  ALIGNMENT BEGINS  <<<<<<<<<<

#  Aligning reverse-kturn_conseusns and 4v7v_AA:1273-1281_1123-1124_1253-1259:
#  Alignment score:  7.4
#  P-value:  1.000e+00
#  Query aligned region: 2-3,4-8
#  Target aligned region: 4:'AA'1279-5:'AA'1280,9:'AA'1125-9:'AA'1125,12:'AA'1256-12:'AA'1256

	AG...C~A
	GA...U~A

#  Matched base-pairing interactions: 
	<G(3:)-C(4:) cis W/W>                          MATCHES	<A(5:'AA'1280)-U(9:'AA'1125) cis H/W>
	<A(2:)-A(8:) trans H/H>                        MATCHES	<G(4:'AA'1279)-A(12:'AA'1256) trans H/H>
#  Matched base-stacking interactions: 

>>>>>>>>>>   ALIGNMENT ENDS   >>>>>>>>>>

<<<<<<<<<<  ALIGNMENT BEGINS  <<<<<<<<<<

#  Aligning reverse-kturn_conseusns and 4v7v_AA:1358-1361_974-976:
#  Alignment score:  2.5
#  P-value:  1.000e+00
#  Query aligned region: 
#  Target aligned region: 

	
	

#  Matched base-pairing interactions: 
#  Matched base-stacking interactions: 

>>>>>>>>>>   ALIGNMENT ENDS   >>>>>>>>>>

<<<<<<<<<<  ALIGNMENT BEGINS  <<<<<<<<<<

#  Aligning reverse-kturn_conseusns and 4v7v_AA:974-976_1358-1361:
#  Alignment score:  2.2
#  P-value:  1.000e+00
#  Query aligned region: 
#  Target aligned region: 

	
	

#  Matched base-pairing interactions: 
#  Matched base-stacking interactions: 

>>>>>>>>>>   ALIGNMENT ENDS   >>>>>>>>>>

