$ /home/s081p868/scratch/RNAMotifScanX-release/bin/scan /home/s081p868/scratch/RNAMotifScanX-release/models/reverse-kturn_consensus.struct /rfs/poseidon_share/s081p868/RNAMotifScanX_nr/rmsx_work_default/4v4q/DA/4v4q_DA.rmsx.in --map_pdb=/rfs/poseidon_share/s081p868/RNAMotifScanX_nr/rmsx_work_default/4v4q/DA/4v4q_DA.rmsx.nch --pvalue 1.0 --num_threads 16 --write_alignment
<<<<<<<<<<  ALIGNMENT BEGINS  <<<<<<<<<<

#  Aligning reverse-kturn_conseusns and 4v4q_DA:93-98_76-82:
#  Alignment score:  38
#  P-value:  7.675e-02
#  Query aligned region: 0-2,8-10
#  Target aligned region: 3:'DA'97-5:'DA'99,6:'DA'77-8:'DA'79

	GGA...AAC
	CGA...UAG

#  Matched base-pairing interactions: 
	<A(2:)-A(8:) trans H/H>                        MATCHES	<A(5:'DA'99)-U(6:'DA'77) trans H/W>
	<G(1:)-A(9:) trans S/H>                        MATCHES	<G(4:'DA'98)-A(7:'DA'78) trans S/H>
	<G(0:)-C(10:) cis W/W>                         MATCHES	<C(3:'DA'97)-G(8:'DA'79) cis W/W>
#  Matched base-stacking interactions: 

>>>>>>>>>>   ALIGNMENT ENDS   >>>>>>>>>>

<<<<<<<<<<  ALIGNMENT BEGINS  <<<<<<<<<<

#  Aligning reverse-kturn_conseusns and 4v4q_DA:70-77_98-104:
#  Alignment score:  38
#  P-value:  7.675e-02
#  Query aligned region: 0-2,8-10
#  Target aligned region: 0:'DA'71-2:'DA'73,12:'DA'103-14:'DA'105

	GGA...AAC
	CGA...UAG

#  Matched base-pairing interactions: 
	<A(2:)-A(8:) trans H/H>                        MATCHES	<A(2:'DA'73)-U(12:'DA'103) trans H/W>
	<G(1:)-A(9:) trans S/H>                        MATCHES	<G(1:'DA'72)-A(13:'DA'104) trans S/H>
	<G(0:)-C(10:) cis W/W>                         MATCHES	<C(0:'DA'71)-G(14:'DA'105) cis W/W>
#  Matched base-stacking interactions: 

>>>>>>>>>>   ALIGNMENT ENDS   >>>>>>>>>>

<<<<<<<<<<  ALIGNMENT BEGINS  <<<<<<<<<<

#  Aligning reverse-kturn_conseusns and 4v4q_DA:67-69_10-13_14-15:
#  Alignment score:  32
#  P-value:  1.369e-01
#  Query aligned region: 0-1,9-10
#  Target aligned region: 0:'DA'68-0:'DA'68,4:'DA'12-4:'DA'12,7:'DA'15-8:'DA'16

	G~G...AC
	C~C...AG

#  Matched base-pairing interactions: 
	<G(0:)-C(10:) cis W/W>                         MATCHES	<C(0:'DA'68)-G(8:'DA'16) cis W/W>
	<G(1:)-A(9:) trans S/H>                        MATCHES	<C(4:'DA'12)-A(7:'DA'15) trans S/H>
#  Matched base-stacking interactions: 

>>>>>>>>>>   ALIGNMENT ENDS   >>>>>>>>>>

<<<<<<<<<<  ALIGNMENT BEGINS  <<<<<<<<<<

#  Aligning reverse-kturn_conseusns and 4v4q_DA:37-46:
#  Alignment score:  21.2
#  P-value:  8.732e-01
#  Query aligned region: 0-1,9-10
#  Target aligned region: 1:'DA'39-8:'DA'46

	GG...AC
	AU...AA

#  Matched base-pairing interactions: 
	<G(1:)-A(9:) trans S/H>                        MATCHES	<U(2:'DA'40)-A(7:'DA'45) trans S/H>
	<G(0:)-C(10:) cis W/W>                         MATCHES	<A(1:'DA'39)-A(8:'DA'46) cis -/->
#  Matched base-stacking interactions: 

>>>>>>>>>>   ALIGNMENT ENDS   >>>>>>>>>>

<<<<<<<<<<  ALIGNMENT BEGINS  <<<<<<<<<<

#  Aligning reverse-kturn_conseusns and 4v4q_DA:14-15_10-13_67-69:
#  Alignment score:  2.3
#  P-value:  1.000e+00
#  Query aligned region: 
#  Target aligned region: 

	
	

#  Matched base-pairing interactions: 
#  Matched base-stacking interactions: 

>>>>>>>>>>   ALIGNMENT ENDS   >>>>>>>>>>

