$ /home/s081p868/scratch/RNAMotifScanX-release/bin/scan /home/s081p868/scratch/RNAMotifScanX-release/models/k-turn_consensus.struct /rfs/poseidon_share/s081p868/RNAMotifScanX_nr/rmsx_work_default/4v50/DA/4v50_DA.rmsx.in --map_pdb=/rfs/poseidon_share/s081p868/RNAMotifScanX_nr/rmsx_work_default/4v50/DA/4v50_DA.rmsx.nch --pvalue 1.0 --num_threads 16 --write_alignment
<<<<<<<<<<  ALIGNMENT BEGINS  <<<<<<<<<<

#  Aligning k-turn_consensus and 4v50_DA:97-105_70-77:
#  Alignment score:  23.8
#  P-value:  1.000e+00
#  Query aligned region: 1-1,11-11
#  Target aligned region: 0:'DA'98-0:'DA'98,16:'DA'78-16:'DA'78

	G...A
	G...A

#  Matched base-pairing interactions: 
	<G(1:)-A(11:) trans S/H>                       MATCHES	<G(0:'DA'98)-A(16:'DA'78) trans S/H>
#  Matched base-stacking interactions: 

>>>>>>>>>>   ALIGNMENT ENDS   >>>>>>>>>>

<<<<<<<<<<  ALIGNMENT BEGINS  <<<<<<<<<<

#  Aligning k-turn_consensus and 4v50_DA:36-47:
#  Alignment score:  22.2
#  P-value:  1.000e+00
#  Query aligned region: 0-1,11-12
#  Target aligned region: 2:'DA'39-9:'DA'46

	GG...AC
	AU...AA

#  Matched base-pairing interactions: 
	<G(1:)-A(11:) trans S/H>                       MATCHES	<U(3:'DA'40)-A(8:'DA'45) trans S/H>
	<G(0:)-C(12:) cis W/W>                         MATCHES	<A(2:'DA'39)-A(9:'DA'46) cis -/->
#  Matched base-stacking interactions: 

>>>>>>>>>>   ALIGNMENT ENDS   >>>>>>>>>>

<<<<<<<<<<  ALIGNMENT BEGINS  <<<<<<<<<<

#  Aligning k-turn_consensus and 4v50_DA:99-106_12-15_68-75:
#  Alignment score:  18
#  P-value:  1.000e+00
#  Query aligned region: 0-4,5-12
#  Target aligned region: 4:'DA'104-6:'DA'106,8:'DA'13-11:'DA'16,12:'DA'69-15:'DA'72

	GGG~AG...CG~GAAC
	AGG~GU...AG~GCCG

#  Matched base-pairing interactions: 
	<G(4:)-C(5:) cis W/W>                          MATCHES	<U(9:'DA'14)-A(10:'DA'15) cis S/W>
	<A(3:)-G(6:) trans S/S>                        MATCHES	<G(8:'DA'13)-G(11:'DA'16) trans S/S>
	<G(2:)-A(10:) trans S/H>                       MATCHES	<G(6:'DA'106)-C(13:'DA'70) cis W/W>
	<A(3:)-G(9:) trans H/S>                        MATCHES	<G(8:'DA'13)-G(12:'DA'69) trans S/S>
	<G(4:)-A(10:) trans S/S>                       MATCHES	<U(9:'DA'14)-C(13:'DA'70) cis S/S>
	<G(1:)-A(11:) trans S/H>                       MATCHES	<G(5:'DA'105)-C(14:'DA'71) cis W/W>
	<G(0:)-C(12:) cis W/W>                         MATCHES	<A(4:'DA'104)-G(15:'DA'72) trans H/S>
#  Matched base-stacking interactions: 

>>>>>>>>>>   ALIGNMENT ENDS   >>>>>>>>>>

<<<<<<<<<<  ALIGNMENT BEGINS  <<<<<<<<<<

#  Aligning k-turn_consensus and 4v50_DA:63-70_8-19_104-111:
#  Alignment score:  15.6
#  P-value:  1.000e+00
#  Query aligned region: 3-3,6-9
#  Target aligned region: 5:'DA'69-5:'DA'69,12:'DA'13-12:'DA'13,22:'DA'107-22:'DA'107

	A...G~G
	G...G~G

#  Matched base-pairing interactions: 
	<A(3:)-G(6:) trans S/S>                        MATCHES	<G(5:'DA'69)-G(12:'DA'13) trans S/S>
	<A(3:)-G(9:) trans H/S>                        MATCHES	<G(5:'DA'69)-G(22:'DA'107) trans H/S>
#  Matched base-stacking interactions: 

>>>>>>>>>>   ALIGNMENT ENDS   >>>>>>>>>>

<<<<<<<<<<  ALIGNMENT BEGINS  <<<<<<<<<<

#  Aligning k-turn_consensus and 4v50_DA:8-19_63-70_104-111:
#  Alignment score:  14.2
#  P-value:  1.000e+00
#  Query aligned region: 0-1,11-12
#  Target aligned region: 1:'DA'10-2:'DA'11,24:'DA'109-25:'DA'110

	GG...AC
	GC...AC

#  Matched base-pairing interactions: 
	<G(1:)-A(11:) trans S/H>                       MATCHES	<C(2:'DA'11)-A(24:'DA'109) cis W/W>
	<G(0:)-C(12:) cis W/W>                         MATCHES	<G(1:'DA'10)-C(25:'DA'110) cis W/W>
#  Matched base-stacking interactions: 

>>>>>>>>>>   ALIGNMENT ENDS   >>>>>>>>>>

<<<<<<<<<<  ALIGNMENT BEGINS  <<<<<<<<<<

#  Aligning k-turn_consensus and 4v50_DA:49-56_23-32:
#  Alignment score:  12.4
#  P-value:  1.000e+00
#  Query aligned region: 0-1,11-12
#  Target aligned region: 6:'DA'56-6:'DA'56,8:'DA'24-12:'DA'28

	G~G...AC
	G~G...CC

#  Matched base-pairing interactions: 
	<G(0:)-C(12:) cis W/W>                         MATCHES	<G(6:'DA'56)-C(12:'DA'28) cis W/W>
	<G(1:)-A(11:) trans S/H>                       MATCHES	<G(8:'DA'24)-C(11:'DA'27) trans S/W>
#  Matched base-stacking interactions: 

>>>>>>>>>>   ALIGNMENT ENDS   >>>>>>>>>>

<<<<<<<<<<  ALIGNMENT BEGINS  <<<<<<<<<<

#  Aligning k-turn_consensus and 4v50_DA:23-32_49-56:
#  Alignment score:  11.8
#  P-value:  1.000e+00
#  Query aligned region: 0-1,11-12
#  Target aligned region: 6:'DA'30-7:'DA'31,13:'DA'53-14:'DA'54

	GG...AC
	CC...AG

#  Matched base-pairing interactions: 
	<G(1:)-A(11:) trans S/H>                       MATCHES	<C(7:'DA'31)-A(13:'DA'53) cis S/W>
	<G(0:)-C(12:) cis W/W>                         MATCHES	<C(6:'DA'30)-G(14:'DA'54) cis W/W>
#  Matched base-stacking interactions: 

>>>>>>>>>>   ALIGNMENT ENDS   >>>>>>>>>>

<<<<<<<<<<  ALIGNMENT BEGINS  <<<<<<<<<<

#  Aligning k-turn_consensus and 4v50_DA:74-82_93-101:
#  Alignment score:  10.6
#  P-value:  1.000e+00
#  Query aligned region: 0-0,12-12
#  Target aligned region: 4:'DA'79-4:'DA'79,12:'DA'97-12:'DA'97

	G...C
	G...C

#  Matched base-pairing interactions: 
	<G(0:)-C(12:) cis W/W>                         MATCHES	<G(4:'DA'79)-C(12:'DA'97) cis W/W>
#  Matched base-stacking interactions: 

>>>>>>>>>>   ALIGNMENT ENDS   >>>>>>>>>>

<<<<<<<<<<  ALIGNMENT BEGINS  <<<<<<<<<<

#  Aligning k-turn_consensus and 4v50_DA:22-26_58-60:
#  Alignment score:  2.6
#  P-value:  1.000e+00
#  Query aligned region: 
#  Target aligned region: 

	
	

#  Matched base-pairing interactions: 
#  Matched base-stacking interactions: 

>>>>>>>>>>   ALIGNMENT ENDS   >>>>>>>>>>

<<<<<<<<<<  ALIGNMENT BEGINS  <<<<<<<<<<

#  Aligning k-turn_consensus and 4v50_DA:58-60_22-26:
#  Alignment score:  2.5
#  P-value:  1.000e+00
#  Query aligned region: 
#  Target aligned region: 

	
	

#  Matched base-pairing interactions: 
#  Matched base-stacking interactions: 

>>>>>>>>>>   ALIGNMENT ENDS   >>>>>>>>>>

