$ /home/s081p868/scratch/RNAMotifScanX-release/bin/scan /home/s081p868/scratch/RNAMotifScanX-release/models/e-loop_consensus.struct /rfs/poseidon_share/s081p868/RNAMotifScanX_nr/rmsx_work_default/3bwp/A/3bwp_A.rmsx.in --map_pdb=/rfs/poseidon_share/s081p868/RNAMotifScanX_nr/rmsx_work_default/3bwp/A/3bwp_A.rmsx.nch --pvalue 1.0 --num_threads 8 --write_alignment
<<<<<<<<<<  ALIGNMENT BEGINS  <<<<<<<<<<

#  Aligning Eloop_consensus and 3bwp_A:39-42_64-65_24-27:
#  Alignment score:  51.2
#  P-value:  1.916e-02
#  Query aligned region: 0-2,3-5
#  Target aligned region: 1:A41-3:A43,4:A65-4:A65,7:A26-8:A27

	GAG...G~UA
	GAA...U~UA

#  Matched base-pairing interactions: 
	<A(1:)-U(4:) trans H/W>                        MATCHES	<A(2:A42)-U(7:A26) trans H/W>
	<G(2:)-G(3:) trans H/S>                        MATCHES	<A(3:A43)-U(4:A65) cis W/W>
	<G(0:)-A(5:) trans S/H>                        MATCHES	<G(1:A41)-A(8:A27) trans S/H>
#  Matched base-stacking interactions: 

>>>>>>>>>>   ALIGNMENT ENDS   >>>>>>>>>>

<<<<<<<<<<  ALIGNMENT BEGINS  <<<<<<<<<<

#  Aligning Eloop_consensus and 3bwp_A:196-198_45-48_58-62:
#  Alignment score:  48.6
#  P-value:  2.167e-02
#  Query aligned region: 0-1,4-5
#  Target aligned region: 5:A48-6:A49,7:A59-8:A60

	GA...UA
	GA...UA

#  Matched base-pairing interactions: 
	<A(1:)-U(4:) trans H/W>                        MATCHES	<A(6:A49)-U(7:A59) trans H/W>
	<G(0:)-A(5:) trans S/H>                        MATCHES	<G(5:A48)-A(8:A60) trans S/H>
#  Matched base-stacking interactions: 

>>>>>>>>>>   ALIGNMENT ENDS   >>>>>>>>>>

<<<<<<<<<<  ALIGNMENT BEGINS  <<<<<<<<<<

#  Aligning Eloop_consensus and 3bwp_A:112-116_70-73:
#  Alignment score:  39.6
#  P-value:  3.559e-02
#  Query aligned region: 0-2,3-5
#  Target aligned region: 1:A114-3:A116,5:A71-7:A73

	GAG...GUA
	GAC...UAA

#  Matched base-pairing interactions: 
	<G(2:)-G(3:) trans H/S>                        MATCHES	<C(3:A116)-U(5:A71) trans H/S>
	<A(1:)-U(4:) trans H/W>                        MATCHES	<A(2:A115)-A(6:A72) cis -/->
	<G(0:)-A(5:) trans S/H>                        MATCHES	<G(1:A114)-A(7:A73) trans S/H>
#  Matched base-stacking interactions: 

>>>>>>>>>>   ALIGNMENT ENDS   >>>>>>>>>>

<<<<<<<<<<  ALIGNMENT BEGINS  <<<<<<<<<<

#  Aligning Eloop_consensus and 3bwp_A:324-326_356-357_288-291:
#  Alignment score:  37.5
#  P-value:  4.077e-02
#  Query aligned region: 0-1,4-5
#  Target aligned region: 0:A325-0:A325,4:A358-4:A358,5:A289-8:A292

	G~A...U--A
	G~C...CAGA

#  Matched base-pairing interactions: 
	<G(0:)-A(5:) trans S/H>                        MATCHES	<G(0:A325)-A(8:A292) trans S/H>
	<A(1:)-U(4:) trans H/W>                        MATCHES	<C(4:A358)-C(5:A289) trans H/W>
#  Matched base-stacking interactions: 

>>>>>>>>>>   ALIGNMENT ENDS   >>>>>>>>>>

<<<<<<<<<<  ALIGNMENT BEGINS  <<<<<<<<<<

#  Aligning Eloop_consensus and 3bwp_A:119-122_242-246_64-67:
#  Alignment score:  34.4
#  P-value:  5.076e-02
#  Query aligned region: 0-2,3-5
#  Target aligned region: 0:A120-2:A122,5:A244-5:A244,10:A66-11:A67

	GAG...G~UA
	AAA...G~UA

#  Matched base-pairing interactions: 
	<A(1:)-U(4:) trans H/W>                        MATCHES	<A(1:A121)-U(10:A66) trans W/W>
	<G(2:)-G(3:) trans H/S>                        MATCHES	<A(2:A122)-G(5:A244) trans H/S>
	<G(0:)-A(5:) trans S/H>                        MATCHES	<A(0:A120)-A(11:A67) trans S/H>
#  Matched base-stacking interactions: 

>>>>>>>>>>   ALIGNMENT ENDS   >>>>>>>>>>

<<<<<<<<<<  ALIGNMENT BEGINS  <<<<<<<<<<

#  Aligning Eloop_consensus and 3bwp_A:324-326_356-358_287-290:
#  Alignment score:  31.8
#  P-value:  6.228e-02
#  Query aligned region: 0-2,3-5
#  Target aligned region: 2:A327-2:A327,4:A358-5:A359,6:A288-8:A290

	G~AG...GUA
	A~CG...GCA

#  Matched base-pairing interactions: 
	<G(2:)-G(3:) trans H/S>                        MATCHES	<G(5:A359)-G(6:A288) trans H/W>
	<G(0:)-A(5:) trans S/H>                        MATCHES	<A(2:A327)-A(8:A290) cis -/->
	<A(1:)-U(4:) trans H/W>                        MATCHES	<C(4:A358)-C(7:A289) trans H/W>
#  Matched base-stacking interactions: 

>>>>>>>>>>   ALIGNMENT ENDS   >>>>>>>>>>

<<<<<<<<<<  ALIGNMENT BEGINS  <<<<<<<<<<

#  Aligning Eloop_consensus and 3bwp_A:266-269_282-285:
#  Alignment score:  31.4
#  P-value:  6.440e-02
#  Query aligned region: 0-2,3-5
#  Target aligned region: 0:A267-2:A269,5:A284-7:A286

	GAG...GUA
	GAG...GUC

#  Matched base-pairing interactions: 
	<G(2:)-G(3:) trans H/S>                        MATCHES	<G(2:A269)-G(5:A284) trans H/S>
	<A(1:)-U(4:) trans H/W>                        MATCHES	<A(1:A268)-U(6:A285) trans W/W>
	<G(0:)-A(5:) trans S/H>                        MATCHES	<G(0:A267)-C(7:A286) cis W/W>
#  Matched base-stacking interactions: 

>>>>>>>>>>   ALIGNMENT ENDS   >>>>>>>>>>

<<<<<<<<<<  ALIGNMENT BEGINS  <<<<<<<<<<

#  Aligning Eloop_consensus and 3bwp_A:289-292_323-326:
#  Alignment score:  31
#  P-value:  6.662e-02
#  Query aligned region: 0-2,3-5
#  Target aligned region: 1:A291-3:A293,4:A324-6:A326

	GAG...GUA
	GAA...GGA

#  Matched base-pairing interactions: 
	<G(2:)-G(3:) trans H/S>                        MATCHES	<A(3:A293)-G(4:A324) cis -/->
	<A(1:)-U(4:) trans H/W>                        MATCHES	<A(2:A292)-G(5:A325) trans H/S>
	<G(0:)-A(5:) trans S/H>                        MATCHES	<G(1:A291)-A(6:A326) trans S/H>
#  Matched base-stacking interactions: 

>>>>>>>>>>   ALIGNMENT ENDS   >>>>>>>>>>

<<<<<<<<<<  ALIGNMENT BEGINS  <<<<<<<<<<

#  Aligning Eloop_consensus and 3bwp_A:235-237_171-174_189-193:
#  Alignment score:  27.6
#  P-value:  9.125e-02
#  Query aligned region: 0-2,3-5
#  Target aligned region: 4:A173-6:A175,7:A190-9:A192

	GAG...GUA
	GAG...CAA

#  Matched base-pairing interactions: 
	<G(2:)-G(3:) trans H/S>                        MATCHES	<G(6:A175)-C(7:A190) cis W/W>
	<A(1:)-U(4:) trans H/W>                        MATCHES	<A(5:A174)-A(8:A191) trans H/S>
	<G(0:)-A(5:) trans S/H>                        MATCHES	<G(4:A173)-A(9:A192) trans S/H>
#  Matched base-stacking interactions: 

>>>>>>>>>>   ALIGNMENT ENDS   >>>>>>>>>>

<<<<<<<<<<  ALIGNMENT BEGINS  <<<<<<<<<<

#  Aligning Eloop_consensus and 3bwp_A:33-37_244-246_29-31:
#  Alignment score:  27.2
#  P-value:  9.503e-02
#  Query aligned region: 0-2,3-5
#  Target aligned region: 0:A34-2:A36,6:A246-6:A246,9:A31-10:A32

	GAG...G~UA
	GAG...A~UG

#  Matched base-pairing interactions: 
	<A(1:)-U(4:) trans H/W>                        MATCHES	<A(1:A35)-U(9:A31) trans H/W>
	<G(2:)-G(3:) trans H/S>                        MATCHES	<G(2:A36)-A(6:A246) cis -/->
	<G(0:)-A(5:) trans S/H>                        MATCHES	<G(0:A34)-G(10:A32) cis -/->
#  Matched base-stacking interactions: 

>>>>>>>>>>   ALIGNMENT ENDS   >>>>>>>>>>

<<<<<<<<<<  ALIGNMENT BEGINS  <<<<<<<<<<

#  Aligning Eloop_consensus and 3bwp_A:102-103_108-110_75-78:
#  Alignment score:  26.6
#  P-value:  1.011e-01
#  Query aligned region: 0-2,3-5
#  Target aligned region: 1:A104-1:A104,2:A109-4:A111,6:A77-7:A78

	G~AG...G~UA
	G~AA...G~AA

#  Matched base-pairing interactions: 
	<A(1:)-U(4:) trans H/W>                        MATCHES	<A(2:A109)-A(6:A77) cis W/S>
	<G(2:)-G(3:) trans H/S>                        MATCHES	<A(3:A110)-G(4:A111) trans S/S>
	<G(0:)-A(5:) trans S/H>                        MATCHES	<G(1:A104)-A(7:A78) trans S/H>
#  Matched base-stacking interactions: 

>>>>>>>>>>   ALIGNMENT ENDS   >>>>>>>>>>

<<<<<<<<<<  ALIGNMENT BEGINS  <<<<<<<<<<

#  Aligning Eloop_consensus and 3bwp_A:107-109_10-13_256-258:
#  Alignment score:  26.4
#  P-value:  1.033e-01
#  Query aligned region: 0-2,3-5
#  Target aligned region: 2:A110-2:A110,4:A12-6:A14,8:A258-9:A259

	G~AG...G~UA
	A~AU...G~UU

#  Matched base-pairing interactions: 
	<G(0:)-A(5:) trans S/H>                        MATCHES	<A(2:A110)-U(9:A259) cis W/W>
	<A(1:)-U(4:) trans H/W>                        MATCHES	<A(4:A12)-U(8:A258) trans H/W>
	<G(2:)-G(3:) trans H/S>                        MATCHES	<U(5:A13)-G(6:A14) cis S/H>
#  Matched base-stacking interactions: 

>>>>>>>>>>   ALIGNMENT ENDS   >>>>>>>>>>

<<<<<<<<<<  ALIGNMENT BEGINS  <<<<<<<<<<

#  Aligning Eloop_consensus and 3bwp_A:272-274_276-279_90-91:
#  Alignment score:  24.6
#  P-value:  1.264e-01
#  Query aligned region: 0-0,5-5
#  Target aligned region: 2:A275-2:A275,4:A278-4:A278

	G...A
	G...A

#  Matched base-pairing interactions: 
	<G(0:)-A(5:) trans S/H>                        MATCHES	<G(2:A275)-A(4:A278) trans S/H>
#  Matched base-stacking interactions: 

>>>>>>>>>>   ALIGNMENT ENDS   >>>>>>>>>>

<<<<<<<<<<  ALIGNMENT BEGINS  <<<<<<<<<<

#  Aligning Eloop_consensus and 3bwp_A:386-387_327-328_353-355:
#  Alignment score:  24.2
#  P-value:  1.326e-01
#  Query aligned region: 0-1,4-5
#  Target aligned region: 1:A388-1:A388,2:A328-2:A328,4:A354-5:A355

	G~A...UA
	G~C...GA

#  Matched base-pairing interactions: 
	<A(1:)-U(4:) trans H/W>                        MATCHES	<C(2:A328)-G(4:A354) cis W/W>
	<G(0:)-A(5:) trans S/H>                        MATCHES	<G(1:A388)-A(5:A355) trans S/H>
#  Matched base-stacking interactions: 

>>>>>>>>>>   ALIGNMENT ENDS   >>>>>>>>>>

<<<<<<<<<<  ALIGNMENT BEGINS  <<<<<<<<<<

#  Aligning Eloop_consensus and 3bwp_A:331-334_345-349:
#  Alignment score:  23
#  P-value:  1.541e-01
#  Query aligned region: 1-1,4-4
#  Target aligned region: 1:A333-1:A333,5:A347-5:A347

	A...U
	A...U

#  Matched base-pairing interactions: 
	<A(1:)-U(4:) trans H/W>                        MATCHES	<A(1:A333)-U(5:A347) trans H/W>
#  Matched base-stacking interactions: 

>>>>>>>>>>   ALIGNMENT ENDS   >>>>>>>>>>

<<<<<<<<<<  ALIGNMENT BEGINS  <<<<<<<<<<

#  Aligning Eloop_consensus and 3bwp_A:256-258_107-109_10-13:
#  Alignment score:  4.7
#  P-value:  1.000e+00
#  Query aligned region: 1-2,3-4
#  Target aligned region: 1:A258-1:A258,3:A108-3:A108,6:A11-7:A12

	A~G...GU
	U~G...CA

#  Matched base-pairing interactions: 
	<A(1:)-U(4:) trans H/W>                        MATCHES	<U(1:A258)-A(7:A12) trans W/H>
	<G(2:)-G(3:) trans H/S>                        MATCHES	<G(3:A108)-C(6:A11) cis W/W>
#  Matched base-stacking interactions: 

>>>>>>>>>>   ALIGNMENT ENDS   >>>>>>>>>>

<<<<<<<<<<  ALIGNMENT BEGINS  <<<<<<<<<<

#  Aligning Eloop_consensus and 3bwp_A:345-349_331-334:
#  Alignment score:  2.3
#  P-value:  1.000e+00
#  Query aligned region: 
#  Target aligned region: 

	
	

#  Matched base-pairing interactions: 
#  Matched base-stacking interactions: 

>>>>>>>>>>   ALIGNMENT ENDS   >>>>>>>>>>

<<<<<<<<<<  ALIGNMENT BEGINS  <<<<<<<<<<

#  Aligning Eloop_consensus and 3bwp_A:354-356_288-289:
#  Alignment score:  1.9
#  P-value:  1.000e+00
#  Query aligned region: 
#  Target aligned region: 

	
	

#  Matched base-pairing interactions: 
#  Matched base-stacking interactions: 

>>>>>>>>>>   ALIGNMENT ENDS   >>>>>>>>>>

<<<<<<<<<<  ALIGNMENT BEGINS  <<<<<<<<<<

#  Aligning Eloop_consensus and 3bwp_A:288-289_354-356:
#  Alignment score:  1.5
#  P-value:  1.000e+00
#  Query aligned region: 
#  Target aligned region: 

	
	

#  Matched base-pairing interactions: 
#  Matched base-stacking interactions: 

>>>>>>>>>>   ALIGNMENT ENDS   >>>>>>>>>>

