$ /home/s081p868/scratch/RNAMotifScanX-release/bin/scan /home/s081p868/scratch/RNAMotifScanX-release/models/k-turn_consensus.struct /rfs/poseidon_share/s081p868/RNAMotifScanX_nr/rmsx_work_default/3bwp/A/3bwp_A.rmsx.in --map_pdb=/rfs/poseidon_share/s081p868/RNAMotifScanX_nr/rmsx_work_default/3bwp/A/3bwp_A.rmsx.nch --pvalue 1.0 --num_threads 8 --write_alignment
<<<<<<<<<<  ALIGNMENT BEGINS  <<<<<<<<<<

#  Aligning k-turn_consensus and 3bwp_A:107-116_70-77:
#  Alignment score:  58.6
#  P-value:  1.149e-01
#  Query aligned region: 0-3,6-12
#  Target aligned region: 5:A113-9:A117,10:A71-13:A74

	GGGA...G~GAAC
	GGAC...G~UAAC

#  Matched base-pairing interactions: 
	<A(3:)-G(9:) trans H/S>                        MATCHES	<C(8:A116)-U(10:A71) trans H/S>
	<G(2:)-A(10:) trans S/H>                       MATCHES	<A(7:A115)-A(11:A72) cis -/->
	<A(3:)-G(6:) trans S/S>                        MATCHES	<C(8:A116)-G(9:A117) cis -/->
	<G(1:)-A(11:) trans S/H>                       MATCHES	<G(6:A114)-A(12:A73) trans S/H>
	<G(0:)-C(12:) cis W/W>                         MATCHES	<G(5:A113)-C(13:A74) cis W/W>
#  Matched base-stacking interactions: 
	<A(3:)-A(10:) outward>                         MATCHES	<C(8:A116)-A(11:A72) outward>

>>>>>>>>>>   ALIGNMENT ENDS   >>>>>>>>>>

<<<<<<<<<<  ALIGNMENT BEGINS  <<<<<<<<<<

#  Aligning k-turn_consensus and 3bwp_A:186-195_235-240_170-177:
#  Alignment score:  57.8
#  P-value:  1.211e-01
#  Query aligned region: 1-4,6-11
#  Target aligned region: 3:A190-5:A192,12:A238-13:A239,18:A173-20:A175

	GGA~G...G~GAA
	CAA~U...G~GAG

#  Matched base-pairing interactions: 
	<A(3:)-G(9:) trans H/S>                        MATCHES	<A(5:A192)-G(18:A173) trans H/S>
	<G(2:)-A(10:) trans S/H>                       MATCHES	<A(4:A191)-A(19:A174) trans S/H>
	<A(3:)-G(6:) trans S/S>                        MATCHES	<A(5:A192)-G(13:A239) trans W/S>
	<G(4:)-A(10:) trans S/S>                       MATCHES	<U(12:A238)-A(19:A174) cis S/S>
	<G(1:)-A(11:) trans S/H>                       MATCHES	<C(3:A190)-G(20:A175) cis W/W>
#  Matched base-stacking interactions: 
	<A(3:)-A(10:) outward>                         MATCHES	<A(5:A192)-A(19:A174) outward>

>>>>>>>>>>   ALIGNMENT ENDS   >>>>>>>>>>

<<<<<<<<<<  ALIGNMENT BEGINS  <<<<<<<<<<

#  Aligning k-turn_consensus and 3bwp_A:64-67_242-248_118-122:
#  Alignment score:  45.2
#  P-value:  3.589e-01
#  Query aligned region: 3-3,6-9
#  Target aligned region: 2:A67-2:A67,9:A248-9:A248,12:A120-12:A120

	A...G~G
	A...G~A

#  Matched base-pairing interactions: 
	<A(3:)-G(6:) trans S/S>                        MATCHES	<A(2:A67)-G(9:A248) trans S/S>
	<A(3:)-G(9:) trans H/S>                        MATCHES	<A(2:A67)-A(12:A120) trans H/S>
#  Matched base-stacking interactions: 

>>>>>>>>>>   ALIGNMENT ENDS   >>>>>>>>>>

<<<<<<<<<<  ALIGNMENT BEGINS  <<<<<<<<<<

#  Aligning k-turn_consensus and 3bwp_A:356-358_287-293_322-326:
#  Alignment score:  27.4
#  P-value:  1.000e+00
#  Query aligned region: 0-1,11-12
#  Target aligned region: 5:A290-6:A291,13:A326-14:A327

	GG...AC
	AG...AA

#  Matched base-pairing interactions: 
	<G(1:)-A(11:) trans S/H>                       MATCHES	<G(6:A291)-A(13:A326) trans S/H>
	<G(0:)-C(12:) cis W/W>                         MATCHES	<A(5:A290)-A(14:A327) cis -/->
#  Matched base-stacking interactions: 

>>>>>>>>>>   ALIGNMENT ENDS   >>>>>>>>>>

<<<<<<<<<<  ALIGNMENT BEGINS  <<<<<<<<<<

#  Aligning k-turn_consensus and 3bwp_A:56-62_196-198_45-49:
#  Alignment score:  25.2
#  P-value:  1.000e+00
#  Query aligned region: 3-3,6-9
#  Target aligned region: 3:A60-3:A60,7:A197-7:A197,12:A48-12:A48

	A...G~G
	A...C~G

#  Matched base-pairing interactions: 
	<A(3:)-G(9:) trans H/S>                        MATCHES	<A(3:A60)-G(12:A48) trans H/S>
	<A(3:)-G(6:) trans S/S>                        MATCHES	<A(3:A60)-C(7:A197) cis -/->
#  Matched base-stacking interactions: 

>>>>>>>>>>   ALIGNMENT ENDS   >>>>>>>>>>

<<<<<<<<<<  ALIGNMENT BEGINS  <<<<<<<<<<

#  Aligning k-turn_consensus and 3bwp_A:277-284_91-93_267-274:
#  Alignment score:  25
#  P-value:  1.000e+00
#  Query aligned region: 3-3,6-9
#  Target aligned region: 4:A282-4:A282,10:A94-10:A94,14:A271-14:A271

	A...G~G
	A...C~U

#  Matched base-pairing interactions: 
	<A(3:)-G(6:) trans S/S>                        MATCHES	<A(4:A282)-C(10:A94) trans S/S>
	<A(3:)-G(9:) trans H/S>                        MATCHES	<A(4:A282)-U(14:A271) cis W/W>
#  Matched base-stacking interactions: 

>>>>>>>>>>   ALIGNMENT ENDS   >>>>>>>>>>

<<<<<<<<<<  ALIGNMENT BEGINS  <<<<<<<<<<

#  Aligning k-turn_consensus and 3bwp_A:91-93_277-284_267-274:
#  Alignment score:  23.4
#  P-value:  1.000e+00
#  Query aligned region: 3-3,6-9
#  Target aligned region: 1:A93-1:A93,6:A281-6:A281,15:A272-15:A272

	A...G~G
	A...G~C

#  Matched base-pairing interactions: 
	<A(3:)-G(6:) trans S/S>                        MATCHES	<A(1:A93)-G(6:A281) trans S/S>
	<A(3:)-G(9:) trans H/S>                        MATCHES	<A(1:A93)-C(15:A272) cis S/S>
#  Matched base-stacking interactions: 

>>>>>>>>>>   ALIGNMENT ENDS   >>>>>>>>>>

<<<<<<<<<<  ALIGNMENT BEGINS  <<<<<<<<<<

#  Aligning k-turn_consensus and 3bwp_A:105-109_372-379_363-367:
#  Alignment score:  23
#  P-value:  1.000e+00
#  Query aligned region: 3-3,6-9
#  Target aligned region: 0:A106-0:A106,6:A374-6:A374,16:A367-16:A367

	A...G~G
	A...G~C

#  Matched base-pairing interactions: 
	<A(3:)-G(6:) trans S/S>                        MATCHES	<A(0:A106)-G(6:A374) trans S/S>
	<A(3:)-G(9:) trans H/S>                        MATCHES	<A(0:A106)-C(16:A367) cis S/S>
#  Matched base-stacking interactions: 

>>>>>>>>>>   ALIGNMENT ENDS   >>>>>>>>>>

<<<<<<<<<<  ALIGNMENT BEGINS  <<<<<<<<<<

#  Aligning k-turn_consensus and 3bwp_A:235-240_170-177_186-195:
#  Alignment score:  22.9
#  P-value:  1.000e+00
#  Query aligned region: 0-1,11-12
#  Target aligned region: 7:A172-8:A173,19:A192-21:A194

	GG...A-C
	UG...AAG

#  Matched base-pairing interactions: 
	<G(0:)-C(12:) cis W/W>                         MATCHES	<U(7:A172)-G(21:A194) cis W/W>
	<G(1:)-A(11:) trans S/H>                       MATCHES	<G(8:A173)-A(19:A192) trans S/H>
#  Matched base-stacking interactions: 

>>>>>>>>>>   ALIGNMENT ENDS   >>>>>>>>>>

<<<<<<<<<<  ALIGNMENT BEGINS  <<<<<<<<<<

#  Aligning k-turn_consensus and 3bwp_A:258-261_70-77_106-115:
#  Alignment score:  22.2
#  P-value:  1.000e+00
#  Query aligned region: 1-1,11-11
#  Target aligned region: 4:A71-4:A71,21:A116-21:A116

	G...A
	U...C

#  Matched base-pairing interactions: 
	<G(1:)-A(11:) trans S/H>                       MATCHES	<U(4:A71)-C(21:A116) trans S/H>
#  Matched base-stacking interactions: 

>>>>>>>>>>   ALIGNMENT ENDS   >>>>>>>>>>

<<<<<<<<<<  ALIGNMENT BEGINS  <<<<<<<<<<

#  Aligning k-turn_consensus and 3bwp_A:287-289_353-361_381-387:
#  Alignment score:  21.4
#  P-value:  1.000e+00
#  Query aligned region: 1-1,11-11
#  Target aligned region: 3:A354-4:A355

	G...A
	G...A

#  Matched base-pairing interactions: 
	<G(1:)-A(11:) trans S/H>                       MATCHES	<G(3:A354)-A(4:A355) trans S/H>
#  Matched base-stacking interactions: 

>>>>>>>>>>   ALIGNMENT ENDS   >>>>>>>>>>

<<<<<<<<<<  ALIGNMENT BEGINS  <<<<<<<<<<

#  Aligning k-turn_consensus and 3bwp_A:279-285_266-273_88-94:
#  Alignment score:  19.2
#  P-value:  1.000e+00
#  Query aligned region: 0-1,11-12
#  Target aligned region: 3:A283-4:A284,9:A269-10:A270

	GG...AC
	AG...GG

#  Matched base-pairing interactions: 
	<G(1:)-A(11:) trans S/H>                       MATCHES	<G(4:A284)-G(9:A269) trans S/H>
	<G(0:)-C(12:) cis W/W>                         MATCHES	<A(3:A283)-G(10:A270) cis W/W>
#  Matched base-stacking interactions: 

>>>>>>>>>>   ALIGNMENT ENDS   >>>>>>>>>>

<<<<<<<<<<  ALIGNMENT BEGINS  <<<<<<<<<<

#  Aligning k-turn_consensus and 3bwp_A:266-273_88-94_279-285:
#  Alignment score:  14.4
#  P-value:  1.000e+00
#  Query aligned region: 0-1,11-12
#  Target aligned region: 0:A267-0:A267,9:A90-11:A92,21:A286-21:A286

	G~G...A~C
	G~G...G~C

#  Matched base-pairing interactions: 
	<G(0:)-C(12:) cis W/W>                         MATCHES	<G(0:A267)-C(21:A286) cis W/W>
	<G(1:)-A(11:) trans S/H>                       MATCHES	<G(9:A90)-G(11:A92) cis -/->
#  Matched base-stacking interactions: 

>>>>>>>>>>   ALIGNMENT ENDS   >>>>>>>>>>

<<<<<<<<<<  ALIGNMENT BEGINS  <<<<<<<<<<

#  Aligning k-turn_consensus and 3bwp_A:0-2_365-375_104-106:
#  Alignment score:  13.6
#  P-value:  1.000e+00
#  Query aligned region: 0-1,11-12
#  Target aligned region: 5:A368-10:A373

	GG...AC
	CG...CG

#  Matched base-pairing interactions: 
	<G(1:)-A(11:) trans S/H>                       MATCHES	<G(6:A369)-C(9:A372) trans S/W>
	<G(0:)-C(12:) cis W/W>                         MATCHES	<C(5:A368)-G(10:A373) cis W/W>
#  Matched base-stacking interactions: 

>>>>>>>>>>   ALIGNMENT ENDS   >>>>>>>>>>

<<<<<<<<<<  ALIGNMENT BEGINS  <<<<<<<<<<

#  Aligning k-turn_consensus and 3bwp_A:23-29_34-42_245-246:
#  Alignment score:  10.8
#  P-value:  1.000e+00
#  Query aligned region: 0-1,11-12
#  Target aligned region: 0:A24-0:A24,8:A36-8:A36,16:A246-17:A247

	G~G...AC
	U~G...AA

#  Matched base-pairing interactions: 
	<G(0:)-C(12:) cis W/W>                         MATCHES	<U(0:A24)-A(17:A247) cis W/W>
	<G(1:)-A(11:) trans S/H>                       MATCHES	<G(8:A36)-A(16:A246) cis -/->
#  Matched base-stacking interactions: 

>>>>>>>>>>   ALIGNMENT ENDS   >>>>>>>>>>

<<<<<<<<<<  ALIGNMENT BEGINS  <<<<<<<<<<

#  Aligning k-turn_consensus and 3bwp_A:313-320_295-304_265-267:
#  Alignment score:  10.6
#  P-value:  1.000e+00
#  Query aligned region: 0-0,12-12
#  Target aligned region: 7:A321-7:A321,8:A296-8:A296

	G...C
	G...C

#  Matched base-pairing interactions: 
	<G(0:)-C(12:) cis W/W>                         MATCHES	<G(7:A321)-C(8:A296) cis W/W>
#  Matched base-stacking interactions: 

>>>>>>>>>>   ALIGNMENT ENDS   >>>>>>>>>>

<<<<<<<<<<  ALIGNMENT BEGINS  <<<<<<<<<<

#  Aligning k-turn_consensus and 3bwp_A:245-246_23-29_34-42:
#  Alignment score:  10.6
#  P-value:  1.000e+00
#  Query aligned region: 0-0,12-12
#  Target aligned region: 6:A28-6:A28,14:A40-14:A40

	G...C
	G...C

#  Matched base-pairing interactions: 
	<G(0:)-C(12:) cis W/W>                         MATCHES	<G(6:A28)-C(14:A40) cis W/W>
#  Matched base-stacking interactions: 

>>>>>>>>>>   ALIGNMENT ENDS   >>>>>>>>>>

<<<<<<<<<<  ALIGNMENT BEGINS  <<<<<<<<<<

#  Aligning k-turn_consensus and 3bwp_A:290-300_317-324_265-267:
#  Alignment score:  10.6
#  P-value:  1.000e+00
#  Query aligned region: 0-0,12-12
#  Target aligned region: 3:A294-3:A294,16:A323-16:A323

	G...C
	G...C

#  Matched base-pairing interactions: 
	<G(0:)-C(12:) cis W/W>                         MATCHES	<G(3:A294)-C(16:A323) cis W/W>
#  Matched base-stacking interactions: 

>>>>>>>>>>   ALIGNMENT ENDS   >>>>>>>>>>

<<<<<<<<<<  ALIGNMENT BEGINS  <<<<<<<<<<

#  Aligning k-turn_consensus and 3bwp_A:120-127_31-37_238-246:
#  Alignment score:  10.4
#  P-value:  1.000e+00
#  Query aligned region: 0-1,11-12
#  Target aligned region: 2:A123-2:A123,13:A37-14:A38,19:A243-19:A243

	G~G...A~C
	C~U...C~G

#  Matched base-pairing interactions: 
	<G(0:)-C(12:) cis W/W>                         MATCHES	<C(2:A123)-G(19:A243) cis W/W>
	<G(1:)-A(11:) trans S/H>                       MATCHES	<U(13:A37)-C(14:A38) cis -/->
#  Matched base-stacking interactions: 

>>>>>>>>>>   ALIGNMENT ENDS   >>>>>>>>>>

<<<<<<<<<<  ALIGNMENT BEGINS  <<<<<<<<<<

#  Aligning k-turn_consensus and 3bwp_A:0-1_74-81_99-112:
#  Alignment score:  10.2
#  P-value:  1.000e+00
#  Query aligned region: 0-0,12-12
#  Target aligned region: 6:A79-6:A79,13:A103-13:A103

	G...C
	G...U

#  Matched base-pairing interactions: 
	<G(0:)-C(12:) cis W/W>                         MATCHES	<G(6:A79)-U(13:A103) cis W/W>
#  Matched base-stacking interactions: 

>>>>>>>>>>   ALIGNMENT ENDS   >>>>>>>>>>

<<<<<<<<<<  ALIGNMENT BEGINS  <<<<<<<<<<

#  Aligning k-turn_consensus and 3bwp_A:295-304_313-320_265-267:
#  Alignment score:  9.8
#  P-value:  1.000e+00
#  Query aligned region: 0-0,12-12
#  Target aligned region: 9:A305-9:A305,10:A314-10:A314

	G...C
	C...G

#  Matched base-pairing interactions: 
	<G(0:)-C(12:) cis W/W>                         MATCHES	<C(9:A305)-G(10:A314) cis W/W>
#  Matched base-stacking interactions: 

>>>>>>>>>>   ALIGNMENT ENDS   >>>>>>>>>>

<<<<<<<<<<  ALIGNMENT BEGINS  <<<<<<<<<<

#  Aligning k-turn_consensus and 3bwp_A:196-198_56-62_45-49:
#  Alignment score:  9.8
#  P-value:  1.000e+00
#  Query aligned region: 0-0,12-12
#  Target aligned region: 7:A61-7:A61,11:A47-11:A47

	G...C
	A...U

#  Matched base-pairing interactions: 
	<G(0:)-C(12:) cis W/W>                         MATCHES	<A(7:A61)-U(11:A47) cis W/W>
#  Matched base-stacking interactions: 

>>>>>>>>>>   ALIGNMENT ENDS   >>>>>>>>>>

<<<<<<<<<<  ALIGNMENT BEGINS  <<<<<<<<<<

#  Aligning k-turn_consensus and 3bwp_A:347-353_327-331:
#  Alignment score:  4
#  P-value:  1.000e+00
#  Query aligned region: 
#  Target aligned region: 

	
	

#  Matched base-pairing interactions: 
#  Matched base-stacking interactions: 

>>>>>>>>>>   ALIGNMENT ENDS   >>>>>>>>>>

<<<<<<<<<<  ALIGNMENT BEGINS  <<<<<<<<<<

#  Aligning k-turn_consensus and 3bwp_A:327-331_347-353:
#  Alignment score:  3.9
#  P-value:  1.000e+00
#  Query aligned region: 
#  Target aligned region: 

	
	

#  Matched base-pairing interactions: 
#  Matched base-stacking interactions: 

>>>>>>>>>>   ALIGNMENT ENDS   >>>>>>>>>>

