$ /home/s081p868/scratch/RNAMotifScanX-release/bin/scan /home/s081p868/scratch/RNAMotifScanX-release/models/reverse-kturn_consensus.struct /rfs/poseidon_share/s081p868/RNAMotifScanX_nr/rmsx_work_default/3bwp/A/3bwp_A.rmsx.in --map_pdb=/rfs/poseidon_share/s081p868/RNAMotifScanX_nr/rmsx_work_default/3bwp/A/3bwp_A.rmsx.nch --pvalue 1.0 --num_threads 8 --write_alignment
<<<<<<<<<<  ALIGNMENT BEGINS  <<<<<<<<<<

#  Aligning reverse-kturn_conseusns and 3bwp_A:46-49_196-198_56-60:
#  Alignment score:  44.6
#  P-value:  4.170e-02
#  Query aligned region: 0-3,4-10
#  Target aligned region: 0:A47-3:A50,5:A198-5:A198,9:A59-11:A61

	GGAG...C~AAC
	UGAA...U~UAA

#  Matched base-pairing interactions: 
	<G(3:)-C(4:) cis W/W>                          MATCHES	<A(3:A50)-U(5:A198) cis W/W>
	<A(2:)-A(8:) trans H/H>                        MATCHES	<A(2:A49)-U(9:A59) trans H/W>
	<G(1:)-A(9:) trans S/H>                        MATCHES	<G(1:A48)-A(10:A60) trans S/H>
	<G(0:)-C(10:) cis W/W>                         MATCHES	<U(0:A47)-A(11:A61) cis W/W>
#  Matched base-stacking interactions: 

>>>>>>>>>>   ALIGNMENT ENDS   >>>>>>>>>>

<<<<<<<<<<  ALIGNMENT BEGINS  <<<<<<<<<<

#  Aligning reverse-kturn_conseusns and 3bwp_A:109-116_69-75:
#  Alignment score:  39.7
#  P-value:  5.907e-02
#  Query aligned region: 0-3,4-10
#  Target aligned region: 3:A113-7:A117,8:A70-12:A74

	GGA-G...CACAAAC
	GGACG...C--UAAC

#  Matched base-pairing interactions: 
	<G(3:)-C(4:) cis W/W>                          MATCHES	<G(7:A117)-C(8:A70) cis W/W>
	<A(2:)-A(8:) trans H/H>                        MATCHES	<A(5:A115)-A(10:A72) cis -/->
	<G(1:)-A(9:) trans S/H>                        MATCHES	<G(4:A114)-A(11:A73) trans S/H>
	<G(0:)-C(10:) cis W/W>                         MATCHES	<G(3:A113)-C(12:A74) cis W/W>
#  Matched base-stacking interactions: 

>>>>>>>>>>   ALIGNMENT ENDS   >>>>>>>>>>

<<<<<<<<<<  ALIGNMENT BEGINS  <<<<<<<<<<

#  Aligning reverse-kturn_conseusns and 3bwp_A:245-246_34-42_24-29:
#  Alignment score:  37.2
#  P-value:  7.246e-02
#  Query aligned region: 0-2,8-10
#  Target aligned region: 7:A40-9:A42,12:A26-14:A28

	GGA...AAC
	CGA...UAG

#  Matched base-pairing interactions: 
	<A(2:)-A(8:) trans H/H>                        MATCHES	<A(9:A42)-U(12:A26) trans H/W>
	<G(1:)-A(9:) trans S/H>                        MATCHES	<G(8:A41)-A(13:A27) trans S/H>
	<G(0:)-C(10:) cis W/W>                         MATCHES	<C(7:A40)-G(14:A28) cis W/W>
#  Matched base-stacking interactions: 

>>>>>>>>>>   ALIGNMENT ENDS   >>>>>>>>>>

<<<<<<<<<<  ALIGNMENT BEGINS  <<<<<<<<<<

#  Aligning reverse-kturn_conseusns and 3bwp_A:191-193_238-246_120-127:
#  Alignment score:  36.4
#  P-value:  7.771e-02
#  Query aligned region: 0-1,9-10
#  Target aligned region: 7:A243-8:A244,13:A122-14:A123

	GG...AC
	GG...AC

#  Matched base-pairing interactions: 
	<G(1:)-A(9:) trans S/H>                        MATCHES	<G(8:A244)-A(13:A122) trans S/H>
	<G(0:)-C(10:) cis W/W>                         MATCHES	<G(7:A243)-C(14:A123) cis W/W>
#  Matched base-stacking interactions: 

>>>>>>>>>>   ALIGNMENT ENDS   >>>>>>>>>>

<<<<<<<<<<  ALIGNMENT BEGINS  <<<<<<<<<<

#  Aligning reverse-kturn_conseusns and 3bwp_A:272-274_276-279_90-91:
#  Alignment score:  35.6
#  P-value:  8.356e-02
#  Query aligned region: 0-1,9-10
#  Target aligned region: 1:A274-2:A275,4:A278-5:A279

	GG...AC
	GG...AC

#  Matched base-pairing interactions: 
	<G(1:)-A(9:) trans S/H>                        MATCHES	<G(2:A275)-A(4:A278) trans S/H>
	<G(0:)-C(10:) cis W/W>                         MATCHES	<G(1:A274)-C(5:A279) cis W/W>
#  Matched base-stacking interactions: 

>>>>>>>>>>   ALIGNMENT ENDS   >>>>>>>>>>

<<<<<<<<<<  ALIGNMENT BEGINS  <<<<<<<<<<

#  Aligning reverse-kturn_conseusns and 3bwp_A:98-103_76-84:
#  Alignment score:  34.8
#  P-value:  9.009e-02
#  Query aligned region: 0-1,9-10
#  Target aligned region: 4:A103-5:A104,7:A78-8:A79

	GG...AC
	UG...AG

#  Matched base-pairing interactions: 
	<G(1:)-A(9:) trans S/H>                        MATCHES	<G(5:A104)-A(7:A78) trans S/H>
	<G(0:)-C(10:) cis W/W>                         MATCHES	<U(4:A103)-G(8:A79) cis W/W>
#  Matched base-stacking interactions: 

>>>>>>>>>>   ALIGNMENT ENDS   >>>>>>>>>>

<<<<<<<<<<  ALIGNMENT BEGINS  <<<<<<<<<<

#  Aligning reverse-kturn_conseusns and 3bwp_A:186-193_235-238_171-177:
#  Alignment score:  34
#  P-value:  9.742e-02
#  Query aligned region: 0-3,4-10
#  Target aligned region: 3:A190-6:A193,11:A239-11:A239,13:A173-15:A175

	GGAG...C~AAC
	CAAA...G~GAG

#  Matched base-pairing interactions: 
	<G(3:)-C(4:) cis W/W>                          MATCHES	<A(6:A193)-G(11:A239) trans S/S>
	<A(2:)-A(8:) trans H/H>                        MATCHES	<A(5:A192)-G(13:A173) trans H/S>
	<G(1:)-A(9:) trans S/H>                        MATCHES	<A(4:A191)-A(14:A174) trans S/H>
	<G(0:)-C(10:) cis W/W>                         MATCHES	<C(3:A190)-G(15:A175) cis W/W>
#  Matched base-stacking interactions: 

>>>>>>>>>>   ALIGNMENT ENDS   >>>>>>>>>>

<<<<<<<<<<  ALIGNMENT BEGINS  <<<<<<<<<<

#  Aligning reverse-kturn_conseusns and 3bwp_A:289-295_320-326:
#  Alignment score:  33.6
#  P-value:  1.014e-01
#  Query aligned region: 0-3,4-10
#  Target aligned region: 0:A290-4:A294,9:A323-13:A327

	GGA-G...CACAAAC
	AGAAG...C--GGAA

#  Matched base-pairing interactions: 
	<G(3:)-C(4:) cis W/W>                          MATCHES	<G(4:A294)-C(9:A323) cis W/W>
	<A(2:)-A(8:) trans H/H>                        MATCHES	<A(2:A292)-G(11:A325) trans H/S>
	<G(1:)-A(9:) trans S/H>                        MATCHES	<G(1:A291)-A(12:A326) trans S/H>
	<G(0:)-C(10:) cis W/W>                         MATCHES	<A(0:A290)-A(13:A327) cis -/->
#  Matched base-stacking interactions: 

>>>>>>>>>>   ALIGNMENT ENDS   >>>>>>>>>>

<<<<<<<<<<  ALIGNMENT BEGINS  <<<<<<<<<<

#  Aligning reverse-kturn_conseusns and 3bwp_A:288-289_382-387_353-360:
#  Alignment score:  33.2
#  P-value:  1.057e-01
#  Query aligned region: 0-1,9-10
#  Target aligned region: 6:A387-7:A388,9:A355-10:A356

	GG...AC
	UG...AA

#  Matched base-pairing interactions: 
	<G(1:)-A(9:) trans S/H>                        MATCHES	<G(7:A388)-A(9:A355) trans S/H>
	<G(0:)-C(10:) cis W/W>                         MATCHES	<U(6:A387)-A(10:A356) cis W/W>
#  Matched base-stacking interactions: 

>>>>>>>>>>   ALIGNMENT ENDS   >>>>>>>>>>

<<<<<<<<<<  ALIGNMENT BEGINS  <<<<<<<<<<

#  Aligning reverse-kturn_conseusns and 3bwp_A:22-24_114-120_64-71:
#  Alignment score:  30.6
#  P-value:  1.413e-01
#  Query aligned region: 0-2,8-10
#  Target aligned region: 7:A119-9:A121,11:A66-13:A68

	GGA...AAC
	CAA...UAG

#  Matched base-pairing interactions: 
	<A(2:)-A(8:) trans H/H>                        MATCHES	<A(9:A121)-U(11:A66) trans W/W>
	<G(1:)-A(9:) trans S/H>                        MATCHES	<A(8:A120)-A(12:A67) trans S/H>
	<G(0:)-C(10:) cis W/W>                         MATCHES	<C(7:A119)-G(13:A68) cis W/W>
#  Matched base-stacking interactions: 

>>>>>>>>>>   ALIGNMENT ENDS   >>>>>>>>>>

<<<<<<<<<<  ALIGNMENT BEGINS  <<<<<<<<<<

#  Aligning reverse-kturn_conseusns and 3bwp_A:70-77_107-115:
#  Alignment score:  26.8
#  P-value:  2.371e-01
#  Query aligned region: 1-2,8-9
#  Target aligned region: 0:A71-1:A72,15:A115-16:A116

	GA...AA
	UA...AC

#  Matched base-pairing interactions: 
	<A(2:)-A(8:) trans H/H>                        MATCHES	<A(1:A72)-A(15:A115) cis -/->
	<G(1:)-A(9:) trans S/H>                        MATCHES	<U(0:A71)-C(16:A116) trans S/H>
#  Matched base-stacking interactions: 

>>>>>>>>>>   ALIGNMENT ENDS   >>>>>>>>>>

<<<<<<<<<<  ALIGNMENT BEGINS  <<<<<<<<<<

#  Aligning reverse-kturn_conseusns and 3bwp_A:278-284_267-273_92-93:
#  Alignment score:  22.4
#  P-value:  5.481e-01
#  Query aligned region: 0-2,8-10
#  Target aligned region: 4:A283-6:A285,7:A268-9:A270

	GGA...AAC
	AGU...AGG

#  Matched base-pairing interactions: 
	<A(2:)-A(8:) trans H/H>                        MATCHES	<U(6:A285)-A(7:A268) trans W/W>
	<G(1:)-A(9:) trans S/H>                        MATCHES	<G(5:A284)-G(8:A269) trans S/H>
	<G(0:)-C(10:) cis W/W>                         MATCHES	<A(4:A283)-G(9:A270) cis W/W>
#  Matched base-stacking interactions: 

>>>>>>>>>>   ALIGNMENT ENDS   >>>>>>>>>>

<<<<<<<<<<  ALIGNMENT BEGINS  <<<<<<<<<<

#  Aligning reverse-kturn_conseusns and 3bwp_A:288-289_353-360_382-387:
#  Alignment score:  21.4
#  P-value:  7.049e-01
#  Query aligned region: 1-1,9-9
#  Target aligned region: 2:A354-3:A355

	G...A
	G...A

#  Matched base-pairing interactions: 
	<G(1:)-A(9:) trans S/H>                        MATCHES	<G(2:A354)-A(3:A355) trans S/H>
#  Matched base-stacking interactions: 

>>>>>>>>>>   ALIGNMENT ENDS   >>>>>>>>>>

<<<<<<<<<<  ALIGNMENT BEGINS  <<<<<<<<<<

#  Aligning reverse-kturn_conseusns and 3bwp_A:349-353_327-331:
#  Alignment score:  10.2
#  P-value:  1.000e+00
#  Query aligned region: 3-3,4-4
#  Target aligned region: 0:A350-0:A350,9:A332-9:A332

	G...C
	G...U

#  Matched base-pairing interactions: 
	<G(3:)-C(4:) cis W/W>                          MATCHES	<G(0:A350)-U(9:A332) cis W/W>
#  Matched base-stacking interactions: 

>>>>>>>>>>   ALIGNMENT ENDS   >>>>>>>>>>

<<<<<<<<<<  ALIGNMENT BEGINS  <<<<<<<<<<

#  Aligning reverse-kturn_conseusns and 3bwp_A:56-60_196-198_46-49:
#  Alignment score:  9.8
#  P-value:  1.000e+00
#  Query aligned region: 3-3,4-4
#  Target aligned region: 4:A61-4:A61,8:A47-8:A47

	G...C
	A...U

#  Matched base-pairing interactions: 
	<G(3:)-C(4:) cis W/W>                          MATCHES	<A(4:A61)-U(8:A47) cis W/W>
#  Matched base-stacking interactions: 

>>>>>>>>>>   ALIGNMENT ENDS   >>>>>>>>>>

