$ /home/s081p868/scratch/RNAMotifScanX-release/bin/scan /home/s081p868/scratch/RNAMotifScanX-release/models/reverse-kturn_consensus.struct /rfs/poseidon_share/s081p868/RNAMotifScanX_nr/rmsx_work_default/4v51/DA/4v51_DA.rmsx.in --map_pdb=/rfs/poseidon_share/s081p868/RNAMotifScanX_nr/rmsx_work_default/4v51/DA/4v51_DA.rmsx.nch --pvalue 1.0 --num_threads 16 --write_alignment
<<<<<<<<<<  ALIGNMENT BEGINS  <<<<<<<<<<

#  Aligning reverse-kturn_conseusns and 4v51_DA:584-592_1397-1401_555-558:
#  Alignment score:  50.8
#  P-value:  3.089e-02
#  Query aligned region: 1-3,4-9
#  Target aligned region: 5:'DA'1125-7:'DA'1127,12:'DA'2488-12:'DA'2488,15:'DA'1028-16:'DA'1029

	GAG...C~AA
	GAA...A~AA

#  Matched base-pairing interactions: 
	<G(3:)-C(4:) cis W/W>                          MATCHES	<A(7:'DA'1127)-A(12:'DA'2488) cis -/->
	<A(2:)-A(8:) trans H/H>                        MATCHES	<A(6:'DA'1126)-A(15:'DA'1028) trans H/H>
	<G(1:)-A(9:) trans S/H>                        MATCHES	<G(5:'DA'1125)-A(16:'DA'1029) trans S/H>
#  Matched base-stacking interactions: 

>>>>>>>>>>   ALIGNMENT ENDS   >>>>>>>>>>

<<<<<<<<<<  ALIGNMENT BEGINS  <<<<<<<<<<

#  Aligning reverse-kturn_conseusns and 4v51_DA:1166-1169_1202-1203_982-986:
#  Alignment score:  40.8
#  P-value:  5.833e-02
#  Query aligned region: 0-2,8-10
#  Target aligned region: 2:'DA'2004-3:'DA'2005,4:'DA'2048-4:'DA'2048,6:'DA'1654-8:'DA'1656

	GG~A...AAC
	GA~G...AAC

#  Matched base-pairing interactions: 
	<A(2:)-A(8:) trans H/H>                        MATCHES	<G(4:'DA'2048)-A(6:'DA'1654) cis -/->
	<G(1:)-A(9:) trans S/H>                        MATCHES	<A(3:'DA'2005)-A(7:'DA'1655) trans S/H>
	<G(0:)-C(10:) cis W/W>                         MATCHES	<G(2:'DA'2004)-C(8:'DA'1656) cis W/W>
#  Matched base-stacking interactions: 

>>>>>>>>>>   ALIGNMENT ENDS   >>>>>>>>>>

<<<<<<<<<<  ALIGNMENT BEGINS  <<<<<<<<<<

#  Aligning reverse-kturn_conseusns and 4v51_DA:213-221_201-206:
#  Alignment score:  39.2
#  P-value:  6.599e-02
#  Query aligned region: 0-2,8-10
#  Target aligned region: 7:'DA'337-8:'DA'338,9:'DA'320-12:'DA'325

	GG~A...AAC
	CG~A...AAG

#  Matched base-pairing interactions: 
	<A(2:)-A(8:) trans H/H>                        MATCHES	<A(9:'DA'320)-A(10:'DA'322) cis S/S>
	<G(1:)-A(9:) trans S/H>                        MATCHES	<G(8:'DA'338)-A(11:'DA'324) trans S/H>
	<G(0:)-C(10:) cis W/W>                         MATCHES	<C(7:'DA'337)-G(12:'DA'325) cis W/W>
#  Matched base-stacking interactions: 

>>>>>>>>>>   ALIGNMENT ENDS   >>>>>>>>>>

<<<<<<<<<<  ALIGNMENT BEGINS  <<<<<<<<<<

#  Aligning reverse-kturn_conseusns and 4v51_DA:747-749_120-121_750-752:
#  Alignment score:  38
#  P-value:  7.277e-02
#  Query aligned region: 0-2,8-10
#  Target aligned region: 0:'DA'1363-2:'DA'1365,4:'DA'188-4:'DA'188,6:'DA'1367-7:'DA'1368

	GGA...A~AC
	CGA...G~AG

#  Matched base-pairing interactions: 
	<G(1:)-A(9:) trans S/H>                        MATCHES	<G(1:'DA'1364)-A(6:'DA'1367) trans S/H>
	<A(2:)-A(8:) trans H/H>                        MATCHES	<A(2:'DA'1365)-G(4:'DA'188) cis -/->
	<G(0:)-C(10:) cis W/W>                         MATCHES	<C(0:'DA'1363)-G(7:'DA'1368) cis W/W>
#  Matched base-stacking interactions: 

>>>>>>>>>>   ALIGNMENT ENDS   >>>>>>>>>>

<<<<<<<<<<  ALIGNMENT BEGINS  <<<<<<<<<<

#  Aligning reverse-kturn_conseusns and 4v51_DA:150-153_145-148_228-229:
#  Alignment score:  36.4
#  P-value:  8.357e-02
#  Query aligned region: 0-2,8-10
#  Target aligned region: 1:'DA'271.V-3:'DA'271.X,4:'DA'271-6:'DA'271.B

	GGA...AAC
	GGG...AAC

#  Matched base-pairing interactions: 
	<A(2:)-A(8:) trans H/H>                        MATCHES	<G(3:'DA'271.X)-A(4:'DA'271) trans S/H>
	<G(1:)-A(9:) trans S/H>                        MATCHES	<G(2:'DA'271.W)-A(5:'DA'271.A) trans S/H>
	<G(0:)-C(10:) cis W/W>                         MATCHES	<G(1:'DA'271.V)-C(6:'DA'271.B) cis W/W>
#  Matched base-stacking interactions: 

>>>>>>>>>>   ALIGNMENT ENDS   >>>>>>>>>>

<<<<<<<<<<  ALIGNMENT BEGINS  <<<<<<<<<<

#  Aligning reverse-kturn_conseusns and 4v51_DA:1263-1264_1233-1237:
#  Alignment score:  35.6
#  P-value:  8.989e-02
#  Query aligned region: 0-1,9-10
#  Target aligned region: 0:'DA'2236-1:'DA'2237,2:'DA'2082-3:'DA'2083

	GG...AC
	CG...AG

#  Matched base-pairing interactions: 
	<G(1:)-A(9:) trans S/H>                        MATCHES	<G(1:'DA'2237)-A(2:'DA'2082) trans S/H>
	<G(0:)-C(10:) cis W/W>                         MATCHES	<C(0:'DA'2236)-G(3:'DA'2083) cis W/W>
#  Matched base-stacking interactions: 

>>>>>>>>>>   ALIGNMENT ENDS   >>>>>>>>>>

<<<<<<<<<<  ALIGNMENT BEGINS  <<<<<<<<<<

#  Aligning reverse-kturn_conseusns and 4v51_DA:800-806_937-943:
#  Alignment score:  35.6
#  P-value:  8.989e-02
#  Query aligned region: 0-1,9-10
#  Target aligned region: 0:'DA'1417-1:'DA'1418,12:'DA'1580-13:'DA'1581

	GG...AC
	CG...AG

#  Matched base-pairing interactions: 
	<G(1:)-A(9:) trans S/H>                        MATCHES	<G(1:'DA'1418)-A(12:'DA'1580) trans S/H>
	<G(0:)-C(10:) cis W/W>                         MATCHES	<C(0:'DA'1417)-G(13:'DA'1581) cis W/W>
#  Matched base-stacking interactions: 

>>>>>>>>>>   ALIGNMENT ENDS   >>>>>>>>>>

<<<<<<<<<<  ALIGNMENT BEGINS  <<<<<<<<<<

#  Aligning reverse-kturn_conseusns and 4v51_DA:648-653_627-633_318-319:
#  Alignment score:  34.8
#  P-value:  9.696e-02
#  Query aligned region: 0-1,9-10
#  Target aligned region: 4:'DA'1234-5:'DA'1235,10:'DA'1214-11:'DA'1215

	GG...AC
	UG...AG

#  Matched base-pairing interactions: 
	<G(1:)-A(9:) trans S/H>                        MATCHES	<G(5:'DA'1235)-A(10:'DA'1214) trans S/H>
	<G(0:)-C(10:) cis W/W>                         MATCHES	<U(4:'DA'1234)-G(11:'DA'1215) cis W/W>
#  Matched base-stacking interactions: 

>>>>>>>>>>   ALIGNMENT ENDS   >>>>>>>>>>

<<<<<<<<<<  ALIGNMENT BEGINS  <<<<<<<<<<

#  Aligning reverse-kturn_conseusns and 4v51_DA:452-457_433-440:
#  Alignment score:  34.4
#  P-value:  1.008e-01
#  Query aligned region: 0-1,9-10
#  Target aligned region: 4:'DA'760-5:'DA'761,8:'DA'735-9:'DA'736

	GG...AC
	GA...AC

#  Matched base-pairing interactions: 
	<G(1:)-A(9:) trans S/H>                        MATCHES	<A(5:'DA'761)-A(8:'DA'735) trans S/H>
	<G(0:)-C(10:) cis W/W>                         MATCHES	<G(4:'DA'760)-C(9:'DA'736) cis W/W>
#  Matched base-stacking interactions: 

>>>>>>>>>>   ALIGNMENT ENDS   >>>>>>>>>>

<<<<<<<<<<  ALIGNMENT BEGINS  <<<<<<<<<<

#  Aligning reverse-kturn_conseusns and 4v51_DA:385-388_141-142_377-379:
#  Alignment score:  34
#  P-value:  1.049e-01
#  Query aligned region: 0-2,8-10
#  Target aligned region: 0:'DA'618-1:'DA'619,4:'DA'260-4:'DA'260,6:'DA'608-8:'DA'610

	GG~A...AAC
	CG~G...AAG

#  Matched base-pairing interactions: 
	<G(1:)-A(9:) trans S/H>                        MATCHES	<G(1:'DA'619)-A(7:'DA'609) trans S/H>
	<A(2:)-A(8:) trans H/H>                        MATCHES	<G(4:'DA'260)-A(6:'DA'608) cis -/->
	<G(0:)-C(10:) cis W/W>                         MATCHES	<C(0:'DA'618)-G(8:'DA'610) cis W/W>
#  Matched base-stacking interactions: 

>>>>>>>>>>   ALIGNMENT ENDS   >>>>>>>>>>

<<<<<<<<<<  ALIGNMENT BEGINS  <<<<<<<<<<

#  Aligning reverse-kturn_conseusns and 4v51_DA:1303-1315:
#  Alignment score:  31
#  P-value:  1.454e-01
#  Query aligned region: 0-1,9-10
#  Target aligned region: 0:'DA'2374-12:'DA'2379

	GG...AC
	CG...AG

#  Matched base-pairing interactions: 
	<G(1:)-A(9:) trans S/H>                        MATCHES	<G(1:'DA'2375)-A(11:'DA'2378) trans S/H>
	<G(0:)-C(10:) cis W/W>                         MATCHES	<C(0:'DA'2374)-G(12:'DA'2379) cis W/W>
#  Matched base-stacking interactions: 

>>>>>>>>>>   ALIGNMENT ENDS   >>>>>>>>>>

<<<<<<<<<<  ALIGNMENT BEGINS  <<<<<<<<<<

#  Aligning reverse-kturn_conseusns and 4v51_DA:989-994:
#  Alignment score:  28.8
#  P-value:  1.920e-01
#  Query aligned region: 1-2,8-9
#  Target aligned region: 0:'DA'1687-5:'DA'1701

	GA...AA
	GU...AA

#  Matched base-pairing interactions: 
	<A(2:)-A(8:) trans H/H>                        MATCHES	<U(1:'DA'1688)-A(4:'DA'1700) cis -/->
	<G(1:)-A(9:) trans S/H>                        MATCHES	<G(0:'DA'1687)-A(5:'DA'1701) trans S/H>
#  Matched base-stacking interactions: 

>>>>>>>>>>   ALIGNMENT ENDS   >>>>>>>>>>

<<<<<<<<<<  ALIGNMENT BEGINS  <<<<<<<<<<

#  Aligning reverse-kturn_conseusns and 4v51_DA:493-498_478-479:
#  Alignment score:  24.6
#  P-value:  3.756e-01
#  Query aligned region: 1-1,9-9
#  Target aligned region: 5:'DA'916-5:'DA'916,7:'DA'861-7:'DA'861

	G...A
	G...A

#  Matched base-pairing interactions: 
	<G(1:)-A(9:) trans S/H>                        MATCHES	<G(5:'DA'916)-A(7:'DA'861) trans S/H>
#  Matched base-stacking interactions: 

>>>>>>>>>>   ALIGNMENT ENDS   >>>>>>>>>>

<<<<<<<<<<  ALIGNMENT BEGINS  <<<<<<<<<<

#  Aligning reverse-kturn_conseusns and 4v51_DA:21-24_276-277_319-322:
#  Alignment score:  24.4
#  P-value:  3.903e-01
#  Query aligned region: 1-2,8-9
#  Target aligned region: 1:'DA'27-2:'DA'32,5:'DA'447-5:'DA'447,7:'DA'513-7:'DA'513

	GA...A~A
	GC...A~A

#  Matched base-pairing interactions: 
	<G(1:)-A(9:) trans S/H>                        MATCHES	<G(1:'DA'27)-A(7:'DA'513) trans S/H>
	<A(2:)-A(8:) trans H/H>                        MATCHES	<C(2:'DA'32)-A(5:'DA'447) cis -/->
#  Matched base-stacking interactions: 

>>>>>>>>>>   ALIGNMENT ENDS   >>>>>>>>>>

<<<<<<<<<<  ALIGNMENT BEGINS  <<<<<<<<<<

#  Aligning reverse-kturn_conseusns and 4v51_DA:276-277_21-24_319-322:
#  Alignment score:  23.8
#  P-value:  4.399e-01
#  Query aligned region: 1-1,9-9
#  Target aligned region: 2:'DA'26-2:'DA'26,9:'DA'514-9:'DA'514

	G...A
	G...A

#  Matched base-pairing interactions: 
	<G(1:)-A(9:) trans S/H>                        MATCHES	<G(2:'DA'26)-A(9:'DA'514) trans S/H>
#  Matched base-stacking interactions: 

>>>>>>>>>>   ALIGNMENT ENDS   >>>>>>>>>>

<<<<<<<<<<  ALIGNMENT BEGINS  <<<<<<<<<<

#  Aligning reverse-kturn_conseusns and 4v51_DA:1152-1153_1142-1149_1112-1115:
#  Alignment score:  23
#  P-value:  5.222e-01
#  Query aligned region: 1-1,9-9
#  Target aligned region: 8:'DA'1968-8:'DA'1968,10:'DA'1932-10:'DA'1932

	G...A
	G...A

#  Matched base-pairing interactions: 
	<G(1:)-A(9:) trans S/H>                        MATCHES	<G(8:'DA'1968)-A(10:'DA'1932) trans S/H>
#  Matched base-stacking interactions: 

>>>>>>>>>>   ALIGNMENT ENDS   >>>>>>>>>>

<<<<<<<<<<  ALIGNMENT BEGINS  <<<<<<<<<<

#  Aligning reverse-kturn_conseusns and 4v51_DA:441-448:
#  Alignment score:  21.8
#  P-value:  6.967e-01
#  Query aligned region: 1-1,9-9
#  Target aligned region: 5:'DA'751-6:'DA'752

	G...A
	A...A

#  Matched base-pairing interactions: 
	<G(1:)-A(9:) trans S/H>                        MATCHES	<A(5:'DA'751)-A(6:'DA'752) trans S/H>
#  Matched base-stacking interactions: 

>>>>>>>>>>   ALIGNMENT ENDS   >>>>>>>>>>

<<<<<<<<<<  ALIGNMENT BEGINS  <<<<<<<<<<

#  Aligning reverse-kturn_conseusns and 4v51_DA:1056-1057_1062-1068:
#  Alignment score:  13
#  P-value:  1.000e+00
#  Query aligned region: 0-1,9-10
#  Target aligned region: 1:'DA'1800-1:'DA'1800,3:'DA'1816-5:'DA'1818

	G~G...AC
	C~G...GU

#  Matched base-pairing interactions: 
	<G(0:)-C(10:) cis W/W>                         MATCHES	<C(1:'DA'1800)-U(5:'DA'1818) cis -/->
	<G(1:)-A(9:) trans S/H>                        MATCHES	<G(3:'DA'1816)-G(4:'DA'1817) trans S/H>
#  Matched base-stacking interactions: 

>>>>>>>>>>   ALIGNMENT ENDS   >>>>>>>>>>

<<<<<<<<<<  ALIGNMENT BEGINS  <<<<<<<<<<

#  Aligning reverse-kturn_conseusns and 4v51_DA:1064-1066_1153-1154_1056-1063:
#  Alignment score:  12.8
#  P-value:  1.000e+00
#  Query aligned region: 2-3,4-8
#  Target aligned region: 1:'DA'1818-2:'DA'1831,3:'DA'1974-3:'DA'1974,5:'DA'1799-5:'DA'1799

	AG...C~A
	UG...C~G

#  Matched base-pairing interactions: 
	<G(3:)-C(4:) cis W/W>                          MATCHES	<G(2:'DA'1831)-C(3:'DA'1974) cis W/W>
	<A(2:)-A(8:) trans H/H>                        MATCHES	<U(1:'DA'1818)-G(5:'DA'1799) cis -/->
#  Matched base-stacking interactions: 

>>>>>>>>>>   ALIGNMENT ENDS   >>>>>>>>>>

<<<<<<<<<<  ALIGNMENT BEGINS  <<<<<<<<<<

#  Aligning reverse-kturn_conseusns and 4v51_DA:228-229_377-379_141-152:
#  Alignment score:  12.4
#  P-value:  1.000e+00
#  Query aligned region: 0-1,9-10
#  Target aligned region: 11:'DA'271.B-15:'DA'271.V

	GG...AC
	CC...GG

#  Matched base-pairing interactions: 
	<G(1:)-A(9:) trans S/H>                        MATCHES	<C(12:'DA'271.C)-G(14:'DA'271.U) cis W/W>
	<G(0:)-C(10:) cis W/W>                         MATCHES	<C(11:'DA'271.B)-G(15:'DA'271.V) cis W/W>
#  Matched base-stacking interactions: 

>>>>>>>>>>   ALIGNMENT ENDS   >>>>>>>>>>

<<<<<<<<<<  ALIGNMENT BEGINS  <<<<<<<<<<

#  Aligning reverse-kturn_conseusns and 4v51_DA:319-322_276-277_21-24:
#  Alignment score:  2.7
#  P-value:  1.000e+00
#  Query aligned region: 
#  Target aligned region: 

	
	

#  Matched base-pairing interactions: 
#  Matched base-stacking interactions: 

>>>>>>>>>>   ALIGNMENT ENDS   >>>>>>>>>>

<<<<<<<<<<  ALIGNMENT BEGINS  <<<<<<<<<<

#  Aligning reverse-kturn_conseusns and 4v51_DA:276-277_319-322_21-24:
#  Alignment score:  2.7
#  P-value:  1.000e+00
#  Query aligned region: 
#  Target aligned region: 

	
	

#  Matched base-pairing interactions: 
#  Matched base-stacking interactions: 

>>>>>>>>>>   ALIGNMENT ENDS   >>>>>>>>>>

<<<<<<<<<<  ALIGNMENT BEGINS  <<<<<<<<<<

#  Aligning reverse-kturn_conseusns and 4v51_DA:319-322_21-24_276-277:
#  Alignment score:  2.4
#  P-value:  1.000e+00
#  Query aligned region: 
#  Target aligned region: 

	
	

#  Matched base-pairing interactions: 
#  Matched base-stacking interactions: 

>>>>>>>>>>   ALIGNMENT ENDS   >>>>>>>>>>

<<<<<<<<<<  ALIGNMENT BEGINS  <<<<<<<<<<

#  Aligning reverse-kturn_conseusns and 4v51_DA:1233-1237_1263-1264:
#  Alignment score:  2.2
#  P-value:  1.000e+00
#  Query aligned region: 
#  Target aligned region: 

	
	

#  Matched base-pairing interactions: 
#  Matched base-stacking interactions: 

>>>>>>>>>>   ALIGNMENT ENDS   >>>>>>>>>>

<<<<<<<<<<  ALIGNMENT BEGINS  <<<<<<<<<<

#  Aligning reverse-kturn_conseusns and 4v51_DA:478-479_493-498:
#  Alignment score:  1.8
#  P-value:  1.000e+00
#  Query aligned region: 
#  Target aligned region: 

	
	

#  Matched base-pairing interactions: 
#  Matched base-stacking interactions: 

>>>>>>>>>>   ALIGNMENT ENDS   >>>>>>>>>>

<<<<<<<<<<  ALIGNMENT BEGINS  <<<<<<<<<<

#  Aligning reverse-kturn_conseusns and 4v51_DA:1250-1256:
#  Alignment score:  1.7
#  P-value:  1.000e+00
#  Query aligned region: 
#  Target aligned region: 

	
	

#  Matched base-pairing interactions: 
#  Matched base-stacking interactions: 

>>>>>>>>>>   ALIGNMENT ENDS   >>>>>>>>>>

<<<<<<<<<<  ALIGNMENT BEGINS  <<<<<<<<<<

# scan failed rc=-11
