$ /home/s081p868/scratch/RNAMotifScanX-release/bin/scan /home/s081p868/scratch/RNAMotifScanX-release/models/k-turn_consensus.struct /rfs/poseidon_share/s081p868/RNAMotifScanX_nr/rmsx_work_default/4v51/AA/4v51_AA.rmsx.in --map_pdb=/rfs/poseidon_share/s081p868/RNAMotifScanX_nr/rmsx_work_default/4v51/AA/4v51_AA.rmsx.nch --pvalue 1.0 --num_threads 16 --write_alignment
<<<<<<<<<<  ALIGNMENT BEGINS  <<<<<<<<<<

#  Aligning k-turn_consensus and 4v51_AA:235-238_239-247_270-281:
#  Alignment score:  79.8
#  P-value:  3.534e-02
#  Query aligned region: 2-4,5-10
#  Target aligned region: 3:'AA'243-3:'AA'243,6:'AA'246-7:'AA'247,15:'AA'277-20:'AA'282

	G~AG...CGAAGA
	A~AG...CGACGA

#  Matched base-pairing interactions: 
	<A(3:)-G(9:) trans H/S>                        MATCHES	<A(6:'AA'246)-G(19:'AA'281) trans H/S>
	<A(3:)-G(6:) trans S/S>                        MATCHES	<A(6:'AA'246)-G(16:'AA'278) cis -/->
	<G(4:)-A(10:) trans S/S>                       MATCHES	<G(7:'AA'247)-A(20:'AA'282) trans S/S>
	<G(4:)-C(5:) cis W/W>                          MATCHES	<G(7:'AA'247)-C(15:'AA'277) cis W/W>
	<G(2:)-A(10:) trans S/H>                       MATCHES	<A(3:'AA'243)-A(20:'AA'282) trans W/H>
#  Matched base-stacking interactions: 
	<A(3:)-A(10:) outward>                         MATCHES	<A(6:'AA'246)-A(20:'AA'282) outward>

>>>>>>>>>>   ALIGNMENT ENDS   >>>>>>>>>>

<<<<<<<<<<  ALIGNMENT BEGINS  <<<<<<<<<<

#  Aligning k-turn_consensus and 4v51_AA:761-765_1490-1500_783-787:
#  Alignment score:  63
#  P-value:  7.625e-02
#  Query aligned region: 0-3,6-12
#  Target aligned region: 0:'AA'778-3:'AA'781,14:'AA'1522-14:'AA'1522,17:'AA'801-20:'AA'804

	GGGA...G~GAAC
	GCAA...U~UAGU

#  Matched base-pairing interactions: 
	<A(3:)-G(6:) trans S/S>                        MATCHES	<A(3:'AA'781)-U(14:'AA'1522) trans S/S>
	<A(3:)-G(9:) trans H/S>                        MATCHES	<A(3:'AA'781)-U(17:'AA'801) trans H/W>
	<G(2:)-A(10:) trans S/H>                       MATCHES	<A(2:'AA'780)-A(18:'AA'802) trans S/H>
	<G(1:)-A(11:) trans S/H>                       MATCHES	<C(1:'AA'779)-G(19:'AA'803) cis W/W>
	<G(0:)-C(12:) cis W/W>                         MATCHES	<G(0:'AA'778)-U(20:'AA'804) cis W/W>
#  Matched base-stacking interactions: 
	<A(3:)-A(10:) outward>                         MATCHES	<A(3:'AA'781)-A(18:'AA'802) outward>

>>>>>>>>>>   ALIGNMENT ENDS   >>>>>>>>>>

<<<<<<<<<<  ALIGNMENT BEGINS  <<<<<<<<<<

#  Aligning k-turn_consensus and 4v51_AA:667-672_681-689:
#  Alignment score:  60
#  P-value:  9.083e-02
#  Query aligned region: 2-4,5-10
#  Target aligned region: 2:'AA'686-4:'AA'688,7:'AA'699-12:'AA'704

	GAG...CGAAGA
	UAG...CGCAGA

#  Matched base-pairing interactions: 
	<G(4:)-C(5:) cis W/W>                          MATCHES	<G(4:'AA'688)-C(7:'AA'699) cis W/W>
	<A(3:)-G(9:) trans H/S>                        MATCHES	<A(3:'AA'687)-G(11:'AA'703) trans H/S>
	<A(3:)-G(6:) trans S/S>                        MATCHES	<A(3:'AA'687)-G(8:'AA'700) cis -/->
	<G(4:)-A(10:) trans S/S>                       MATCHES	<G(4:'AA'688)-A(12:'AA'704) cis -/->
	<G(2:)-A(10:) trans S/H>                       MATCHES	<U(2:'AA'686)-A(12:'AA'704) trans W/H>
#  Matched base-stacking interactions: 
	<A(3:)-A(10:) outward>                         MATCHES	<A(3:'AA'687)-A(12:'AA'704) outward>

>>>>>>>>>>   ALIGNMENT ENDS   >>>>>>>>>>

<<<<<<<<<<  ALIGNMENT BEGINS  <<<<<<<<<<

#  Aligning k-turn_consensus and 4v51_AA:1310-1318_1279-1290_1218-1222:
#  Alignment score:  55.5
#  P-value:  1.220e-01
#  Query aligned region: 0-3,6-12
#  Target aligned region: 0:'AA'1329-3:'AA'1332,15:'AA'1304-19:'AA'1308

	GGGA...GAAGAAC
	AUGA...G--GAUU

#  Matched base-pairing interactions: 
	<A(3:)-G(9:) trans H/S>                        MATCHES	<A(3:'AA'1332)-G(16:'AA'1305) trans H/S>
	<G(2:)-A(10:) trans S/H>                       MATCHES	<G(2:'AA'1331)-A(17:'AA'1306) trans S/H>
	<A(3:)-G(6:) trans S/S>                        MATCHES	<A(3:'AA'1332)-G(15:'AA'1304) cis -/->
	<G(1:)-A(11:) trans S/H>                       MATCHES	<U(1:'AA'1330)-U(18:'AA'1307) cis W/W>
	<G(0:)-C(12:) cis W/W>                         MATCHES	<A(0:'AA'1329)-U(19:'AA'1308) cis W/W>
#  Matched base-stacking interactions: 
	<A(3:)-A(10:) outward>                         MATCHES	<A(3:'AA'1332)-A(17:'AA'1306) outward>

>>>>>>>>>>   ALIGNMENT ENDS   >>>>>>>>>>

<<<<<<<<<<  ALIGNMENT BEGINS  <<<<<<<<<<

#  Aligning k-turn_consensus and 4v51_AA:1249-1256_1293-1294_1241-1247:
#  Alignment score:  45.2
#  P-value:  3.012e-01
#  Query aligned region: 3-3,6-9
#  Target aligned region: 1:'AA'1269-1:'AA'1269,8:'AA'1312-8:'AA'1312,16:'AA'1266-16:'AA'1266

	A...G~G
	A...G~G

#  Matched base-pairing interactions: 
	<A(3:)-G(6:) trans S/S>                        MATCHES	<A(1:'AA'1269)-G(8:'AA'1312) trans S/S>
	<A(3:)-G(9:) trans H/S>                        MATCHES	<A(1:'AA'1269)-G(16:'AA'1266) trans H/S>
#  Matched base-stacking interactions: 

>>>>>>>>>>   ALIGNMENT ENDS   >>>>>>>>>>

<<<<<<<<<<  ALIGNMENT BEGINS  <<<<<<<<<<

#  Aligning k-turn_consensus and 4v51_AA:1329-1336_1325-1328_1350-1359:
#  Alignment score:  42.8
#  P-value:  4.009e-01
#  Query aligned region: 3-3,6-9
#  Target aligned region: 1:'AA'1349-1:'AA'1349,8:'AA'1344-8:'AA'1344,17:'AA'1373-17:'AA'1373

	A...G~G
	A...C~G

#  Matched base-pairing interactions: 
	<A(3:)-G(6:) trans S/S>                        MATCHES	<A(1:'AA'1349)-C(8:'AA'1344) trans S/S>
	<A(3:)-G(9:) trans H/S>                        MATCHES	<A(1:'AA'1349)-G(17:'AA'1373) trans H/S>
#  Matched base-stacking interactions: 

>>>>>>>>>>   ALIGNMENT ENDS   >>>>>>>>>>

<<<<<<<<<<  ALIGNMENT BEGINS  <<<<<<<<<<

#  Aligning k-turn_consensus and 4v51_AA:731-738_569-571_634-640:
#  Alignment score:  26.3
#  P-value:  1.000e+00
#  Query aligned region: 1-4,5-11
#  Target aligned region: 3:'AA'751-7:'AA'755,8:'AA'586-8:'AA'586,11:'AA'651-15:'AA'655

	GGA-G...C~GAAG-AA
	UGACG...C~C--UAGA

#  Matched base-pairing interactions: 
	<A(3:)-G(6:) trans S/S>                        MATCHES	<A(5:'AA'753)-C(11:'AA'651) cis -/->
	<G(2:)-A(10:) trans S/H>                       MATCHES	<G(4:'AA'752)-G(14:'AA'654) trans S/H>
	<G(4:)-C(5:) cis W/W>                          MATCHES	<G(7:'AA'755)-C(8:'AA'586) cis W/W>
	<A(3:)-G(9:) trans H/S>                        MATCHES	<A(5:'AA'753)-U(12:'AA'652) trans H/W>
	<G(4:)-A(10:) trans S/S>                       MATCHES	<G(7:'AA'755)-G(14:'AA'654) cis S/S>
	<G(1:)-A(11:) trans S/H>                       MATCHES	<U(3:'AA'751)-A(15:'AA'655) cis W/W>
#  Matched base-stacking interactions: 
	<A(3:)-A(10:) outward>                         MATCHES	<A(5:'AA'753)-G(14:'AA'654) outward>

>>>>>>>>>>   ALIGNMENT ENDS   >>>>>>>>>>

<<<<<<<<<<  ALIGNMENT BEGINS  <<<<<<<<<<

#  Aligning k-turn_consensus and 4v51_AA:431-437_476-482_399-401:
#  Alignment score:  25.7
#  P-value:  1.000e+00
#  Query aligned region: 0-1,11-12
#  Target aligned region: 0:'AA'436-2:'AA'438,11:'AA'496-11:'AA'496,16:'AA'406-16:'AA'406

	G-G...A~C
	CUG...A~G

#  Matched base-pairing interactions: 
	<G(0:)-C(12:) cis W/W>                         MATCHES	<C(0:'AA'436)-G(16:'AA'406) cis W/W>
	<G(1:)-A(11:) trans S/H>                       MATCHES	<G(2:'AA'438)-A(11:'AA'496) trans S/H>
#  Matched base-stacking interactions: 

>>>>>>>>>>   ALIGNMENT ENDS   >>>>>>>>>>

<<<<<<<<<<  ALIGNMENT BEGINS  <<<<<<<<<<

#  Aligning k-turn_consensus and 4v51_AA:451-459:
#  Alignment score:  25.5
#  P-value:  1.000e+00
#  Query aligned region: 0-1,11-12
#  Target aligned region: 1:'AA'458-8:'AA'474

	GG...A-C
	CG...AGG

#  Matched base-pairing interactions: 
	<G(0:)-C(12:) cis W/W>                         MATCHES	<C(1:'AA'458)-G(8:'AA'474) cis W/W>
	<G(1:)-A(11:) trans S/H>                       MATCHES	<G(2:'AA'460)-A(6:'AA'472) trans S/H>
#  Matched base-stacking interactions: 

>>>>>>>>>>   ALIGNMENT ENDS   >>>>>>>>>>

<<<<<<<<<<  ALIGNMENT BEGINS  <<<<<<<<<<

#  Aligning k-turn_consensus and 4v51_AA:600-606_38-43_392-398:
#  Alignment score:  25
#  P-value:  1.000e+00
#  Query aligned region: 3-3,6-9
#  Target aligned region: 5:'AA'622-5:'AA'622,11:'AA'42-11:'AA'42,16:'AA'400-16:'AA'400

	A...G~G
	A...G~C

#  Matched base-pairing interactions: 
	<A(3:)-G(6:) trans S/S>                        MATCHES	<A(5:'AA'622)-G(11:'AA'42) trans S/S>
	<A(3:)-G(9:) trans H/S>                        MATCHES	<A(5:'AA'622)-C(16:'AA'400) cis S/S>
#  Matched base-stacking interactions: 

>>>>>>>>>>   ALIGNMENT ENDS   >>>>>>>>>>

<<<<<<<<<<  ALIGNMENT BEGINS  <<<<<<<<<<

#  Aligning k-turn_consensus and 4v51_AA:865-875_879-886:
#  Alignment score:  24.6
#  P-value:  1.000e+00
#  Query aligned region: 1-1,11-11
#  Target aligned region: 0:'AA'888-0:'AA'888,18:'AA'909-18:'AA'909

	G...A
	G...A

#  Matched base-pairing interactions: 
	<G(1:)-A(11:) trans S/H>                       MATCHES	<G(0:'AA'888)-A(18:'AA'909) trans S/H>
#  Matched base-stacking interactions: 

>>>>>>>>>>   ALIGNMENT ENDS   >>>>>>>>>>

<<<<<<<<<<  ALIGNMENT BEGINS  <<<<<<<<<<

#  Aligning k-turn_consensus and 4v51_AA:556-559_546-552_857-860:
#  Alignment score:  24.6
#  P-value:  1.000e+00
#  Query aligned region: 3-3,6-9
#  Target aligned region: 1:'AA'574-1:'AA'574,9:'AA'568-9:'AA'568,13:'AA'882-13:'AA'882

	A...G~G
	A...G~C

#  Matched base-pairing interactions: 
	<A(3:)-G(6:) trans S/S>                        MATCHES	<A(1:'AA'574)-G(9:'AA'568) trans S/S>
	<A(3:)-G(9:) trans H/S>                        MATCHES	<A(1:'AA'574)-C(13:'AA'882) cis S/S>
#  Matched base-stacking interactions: 

>>>>>>>>>>   ALIGNMENT ENDS   >>>>>>>>>>

<<<<<<<<<<  ALIGNMENT BEGINS  <<<<<<<<<<

#  Aligning k-turn_consensus and 4v51_AA:783-787_761-765_1490-1500:
#  Alignment score:  23.8
#  P-value:  1.000e+00
#  Query aligned region: 1-1,11-11
#  Target aligned region: 0:'AA'800-0:'AA'800,9:'AA'782-9:'AA'782

	G...A
	G...A

#  Matched base-pairing interactions: 
	<G(1:)-A(11:) trans S/H>                       MATCHES	<G(0:'AA'800)-A(9:'AA'782) trans S/H>
#  Matched base-stacking interactions: 

>>>>>>>>>>   ALIGNMENT ENDS   >>>>>>>>>>

<<<<<<<<<<  ALIGNMENT BEGINS  <<<<<<<<<<

#  Aligning k-turn_consensus and 4v51_AA:749-751_1483-1490_1498-1507:
#  Alignment score:  23.8
#  P-value:  1.000e+00
#  Query aligned region: 3-3,6-9
#  Target aligned region: 1:'AA'767-1:'AA'767,8:'AA'1511-8:'AA'1511,14:'AA'1524-14:'AA'1524

	A...G~G
	A...G~C

#  Matched base-pairing interactions: 
	<A(3:)-G(6:) trans S/S>                        MATCHES	<A(1:'AA'767)-G(8:'AA'1511) trans S/S>
	<A(3:)-G(9:) trans H/S>                        MATCHES	<A(1:'AA'767)-C(14:'AA'1524) cis S/S>
#  Matched base-stacking interactions: 

>>>>>>>>>>   ALIGNMENT ENDS   >>>>>>>>>>

<<<<<<<<<<  ALIGNMENT BEGINS  <<<<<<<<<<

#  Aligning k-turn_consensus and 4v51_AA:1341-1345_953-958_1295-1304:
#  Alignment score:  23.8
#  P-value:  1.000e+00
#  Query aligned region: 1-1,11-11
#  Target aligned region: 8:'AA'979-8:'AA'979,14:'AA'1317-14:'AA'1317

	G...A
	C...C

#  Matched base-pairing interactions: 
	<G(1:)-A(11:) trans S/H>                       MATCHES	<C(8:'AA'979)-C(14:'AA'1317) trans S/H>
#  Matched base-stacking interactions: 

>>>>>>>>>>   ALIGNMENT ENDS   >>>>>>>>>>

<<<<<<<<<<  ALIGNMENT BEGINS  <<<<<<<<<<

#  Aligning k-turn_consensus and 4v51_AA:855-857_559-567_739-746:
#  Alignment score:  23.2
#  P-value:  1.000e+00
#  Query aligned region: 0-1,11-12
#  Target aligned region: 7:'AA'580-8:'AA'581,16:'AA'760-17:'AA'761

	GG...AC
	UG...GG

#  Matched base-pairing interactions: 
	<G(1:)-A(11:) trans S/H>                       MATCHES	<G(8:'AA'581)-G(16:'AA'760) trans S/H>
	<G(0:)-C(12:) cis W/W>                         MATCHES	<U(7:'AA'580)-G(17:'AA'761) cis W/W>
#  Matched base-stacking interactions: 

>>>>>>>>>>   ALIGNMENT ENDS   >>>>>>>>>>

<<<<<<<<<<  ALIGNMENT BEGINS  <<<<<<<<<<

#  Aligning k-turn_consensus and 4v51_AA:677-688_780-781_670-675:
#  Alignment score:  23.2
#  P-value:  1.000e+00
#  Query aligned region: 3-3,6-9
#  Target aligned region: 2:'AA'696-2:'AA'696,12:'AA'797-12:'AA'797,18:'AA'691-18:'AA'691

	A...G~G
	A...C~G

#  Matched base-pairing interactions: 
	<A(3:)-G(9:) trans H/S>                        MATCHES	<A(2:'AA'696)-G(18:'AA'691) trans H/S>
	<A(3:)-G(6:) trans S/S>                        MATCHES	<A(2:'AA'696)-C(12:'AA'797) cis -/->
#  Matched base-stacking interactions: 

>>>>>>>>>>   ALIGNMENT ENDS   >>>>>>>>>>

<<<<<<<<<<  ALIGNMENT BEGINS  <<<<<<<<<<

#  Aligning k-turn_consensus and 4v51_AA:319-322_97-104_60-63:
#  Alignment score:  23
#  P-value:  1.000e+00
#  Query aligned region: 1-1,11-11
#  Target aligned region: 0:'AA'324-0:'AA'324,9:'AA'109-9:'AA'109

	G...A
	G...A

#  Matched base-pairing interactions: 
	<G(1:)-A(11:) trans S/H>                       MATCHES	<G(0:'AA'324)-A(9:'AA'109) trans S/H>
#  Matched base-stacking interactions: 

>>>>>>>>>>   ALIGNMENT ENDS   >>>>>>>>>>

<<<<<<<<<<  ALIGNMENT BEGINS  <<<<<<<<<<

#  Aligning k-turn_consensus and 4v51_AA:441-446_464-471_366-369:
#  Alignment score:  23
#  P-value:  1.000e+00
#  Query aligned region: 1-1,11-11
#  Target aligned region: 0:'AA'447-0:'AA'447,13:'AA'487-13:'AA'487

	G...A
	G...A

#  Matched base-pairing interactions: 
	<G(1:)-A(11:) trans S/H>                       MATCHES	<G(0:'AA'447)-A(13:'AA'487) trans S/H>
#  Matched base-stacking interactions: 

>>>>>>>>>>   ALIGNMENT ENDS   >>>>>>>>>>

<<<<<<<<<<  ALIGNMENT BEGINS  <<<<<<<<<<

#  Aligning k-turn_consensus and 4v51_AA:885-892_862-866_20-22:
#  Alignment score:  22.8
#  P-value:  1.000e+00
#  Query aligned region: 3-3,6-9
#  Target aligned region: 6:'AA'914-6:'AA'914,8:'AA'885-8:'AA'885,14:'AA'21-14:'AA'21

	A...G~G
	A...G~G

#  Matched base-pairing interactions: 
	<A(3:)-G(9:) trans H/S>                        MATCHES	<A(6:'AA'914)-G(14:'AA'21) trans H/S>
	<A(3:)-G(6:) trans S/S>                        MATCHES	<A(6:'AA'914)-G(8:'AA'885) cis -/->
#  Matched base-stacking interactions: 

>>>>>>>>>>   ALIGNMENT ENDS   >>>>>>>>>>

<<<<<<<<<<  ALIGNMENT BEGINS  <<<<<<<<<<

#  Aligning k-turn_consensus and 4v51_AA:1490-1500_1474-1475_770-778:
#  Alignment score:  22.6
#  P-value:  1.000e+00
#  Query aligned region: 3-3,6-9
#  Target aligned region: 6:'AA'1519-7:'AA'1520,11:'AA'1497-11:'AA'1497

	A...G~G
	A...G~G

#  Matched base-pairing interactions: 
	<A(3:)-G(6:) trans S/S>                        MATCHES	<A(6:'AA'1519)-G(7:'AA'1520) trans S/S>
	<A(3:)-G(9:) trans H/S>                        MATCHES	<A(6:'AA'1519)-G(11:'AA'1497) trans S/S>
#  Matched base-stacking interactions: 

>>>>>>>>>>   ALIGNMENT ENDS   >>>>>>>>>>

<<<<<<<<<<  ALIGNMENT BEGINS  <<<<<<<<<<

#  Aligning k-turn_consensus and 4v51_AA:1415-1417_311-316_327-333:
#  Alignment score:  22.6
#  P-value:  1.000e+00
#  Query aligned region: 3-3,6-9
#  Target aligned region: 1:'AA'1434-1:'AA'1434,6:'AA'319-6:'AA'319,11:'AA'334-11:'AA'334

	A...G~G
	A...G~C

#  Matched base-pairing interactions: 
	<A(3:)-G(6:) trans S/S>                        MATCHES	<A(1:'AA'1434)-G(6:'AA'319) trans S/S>
	<A(3:)-G(9:) trans H/S>                        MATCHES	<A(1:'AA'1434)-C(11:'AA'334) cis S/S>
#  Matched base-stacking interactions: 

>>>>>>>>>>   ALIGNMENT ENDS   >>>>>>>>>>

<<<<<<<<<<  ALIGNMENT BEGINS  <<<<<<<<<<

#  Aligning k-turn_consensus and 4v51_AA:201-204_132-138_214-221:
#  Alignment score:  22.6
#  P-value:  1.000e+00
#  Query aligned region: 3-3,6-9
#  Target aligned region: 1:'AA'196-1:'AA'196,8:'AA'142-8:'AA'142,13:'AA'221-13:'AA'221

	A...G~G
	A...G~C

#  Matched base-pairing interactions: 
	<A(3:)-G(6:) trans S/S>                        MATCHES	<A(1:'AA'196)-G(8:'AA'142) trans S/S>
	<A(3:)-G(9:) trans H/S>                        MATCHES	<A(1:'AA'196)-C(13:'AA'221) cis S/S>
#  Matched base-stacking interactions: 

>>>>>>>>>>   ALIGNMENT ENDS   >>>>>>>>>>

<<<<<<<<<<  ALIGNMENT BEGINS  <<<<<<<<<<

#  Aligning k-turn_consensus and 4v51_AA:678-680_763-771_775-785:
#  Alignment score:  22.6
#  P-value:  1.000e+00
#  Query aligned region: 1-1,11-11
#  Target aligned region: 3:'AA'780-3:'AA'780,22:'AA'802-22:'AA'802

	G...A
	A...A

#  Matched base-pairing interactions: 
	<G(1:)-A(11:) trans S/H>                       MATCHES	<A(3:'AA'780)-A(22:'AA'802) trans S/H>
#  Matched base-stacking interactions: 

>>>>>>>>>>   ALIGNMENT ENDS   >>>>>>>>>>

<<<<<<<<<<  ALIGNMENT BEGINS  <<<<<<<<<<

#  Aligning k-turn_consensus and 4v51_AA:846-851_809-817_830-837:
#  Alignment score:  22.2
#  P-value:  1.000e+00
#  Query aligned region: 1-1,11-11
#  Target aligned region: 0:'AA'869-0:'AA'869,22:'AA'860-22:'AA'860

	G...A
	G...A

#  Matched base-pairing interactions: 
	<G(1:)-A(11:) trans S/H>                       MATCHES	<G(0:'AA'869)-A(22:'AA'860) trans S/H>
#  Matched base-stacking interactions: 

>>>>>>>>>>   ALIGNMENT ENDS   >>>>>>>>>>

<<<<<<<<<<  ALIGNMENT BEGINS  <<<<<<<<<<

#  Aligning k-turn_consensus and 4v51_AA:769-779_1496-1502_1483-1493:
#  Alignment score:  19.4
#  P-value:  1.000e+00
#  Query aligned region: 3-3,6-9
#  Target aligned region: 8:'AA'794-8:'AA'794,13:'AA'1521-13:'AA'1521,18:'AA'1506-18:'AA'1506

	A...G~G
	A...G~U

#  Matched base-pairing interactions: 
	<A(3:)-G(6:) trans S/S>                        MATCHES	<A(8:'AA'794)-G(13:'AA'1521) trans S/S>
	<A(3:)-G(9:) trans H/S>                        MATCHES	<A(8:'AA'794)-U(18:'AA'1506) trans S/W>
#  Matched base-stacking interactions: 

>>>>>>>>>>   ALIGNMENT ENDS   >>>>>>>>>>

<<<<<<<<<<  ALIGNMENT BEGINS  <<<<<<<<<<

#  Aligning k-turn_consensus and 4v51_AA:1042-1050_1089-1091_1171-1178:
#  Alignment score:  19.4
#  P-value:  1.000e+00
#  Query aligned region: 2-4,5-10
#  Target aligned region: 6:'AA'1066-8:'AA'1068,9:'AA'1107-10:'AA'1108,13:'AA'1191-13:'AA'1191

	GAG...CG~A
	CAG...CG~A

#  Matched base-pairing interactions: 
	<G(4:)-A(10:) trans S/S>                       MATCHES	<G(8:'AA'1068)-A(13:'AA'1191) trans S/S>
	<G(2:)-A(10:) trans S/H>                       MATCHES	<C(6:'AA'1066)-A(13:'AA'1191) trans W/H>
	<G(4:)-C(5:) cis W/W>                          MATCHES	<G(8:'AA'1068)-C(9:'AA'1107) cis W/W>
	<A(3:)-G(6:) trans S/S>                        MATCHES	<A(7:'AA'1067)-G(10:'AA'1108) cis -/->
#  Matched base-stacking interactions: 

>>>>>>>>>>   ALIGNMENT ENDS   >>>>>>>>>>

<<<<<<<<<<  ALIGNMENT BEGINS  <<<<<<<<<<

#  Aligning k-turn_consensus and 4v51_AA:509-519_499-505:
#  Alignment score:  19.4
#  P-value:  1.000e+00
#  Query aligned region: 3-3,6-9
#  Target aligned region: 7:'AA'533-9:'AA'535,11:'AA'516-11:'AA'516

	A...G~G
	A...A~U

#  Matched base-pairing interactions: 
	<A(3:)-G(6:) trans S/S>                        MATCHES	<A(7:'AA'533)-A(9:'AA'535) trans S/S>
	<A(3:)-G(9:) trans H/S>                        MATCHES	<A(7:'AA'533)-U(11:'AA'516) trans H/W>
#  Matched base-stacking interactions: 

>>>>>>>>>>   ALIGNMENT ENDS   >>>>>>>>>>

<<<<<<<<<<  ALIGNMENT BEGINS  <<<<<<<<<<

#  Aligning k-turn_consensus and 4v51_AA:645-649_704-716_723-727:
#  Alignment score:  19.2
#  P-value:  1.000e+00
#  Query aligned region: 0-1,11-12
#  Target aligned region: 0:'AA'662-0:'AA'662,11:'AA'727-14:'AA'730,21:'AA'743-21:'AA'743

	G~G...A~C
	G~G...G~U

#  Matched base-pairing interactions: 
	<G(0:)-C(12:) cis W/W>                         MATCHES	<G(0:'AA'662)-U(21:'AA'743) cis W/W>
	<G(1:)-A(11:) trans S/H>                       MATCHES	<G(11:'AA'727)-G(14:'AA'730) trans S/H>
#  Matched base-stacking interactions: 

>>>>>>>>>>   ALIGNMENT ENDS   >>>>>>>>>>

<<<<<<<<<<  ALIGNMENT BEGINS  <<<<<<<<<<

#  Aligning k-turn_consensus and 4v51_AA:60-63_97-104_319-322:
#  Alignment score:  19
#  P-value:  1.000e+00
#  Query aligned region: 3-3,6-9
#  Target aligned region: 0:'AA'60-0:'AA'60,7:'AA'107-11:'AA'111

	A...G-AAG
	A...GGACG

#  Matched base-pairing interactions: 
	<A(3:)-G(6:) trans S/S>                        MATCHES	<A(0:'AA'60)-G(7:'AA'107) trans S/S>
	<A(3:)-G(9:) trans H/S>                        MATCHES	<A(0:'AA'60)-G(11:'AA'111) cis -/->
#  Matched base-stacking interactions: 

>>>>>>>>>>   ALIGNMENT ENDS   >>>>>>>>>>

<<<<<<<<<<  ALIGNMENT BEGINS  <<<<<<<<<<

#  Aligning k-turn_consensus and 4v51_AA:1341-1345_1295-1304_953-958:
#  Alignment score:  17.4
#  P-value:  1.000e+00
#  Query aligned region: 1-1,11-11
#  Target aligned region: 16:'AA'977-19:'AA'980

	G...A
	A...C

#  Matched base-pairing interactions: 
	<G(1:)-A(11:) trans S/H>                       MATCHES	<A(16:'AA'977)-C(19:'AA'980) trans S/H>
#  Matched base-stacking interactions: 

>>>>>>>>>>   ALIGNMENT ENDS   >>>>>>>>>>

<<<<<<<<<<  ALIGNMENT BEGINS  <<<<<<<<<<

#  Aligning k-turn_consensus and 4v51_AA:1239-1246_1251-1260:
#  Alignment score:  16.8
#  P-value:  1.000e+00
#  Query aligned region: 3-3,6-9
#  Target aligned region: 3:'AA'1261-4:'AA'1262,12:'AA'1274-12:'AA'1274

	A...G~G
	A...C~G

#  Matched base-pairing interactions: 
	<A(3:)-G(9:) trans H/S>                        MATCHES	<A(3:'AA'1261)-G(12:'AA'1274) trans H/S>
	<A(3:)-G(6:) trans S/S>                        MATCHES	<A(3:'AA'1261)-C(4:'AA'1262) cis -/->
#  Matched base-stacking interactions: 

>>>>>>>>>>   ALIGNMENT ENDS   >>>>>>>>>>

<<<<<<<<<<  ALIGNMENT BEGINS  <<<<<<<<<<

#  Aligning k-turn_consensus and 4v51_AA:1420-1441:
#  Alignment score:  16.8
#  P-value:  1.000e+00
#  Query aligned region: 0-1,11-12
#  Target aligned region: 1:'AA'1439-19:'AA'1462

	G-G...A-C
	CCG...AGG

#  Matched base-pairing interactions: 
	<G(0:)-C(12:) cis W/W>                         MATCHES	<C(1:'AA'1439)-G(19:'AA'1462) cis W/W>
	<G(1:)-A(11:) trans S/H>                       MATCHES	<G(3:'AA'1441)-A(17:'AA'1460) trans S/H>
#  Matched base-stacking interactions: 

>>>>>>>>>>   ALIGNMENT ENDS   >>>>>>>>>>

<<<<<<<<<<  ALIGNMENT BEGINS  <<<<<<<<<<

#  Aligning k-turn_consensus and 4v51_AA:1063-1067_1083-1089_1050-1058:
#  Alignment score:  15.8
#  P-value:  1.000e+00
#  Query aligned region: 2-4,5-10
#  Target aligned region: 2:'AA'1083-3:'AA'1084,5:'AA'1101-7:'AA'1103,17:'AA'1073-18:'AA'1074

	GA~G...CG~GA
	UG~A...AC~UG

#  Matched base-pairing interactions: 
	<A(3:)-G(6:) trans S/S>                        MATCHES	<G(3:'AA'1084)-C(7:'AA'1103) cis -/->
	<A(3:)-G(9:) trans H/S>                        MATCHES	<G(3:'AA'1084)-U(17:'AA'1073) cis S/H>
	<G(4:)-A(10:) trans S/S>                       MATCHES	<A(5:'AA'1101)-G(18:'AA'1074) trans S/S>
	<G(4:)-C(5:) cis W/W>                          MATCHES	<A(5:'AA'1101)-A(6:'AA'1102) cis S/S>
	<G(2:)-A(10:) trans S/H>                       MATCHES	<U(2:'AA'1083)-G(18:'AA'1074) cis W/W>
#  Matched base-stacking interactions: 

>>>>>>>>>>   ALIGNMENT ENDS   >>>>>>>>>>

<<<<<<<<<<  ALIGNMENT BEGINS  <<<<<<<<<<

#  Aligning k-turn_consensus and 4v51_AA:1326-1330_1355-1362_912-915:
#  Alignment score:  15
#  P-value:  1.000e+00
#  Query aligned region: 0-1,11-12
#  Target aligned region: 11:'AA'1379-12:'AA'1380,13:'AA'935-14:'AA'936

	GG...AC
	GU...AC

#  Matched base-pairing interactions: 
	<G(1:)-A(11:) trans S/H>                       MATCHES	<U(12:'AA'1380)-A(13:'AA'935) cis W/W>
	<G(0:)-C(12:) cis W/W>                         MATCHES	<G(11:'AA'1379)-C(14:'AA'936) cis W/W>
#  Matched base-stacking interactions: 

>>>>>>>>>>   ALIGNMENT ENDS   >>>>>>>>>>

<<<<<<<<<<  ALIGNMENT BEGINS  <<<<<<<<<<

#  Aligning k-turn_consensus and 4v51_AA:857-860_546-558_841-843:
#  Alignment score:  15
#  P-value:  1.000e+00
#  Query aligned region: 0-1,11-12
#  Target aligned region: 11:'AA'570-12:'AA'571,18:'AA'865-19:'AA'866

	GG...AC
	GU...AC

#  Matched base-pairing interactions: 
	<G(1:)-A(11:) trans S/H>                       MATCHES	<U(12:'AA'571)-A(18:'AA'865) cis W/W>
	<G(0:)-C(12:) cis W/W>                         MATCHES	<G(11:'AA'570)-C(19:'AA'866) cis W/W>
#  Matched base-stacking interactions: 

>>>>>>>>>>   ALIGNMENT ENDS   >>>>>>>>>>

<<<<<<<<<<  ALIGNMENT BEGINS  <<<<<<<<<<

#  Aligning k-turn_consensus and 4v51_AA:751-761_787-794_697-698:
#  Alignment score:  14.6
#  P-value:  1.000e+00
#  Query aligned region: 0-1,11-12
#  Target aligned region: 0:'AA'768-1:'AA'769,17:'AA'810-18:'AA'811

	GG...AC
	AG...CC

#  Matched base-pairing interactions: 
	<G(1:)-A(11:) trans S/H>                       MATCHES	<G(1:'AA'769)-C(17:'AA'810) cis W/W>
	<G(0:)-C(12:) cis W/W>                         MATCHES	<A(0:'AA'768)-C(18:'AA'811) cis W/W>
#  Matched base-stacking interactions: 

>>>>>>>>>>   ALIGNMENT ENDS   >>>>>>>>>>

<<<<<<<<<<  ALIGNMENT BEGINS  <<<<<<<<<<

#  Aligning k-turn_consensus and 4v51_AA:499-505_509-519:
#  Alignment score:  14.6
#  P-value:  1.000e+00
#  Query aligned region: 0-1,11-12
#  Target aligned region: 5:'AA'521-6:'AA'522,8:'AA'527-9:'AA'528

	GG...AC
	GC...GC

#  Matched base-pairing interactions: 
	<G(1:)-A(11:) trans S/H>                       MATCHES	<C(6:'AA'522)-G(8:'AA'527) cis W/W>
	<G(0:)-C(12:) cis W/W>                         MATCHES	<G(5:'AA'521)-C(9:'AA'528) cis W/W>
#  Matched base-stacking interactions: 

>>>>>>>>>>   ALIGNMENT ENDS   >>>>>>>>>>

<<<<<<<<<<  ALIGNMENT BEGINS  <<<<<<<<<<

#  Aligning k-turn_consensus and 4v51_AA:890-896_16-22_837-846:
#  Alignment score:  14.2
#  P-value:  1.000e+00
#  Query aligned region: 0-1,11-12
#  Target aligned region: 5:'AA'918-6:'AA'919,7:'AA'16-8:'AA'17

	GG...AC
	AA...AU

#  Matched base-pairing interactions: 
	<G(1:)-A(11:) trans S/H>                       MATCHES	<A(6:'AA'919)-A(7:'AA'16) cis W/W>
	<G(0:)-C(12:) cis W/W>                         MATCHES	<A(5:'AA'918)-U(8:'AA'17) cis W/W>
#  Matched base-stacking interactions: 

>>>>>>>>>>   ALIGNMENT ENDS   >>>>>>>>>>

<<<<<<<<<<  ALIGNMENT BEGINS  <<<<<<<<<<

#  Aligning k-turn_consensus and 4v51_AA:866-875_878-885_794-795:
#  Alignment score:  14.2
#  P-value:  1.000e+00
#  Query aligned region: 0-1,11-12
#  Target aligned region: 8:'AA'897-9:'AA'898,10:'AA'901-11:'AA'902

	GG...AC
	CG...AG

#  Matched base-pairing interactions: 
	<G(1:)-A(11:) trans S/H>                       MATCHES	<G(9:'AA'898)-A(10:'AA'901) cis -/->
	<G(0:)-C(12:) cis W/W>                         MATCHES	<C(8:'AA'897)-G(11:'AA'902) cis W/W>
#  Matched base-stacking interactions: 

>>>>>>>>>>   ALIGNMENT ENDS   >>>>>>>>>>

<<<<<<<<<<  ALIGNMENT BEGINS  <<<<<<<<<<

#  Aligning k-turn_consensus and 4v51_AA:1385-1390_1471-1476_1488-1502:
#  Alignment score:  14
#  P-value:  1.000e+00
#  Query aligned region: 0-1,11-12
#  Target aligned region: 2:'AA'1405-3:'AA'1406,7:'AA'1495-8:'AA'1496

	GG...AC
	GU...UC

#  Matched base-pairing interactions: 
	<G(1:)-A(11:) trans S/H>                       MATCHES	<U(3:'AA'1406)-U(7:'AA'1495) cis W/W>
	<G(0:)-C(12:) cis W/W>                         MATCHES	<G(2:'AA'1405)-C(8:'AA'1496) cis W/W>
#  Matched base-stacking interactions: 

>>>>>>>>>>   ALIGNMENT ENDS   >>>>>>>>>>

<<<<<<<<<<  ALIGNMENT BEGINS  <<<<<<<<<<

#  Aligning k-turn_consensus and 4v51_AA:1171-1178_1089-1091_1042-1050:
#  Alignment score:  14
#  P-value:  1.000e+00
#  Query aligned region: 0-1,11-12
#  Target aligned region: 3:'AA'1193-4:'AA'1194,13:'AA'1062-14:'AA'1063

	GG...AC
	GU...UC

#  Matched base-pairing interactions: 
	<G(1:)-A(11:) trans S/H>                       MATCHES	<U(4:'AA'1194)-U(13:'AA'1062) cis W/W>
	<G(0:)-C(12:) cis W/W>                         MATCHES	<G(3:'AA'1193)-C(14:'AA'1063) cis W/W>
#  Matched base-stacking interactions: 

>>>>>>>>>>   ALIGNMENT ENDS   >>>>>>>>>>

<<<<<<<<<<  ALIGNMENT BEGINS  <<<<<<<<<<

#  Aligning k-turn_consensus and 4v51_AA:998-1001_1002-1004_984-987:
#  Alignment score:  14
#  P-value:  1.000e+00
#  Query aligned region: 0-1,11-12
#  Target aligned region: 2:'AA'1022-2:'AA'1022,5:'AA'1025-6:'AA'1026,8:'AA'1007-8:'AA'1007

	G~G...A~C
	G~U...G~C

#  Matched base-pairing interactions: 
	<G(0:)-C(12:) cis W/W>                         MATCHES	<G(2:'AA'1022)-C(8:'AA'1007) cis W/W>
	<G(1:)-A(11:) trans S/H>                       MATCHES	<U(5:'AA'1025)-G(6:'AA'1026) cis S/H>
#  Matched base-stacking interactions: 

>>>>>>>>>>   ALIGNMENT ENDS   >>>>>>>>>>

<<<<<<<<<<  ALIGNMENT BEGINS  <<<<<<<<<<

#  Aligning k-turn_consensus and 4v51_AA:95-100_65-68_60-64:
#  Alignment score:  13.8
#  P-value:  1.000e+00
#  Query aligned region: 0-1,11-12
#  Target aligned region: 0:'AA'102-1:'AA'103,7:'AA'66-8:'AA'67

	GG...AC
	GC...GC

#  Matched base-pairing interactions: 
	<G(1:)-A(11:) trans S/H>                       MATCHES	<C(1:'AA'103)-G(7:'AA'66) cis W/W>
	<G(0:)-C(12:) cis W/W>                         MATCHES	<G(0:'AA'102)-C(8:'AA'67) cis W/W>
#  Matched base-stacking interactions: 

>>>>>>>>>>   ALIGNMENT ENDS   >>>>>>>>>>

<<<<<<<<<<  ALIGNMENT BEGINS  <<<<<<<<<<

#  Aligning k-turn_consensus and 4v51_AA:1441-1446_1413-1420_329-330:
#  Alignment score:  13.8
#  P-value:  1.000e+00
#  Query aligned region: 0-1,11-12
#  Target aligned region: 0:'AA'1464-1:'AA'1465,11:'AA'1436-12:'AA'1437

	GG...AC
	GC...UC

#  Matched base-pairing interactions: 
	<G(1:)-A(11:) trans S/H>                       MATCHES	<C(1:'AA'1465)-U(11:'AA'1436) cis W/W>
	<G(0:)-C(12:) cis W/W>                         MATCHES	<G(0:'AA'1464)-C(12:'AA'1437) cis W/W>
#  Matched base-stacking interactions: 

>>>>>>>>>>   ALIGNMENT ENDS   >>>>>>>>>>

<<<<<<<<<<  ALIGNMENT BEGINS  <<<<<<<<<<

#  Aligning k-turn_consensus and 4v51_AA:296-300_285-291_113-116:
#  Alignment score:  13.8
#  P-value:  1.000e+00
#  Query aligned region: 0-1,11-12
#  Target aligned region: 3:'AA'304-4:'AA'305,7:'AA'292-8:'AA'293

	GG...AC
	UG...GG

#  Matched base-pairing interactions: 
	<G(1:)-A(11:) trans S/H>                       MATCHES	<G(4:'AA'305)-G(7:'AA'292) cis -/->
	<G(0:)-C(12:) cis W/W>                         MATCHES	<U(3:'AA'304)-G(8:'AA'293) cis W/W>
#  Matched base-stacking interactions: 

>>>>>>>>>>   ALIGNMENT ENDS   >>>>>>>>>>

<<<<<<<<<<  ALIGNMENT BEGINS  <<<<<<<<<<

#  Aligning k-turn_consensus and 4v51_AA:38-43_600-606_392-398:
#  Alignment score:  13.6
#  P-value:  1.000e+00
#  Query aligned region: 0-1,11-12
#  Target aligned region: 1:'AA'39-1:'AA'39,7:'AA'618-10:'AA'621,19:'AA'403-19:'AA'403

	G~G...A~C
	G~C...A~C

#  Matched base-pairing interactions: 
	<G(0:)-C(12:) cis W/W>                         MATCHES	<G(1:'AA'39)-C(19:'AA'403) cis W/W>
	<G(1:)-A(11:) trans S/H>                       MATCHES	<C(7:'AA'618)-A(10:'AA'621) cis -/->
#  Matched base-stacking interactions: 

>>>>>>>>>>   ALIGNMENT ENDS   >>>>>>>>>>

<<<<<<<<<<  ALIGNMENT BEGINS  <<<<<<<<<<

#  Aligning k-turn_consensus and 4v51_AA:1034-1044_1175-1187:
#  Alignment score:  13.6
#  P-value:  1.000e+00
#  Query aligned region: 0-1,11-12
#  Target aligned region: 5:'AA'1057-6:'AA'1058,19:'AA'1202-20:'AA'1203

	GG...AC
	GG...GC

#  Matched base-pairing interactions: 
	<G(1:)-A(11:) trans S/H>                       MATCHES	<G(6:'AA'1058)-G(19:'AA'1202) trans S/H>
	<G(0:)-C(12:) cis W/W>                         MATCHES	<G(5:'AA'1057)-C(20:'AA'1203) cis W/W>
#  Matched base-stacking interactions: 

>>>>>>>>>>   ALIGNMENT ENDS   >>>>>>>>>>

<<<<<<<<<<  ALIGNMENT BEGINS  <<<<<<<<<<

#  Aligning k-turn_consensus and 4v51_AA:810-812_834-840_842-851:
#  Alignment score:  13.6
#  P-value:  1.000e+00
#  Query aligned region: 0-1,11-12
#  Target aligned region: 8:'AA'862-9:'AA'863,11:'AA'866-12:'AA'867

	GG...AC
	CU...CG

#  Matched base-pairing interactions: 
	<G(1:)-A(11:) trans S/H>                       MATCHES	<U(9:'AA'863)-C(11:'AA'866) cis -/->
	<G(0:)-C(12:) cis W/W>                         MATCHES	<C(8:'AA'862)-G(12:'AA'867) cis W/W>
#  Matched base-stacking interactions: 

>>>>>>>>>>   ALIGNMENT ENDS   >>>>>>>>>>

<<<<<<<<<<  ALIGNMENT BEGINS  <<<<<<<<<<

#  Aligning k-turn_consensus and 4v51_AA:35-39_527-533_481-485:
#  Alignment score:  13.4
#  P-value:  1.000e+00
#  Query aligned region: 0-1,11-12
#  Target aligned region: 6:'AA'545-7:'AA'546,13:'AA'499-14:'AA'500

	GG...AC
	CG...AG

#  Matched base-pairing interactions: 
	<G(1:)-A(11:) trans S/H>                       MATCHES	<G(7:'AA'546)-A(13:'AA'499) cis -/->
	<G(0:)-C(12:) cis W/W>                         MATCHES	<C(6:'AA'545)-G(14:'AA'500) cis W/W>
#  Matched base-stacking interactions: 

>>>>>>>>>>   ALIGNMENT ENDS   >>>>>>>>>>

<<<<<<<<<<  ALIGNMENT BEGINS  <<<<<<<<<<

#  Aligning k-turn_consensus and 4v51_AA:305-310_105-109_113-116:
#  Alignment score:  12.4
#  P-value:  1.000e+00
#  Query aligned region: 0-1,11-12
#  Target aligned region: 4:'AA'314-5:'AA'315,6:'AA'112-7:'AA'113

	GG...AC
	CA...GG

#  Matched base-pairing interactions: 
	<G(1:)-A(11:) trans S/H>                       MATCHES	<A(5:'AA'315)-G(6:'AA'112) cis W/W>
	<G(0:)-C(12:) cis W/W>                         MATCHES	<C(4:'AA'314)-G(7:'AA'113) cis W/W>
#  Matched base-stacking interactions: 

>>>>>>>>>>   ALIGNMENT ENDS   >>>>>>>>>>

<<<<<<<<<<  ALIGNMENT BEGINS  <<<<<<<<<<

#  Aligning k-turn_consensus and 4v51_AA:1325-1334_1269-1270_1352-1358:
#  Alignment score:  12.2
#  P-value:  1.000e+00
#  Query aligned region: 0-1,11-12
#  Target aligned region: 6:'AA'1350-6:'AA'1350,10:'AA'1288-10:'AA'1288,13:'AA'1371-14:'AA'1372

	G~G...AC
	A~A...GU

#  Matched base-pairing interactions: 
	<G(0:)-C(12:) cis W/W>                         MATCHES	<A(6:'AA'1350)-U(14:'AA'1372) cis W/W>
	<G(1:)-A(11:) trans S/H>                       MATCHES	<A(10:'AA'1288)-G(13:'AA'1371) cis -/->
#  Matched base-stacking interactions: 

>>>>>>>>>>   ALIGNMENT ENDS   >>>>>>>>>>

<<<<<<<<<<  ALIGNMENT BEGINS  <<<<<<<<<<

#  Aligning k-turn_consensus and 4v51_AA:1314-1324_1216-1218_918-923:
#  Alignment score:  12.2
#  P-value:  1.000e+00
#  Query aligned region: 0-1,11-12
#  Target aligned region: 11:'AA'1235-12:'AA'1236,18:'AA'945-19:'AA'946

	GG...AC
	UA...GA

#  Matched base-pairing interactions: 
	<G(1:)-A(11:) trans S/H>                       MATCHES	<A(12:'AA'1236)-G(18:'AA'945) cis W/W>
	<G(0:)-C(12:) cis W/W>                         MATCHES	<U(11:'AA'1235)-A(19:'AA'946) cis W/W>
#  Matched base-stacking interactions: 

>>>>>>>>>>   ALIGNMENT ENDS   >>>>>>>>>>

<<<<<<<<<<  ALIGNMENT BEGINS  <<<<<<<<<<

#  Aligning k-turn_consensus and 4v51_AA:885-892_20-22_862-866:
#  Alignment score:  12
#  P-value:  1.000e+00
#  Query aligned region: 0-1,11-12
#  Target aligned region: 4:'AA'912-5:'AA'913,10:'AA'22-10:'AA'22,11:'AA'885-11:'AA'885

	GG...A~C
	CA...G~G

#  Matched base-pairing interactions: 
	<G(1:)-A(11:) trans S/H>                       MATCHES	<A(5:'AA'913)-G(10:'AA'22) cis -/->
	<G(0:)-C(12:) cis W/W>                         MATCHES	<C(4:'AA'912)-G(11:'AA'885) cis W/W>
#  Matched base-stacking interactions: 

>>>>>>>>>>   ALIGNMENT ENDS   >>>>>>>>>>

<<<<<<<<<<  ALIGNMENT BEGINS  <<<<<<<<<<

#  Aligning k-turn_consensus and 4v51_AA:1374-1386_1474-1481_898-901:
#  Alignment score:  11.8
#  P-value:  1.000e+00
#  Query aligned region: 0-1,11-12
#  Target aligned region: 10:'AA'1402-11:'AA'1403,15:'AA'1499-16:'AA'1500

	GG...AC
	CC...AA

#  Matched base-pairing interactions: 
	<G(1:)-A(11:) trans S/H>                       MATCHES	<C(11:'AA'1403)-A(15:'AA'1499) cis S/W>
	<G(0:)-C(12:) cis W/W>                         MATCHES	<C(10:'AA'1402)-A(16:'AA'1500) cis W/W>
#  Matched base-stacking interactions: 

>>>>>>>>>>   ALIGNMENT ENDS   >>>>>>>>>>

<<<<<<<<<<  ALIGNMENT BEGINS  <<<<<<<<<<

#  Aligning k-turn_consensus and 4v51_AA:847-857_737-741_801-810:
#  Alignment score:  11.6
#  P-value:  1.000e+00
#  Query aligned region: 0-1,11-12
#  Target aligned region: 4:'AA'874-4:'AA'874,11:'AA'754-12:'AA'755,24:'AA'826-24:'AA'826

	G~G...A~C
	G~C...G~C

#  Matched base-pairing interactions: 
	<G(0:)-C(12:) cis W/W>                         MATCHES	<G(4:'AA'874)-C(24:'AA'826) cis W/W>
	<G(1:)-A(11:) trans S/H>                       MATCHES	<C(11:'AA'754)-G(12:'AA'755) trans S/H>
#  Matched base-stacking interactions: 

>>>>>>>>>>   ALIGNMENT ENDS   >>>>>>>>>>

<<<<<<<<<<  ALIGNMENT BEGINS  <<<<<<<<<<

#  Aligning k-turn_consensus and 4v51_AA:211-217_136-138_201-207:
#  Alignment score:  11.6
#  P-value:  1.000e+00
#  Query aligned region: 0-1,11-12
#  Target aligned region: 0:'AA'216-0:'AA'216,8:'AA'143-9:'AA'144,16:'AA'201-16:'AA'201

	G~G...A~C
	G~A...G~C

#  Matched base-pairing interactions: 
	<G(0:)-C(12:) cis W/W>                         MATCHES	<G(0:'AA'216)-C(16:'AA'201) cis W/W>
	<G(1:)-A(11:) trans S/H>                       MATCHES	<A(8:'AA'143)-G(9:'AA'144) trans S/H>
#  Matched base-stacking interactions: 

>>>>>>>>>>   ALIGNMENT ENDS   >>>>>>>>>>

<<<<<<<<<<  ALIGNMENT BEGINS  <<<<<<<<<<

#  Aligning k-turn_consensus and 4v51_AA:22-26_504-511_6-12:
#  Alignment score:  11.4
#  P-value:  1.000e+00
#  Query aligned region: 0-1,11-12
#  Target aligned region: 0:'AA'22-0:'AA'22,9:'AA'525-9:'AA'525,18:'AA'11-19:'AA'12

	G~G...AC
	G~C...GU

#  Matched base-pairing interactions: 
	<G(0:)-C(12:) cis W/W>                         MATCHES	<G(0:'AA'22)-U(19:'AA'12) cis W/W>
	<G(1:)-A(11:) trans S/H>                       MATCHES	<C(9:'AA'525)-G(18:'AA'11) trans S/S>
#  Matched base-stacking interactions: 

>>>>>>>>>>   ALIGNMENT ENDS   >>>>>>>>>>

<<<<<<<<<<  ALIGNMENT BEGINS  <<<<<<<<<<

#  Aligning k-turn_consensus and 4v51_AA:1336-1340_1342-1350_953-955:
#  Alignment score:  11.4
#  P-value:  1.000e+00
#  Query aligned region: 0-1,11-12
#  Target aligned region: 1:'AA'1356-2:'AA'1357,10:'AA'1365-11:'AA'1366

	GG...AC
	GA...GC

#  Matched base-pairing interactions: 
	<G(1:)-A(11:) trans S/H>                       MATCHES	<A(2:'AA'1357)-G(10:'AA'1365) cis W/W>
	<G(0:)-C(12:) cis W/W>                         MATCHES	<G(1:'AA'1356)-C(11:'AA'1366) cis W/W>
#  Matched base-stacking interactions: 

>>>>>>>>>>   ALIGNMENT ENDS   >>>>>>>>>>

<<<<<<<<<<  ALIGNMENT BEGINS  <<<<<<<<<<

#  Aligning k-turn_consensus and 4v51_AA:211-217_201-207_136-138:
#  Alignment score:  11.2
#  P-value:  1.000e+00
#  Query aligned region: 0-1,11-12
#  Target aligned region: 3:'AA'219-4:'AA'220,9:'AA'197-10:'AA'198

	GG...AC
	CG...AG

#  Matched base-pairing interactions: 
	<G(1:)-A(11:) trans S/H>                       MATCHES	<G(4:'AA'220)-A(9:'AA'197) cis -/->
	<G(0:)-C(12:) cis W/W>                         MATCHES	<C(3:'AA'219)-G(10:'AA'198) cis W/W>
#  Matched base-stacking interactions: 

>>>>>>>>>>   ALIGNMENT ENDS   >>>>>>>>>>

<<<<<<<<<<  ALIGNMENT BEGINS  <<<<<<<<<<

#  Aligning k-turn_consensus and 4v51_AA:595-601_604-611_42-43:
#  Alignment score:  11.2
#  P-value:  1.000e+00
#  Query aligned region: 0-1,11-12
#  Target aligned region: 5:'AA'617-6:'AA'618,8:'AA'622-9:'AA'623

	GG...AC
	GC...AC

#  Matched base-pairing interactions: 
	<G(1:)-A(11:) trans S/H>                       MATCHES	<C(6:'AA'618)-A(8:'AA'622) cis -/->
	<G(0:)-C(12:) cis W/W>                         MATCHES	<G(5:'AA'617)-C(9:'AA'623) cis W/W>
#  Matched base-stacking interactions: 

>>>>>>>>>>   ALIGNMENT ENDS   >>>>>>>>>>

<<<<<<<<<<  ALIGNMENT BEGINS  <<<<<<<<<<

#  Aligning k-turn_consensus and 4v51_AA:418-428_404-415:
#  Alignment score:  10.8
#  P-value:  1.000e+00
#  Query aligned region: 0-1,11-12
#  Target aligned region: 4:'AA'427-5:'AA'428,17:'AA'415-18:'AA'416

	GG...AC
	UG...AG

#  Matched base-pairing interactions: 
	<G(1:)-A(11:) trans S/H>                       MATCHES	<G(5:'AA'428)-A(17:'AA'415) trans H/H>
	<G(0:)-C(12:) cis W/W>                         MATCHES	<U(4:'AA'427)-G(18:'AA'416) cis W/W>
#  Matched base-stacking interactions: 

>>>>>>>>>>   ALIGNMENT ENDS   >>>>>>>>>>

<<<<<<<<<<  ALIGNMENT BEGINS  <<<<<<<<<<

#  Aligning k-turn_consensus and 4v51_AA:282-288_300-306_112-116:
#  Alignment score:  10.6
#  P-value:  1.000e+00
#  Query aligned region: 0-0,12-12
#  Target aligned region: 2:'AA'289-2:'AA'289,13:'AA'311-13:'AA'311

	G...C
	G...C

#  Matched base-pairing interactions: 
	<G(0:)-C(12:) cis W/W>                         MATCHES	<G(2:'AA'289)-C(13:'AA'311) cis W/W>
#  Matched base-stacking interactions: 

>>>>>>>>>>   ALIGNMENT ENDS   >>>>>>>>>>

<<<<<<<<<<  ALIGNMENT BEGINS  <<<<<<<<<<

#  Aligning k-turn_consensus and 4v51_AA:6-12_504-511_22-26:
#  Alignment score:  10.6
#  P-value:  1.000e+00
#  Query aligned region: 0-1,11-12
#  Target aligned region: 3:'AA'9-3:'AA'9,10:'AA'524-10:'AA'524,17:'AA'24-18:'AA'25

	G~G...AC
	G~G...UC

#  Matched base-pairing interactions: 
	<G(0:)-C(12:) cis W/W>                         MATCHES	<G(3:'AA'9)-C(18:'AA'25) cis W/W>
	<G(1:)-A(11:) trans S/H>                       MATCHES	<G(10:'AA'524)-U(17:'AA'24) cis S/S>
#  Matched base-stacking interactions: 

>>>>>>>>>>   ALIGNMENT ENDS   >>>>>>>>>>

<<<<<<<<<<  ALIGNMENT BEGINS  <<<<<<<<<<

#  Aligning k-turn_consensus and 4v51_AA:1065-1071_1053-1056_1078-1086:
#  Alignment score:  10.6
#  P-value:  1.000e+00
#  Query aligned region: 0-0,12-12
#  Target aligned region: 6:'AA'1089-6:'AA'1089,11:'AA'1096-11:'AA'1096

	G...C
	G...C

#  Matched base-pairing interactions: 
	<G(0:)-C(12:) cis W/W>                         MATCHES	<G(6:'AA'1089)-C(11:'AA'1096) cis W/W>
#  Matched base-stacking interactions: 

>>>>>>>>>>   ALIGNMENT ENDS   >>>>>>>>>>

<<<<<<<<<<  ALIGNMENT BEGINS  <<<<<<<<<<

#  Aligning k-turn_consensus and 4v51_AA:808-815_832-838_845-853:
#  Alignment score:  10.6
#  P-value:  1.000e+00
#  Query aligned region: 0-0,12-12
#  Target aligned region: 4:'AA'829-4:'AA'829,10:'AA'857-10:'AA'857

	G...C
	G...C

#  Matched base-pairing interactions: 
	<G(0:)-C(12:) cis W/W>                         MATCHES	<G(4:'AA'829)-C(10:'AA'857) cis W/W>
#  Matched base-stacking interactions: 

>>>>>>>>>>   ALIGNMENT ENDS   >>>>>>>>>>

<<<<<<<<<<  ALIGNMENT BEGINS  <<<<<<<<<<

#  Aligning k-turn_consensus and 4v51_AA:518-523_494-503_513-516:
#  Alignment score:  10.6
#  P-value:  1.000e+00
#  Query aligned region: 0-0,12-12
#  Target aligned region: 5:'AA'540-5:'AA'540,6:'AA'511-6:'AA'511

	G...C
	G...C

#  Matched base-pairing interactions: 
	<G(0:)-C(12:) cis W/W>                         MATCHES	<G(5:'AA'540)-C(6:'AA'511) cis W/W>
#  Matched base-stacking interactions: 

>>>>>>>>>>   ALIGNMENT ENDS   >>>>>>>>>>

<<<<<<<<<<  ALIGNMENT BEGINS  <<<<<<<<<<

#  Aligning k-turn_consensus and 4v51_AA:1083-1089_1063-1067_1050-1058:
#  Alignment score:  10.6
#  P-value:  1.000e+00
#  Query aligned region: 0-0,12-12
#  Target aligned region: 7:'AA'1081-7:'AA'1081,20:'AA'1076-20:'AA'1076

	G...C
	G...C

#  Matched base-pairing interactions: 
	<G(0:)-C(12:) cis W/W>                         MATCHES	<G(7:'AA'1081)-C(20:'AA'1076) cis W/W>
#  Matched base-stacking interactions: 

>>>>>>>>>>   ALIGNMENT ENDS   >>>>>>>>>>

<<<<<<<<<<  ALIGNMENT BEGINS  <<<<<<<<<<

#  Aligning k-turn_consensus and 4v51_AA:1474-1481_1374-1386_898-901:
#  Alignment score:  10.6
#  P-value:  1.000e+00
#  Query aligned region: 0-0,12-12
#  Target aligned region: 0:'AA'1497-0:'AA'1497,20:'AA'1404-20:'AA'1404

	G...C
	G...C

#  Matched base-pairing interactions: 
	<G(0:)-C(12:) cis W/W>                         MATCHES	<G(0:'AA'1497)-C(20:'AA'1404) cis W/W>
#  Matched base-stacking interactions: 

>>>>>>>>>>   ALIGNMENT ENDS   >>>>>>>>>>

<<<<<<<<<<  ALIGNMENT BEGINS  <<<<<<<<<<

#  Aligning k-turn_consensus and 4v51_AA:604-611_595-601_42-43:
#  Alignment score:  10.6
#  P-value:  1.000e+00
#  Query aligned region: 0-0,12-12
#  Target aligned region: 7:'AA'628-7:'AA'628,8:'AA'612-8:'AA'612

	G...C
	G...C

#  Matched base-pairing interactions: 
	<G(0:)-C(12:) cis W/W>                         MATCHES	<G(7:'AA'628)-C(8:'AA'612) cis W/W>
#  Matched base-stacking interactions: 

>>>>>>>>>>   ALIGNMENT ENDS   >>>>>>>>>>

<<<<<<<<<<  ALIGNMENT BEGINS  <<<<<<<<<<

#  Aligning k-turn_consensus and 4v51_AA:855-859_557-562_739-747:
#  Alignment score:  10.6
#  P-value:  1.000e+00
#  Query aligned region: 0-0,12-12
#  Target aligned region: 8:'AA'577-8:'AA'577,19:'AA'764-19:'AA'764

	G...C
	G...C

#  Matched base-pairing interactions: 
	<G(0:)-C(12:) cis W/W>                         MATCHES	<G(8:'AA'577)-C(19:'AA'764) cis W/W>
#  Matched base-stacking interactions: 

>>>>>>>>>>   ALIGNMENT ENDS   >>>>>>>>>>

<<<<<<<<<<  ALIGNMENT BEGINS  <<<<<<<<<<

#  Aligning k-turn_consensus and 4v51_AA:499-510_488-490_511-519:
#  Alignment score:  10.6
#  P-value:  1.000e+00
#  Query aligned region: 0-0,12-12
#  Target aligned region: 8:'AA'524-8:'AA'524,14:'AA'507-14:'AA'507

	G...C
	G...C

#  Matched base-pairing interactions: 
	<G(0:)-C(12:) cis W/W>                         MATCHES	<G(8:'AA'524)-C(14:'AA'507) cis W/W>
#  Matched base-stacking interactions: 

>>>>>>>>>>   ALIGNMENT ENDS   >>>>>>>>>>

<<<<<<<<<<  ALIGNMENT BEGINS  <<<<<<<<<<

#  Aligning k-turn_consensus and 4v51_AA:634-641_730-738_570-571:
#  Alignment score:  10.6
#  P-value:  1.000e+00
#  Query aligned region: 0-0,12-12
#  Target aligned region: 7:'AA'658-7:'AA'658,8:'AA'747-8:'AA'747

	G...C
	G...C

#  Matched base-pairing interactions: 
	<G(0:)-C(12:) cis W/W>                         MATCHES	<G(7:'AA'658)-C(8:'AA'747) cis W/W>
#  Matched base-stacking interactions: 

>>>>>>>>>>   ALIGNMENT ENDS   >>>>>>>>>>

<<<<<<<<<<  ALIGNMENT BEGINS  <<<<<<<<<<

#  Aligning k-turn_consensus and 4v51_AA:565-571_796-805_734-741:
#  Alignment score:  10.4
#  P-value:  1.000e+00
#  Query aligned region: 0-1,11-12
#  Target aligned region: 4:'AA'586-4:'AA'586,12:'AA'818-14:'AA'820,21:'AA'755-21:'AA'755

	G~G...A~C
	C~G...U~G

#  Matched base-pairing interactions: 
	<G(0:)-C(12:) cis W/W>                         MATCHES	<C(4:'AA'586)-G(21:'AA'755) cis W/W>
	<G(1:)-A(11:) trans S/H>                       MATCHES	<G(12:'AA'818)-U(14:'AA'820) cis -/->
#  Matched base-stacking interactions: 

>>>>>>>>>>   ALIGNMENT ENDS   >>>>>>>>>>

<<<<<<<<<<  ALIGNMENT BEGINS  <<<<<<<<<<

#  Aligning k-turn_consensus and 4v51_AA:366-369_461-467_444-449:
#  Alignment score:  10
#  P-value:  1.000e+00
#  Query aligned region: 3-3,6-9
#  Target aligned region: 2:'AA'373-2:'AA'373,8:'AA'481-8:'AA'481,12:'AA'451-12:'AA'451

	A...G~G
	A...G~A

#  Matched base-pairing interactions: 
	<A(3:)-G(9:) trans H/S>                        MATCHES	<A(2:'AA'373)-A(12:'AA'451) cis -/->
	<A(3:)-G(6:) trans S/S>                        MATCHES	<A(2:'AA'373)-G(8:'AA'481) trans S/S>
#  Matched base-stacking interactions: 

>>>>>>>>>>   ALIGNMENT ENDS   >>>>>>>>>>

<<<<<<<<<<  ALIGNMENT BEGINS  <<<<<<<<<<

#  Aligning k-turn_consensus and 4v51_AA:464-471_441-446_366-369:
#  Alignment score:  10
#  P-value:  1.000e+00
#  Query aligned region: 0-1,11-12
#  Target aligned region: 3:'AA'483-4:'AA'484,10:'AA'449-11:'AA'450

	GG...AC
	CG...CG

#  Matched base-pairing interactions: 
	<G(1:)-A(11:) trans S/H>                       MATCHES	<G(4:'AA'484)-C(10:'AA'449) cis W/H>
	<G(0:)-C(12:) cis W/W>                         MATCHES	<C(3:'AA'483)-G(11:'AA'450) cis W/W>
#  Matched base-stacking interactions: 

>>>>>>>>>>   ALIGNMENT ENDS   >>>>>>>>>>

<<<<<<<<<<  ALIGNMENT BEGINS  <<<<<<<<<<

#  Aligning k-turn_consensus and 4v51_AA:311-316_327-333_1415-1417:
#  Alignment score:  10
#  P-value:  1.000e+00
#  Query aligned region: 0-1,11-12
#  Target aligned region: 4:'AA'320-5:'AA'321,6:'AA'332-7:'AA'333

	GG...AC
	CA...GG

#  Matched base-pairing interactions: 
	<G(1:)-A(11:) trans S/H>                       MATCHES	<A(5:'AA'321)-G(6:'AA'332) cis W/W>
	<G(0:)-C(12:) cis W/W>                         MATCHES	<C(4:'AA'320)-G(7:'AA'333) cis W/W>
#  Matched base-stacking interactions: 

>>>>>>>>>>   ALIGNMENT ENDS   >>>>>>>>>>

<<<<<<<<<<  ALIGNMENT BEGINS  <<<<<<<<<<

#  Aligning k-turn_consensus and 4v51_AA:281-288_231-235_111-117:
#  Alignment score:  9.8
#  P-value:  1.000e+00
#  Query aligned region: 0-0,12-12
#  Target aligned region: 0:'AA'286-0:'AA'286,12:'AA'240-12:'AA'240

	G...C
	G...C

#  Matched base-pairing interactions: 
	<G(0:)-C(12:) cis W/W>                         MATCHES	<G(0:'AA'286)-C(12:'AA'240) cis W/W>
#  Matched base-stacking interactions: 

>>>>>>>>>>   ALIGNMENT ENDS   >>>>>>>>>>

<<<<<<<<<<  ALIGNMENT BEGINS  <<<<<<<<<<

#  Aligning k-turn_consensus and 4v51_AA:1204-1212_956-958_928-932:
#  Alignment score:  9.8
#  P-value:  1.000e+00
#  Query aligned region: 0-0,12-12
#  Target aligned region: 2:'AA'1225-2:'AA'1225,16:'AA'955-16:'AA'955

	G...C
	A...U

#  Matched base-pairing interactions: 
	<G(0:)-C(12:) cis W/W>                         MATCHES	<A(2:'AA'1225)-U(16:'AA'955) cis W/W>
#  Matched base-stacking interactions: 

>>>>>>>>>>   ALIGNMENT ENDS   >>>>>>>>>>

<<<<<<<<<<  ALIGNMENT BEGINS  <<<<<<<<<<

#  Aligning k-turn_consensus and 4v51_AA:569-571_634-640_731-738:
#  Alignment score:  9.8
#  P-value:  1.000e+00
#  Query aligned region: 0-0,12-12
#  Target aligned region: 2:'AA'588-2:'AA'588,3:'AA'651-3:'AA'651

	G...C
	G...C

#  Matched base-pairing interactions: 
	<G(0:)-C(12:) cis W/W>                         MATCHES	<G(2:'AA'588)-C(3:'AA'651) cis W/W>
#  Matched base-stacking interactions: 

>>>>>>>>>>   ALIGNMENT ENDS   >>>>>>>>>>

<<<<<<<<<<  ALIGNMENT BEGINS  <<<<<<<<<<

#  Aligning k-turn_consensus and 4v51_AA:23-27_539-544:
#  Alignment score:  9.8
#  P-value:  1.000e+00
#  Query aligned region: 0-0,12-12
#  Target aligned region: 4:'AA'27-4:'AA'27,5:'AA'556-5:'AA'556

	G...C
	G...C

#  Matched base-pairing interactions: 
	<G(0:)-C(12:) cis W/W>                         MATCHES	<G(4:'AA'27)-C(5:'AA'556) cis W/W>
#  Matched base-stacking interactions: 

>>>>>>>>>>   ALIGNMENT ENDS   >>>>>>>>>>

<<<<<<<<<<  ALIGNMENT BEGINS  <<<<<<<<<<

#  Aligning k-turn_consensus and 4v51_AA:910-915_1360-1366_1358-1359:
#  Alignment score:  9.8
#  P-value:  1.000e+00
#  Query aligned region: 0-0,12-12
#  Target aligned region: 0:'AA'933-0:'AA'933,12:'AA'1384-12:'AA'1384

	G...C
	G...C

#  Matched base-pairing interactions: 
	<G(0:)-C(12:) cis W/W>                         MATCHES	<G(0:'AA'933)-C(12:'AA'1384) cis W/W>
#  Matched base-stacking interactions: 

>>>>>>>>>>   ALIGNMENT ENDS   >>>>>>>>>>

<<<<<<<<<<  ALIGNMENT BEGINS  <<<<<<<<<<

#  Aligning k-turn_consensus and 4v51_AA:30-36_481-485_527-536:
#  Alignment score:  9.8
#  P-value:  1.000e+00
#  Query aligned region: 0-1,11-12
#  Target aligned region: 6:'AA'36-6:'AA'36,7:'AA'498-7:'AA'498,15:'AA'547-16:'AA'548

	G~G...AC
	C~U...AG

#  Matched base-pairing interactions: 
	<G(1:)-A(11:) trans S/H>                       MATCHES	<U(7:'AA'498)-A(15:'AA'547) trans W/H>
	<G(0:)-C(12:) cis W/W>                         MATCHES	<C(6:'AA'36)-G(16:'AA'548) cis W/W>
#  Matched base-stacking interactions: 

>>>>>>>>>>   ALIGNMENT ENDS   >>>>>>>>>>

<<<<<<<<<<  ALIGNMENT BEGINS  <<<<<<<<<<

#  Aligning k-turn_consensus and 4v51_AA:285-291_296-300_113-116:
#  Alignment score:  9.8
#  P-value:  1.000e+00
#  Query aligned region: 0-0,12-12
#  Target aligned region: 6:'AA'296-6:'AA'296,7:'AA'301-7:'AA'301

	G...C
	U...G

#  Matched base-pairing interactions: 
	<G(0:)-C(12:) cis W/W>                         MATCHES	<U(6:'AA'296)-G(7:'AA'301) cis W/W>
#  Matched base-stacking interactions: 

>>>>>>>>>>   ALIGNMENT ENDS   >>>>>>>>>>

<<<<<<<<<<  ALIGNMENT BEGINS  <<<<<<<<<<

#  Aligning k-turn_consensus and 4v51_AA:857-860_556-559_546-552:
#  Alignment score:  9.8
#  P-value:  1.000e+00
#  Query aligned region: 0-0,12-12
#  Target aligned region: 1:'AA'881-1:'AA'881,14:'AA'569-14:'AA'569

	G...C
	G...C

#  Matched base-pairing interactions: 
	<G(0:)-C(12:) cis W/W>                         MATCHES	<G(1:'AA'881)-C(14:'AA'569) cis W/W>
#  Matched base-stacking interactions: 

>>>>>>>>>>   ALIGNMENT ENDS   >>>>>>>>>>

<<<<<<<<<<  ALIGNMENT BEGINS  <<<<<<<<<<

#  Aligning k-turn_consensus and 4v51_AA:1175-1187_1034-1044:
#  Alignment score:  9.8
#  P-value:  1.000e+00
#  Query aligned region: 0-0,12-12
#  Target aligned region: 3:'AA'1197-3:'AA'1197,21:'AA'1060-21:'AA'1060

	G...C
	G...C

#  Matched base-pairing interactions: 
	<G(0:)-C(12:) cis W/W>                         MATCHES	<G(3:'AA'1197)-C(21:'AA'1060) cis W/W>
#  Matched base-stacking interactions: 

>>>>>>>>>>   ALIGNMENT ENDS   >>>>>>>>>>

<<<<<<<<<<  ALIGNMENT BEGINS  <<<<<<<<<<

#  Aligning k-turn_consensus and 4v51_AA:111-117_231-235_281-288:
#  Alignment score:  9.4
#  P-value:  1.000e+00
#  Query aligned region: 0-0,12-12
#  Target aligned region: 4:'AA'122-4:'AA'122,10:'AA'239-10:'AA'239

	G...C
	G...U

#  Matched base-pairing interactions: 
	<G(0:)-C(12:) cis W/W>                         MATCHES	<G(4:'AA'122)-U(10:'AA'239) cis W/W>
#  Matched base-stacking interactions: 

>>>>>>>>>>   ALIGNMENT ENDS   >>>>>>>>>>

<<<<<<<<<<  ALIGNMENT BEGINS  <<<<<<<<<<

#  Aligning k-turn_consensus and 4v51_AA:327-333_1415-1417_311-316:
#  Alignment score:  9
#  P-value:  1.000e+00
#  Query aligned region: 0-0,12-12
#  Target aligned region: 5:'AA'337-5:'AA'337,10:'AA'316-10:'AA'316

	G...C
	C...G

#  Matched base-pairing interactions: 
	<G(0:)-C(12:) cis W/W>                         MATCHES	<C(5:'AA'337)-G(10:'AA'316) cis W/W>
#  Matched base-stacking interactions: 

>>>>>>>>>>   ALIGNMENT ENDS   >>>>>>>>>>

<<<<<<<<<<  ALIGNMENT BEGINS  <<<<<<<<<<

#  Aligning k-turn_consensus and 4v51_AA:1496-1502_769-779_1483-1493:
#  Alignment score:  8.8
#  P-value:  1.000e+00
#  Query aligned region: 0-1,11-12
#  Target aligned region: 1:'AA'1520-1:'AA'1520,10:'AA'789-12:'AA'791,27:'AA'1515-27:'AA'1515

	G~G...A~C
	G~U...G~C

#  Matched base-pairing interactions: 
	<G(0:)-C(12:) cis W/W>                         MATCHES	<G(1:'AA'1520)-C(27:'AA'1515) cis W/W>
	<G(1:)-A(11:) trans S/H>                       MATCHES	<U(10:'AA'789)-G(12:'AA'791) cis -/->
#  Matched base-stacking interactions: 

>>>>>>>>>>   ALIGNMENT ENDS   >>>>>>>>>>

<<<<<<<<<<  ALIGNMENT BEGINS  <<<<<<<<<<

#  Aligning k-turn_consensus and 4v51_AA:565-571_849-857_734-741:
#  Alignment score:  8.6
#  P-value:  1.000e+00
#  Query aligned region: 0-1,11-12
#  Target aligned region: 2:'AA'584-2:'AA'584,13:'AA'878-13:'AA'878,21:'AA'756-22:'AA'757

	G~G...AC
	G~G...CU

#  Matched base-pairing interactions: 
	<G(0:)-C(12:) cis W/W>                         MATCHES	<G(2:'AA'584)-U(22:'AA'757) cis W/W>
	<G(1:)-A(11:) trans S/H>                       MATCHES	<G(13:'AA'878)-C(21:'AA'756) cis -/->
#  Matched base-stacking interactions: 

>>>>>>>>>>   ALIGNMENT ENDS   >>>>>>>>>>

<<<<<<<<<<  ALIGNMENT BEGINS  <<<<<<<<<<

#  Aligning k-turn_consensus and 4v51_AA:1498-1507_1483-1490_749-751:
#  Alignment score:  8.2
#  P-value:  1.000e+00
#  Query aligned region: 0-0,12-12
#  Target aligned region: 7:'AA'1528-7:'AA'1528,11:'AA'1507-11:'AA'1507

	G...C
	U...A

#  Matched base-pairing interactions: 
	<G(0:)-C(12:) cis W/W>                         MATCHES	<U(7:'AA'1528)-A(11:'AA'1507) cis W/W>
#  Matched base-stacking interactions: 

>>>>>>>>>>   ALIGNMENT ENDS   >>>>>>>>>>

<<<<<<<<<<  ALIGNMENT BEGINS  <<<<<<<<<<

#  Aligning k-turn_consensus and 4v51_AA:1001-1017:
#  Alignment score:  6
#  P-value:  1.000e+00
#  Query aligned region: 0-1,11-12
#  Target aligned region: 6:'AA'1029-14:'AA'1033

	GG...AC
	CC...GG

#  Matched base-pairing interactions: 
	<G(1:)-A(11:) trans S/H>                       MATCHES	<C(7:'AA'1030)-G(13:'AA'1032) cis W/W>
	<G(0:)-C(12:) cis W/W>                         MATCHES	<C(6:'AA'1029)-G(14:'AA'1033) cis W/W>
#  Matched base-stacking interactions: 

>>>>>>>>>>   ALIGNMENT ENDS   >>>>>>>>>>

<<<<<<<<<<  ALIGNMENT BEGINS  <<<<<<<<<<

#  Aligning k-turn_consensus and 4v51_AA:498-503_510-516_518-520:
#  Alignment score:  4.4
#  P-value:  1.000e+00
#  Query aligned region: 0-1,11-12
#  Target aligned region: 0:'AA'515-0:'AA'515,6:'AA'527-6:'AA'527,13:'AA'535-14:'AA'536

	G~G...AC
	G~G...AC

#  Matched base-pairing interactions: 
	<G(0:)-C(12:) cis W/W>                         MATCHES	<G(0:'AA'515)-C(14:'AA'536) cis W/W>
	<G(1:)-A(11:) trans S/H>                       MATCHES	<G(6:'AA'527)-A(13:'AA'535) cis -/->
#  Matched base-stacking interactions: 

>>>>>>>>>>   ALIGNMENT ENDS   >>>>>>>>>>

<<<<<<<<<<  ALIGNMENT BEGINS  <<<<<<<<<<

#  Aligning k-turn_consensus and 4v51_AA:498-503_518-520_510-516:
#  Alignment score:  4.3
#  P-value:  1.000e+00
#  Query aligned region: 
#  Target aligned region: 

	
	

#  Matched base-pairing interactions: 
#  Matched base-stacking interactions: 

>>>>>>>>>>   ALIGNMENT ENDS   >>>>>>>>>>

<<<<<<<<<<  ALIGNMENT BEGINS  <<<<<<<<<<

#  Aligning k-turn_consensus and 4v51_AA:138-140_170-173:
#  Alignment score:  4
#  P-value:  1.000e+00
#  Query aligned region: 
#  Target aligned region: 

	
	

#  Matched base-pairing interactions: 
#  Matched base-stacking interactions: 

>>>>>>>>>>   ALIGNMENT ENDS   >>>>>>>>>>

<<<<<<<<<<  ALIGNMENT BEGINS  <<<<<<<<<<

#  Aligning k-turn_consensus and 4v51_AA:100-104_60-61_314-330:
#  Alignment score:  4
#  P-value:  1.000e+00
#  Query aligned region: 
#  Target aligned region: 

	
	

#  Matched base-pairing interactions: 
#  Matched base-stacking interactions: 

>>>>>>>>>>   ALIGNMENT ENDS   >>>>>>>>>>

<<<<<<<<<<  ALIGNMENT BEGINS  <<<<<<<<<<

#  Aligning k-turn_consensus and 4v51_AA:100-104_314-330_60-61:
#  Alignment score:  3.9
#  P-value:  1.000e+00
#  Query aligned region: 
#  Target aligned region: 

	
	

#  Matched base-pairing interactions: 
#  Matched base-stacking interactions: 

>>>>>>>>>>   ALIGNMENT ENDS   >>>>>>>>>>

<<<<<<<<<<  ALIGNMENT BEGINS  <<<<<<<<<<

#  Aligning k-turn_consensus and 4v51_AA:518-520_510-516_498-503:
#  Alignment score:  3.8
#  P-value:  1.000e+00
#  Query aligned region: 0-0,12-12
#  Target aligned region: 5:'AA'529-5:'AA'529,14:'AA'519-14:'AA'519

	G...C
	G...C

#  Matched base-pairing interactions: 
	<G(0:)-C(12:) cis W/W>                         MATCHES	<G(5:'AA'529)-C(14:'AA'519) trans S/H>
#  Matched base-stacking interactions: 

>>>>>>>>>>   ALIGNMENT ENDS   >>>>>>>>>>

<<<<<<<<<<  ALIGNMENT BEGINS  <<<<<<<<<<

#  Aligning k-turn_consensus and 4v51_AA:518-520_498-503_510-516:
#  Alignment score:  3.7
#  P-value:  1.000e+00
#  Query aligned region: 
#  Target aligned region: 

	
	

#  Matched base-pairing interactions: 
#  Matched base-stacking interactions: 

>>>>>>>>>>   ALIGNMENT ENDS   >>>>>>>>>>

<<<<<<<<<<  ALIGNMENT BEGINS  <<<<<<<<<<

#  Aligning k-turn_consensus and 4v51_AA:170-173_138-140:
#  Alignment score:  2.5
#  P-value:  1.000e+00
#  Query aligned region: 
#  Target aligned region: 

	
	

#  Matched base-pairing interactions: 
#  Matched base-stacking interactions: 

>>>>>>>>>>   ALIGNMENT ENDS   >>>>>>>>>>

