$ /home/s081p868/scratch/RNAMotifScanX-release/bin/scan /home/s081p868/scratch/RNAMotifScanX-release/models/reverse-kturn_consensus.struct /rfs/poseidon_share/s081p868/RNAMotifScanX_nr/rmsx_work_default/4v51/AA/4v51_AA.rmsx.in --map_pdb=/rfs/poseidon_share/s081p868/RNAMotifScanX_nr/rmsx_work_default/4v51/AA/4v51_AA.rmsx.nch --pvalue 1.0 --num_threads 16 --write_alignment
<<<<<<<<<<  ALIGNMENT BEGINS  <<<<<<<<<<

#  Aligning reverse-kturn_conseusns and 4v51_AA:864-871_882-887:
#  Alignment score:  57.6
#  P-value:  1.828e-02
#  Query aligned region: 0-2,8-10
#  Target aligned region: 0:'AA'887-2:'AA'889,11:'AA'908-13:'AA'910

	GGA...AAC
	GGA...AAC

#  Matched base-pairing interactions: 
	<A(2:)-A(8:) trans H/H>                        MATCHES	<A(2:'AA'889)-A(11:'AA'908) trans H/H>
	<G(1:)-A(9:) trans S/H>                        MATCHES	<G(1:'AA'888)-A(12:'AA'909) trans S/H>
	<G(0:)-C(10:) cis W/W>                         MATCHES	<G(0:'AA'887)-C(13:'AA'910) cis W/W>
#  Matched base-stacking interactions: 

>>>>>>>>>>   ALIGNMENT ENDS   >>>>>>>>>>

<<<<<<<<<<  ALIGNMENT BEGINS  <<<<<<<<<<

#  Aligning reverse-kturn_conseusns and 4v51_AA:1413-1420_314-315_1441-1446:
#  Alignment score:  40.6
#  P-value:  4.845e-02
#  Query aligned region: 0-3,4-10
#  Target aligned region: 0:'AA'1431-3:'AA'1434,8:'AA'319-8:'AA'319,13:'AA'1467-15:'AA'1469

	GGAG...C~AAC
	CGAA...G~GAG

#  Matched base-pairing interactions: 
	<G(3:)-C(4:) cis W/W>                          MATCHES	<A(3:'AA'1434)-G(8:'AA'319) trans S/S>
	<A(2:)-A(8:) trans H/H>                        MATCHES	<A(2:'AA'1433)-G(13:'AA'1467) cis -/->
	<G(1:)-A(9:) trans S/H>                        MATCHES	<G(1:'AA'1432)-A(14:'AA'1468) trans S/H>
	<G(0:)-C(10:) cis W/W>                         MATCHES	<C(0:'AA'1431)-G(15:'AA'1469) cis W/W>
#  Matched base-stacking interactions: 

>>>>>>>>>>   ALIGNMENT ENDS   >>>>>>>>>>

<<<<<<<<<<  ALIGNMENT BEGINS  <<<<<<<<<<

#  Aligning reverse-kturn_conseusns and 4v51_AA:20-22_862-865_886-892:
#  Alignment score:  39.8
#  P-value:  5.144e-02
#  Query aligned region: 0-3,4-10
#  Target aligned region: 0:'AA'20-2:'AA'22,5:'AA'887-5:'AA'887,8:'AA'910-13:'AA'915

	GGA~G...CACAAAC
	UGG~G...C-UCAAA

#  Matched base-pairing interactions: 
	<G(3:)-C(4:) cis W/W>                          MATCHES	<G(5:'AA'887)-C(8:'AA'910) cis W/W>
	<A(2:)-A(8:) trans H/H>                        MATCHES	<G(2:'AA'22)-A(11:'AA'913) cis -/->
	<G(1:)-A(9:) trans S/H>                        MATCHES	<G(1:'AA'21)-A(12:'AA'914) trans S/H>
	<G(0:)-C(10:) cis W/W>                         MATCHES	<U(0:'AA'20)-A(13:'AA'915) cis W/W>
#  Matched base-stacking interactions: 

>>>>>>>>>>   ALIGNMENT ENDS   >>>>>>>>>>

<<<<<<<<<<  ALIGNMENT BEGINS  <<<<<<<<<<

#  Aligning reverse-kturn_conseusns and 4v51_AA:830-836_846-849_810-817:
#  Alignment score:  38.8
#  P-value:  5.560e-02
#  Query aligned region: 0-3,4-10
#  Target aligned region: 4:'AA'857-6:'AA'859,7:'AA'869-10:'AA'872,11:'AA'827-13:'AA'829

	GGA~G...C~AAC
	CGA~G...A~UAG

#  Matched base-pairing interactions: 
	<G(3:)-C(4:) cis W/W>                          MATCHES	<G(7:'AA'869)-A(10:'AA'872) cis -/->
	<A(2:)-A(8:) trans H/H>                        MATCHES	<A(6:'AA'859)-U(11:'AA'827) cis -/->
	<G(1:)-A(9:) trans S/H>                        MATCHES	<G(5:'AA'858)-A(12:'AA'828) trans S/H>
	<G(0:)-C(10:) cis W/W>                         MATCHES	<C(4:'AA'857)-G(13:'AA'829) cis W/W>
#  Matched base-stacking interactions: 

>>>>>>>>>>   ALIGNMENT ENDS   >>>>>>>>>>

<<<<<<<<<<  ALIGNMENT BEGINS  <<<<<<<<<<

#  Aligning reverse-kturn_conseusns and 4v51_AA:634-637_734-742_564-571:
#  Alignment score:  38.6
#  P-value:  5.649e-02
#  Query aligned region: 0-2,8-10
#  Target aligned region: 10:'AA'757-12:'AA'759,14:'AA'582-16:'AA'584

	GGA...AAC
	UGA...UAG

#  Matched base-pairing interactions: 
	<A(2:)-A(8:) trans H/H>                        MATCHES	<A(12:'AA'759)-U(14:'AA'582) trans H/W>
	<G(1:)-A(9:) trans S/H>                        MATCHES	<G(11:'AA'758)-A(15:'AA'583) trans S/H>
	<G(0:)-C(10:) cis W/W>                         MATCHES	<U(10:'AA'757)-G(16:'AA'584) cis W/W>
#  Matched base-stacking interactions: 

>>>>>>>>>>   ALIGNMENT ENDS   >>>>>>>>>>

<<<<<<<<<<  ALIGNMENT BEGINS  <<<<<<<<<<

#  Aligning reverse-kturn_conseusns and 4v51_AA:476-481_432-437_399-401:
#  Alignment score:  37.2
#  P-value:  6.337e-02
#  Query aligned region: 0-2,8-10
#  Target aligned region: 0:'AA'492-2:'AA'494,8:'AA'439-10:'AA'442

	GGA...AAC
	GGU...AAC

#  Matched base-pairing interactions: 
	<A(2:)-A(8:) trans H/H>                        MATCHES	<U(2:'AA'494)-A(8:'AA'439) trans W/H>
	<G(1:)-A(9:) trans S/H>                        MATCHES	<G(1:'AA'493)-A(9:'AA'441) trans S/H>
	<G(0:)-C(10:) cis W/W>                         MATCHES	<G(0:'AA'492)-C(10:'AA'442) cis W/W>
#  Matched base-stacking interactions: 

>>>>>>>>>>   ALIGNMENT ENDS   >>>>>>>>>>

<<<<<<<<<<  ALIGNMENT BEGINS  <<<<<<<<<<

#  Aligning reverse-kturn_conseusns and 4v51_AA:1398-1403_1457-1461:
#  Alignment score:  37.2
#  P-value:  6.337e-02
#  Query aligned region: 0-2,8-10
#  Target aligned region: 0:'AA'1416-2:'AA'1418,8:'AA'1482-10:'AA'1484

	GGA...AAC
	GGA...GAC

#  Matched base-pairing interactions: 
	<A(2:)-A(8:) trans H/H>                        MATCHES	<A(2:'AA'1418)-G(8:'AA'1482) trans H/S>
	<G(1:)-A(9:) trans S/H>                        MATCHES	<G(1:'AA'1417)-A(9:'AA'1483) trans S/H>
	<G(0:)-C(10:) cis W/W>                         MATCHES	<G(0:'AA'1416)-C(10:'AA'1484) cis W/W>
#  Matched base-stacking interactions: 

>>>>>>>>>>   ALIGNMENT ENDS   >>>>>>>>>>

<<<<<<<<<<  ALIGNMENT BEGINS  <<<<<<<<<<

#  Aligning reverse-kturn_conseusns and 4v51_AA:990-992_1198-1200_993-995:
#  Alignment score:  37.2
#  P-value:  6.337e-02
#  Query aligned region: 0-2,8-10
#  Target aligned region: 0:'AA'1012-1:'AA'1013,4:'AA'1218-4:'AA'1218,6:'AA'1015-8:'AA'1017

	GG~A...AAC
	UG~C...AAG

#  Matched base-pairing interactions: 
	<G(1:)-A(9:) trans S/H>                        MATCHES	<G(1:'AA'1013)-A(7:'AA'1016) trans S/H>
	<A(2:)-A(8:) trans H/H>                        MATCHES	<C(4:'AA'1218)-A(6:'AA'1015) cis -/->
	<G(0:)-C(10:) cis W/W>                         MATCHES	<U(0:'AA'1012)-G(8:'AA'1017) cis W/W>
#  Matched base-stacking interactions: 

>>>>>>>>>>   ALIGNMENT ENDS   >>>>>>>>>>

<<<<<<<<<<  ALIGNMENT BEGINS  <<<<<<<<<<

#  Aligning reverse-kturn_conseusns and 4v51_AA:762-768_780-786_678-680:
#  Alignment score:  36.6
#  P-value:  6.671e-02
#  Query aligned region: 0-2,8-10
#  Target aligned region: 0:'AA'779-2:'AA'781,11:'AA'801-13:'AA'803

	GGA...AAC
	CAA...UAG

#  Matched base-pairing interactions: 
	<A(2:)-A(8:) trans H/H>                        MATCHES	<A(2:'AA'781)-U(11:'AA'801) trans H/W>
	<G(1:)-A(9:) trans S/H>                        MATCHES	<A(1:'AA'780)-A(12:'AA'802) trans S/H>
	<G(0:)-C(10:) cis W/W>                         MATCHES	<C(0:'AA'779)-G(13:'AA'803) cis W/W>
#  Matched base-stacking interactions: 

>>>>>>>>>>   ALIGNMENT ENDS   >>>>>>>>>>

<<<<<<<<<<  ALIGNMENT BEGINS  <<<<<<<<<<

#  Aligning reverse-kturn_conseusns and 4v51_AA:404-411_422-428:
#  Alignment score:  36.4
#  P-value:  6.788e-02
#  Query aligned region: 0-1,9-10
#  Target aligned region: 0:'AA'409-1:'AA'410,13:'AA'432-14:'AA'433

	GG...AC
	GG...AC

#  Matched base-pairing interactions: 
	<G(1:)-A(9:) trans S/H>                        MATCHES	<G(1:'AA'410)-A(13:'AA'432) trans S/H>
	<G(0:)-C(10:) cis W/W>                         MATCHES	<G(0:'AA'409)-C(14:'AA'433) cis W/W>
#  Matched base-stacking interactions: 

>>>>>>>>>>   ALIGNMENT ENDS   >>>>>>>>>>

<<<<<<<<<<  ALIGNMENT BEGINS  <<<<<<<<<<

#  Aligning reverse-kturn_conseusns and 4v51_AA:882-887_864-871:
#  Alignment score:  35.3
#  P-value:  7.492e-02
#  Query aligned region: 0-2,8-10
#  Target aligned region: 0:'AA'905-3:'AA'908,8:'AA'889-13:'AA'894

	GG-A...A--A-C
	UGAA...AGUACG

#  Matched base-pairing interactions: 
	<G(0:)-C(10:) cis W/W>                         MATCHES	<U(0:'AA'905)-G(13:'AA'894) cis W/W>
	<G(1:)-A(9:) trans S/H>                        MATCHES	<G(1:'AA'906)-A(11:'AA'892) trans S/H>
	<A(2:)-A(8:) trans H/H>                        MATCHES	<A(3:'AA'908)-A(8:'AA'889) trans H/H>
#  Matched base-stacking interactions: 

>>>>>>>>>>   ALIGNMENT ENDS   >>>>>>>>>>

<<<<<<<<<<  ALIGNMENT BEGINS  <<<<<<<<<<

#  Aligning reverse-kturn_conseusns and 4v51_AA:778-785_763-771_678-680:
#  Alignment score:  34.8
#  P-value:  7.848e-02
#  Query aligned region: 0-2,8-10
#  Target aligned region: 4:'AA'799-6:'AA'801,9:'AA'781-11:'AA'783

	GGA...AAC
	GGU...AAC

#  Matched base-pairing interactions: 
	<A(2:)-A(8:) trans H/H>                        MATCHES	<U(6:'AA'801)-A(9:'AA'781) trans W/H>
	<G(1:)-A(9:) trans S/H>                        MATCHES	<G(5:'AA'800)-A(10:'AA'782) trans S/H>
	<G(0:)-C(10:) cis W/W>                         MATCHES	<G(4:'AA'799)-C(11:'AA'783) cis W/W>
#  Matched base-stacking interactions: 

>>>>>>>>>>   ALIGNMENT ENDS   >>>>>>>>>>

<<<<<<<<<<  ALIGNMENT BEGINS  <<<<<<<<<<

#  Aligning reverse-kturn_conseusns and 4v51_AA:1310-1315_1281-1290_1218-1219:
#  Alignment score:  32.6
#  P-value:  9.764e-02
#  Query aligned region: 0-2,8-10
#  Target aligned region: 1:'AA'1330-3:'AA'1332,11:'AA'1305-13:'AA'1307

	GGA...AAC
	UGA...GAU

#  Matched base-pairing interactions: 
	<A(2:)-A(8:) trans H/H>                        MATCHES	<A(3:'AA'1332)-G(11:'AA'1305) trans H/S>
	<G(1:)-A(9:) trans S/H>                        MATCHES	<G(2:'AA'1331)-A(12:'AA'1306) trans S/H>
	<G(0:)-C(10:) cis W/W>                         MATCHES	<U(1:'AA'1330)-U(13:'AA'1307) cis W/W>
#  Matched base-stacking interactions: 

>>>>>>>>>>   ALIGNMENT ENDS   >>>>>>>>>>

<<<<<<<<<<  ALIGNMENT BEGINS  <<<<<<<<<<

#  Aligning reverse-kturn_conseusns and 4v51_AA:1216-1218_920-923_1314-1322:
#  Alignment score:  32.4
#  P-value:  9.972e-02
#  Query aligned region: 0-1,9-10
#  Target aligned region: 3:'AA'943-4:'AA'944,13:'AA'1339-14:'AA'1340

	GG...AC
	UG...AA

#  Matched base-pairing interactions: 
	<G(1:)-A(9:) trans S/H>                        MATCHES	<G(4:'AA'944)-A(13:'AA'1339) trans S/H>
	<G(0:)-C(10:) cis W/W>                         MATCHES	<U(3:'AA'943)-A(14:'AA'1340) cis W/W>
#  Matched base-stacking interactions: 

>>>>>>>>>>   ALIGNMENT ENDS   >>>>>>>>>>

<<<<<<<<<<  ALIGNMENT BEGINS  <<<<<<<<<<

#  Aligning reverse-kturn_conseusns and 4v51_AA:440-444_465-472:
#  Alignment score:  32.4
#  P-value:  9.972e-02
#  Query aligned region: 0-1,9-10
#  Target aligned region: 0:'AA'446-1:'AA'447,11:'AA'487-12:'AA'488

	GG...AC
	GG...AC

#  Matched base-pairing interactions: 
	<G(1:)-A(9:) trans S/H>                        MATCHES	<G(1:'AA'447)-A(11:'AA'487) trans S/H>
	<G(0:)-C(10:) cis W/W>                         MATCHES	<G(0:'AA'446)-C(12:'AA'488) cis W/W>
#  Matched base-stacking interactions: 

>>>>>>>>>>   ALIGNMENT ENDS   >>>>>>>>>>

<<<<<<<<<<  ALIGNMENT BEGINS  <<<<<<<<<<

#  Aligning reverse-kturn_conseusns and 4v51_AA:1350-1356_1325-1336_1269-1270:
#  Alignment score:  31.6
#  P-value:  1.087e-01
#  Query aligned region: 0-2,8-10
#  Target aligned region: 4:'AA'1372-6:'AA'1374,11:'AA'1348-13:'AA'1350

	GGA...AAC
	UGA...UAA

#  Matched base-pairing interactions: 
	<A(2:)-A(8:) trans H/H>                        MATCHES	<A(6:'AA'1374)-U(11:'AA'1348) trans H/W>
	<G(1:)-A(9:) trans S/H>                        MATCHES	<G(5:'AA'1373)-A(12:'AA'1349) trans S/H>
	<G(0:)-C(10:) cis W/W>                         MATCHES	<U(4:'AA'1372)-A(13:'AA'1350) cis W/W>
#  Matched base-stacking interactions: 

>>>>>>>>>>   ALIGNMENT ENDS   >>>>>>>>>>

<<<<<<<<<<  ALIGNMENT BEGINS  <<<<<<<<<<

#  Aligning reverse-kturn_conseusns and 4v51_AA:1281-1290_1310-1315_1218-1219:
#  Alignment score:  31.4
#  P-value:  1.112e-01
#  Query aligned region: 0-2,8-10
#  Target aligned region: 3:'AA'1303-5:'AA'1305,13:'AA'1332-15:'AA'1334

	GGA...AAC
	CGG...AAG

#  Matched base-pairing interactions: 
	<A(2:)-A(8:) trans H/H>                        MATCHES	<G(5:'AA'1305)-A(13:'AA'1332) trans S/H>
	<G(1:)-A(9:) trans S/H>                        MATCHES	<G(4:'AA'1304)-A(14:'AA'1333) trans S/H>
	<G(0:)-C(10:) cis W/W>                         MATCHES	<C(3:'AA'1303)-G(15:'AA'1334) cis W/W>
#  Matched base-stacking interactions: 

>>>>>>>>>>   ALIGNMENT ENDS   >>>>>>>>>>

<<<<<<<<<<  ALIGNMENT BEGINS  <<<<<<<<<<

#  Aligning reverse-kturn_conseusns and 4v51_AA:373-377_378-379_61-65:
#  Alignment score:  31.2
#  P-value:  1.137e-01
#  Query aligned region: 0-1,9-10
#  Target aligned region: 1:'AA'379-2:'AA'380,5:'AA'383-6:'AA'384

	GG...AC
	CG...AG

#  Matched base-pairing interactions: 
	<G(1:)-A(9:) trans S/H>                        MATCHES	<G(2:'AA'380)-A(5:'AA'383) trans S/H>
	<G(0:)-C(10:) cis W/W>                         MATCHES	<C(1:'AA'379)-G(6:'AA'384) cis W/W>
#  Matched base-stacking interactions: 

>>>>>>>>>>   ALIGNMENT ENDS   >>>>>>>>>>

<<<<<<<<<<  ALIGNMENT BEGINS  <<<<<<<<<<

#  Aligning reverse-kturn_conseusns and 4v51_AA:1293-1294_1250-1256_1241-1247:
#  Alignment score:  30.8
#  P-value:  1.191e-01
#  Query aligned region: 0-1,9-10
#  Target aligned region: 6:'AA'1273-7:'AA'1274,10:'AA'1261-11:'AA'1262

	GG...AC
	GG...AC

#  Matched base-pairing interactions: 
	<G(1:)-A(9:) trans S/H>                        MATCHES	<G(7:'AA'1274)-A(10:'AA'1261) trans S/H>
	<G(0:)-C(10:) cis W/W>                         MATCHES	<G(6:'AA'1273)-C(11:'AA'1262) cis W/W>
#  Matched base-stacking interactions: 

>>>>>>>>>>   ALIGNMENT ENDS   >>>>>>>>>>

<<<<<<<<<<  ALIGNMENT BEGINS  <<<<<<<<<<

#  Aligning reverse-kturn_conseusns and 4v51_AA:810-811_842-851_835-840:
#  Alignment score:  30.8
#  P-value:  1.191e-01
#  Query aligned region: 0-1,9-10
#  Target aligned region: 5:'AA'868-6:'AA'869,14:'AA'860-15:'AA'861

	GG...AC
	CG...AG

#  Matched base-pairing interactions: 
	<G(1:)-A(9:) trans S/H>                        MATCHES	<G(6:'AA'869)-A(14:'AA'860) trans S/H>
	<G(0:)-C(10:) cis W/W>                         MATCHES	<C(5:'AA'868)-G(15:'AA'861) cis W/W>
#  Matched base-stacking interactions: 

>>>>>>>>>>   ALIGNMENT ENDS   >>>>>>>>>>

<<<<<<<<<<  ALIGNMENT BEGINS  <<<<<<<<<<

#  Aligning reverse-kturn_conseusns and 4v51_AA:1246-1247_1249-1252_1293-1294:
#  Alignment score:  30.2
#  P-value:  1.278e-01
#  Query aligned region: 0-1,9-10
#  Target aligned region: 0:'AA'1265-1:'AA'1266,3:'AA'1269-4:'AA'1270

	GG...AC
	GG...AC

#  Matched base-pairing interactions: 
	<G(1:)-A(9:) trans S/H>                        MATCHES	<G(1:'AA'1266)-A(3:'AA'1269) trans S/H>
	<G(0:)-C(10:) cis W/W>                         MATCHES	<G(0:'AA'1265)-C(4:'AA'1270) cis W/W>
#  Matched base-stacking interactions: 

>>>>>>>>>>   ALIGNMENT ENDS   >>>>>>>>>>

<<<<<<<<<<  ALIGNMENT BEGINS  <<<<<<<<<<

#  Aligning reverse-kturn_conseusns and 4v51_AA:1049-1051_1071-1078_1089-1091:
#  Alignment score:  30
#  P-value:  1.309e-01
#  Query aligned region: 0-2,8-10
#  Target aligned region: 0:'AA'1067-2:'AA'1069,8:'AA'1094-8:'AA'1094,11:'AA'1107-12:'AA'1108

	GGA...A~AC
	AGC...G~CG

#  Matched base-pairing interactions: 
	<G(1:)-A(9:) trans S/H>                        MATCHES	<G(1:'AA'1068)-C(11:'AA'1107) cis W/W>
	<A(2:)-A(8:) trans H/H>                        MATCHES	<C(2:'AA'1069)-G(8:'AA'1094) trans H/H>
	<G(0:)-C(10:) cis W/W>                         MATCHES	<A(0:'AA'1067)-G(12:'AA'1108) cis -/->
#  Matched base-stacking interactions: 

>>>>>>>>>>   ALIGNMENT ENDS   >>>>>>>>>>

<<<<<<<<<<  ALIGNMENT BEGINS  <<<<<<<<<<

#  Aligning reverse-kturn_conseusns and 4v51_AA:672-675_780-781_677-681:
#  Alignment score:  30
#  P-value:  1.309e-01
#  Query aligned region: 0-2,8-10
#  Target aligned region: 1:'AA'690-2:'AA'691,4:'AA'797-4:'AA'797,7:'AA'695-9:'AA'697

	GG~A...AAC
	GG~C...AAU

#  Matched base-pairing interactions: 
	<G(1:)-A(9:) trans S/H>                        MATCHES	<G(2:'AA'691)-A(8:'AA'696) trans S/H>
	<A(2:)-A(8:) trans H/H>                        MATCHES	<C(4:'AA'797)-A(7:'AA'695) trans S/W>
	<G(0:)-C(10:) cis W/W>                         MATCHES	<G(1:'AA'690)-U(9:'AA'697) trans S/H>
#  Matched base-stacking interactions: 

>>>>>>>>>>   ALIGNMENT ENDS   >>>>>>>>>>

<<<<<<<<<<  ALIGNMENT BEGINS  <<<<<<<<<<

#  Aligning reverse-kturn_conseusns and 4v51_AA:536-544_26-32:
#  Alignment score:  29.7
#  P-value:  1.358e-01
#  Query aligned region: 0-1,9-10
#  Target aligned region: 3:'AA'556-5:'AA'558,9:'AA'26-10:'AA'27

	G-G...AC
	CGG...AG

#  Matched base-pairing interactions: 
	<G(0:)-C(10:) cis W/W>                         MATCHES	<C(3:'AA'556)-G(10:'AA'27) cis W/W>
	<G(1:)-A(9:) trans S/H>                        MATCHES	<G(5:'AA'558)-A(9:'AA'26) trans S/H>
#  Matched base-stacking interactions: 

>>>>>>>>>>   ALIGNMENT ENDS   >>>>>>>>>>

<<<<<<<<<<  ALIGNMENT BEGINS  <<<<<<<<<<

#  Aligning reverse-kturn_conseusns and 4v51_AA:452-459:
#  Alignment score:  27.9
#  P-value:  1.720e-01
#  Query aligned region: 0-1,9-10
#  Target aligned region: 0:'AA'458-7:'AA'474

	GG...A-C
	CG...AGG

#  Matched base-pairing interactions: 
	<G(0:)-C(10:) cis W/W>                         MATCHES	<C(0:'AA'458)-G(7:'AA'474) cis W/W>
	<G(1:)-A(9:) trans S/H>                        MATCHES	<G(1:'AA'460)-A(5:'AA'472) trans S/H>
#  Matched base-stacking interactions: 

>>>>>>>>>>   ALIGNMENT ENDS   >>>>>>>>>>

<<<<<<<<<<  ALIGNMENT BEGINS  <<<<<<<<<<

#  Aligning reverse-kturn_conseusns and 4v51_AA:956-960_930-937_1203-1210:
#  Alignment score:  27.8
#  P-value:  1.744e-01
#  Query aligned region: 0-1,9-10
#  Target aligned region: 5:'AA'953-6:'AA'954,18:'AA'1227-19:'AA'1228

	GG...AC
	GG...AC

#  Matched base-pairing interactions: 
	<G(1:)-A(9:) trans S/H>                        MATCHES	<G(6:'AA'954)-A(18:'AA'1227) trans S/H>
	<G(0:)-C(10:) cis W/W>                         MATCHES	<G(5:'AA'953)-C(19:'AA'1228) cis W/W>
#  Matched base-stacking interactions: 

>>>>>>>>>>   ALIGNMENT ENDS   >>>>>>>>>>

<<<<<<<<<<  ALIGNMENT BEGINS  <<<<<<<<<<

#  Aligning reverse-kturn_conseusns and 4v51_AA:1071-1078_1049-1051_1089-1091:
#  Alignment score:  26.8
#  P-value:  2.017e-01
#  Query aligned region: 1-2,8-9
#  Target aligned region: 4:'AA'1093-5:'AA'1094,10:'AA'1069-10:'AA'1069,13:'AA'1109-13:'AA'1109

	GA...A~A
	AG...C~C

#  Matched base-pairing interactions: 
	<G(1:)-A(9:) trans S/H>                        MATCHES	<A(4:'AA'1093)-C(13:'AA'1109) cis -/->
	<A(2:)-A(8:) trans H/H>                        MATCHES	<G(5:'AA'1094)-C(10:'AA'1069) trans H/H>
#  Matched base-stacking interactions: 

>>>>>>>>>>   ALIGNMENT ENDS   >>>>>>>>>>

<<<<<<<<<<  ALIGNMENT BEGINS  <<<<<<<<<<

#  Aligning reverse-kturn_conseusns and 4v51_AA:953-955_1342-1345_957-958:
#  Alignment score:  26.8
#  P-value:  2.017e-01
#  Query aligned region: 1-2,8-9
#  Target aligned region: 1:'AA'977-2:'AA'978,3:'AA'1361-3:'AA'1361,7:'AA'980-7:'AA'980

	GA...A~A
	AA...G~C

#  Matched base-pairing interactions: 
	<G(1:)-A(9:) trans S/H>                        MATCHES	<A(1:'AA'977)-C(7:'AA'980) trans S/H>
	<A(2:)-A(8:) trans H/H>                        MATCHES	<A(2:'AA'978)-G(3:'AA'1361) cis -/->
#  Matched base-stacking interactions: 

>>>>>>>>>>   ALIGNMENT ENDS   >>>>>>>>>>

<<<<<<<<<<  ALIGNMENT BEGINS  <<<<<<<<<<

#  Aligning reverse-kturn_conseusns and 4v51_AA:855-857_563-570_737-744:
#  Alignment score:  26.2
#  P-value:  2.212e-01
#  Query aligned region: 0-2,8-10
#  Target aligned region: 3:'AA'580-5:'AA'582,16:'AA'759-18:'AA'761

	GGA...AAC
	UGU...AGG

#  Matched base-pairing interactions: 
	<A(2:)-A(8:) trans H/H>                        MATCHES	<U(5:'AA'582)-A(16:'AA'759) trans W/H>
	<G(1:)-A(9:) trans S/H>                        MATCHES	<G(4:'AA'581)-G(17:'AA'760) trans S/H>
	<G(0:)-C(10:) cis W/W>                         MATCHES	<U(3:'AA'580)-G(18:'AA'761) cis W/W>
#  Matched base-stacking interactions: 

>>>>>>>>>>   ALIGNMENT ENDS   >>>>>>>>>>

<<<<<<<<<<  ALIGNMENT BEGINS  <<<<<<<<<<

#  Aligning reverse-kturn_conseusns and 4v51_AA:954-958_1341-1344_1296-1300:
#  Alignment score:  25.8
#  P-value:  2.359e-01
#  Query aligned region: 1-2,8-9
#  Target aligned region: 2:'AA'979-2:'AA'979,7:'AA'1362-8:'AA'1363,11:'AA'1317-11:'AA'1317

	G~A...A~A
	C~C...C~C

#  Matched base-pairing interactions: 
	<G(1:)-A(9:) trans S/H>                        MATCHES	<C(2:'AA'979)-C(11:'AA'1317) trans S/H>
	<A(2:)-A(8:) trans H/H>                        MATCHES	<C(7:'AA'1362)-C(8:'AA'1363) cis S/S>
#  Matched base-stacking interactions: 

>>>>>>>>>>   ALIGNMENT ENDS   >>>>>>>>>>

<<<<<<<<<<  ALIGNMENT BEGINS  <<<<<<<<<<

#  Aligning reverse-kturn_conseusns and 4v51_AA:399-401_432-437_476-481:
#  Alignment score:  25.4
#  P-value:  2.521e-01
#  Query aligned region: 0-1,9-10
#  Target aligned region: 0:'AA'404-0:'AA'404,4:'AA'438-4:'AA'438,13:'AA'496-14:'AA'498

	G~G...AC
	U~G...AU

#  Matched base-pairing interactions: 
	<G(0:)-C(10:) cis W/W>                         MATCHES	<U(0:'AA'404)-U(14:'AA'498) cis W/H>
	<G(1:)-A(9:) trans S/H>                        MATCHES	<G(4:'AA'438)-A(13:'AA'496) trans S/H>
#  Matched base-stacking interactions: 

>>>>>>>>>>   ALIGNMENT ENDS   >>>>>>>>>>

<<<<<<<<<<  ALIGNMENT BEGINS  <<<<<<<<<<

#  Aligning reverse-kturn_conseusns and 4v51_AA:680-688_668-673:
#  Alignment score:  23.8
#  P-value:  3.368e-01
#  Query aligned region: 1-2,8-9
#  Target aligned region: 6:'AA'703-7:'AA'704,10:'AA'686-11:'AA'687

	GA...AA
	GA...UA

#  Matched base-pairing interactions: 
	<A(2:)-A(8:) trans H/H>                        MATCHES	<A(7:'AA'704)-U(10:'AA'686) trans H/W>
	<G(1:)-A(9:) trans S/H>                        MATCHES	<G(6:'AA'703)-A(11:'AA'687) trans S/H>
#  Matched base-stacking interactions: 

>>>>>>>>>>   ALIGNMENT ENDS   >>>>>>>>>>

<<<<<<<<<<  ALIGNMENT BEGINS  <<<<<<<<<<

#  Aligning reverse-kturn_conseusns and 4v51_AA:1416-1417_314-330_100-104:
#  Alignment score:  23.3
#  P-value:  3.721e-01
#  Query aligned region: 1-2,8-9
#  Target aligned region: 7:'AA'324-8:'AA'325,19:'AA'107-21:'AA'109

	GA...A-A
	GA...GGA

#  Matched base-pairing interactions: 
	<G(1:)-A(9:) trans S/H>                        MATCHES	<G(7:'AA'324)-A(21:'AA'109) trans S/H>
	<A(2:)-A(8:) trans H/H>                        MATCHES	<A(8:'AA'325)-G(19:'AA'107) cis -/->
#  Matched base-stacking interactions: 

>>>>>>>>>>   ALIGNMENT ENDS   >>>>>>>>>>

<<<<<<<<<<  ALIGNMENT BEGINS  <<<<<<<<<<

#  Aligning reverse-kturn_conseusns and 4v51_AA:668-673_680-688:
#  Alignment score:  20.8
#  P-value:  6.722e-01
#  Query aligned region: 0-1,9-10
#  Target aligned region: 4:'AA'689-5:'AA'690,6:'AA'697-7:'AA'698

	GG...AC
	CG...UG

#  Matched base-pairing interactions: 
	<G(1:)-A(9:) trans S/H>                        MATCHES	<G(5:'AA'690)-U(6:'AA'697) trans S/H>
	<G(0:)-C(10:) cis W/W>                         MATCHES	<C(4:'AA'689)-G(7:'AA'698) cis W/W>
#  Matched base-stacking interactions: 

>>>>>>>>>>   ALIGNMENT ENDS   >>>>>>>>>>

<<<<<<<<<<  ALIGNMENT BEGINS  <<<<<<<<<<

#  Aligning reverse-kturn_conseusns and 4v51_AA:1423-1438:
#  Alignment score:  13.4
#  P-value:  1.000e+00
#  Query aligned region: 1-1,9-9
#  Target aligned region: 0:'AA'1441-14:'AA'1460

	G...A
	G...A

#  Matched base-pairing interactions: 
	<G(1:)-A(9:) trans S/H>                        MATCHES	<G(0:'AA'1441)-A(14:'AA'1460) trans S/H>
#  Matched base-stacking interactions: 

>>>>>>>>>>   ALIGNMENT ENDS   >>>>>>>>>>

<<<<<<<<<<  ALIGNMENT BEGINS  <<<<<<<<<<

#  Aligning reverse-kturn_conseusns and 4v51_AA:1053-1059_1084-1086_1063-1067:
#  Alignment score:  13.3
#  P-value:  1.000e+00
#  Query aligned region: 2-3,4-8
#  Target aligned region: 0:'AA'1071-2:'AA'1073,7:'AA'1102-7:'AA'1102,14:'AA'1085-14:'AA'1085

	A-G...C~A
	CGU...A~U

#  Matched base-pairing interactions: 
	<G(3:)-C(4:) cis W/W>                          MATCHES	<U(2:'AA'1073)-A(7:'AA'1102) cis W/W>
	<A(2:)-A(8:) trans H/H>                        MATCHES	<C(0:'AA'1071)-U(14:'AA'1085) trans H/H>
#  Matched base-stacking interactions: 

>>>>>>>>>>   ALIGNMENT ENDS   >>>>>>>>>>

<<<<<<<<<<  ALIGNMENT BEGINS  <<<<<<<<<<

#  Aligning reverse-kturn_conseusns and 4v51_AA:419-426_406-414:
#  Alignment score:  13
#  P-value:  1.000e+00
#  Query aligned region: 1-2,8-9
#  Target aligned region: 3:'AA'427-4:'AA'428,12:'AA'415-13:'AA'416

	GA...AA
	UG...AG

#  Matched base-pairing interactions: 
	<A(2:)-A(8:) trans H/H>                        MATCHES	<G(4:'AA'428)-A(12:'AA'415) trans H/H>
	<G(1:)-A(9:) trans S/H>                        MATCHES	<U(3:'AA'427)-G(13:'AA'416) cis W/W>
#  Matched base-stacking interactions: 

>>>>>>>>>>   ALIGNMENT ENDS   >>>>>>>>>>

<<<<<<<<<<  ALIGNMENT BEGINS  <<<<<<<<<<

#  Aligning reverse-kturn_conseusns and 4v51_AA:1216-1218_1314-1322_920-923:
#  Alignment score:  12.6
#  P-value:  1.000e+00
#  Query aligned region: 0-2,8-10
#  Target aligned region: 0:'AA'1235-1:'AA'1236,5:'AA'1335-6:'AA'1336,14:'AA'945-15:'AA'946

	GG~A...A~AC
	UA~C...C~GA

#  Matched base-pairing interactions: 
	<G(1:)-A(9:) trans S/H>                        MATCHES	<A(1:'AA'1236)-G(14:'AA'945) cis W/W>
	<A(2:)-A(8:) trans H/H>                        MATCHES	<C(5:'AA'1335)-C(6:'AA'1336) cis S/S>
	<G(0:)-C(10:) cis W/W>                         MATCHES	<U(0:'AA'1235)-A(15:'AA'946) cis W/W>
#  Matched base-stacking interactions: 

>>>>>>>>>>   ALIGNMENT ENDS   >>>>>>>>>>

<<<<<<<<<<  ALIGNMENT BEGINS  <<<<<<<<<<

#  Aligning reverse-kturn_conseusns and 4v51_AA:1337-1340_1342-1348_953-955:
#  Alignment score:  11.4
#  P-value:  1.000e+00
#  Query aligned region: 0-1,9-10
#  Target aligned region: 0:'AA'1356-1:'AA'1357,9:'AA'1365-10:'AA'1366

	GG...AC
	GA...GC

#  Matched base-pairing interactions: 
	<G(1:)-A(9:) trans S/H>                        MATCHES	<A(1:'AA'1357)-G(9:'AA'1365) cis W/W>
	<G(0:)-C(10:) cis W/W>                         MATCHES	<G(0:'AA'1356)-C(10:'AA'1366) cis W/W>
#  Matched base-stacking interactions: 

>>>>>>>>>>   ALIGNMENT ENDS   >>>>>>>>>>

<<<<<<<<<<  ALIGNMENT BEGINS  <<<<<<<<<<

#  Aligning reverse-kturn_conseusns and 4v51_AA:1325-1336_1269-1270_1350-1356:
#  Alignment score:  11.4
#  P-value:  1.000e+00
#  Query aligned region: 0-1,9-10
#  Target aligned region: 6:'AA'1350-6:'AA'1350,12:'AA'1288-12:'AA'1288,17:'AA'1371-18:'AA'1372

	G~G...AC
	A~A...GU

#  Matched base-pairing interactions: 
	<G(0:)-C(10:) cis W/W>                         MATCHES	<A(6:'AA'1350)-U(18:'AA'1372) cis W/W>
	<G(1:)-A(9:) trans S/H>                        MATCHES	<A(12:'AA'1288)-G(17:'AA'1371) cis -/->
#  Matched base-stacking interactions: 

>>>>>>>>>>   ALIGNMENT ENDS   >>>>>>>>>>

<<<<<<<<<<  ALIGNMENT BEGINS  <<<<<<<<<<

#  Aligning reverse-kturn_conseusns and 4v51_AA:45-49_356-362_388-393:
#  Alignment score:  10.8
#  P-value:  1.000e+00
#  Query aligned region: 0-1,9-10
#  Target aligned region: 1:'AA'46-1:'AA'46,6:'AA'362-8:'AA'364,14:'AA'395-14:'AA'395

	G~G...A~C
	G~G...A~C

#  Matched base-pairing interactions: 
	<G(0:)-C(10:) cis W/W>                         MATCHES	<G(1:'AA'46)-C(14:'AA'395) cis W/W>
	<G(1:)-A(9:) trans S/H>                        MATCHES	<G(6:'AA'362)-A(8:'AA'364) cis -/->
#  Matched base-stacking interactions: 

>>>>>>>>>>   ALIGNMENT ENDS   >>>>>>>>>>

<<<<<<<<<<  ALIGNMENT BEGINS  <<<<<<<<<<

#  Aligning reverse-kturn_conseusns and 4v51_AA:465-472_440-444:
#  Alignment score:  10.8
#  P-value:  1.000e+00
#  Query aligned region: 0-2,8-10
#  Target aligned region: 2:'AA'483-4:'AA'485,10:'AA'448-12:'AA'450

	GGA...AAC
	CGG...ACG

#  Matched base-pairing interactions: 
	<A(2:)-A(8:) trans H/H>                        MATCHES	<G(4:'AA'485)-A(10:'AA'448) cis -/->
	<G(1:)-A(9:) trans S/H>                        MATCHES	<G(3:'AA'484)-C(11:'AA'449) cis W/H>
	<G(0:)-C(10:) cis W/W>                         MATCHES	<C(2:'AA'483)-G(12:'AA'450) cis W/W>
#  Matched base-stacking interactions: 

>>>>>>>>>>   ALIGNMENT ENDS   >>>>>>>>>>

<<<<<<<<<<  ALIGNMENT BEGINS  <<<<<<<<<<

#  Aligning reverse-kturn_conseusns and 4v51_AA:138-140_170-173:
#  Alignment score:  10.6
#  P-value:  1.000e+00
#  Query aligned region: 3-3,4-4
#  Target aligned region: 2:'AA'146-2:'AA'146,3:'AA'176-3:'AA'176

	G...C
	G...C

#  Matched base-pairing interactions: 
	<G(3:)-C(4:) cis W/W>                          MATCHES	<G(2:'AA'146)-C(3:'AA'176) cis W/W>
#  Matched base-stacking interactions: 

>>>>>>>>>>   ALIGNMENT ENDS   >>>>>>>>>>

<<<<<<<<<<  ALIGNMENT BEGINS  <<<<<<<<<<

#  Aligning reverse-kturn_conseusns and 4v51_AA:855-858_558-562_739-747:
#  Alignment score:  10.6
#  P-value:  1.000e+00
#  Query aligned region: 3-3,4-4
#  Target aligned region: 6:'AA'577-6:'AA'577,17:'AA'764-17:'AA'764

	G...C
	G...C

#  Matched base-pairing interactions: 
	<G(3:)-C(4:) cis W/W>                          MATCHES	<G(6:'AA'577)-C(17:'AA'764) cis W/W>
#  Matched base-stacking interactions: 

>>>>>>>>>>   ALIGNMENT ENDS   >>>>>>>>>>

<<<<<<<<<<  ALIGNMENT BEGINS  <<<<<<<<<<

#  Aligning reverse-kturn_conseusns and 4v51_AA:998-1003_984-987:
#  Alignment score:  10.6
#  P-value:  1.000e+00
#  Query aligned region: 3-3,4-4
#  Target aligned region: 2:'AA'1022-2:'AA'1022,7:'AA'1007-7:'AA'1007

	G...C
	G...C

#  Matched base-pairing interactions: 
	<G(3:)-C(4:) cis W/W>                          MATCHES	<G(2:'AA'1022)-C(7:'AA'1007) cis W/W>
#  Matched base-stacking interactions: 

>>>>>>>>>>   ALIGNMENT ENDS   >>>>>>>>>>

<<<<<<<<<<  ALIGNMENT BEGINS  <<<<<<<<<<

#  Aligning reverse-kturn_conseusns and 4v51_AA:846-849_810-817_830-836:
#  Alignment score:  10.6
#  P-value:  1.000e+00
#  Query aligned region: 3-3,4-4
#  Target aligned region: 6:'AA'829-6:'AA'829,16:'AA'857-16:'AA'857

	G...C
	G...C

#  Matched base-pairing interactions: 
	<G(3:)-C(4:) cis W/W>                          MATCHES	<G(6:'AA'829)-C(16:'AA'857) cis W/W>
#  Matched base-stacking interactions: 

>>>>>>>>>>   ALIGNMENT ENDS   >>>>>>>>>>

<<<<<<<<<<  ALIGNMENT BEGINS  <<<<<<<<<<

#  Aligning reverse-kturn_conseusns and 4v51_AA:634-641_730-738:
#  Alignment score:  10.6
#  P-value:  1.000e+00
#  Query aligned region: 3-3,4-4
#  Target aligned region: 7:'AA'658-7:'AA'658,8:'AA'747-8:'AA'747

	G...C
	G...C

#  Matched base-pairing interactions: 
	<G(3:)-C(4:) cis W/W>                          MATCHES	<G(7:'AA'658)-C(8:'AA'747) cis W/W>
#  Matched base-stacking interactions: 

>>>>>>>>>>   ALIGNMENT ENDS   >>>>>>>>>>

<<<<<<<<<<  ALIGNMENT BEGINS  <<<<<<<<<<

#  Aligning reverse-kturn_conseusns and 4v51_AA:1176-1187_1034-1043:
#  Alignment score:  9.8
#  P-value:  1.000e+00
#  Query aligned region: 3-3,4-4
#  Target aligned region: 2:'AA'1197-2:'AA'1197,20:'AA'1060-20:'AA'1060

	G...C
	G...C

#  Matched base-pairing interactions: 
	<G(3:)-C(4:) cis W/W>                          MATCHES	<G(2:'AA'1197)-C(20:'AA'1060) cis W/W>
#  Matched base-stacking interactions: 

>>>>>>>>>>   ALIGNMENT ENDS   >>>>>>>>>>

<<<<<<<<<<  ALIGNMENT BEGINS  <<<<<<<<<<

#  Aligning reverse-kturn_conseusns and 4v51_AA:713-715_708-710_647-649:
#  Alignment score:  9.8
#  P-value:  1.000e+00
#  Query aligned region: 0-1,9-10
#  Target aligned region: 1:'AA'731-2:'AA'732,3:'AA'725-4:'AA'726

	GG...AC
	GC...GC

#  Matched base-pairing interactions: 
	<G(1:)-A(9:) trans S/H>                        MATCHES	<C(2:'AA'732)-G(3:'AA'725) cis W/W>
	<G(0:)-C(10:) cis W/W>                         MATCHES	<G(1:'AA'731)-C(4:'AA'726) cis W/W>
#  Matched base-stacking interactions: 

>>>>>>>>>>   ALIGNMENT ENDS   >>>>>>>>>>

<<<<<<<<<<  ALIGNMENT BEGINS  <<<<<<<<<<

#  Aligning reverse-kturn_conseusns and 4v51_AA:238-244_270-279:
#  Alignment score:  9.8
#  P-value:  1.000e+00
#  Query aligned region: 3-3,4-4
#  Target aligned region: 6:'AA'249-6:'AA'249,7:'AA'275-7:'AA'275

	G...C
	U...G

#  Matched base-pairing interactions: 
	<G(3:)-C(4:) cis W/W>                          MATCHES	<U(6:'AA'249)-G(7:'AA'275) cis W/W>
#  Matched base-stacking interactions: 

>>>>>>>>>>   ALIGNMENT ENDS   >>>>>>>>>>

<<<<<<<<<<  ALIGNMENT BEGINS  <<<<<<<<<<

#  Aligning reverse-kturn_conseusns and 4v51_AA:1203-1210_956-960_930-937:
#  Alignment score:  9
#  P-value:  1.000e+00
#  Query aligned region: 3-3,4-4
#  Target aligned region: 3:'AA'1225-3:'AA'1225,15:'AA'955-15:'AA'955

	G...C
	A...U

#  Matched base-pairing interactions: 
	<G(3:)-C(4:) cis W/W>                          MATCHES	<A(3:'AA'1225)-U(15:'AA'955) cis W/W>
#  Matched base-stacking interactions: 

>>>>>>>>>>   ALIGNMENT ENDS   >>>>>>>>>>

<<<<<<<<<<  ALIGNMENT BEGINS  <<<<<<<<<<

#  Aligning reverse-kturn_conseusns and 4v51_AA:1003-1017:
#  Alignment score:  6
#  P-value:  1.000e+00
#  Query aligned region: 0-1,9-10
#  Target aligned region: 4:'AA'1029-12:'AA'1033

	GG...AC
	CC...GG

#  Matched base-pairing interactions: 
	<G(1:)-A(9:) trans S/H>                        MATCHES	<C(5:'AA'1030)-G(11:'AA'1032) cis W/W>
	<G(0:)-C(10:) cis W/W>                         MATCHES	<C(4:'AA'1029)-G(12:'AA'1033) cis W/W>
#  Matched base-stacking interactions: 

>>>>>>>>>>   ALIGNMENT ENDS   >>>>>>>>>>

<<<<<<<<<<  ALIGNMENT BEGINS  <<<<<<<<<<

#  Aligning reverse-kturn_conseusns and 4v51_AA:957-958_953-955_1342-1345:
#  Alignment score:  2.6
#  P-value:  1.000e+00
#  Query aligned region: 
#  Target aligned region: 

	
	

#  Matched base-pairing interactions: 
#  Matched base-stacking interactions: 

>>>>>>>>>>   ALIGNMENT ENDS   >>>>>>>>>>

<<<<<<<<<<  ALIGNMENT BEGINS  <<<<<<<<<<

#  Aligning reverse-kturn_conseusns and 4v51_AA:1342-1345_957-958_953-955:
#  Alignment score:  2.5
#  P-value:  1.000e+00
#  Query aligned region: 
#  Target aligned region: 

	
	

#  Matched base-pairing interactions: 
#  Matched base-stacking interactions: 

>>>>>>>>>>   ALIGNMENT ENDS   >>>>>>>>>>

<<<<<<<<<<  ALIGNMENT BEGINS  <<<<<<<<<<

#  Aligning reverse-kturn_conseusns and 4v51_AA:957-958_1342-1345_953-955:
#  Alignment score:  2.4
#  P-value:  1.000e+00
#  Query aligned region: 
#  Target aligned region: 

	
	

#  Matched base-pairing interactions: 
#  Matched base-stacking interactions: 

>>>>>>>>>>   ALIGNMENT ENDS   >>>>>>>>>>

