$ /home/s081p868/scratch/RNAMotifScanX-release/bin/scan /home/s081p868/scratch/RNAMotifScanX-release/models/reverse-kturn_consensus.struct /rfs/poseidon_share/s081p868/RNAMotifScanX_nr/rmsx_work_default/2gis/A/2gis_A.rmsx.in --map_pdb=/rfs/poseidon_share/s081p868/RNAMotifScanX_nr/rmsx_work_default/2gis/A/2gis_A.rmsx.nch --pvalue 1.0 --num_threads 8 --write_alignment
<<<<<<<<<<  ALIGNMENT BEGINS  <<<<<<<<<<

#  Aligning reverse-kturn_conseusns and 2gis_A:16-20_30-37:
#  Alignment score:  38.6
#  P-value:  6.632e-02
#  Query aligned region: 0-2,8-10
#  Target aligned region: 0:A17-2:A19,10:A36-12:A38

	GGA...AAC
	UGG...AAA

#  Matched base-pairing interactions: 
	<A(2:)-A(8:) trans H/H>                        MATCHES	<G(2:A19)-A(10:A36) trans S/H>
	<G(1:)-A(9:) trans S/H>                        MATCHES	<G(1:A18)-A(11:A37) trans S/H>
	<G(0:)-C(10:) cis W/W>                         MATCHES	<U(0:A17)-A(12:A38) cis W/W>
#  Matched base-stacking interactions: 

>>>>>>>>>>   ALIGNMENT ENDS   >>>>>>>>>>

<<<<<<<<<<  ALIGNMENT BEGINS  <<<<<<<<<<

#  Aligning reverse-kturn_conseusns and 2gis_A:72-78:
#  Alignment score:  35.6
#  P-value:  8.614e-02
#  Query aligned region: 0-1,9-10
#  Target aligned region: 0:A73-5:A78

	GG...AC
	GG...AC

#  Matched base-pairing interactions: 
	<G(1:)-A(9:) trans S/H>                        MATCHES	<G(1:A74)-A(4:A77) trans S/H>
	<G(0:)-C(10:) cis W/W>                         MATCHES	<G(0:A73)-C(5:A78) cis W/W>
#  Matched base-stacking interactions: 

>>>>>>>>>>   ALIGNMENT ENDS   >>>>>>>>>>

<<<<<<<<<<  ALIGNMENT BEGINS  <<<<<<<<<<

#  Aligning reverse-kturn_conseusns and 2gis_A:48-54:
#  Alignment score:  34.2
#  P-value:  9.857e-02
#  Query aligned region: 0-1,9-10
#  Target aligned region: 0:A49-5:A54

	GG...AC
	AG...AU

#  Matched base-pairing interactions: 
	<G(1:)-A(9:) trans S/H>                        MATCHES	<G(1:A50)-A(4:A53) trans S/H>
	<G(0:)-C(10:) cis W/W>                         MATCHES	<A(0:A49)-U(5:A54) cis W/W>
#  Matched base-stacking interactions: 

>>>>>>>>>>   ALIGNMENT ENDS   >>>>>>>>>>

<<<<<<<<<<  ALIGNMENT BEGINS  <<<<<<<<<<

#  Aligning reverse-kturn_conseusns and 2gis_A:60-61_17-22_27-35:
#  Alignment score:  30.1
#  P-value:  1.556e-01
#  Query aligned region: 1-3,4-9
#  Target aligned region: 3:A19-5:A21,11:A31-16:A36

	GAG...CACAAA
	GAG...CGAUGA

#  Matched base-pairing interactions: 
	<G(3:)-C(4:) cis W/W>                          MATCHES	<G(5:A21)-C(11:A31) cis W/W>
	<A(2:)-A(8:) trans H/H>                        MATCHES	<A(4:A20)-G(15:A35) trans H/S>
	<G(1:)-A(9:) trans S/H>                        MATCHES	<G(3:A19)-A(16:A36) trans S/H>
#  Matched base-stacking interactions: 

>>>>>>>>>>   ALIGNMENT ENDS   >>>>>>>>>>

