$ /home/s081p868/scratch/RNAMotifScanX-release/bin/scan /home/s081p868/scratch/RNAMotifScanX-release/models/e-loop_consensus.struct /rfs/poseidon_share/s081p868/RNAMotifScanX_nr/rmsx_work_default/3f2q/X/3f2q_X.rmsx.in --map_pdb=/rfs/poseidon_share/s081p868/RNAMotifScanX_nr/rmsx_work_default/3f2q/X/3f2q_X.rmsx.nch --pvalue 1.0 --num_threads 8 --write_alignment
<<<<<<<<<<  ALIGNMENT BEGINS  <<<<<<<<<<

#  Aligning Eloop_consensus and 3f2q_X:18-23_90-94_87-89:
#  Alignment score:  41.2
#  P-value:  2.733e-02
#  Query aligned region: 0-1,4-5
#  Target aligned region: 0:X19-0:X19,7:X92-7:X92,12:X89-13:X90

	G~A...UA
	G~A...UA

#  Matched base-pairing interactions: 
	<G(0:)-A(5:) trans S/H>                        MATCHES	<G(0:X19)-A(13:X90) trans S/H>
	<A(1:)-U(4:) trans H/W>                        MATCHES	<A(7:X92)-U(12:X89) trans H/W>
#  Matched base-stacking interactions: 

>>>>>>>>>>   ALIGNMENT ENDS   >>>>>>>>>>

<<<<<<<<<<  ALIGNMENT BEGINS  <<<<<<<<<<

#  Aligning Eloop_consensus and 3f2q_X:6-9_31-32_103-106:
#  Alignment score:  24.6
#  P-value:  1.057e-01
#  Query aligned region: 0-1,4-5
#  Target aligned region: 2:X9-3:X10,4:X32-4:X32,6:X104-6:X104

	GA...U~A
	GG...G~A

#  Matched base-pairing interactions: 
	<G(0:)-A(5:) trans S/H>                        MATCHES	<G(2:X9)-A(6:X104) trans S/H>
	<A(1:)-U(4:) trans H/W>                        MATCHES	<G(3:X10)-G(4:X32) cis W/S>
#  Matched base-stacking interactions: 

>>>>>>>>>>   ALIGNMENT ENDS   >>>>>>>>>>

<<<<<<<<<<  ALIGNMENT BEGINS  <<<<<<<<<<

#  Aligning Eloop_consensus and 3f2q_X:69-74_35-41:
#  Alignment score:  23
#  P-value:  1.285e-01
#  Query aligned region: 0-0,5-5
#  Target aligned region: 0:X70-0:X70,8:X38-8:X38

	G...A
	G...A

#  Matched base-pairing interactions: 
	<G(0:)-A(5:) trans S/H>                        MATCHES	<G(0:X70)-A(8:X38) trans S/H>
#  Matched base-stacking interactions: 

>>>>>>>>>>   ALIGNMENT ENDS   >>>>>>>>>>

<<<<<<<<<<  ALIGNMENT BEGINS  <<<<<<<<<<

#  Aligning Eloop_consensus and 3f2q_X:92-93_26-27_11-14:
#  Alignment score:  22.2
#  P-value:  1.428e-01
#  Query aligned region: 0-0,5-5
#  Target aligned region: 3:X28-3:X28,6:X14-6:X14

	G...A
	G...A

#  Matched base-pairing interactions: 
	<G(0:)-A(5:) trans S/H>                        MATCHES	<G(3:X28)-A(6:X14) trans S/H>
#  Matched base-stacking interactions: 

>>>>>>>>>>   ALIGNMENT ENDS   >>>>>>>>>>

<<<<<<<<<<  ALIGNMENT BEGINS  <<<<<<<<<<

#  Aligning Eloop_consensus and 3f2q_X:30-32_8-11:
#  Alignment score:  4.6
#  P-value:  1.000e+00
#  Query aligned region: 1-2,3-4
#  Target aligned region: 0:X31-1:X32,5:X11-6:X12

	AG...GU
	CG...GG

#  Matched base-pairing interactions: 
	<G(2:)-G(3:) trans H/S>                        MATCHES	<G(1:X32)-G(5:X11) cis S/S>
	<A(1:)-U(4:) trans H/W>                        MATCHES	<C(0:X31)-G(6:X12) cis S/S>
#  Matched base-stacking interactions: 

>>>>>>>>>>   ALIGNMENT ENDS   >>>>>>>>>>

