$ /home/s081p868/scratch/RNAMotifScanX-release/bin/scan /home/s081p868/scratch/RNAMotifScanX-release/models/reverse-kturn_consensus.struct /rfs/poseidon_share/s081p868/RNAMotifScanX_nr/rmsx_work_default/5j7l/CA/5j7l_CA.rmsx.in --map_pdb=/rfs/poseidon_share/s081p868/RNAMotifScanX_nr/rmsx_work_default/5j7l/CA/5j7l_CA.rmsx.nch --pvalue 1.0 --num_threads 16 --write_alignment
<<<<<<<<<<  ALIGNMENT BEGINS  <<<<<<<<<<

#  Aligning reverse-kturn_conseusns and 5j7l_CA:1121-1127_2484-2488_1026-1033:
#  Alignment score:  61.6
#  P-value:  2.136e-02
#  Query aligned region: 0-3,4-10
#  Target aligned region: 2:'CA'1124-5:'CA'1127,10:'CA'2488-10:'CA'2488,13:'CA'1028-15:'CA'1030

	GGAG...C~AAC
	GGAA...G~AAC

#  Matched base-pairing interactions: 
	<G(3:)-C(4:) cis W/W>                          MATCHES	<A(5:'CA'1127)-G(10:'CA'2488) cis H/S>
	<A(2:)-A(8:) trans H/H>                        MATCHES	<A(4:'CA'1126)-A(13:'CA'1028) trans H/H>
	<G(1:)-A(9:) trans S/H>                        MATCHES	<G(3:'CA'1125)-A(14:'CA'1029) trans S/H>
	<G(0:)-C(10:) cis W/W>                         MATCHES	<G(2:'CA'1124)-C(15:'CA'1030) cis W/W>
#  Matched base-stacking interactions: 

>>>>>>>>>>   ALIGNMENT ENDS   >>>>>>>>>>

<<<<<<<<<<  ALIGNMENT BEGINS  <<<<<<<<<<

#  Aligning reverse-kturn_conseusns and 5j7l_CA:1693-1699_1687-1692_1975-1976:
#  Alignment score:  61.6
#  P-value:  2.136e-02
#  Query aligned region: 0-2,8-10
#  Target aligned region: 2:'CA'1696-4:'CA'1698,8:'CA'1689-10:'CA'1691

	GGA...AAC
	GGA...AAC

#  Matched base-pairing interactions: 
	<A(2:)-A(8:) trans H/H>                        MATCHES	<A(4:'CA'1698)-A(8:'CA'1689) trans H/H>
	<G(1:)-A(9:) trans S/H>                        MATCHES	<G(3:'CA'1697)-A(9:'CA'1690) trans S/H>
	<G(0:)-C(10:) cis W/W>                         MATCHES	<G(2:'CA'1696)-C(10:'CA'1691) cis W/W>
#  Matched base-stacking interactions: 

>>>>>>>>>>   ALIGNMENT ENDS   >>>>>>>>>>

<<<<<<<<<<  ALIGNMENT BEGINS  <<<<<<<<<<

#  Aligning reverse-kturn_conseusns and 5j7l_CA:238-245_251-257:
#  Alignment score:  60.8
#  P-value:  2.210e-02
#  Query aligned region: 0-2,8-10
#  Target aligned region: 0:'CA'239-2:'CA'241,12:'CA'256-14:'CA'258

	GGA...AAC
	CCA...ACG

#  Matched base-pairing interactions: 
	<A(2:)-A(8:) trans H/H>                        MATCHES	<A(2:'CA'241)-A(12:'CA'256) trans H/H>
	<G(1:)-A(9:) trans S/H>                        MATCHES	<C(1:'CA'240)-C(13:'CA'257) trans S/H>
	<G(0:)-C(10:) cis W/W>                         MATCHES	<C(0:'CA'239)-G(14:'CA'258) cis W/W>
#  Matched base-stacking interactions: 

>>>>>>>>>>   ALIGNMENT ENDS   >>>>>>>>>>

<<<<<<<<<<  ALIGNMENT BEGINS  <<<<<<<<<<

#  Aligning reverse-kturn_conseusns and 5j7l_CA:196-205_247-250_190-194:
#  Alignment score:  57.2
#  P-value:  2.598e-02
#  Query aligned region: 0-3,4-10
#  Target aligned region: 5:'CA'202-9:'CA'206,14:'CA'191-16:'CA'193

	GGAG...C~AAC
	UAAG...U~ACU

#  Matched base-pairing interactions: 
	<G(3:)-C(4:) cis W/W>                          MATCHES	<G(8:'CA'205)-U(9:'CA'206) cis S/H>
	<A(2:)-A(8:) trans H/H>                        MATCHES	<A(7:'CA'204)-A(14:'CA'191) trans H/H>
	<G(1:)-A(9:) trans S/H>                        MATCHES	<A(6:'CA'203)-C(15:'CA'192) trans S/H>
	<G(0:)-C(10:) cis W/W>                         MATCHES	<U(5:'CA'202)-U(16:'CA'193) cis W/W>
#  Matched base-stacking interactions: 

>>>>>>>>>>   ALIGNMENT ENDS   >>>>>>>>>>

<<<<<<<<<<  ALIGNMENT BEGINS  <<<<<<<<<<

#  Aligning reverse-kturn_conseusns and 5j7l_CA:1262-1269_2009-2015:
#  Alignment score:  56.6
#  P-value:  2.672e-02
#  Query aligned region: 0-2,8-10
#  Target aligned region: 0:'CA'1263-2:'CA'1265,12:'CA'2014-14:'CA'2016

	GGA...AAC
	UAA...AAU

#  Matched base-pairing interactions: 
	<A(2:)-A(8:) trans H/H>                        MATCHES	<A(2:'CA'1265)-A(12:'CA'2014) trans H/H>
	<G(1:)-A(9:) trans S/H>                        MATCHES	<A(1:'CA'1264)-A(13:'CA'2015) trans S/H>
	<G(0:)-C(10:) cis W/W>                         MATCHES	<U(0:'CA'1263)-U(14:'CA'2016) cis W/W>
#  Matched base-stacking interactions: 

>>>>>>>>>>   ALIGNMENT ENDS   >>>>>>>>>>

<<<<<<<<<<  ALIGNMENT BEGINS  <<<<<<<<<<

#  Aligning reverse-kturn_conseusns and 5j7l_CA:968-973_819-822_942-948:
#  Alignment score:  56.2
#  P-value:  2.723e-02
#  Query aligned region: 0-2,8-10
#  Target aligned region: 2:'CA'971-4:'CA'973,6:'CA'820-7:'CA'821,13:'CA'946-13:'CA'946

	GGA...AA~C
	GAA...AA~C

#  Matched base-pairing interactions: 
	<A(2:)-A(8:) trans H/H>                        MATCHES	<A(4:'CA'973)-A(6:'CA'820) trans H/H>
	<G(0:)-C(10:) cis W/W>                         MATCHES	<G(2:'CA'971)-C(13:'CA'946) cis W/W>
	<G(1:)-A(9:) trans S/H>                        MATCHES	<A(3:'CA'972)-A(7:'CA'821) trans S/H>
#  Matched base-stacking interactions: 

>>>>>>>>>>   ALIGNMENT ENDS   >>>>>>>>>>

<<<<<<<<<<  ALIGNMENT BEGINS  <<<<<<<<<<

#  Aligning reverse-kturn_conseusns and 5j7l_CA:1816-1820_1812-1815_1797-1804:
#  Alignment score:  56
#  P-value:  2.750e-02
#  Query aligned region: 0-2,8-10
#  Target aligned region: 5:'CA'1813-7:'CA'1815,13:'CA'1802-15:'CA'1804

	GGA...AAC
	GGA...AAC

#  Matched base-pairing interactions: 
	<A(2:)-A(8:) trans H/H>                        MATCHES	<A(7:'CA'1815)-A(13:'CA'1802) trans H/H>
	<G(1:)-A(9:) trans S/H>                        MATCHES	<G(6:'CA'1814)-A(14:'CA'1803) trans S/H>
	<G(0:)-C(10:) cis W/W>                         MATCHES	<G(5:'CA'1813)-C(15:'CA'1804) cis W/W>
#  Matched base-stacking interactions: 

>>>>>>>>>>   ALIGNMENT ENDS   >>>>>>>>>>

<<<<<<<<<<  ALIGNMENT BEGINS  <<<<<<<<<<

#  Aligning reverse-kturn_conseusns and 5j7l_CA:1377-1380_1424-1428_1563-1572:
#  Alignment score:  55.8
#  P-value:  2.776e-02
#  Query aligned region: 0-2,8-10
#  Target aligned region: 4:'CA'1425-6:'CA'1427,16:'CA'1571-18:'CA'1573

	GGA...AAC
	GGA...AAG

#  Matched base-pairing interactions: 
	<A(2:)-A(8:) trans H/H>                        MATCHES	<A(6:'CA'1427)-A(16:'CA'1571) trans H/H>
	<G(1:)-A(9:) trans S/H>                        MATCHES	<G(5:'CA'1426)-A(17:'CA'1572) trans S/H>
	<G(0:)-C(10:) cis W/W>                         MATCHES	<G(4:'CA'1425)-G(18:'CA'1573) trans S/H>
#  Matched base-stacking interactions: 

>>>>>>>>>>   ALIGNMENT ENDS   >>>>>>>>>>

<<<<<<<<<<  ALIGNMENT BEGINS  <<<<<<<<<<

#  Aligning reverse-kturn_conseusns and 5j7l_CA:1602-1609_1621-1622_1304-1312:
#  Alignment score:  55.4
#  P-value:  2.831e-02
#  Query aligned region: 0-2,8-10
#  Target aligned region: 2:'CA'1605-4:'CA'1607,9:'CA'1623-9:'CA'1623,13:'CA'1308-14:'CA'1309

	GGA...A~AC
	CCC...G~AG

#  Matched base-pairing interactions: 
	<G(1:)-A(9:) trans S/H>                        MATCHES	<C(3:'CA'1606)-A(13:'CA'1308) trans S/H>
	<A(2:)-A(8:) trans H/H>                        MATCHES	<C(4:'CA'1607)-G(9:'CA'1623) trans H/H>
	<G(0:)-C(10:) cis W/W>                         MATCHES	<C(2:'CA'1605)-G(14:'CA'1309) cis W/W>
#  Matched base-stacking interactions: 

>>>>>>>>>>   ALIGNMENT ENDS   >>>>>>>>>>

<<<<<<<<<<  ALIGNMENT BEGINS  <<<<<<<<<<

#  Aligning reverse-kturn_conseusns and 5j7l_CA:2231-2240_2074-2077_2080-2086:
#  Alignment score:  54.2
#  P-value:  3.004e-02
#  Query aligned region: 0-2,8-10
#  Target aligned region: 4:'CA'2236-6:'CA'2238,13:'CA'2078-13:'CA'2078,15:'CA'2082-16:'CA'2083

	GGA...A~AC
	UGG...C~AG

#  Matched base-pairing interactions: 
	<G(1:)-A(9:) trans S/H>                        MATCHES	<G(5:'CA'2237)-A(15:'CA'2082) trans S/H>
	<A(2:)-A(8:) trans H/H>                        MATCHES	<G(6:'CA'2238)-C(13:'CA'2078) trans H/H>
	<G(0:)-C(10:) cis W/W>                         MATCHES	<U(4:'CA'2236)-G(16:'CA'2083) cis W/W>
#  Matched base-stacking interactions: 

>>>>>>>>>>   ALIGNMENT ENDS   >>>>>>>>>>

<<<<<<<<<<  ALIGNMENT BEGINS  <<<<<<<<<<

#  Aligning reverse-kturn_conseusns and 5j7l_CA:491-497_505-506_481-487:
#  Alignment score:  54.2
#  P-value:  3.004e-02
#  Query aligned region: 0-2,8-10
#  Target aligned region: 4:'CA'496-5:'CA'497,8:'CA'507-8:'CA'507,9:'CA'482-11:'CA'484

	GG~A...AAC
	GA~A...AAC

#  Matched base-pairing interactions: 
	<G(1:)-A(9:) trans S/H>                        MATCHES	<A(5:'CA'497)-A(10:'CA'483) trans S/H>
	<A(2:)-A(8:) trans H/H>                        MATCHES	<A(8:'CA'507)-A(9:'CA'482) trans H/H>
	<G(0:)-C(10:) cis W/W>                         MATCHES	<G(4:'CA'496)-C(11:'CA'484) cis W/W>
#  Matched base-stacking interactions: 

>>>>>>>>>>   ALIGNMENT ENDS   >>>>>>>>>>

<<<<<<<<<<  ALIGNMENT BEGINS  <<<<<<<<<<

#  Aligning reverse-kturn_conseusns and 5j7l_CA:123-125_115-119_46-53:
#  Alignment score:  47.3
#  P-value:  4.394e-02
#  Query aligned region: 0-2,8-10
#  Target aligned region: 3:'CA'116-6:'CA'119,13:'CA'52-15:'CA'54

	GG-A...AAC
	CGAA...AAG

#  Matched base-pairing interactions: 
	<G(1:)-A(9:) trans S/H>                        MATCHES	<G(4:'CA'117)-A(14:'CA'53) trans S/H>
	<A(2:)-A(8:) trans H/H>                        MATCHES	<A(6:'CA'119)-A(13:'CA'52) trans H/H>
	<G(0:)-C(10:) cis W/W>                         MATCHES	<C(3:'CA'116)-G(15:'CA'54) cis W/W>
#  Matched base-stacking interactions: 

>>>>>>>>>>   ALIGNMENT ENDS   >>>>>>>>>>

<<<<<<<<<<  ALIGNMENT BEGINS  <<<<<<<<<<

#  Aligning reverse-kturn_conseusns and 5j7l_CA:1512-1516_1726-1732_1473-1477:
#  Alignment score:  43.8
#  P-value:  5.501e-02
#  Query aligned region: 0-3,4-10
#  Target aligned region: 0:'CA'1513-3:'CA'1516,10:'CA'1732-10:'CA'1732,14:'CA'1476-16:'CA'1478

	GGAG...C~AAC
	UGAG...C~UAG

#  Matched base-pairing interactions: 
	<G(3:)-C(4:) cis W/W>                          MATCHES	<G(3:'CA'1516)-C(10:'CA'1732) cis W/W>
	<A(2:)-A(8:) trans H/H>                        MATCHES	<A(2:'CA'1515)-U(14:'CA'1476) trans H/W>
	<G(1:)-A(9:) trans S/H>                        MATCHES	<G(1:'CA'1514)-A(15:'CA'1477) trans S/H>
	<G(0:)-C(10:) cis W/W>                         MATCHES	<U(0:'CA'1513)-G(16:'CA'1478) cis W/W>
#  Matched base-stacking interactions: 

>>>>>>>>>>   ALIGNMENT ENDS   >>>>>>>>>>

<<<<<<<<<<  ALIGNMENT BEGINS  <<<<<<<<<<

#  Aligning reverse-kturn_conseusns and 5j7l_CA:466-472_451-462:
#  Alignment score:  42.7
#  P-value:  5.937e-02
#  Query aligned region: 0-3,4-10
#  Target aligned region: 1:'CA'468-5:'CA'472,8:'CA'453-16:'CA'461

	GG-AG...CACAA--AC
	GGAAA...AACCAGUAC

#  Matched base-pairing interactions: 
	<G(3:)-C(4:) cis W/W>                          MATCHES	<A(5:'CA'472)-A(8:'CA'453) cis H/S>
	<G(1:)-A(9:) trans S/H>                        MATCHES	<G(2:'CA'469)-A(15:'CA'460) trans S/H>
	<A(2:)-A(8:) trans H/H>                        MATCHES	<A(4:'CA'471)-A(12:'CA'457) trans H/H>
	<G(0:)-C(10:) cis W/W>                         MATCHES	<G(1:'CA'468)-C(16:'CA'461) cis W/W>
#  Matched base-stacking interactions: 

>>>>>>>>>>   ALIGNMENT ENDS   >>>>>>>>>>

<<<<<<<<<<  ALIGNMENT BEGINS  <<<<<<<<<<

#  Aligning reverse-kturn_conseusns and 5j7l_CA:2009-2015_1262-1269:
#  Alignment score:  42.6
#  P-value:  5.979e-02
#  Query aligned region: 0-2,8-10
#  Target aligned region: 1:'CA'2011-4:'CA'2014,9:'CA'1265-13:'CA'1269

	GG-A...A--AC
	UGAA...AGUAA

#  Matched base-pairing interactions: 
	<G(1:)-A(9:) trans S/H>                        MATCHES	<G(2:'CA'2012)-A(12:'CA'1268) trans S/H>
	<A(2:)-A(8:) trans H/H>                        MATCHES	<A(4:'CA'2014)-A(9:'CA'1265) trans H/H>
	<G(0:)-C(10:) cis W/W>                         MATCHES	<U(1:'CA'2011)-A(13:'CA'1269) cis W/W>
#  Matched base-stacking interactions: 

>>>>>>>>>>   ALIGNMENT ENDS   >>>>>>>>>>

<<<<<<<<<<  ALIGNMENT BEGINS  <<<<<<<<<<

#  Aligning reverse-kturn_conseusns and 5j7l_CA:2313-2321_2296-2302:
#  Alignment score:  41.2
#  P-value:  6.619e-02
#  Query aligned region: 0-3,4-10
#  Target aligned region: 3:'CA'2317-8:'CA'2322,9:'CA'2297-11:'CA'2299

	GGAG...C~AAC
	AGGU...A~AAU

#  Matched base-pairing interactions: 
	<G(3:)-C(4:) cis W/W>                          MATCHES	<U(6:'CA'2320)-A(8:'CA'2322) cis -/->
	<A(2:)-A(8:) trans H/H>                        MATCHES	<G(5:'CA'2319)-A(9:'CA'2297) trans S/H>
	<G(1:)-A(9:) trans S/H>                        MATCHES	<G(4:'CA'2318)-A(10:'CA'2298) trans S/H>
	<G(0:)-C(10:) cis W/W>                         MATCHES	<A(3:'CA'2317)-U(11:'CA'2299) cis W/W>
#  Matched base-stacking interactions: 

>>>>>>>>>>   ALIGNMENT ENDS   >>>>>>>>>>

<<<<<<<<<<  ALIGNMENT BEGINS  <<<<<<<<<<

#  Aligning reverse-kturn_conseusns and 5j7l_CA:711-718:
#  Alignment score:  40.8
#  P-value:  6.821e-02
#  Query aligned region: 0-2,8-10
#  Target aligned region: 0:'CA'712-7:'CA'719

	GGA...AAC
	GGU...CAC

#  Matched base-pairing interactions: 
	<A(2:)-A(8:) trans H/H>                        MATCHES	<U(2:'CA'714)-C(5:'CA'717) cis -/->
	<G(1:)-A(9:) trans S/H>                        MATCHES	<G(1:'CA'713)-A(6:'CA'718) trans S/H>
	<G(0:)-C(10:) cis W/W>                         MATCHES	<G(0:'CA'712)-C(7:'CA'719) cis W/W>
#  Matched base-stacking interactions: 

>>>>>>>>>>   ALIGNMENT ENDS   >>>>>>>>>>

<<<<<<<<<<  ALIGNMENT BEGINS  <<<<<<<<<<

#  Aligning reverse-kturn_conseusns and 5j7l_CA:1539-1546_1445-1446_1525-1531:
#  Alignment score:  39.4
#  P-value:  7.606e-02
#  Query aligned region: 0-3,4-10
#  Target aligned region: 2:'CA'1542-5:'CA'1545,8:'CA'1446-8:'CA'1446,11:'CA'1527-13:'CA'1529

	GGAG...C~AAC
	UGAA...C~GAG

#  Matched base-pairing interactions: 
	<G(3:)-C(4:) cis W/W>                          MATCHES	<A(5:'CA'1545)-C(8:'CA'1446) cis S/S>
	<A(2:)-A(8:) trans H/H>                        MATCHES	<A(4:'CA'1544)-G(11:'CA'1527) cis -/->
	<G(1:)-A(9:) trans S/H>                        MATCHES	<G(3:'CA'1543)-A(12:'CA'1528) trans S/H>
	<G(0:)-C(10:) cis W/W>                         MATCHES	<U(2:'CA'1542)-G(13:'CA'1529) cis W/W>
#  Matched base-stacking interactions: 

>>>>>>>>>>   ALIGNMENT ENDS   >>>>>>>>>>

<<<<<<<<<<  ALIGNMENT BEGINS  <<<<<<<<<<

#  Aligning reverse-kturn_conseusns and 5j7l_CA:1545-1554_1437-1443:
#  Alignment score:  39.2
#  P-value:  7.729e-02
#  Query aligned region: 0-3,4-10
#  Target aligned region: 5:'CA'1551-9:'CA'1555,10:'CA'1438-12:'CA'1440

	GGAG...C~AAC
	AAAU...G~UAU

#  Matched base-pairing interactions: 
	<G(3:)-C(4:) cis W/W>                          MATCHES	<U(8:'CA'1554)-G(9:'CA'1555) cis S/H>
	<A(2:)-A(8:) trans H/H>                        MATCHES	<A(7:'CA'1553)-U(10:'CA'1438) trans H/W>
	<G(1:)-A(9:) trans S/H>                        MATCHES	<A(6:'CA'1552)-A(11:'CA'1439) trans S/H>
	<G(0:)-C(10:) cis W/W>                         MATCHES	<A(5:'CA'1551)-U(12:'CA'1440) cis W/W>
#  Matched base-stacking interactions: 

>>>>>>>>>>   ALIGNMENT ENDS   >>>>>>>>>>

<<<<<<<<<<  ALIGNMENT BEGINS  <<<<<<<<<<

#  Aligning reverse-kturn_conseusns and 5j7l_CA:1808-1810_1356-1363_1367-1373:
#  Alignment score:  39.2
#  P-value:  7.729e-02
#  Query aligned region: 0-3,4-10
#  Target aligned region: 3:'CA'1357-7:'CA'1361,13:'CA'1370-17:'CA'1374

	GGA-G...CACAAAC
	CGAGG...C--GUAG

#  Matched base-pairing interactions: 
	<G(3:)-C(4:) cis W/W>                          MATCHES	<G(7:'CA'1361)-C(13:'CA'1370) cis W/W>
	<A(2:)-A(8:) trans H/H>                        MATCHES	<A(5:'CA'1359)-U(15:'CA'1372) trans H/W>
	<G(1:)-A(9:) trans S/H>                        MATCHES	<G(4:'CA'1358)-A(16:'CA'1373) trans S/H>
	<G(0:)-C(10:) cis W/W>                         MATCHES	<C(3:'CA'1357)-G(17:'CA'1374) cis W/W>
#  Matched base-stacking interactions: 

>>>>>>>>>>   ALIGNMENT ENDS   >>>>>>>>>>

<<<<<<<<<<  ALIGNMENT BEGINS  <<<<<<<<<<

#  Aligning reverse-kturn_conseusns and 5j7l_CA:1201-1212_1236-1243:
#  Alignment score:  38.8
#  P-value:  7.984e-02
#  Query aligned region: 0-2,8-10
#  Target aligned region: 0:'CA'1202-2:'CA'1204,16:'CA'1241-18:'CA'1243

	GGA...AAC
	GUA...AUC

#  Matched base-pairing interactions: 
	<A(2:)-A(8:) trans H/H>                        MATCHES	<A(2:'CA'1204)-A(16:'CA'1241) trans H/H>
	<G(1:)-A(9:) trans S/H>                        MATCHES	<U(1:'CA'1203)-U(17:'CA'1242) cis W/W>
	<G(0:)-C(10:) cis W/W>                         MATCHES	<G(0:'CA'1202)-C(18:'CA'1243) cis W/W>
#  Matched base-stacking interactions: 

>>>>>>>>>>   ALIGNMENT ENDS   >>>>>>>>>>

<<<<<<<<<<  ALIGNMENT BEGINS  <<<<<<<<<<

#  Aligning reverse-kturn_conseusns and 5j7l_CA:2403-2409_411-415_2410-2412:
#  Alignment score:  38.8
#  P-value:  7.984e-02
#  Query aligned region: 0-2,8-10
#  Target aligned region: 0:'CA'2404-1:'CA'2405,7:'CA'412-7:'CA'412,12:'CA'2411-14:'CA'2413

	GG~A...AAC
	UG~A...AAG

#  Matched base-pairing interactions: 
	<G(1:)-A(9:) trans S/H>                        MATCHES	<G(1:'CA'2405)-A(13:'CA'2412) trans S/H>
	<A(2:)-A(8:) trans H/H>                        MATCHES	<A(7:'CA'412)-A(12:'CA'2411) cis -/->
	<G(0:)-C(10:) cis W/W>                         MATCHES	<U(0:'CA'2404)-G(14:'CA'2413) cis W/W>
#  Matched base-stacking interactions: 

>>>>>>>>>>   ALIGNMENT ENDS   >>>>>>>>>>

<<<<<<<<<<  ALIGNMENT BEGINS  <<<<<<<<<<

#  Aligning reverse-kturn_conseusns and 5j7l_CA:2001-2005_2047-2048_1650-1658:
#  Alignment score:  38
#  P-value:  8.533e-02
#  Query aligned region: 0-2,8-10
#  Target aligned region: 2:'CA'2004-3:'CA'2005,5:'CA'2048-5:'CA'2048,10:'CA'1654-12:'CA'1656

	GG~A...AAC
	GA~G...AAC

#  Matched base-pairing interactions: 
	<G(1:)-A(9:) trans S/H>                        MATCHES	<A(3:'CA'2005)-A(11:'CA'1655) trans S/H>
	<A(2:)-A(8:) trans H/H>                        MATCHES	<G(5:'CA'2048)-A(10:'CA'1654) cis -/->
	<G(0:)-C(10:) cis W/W>                         MATCHES	<G(2:'CA'2004)-C(12:'CA'1656) cis W/W>
#  Matched base-stacking interactions: 

>>>>>>>>>>   ALIGNMENT ENDS   >>>>>>>>>>

<<<<<<<<<<  ALIGNMENT BEGINS  <<<<<<<<<<

#  Aligning reverse-kturn_conseusns and 5j7l_CA:535-542_550-556_16-17:
#  Alignment score:  38
#  P-value:  8.533e-02
#  Query aligned region: 0-2,8-10
#  Target aligned region: 0:'CA'536-2:'CA'538,12:'CA'555-14:'CA'557

	GGA...AAC
	GGA...GAC

#  Matched base-pairing interactions: 
	<A(2:)-A(8:) trans H/H>                        MATCHES	<A(2:'CA'538)-G(12:'CA'555) trans H/S>
	<G(1:)-A(9:) trans S/H>                        MATCHES	<G(1:'CA'537)-A(13:'CA'556) trans S/H>
	<G(0:)-C(10:) cis W/W>                         MATCHES	<G(0:'CA'536)-C(14:'CA'557) cis W/W>
#  Matched base-stacking interactions: 

>>>>>>>>>>   ALIGNMENT ENDS   >>>>>>>>>>

<<<<<<<<<<  ALIGNMENT BEGINS  <<<<<<<<<<

#  Aligning reverse-kturn_conseusns and 5j7l_CA:221-226_407-409_228-230:
#  Alignment score:  38
#  P-value:  8.533e-02
#  Query aligned region: 0-2,8-10
#  Target aligned region: 3:'CA'225-5:'CA'227,8:'CA'410-8:'CA'410,9:'CA'229-10:'CA'230

	GGA...A~AC
	CAA...G~CG

#  Matched base-pairing interactions: 
	<A(2:)-A(8:) trans H/H>                        MATCHES	<A(5:'CA'227)-G(8:'CA'410) trans W/S>
	<G(1:)-A(9:) trans S/H>                        MATCHES	<A(4:'CA'226)-C(9:'CA'229) trans S/H>
	<G(0:)-C(10:) cis W/W>                         MATCHES	<C(3:'CA'225)-G(10:'CA'230) cis W/W>
#  Matched base-stacking interactions: 

>>>>>>>>>>   ALIGNMENT ENDS   >>>>>>>>>>

<<<<<<<<<<  ALIGNMENT BEGINS  <<<<<<<<<<

#  Aligning reverse-kturn_conseusns and 5j7l_CA:1629-1632_698-699_1633-1636:
#  Alignment score:  37.8
#  P-value:  8.680e-02
#  Query aligned region: 0-2,8-10
#  Target aligned region: 0:'CA'1630-2:'CA'1632,5:'CA'700-5:'CA'700,7:'CA'1635-8:'CA'1636

	GGA...A~AC
	AGA...G~AU

#  Matched base-pairing interactions: 
	<G(1:)-A(9:) trans S/H>                        MATCHES	<G(1:'CA'1631)-A(7:'CA'1635) trans S/H>
	<A(2:)-A(8:) trans H/H>                        MATCHES	<A(2:'CA'1632)-G(5:'CA'700) cis -/->
	<G(0:)-C(10:) cis W/W>                         MATCHES	<A(0:'CA'1630)-U(8:'CA'1636) cis W/W>
#  Matched base-stacking interactions: 

>>>>>>>>>>   ALIGNMENT ENDS   >>>>>>>>>>

<<<<<<<<<<  ALIGNMENT BEGINS  <<<<<<<<<<

#  Aligning reverse-kturn_conseusns and 5j7l_CA:720-726_703-710:
#  Alignment score:  37.8
#  P-value:  8.680e-02
#  Query aligned region: 0-2,8-10
#  Target aligned region: 3:'CA'724-5:'CA'726,8:'CA'705-10:'CA'707

	GGA...AAC
	UGG...AAG

#  Matched base-pairing interactions: 
	<A(2:)-A(8:) trans H/H>                        MATCHES	<G(5:'CA'726)-A(8:'CA'705) trans S/H>
	<G(1:)-A(9:) trans S/H>                        MATCHES	<G(4:'CA'725)-A(9:'CA'706) trans S/H>
	<G(0:)-C(10:) cis W/W>                         MATCHES	<U(3:'CA'724)-G(10:'CA'707) cis W/W>
#  Matched base-stacking interactions: 

>>>>>>>>>>   ALIGNMENT ENDS   >>>>>>>>>>

<<<<<<<<<<  ALIGNMENT BEGINS  <<<<<<<<<<

#  Aligning reverse-kturn_conseusns and 5j7l_CA:915-919_2263-2275_856-860:
#  Alignment score:  37.4
#  P-value:  8.984e-02
#  Query aligned region: 1-3,4-9
#  Target aligned region: 0:'CA'916-0:'CA'916,7:'CA'2266-14:'CA'2273,22:'CA'861-22:'CA'861

	G~AG...C-ACAA~A
	G~AA...AGAGUA~A

#  Matched base-pairing interactions: 
	<G(3:)-C(4:) cis W/W>                          MATCHES	<A(8:'CA'2267)-A(9:'CA'2268) trans S/S>
	<G(1:)-A(9:) trans S/H>                        MATCHES	<G(0:'CA'916)-A(22:'CA'861) trans S/H>
	<A(2:)-A(8:) trans H/H>                        MATCHES	<A(7:'CA'2266)-A(14:'CA'2273) trans H/H>
#  Matched base-stacking interactions: 

>>>>>>>>>>   ALIGNMENT ENDS   >>>>>>>>>>

<<<<<<<<<<  ALIGNMENT BEGINS  <<<<<<<<<<

#  Aligning reverse-kturn_conseusns and 5j7l_CA:1719-1723_1735-1739:
#  Alignment score:  37.4
#  P-value:  8.984e-02
#  Query aligned region: 0-3,4-10
#  Target aligned region: 0:'CA'1720-4:'CA'1724,5:'CA'1736-9:'CA'1740

	GGA-G...CACAAAC
	UGAGG...U--GGAG

#  Matched base-pairing interactions: 
	<G(3:)-C(4:) cis W/W>                          MATCHES	<G(4:'CA'1724)-U(5:'CA'1736) cis W/W>
	<A(2:)-A(8:) trans H/H>                        MATCHES	<A(2:'CA'1722)-G(7:'CA'1738) trans H/S>
	<G(1:)-A(9:) trans S/H>                        MATCHES	<G(1:'CA'1721)-A(8:'CA'1739) trans S/H>
	<G(0:)-C(10:) cis W/W>                         MATCHES	<U(0:'CA'1720)-G(9:'CA'1740) cis W/W>
#  Matched base-stacking interactions: 

>>>>>>>>>>   ALIGNMENT ENDS   >>>>>>>>>>

<<<<<<<<<<  ALIGNMENT BEGINS  <<<<<<<<<<

#  Aligning reverse-kturn_conseusns and 5j7l_CA:2359-2365_2350-2356:
#  Alignment score:  37.2
#  P-value:  9.142e-02
#  Query aligned region: 0-2,8-10
#  Target aligned region: 4:'CA'2364-6:'CA'2366,7:'CA'2351-9:'CA'2353

	GGA...AAC
	CGA...GAG

#  Matched base-pairing interactions: 
	<A(2:)-A(8:) trans H/H>                        MATCHES	<A(6:'CA'2366)-G(7:'CA'2351) trans H/S>
	<G(1:)-A(9:) trans S/H>                        MATCHES	<G(5:'CA'2365)-A(8:'CA'2352) trans S/H>
	<G(0:)-C(10:) cis W/W>                         MATCHES	<C(4:'CA'2364)-G(9:'CA'2353) cis W/W>
#  Matched base-stacking interactions: 

>>>>>>>>>>   ALIGNMENT ENDS   >>>>>>>>>>

<<<<<<<<<<  ALIGNMENT BEGINS  <<<<<<<<<<

#  Aligning reverse-kturn_conseusns and 5j7l_CA:1822-1828_1772-1773_1789-1796:
#  Alignment score:  37.2
#  P-value:  9.142e-02
#  Query aligned region: 0-2,8-10
#  Target aligned region: 4:'CA'1827-5:'CA'1828,8:'CA'1774-8:'CA'1774,9:'CA'1790-11:'CA'1792

	GG~A...AAC
	UG~C...CAG

#  Matched base-pairing interactions: 
	<G(1:)-A(9:) trans S/H>                        MATCHES	<G(5:'CA'1828)-A(10:'CA'1791) trans S/H>
	<A(2:)-A(8:) trans H/H>                        MATCHES	<C(8:'CA'1774)-C(9:'CA'1790) cis -/->
	<G(0:)-C(10:) cis W/W>                         MATCHES	<U(4:'CA'1827)-G(11:'CA'1792) cis W/W>
#  Matched base-stacking interactions: 

>>>>>>>>>>   ALIGNMENT ENDS   >>>>>>>>>>

<<<<<<<<<<  ALIGNMENT BEGINS  <<<<<<<<<<

#  Aligning reverse-kturn_conseusns and 5j7l_CA:2683-2690_2718-2725:
#  Alignment score:  37.1
#  P-value:  9.223e-02
#  Query aligned region: 0-3,4-10
#  Target aligned region: 3:'CA'2687-7:'CA'2691,8:'CA'2719-11:'CA'2722

	GGAG...C~A-AC
	UGUU...C~GUAG

#  Matched base-pairing interactions: 
	<G(1:)-A(9:) trans S/H>                        MATCHES	<G(4:'CA'2688)-A(10:'CA'2721) trans S/H>
	<A(2:)-A(8:) trans H/H>                        MATCHES	<U(5:'CA'2689)-G(8:'CA'2719) cis -/->
	<G(3:)-C(4:) cis W/W>                          MATCHES	<U(6:'CA'2690)-C(7:'CA'2691) cis S/H>
	<G(0:)-C(10:) cis W/W>                         MATCHES	<U(3:'CA'2687)-G(11:'CA'2722) cis W/W>
#  Matched base-stacking interactions: 

>>>>>>>>>>   ALIGNMENT ENDS   >>>>>>>>>>

<<<<<<<<<<  ALIGNMENT BEGINS  <<<<<<<<<<

#  Aligning reverse-kturn_conseusns and 5j7l_CA:755-760_697-698_732-741:
#  Alignment score:  36.8
#  P-value:  9.471e-02
#  Query aligned region: 0-2,8-10
#  Target aligned region: 4:'CA'760-5:'CA'761,6:'CA'698-6:'CA'698,9:'CA'734-11:'CA'736

	GG~A...AAC
	GA~C...AAC

#  Matched base-pairing interactions: 
	<A(2:)-A(8:) trans H/H>                        MATCHES	<C(6:'CA'698)-A(9:'CA'734) cis -/->
	<G(1:)-A(9:) trans S/H>                        MATCHES	<A(5:'CA'761)-A(10:'CA'735) trans S/H>
	<G(0:)-C(10:) cis W/W>                         MATCHES	<G(4:'CA'760)-C(11:'CA'736) cis W/W>
#  Matched base-stacking interactions: 

>>>>>>>>>>   ALIGNMENT ENDS   >>>>>>>>>>

<<<<<<<<<<  ALIGNMENT BEGINS  <<<<<<<<<<

#  Aligning reverse-kturn_conseusns and 5j7l_CA:157-161_2206-2208_163-167:
#  Alignment score:  36.6
#  P-value:  9.642e-02
#  Query aligned region: 0-3,4-10
#  Target aligned region: 0:'CA'158-3:'CA'161,5:'CA'2207-5:'CA'2207,10:'CA'166-12:'CA'168

	GGAG...C~AAC
	UGAA...C~UAG

#  Matched base-pairing interactions: 
	<G(3:)-C(4:) cis W/W>                          MATCHES	<A(3:'CA'161)-C(5:'CA'2207) cis S/S>
	<A(2:)-A(8:) trans H/H>                        MATCHES	<A(2:'CA'160)-U(10:'CA'166) trans H/W>
	<G(1:)-A(9:) trans S/H>                        MATCHES	<G(1:'CA'159)-A(11:'CA'167) trans S/H>
	<G(0:)-C(10:) cis W/W>                         MATCHES	<U(0:'CA'158)-G(12:'CA'168) cis W/W>
#  Matched base-stacking interactions: 

>>>>>>>>>>   ALIGNMENT ENDS   >>>>>>>>>>

<<<<<<<<<<  ALIGNMENT BEGINS  <<<<<<<<<<

#  Aligning reverse-kturn_conseusns and 5j7l_CA:2222-2229_2089-2092_2195-2200:
#  Alignment score:  36.4
#  P-value:  9.818e-02
#  Query aligned region: 0-3,4-10
#  Target aligned region: 0:'CA'2223-5:'CA'2228,9:'CA'2091-10:'CA'2092,15:'CA'2199-16:'CA'2200

	GG--AG...CACAA~AC
	GGACAG...C---U~AC

#  Matched base-pairing interactions: 
	<G(1:)-A(9:) trans S/H>                        MATCHES	<G(1:'CA'2224)-A(15:'CA'2199) trans S/H>
	<A(2:)-A(8:) trans H/H>                        MATCHES	<A(4:'CA'2227)-U(10:'CA'2092) trans H/H>
	<G(3:)-C(4:) cis W/W>                          MATCHES	<G(5:'CA'2228)-C(9:'CA'2091) cis W/W>
	<G(0:)-C(10:) cis W/W>                         MATCHES	<G(0:'CA'2223)-C(16:'CA'2200) cis W/W>
#  Matched base-stacking interactions: 

>>>>>>>>>>   ALIGNMENT ENDS   >>>>>>>>>>

<<<<<<<<<<  ALIGNMENT BEGINS  <<<<<<<<<<

#  Aligning reverse-kturn_conseusns and 5j7l_CA:240-247_383-385_248-254:
#  Alignment score:  36.2
#  P-value:  9.999e-02
#  Query aligned region: 0-2,8-10
#  Target aligned region: 5:'CA'246-6:'CA'247,9:'CA'385-10:'CA'386,13:'CA'251-14:'CA'252

	GG~A...A~AC
	CG~C...G~AG

#  Matched base-pairing interactions: 
	<G(1:)-A(9:) trans S/H>                        MATCHES	<G(6:'CA'247)-A(13:'CA'251) trans S/H>
	<A(2:)-A(8:) trans H/H>                        MATCHES	<C(9:'CA'385)-G(10:'CA'386) cis S/H>
	<G(0:)-C(10:) cis W/W>                         MATCHES	<C(5:'CA'246)-G(14:'CA'252) cis W/W>
#  Matched base-stacking interactions: 

>>>>>>>>>>   ALIGNMENT ENDS   >>>>>>>>>>

<<<<<<<<<<  ALIGNMENT BEGINS  <<<<<<<<<<

#  Aligning reverse-kturn_conseusns and 5j7l_CA:677-679_187-192_201-207:
#  Alignment score:  36.2
#  P-value:  9.999e-02
#  Query aligned region: 0-2,8-10
#  Target aligned region: 3:'CA'188-6:'CA'191,11:'CA'204-15:'CA'208

	GG-A...A--AC
	GGAA...AGUAC

#  Matched base-pairing interactions: 
	<G(1:)-A(9:) trans S/H>                        MATCHES	<G(4:'CA'189)-A(14:'CA'207) trans S/H>
	<A(2:)-A(8:) trans H/H>                        MATCHES	<A(6:'CA'191)-A(11:'CA'204) trans H/H>
	<G(0:)-C(10:) cis W/W>                         MATCHES	<G(3:'CA'188)-C(15:'CA'208) cis W/W>
#  Matched base-stacking interactions: 

>>>>>>>>>>   ALIGNMENT ENDS   >>>>>>>>>>

<<<<<<<<<<  ALIGNMENT BEGINS  <<<<<<<<<<

#  Aligning reverse-kturn_conseusns and 5j7l_CA:816-821_940-942_1186-1189:
#  Alignment score:  36
#  P-value:  1.018e-01
#  Query aligned region: 0-3,4-10
#  Target aligned region: 0:'CA'817-3:'CA'820,8:'CA'943-8:'CA'943,10:'CA'1188-12:'CA'1190

	GGAG...C~AAC
	CGAA...A~UAG

#  Matched base-pairing interactions: 
	<G(3:)-C(4:) cis W/W>                          MATCHES	<A(3:'CA'820)-A(8:'CA'943) cis -/->
	<A(2:)-A(8:) trans H/H>                        MATCHES	<A(2:'CA'819)-U(10:'CA'1188) trans H/W>
	<G(1:)-A(9:) trans S/H>                        MATCHES	<G(1:'CA'818)-A(11:'CA'1189) trans S/H>
	<G(0:)-C(10:) cis W/W>                         MATCHES	<C(0:'CA'817)-G(12:'CA'1190) cis W/W>
#  Matched base-stacking interactions: 

>>>>>>>>>>   ALIGNMENT ENDS   >>>>>>>>>>

<<<<<<<<<<  ALIGNMENT BEGINS  <<<<<<<<<<

#  Aligning reverse-kturn_conseusns and 5j7l_CA:296-300_321-326_331-341:
#  Alignment score:  36
#  P-value:  1.018e-01
#  Query aligned region: 0-2,8-10
#  Target aligned region: 0:'CA'297-1:'CA'298,5:'CA'322-5:'CA'322,18:'CA'339-20:'CA'341

	GG~A...AAC
	GG~A...UAC

#  Matched base-pairing interactions: 
	<G(1:)-A(9:) trans S/H>                        MATCHES	<G(1:'CA'298)-A(19:'CA'340) trans S/H>
	<A(2:)-A(8:) trans H/H>                        MATCHES	<A(5:'CA'322)-U(18:'CA'339) cis S/W>
	<G(0:)-C(10:) cis W/W>                         MATCHES	<G(0:'CA'297)-C(20:'CA'341) cis W/W>
#  Matched base-stacking interactions: 

>>>>>>>>>>   ALIGNMENT ENDS   >>>>>>>>>>

<<<<<<<<<<  ALIGNMENT BEGINS  <<<<<<<<<<

#  Aligning reverse-kturn_conseusns and 5j7l_CA:2760-2764_2765-2766_2736-2743:
#  Alignment score:  35.8
#  P-value:  1.038e-01
#  Query aligned region: 0-3,4-10
#  Target aligned region: 1:'CA'2762-3:'CA'2764,6:'CA'2767-6:'CA'2767,7:'CA'2737-12:'CA'2742

	GGA~G...CACAA-AC
	CGA~C...G--AUAAG

#  Matched base-pairing interactions: 
	<G(1:)-A(9:) trans S/H>                        MATCHES	<G(2:'CA'2763)-A(11:'CA'2741) trans S/H>
	<A(2:)-A(8:) trans H/H>                        MATCHES	<A(3:'CA'2764)-U(9:'CA'2739) trans H/W>
	<G(3:)-C(4:) cis W/W>                          MATCHES	<C(6:'CA'2767)-G(7:'CA'2737) cis W/W>
	<G(0:)-C(10:) cis W/W>                         MATCHES	<C(1:'CA'2762)-G(12:'CA'2742) cis W/W>
#  Matched base-stacking interactions: 

>>>>>>>>>>   ALIGNMENT ENDS   >>>>>>>>>>

<<<<<<<<<<  ALIGNMENT BEGINS  <<<<<<<<<<

#  Aligning reverse-kturn_conseusns and 5j7l_CA:2855-2857_1708-1709_2858-2861:
#  Alignment score:  35.8
#  P-value:  1.038e-01
#  Query aligned region: 0-2,8-10
#  Target aligned region: 0:'CA'2856-1:'CA'2857,3:'CA'1709-3:'CA'1709,5:'CA'2859-7:'CA'2861

	GG~A...AAC
	AG~U...GAU

#  Matched base-pairing interactions: 
	<G(1:)-A(9:) trans S/H>                        MATCHES	<G(1:'CA'2857)-A(6:'CA'2860) trans S/H>
	<A(2:)-A(8:) trans H/H>                        MATCHES	<U(3:'CA'1709)-G(5:'CA'2859) cis -/->
	<G(0:)-C(10:) cis W/W>                         MATCHES	<A(0:'CA'2856)-U(7:'CA'2861) cis W/W>
#  Matched base-stacking interactions: 

>>>>>>>>>>   ALIGNMENT ENDS   >>>>>>>>>>

<<<<<<<<<<  ALIGNMENT BEGINS  <<<<<<<<<<

#  Aligning reverse-kturn_conseusns and 5j7l_CA:456-462_681-683_463-469:
#  Alignment score:  35.8
#  P-value:  1.038e-01
#  Query aligned region: 0-2,8-10
#  Target aligned region: 5:'CA'462-6:'CA'463,8:'CA'683-8:'CA'683,11:'CA'465-13:'CA'467

	GG~A...AAC
	CG~U...GAG

#  Matched base-pairing interactions: 
	<G(1:)-A(9:) trans S/H>                        MATCHES	<G(6:'CA'463)-A(12:'CA'466) trans S/H>
	<A(2:)-A(8:) trans H/H>                        MATCHES	<U(8:'CA'683)-G(11:'CA'465) cis -/->
	<G(0:)-C(10:) cis W/W>                         MATCHES	<C(5:'CA'462)-G(13:'CA'467) cis W/W>
#  Matched base-stacking interactions: 

>>>>>>>>>>   ALIGNMENT ENDS   >>>>>>>>>>

<<<<<<<<<<  ALIGNMENT BEGINS  <<<<<<<<<<

#  Aligning reverse-kturn_conseusns and 5j7l_CA:2540-2542_2763-2769_2733-2737:
#  Alignment score:  35.6
#  P-value:  1.057e-01
#  Query aligned region: 0-1,9-10
#  Target aligned region: 8:'CA'2769-9:'CA'2770,10:'CA'2734-11:'CA'2735

	GG...AC
	UG...AG

#  Matched base-pairing interactions: 
	<G(1:)-A(9:) trans S/H>                        MATCHES	<G(9:'CA'2770)-A(10:'CA'2734) trans S/H>
	<G(0:)-C(10:) cis W/W>                         MATCHES	<U(8:'CA'2769)-G(11:'CA'2735) cis W/W>
#  Matched base-stacking interactions: 

>>>>>>>>>>   ALIGNMENT ENDS   >>>>>>>>>>

<<<<<<<<<<  ALIGNMENT BEGINS  <<<<<<<<<<

#  Aligning reverse-kturn_conseusns and 5j7l_CA:1796-1806_1368-1369_1808-1816:
#  Alignment score:  35.6
#  P-value:  1.057e-01
#  Query aligned region: 0-2,8-10
#  Target aligned region: 9:'CA'1806-10:'CA'1807,11:'CA'1369-11:'CA'1369,13:'CA'1809-15:'CA'1811

	GG~A...AAC
	CG~G...AAG

#  Matched base-pairing interactions: 
	<A(2:)-A(8:) trans H/H>                        MATCHES	<G(11:'CA'1369)-A(13:'CA'1809) cis -/->
	<G(1:)-A(9:) trans S/H>                        MATCHES	<G(10:'CA'1807)-A(14:'CA'1810) trans S/H>
	<G(0:)-C(10:) cis W/W>                         MATCHES	<C(9:'CA'1806)-G(15:'CA'1811) cis W/W>
#  Matched base-stacking interactions: 

>>>>>>>>>>   ALIGNMENT ENDS   >>>>>>>>>>

<<<<<<<<<<  ALIGNMENT BEGINS  <<<<<<<<<<

#  Aligning reverse-kturn_conseusns and 5j7l_CA:1493-1495_1416-1420_1576-1580:
#  Alignment score:  35.6
#  P-value:  1.057e-01
#  Query aligned region: 0-1,9-10
#  Target aligned region: 3:'CA'1417-4:'CA'1418,11:'CA'1580-12:'CA'1581

	GG...AC
	CG...AG

#  Matched base-pairing interactions: 
	<G(1:)-A(9:) trans S/H>                        MATCHES	<G(4:'CA'1418)-A(11:'CA'1580) trans S/H>
	<G(0:)-C(10:) cis W/W>                         MATCHES	<C(3:'CA'1417)-G(12:'CA'1581) cis W/W>
#  Matched base-stacking interactions: 

>>>>>>>>>>   ALIGNMENT ENDS   >>>>>>>>>>

<<<<<<<<<<  ALIGNMENT BEGINS  <<<<<<<<<<

#  Aligning reverse-kturn_conseusns and 5j7l_CA:1008-1013_1148-1156_998-1003:
#  Alignment score:  35.6
#  P-value:  1.057e-01
#  Query aligned region: 0-1,9-10
#  Target aligned region: 10:'CA'1153-11:'CA'1154,17:'CA'1001-18:'CA'1002

	GG...AC
	CG...AG

#  Matched base-pairing interactions: 
	<G(1:)-A(9:) trans S/H>                        MATCHES	<G(11:'CA'1154)-A(17:'CA'1001) trans S/H>
	<G(0:)-C(10:) cis W/W>                         MATCHES	<C(10:'CA'1153)-G(18:'CA'1002) cis W/W>
#  Matched base-stacking interactions: 

>>>>>>>>>>   ALIGNMENT ENDS   >>>>>>>>>>

<<<<<<<<<<  ALIGNMENT BEGINS  <<<<<<<<<<

#  Aligning reverse-kturn_conseusns and 5j7l_CA:505-506_481-487_491-497:
#  Alignment score:  35.6
#  P-value:  1.057e-01
#  Query aligned region: 0-1,9-10
#  Target aligned region: 7:'CA'487-8:'CA'488,9:'CA'492-10:'CA'493

	GG...AC
	CG...AG

#  Matched base-pairing interactions: 
	<G(1:)-A(9:) trans S/H>                        MATCHES	<G(8:'CA'488)-A(9:'CA'492) trans S/H>
	<G(0:)-C(10:) cis W/W>                         MATCHES	<C(7:'CA'487)-G(10:'CA'493) cis W/W>
#  Matched base-stacking interactions: 

>>>>>>>>>>   ALIGNMENT ENDS   >>>>>>>>>>

<<<<<<<<<<  ALIGNMENT BEGINS  <<<<<<<<<<

#  Aligning reverse-kturn_conseusns and 5j7l_CA:610-616:
#  Alignment score:  35.5
#  P-value:  1.067e-01
#  Query aligned region: 0-2,8-10
#  Target aligned region: 0:'CA'611-6:'CA'617

	GGA...A-AC
	CGA...AUAG

#  Matched base-pairing interactions: 
	<G(1:)-A(9:) trans S/H>                        MATCHES	<G(1:'CA'612)-A(5:'CA'616) trans S/H>
	<A(2:)-A(8:) trans H/H>                        MATCHES	<A(2:'CA'613)-A(3:'CA'614) cis -/->
	<G(0:)-C(10:) cis W/W>                         MATCHES	<C(0:'CA'611)-G(6:'CA'617) cis W/W>
#  Matched base-stacking interactions: 

>>>>>>>>>>   ALIGNMENT ENDS   >>>>>>>>>>

<<<<<<<<<<  ALIGNMENT BEGINS  <<<<<<<<<<

#  Aligning reverse-kturn_conseusns and 5j7l_CA:2593-2595_2072-2074_2596-2598:
#  Alignment score:  35.4
#  P-value:  1.077e-01
#  Query aligned region: 0-2,8-10
#  Target aligned region: 0:'CA'2594-1:'CA'2595,4:'CA'2074-4:'CA'2074,6:'CA'2597-8:'CA'2599

	GG~A...AAC
	CG~U...GAG

#  Matched base-pairing interactions: 
	<G(1:)-A(9:) trans S/H>                        MATCHES	<G(1:'CA'2595)-A(7:'CA'2598) trans S/H>
	<A(2:)-A(8:) trans H/H>                        MATCHES	<U(4:'CA'2074)-G(6:'CA'2597) cis -/->
	<G(0:)-C(10:) cis W/W>                         MATCHES	<C(0:'CA'2594)-G(8:'CA'2599) cis W/W>
#  Matched base-stacking interactions: 

>>>>>>>>>>   ALIGNMENT ENDS   >>>>>>>>>>

<<<<<<<<<<  ALIGNMENT BEGINS  <<<<<<<<<<

#  Aligning reverse-kturn_conseusns and 5j7l_CA:968-977_983-990_1184-1187:
#  Alignment score:  35.3
#  P-value:  1.088e-01
#  Query aligned region: 0-3,4-10
#  Target aligned region: 4:'CA'973-7:'CA'976,13:'CA'987-16:'CA'990,19:'CA'1186-19:'CA'1186

	GGAG...CACAAA~C
	AGAG...C--AGA~G

#  Matched base-pairing interactions: 
	<G(3:)-C(4:) cis W/W>                          MATCHES	<G(7:'CA'976)-C(13:'CA'987) cis W/W>
	<G(0:)-C(10:) cis W/W>                         MATCHES	<A(4:'CA'973)-G(19:'CA'1186) cis -/->
	<A(2:)-A(8:) trans H/H>                        MATCHES	<A(6:'CA'975)-G(15:'CA'989) trans H/S>
	<G(1:)-A(9:) trans S/H>                        MATCHES	<G(5:'CA'974)-A(16:'CA'990) trans S/H>
#  Matched base-stacking interactions: 

>>>>>>>>>>   ALIGNMENT ENDS   >>>>>>>>>>

<<<<<<<<<<  ALIGNMENT BEGINS  <<<<<<<<<<

#  Aligning reverse-kturn_conseusns and 5j7l_CA:421-423_398-405_369-374:
#  Alignment score:  35
#  P-value:  1.120e-01
#  Query aligned region: 0-3,4-10
#  Target aligned region: 3:'CA'399-8:'CA'404,12:'CA'371-16:'CA'375

	GG-AG...C~A--AC
	UGAAU...A~AGUAG

#  Matched base-pairing interactions: 
	<G(3:)-C(4:) cis W/W>                          MATCHES	<U(7:'CA'403)-A(8:'CA'404) cis S/S>
	<G(1:)-A(9:) trans S/H>                        MATCHES	<G(4:'CA'400)-A(15:'CA'374) trans S/H>
	<A(2:)-A(8:) trans H/H>                        MATCHES	<A(6:'CA'402)-A(12:'CA'371) trans H/H>
	<G(0:)-C(10:) cis W/W>                         MATCHES	<U(3:'CA'399)-G(16:'CA'375) cis W/W>
#  Matched base-stacking interactions: 

>>>>>>>>>>   ALIGNMENT ENDS   >>>>>>>>>>

<<<<<<<<<<  ALIGNMENT BEGINS  <<<<<<<<<<

#  Aligning reverse-kturn_conseusns and 5j7l_CA:2142-2147:
#  Alignment score:  35
#  P-value:  1.120e-01
#  Query aligned region: 0-1,9-10
#  Target aligned region: 0:'CA'2143-5:'CA'2148

	GG...AC
	CG...AG

#  Matched base-pairing interactions: 
	<G(1:)-A(9:) trans S/H>                        MATCHES	<G(1:'CA'2144)-A(4:'CA'2147) trans S/H>
	<G(0:)-C(10:) cis W/W>                         MATCHES	<C(0:'CA'2143)-G(5:'CA'2148) cis W/W>
#  Matched base-stacking interactions: 

>>>>>>>>>>   ALIGNMENT ENDS   >>>>>>>>>>

<<<<<<<<<<  ALIGNMENT BEGINS  <<<<<<<<<<

#  Aligning reverse-kturn_conseusns and 5j7l_CA:1515-1523_1467-1474_1401-1402:
#  Alignment score:  35
#  P-value:  1.120e-01
#  Query aligned region: 0-2,8-10
#  Target aligned region: 4:'CA'1520-6:'CA'1522,10:'CA'1469-12:'CA'1471

	GGA...AAC
	UGA...AAG

#  Matched base-pairing interactions: 
	<A(2:)-A(8:) trans H/H>                        MATCHES	<A(6:'CA'1522)-A(10:'CA'1469) cis -/->
	<G(1:)-A(9:) trans S/H>                        MATCHES	<G(5:'CA'1521)-A(11:'CA'1470) trans S/H>
	<G(0:)-C(10:) cis W/W>                         MATCHES	<U(4:'CA'1520)-G(12:'CA'1471) cis W/W>
#  Matched base-stacking interactions: 

>>>>>>>>>>   ALIGNMENT ENDS   >>>>>>>>>>

<<<<<<<<<<  ALIGNMENT BEGINS  <<<<<<<<<<

#  Aligning reverse-kturn_conseusns and 5j7l_CA:2846-2853_2863-2868:
#  Alignment score:  34.8
#  P-value:  1.142e-01
#  Query aligned region: 0-1,9-10
#  Target aligned region: 0:'CA'2847-1:'CA'2848,12:'CA'2868-13:'CA'2869

	GG...AC
	UG...AG

#  Matched base-pairing interactions: 
	<G(1:)-A(9:) trans S/H>                        MATCHES	<G(1:'CA'2848)-A(12:'CA'2868) trans S/H>
	<G(0:)-C(10:) cis W/W>                         MATCHES	<U(0:'CA'2847)-G(13:'CA'2869) cis W/W>
#  Matched base-stacking interactions: 

>>>>>>>>>>   ALIGNMENT ENDS   >>>>>>>>>>

<<<<<<<<<<  ALIGNMENT BEGINS  <<<<<<<<<<

#  Aligning reverse-kturn_conseusns and 5j7l_CA:2467-2471_2474-2481:
#  Alignment score:  34.8
#  P-value:  1.142e-01
#  Query aligned region: 0-1,9-10
#  Target aligned region: 3:'CA'2471-4:'CA'2472,8:'CA'2478-9:'CA'2479

	GG...AC
	AG...AU

#  Matched base-pairing interactions: 
	<G(1:)-A(9:) trans S/H>                        MATCHES	<G(4:'CA'2472)-A(8:'CA'2478) trans S/H>
	<G(0:)-C(10:) cis W/W>                         MATCHES	<A(3:'CA'2471)-U(9:'CA'2479) cis W/W>
#  Matched base-stacking interactions: 

>>>>>>>>>>   ALIGNMENT ENDS   >>>>>>>>>>

<<<<<<<<<<  ALIGNMENT BEGINS  <<<<<<<<<<

#  Aligning reverse-kturn_conseusns and 5j7l_CA:1737-1743_1714-1721:
#  Alignment score:  34.8
#  P-value:  1.142e-01
#  Query aligned region: 0-2,8-10
#  Target aligned region: 4:'CA'1742-6:'CA'1744,8:'CA'1716-10:'CA'1718

	GGA...AAC
	UGA...UAG

#  Matched base-pairing interactions: 
	<A(2:)-A(8:) trans H/H>                        MATCHES	<A(6:'CA'1744)-U(8:'CA'1716) trans H/W>
	<G(1:)-A(9:) trans S/H>                        MATCHES	<G(5:'CA'1743)-A(9:'CA'1717) trans S/H>
	<G(0:)-C(10:) cis W/W>                         MATCHES	<U(4:'CA'1742)-G(10:'CA'1718) cis W/W>
#  Matched base-stacking interactions: 

>>>>>>>>>>   ALIGNMENT ENDS   >>>>>>>>>>

<<<<<<<<<<  ALIGNMENT BEGINS  <<<<<<<<<<

#  Aligning reverse-kturn_conseusns and 5j7l_CA:1054-1056_1084-1086_1101-1103:
#  Alignment score:  34.8
#  P-value:  1.142e-01
#  Query aligned region: 0-2,8-10
#  Target aligned region: 0:'CA'1055-1:'CA'1056,5:'CA'1087-5:'CA'1087,6:'CA'1102-8:'CA'1104

	GG~A...AAC
	GG~G...CAC

#  Matched base-pairing interactions: 
	<G(1:)-A(9:) trans S/H>                        MATCHES	<G(1:'CA'1056)-A(7:'CA'1103) trans S/H>
	<A(2:)-A(8:) trans H/H>                        MATCHES	<G(5:'CA'1087)-C(6:'CA'1102) cis W/W>
	<G(0:)-C(10:) cis W/W>                         MATCHES	<G(0:'CA'1055)-C(8:'CA'1104) cis W/W>
#  Matched base-stacking interactions: 

>>>>>>>>>>   ALIGNMENT ENDS   >>>>>>>>>>

<<<<<<<<<<  ALIGNMENT BEGINS  <<<<<<<<<<

#  Aligning reverse-kturn_conseusns and 5j7l_CA:908-916_858-866:
#  Alignment score:  34.8
#  P-value:  1.142e-01
#  Query aligned region: 0-2,8-10
#  Target aligned region: 6:'CA'915-8:'CA'917,10:'CA'860-12:'CA'862

	GGA...AAC
	CGA...UAG

#  Matched base-pairing interactions: 
	<A(2:)-A(8:) trans H/H>                        MATCHES	<A(8:'CA'917)-U(10:'CA'860) trans H/W>
	<G(1:)-A(9:) trans S/H>                        MATCHES	<G(7:'CA'916)-A(11:'CA'861) trans S/H>
	<G(0:)-C(10:) cis W/W>                         MATCHES	<C(6:'CA'915)-G(12:'CA'862) cis W/W>
#  Matched base-stacking interactions: 

>>>>>>>>>>   ALIGNMENT ENDS   >>>>>>>>>>

<<<<<<<<<<  ALIGNMENT BEGINS  <<<<<<<<<<

#  Aligning reverse-kturn_conseusns and 5j7l_CA:613-620_259-260_606-612:
#  Alignment score:  34.8
#  P-value:  1.142e-01
#  Query aligned region: 0-2,8-10
#  Target aligned region: 4:'CA'618-5:'CA'619,8:'CA'260-8:'CA'260,11:'CA'608-13:'CA'610

	GG~A...AAC
	GG~G...AAC

#  Matched base-pairing interactions: 
	<G(1:)-A(9:) trans S/H>                        MATCHES	<G(5:'CA'619)-A(12:'CA'609) trans S/H>
	<A(2:)-A(8:) trans H/H>                        MATCHES	<G(8:'CA'260)-A(11:'CA'608) cis -/->
	<G(0:)-C(10:) cis W/W>                         MATCHES	<G(4:'CA'618)-C(13:'CA'610) cis W/W>
#  Matched base-stacking interactions: 

>>>>>>>>>>   ALIGNMENT ENDS   >>>>>>>>>>

<<<<<<<<<<  ALIGNMENT BEGINS  <<<<<<<<<<

#  Aligning reverse-kturn_conseusns and 5j7l_CA:197-200_248-254_243-247:
#  Alignment score:  34.8
#  P-value:  1.142e-01
#  Query aligned region: 0-1,9-10
#  Target aligned region: 8:'CA'253-9:'CA'254,11:'CA'244-12:'CA'245

	GG...AC
	CG...AG

#  Matched base-pairing interactions: 
	<G(1:)-A(9:) trans S/H>                        MATCHES	<G(9:'CA'254)-A(11:'CA'244) trans S/H>
	<G(0:)-C(10:) cis W/W>                         MATCHES	<C(8:'CA'253)-G(12:'CA'245) cis W/W>
#  Matched base-stacking interactions: 

>>>>>>>>>>   ALIGNMENT ENDS   >>>>>>>>>>

<<<<<<<<<<  ALIGNMENT BEGINS  <<<<<<<<<<

#  Aligning reverse-kturn_conseusns and 5j7l_CA:2653-2658_2530-2531_2660-2664:
#  Alignment score:  34.6
#  P-value:  1.164e-01
#  Query aligned region: 0-2,8-10
#  Target aligned region: 4:'CA'2658-5:'CA'2659,6:'CA'2531-6:'CA'2531,8:'CA'2661-10:'CA'2663

	GG~A...AAC
	CG~A...GAG

#  Matched base-pairing interactions: 
	<A(2:)-A(8:) trans H/H>                        MATCHES	<A(6:'CA'2531)-G(8:'CA'2661) cis W/W>
	<G(1:)-A(9:) trans S/H>                        MATCHES	<G(5:'CA'2659)-A(9:'CA'2662) trans S/H>
	<G(0:)-C(10:) cis W/W>                         MATCHES	<C(4:'CA'2658)-G(10:'CA'2663) cis W/W>
#  Matched base-stacking interactions: 

>>>>>>>>>>   ALIGNMENT ENDS   >>>>>>>>>>

<<<<<<<<<<  ALIGNMENT BEGINS  <<<<<<<<<<

#  Aligning reverse-kturn_conseusns and 5j7l_CA:2770-2777_2780-2781_2636-2643:
#  Alignment score:  34.6
#  P-value:  1.164e-01
#  Query aligned region: 0-2,8-10
#  Target aligned region: 3:'CA'2774-4:'CA'2775,8:'CA'2781-9:'CA'2782,12:'CA'2639-13:'CA'2640

	GG~A...A~AC
	CG~A...G~AG

#  Matched base-pairing interactions: 
	<G(1:)-A(9:) trans S/H>                        MATCHES	<G(4:'CA'2775)-A(12:'CA'2639) trans S/H>
	<A(2:)-A(8:) trans H/H>                        MATCHES	<A(8:'CA'2781)-G(9:'CA'2782) trans S/H>
	<G(0:)-C(10:) cis W/W>                         MATCHES	<C(3:'CA'2774)-G(13:'CA'2640) cis W/W>
#  Matched base-stacking interactions: 

>>>>>>>>>>   ALIGNMENT ENDS   >>>>>>>>>>

<<<<<<<<<<  ALIGNMENT BEGINS  <<<<<<<<<<

#  Aligning reverse-kturn_conseusns and 5j7l_CA:875-880_894-900:
#  Alignment score:  34.6
#  P-value:  1.164e-01
#  Query aligned region: 0-2,8-10
#  Target aligned region: 0:'CA'876-2:'CA'878,10:'CA'899-12:'CA'901

	GGA...AAC
	CAA...AAC

#  Matched base-pairing interactions: 
	<A(2:)-A(8:) trans H/H>                        MATCHES	<A(2:'CA'878)-A(10:'CA'899) cis -/->
	<G(1:)-A(9:) trans S/H>                        MATCHES	<A(1:'CA'877)-A(11:'CA'900) trans S/H>
	<G(0:)-C(10:) cis W/W>                         MATCHES	<C(0:'CA'876)-C(12:'CA'901) cis W/W>
#  Matched base-stacking interactions: 

>>>>>>>>>>   ALIGNMENT ENDS   >>>>>>>>>>

<<<<<<<<<<  ALIGNMENT BEGINS  <<<<<<<<<<

#  Aligning reverse-kturn_conseusns and 5j7l_CA:28-29_1231-1238_1207-1217:
#  Alignment score:  34.5
#  P-value:  1.176e-01
#  Query aligned region: 0-3,4-10
#  Target aligned region: 5:'CA'1235-8:'CA'1238,10:'CA'1208-16:'CA'1214

	GGAG...CACAAAC
	GGAG...CUGCGAA

#  Matched base-pairing interactions: 
	<G(3:)-C(4:) cis W/W>                          MATCHES	<G(8:'CA'1238)-C(10:'CA'1208) cis W/W>
	<A(2:)-A(8:) trans H/H>                        MATCHES	<A(7:'CA'1237)-G(14:'CA'1212) trans H/S>
	<G(1:)-A(9:) trans S/H>                        MATCHES	<G(6:'CA'1236)-A(15:'CA'1213) trans S/H>
	<G(0:)-C(10:) cis W/W>                         MATCHES	<G(5:'CA'1235)-A(16:'CA'1214) trans S/H>
#  Matched base-stacking interactions: 

>>>>>>>>>>   ALIGNMENT ENDS   >>>>>>>>>>

<<<<<<<<<<  ALIGNMENT BEGINS  <<<<<<<<<<

#  Aligning reverse-kturn_conseusns and 5j7l_CA:1621-1622_1304-1312_1602-1609:
#  Alignment score:  34.4
#  P-value:  1.188e-01
#  Query aligned region: 0-2,8-10
#  Target aligned region: 7:'CA'1310-10:'CA'1313,11:'CA'1603-12:'CA'1604

	GGA...A~AC
	GGU...U~AC

#  Matched base-pairing interactions: 
	<A(2:)-A(8:) trans H/H>                        MATCHES	<U(9:'CA'1312)-U(10:'CA'1313) cis S/S>
	<G(1:)-A(9:) trans S/H>                        MATCHES	<G(8:'CA'1311)-A(11:'CA'1603) trans S/H>
	<G(0:)-C(10:) cis W/W>                         MATCHES	<G(7:'CA'1310)-C(12:'CA'1604) cis W/W>
#  Matched base-stacking interactions: 

>>>>>>>>>>   ALIGNMENT ENDS   >>>>>>>>>>

<<<<<<<<<<  ALIGNMENT BEGINS  <<<<<<<<<<

#  Aligning reverse-kturn_conseusns and 5j7l_CA:727-733_760-762_697-702:
#  Alignment score:  34.2
#  P-value:  1.212e-01
#  Query aligned region: 0-2,8-10
#  Target aligned region: 4:'CA'732-6:'CA'734,7:'CA'761-7:'CA'761,11:'CA'699-12:'CA'700

	GGA...A~AC
	CGA...A~AG

#  Matched base-pairing interactions: 
	<G(1:)-A(9:) trans S/H>                        MATCHES	<G(5:'CA'733)-A(11:'CA'699) trans S/H>
	<A(2:)-A(8:) trans H/H>                        MATCHES	<A(6:'CA'734)-A(7:'CA'761) cis -/->
	<G(0:)-C(10:) cis W/W>                         MATCHES	<C(4:'CA'732)-G(12:'CA'700) cis W/W>
#  Matched base-stacking interactions: 

>>>>>>>>>>   ALIGNMENT ENDS   >>>>>>>>>>

<<<<<<<<<<  ALIGNMENT BEGINS  <<<<<<<<<<

#  Aligning reverse-kturn_conseusns and 5j7l_CA:1361-1363_1365-1368_1808-1809:
#  Alignment score:  33.6
#  P-value:  1.288e-01
#  Query aligned region: 0-1,9-10
#  Target aligned region: 1:'CA'1363-2:'CA'1364,4:'CA'1367-5:'CA'1368

	GG...AC
	CG...AG

#  Matched base-pairing interactions: 
	<G(1:)-A(9:) trans S/H>                        MATCHES	<G(2:'CA'1364)-A(4:'CA'1367) trans S/H>
	<G(0:)-C(10:) cis W/W>                         MATCHES	<C(1:'CA'1363)-G(5:'CA'1368) cis W/W>
#  Matched base-stacking interactions: 

>>>>>>>>>>   ALIGNMENT ENDS   >>>>>>>>>>

<<<<<<<<<<  ALIGNMENT BEGINS  <<<<<<<<<<

#  Aligning reverse-kturn_conseusns and 5j7l_CA:1371-1379_691-692_1351-1358:
#  Alignment score:  33.6
#  P-value:  1.288e-01
#  Query aligned region: 0-2,8-10
#  Target aligned region: 4:'CA'1376-5:'CA'1377,10:'CA'693-10:'CA'693,12:'CA'1353-14:'CA'1355

	GG~A...AAC
	CG~A...AAG

#  Matched base-pairing interactions: 
	<G(1:)-A(9:) trans S/H>                        MATCHES	<G(5:'CA'1377)-A(13:'CA'1354) trans S/H>
	<A(2:)-A(8:) trans H/H>                        MATCHES	<A(10:'CA'693)-A(12:'CA'1353) cis -/->
	<G(0:)-C(10:) cis W/W>                         MATCHES	<C(4:'CA'1376)-G(14:'CA'1355) cis W/W>
#  Matched base-stacking interactions: 

>>>>>>>>>>   ALIGNMENT ENDS   >>>>>>>>>>

<<<<<<<<<<  ALIGNMENT BEGINS  <<<<<<<<<<

#  Aligning reverse-kturn_conseusns and 5j7l_CA:1855-1861_1880-1885:
#  Alignment score:  33.4
#  P-value:  1.316e-01
#  Query aligned region: 0-3,4-10
#  Target aligned region: 0:'CA'1856-4:'CA'1860,8:'CA'1882-12:'CA'1886

	GGA-G...CACAAAC
	UGAUG...U--UGAU

#  Matched base-pairing interactions: 
	<G(3:)-C(4:) cis W/W>                          MATCHES	<G(4:'CA'1860)-U(8:'CA'1882) cis W/W>
	<A(2:)-A(8:) trans H/H>                        MATCHES	<A(2:'CA'1858)-G(10:'CA'1884) trans H/S>
	<G(1:)-A(9:) trans S/H>                        MATCHES	<G(1:'CA'1857)-A(11:'CA'1885) trans S/H>
	<G(0:)-C(10:) cis W/W>                         MATCHES	<U(0:'CA'1856)-U(12:'CA'1886) cis W/W>
#  Matched base-stacking interactions: 

>>>>>>>>>>   ALIGNMENT ENDS   >>>>>>>>>>

<<<<<<<<<<  ALIGNMENT BEGINS  <<<<<<<<<<

#  Aligning reverse-kturn_conseusns and 5j7l_CA:28-29_1229-1238_1211-1219:
#  Alignment score:  33.2
#  P-value:  1.344e-01
#  Query aligned region: 0-1,9-10
#  Target aligned region: 6:'CA'1234-7:'CA'1235,14:'CA'1214-15:'CA'1215

	GG...AC
	UG...AG

#  Matched base-pairing interactions: 
	<G(1:)-A(9:) trans S/H>                        MATCHES	<G(7:'CA'1235)-A(14:'CA'1214) trans S/H>
	<G(0:)-C(10:) cis W/W>                         MATCHES	<U(6:'CA'1234)-G(15:'CA'1215) cis W/W>
#  Matched base-stacking interactions: 

>>>>>>>>>>   ALIGNMENT ENDS   >>>>>>>>>>

<<<<<<<<<<  ALIGNMENT BEGINS  <<<<<<<<<<

#  Aligning reverse-kturn_conseusns and 5j7l_CA:228-233_218-222_223-225:
#  Alignment score:  33
#  P-value:  1.373e-01
#  Query aligned region: 0-2,8-10
#  Target aligned region: 2:'CA'231-3:'CA'232,7:'CA'220-9:'CA'222,11:'CA'224-11:'CA'224

	GG~A...AA~C
	AG~G...AA~U

#  Matched base-pairing interactions: 
	<G(0:)-C(10:) cis W/W>                         MATCHES	<A(2:'CA'231)-U(11:'CA'224) cis W/W>
	<G(1:)-A(9:) trans S/H>                        MATCHES	<G(3:'CA'232)-A(9:'CA'222) trans S/H>
	<A(2:)-A(8:) trans H/H>                        MATCHES	<G(7:'CA'220)-A(8:'CA'221) cis S/S>
#  Matched base-stacking interactions: 

>>>>>>>>>>   ALIGNMENT ENDS   >>>>>>>>>>

<<<<<<<<<<  ALIGNMENT BEGINS  <<<<<<<<<<

#  Aligning reverse-kturn_conseusns and 5j7l_CA:2630-2631_2886-2890_2806-2812:
#  Alignment score:  33
#  P-value:  1.373e-01
#  Query aligned region: 0-2,8-10
#  Target aligned region: 4:'CA'2889-5:'CA'2890,8:'CA'2808-11:'CA'2811

	GG~A...AAC
	CG~G...AAG

#  Matched base-pairing interactions: 
	<G(1:)-A(9:) trans S/H>                        MATCHES	<G(5:'CA'2890)-A(10:'CA'2810) trans S/H>
	<A(2:)-A(8:) trans H/H>                        MATCHES	<G(8:'CA'2808)-A(9:'CA'2809) cis S/S>
	<G(0:)-C(10:) cis W/W>                         MATCHES	<C(4:'CA'2889)-G(11:'CA'2811) cis W/W>
#  Matched base-stacking interactions: 

>>>>>>>>>>   ALIGNMENT ENDS   >>>>>>>>>>

<<<<<<<<<<  ALIGNMENT BEGINS  <<<<<<<<<<

#  Aligning reverse-kturn_conseusns and 5j7l_CA:2372-2374_2289-2292_2376-2380:
#  Alignment score:  33
#  P-value:  1.373e-01
#  Query aligned region: 0-2,8-10
#  Target aligned region: 1:'CA'2374-2:'CA'2375,6:'CA'2293-6:'CA'2293,7:'CA'2377-9:'CA'2379

	GG~A...AAC
	CG~G...AAG

#  Matched base-pairing interactions: 
	<G(1:)-A(9:) trans S/H>                        MATCHES	<G(2:'CA'2375)-A(8:'CA'2378) trans S/H>
	<A(2:)-A(8:) trans H/H>                        MATCHES	<G(6:'CA'2293)-A(7:'CA'2377) cis -/->
	<G(0:)-C(10:) cis W/W>                         MATCHES	<C(1:'CA'2374)-G(9:'CA'2379) cis W/W>
#  Matched base-stacking interactions: 

>>>>>>>>>>   ALIGNMENT ENDS   >>>>>>>>>>

<<<<<<<<<<  ALIGNMENT BEGINS  <<<<<<<<<<

#  Aligning reverse-kturn_conseusns and 5j7l_CA:509-514_579-581_24-29:
#  Alignment score:  32.6
#  P-value:  1.434e-01
#  Query aligned region: 0-3,4-10
#  Target aligned region: 1:'CA'511-4:'CA'514,7:'CA'581-7:'CA'581,11:'CA'27-13:'CA'29

	GGAG...C~AAC
	UGAA...C~GAU

#  Matched base-pairing interactions: 
	<G(3:)-C(4:) cis W/W>                          MATCHES	<A(4:'CA'514)-C(7:'CA'581) cis -/->
	<A(2:)-A(8:) trans H/H>                        MATCHES	<A(3:'CA'513)-G(11:'CA'27) trans H/S>
	<G(1:)-A(9:) trans S/H>                        MATCHES	<G(2:'CA'512)-A(12:'CA'28) trans S/H>
	<G(0:)-C(10:) cis W/W>                         MATCHES	<U(1:'CA'511)-U(13:'CA'29) cis W/W>
#  Matched base-stacking interactions: 

>>>>>>>>>>   ALIGNMENT ENDS   >>>>>>>>>>

<<<<<<<<<<  ALIGNMENT BEGINS  <<<<<<<<<<

#  Aligning reverse-kturn_conseusns and 5j7l_CA:2660-2664_2653-2658_2530-2531:
#  Alignment score:  32.4
#  P-value:  1.466e-01
#  Query aligned region: 0-2,8-10
#  Target aligned region: 2:'CA'2663-4:'CA'2665,7:'CA'2656-9:'CA'2658

	GGA...AAC
	GGA...UAC

#  Matched base-pairing interactions: 
	<A(2:)-A(8:) trans H/H>                        MATCHES	<A(4:'CA'2665)-U(7:'CA'2656) trans H/W>
	<G(1:)-A(9:) trans S/H>                        MATCHES	<G(3:'CA'2664)-A(8:'CA'2657) trans S/H>
	<G(0:)-C(10:) cis W/W>                         MATCHES	<G(2:'CA'2663)-C(9:'CA'2658) cis W/W>
#  Matched base-stacking interactions: 

>>>>>>>>>>   ALIGNMENT ENDS   >>>>>>>>>>

<<<<<<<<<<  ALIGNMENT BEGINS  <<<<<<<<<<

#  Aligning reverse-kturn_conseusns and 5j7l_CA:355-361_274-284:
#  Alignment score:  31.8
#  P-value:  1.568e-01
#  Query aligned region: 0-2,8-10
#  Target aligned region: 4:'CA'360-5:'CA'361,8:'CA'276-12:'CA'280

	GG~A...AAC
	UG~U...AAU

#  Matched base-pairing interactions: 
	<G(1:)-A(9:) trans S/H>                        MATCHES	<G(5:'CA'361)-A(11:'CA'279) trans S/H>
	<A(2:)-A(8:) trans H/H>                        MATCHES	<U(8:'CA'276)-A(10:'CA'278) cis -/->
	<G(0:)-C(10:) cis W/W>                         MATCHES	<U(4:'CA'360)-U(12:'CA'280) cis W/W>
#  Matched base-stacking interactions: 

>>>>>>>>>>   ALIGNMENT ENDS   >>>>>>>>>>

<<<<<<<<<<  ALIGNMENT BEGINS  <<<<<<<<<<

#  Aligning reverse-kturn_conseusns and 5j7l_CA:777-780_781-786_1775-1777:
#  Alignment score:  31.5
#  P-value:  1.624e-01
#  Query aligned region: 0-2,8-10
#  Target aligned region: 1:'CA'779-3:'CA'781,4:'CA'782-7:'CA'785

	GGA...AA-C
	UGA...AAGG

#  Matched base-pairing interactions: 
	<A(2:)-A(8:) trans H/H>                        MATCHES	<A(3:'CA'781)-A(4:'CA'782) cis S/H>
	<G(0:)-C(10:) cis W/W>                         MATCHES	<U(1:'CA'779)-G(7:'CA'785) cis W/W>
	<G(1:)-A(9:) trans S/H>                        MATCHES	<G(2:'CA'780)-A(5:'CA'783) trans S/H>
#  Matched base-stacking interactions: 

>>>>>>>>>>   ALIGNMENT ENDS   >>>>>>>>>>

<<<<<<<<<<  ALIGNMENT BEGINS  <<<<<<<<<<

#  Aligning reverse-kturn_conseusns and 5j7l_CA:1884-1890_2231-2234_1850-1857:
#  Alignment score:  31
#  P-value:  1.723e-01
#  Query aligned region: 0-2,8-10
#  Target aligned region: 2:'CA'1887-3:'CA'1888,8:'CA'2233-8:'CA'2233,13:'CA'1853-15:'CA'1855

	GG~A...AAC
	CG~U...AAU

#  Matched base-pairing interactions: 
	<G(1:)-A(9:) trans S/H>                        MATCHES	<G(3:'CA'1888)-A(14:'CA'1854) trans S/H>
	<A(2:)-A(8:) trans H/H>                        MATCHES	<U(8:'CA'2233)-A(13:'CA'1853) cis -/->
	<G(0:)-C(10:) cis W/W>                         MATCHES	<C(2:'CA'1887)-U(15:'CA'1855) cis W/W>
#  Matched base-stacking interactions: 

>>>>>>>>>>   ALIGNMENT ENDS   >>>>>>>>>>

<<<<<<<<<<  ALIGNMENT BEGINS  <<<<<<<<<<

#  Aligning reverse-kturn_conseusns and 5j7l_CA:1850-1857_2231-2234_1884-1890:
#  Alignment score:  31
#  P-value:  1.723e-01
#  Query aligned region: 0-2,8-10
#  Target aligned region: 0:'CA'1851-2:'CA'1853,9:'CA'2233-9:'CA'2233,17:'CA'1890-18:'CA'1891

	GGA...A~AC
	UUA...U~AG

#  Matched base-pairing interactions: 
	<G(1:)-A(9:) trans S/H>                        MATCHES	<U(1:'CA'1852)-A(17:'CA'1890) trans S/H>
	<A(2:)-A(8:) trans H/H>                        MATCHES	<A(2:'CA'1853)-U(9:'CA'2233) cis -/->
	<G(0:)-C(10:) cis W/W>                         MATCHES	<U(0:'CA'1851)-G(18:'CA'1891) cis W/W>
#  Matched base-stacking interactions: 

>>>>>>>>>>   ALIGNMENT ENDS   >>>>>>>>>>

<<<<<<<<<<  ALIGNMENT BEGINS  <<<<<<<<<<

#  Aligning reverse-kturn_conseusns and 5j7l_CA:1105-1111_1042-1053:
#  Alignment score:  31
#  P-value:  1.723e-01
#  Query aligned region: 0-3,4-10
#  Target aligned region: 3:'CA'1109-6:'CA'1112,7:'CA'1043-14:'CA'1050

	GGAG...CACAAA-C
	CGAG...CCCAGACA

#  Matched base-pairing interactions: 
	<G(3:)-C(4:) cis W/W>                          MATCHES	<G(6:'CA'1112)-C(7:'CA'1043) cis W/W>
	<A(2:)-A(8:) trans H/H>                        MATCHES	<A(5:'CA'1111)-G(11:'CA'1047) trans H/S>
	<G(0:)-C(10:) cis W/W>                         MATCHES	<C(3:'CA'1109)-A(14:'CA'1050) cis S/W>
	<G(1:)-A(9:) trans S/H>                        MATCHES	<G(4:'CA'1110)-A(12:'CA'1048) trans S/H>
#  Matched base-stacking interactions: 

>>>>>>>>>>   ALIGNMENT ENDS   >>>>>>>>>>

<<<<<<<<<<  ALIGNMENT BEGINS  <<<<<<<<<<

#  Aligning reverse-kturn_conseusns and 5j7l_CA:1445-1446_1525-1531_1539-1546:
#  Alignment score:  30.8
#  P-value:  1.765e-01
#  Query aligned region: 0-1,9-10
#  Target aligned region: 2:'CA'1526-3:'CA'1527,14:'CA'1545-15:'CA'1546

	GG...AC
	CG...AG

#  Matched base-pairing interactions: 
	<G(1:)-A(9:) trans S/H>                        MATCHES	<G(3:'CA'1527)-A(14:'CA'1545) trans S/H>
	<G(0:)-C(10:) cis W/W>                         MATCHES	<C(2:'CA'1526)-G(15:'CA'1546) cis W/W>
#  Matched base-stacking interactions: 

>>>>>>>>>>   ALIGNMENT ENDS   >>>>>>>>>>

<<<<<<<<<<  ALIGNMENT BEGINS  <<<<<<<<<<

#  Aligning reverse-kturn_conseusns and 5j7l_CA:1625-1629_1296-1302_1633-1641:
#  Alignment score:  30.8
#  P-value:  1.765e-01
#  Query aligned region: 0-1,9-10
#  Target aligned region: 6:'CA'1298-7:'CA'1299,19:'CA'1641-20:'CA'1642

	GG...AC
	CG...AG

#  Matched base-pairing interactions: 
	<G(1:)-A(9:) trans S/H>                        MATCHES	<G(7:'CA'1299)-A(19:'CA'1641) trans S/H>
	<G(0:)-C(10:) cis W/W>                         MATCHES	<C(6:'CA'1298)-G(20:'CA'1642) cis W/W>
#  Matched base-stacking interactions: 

>>>>>>>>>>   ALIGNMENT ENDS   >>>>>>>>>>

<<<<<<<<<<  ALIGNMENT BEGINS  <<<<<<<<<<

#  Aligning reverse-kturn_conseusns and 5j7l_CA:331-341_321-326_296-300:
#  Alignment score:  30.8
#  P-value:  1.765e-01
#  Query aligned region: 0-1,9-10
#  Target aligned region: 5:'CA'337-6:'CA'338,13:'CA'324-14:'CA'325

	GG...AC
	CG...AG

#  Matched base-pairing interactions: 
	<G(1:)-A(9:) trans S/H>                        MATCHES	<G(6:'CA'338)-A(13:'CA'324) trans S/H>
	<G(0:)-C(10:) cis W/W>                         MATCHES	<C(5:'CA'337)-G(14:'CA'325) cis W/W>
#  Matched base-stacking interactions: 

>>>>>>>>>>   ALIGNMENT ENDS   >>>>>>>>>>

<<<<<<<<<<  ALIGNMENT BEGINS  <<<<<<<<<<

#  Aligning reverse-kturn_conseusns and 5j7l_CA:2160-2162_2123-2127_2166-2173:
#  Alignment score:  30.4
#  P-value:  1.854e-01
#  Query aligned region: 0-1,9-10
#  Target aligned region: 3:'CA'2124-4:'CA'2125,14:'CA'2173-15:'CA'2174

	GG...AC
	GG...AC

#  Matched base-pairing interactions: 
	<G(1:)-A(9:) trans S/H>                        MATCHES	<G(4:'CA'2125)-A(14:'CA'2173) trans S/H>
	<G(0:)-C(10:) cis W/W>                         MATCHES	<G(3:'CA'2124)-C(15:'CA'2174) cis W/W>
#  Matched base-stacking interactions: 

>>>>>>>>>>   ALIGNMENT ENDS   >>>>>>>>>>

<<<<<<<<<<  ALIGNMENT BEGINS  <<<<<<<<<<

#  Aligning reverse-kturn_conseusns and 5j7l_CA:2474-2481_2467-2471:
#  Alignment score:  29.2
#  P-value:  2.166e-01
#  Query aligned region: 0-1,9-10
#  Target aligned region: 5:'CA'2480-6:'CA'2481,9:'CA'2469-10:'CA'2470

	GG...AC
	CG...AG

#  Matched base-pairing interactions: 
	<G(1:)-A(9:) trans S/H>                        MATCHES	<G(6:'CA'2481)-A(9:'CA'2469) trans S/H>
	<G(0:)-C(10:) cis W/W>                         MATCHES	<C(5:'CA'2480)-G(10:'CA'2470) cis W/W>
#  Matched base-stacking interactions: 

>>>>>>>>>>   ALIGNMENT ENDS   >>>>>>>>>>

<<<<<<<<<<  ALIGNMENT BEGINS  <<<<<<<<<<

#  Aligning reverse-kturn_conseusns and 5j7l_CA:1971-1973_1962-1968_1929-1940:
#  Alignment score:  29.2
#  P-value:  2.166e-01
#  Query aligned region: 0-2,8-10
#  Target aligned region: 7:'CA'1967-9:'CA'1969,11:'CA'1931-13:'CA'1933

	GGA...AAC
	CGA...UAG

#  Matched base-pairing interactions: 
	<A(2:)-A(8:) trans H/H>                        MATCHES	<A(9:'CA'1969)-U(11:'CA'1931) trans H/W>
	<G(1:)-A(9:) trans S/H>                        MATCHES	<G(8:'CA'1968)-A(12:'CA'1932) trans S/H>
	<G(0:)-C(10:) cis W/W>                         MATCHES	<C(7:'CA'1967)-G(13:'CA'1933) cis W/W>
#  Matched base-stacking interactions: 

>>>>>>>>>>   ALIGNMENT ENDS   >>>>>>>>>>

<<<<<<<<<<  ALIGNMENT BEGINS  <<<<<<<<<<

#  Aligning reverse-kturn_conseusns and 5j7l_CA:1618-1624_1302-1308_1604-1612:
#  Alignment score:  28.5
#  P-value:  2.386e-01
#  Query aligned region: 2-3,4-8
#  Target aligned region: 4:'CA'1623-6:'CA'1625,7:'CA'1303-7:'CA'1303,16:'CA'1607-16:'CA'1607

	A-G...C~A
	GUC...G~C

#  Matched base-pairing interactions: 
	<G(3:)-C(4:) cis W/W>                          MATCHES	<C(6:'CA'1625)-G(7:'CA'1303) cis W/W>
	<A(2:)-A(8:) trans H/H>                        MATCHES	<G(4:'CA'1623)-C(16:'CA'1607) trans H/H>
#  Matched base-stacking interactions: 

>>>>>>>>>>   ALIGNMENT ENDS   >>>>>>>>>>

<<<<<<<<<<  ALIGNMENT BEGINS  <<<<<<<<<<

#  Aligning reverse-kturn_conseusns and 5j7l_CA:2160-2162_2166-2173_2123-2127:
#  Alignment score:  28.4
#  P-value:  2.421e-01
#  Query aligned region: 0-1,9-10
#  Target aligned region: 0:'CA'2161-0:'CA'2161,7:'CA'2171-9:'CA'2173,14:'CA'2127-14:'CA'2127

	G~G...A~C
	C~A...A~G

#  Matched base-pairing interactions: 
	<G(0:)-C(10:) cis W/W>                         MATCHES	<C(0:'CA'2161)-G(14:'CA'2127) cis W/W>
	<G(1:)-A(9:) trans S/H>                        MATCHES	<A(7:'CA'2171)-A(9:'CA'2173) trans S/H>
#  Matched base-stacking interactions: 

>>>>>>>>>>   ALIGNMENT ENDS   >>>>>>>>>>

<<<<<<<<<<  ALIGNMENT BEGINS  <<<<<<<<<<

#  Aligning reverse-kturn_conseusns and 5j7l_CA:2540-2542_2733-2737_2763-2769:
#  Alignment score:  28.2
#  P-value:  2.491e-01
#  Query aligned region: 0-1,9-10
#  Target aligned region: 6:'CA'2737-6:'CA'2737,9:'CA'2765-11:'CA'2767

	G~G...AC
	G~A...AC

#  Matched base-pairing interactions: 
	<G(0:)-C(10:) cis W/W>                         MATCHES	<G(6:'CA'2737)-C(11:'CA'2767) cis W/W>
	<G(1:)-A(9:) trans S/H>                        MATCHES	<A(9:'CA'2765)-A(10:'CA'2766) trans S/H>
#  Matched base-stacking interactions: 

>>>>>>>>>>   ALIGNMENT ENDS   >>>>>>>>>>

<<<<<<<<<<  ALIGNMENT BEGINS  <<<<<<<<<<

#  Aligning reverse-kturn_conseusns and 5j7l_CA:1863-1877:
#  Alignment score:  27.7
#  P-value:  2.681e-01
#  Query aligned region: 0-3,4-10
#  Target aligned region: 0:'CA'1864-14:'CA'1878

	GGA-G...CACAAA-C
	UUAGC...G--CGAAG

#  Matched base-pairing interactions: 
	<A(2:)-A(8:) trans H/H>                        MATCHES	<A(2:'CA'1866)-G(11:'CA'1875) trans H/S>
	<G(0:)-C(10:) cis W/W>                         MATCHES	<U(0:'CA'1864)-G(14:'CA'1878) cis W/W>
	<G(3:)-C(4:) cis W/W>                          MATCHES	<C(4:'CA'1868)-G(9:'CA'1873) cis W/W>
	<G(1:)-A(9:) trans S/H>                        MATCHES	<U(1:'CA'1865)-A(12:'CA'1876) trans S/H>
#  Matched base-stacking interactions: 

>>>>>>>>>>   ALIGNMENT ENDS   >>>>>>>>>>

<<<<<<<<<<  ALIGNMENT BEGINS  <<<<<<<<<<

#  Aligning reverse-kturn_conseusns and 5j7l_CA:856-860_2263-2275_915-919:
#  Alignment score:  27.6
#  P-value:  2.722e-01
#  Query aligned region: 0-2,8-10
#  Target aligned region: 0:'CA'857-1:'CA'858,9:'CA'2268-9:'CA'2268,20:'CA'918-22:'CA'920

	GG~A...AAC
	GG~A...AUA

#  Matched base-pairing interactions: 
	<G(1:)-A(9:) trans S/H>                        MATCHES	<G(1:'CA'858)-U(21:'CA'919) cis -/->
	<A(2:)-A(8:) trans H/H>                        MATCHES	<A(9:'CA'2268)-A(20:'CA'918) trans H/H>
	<G(0:)-C(10:) cis W/W>                         MATCHES	<G(0:'CA'857)-A(22:'CA'920) cis W/W>
#  Matched base-stacking interactions: 

>>>>>>>>>>   ALIGNMENT ENDS   >>>>>>>>>>

<<<<<<<<<<  ALIGNMENT BEGINS  <<<<<<<<<<

#  Aligning reverse-kturn_conseusns and 5j7l_CA:2601-2607_1781-1786_2585-2591:
#  Alignment score:  27.5
#  P-value:  2.764e-01
#  Query aligned region: 0-2,8-10
#  Target aligned region: 4:'CA'2606-6:'CA'2608,7:'CA'1782-7:'CA'1782,13:'CA'2586-15:'CA'2588

	G-G~A...AAC
	CGG~U...UAG

#  Matched base-pairing interactions: 
	<A(2:)-A(8:) trans H/H>                        MATCHES	<U(7:'CA'1782)-U(13:'CA'2586) trans W/W>
	<G(0:)-C(10:) cis W/W>                         MATCHES	<C(4:'CA'2606)-G(15:'CA'2588) cis W/W>
	<G(1:)-A(9:) trans S/H>                        MATCHES	<G(6:'CA'2608)-A(14:'CA'2587) trans S/H>
#  Matched base-stacking interactions: 

>>>>>>>>>>   ALIGNMENT ENDS   >>>>>>>>>>

<<<<<<<<<<  ALIGNMENT BEGINS  <<<<<<<<<<

#  Aligning reverse-kturn_conseusns and 5j7l_CA:1473-1477_1726-1732_1512-1516:
#  Alignment score:  26
#  P-value:  3.522e-01
#  Query aligned region: 0-3,4-10
#  Target aligned region: 0:'CA'1474-2:'CA'1476,5:'CA'1727-11:'CA'1733,14:'CA'1515-16:'CA'1517

	GGA~G...C~AAC
	UGU~C...G~AGG

#  Matched base-pairing interactions: 
	<G(3:)-C(4:) cis W/W>                          MATCHES	<C(5:'CA'1727)-G(11:'CA'1733) cis W/W>
	<A(2:)-A(8:) trans H/H>                        MATCHES	<U(2:'CA'1476)-A(14:'CA'1515) trans W/H>
	<G(1:)-A(9:) trans S/H>                        MATCHES	<G(1:'CA'1475)-G(15:'CA'1516) trans S/H>
	<G(0:)-C(10:) cis W/W>                         MATCHES	<U(0:'CA'1474)-G(16:'CA'1517) cis W/W>
#  Matched base-stacking interactions: 

>>>>>>>>>>   ALIGNMENT ENDS   >>>>>>>>>>

<<<<<<<<<<  ALIGNMENT BEGINS  <<<<<<<<<<

#  Aligning reverse-kturn_conseusns and 5j7l_CA:81-85_96-103:
#  Alignment score:  25.8
#  P-value:  3.647e-01
#  Query aligned region: 0-1,9-10
#  Target aligned region: 0:'CA'82-1:'CA'83,11:'CA'103-12:'CA'104

	GG...AC
	UA...AA

#  Matched base-pairing interactions: 
	<G(1:)-A(9:) trans S/H>                        MATCHES	<A(1:'CA'83)-A(11:'CA'103) trans S/H>
	<G(0:)-C(10:) cis W/W>                         MATCHES	<U(0:'CA'82)-A(12:'CA'104) cis W/W>
#  Matched base-stacking interactions: 

>>>>>>>>>>   ALIGNMENT ENDS   >>>>>>>>>>

<<<<<<<<<<  ALIGNMENT BEGINS  <<<<<<<<<<

#  Aligning reverse-kturn_conseusns and 5j7l_CA:1377-1380_1563-1572_1424-1428:
#  Alignment score:  25
#  P-value:  4.216e-01
#  Query aligned region: 1-2,8-9
#  Target aligned region: 10:'CA'1570-11:'CA'1571,16:'CA'1427-17:'CA'1428

	GA...AA
	AA...AC

#  Matched base-pairing interactions: 
	<A(2:)-A(8:) trans H/H>                        MATCHES	<A(11:'CA'1571)-A(16:'CA'1427) trans H/H>
	<G(1:)-A(9:) trans S/H>                        MATCHES	<A(10:'CA'1570)-C(17:'CA'1428) trans H/W>
#  Matched base-stacking interactions: 

>>>>>>>>>>   ALIGNMENT ENDS   >>>>>>>>>>

<<<<<<<<<<  ALIGNMENT BEGINS  <<<<<<<<<<

#  Aligning reverse-kturn_conseusns and 5j7l_CA:955-956_2493-2494_958-961:
#  Alignment score:  25
#  P-value:  4.216e-01
#  Query aligned region: 1-2,8-9
#  Target aligned region: 0:'CA'956-0:'CA'956,2:'CA'2494-2:'CA'2494,4:'CA'959-5:'CA'960

	G~A...AA
	G~G...AA

#  Matched base-pairing interactions: 
	<G(1:)-A(9:) trans S/H>                        MATCHES	<G(0:'CA'956)-A(5:'CA'960) trans S/H>
	<A(2:)-A(8:) trans H/H>                        MATCHES	<G(2:'CA'2494)-A(4:'CA'959) trans W/W>
#  Matched base-stacking interactions: 

>>>>>>>>>>   ALIGNMENT ENDS   >>>>>>>>>>

<<<<<<<<<<  ALIGNMENT BEGINS  <<<<<<<<<<

#  Aligning reverse-kturn_conseusns and 5j7l_CA:474-483_495-508:
#  Alignment score:  24.8
#  P-value:  4.380e-01
#  Query aligned region: 1-2,8-9
#  Target aligned region: 1:'CA'476-2:'CA'477,15:'CA'501-16:'CA'502

	GA...AA
	GA...AA

#  Matched base-pairing interactions: 
	<A(2:)-A(8:) trans H/H>                        MATCHES	<A(2:'CA'477)-A(15:'CA'501) trans H/H>
	<G(1:)-A(9:) trans S/H>                        MATCHES	<G(1:'CA'476)-A(16:'CA'502) trans S/W>
#  Matched base-stacking interactions: 

>>>>>>>>>>   ALIGNMENT ENDS   >>>>>>>>>>

<<<<<<<<<<  ALIGNMENT BEGINS  <<<<<<<<<<

#  Aligning reverse-kturn_conseusns and 5j7l_CA:807-811_583-586_1246-1255:
#  Alignment score:  24.7
#  P-value:  4.465e-01
#  Query aligned region: 0-1,9-10
#  Target aligned region: 5:'CA'584-6:'CA'585,16:'CA'1254-18:'CA'1256

	GG...A-C
	CG...AUG

#  Matched base-pairing interactions: 
	<G(0:)-C(10:) cis W/W>                         MATCHES	<C(5:'CA'584)-G(18:'CA'1256) cis W/W>
	<G(1:)-A(9:) trans S/H>                        MATCHES	<G(6:'CA'585)-A(16:'CA'1254) trans S/H>
#  Matched base-stacking interactions: 

>>>>>>>>>>   ALIGNMENT ENDS   >>>>>>>>>>

<<<<<<<<<<  ALIGNMENT BEGINS  <<<<<<<<<<

#  Aligning reverse-kturn_conseusns and 5j7l_CA:2601-2607_2585-2591_1781-1786:
#  Alignment score:  24.4
#  P-value:  4.736e-01
#  Query aligned region: 0-1,9-10
#  Target aligned region: 5:'CA'2607-6:'CA'2608,8:'CA'2587-8:'CA'2587,15:'CA'1783-15:'CA'1783

	GG...A~C
	GG...A~A

#  Matched base-pairing interactions: 
	<G(0:)-C(10:) cis W/W>                         MATCHES	<G(5:'CA'2607)-A(15:'CA'1783) cis S/S>
	<G(1:)-A(9:) trans S/H>                        MATCHES	<G(6:'CA'2608)-A(8:'CA'2587) trans S/H>
#  Matched base-stacking interactions: 

>>>>>>>>>>   ALIGNMENT ENDS   >>>>>>>>>>

<<<<<<<<<<  ALIGNMENT BEGINS  <<<<<<<<<<

#  Aligning reverse-kturn_conseusns and 5j7l_CA:2600-2606_2587-2591_1782-1786:
#  Alignment score:  24
#  P-value:  5.137e-01
#  Query aligned region: 1-2,8-9
#  Target aligned region: 5:'CA'2606-5:'CA'2606,7:'CA'2588-7:'CA'2588,14:'CA'1785-15:'CA'1786

	G~A...AA
	C~G...AA

#  Matched base-pairing interactions: 
	<G(1:)-A(9:) trans S/H>                        MATCHES	<C(5:'CA'2606)-A(15:'CA'1786) trans S/H>
	<A(2:)-A(8:) trans H/H>                        MATCHES	<G(7:'CA'2588)-A(14:'CA'1785) cis -/->
#  Matched base-stacking interactions: 

>>>>>>>>>>   ALIGNMENT ENDS   >>>>>>>>>>

<<<<<<<<<<  ALIGNMENT BEGINS  <<<<<<<<<<

#  Aligning reverse-kturn_conseusns and 5j7l_CA:1026-1033_2484-2488_1121-1127:
#  Alignment score:  23.8
#  P-value:  5.358e-01
#  Query aligned region: 2-2,8-8
#  Target aligned region: 1:'CA'1028-1:'CA'1028,17:'CA'1126-17:'CA'1126

	A...A
	A...A

#  Matched base-pairing interactions: 
	<A(2:)-A(8:) trans H/H>                        MATCHES	<A(1:'CA'1028)-A(17:'CA'1126) trans H/H>
#  Matched base-stacking interactions: 

>>>>>>>>>>   ALIGNMENT ENDS   >>>>>>>>>>

<<<<<<<<<<  ALIGNMENT BEGINS  <<<<<<<<<<

#  Aligning reverse-kturn_conseusns and 5j7l_CA:2074-2085_2233-2242_2433-2434:
#  Alignment score:  23.5
#  P-value:  5.715e-01
#  Query aligned region: 0-2,8-10
#  Target aligned region: 0:'CA'2075-3:'CA'2078,16:'CA'2238-16:'CA'2238,22:'CA'2434-23:'CA'2435

	G-GA...A~AC
	UUAC...G~AA

#  Matched base-pairing interactions: 
	<G(0:)-C(10:) cis W/W>                         MATCHES	<U(0:'CA'2075)-A(23:'CA'2435) cis W/W>
	<G(1:)-A(9:) trans S/H>                        MATCHES	<A(2:'CA'2077)-A(22:'CA'2434) cis -/->
	<A(2:)-A(8:) trans H/H>                        MATCHES	<C(3:'CA'2078)-G(16:'CA'2238) trans H/H>
#  Matched base-stacking interactions: 

>>>>>>>>>>   ALIGNMENT ENDS   >>>>>>>>>>

<<<<<<<<<<  ALIGNMENT BEGINS  <<<<<<<<<<

#  Aligning reverse-kturn_conseusns and 5j7l_CA:123-125_46-53_115-119:
#  Alignment score:  23
#  P-value:  6.397e-01
#  Query aligned region: 1-1,9-9
#  Target aligned region: 7:'CA'51-7:'CA'51,13:'CA'118-13:'CA'118

	G...A
	G...A

#  Matched base-pairing interactions: 
	<G(1:)-A(9:) trans S/H>                        MATCHES	<G(7:'CA'51)-A(13:'CA'118) trans S/H>
#  Matched base-stacking interactions: 

>>>>>>>>>>   ALIGNMENT ENDS   >>>>>>>>>>

<<<<<<<<<<  ALIGNMENT BEGINS  <<<<<<<<<<

#  Aligning reverse-kturn_conseusns and 5j7l_CA:2831-2841_2875-2882_2816-2817:
#  Alignment score:  22.2
#  P-value:  7.770e-01
#  Query aligned region: 1-1,9-9
#  Target aligned region: 2:'CA'2834-2:'CA'2834,18:'CA'2883-18:'CA'2883

	G...A
	G...A

#  Matched base-pairing interactions: 
	<G(1:)-A(9:) trans S/H>                        MATCHES	<G(2:'CA'2834)-A(18:'CA'2883) trans S/H>
#  Matched base-stacking interactions: 

>>>>>>>>>>   ALIGNMENT ENDS   >>>>>>>>>>

<<<<<<<<<<  ALIGNMENT BEGINS  <<<<<<<<<<

#  Aligning reverse-kturn_conseusns and 5j7l_CA:1796-1805_1810-1818_2200-2202:
#  Alignment score:  22
#  P-value:  8.183e-01
#  Query aligned region: 1-2,8-9
#  Target aligned region: 4:'CA'1801-5:'CA'1802,14:'CA'1815-14:'CA'1815,19:'CA'2201-19:'CA'2201

	GA...A~A
	AA...A~G

#  Matched base-pairing interactions: 
	<G(1:)-A(9:) trans S/H>                        MATCHES	<A(4:'CA'1801)-G(19:'CA'2201) cis -/->
	<A(2:)-A(8:) trans H/H>                        MATCHES	<A(5:'CA'1802)-A(14:'CA'1815) trans H/H>
#  Matched base-stacking interactions: 

>>>>>>>>>>   ALIGNMENT ENDS   >>>>>>>>>>

<<<<<<<<<<  ALIGNMENT BEGINS  <<<<<<<<<<

#  Aligning reverse-kturn_conseusns and 5j7l_CA:451-462_466-472:
#  Alignment score:  21.4
#  P-value:  9.639e-01
#  Query aligned region: 2-2,8-8
#  Target aligned region: 5:'CA'457-5:'CA'457,16:'CA'471-16:'CA'471

	A...A
	A...A

#  Matched base-pairing interactions: 
	<A(2:)-A(8:) trans H/H>                        MATCHES	<A(5:'CA'457)-A(16:'CA'471) trans H/H>
#  Matched base-stacking interactions: 

>>>>>>>>>>   ALIGNMENT ENDS   >>>>>>>>>>

<<<<<<<<<<  ALIGNMENT BEGINS  <<<<<<<<<<

#  Aligning reverse-kturn_conseusns and 5j7l_CA:1475-1480_1555-1556_1507-1514:
#  Alignment score:  13.8
#  P-value:  1.000e+00
#  Query aligned region: 0-1,9-10
#  Target aligned region: 5:'CA'1481-5:'CA'1481,8:'CA'1508-10:'CA'1510

	G~G...AC
	U~A...AG

#  Matched base-pairing interactions: 
	<G(0:)-C(10:) cis W/W>                         MATCHES	<U(5:'CA'1481)-G(10:'CA'1510) cis W/W>
	<G(1:)-A(9:) trans S/H>                        MATCHES	<A(8:'CA'1508)-A(9:'CA'1509) cis -/->
#  Matched base-stacking interactions: 

>>>>>>>>>>   ALIGNMENT ENDS   >>>>>>>>>>

<<<<<<<<<<  ALIGNMENT BEGINS  <<<<<<<<<<

#  Aligning reverse-kturn_conseusns and 5j7l_CA:1647-1648_1264-1269_2008-2012:
#  Alignment score:  13.8
#  P-value:  1.000e+00
#  Query aligned region: 0-1,9-10
#  Target aligned region: 6:'CA'1269-7:'CA'1270,9:'CA'2010-10:'CA'2011

	GG...AC
	AC...GU

#  Matched base-pairing interactions: 
	<G(1:)-A(9:) trans S/H>                        MATCHES	<C(7:'CA'1270)-G(9:'CA'2010) cis W/W>
	<G(0:)-C(10:) cis W/W>                         MATCHES	<A(6:'CA'1269)-U(10:'CA'2011) cis W/W>
#  Matched base-stacking interactions: 

>>>>>>>>>>   ALIGNMENT ENDS   >>>>>>>>>>

<<<<<<<<<<  ALIGNMENT BEGINS  <<<<<<<<<<

#  Aligning reverse-kturn_conseusns and 5j7l_CA:1988-1996_1673-1677_1663-1669:
#  Alignment score:  13.6
#  P-value:  1.000e+00
#  Query aligned region: 0-1,9-10
#  Target aligned region: 5:'CA'1994-6:'CA'1995,15:'CA'1665-16:'CA'1666

	GG...AC
	CU...AG

#  Matched base-pairing interactions: 
	<G(1:)-A(9:) trans S/H>                        MATCHES	<U(6:'CA'1995)-A(15:'CA'1665) cis W/W>
	<G(0:)-C(10:) cis W/W>                         MATCHES	<C(5:'CA'1994)-G(16:'CA'1666) cis W/W>
#  Matched base-stacking interactions: 

>>>>>>>>>>   ALIGNMENT ENDS   >>>>>>>>>>

<<<<<<<<<<  ALIGNMENT BEGINS  <<<<<<<<<<

#  Aligning reverse-kturn_conseusns and 5j7l_CA:2047-2048_1650-1658_2001-2005:
#  Alignment score:  13.6
#  P-value:  1.000e+00
#  Query aligned region: 0-1,9-10
#  Target aligned region: 2:'CA'1651-3:'CA'1652,14:'CA'2005-15:'CA'2006

	GG...AC
	GA...AC

#  Matched base-pairing interactions: 
	<G(1:)-A(9:) trans S/H>                        MATCHES	<A(3:'CA'1652)-A(14:'CA'2005) cis W/H>
	<G(0:)-C(10:) cis W/W>                         MATCHES	<G(2:'CA'1651)-C(15:'CA'2006) cis W/W>
#  Matched base-stacking interactions: 

>>>>>>>>>>   ALIGNMENT ENDS   >>>>>>>>>>

<<<<<<<<<<  ALIGNMENT BEGINS  <<<<<<<<<<

#  Aligning reverse-kturn_conseusns and 5j7l_CA:681-683_464-467_460-463:
#  Alignment score:  13.6
#  P-value:  1.000e+00
#  Query aligned region: 0-1,9-10
#  Target aligned region: 5:'CA'467-6:'CA'468,7:'CA'461-8:'CA'462

	GG...AC
	GG...CC

#  Matched base-pairing interactions: 
	<G(1:)-A(9:) trans S/H>                        MATCHES	<G(6:'CA'468)-C(7:'CA'461) cis W/W>
	<G(0:)-C(10:) cis W/W>                         MATCHES	<G(5:'CA'467)-C(8:'CA'462) cis W/W>
#  Matched base-stacking interactions: 

>>>>>>>>>>   ALIGNMENT ENDS   >>>>>>>>>>

<<<<<<<<<<  ALIGNMENT BEGINS  <<<<<<<<<<

#  Aligning reverse-kturn_conseusns and 5j7l_CA:1168-1179:
#  Alignment score:  13
#  P-value:  1.000e+00
#  Query aligned region: 0-1,9-10
#  Target aligned region: 1:'CA'1170-11:'CA'1180

	GG...AC
	CG...GU

#  Matched base-pairing interactions: 
	<G(1:)-A(9:) trans S/H>                        MATCHES	<G(2:'CA'1171)-G(10:'CA'1179) trans S/H>
	<G(0:)-C(10:) cis W/W>                         MATCHES	<C(1:'CA'1170)-U(11:'CA'1180) cis W/W>
#  Matched base-stacking interactions: 

>>>>>>>>>>   ALIGNMENT ENDS   >>>>>>>>>>

<<<<<<<<<<  ALIGNMENT BEGINS  <<<<<<<<<<

#  Aligning reverse-kturn_conseusns and 5j7l_CA:2195-2200_2222-2229_2089-2092:
#  Alignment score:  12.2
#  P-value:  1.000e+00
#  Query aligned region: 2-2,8-8
#  Target aligned region: 10:'CA'2227-10:'CA'2227,16:'CA'2092-16:'CA'2092

	A...A
	A...U

#  Matched base-pairing interactions: 
	<A(2:)-A(8:) trans H/H>                        MATCHES	<A(10:'CA'2227)-U(16:'CA'2092) trans H/H>
#  Matched base-stacking interactions: 

>>>>>>>>>>   ALIGNMENT ENDS   >>>>>>>>>>

<<<<<<<<<<  ALIGNMENT BEGINS  <<<<<<<<<<

#  Aligning reverse-kturn_conseusns and 5j7l_CA:218-222_228-233_223-225:
#  Alignment score:  11.4
#  P-value:  1.000e+00
#  Query aligned region: 0-1,9-10
#  Target aligned region: 6:'CA'230-7:'CA'231,11:'CA'224-12:'CA'225

	GG...AC
	GA...UC

#  Matched base-pairing interactions: 
	<G(1:)-A(9:) trans S/H>                        MATCHES	<A(7:'CA'231)-U(11:'CA'224) cis W/W>
	<G(0:)-C(10:) cis W/W>                         MATCHES	<G(6:'CA'230)-C(12:'CA'225) cis W/W>
#  Matched base-stacking interactions: 

>>>>>>>>>>   ALIGNMENT ENDS   >>>>>>>>>>

<<<<<<<<<<  ALIGNMENT BEGINS  <<<<<<<<<<

#  Aligning reverse-kturn_conseusns and 5j7l_CA:2585-2587_1782-1786_1776-1781:
#  Alignment score:  10.6
#  P-value:  1.000e+00
#  Query aligned region: 2-2,8-8
#  Target aligned region: 4:'CA'1784-4:'CA'1784,10:'CA'1779-10:'CA'1779

	A...A
	A...U

#  Matched base-pairing interactions: 
	<A(2:)-A(8:) trans H/H>                        MATCHES	<A(4:'CA'1784)-U(10:'CA'1779) trans H/H>
#  Matched base-stacking interactions: 

>>>>>>>>>>   ALIGNMENT ENDS   >>>>>>>>>>

<<<<<<<<<<  ALIGNMENT BEGINS  <<<<<<<<<<

#  Aligning reverse-kturn_conseusns and 5j7l_CA:2765-2766_2736-2743_2760-2764:
#  Alignment score:  10.6
#  P-value:  1.000e+00
#  Query aligned region: 3-3,4-4
#  Target aligned region: 7:'CA'2742-7:'CA'2742,11:'CA'2762-11:'CA'2762

	G...C
	G...C

#  Matched base-pairing interactions: 
	<G(3:)-C(4:) cis W/W>                          MATCHES	<G(7:'CA'2742)-C(11:'CA'2762) cis W/W>
#  Matched base-stacking interactions: 

>>>>>>>>>>   ALIGNMENT ENDS   >>>>>>>>>>

<<<<<<<<<<  ALIGNMENT BEGINS  <<<<<<<<<<

#  Aligning reverse-kturn_conseusns and 5j7l_CA:419-429_261-267_218-223:
#  Alignment score:  10.6
#  P-value:  1.000e+00
#  Query aligned region: 3-3,4-4
#  Target aligned region: 4:'CA'424-4:'CA'424,17:'CA'268-17:'CA'268

	G...C
	G...C

#  Matched base-pairing interactions: 
	<G(3:)-C(4:) cis W/W>                          MATCHES	<G(4:'CA'424)-C(17:'CA'268) cis W/W>
#  Matched base-stacking interactions: 

>>>>>>>>>>   ALIGNMENT ENDS   >>>>>>>>>>

<<<<<<<<<<  ALIGNMENT BEGINS  <<<<<<<<<<

#  Aligning reverse-kturn_conseusns and 5j7l_CA:1337-1341_1601-1603_1309-1313:
#  Alignment score:  10.6
#  P-value:  1.000e+00
#  Query aligned region: 3-3,4-4
#  Target aligned region: 0:'CA'1338-0:'CA'1338,12:'CA'1314-12:'CA'1314

	G...C
	G...C

#  Matched base-pairing interactions: 
	<G(3:)-C(4:) cis W/W>                          MATCHES	<G(0:'CA'1338)-C(12:'CA'1314) cis W/W>
#  Matched base-stacking interactions: 

>>>>>>>>>>   ALIGNMENT ENDS   >>>>>>>>>>

<<<<<<<<<<  ALIGNMENT BEGINS  <<<<<<<<<<

#  Aligning reverse-kturn_conseusns and 5j7l_CA:2410-2412_2403-2409_411-415:
#  Alignment score:  10.6
#  P-value:  1.000e+00
#  Query aligned region: 3-3,4-4
#  Target aligned region: 9:'CA'2410-9:'CA'2410,11:'CA'413-11:'CA'413

	G...C
	G...C

#  Matched base-pairing interactions: 
	<G(3:)-C(4:) cis W/W>                          MATCHES	<G(9:'CA'2410)-C(11:'CA'413) cis W/W>
#  Matched base-stacking interactions: 

>>>>>>>>>>   ALIGNMENT ENDS   >>>>>>>>>>

<<<<<<<<<<  ALIGNMENT BEGINS  <<<<<<<<<<

#  Aligning reverse-kturn_conseusns and 5j7l_CA:998-1003_1148-1156_1008-1013:
#  Alignment score:  10.6
#  P-value:  1.000e+00
#  Query aligned region: 2-3,4-8
#  Target aligned region: 4:'CA'1003-5:'CA'1004,8:'CA'1151-8:'CA'1151,16:'CA'1010-16:'CA'1010

	AG...C~A
	GU...A~A

#  Matched base-pairing interactions: 
	<G(3:)-C(4:) cis W/W>                          MATCHES	<U(5:'CA'1004)-A(8:'CA'1151) cis W/W>
	<A(2:)-A(8:) trans H/H>                        MATCHES	<G(4:'CA'1003)-A(16:'CA'1010) trans S/S>
#  Matched base-stacking interactions: 

>>>>>>>>>>   ALIGNMENT ENDS   >>>>>>>>>>

<<<<<<<<<<  ALIGNMENT BEGINS  <<<<<<<<<<

#  Aligning reverse-kturn_conseusns and 5j7l_CA:940-942_1186-1189_816-821:
#  Alignment score:  10.6
#  P-value:  1.000e+00
#  Query aligned region: 3-3,4-4
#  Target aligned region: 6:'CA'1190-6:'CA'1190,7:'CA'817-7:'CA'817

	G...C
	G...C

#  Matched base-pairing interactions: 
	<G(3:)-C(4:) cis W/W>                          MATCHES	<G(6:'CA'1190)-C(7:'CA'817) cis W/W>
#  Matched base-stacking interactions: 

>>>>>>>>>>   ALIGNMENT ENDS   >>>>>>>>>>

<<<<<<<<<<  ALIGNMENT BEGINS  <<<<<<<<<<

#  Aligning reverse-kturn_conseusns and 5j7l_CA:760-762_697-702_727-733:
#  Alignment score:  10.6
#  P-value:  1.000e+00
#  Query aligned region: 3-3,4-4
#  Target aligned region: 2:'CA'763-2:'CA'763,3:'CA'698-3:'CA'698

	G...C
	G...C

#  Matched base-pairing interactions: 
	<G(3:)-C(4:) cis W/W>                          MATCHES	<G(2:'CA'763)-C(3:'CA'698) cis W/W>
#  Matched base-stacking interactions: 

>>>>>>>>>>   ALIGNMENT ENDS   >>>>>>>>>>

<<<<<<<<<<  ALIGNMENT BEGINS  <<<<<<<<<<

#  Aligning reverse-kturn_conseusns and 5j7l_CA:2870-2872_2717-2721_2686-2691:
#  Alignment score:  10.2
#  P-value:  1.000e+00
#  Query aligned region: 3-3,4-4
#  Target aligned region: 7:'CA'2722-7:'CA'2722,8:'CA'2687-8:'CA'2687

	G...C
	G...U

#  Matched base-pairing interactions: 
	<G(3:)-C(4:) cis W/W>                          MATCHES	<G(7:'CA'2722)-U(8:'CA'2687) cis W/W>
#  Matched base-stacking interactions: 

>>>>>>>>>>   ALIGNMENT ENDS   >>>>>>>>>>

<<<<<<<<<<  ALIGNMENT BEGINS  <<<<<<<<<<

#  Aligning reverse-kturn_conseusns and 5j7l_CA:421-422_370-378_394-400:
#  Alignment score:  10.2
#  P-value:  1.000e+00
#  Query aligned region: 3-3,4-4
#  Target aligned region: 6:'CA'375-6:'CA'375,15:'CA'399-15:'CA'399

	G...C
	G...U

#  Matched base-pairing interactions: 
	<G(3:)-C(4:) cis W/W>                          MATCHES	<G(6:'CA'375)-U(15:'CA'399) cis W/W>
#  Matched base-stacking interactions: 

>>>>>>>>>>   ALIGNMENT ENDS   >>>>>>>>>>

<<<<<<<<<<  ALIGNMENT BEGINS  <<<<<<<<<<

#  Aligning reverse-kturn_conseusns and 5j7l_CA:2587-2591_1782-1786_2600-2606:
#  Alignment score:  9.8
#  P-value:  1.000e+00
#  Query aligned region: 3-3,4-4
#  Target aligned region: 4:'CA'2592-4:'CA'2592,10:'CA'2601-10:'CA'2601

	G...C
	G...C

#  Matched base-pairing interactions: 
	<G(3:)-C(4:) cis W/W>                          MATCHES	<G(4:'CA'2592)-C(10:'CA'2601) cis W/W>
#  Matched base-stacking interactions: 

>>>>>>>>>>   ALIGNMENT ENDS   >>>>>>>>>>

<<<<<<<<<<  ALIGNMENT BEGINS  <<<<<<<<<<

#  Aligning reverse-kturn_conseusns and 5j7l_CA:697-698_732-741_755-760:
#  Alignment score:  9.8
#  P-value:  1.000e+00
#  Query aligned region: 3-3,4-4
#  Target aligned region: 7:'CA'738-7:'CA'738,14:'CA'758-14:'CA'758

	G...C
	G...C

#  Matched base-pairing interactions: 
	<G(3:)-C(4:) cis W/W>                          MATCHES	<G(7:'CA'738)-C(14:'CA'758) cis W/W>
#  Matched base-stacking interactions: 

>>>>>>>>>>   ALIGNMENT ENDS   >>>>>>>>>>

<<<<<<<<<<  ALIGNMENT BEGINS  <<<<<<<<<<

#  Aligning reverse-kturn_conseusns and 5j7l_CA:2196-2203_2219-2226:
#  Alignment score:  9.4
#  P-value:  1.000e+00
#  Query aligned region: 3-3,4-4
#  Target aligned region: 7:'CA'2204-7:'CA'2204,8:'CA'2220-8:'CA'2220

	G...C
	G...U

#  Matched base-pairing interactions: 
	<G(3:)-C(4:) cis W/W>                          MATCHES	<G(7:'CA'2204)-U(8:'CA'2220) cis W/W>
#  Matched base-stacking interactions: 

>>>>>>>>>>   ALIGNMENT ENDS   >>>>>>>>>>

<<<<<<<<<<  ALIGNMENT BEGINS  <<<<<<<<<<

#  Aligning reverse-kturn_conseusns and 5j7l_CA:2875-2882_2831-2841_2816-2817:
#  Alignment score:  9
#  P-value:  1.000e+00
#  Query aligned region: 3-3,4-4
#  Target aligned region: 2:'CA'2878-2:'CA'2878,15:'CA'2839-15:'CA'2839

	G...C
	U...G

#  Matched base-pairing interactions: 
	<G(3:)-C(4:) cis W/W>                          MATCHES	<U(2:'CA'2878)-G(15:'CA'2839) cis W/W>
#  Matched base-stacking interactions: 

>>>>>>>>>>   ALIGNMENT ENDS   >>>>>>>>>>

<<<<<<<<<<  ALIGNMENT BEGINS  <<<<<<<<<<

#  Aligning reverse-kturn_conseusns and 5j7l_CA:274-284_355-361:
#  Alignment score:  9
#  P-value:  1.000e+00
#  Query aligned region: 3-3,4-4
#  Target aligned region: 6:'CA'281-6:'CA'281,14:'CA'359-14:'CA'359

	G...C
	C...G

#  Matched base-pairing interactions: 
	<G(3:)-C(4:) cis W/W>                          MATCHES	<C(6:'CA'281)-G(14:'CA'359) cis W/W>
#  Matched base-stacking interactions: 

>>>>>>>>>>   ALIGNMENT ENDS   >>>>>>>>>>

<<<<<<<<<<  ALIGNMENT BEGINS  <<<<<<<<<<

#  Aligning reverse-kturn_conseusns and 5j7l_CA:2376-2380_2289-2292_2372-2374:
#  Alignment score:  7.2
#  P-value:  1.000e+00
#  Query aligned region: 0-1,9-10
#  Target aligned region: 2:'CA'2379-2:'CA'2379,5:'CA'2290-5:'CA'2290,9:'CA'2373-10:'CA'2374

	G~G...AC
	G~G...GC

#  Matched base-pairing interactions: 
	<G(0:)-C(10:) cis W/W>                         MATCHES	<G(2:'CA'2379)-C(10:'CA'2374) cis W/W>
	<G(1:)-A(9:) trans S/H>                        MATCHES	<G(5:'CA'2290)-G(9:'CA'2373) trans S/S>
#  Matched base-stacking interactions: 

>>>>>>>>>>   ALIGNMENT ENDS   >>>>>>>>>>

<<<<<<<<<<  ALIGNMENT BEGINS  <<<<<<<<<<

#  Aligning reverse-kturn_conseusns and 5j7l_CA:1971-1973_1929-1940_1962-1968:
#  Alignment score:  5.8
#  P-value:  1.000e+00
#  Query aligned region: 3-3,4-4
#  Target aligned region: 7:'CA'1934-7:'CA'1934,16:'CA'1964-16:'CA'1964

	G...C
	C...G

#  Matched base-pairing interactions: 
	<G(3:)-C(4:) cis W/W>                          MATCHES	<C(7:'CA'1934)-G(16:'CA'1964) cis W/W>
#  Matched base-stacking interactions: 

>>>>>>>>>>   ALIGNMENT ENDS   >>>>>>>>>>

<<<<<<<<<<  ALIGNMENT BEGINS  <<<<<<<<<<

#  Aligning reverse-kturn_conseusns and 5j7l_CA:2493-2494_958-961_955-956:
#  Alignment score:  2.7
#  P-value:  1.000e+00
#  Query aligned region: 
#  Target aligned region: 

	
	

#  Matched base-pairing interactions: 
#  Matched base-stacking interactions: 

>>>>>>>>>>   ALIGNMENT ENDS   >>>>>>>>>>

<<<<<<<<<<  ALIGNMENT BEGINS  <<<<<<<<<<

#  Aligning reverse-kturn_conseusns and 5j7l_CA:958-961_2493-2494_955-956:
#  Alignment score:  2.3
#  P-value:  1.000e+00
#  Query aligned region: 
#  Target aligned region: 

	
	

#  Matched base-pairing interactions: 
#  Matched base-stacking interactions: 

>>>>>>>>>>   ALIGNMENT ENDS   >>>>>>>>>>

<<<<<<<<<<  ALIGNMENT BEGINS  <<<<<<<<<<

#  Aligning reverse-kturn_conseusns and 5j7l_CA:2775-2780_2635-2638:
#  Alignment score:  1.8
#  P-value:  1.000e+00
#  Query aligned region: 
#  Target aligned region: 

	
	

#  Matched base-pairing interactions: 
#  Matched base-stacking interactions: 

>>>>>>>>>>   ALIGNMENT ENDS   >>>>>>>>>>

<<<<<<<<<<  ALIGNMENT BEGINS  <<<<<<<<<<

#  Aligning reverse-kturn_conseusns and 5j7l_CA:958-961_955-956_2493-2494:
#  Alignment score:  1.8
#  P-value:  1.000e+00
#  Query aligned region: 
#  Target aligned region: 

	
	

#  Matched base-pairing interactions: 
#  Matched base-stacking interactions: 

>>>>>>>>>>   ALIGNMENT ENDS   >>>>>>>>>>

