$ /home/s081p868/scratch/RNAMotifScanX-release/bin/scan /home/s081p868/scratch/RNAMotifScanX-release/models/e-loop_consensus.struct /rfs/poseidon_share/s081p868/RNAMotifScanX_nr/rmsx_work_default/4wf9/X/4wf9_X.rmsx.in --map_pdb=/rfs/poseidon_share/s081p868/RNAMotifScanX_nr/rmsx_work_default/4wf9/X/4wf9_X.rmsx.nch --pvalue 1.0 --num_threads 8 --write_alignment
<<<<<<<<<<  ALIGNMENT BEGINS  <<<<<<<<<<

#  Aligning Eloop_consensus and 4wf9_X:2240-2241_1394-1397_1406-1409:
#  Alignment score:  51.2
#  P-value:  1.838e-02
#  Query aligned region: 0-2,3-5
#  Target aligned region: 2:X1395-4:X1397,7:X1408-9:X1410

	GAG...GUA
	GAG...GUA

#  Matched base-pairing interactions: 
	<G(2:)-G(3:) trans H/S>                        MATCHES	<G(4:X1397)-G(7:X1408) trans H/S>
	<A(1:)-U(4:) trans H/W>                        MATCHES	<A(3:X1396)-U(8:X1409) trans H/W>
	<G(0:)-A(5:) trans S/H>                        MATCHES	<G(2:X1395)-A(9:X1410) cis -/->
#  Matched base-stacking interactions: 

>>>>>>>>>>   ALIGNMENT ENDS   >>>>>>>>>>

<<<<<<<<<<  ALIGNMENT BEGINS  <<<<<<<<<<

#  Aligning Eloop_consensus and 4wf9_X:1993-2000_1956-1959_1859-1861:
#  Alignment score:  47
#  P-value:  2.252e-02
#  Query aligned region: 0-1,4-5
#  Target aligned region: 1:X1995-2:X1996,9:X1958-10:X1959

	GA...UA
	GA...UA

#  Matched base-pairing interactions: 
	<A(1:)-U(4:) trans H/W>                        MATCHES	<A(2:X1996)-U(9:X1958) trans H/W>
	<G(0:)-A(5:) trans S/H>                        MATCHES	<G(1:X1995)-A(10:X1959) trans S/H>
#  Matched base-stacking interactions: 

>>>>>>>>>>   ALIGNMENT ENDS   >>>>>>>>>>

<<<<<<<<<<  ALIGNMENT BEGINS  <<<<<<<<<<

#  Aligning Eloop_consensus and 4wf9_X:251-257_244-250_429-431:
#  Alignment score:  46.8
#  P-value:  2.275e-02
#  Query aligned region: 0-1,4-5
#  Target aligned region: 5:X257-6:X258,8:X246-9:X247

	GA...UA
	GA...UA

#  Matched base-pairing interactions: 
	<A(1:)-U(4:) trans H/W>                        MATCHES	<A(6:X258)-U(8:X246) trans H/W>
	<G(0:)-A(5:) trans S/H>                        MATCHES	<G(5:X257)-A(9:X247) trans S/H>
#  Matched base-stacking interactions: 

>>>>>>>>>>   ALIGNMENT ENDS   >>>>>>>>>>

<<<<<<<<<<  ALIGNMENT BEGINS  <<<<<<<<<<

#  Aligning Eloop_consensus and 4wf9_X:191-194_843-846_205-209:
#  Alignment score:  46.8
#  P-value:  2.275e-02
#  Query aligned region: 0-2,3-5
#  Target aligned region: 0:X192-2:X194,4:X844-4:X844,11:X209-12:X210

	GAG...G~UA
	GAA...G~UA

#  Matched base-pairing interactions: 
	<A(1:)-U(4:) trans H/W>                        MATCHES	<A(1:X193)-U(11:X209) trans H/W>
	<G(2:)-G(3:) trans H/S>                        MATCHES	<A(2:X194)-G(4:X844) trans S/S>
	<G(0:)-A(5:) trans S/H>                        MATCHES	<G(0:X192)-A(12:X210) trans S/H>
#  Matched base-stacking interactions: 

>>>>>>>>>>   ALIGNMENT ENDS   >>>>>>>>>>

<<<<<<<<<<  ALIGNMENT BEGINS  <<<<<<<<<<

#  Aligning Eloop_consensus and 4wf9_X:2687-2691_2681-2685_2557-2558:
#  Alignment score:  46.2
#  P-value:  2.347e-02
#  Query aligned region: 0-1,4-5
#  Target aligned region: 3:X2691-4:X2692,6:X2683-7:X2684

	GA...UA
	GA...UA

#  Matched base-pairing interactions: 
	<A(1:)-U(4:) trans H/W>                        MATCHES	<A(4:X2692)-U(6:X2683) trans H/W>
	<G(0:)-A(5:) trans S/H>                        MATCHES	<G(3:X2691)-A(7:X2684) trans S/H>
#  Matched base-stacking interactions: 

>>>>>>>>>>   ALIGNMENT ENDS   >>>>>>>>>>

<<<<<<<<<<  ALIGNMENT BEGINS  <<<<<<<<<<

#  Aligning Eloop_consensus and 4wf9_X:956-961_903-910:
#  Alignment score:  46.2
#  P-value:  2.347e-02
#  Query aligned region: 0-1,4-5
#  Target aligned region: 4:X961-5:X962,7:X905-8:X906

	GA...UA
	GA...UA

#  Matched base-pairing interactions: 
	<A(1:)-U(4:) trans H/W>                        MATCHES	<A(5:X962)-U(7:X905) trans H/W>
	<G(0:)-A(5:) trans S/H>                        MATCHES	<G(4:X961)-A(8:X906) trans S/H>
#  Matched base-stacking interactions: 

>>>>>>>>>>   ALIGNMENT ENDS   >>>>>>>>>>

<<<<<<<<<<  ALIGNMENT BEGINS  <<<<<<<<<<

#  Aligning Eloop_consensus and 4wf9_X:862-864_985-986_1225-1227:
#  Alignment score:  45.4
#  P-value:  2.447e-02
#  Query aligned region: 0-2,3-5
#  Target aligned region: 0:X863-2:X865,4:X987-4:X987,6:X1227-7:X1228

	GAG...G~UA
	GAA...U~UA

#  Matched base-pairing interactions: 
	<A(1:)-U(4:) trans H/W>                        MATCHES	<A(1:X864)-U(6:X1227) trans H/W>
	<G(2:)-G(3:) trans H/S>                        MATCHES	<A(2:X865)-U(4:X987) cis -/->
	<G(0:)-A(5:) trans S/H>                        MATCHES	<G(0:X863)-A(7:X1228) trans S/H>
#  Matched base-stacking interactions: 

>>>>>>>>>>   ALIGNMENT ENDS   >>>>>>>>>>

<<<<<<<<<<  ALIGNMENT BEGINS  <<<<<<<<<<

#  Aligning Eloop_consensus and 4wf9_X:96-102_81-84:
#  Alignment score:  44.2
#  P-value:  2.611e-02
#  Query aligned region: 0-2,3-5
#  Target aligned region: 4:X101-6:X103,7:X82-9:X84

	GAG...GUA
	GAU...GGA

#  Matched base-pairing interactions: 
	<G(2:)-G(3:) trans H/S>                        MATCHES	<U(6:X103)-G(7:X82) trans H/S>
	<A(1:)-U(4:) trans H/W>                        MATCHES	<A(5:X102)-G(8:X83) trans W/W>
	<G(0:)-A(5:) trans S/H>                        MATCHES	<G(4:X101)-A(9:X84) trans S/H>
#  Matched base-stacking interactions: 

>>>>>>>>>>   ALIGNMENT ENDS   >>>>>>>>>>

<<<<<<<<<<  ALIGNMENT BEGINS  <<<<<<<<<<

#  Aligning Eloop_consensus and 4wf9_X:2247-2253_2223-2228:
#  Alignment score:  43.7
#  P-value:  2.684e-02
#  Query aligned region: 0-1,4-5
#  Target aligned region: 3:X2251-4:X2252,7:X2224-9:X2226

	GA...U-A
	GA...UAA

#  Matched base-pairing interactions: 
	<G(0:)-A(5:) trans S/H>                        MATCHES	<G(3:X2251)-A(9:X2226) trans S/H>
	<A(1:)-U(4:) trans H/W>                        MATCHES	<A(4:X2252)-U(7:X2224) trans H/W>
#  Matched base-stacking interactions: 

>>>>>>>>>>   ALIGNMENT ENDS   >>>>>>>>>>

<<<<<<<<<<  ALIGNMENT BEGINS  <<<<<<<<<<

#  Aligning Eloop_consensus and 4wf9_X:1197-1200_1018-1020_1041-1044:
#  Alignment score:  43.5
#  P-value:  2.714e-02
#  Query aligned region: 0-2,3-5
#  Target aligned region: 0:X1198-2:X1200,4:X1019-4:X1019,8:X1043-10:X1045

	GAG...G~U-A
	GAA...A~UAA

#  Matched base-pairing interactions: 
	<G(0:)-A(5:) trans S/H>                        MATCHES	<G(0:X1198)-A(10:X1045) trans S/H>
	<A(1:)-U(4:) trans H/W>                        MATCHES	<A(1:X1199)-U(8:X1043) trans H/W>
	<G(2:)-G(3:) trans H/S>                        MATCHES	<A(2:X1200)-A(4:X1019) cis -/->
#  Matched base-stacking interactions: 

>>>>>>>>>>   ALIGNMENT ENDS   >>>>>>>>>>

<<<<<<<<<<  ALIGNMENT BEGINS  <<<<<<<<<<

#  Aligning Eloop_consensus and 4wf9_X:2550-2551_2788-2790_2765-2768:
#  Alignment score:  42.1
#  P-value:  2.940e-02
#  Query aligned region: 0-1,4-5
#  Target aligned region: 3:X2790-4:X2791,5:X2766-7:X2768

	GA...U-A
	GA...UAA

#  Matched base-pairing interactions: 
	<G(0:)-A(5:) trans S/H>                        MATCHES	<G(3:X2790)-A(7:X2768) trans S/H>
	<A(1:)-U(4:) trans H/W>                        MATCHES	<A(4:X2791)-U(5:X2766) trans H/W>
#  Matched base-stacking interactions: 

>>>>>>>>>>   ALIGNMENT ENDS   >>>>>>>>>>

<<<<<<<<<<  ALIGNMENT BEGINS  <<<<<<<<<<

#  Aligning Eloop_consensus and 4wf9_X:2800-2805_2663-2666_2652-2653:
#  Alignment score:  40.7
#  P-value:  3.194e-02
#  Query aligned region: 0-1,4-5
#  Target aligned region: 1:X2802-2:X2803,6:X2664-8:X2666

	GA...U-A
	AA...UGA

#  Matched base-pairing interactions: 
	<G(0:)-A(5:) trans S/H>                        MATCHES	<A(1:X2802)-A(8:X2666) trans S/H>
	<A(1:)-U(4:) trans H/W>                        MATCHES	<A(2:X2803)-U(6:X2664) trans H/W>
#  Matched base-stacking interactions: 

>>>>>>>>>>   ALIGNMENT ENDS   >>>>>>>>>>

<<<<<<<<<<  ALIGNMENT BEGINS  <<<<<<<<<<

#  Aligning Eloop_consensus and 4wf9_X:777-780_804-805_742-743:
#  Alignment score:  40.4
#  P-value:  3.253e-02
#  Query aligned region: 0-2,3-5
#  Target aligned region: 0:X778-2:X780,5:X806-5:X806,6:X743-7:X744

	GAG...G~UA
	GAA...A~CA

#  Matched base-pairing interactions: 
	<G(2:)-G(3:) trans H/S>                        MATCHES	<A(2:X780)-A(5:X806) trans H/S>
	<A(1:)-U(4:) trans H/W>                        MATCHES	<A(1:X779)-C(6:X743) cis -/->
	<G(0:)-A(5:) trans S/H>                        MATCHES	<G(0:X778)-A(7:X744) trans S/H>
#  Matched base-stacking interactions: 

>>>>>>>>>>   ALIGNMENT ENDS   >>>>>>>>>>

<<<<<<<<<<  ALIGNMENT BEGINS  <<<<<<<<<<

#  Aligning Eloop_consensus and 4wf9_X:222-226_266-268_471-474:
#  Alignment score:  39.7
#  P-value:  3.397e-02
#  Query aligned region: 0-2,3-5
#  Target aligned region: 0:X223-1:X224,7:X269-7:X269,8:X472-11:X475

	GA~G...GU-A
	GA~G...CUAA

#  Matched base-pairing interactions: 
	<G(0:)-A(5:) trans S/H>                        MATCHES	<G(0:X223)-A(11:X475) trans S/H>
	<A(1:)-U(4:) trans H/W>                        MATCHES	<A(1:X224)-U(9:X473) trans H/W>
	<G(2:)-G(3:) trans H/S>                        MATCHES	<G(7:X269)-C(8:X472) cis W/W>
#  Matched base-stacking interactions: 

>>>>>>>>>>   ALIGNMENT ENDS   >>>>>>>>>>

<<<<<<<<<<  ALIGNMENT BEGINS  <<<<<<<<<<

#  Aligning Eloop_consensus and 4wf9_X:556-559_24-27:
#  Alignment score:  39
#  P-value:  3.551e-02
#  Query aligned region: 0-2,3-5
#  Target aligned region: 0:X557-2:X559,5:X26-7:X28

	GAG...GUA
	GAA...GGA

#  Matched base-pairing interactions: 
	<G(2:)-G(3:) trans H/S>                        MATCHES	<A(2:X559)-G(5:X26) trans H/S>
	<A(1:)-U(4:) trans H/W>                        MATCHES	<A(1:X558)-G(6:X27) trans H/S>
	<G(0:)-A(5:) trans S/H>                        MATCHES	<G(0:X557)-A(7:X28) trans S/H>
#  Matched base-stacking interactions: 

>>>>>>>>>>   ALIGNMENT ENDS   >>>>>>>>>>

<<<<<<<<<<  ALIGNMENT BEGINS  <<<<<<<<<<

#  Aligning Eloop_consensus and 4wf9_X:1413-1417_736-738_1387-1390:
#  Alignment score:  38.5
#  P-value:  3.667e-02
#  Query aligned region: 0-2,3-5
#  Target aligned region: 0:X1414-2:X1416,7:X739-7:X739,9:X1389-11:X1391

	GAG...G~U-A
	GAU...U~UAA

#  Matched base-pairing interactions: 
	<G(0:)-A(5:) trans S/H>                        MATCHES	<G(0:X1414)-A(11:X1391) trans S/H>
	<A(1:)-U(4:) trans H/W>                        MATCHES	<A(1:X1415)-U(9:X1389) trans H/W>
	<G(2:)-G(3:) trans H/S>                        MATCHES	<U(2:X1416)-U(7:X739) cis S/S>
#  Matched base-stacking interactions: 

>>>>>>>>>>   ALIGNMENT ENDS   >>>>>>>>>>

<<<<<<<<<<  ALIGNMENT BEGINS  <<<<<<<<<<

#  Aligning Eloop_consensus and 4wf9_X:2656-2657_2909-2911_2826-2829:
#  Alignment score:  38.3
#  P-value:  3.715e-02
#  Query aligned region: 0-2,3-5
#  Target aligned region: 2:X2910-4:X2912,5:X2827-8:X2830

	GAG...GU-A
	GAA...AUAA

#  Matched base-pairing interactions: 
	<G(2:)-G(3:) trans H/S>                        MATCHES	<A(4:X2912)-A(5:X2827) trans H/W>
	<G(0:)-A(5:) trans S/H>                        MATCHES	<G(2:X2910)-A(8:X2830) trans S/H>
	<A(1:)-U(4:) trans H/W>                        MATCHES	<A(3:X2911)-U(6:X2828) trans H/W>
#  Matched base-stacking interactions: 

>>>>>>>>>>   ALIGNMENT ENDS   >>>>>>>>>>

<<<<<<<<<<  ALIGNMENT BEGINS  <<<<<<<<<<

#  Aligning Eloop_consensus and 4wf9_X:747-750_769-772:
#  Alignment score:  36.6
#  P-value:  4.165e-02
#  Query aligned region: 0-2,3-5
#  Target aligned region: 1:X749-3:X751,4:X770-6:X772

	GAG...GUA
	GAA...GGA

#  Matched base-pairing interactions: 
	<G(2:)-G(3:) trans H/S>                        MATCHES	<A(3:X751)-G(4:X770) trans H/S>
	<A(1:)-U(4:) trans H/W>                        MATCHES	<A(2:X750)-G(5:X771) trans H/S>
	<G(0:)-A(5:) trans S/H>                        MATCHES	<G(1:X749)-A(6:X772) trans S/H>
#  Matched base-stacking interactions: 

>>>>>>>>>>   ALIGNMENT ENDS   >>>>>>>>>>

<<<<<<<<<<  ALIGNMENT BEGINS  <<<<<<<<<<

#  Aligning Eloop_consensus and 4wf9_X:1740-1744_1730-1733:
#  Alignment score:  36.6
#  P-value:  4.165e-02
#  Query aligned region: 0-2,3-5
#  Target aligned region: 0:X1741-4:X1745,5:X1731-8:X1734

	G--AG...GU-A
	GAGAA...GUAA

#  Matched base-pairing interactions: 
	<G(2:)-G(3:) trans H/S>                        MATCHES	<A(4:X1745)-G(5:X1731) cis -/->
	<G(0:)-A(5:) trans S/H>                        MATCHES	<G(0:X1741)-A(8:X1734) trans S/H>
	<A(1:)-U(4:) trans H/W>                        MATCHES	<A(3:X1744)-U(6:X1732) trans H/W>
#  Matched base-stacking interactions: 

>>>>>>>>>>   ALIGNMENT ENDS   >>>>>>>>>>

<<<<<<<<<<  ALIGNMENT BEGINS  <<<<<<<<<<

#  Aligning Eloop_consensus and 4wf9_X:610-616_2059-2063_2053-2057:
#  Alignment score:  36.1
#  P-value:  4.313e-02
#  Query aligned region: 0-1,4-5
#  Target aligned region: 0:X611-0:X611,7:X2060-7:X2060,13:X2055-15:X2057

	G~A...U-A
	U~A...UGA

#  Matched base-pairing interactions: 
	<G(0:)-A(5:) trans S/H>                        MATCHES	<U(0:X611)-A(15:X2057) trans S/H>
	<A(1:)-U(4:) trans H/W>                        MATCHES	<A(7:X2060)-U(13:X2055) trans H/W>
#  Matched base-stacking interactions: 

>>>>>>>>>>   ALIGNMENT ENDS   >>>>>>>>>>

<<<<<<<<<<  ALIGNMENT BEGINS  <<<<<<<<<<

#  Aligning Eloop_consensus and 4wf9_X:412-415_272-275_294-298:
#  Alignment score:  34.2
#  P-value:  4.954e-02
#  Query aligned region: 0-2,3-5
#  Target aligned region: 2:X415-2:X415,4:X273-5:X274,10:X297-12:X299

	G~AG...GUA
	U~AA...GUU

#  Matched base-pairing interactions: 
	<G(2:)-G(3:) trans H/S>                        MATCHES	<A(5:X274)-G(10:X297) trans H/S>
	<G(0:)-A(5:) trans S/H>                        MATCHES	<U(2:X415)-U(12:X299) trans W/W>
	<A(1:)-U(4:) trans H/W>                        MATCHES	<A(4:X273)-U(11:X298) trans H/W>
#  Matched base-stacking interactions: 

>>>>>>>>>>   ALIGNMENT ENDS   >>>>>>>>>>

<<<<<<<<<<  ALIGNMENT BEGINS  <<<<<<<<<<

#  Aligning Eloop_consensus and 4wf9_X:2772-2784:
#  Alignment score:  34.1
#  P-value:  4.992e-02
#  Query aligned region: 0-2,3-5
#  Target aligned region: 1:X2774-11:X2784

	GAG...GU--A
	GAA...AUCUA

#  Matched base-pairing interactions: 
	<G(2:)-G(3:) trans H/S>                        MATCHES	<A(3:X2776)-A(7:X2780) trans H/W>
	<G(0:)-A(5:) trans S/H>                        MATCHES	<G(1:X2774)-A(11:X2784) trans S/H>
	<A(1:)-U(4:) trans H/W>                        MATCHES	<A(2:X2775)-U(8:X2781) trans H/W>
#  Matched base-stacking interactions: 

>>>>>>>>>>   ALIGNMENT ENDS   >>>>>>>>>>

<<<<<<<<<<  ALIGNMENT BEGINS  <<<<<<<<<<

#  Aligning Eloop_consensus and 4wf9_X:1468-1471_1616-1619:
#  Alignment score:  32.2
#  P-value:  5.796e-02
#  Query aligned region: 0-2,3-5
#  Target aligned region: 1:X1470-3:X1472,4:X1617-6:X1619

	GAG...GUA
	GAC...AAA

#  Matched base-pairing interactions: 
	<G(2:)-G(3:) trans H/S>                        MATCHES	<C(3:X1472)-A(4:X1617) cis -/->
	<A(1:)-U(4:) trans H/W>                        MATCHES	<A(2:X1471)-A(5:X1618) trans H/H>
	<G(0:)-A(5:) trans S/H>                        MATCHES	<G(1:X1470)-A(6:X1619) trans S/H>
#  Matched base-stacking interactions: 

>>>>>>>>>>   ALIGNMENT ENDS   >>>>>>>>>>

<<<<<<<<<<  ALIGNMENT BEGINS  <<<<<<<<<<

#  Aligning Eloop_consensus and 4wf9_X:1299-1304_2040-2043:
#  Alignment score:  30.8
#  P-value:  6.520e-02
#  Query aligned region: 0-2,3-5
#  Target aligned region: 2:X1302-5:X1305,6:X2041-7:X2042

	GAG...G~UA
	GAG...U~AA

#  Matched base-pairing interactions: 
	<G(2:)-G(3:) trans H/S>                        MATCHES	<G(4:X1304)-U(5:X1305) cis S/W>
	<A(1:)-U(4:) trans H/W>                        MATCHES	<A(3:X1303)-A(6:X2041) trans H/H>
	<G(0:)-A(5:) trans S/H>                        MATCHES	<G(2:X1302)-A(7:X2042) trans S/H>
#  Matched base-stacking interactions: 

>>>>>>>>>>   ALIGNMENT ENDS   >>>>>>>>>>

<<<<<<<<<<  ALIGNMENT BEGINS  <<<<<<<<<<

#  Aligning Eloop_consensus and 4wf9_X:580-583_596-600:
#  Alignment score:  30.8
#  P-value:  6.520e-02
#  Query aligned region: 0-2,3-5
#  Target aligned region: 1:X582-3:X584,4:X597-6:X599

	GAG...GUA
	GAG...UGA

#  Matched base-pairing interactions: 
	<G(2:)-G(3:) trans H/S>                        MATCHES	<G(3:X584)-U(4:X597) cis W/W>
	<A(1:)-U(4:) trans H/W>                        MATCHES	<A(2:X583)-G(5:X598) trans H/S>
	<G(0:)-A(5:) trans S/H>                        MATCHES	<G(1:X582)-A(6:X599) trans S/H>
#  Matched base-stacking interactions: 

>>>>>>>>>>   ALIGNMENT ENDS   >>>>>>>>>>

<<<<<<<<<<  ALIGNMENT BEGINS  <<<<<<<<<<

#  Aligning Eloop_consensus and 4wf9_X:1839-1841_1824-1830:
#  Alignment score:  30.4
#  P-value:  6.752e-02
#  Query aligned region: 0-2,3-5
#  Target aligned region: 1:X1841-2:X1842,5:X1827-8:X1830

	GA~G...GUA
	GA~C...UAA

#  Matched base-pairing interactions: 
	<A(1:)-U(4:) trans H/W>                        MATCHES	<A(2:X1842)-A(7:X1829) trans H/H>
	<G(2:)-G(3:) trans H/S>                        MATCHES	<C(5:X1827)-U(6:X1828) cis S/S>
	<G(0:)-A(5:) trans S/H>                        MATCHES	<G(1:X1841)-A(8:X1830) trans S/H>
#  Matched base-stacking interactions: 

>>>>>>>>>>   ALIGNMENT ENDS   >>>>>>>>>>

<<<<<<<<<<  ALIGNMENT BEGINS  <<<<<<<<<<

#  Aligning Eloop_consensus and 4wf9_X:2390-2393_2376-2379:
#  Alignment score:  30
#  P-value:  6.997e-02
#  Query aligned region: 0-2,3-5
#  Target aligned region: 1:X2392-3:X2394,4:X2377-6:X2379

	GAG...GUA
	GAG...CGA

#  Matched base-pairing interactions: 
	<G(2:)-G(3:) trans H/S>                        MATCHES	<G(3:X2394)-C(4:X2377) cis W/W>
	<A(1:)-U(4:) trans H/W>                        MATCHES	<A(2:X2393)-G(5:X2378) trans H/S>
	<G(0:)-A(5:) trans S/H>                        MATCHES	<G(1:X2392)-A(6:X2379) trans S/H>
#  Matched base-stacking interactions: 

>>>>>>>>>>   ALIGNMENT ENDS   >>>>>>>>>>

<<<<<<<<<<  ALIGNMENT BEGINS  <<<<<<<<<<

#  Aligning Eloop_consensus and 4wf9_X:2506-2509_2493-2496:
#  Alignment score:  29.6
#  P-value:  7.255e-02
#  Query aligned region: 0-2,3-5
#  Target aligned region: 1:X2508-3:X2510,4:X2494-6:X2496

	GAG...GUA
	GAC...CAA

#  Matched base-pairing interactions: 
	<G(2:)-G(3:) trans H/S>                        MATCHES	<C(3:X2510)-C(4:X2494) cis W/W>
	<A(1:)-U(4:) trans H/W>                        MATCHES	<A(2:X2509)-A(5:X2495) trans H/S>
	<G(0:)-A(5:) trans S/H>                        MATCHES	<G(1:X2508)-A(6:X2496) trans S/H>
#  Matched base-stacking interactions: 

>>>>>>>>>>   ALIGNMENT ENDS   >>>>>>>>>>

<<<<<<<<<<  ALIGNMENT BEGINS  <<<<<<<<<<

#  Aligning Eloop_consensus and 4wf9_X:1673-1676_743-744_1677-1678:
#  Alignment score:  29
#  P-value:  7.670e-02
#  Query aligned region: 0-2,3-5
#  Target aligned region: 1:X1675-3:X1677,4:X744-5:X745,7:X1679-7:X1679

	GAG...GU~A
	GAG...AG~A

#  Matched base-pairing interactions: 
	<G(2:)-G(3:) trans H/S>                        MATCHES	<G(3:X1677)-A(4:X744) cis S/W>
	<G(0:)-A(5:) trans S/H>                        MATCHES	<G(1:X1675)-A(7:X1679) trans S/H>
	<A(1:)-U(4:) trans H/W>                        MATCHES	<A(2:X1676)-G(5:X745) cis -/->
#  Matched base-stacking interactions: 

>>>>>>>>>>   ALIGNMENT ENDS   >>>>>>>>>>

<<<<<<<<<<  ALIGNMENT BEGINS  <<<<<<<<<<

#  Aligning Eloop_consensus and 4wf9_X:1030-1033_1224-1226_1014-1019:
#  Alignment score:  28.8
#  P-value:  7.816e-02
#  Query aligned region: 0-2,3-5
#  Target aligned region: 2:X1033-3:X1034,4:X1225-4:X1225,9:X1017-11:X1019

	GA~G...GUA
	GA~G...AAA

#  Matched base-pairing interactions: 
	<G(2:)-G(3:) trans H/S>                        MATCHES	<G(4:X1225)-A(9:X1017) cis -/->
	<A(1:)-U(4:) trans H/W>                        MATCHES	<A(3:X1034)-A(10:X1018) trans H/S>
	<G(0:)-A(5:) trans S/H>                        MATCHES	<G(2:X1033)-A(11:X1019) trans S/H>
#  Matched base-stacking interactions: 

>>>>>>>>>>   ALIGNMENT ENDS   >>>>>>>>>>

<<<<<<<<<<  ALIGNMENT BEGINS  <<<<<<<<<<

#  Aligning Eloop_consensus and 4wf9_X:2467-2470_2456-2460_2093-2096:
#  Alignment score:  28.8
#  P-value:  7.816e-02
#  Query aligned region: 0-2,3-5
#  Target aligned region: 1:X2469-1:X2469,4:X2457-7:X2460,10:X2095-11:X2096

	G~AG...G~UA
	C~AU...A~UG

#  Matched base-pairing interactions: 
	<G(0:)-A(5:) trans S/H>                        MATCHES	<C(1:X2469)-G(11:X2096) cis W/W>
	<A(1:)-U(4:) trans H/W>                        MATCHES	<A(4:X2457)-U(10:X2095) trans H/W>
	<G(2:)-G(3:) trans H/S>                        MATCHES	<U(5:X2458)-A(7:X2460) cis -/->
#  Matched base-stacking interactions: 

>>>>>>>>>>   ALIGNMENT ENDS   >>>>>>>>>>

<<<<<<<<<<  ALIGNMENT BEGINS  <<<<<<<<<<

#  Aligning Eloop_consensus and 4wf9_X:2030-2031_2074-2075_1697-1699:
#  Alignment score:  28.6
#  P-value:  7.966e-02
#  Query aligned region: 0-1,4-5
#  Target aligned region: 1:X2032-1:X2032,2:X2075-2:X2075,4:X1698-5:X1699

	G~A...UA
	A~G...AA

#  Matched base-pairing interactions: 
	<A(1:)-U(4:) trans H/W>                        MATCHES	<G(2:X2075)-A(4:X1698) cis -/->
	<G(0:)-A(5:) trans S/H>                        MATCHES	<A(1:X2032)-A(5:X1699) trans S/H>
#  Matched base-stacking interactions: 

>>>>>>>>>>   ALIGNMENT ENDS   >>>>>>>>>>

<<<<<<<<<<  ALIGNMENT BEGINS  <<<<<<<<<<

#  Aligning Eloop_consensus and 4wf9_X:1618-1622_1466-1469:
#  Alignment score:  28.4
#  P-value:  8.121e-02
#  Query aligned region: 1-2,3-4
#  Target aligned region: 0:X1619-1:X1620,7:X1469-8:X1470

	AG...GU
	AG...GG

#  Matched base-pairing interactions: 
	<G(2:)-G(3:) trans H/S>                        MATCHES	<G(1:X1620)-G(7:X1469) trans H/S>
	<A(1:)-U(4:) trans H/W>                        MATCHES	<A(0:X1619)-G(8:X1470) trans H/S>
#  Matched base-stacking interactions: 

>>>>>>>>>>   ALIGNMENT ENDS   >>>>>>>>>>

<<<<<<<<<<  ALIGNMENT BEGINS  <<<<<<<<<<

#  Aligning Eloop_consensus and 4wf9_X:2258-2261_1915-1917_1877-1880:
#  Alignment score:  28.2
#  P-value:  8.280e-02
#  Query aligned region: 0-2,3-5
#  Target aligned region: 1:X2260-1:X2260,5:X1917-6:X1918,7:X1878-9:X1880

	G~AG...GUA
	A~AG...UUA

#  Matched base-pairing interactions: 
	<G(2:)-G(3:) trans H/S>                        MATCHES	<G(6:X1918)-U(7:X1878) cis W/W>
	<G(0:)-A(5:) trans S/H>                        MATCHES	<A(1:X2260)-A(9:X1880) cis -/->
	<A(1:)-U(4:) trans H/W>                        MATCHES	<A(5:X1917)-U(8:X1879) trans H/W>
#  Matched base-stacking interactions: 

>>>>>>>>>>   ALIGNMENT ENDS   >>>>>>>>>>

<<<<<<<<<<  ALIGNMENT BEGINS  <<<<<<<<<<

#  Aligning Eloop_consensus and 4wf9_X:572-576_2067-2069:
#  Alignment score:  28
#  P-value:  8.444e-02
#  Query aligned region: 1-2,3-4
#  Target aligned region: 1:X574-4:X577,5:X2068-5:X2068

	AG...G~U
	AG...A~U

#  Matched base-pairing interactions: 
	<G(2:)-G(3:) trans H/S>                        MATCHES	<G(2:X575)-A(4:X577) cis -/->
	<A(1:)-U(4:) trans H/W>                        MATCHES	<A(1:X574)-U(5:X2068) trans H/W>
#  Matched base-stacking interactions: 

>>>>>>>>>>   ALIGNMENT ENDS   >>>>>>>>>>

<<<<<<<<<<  ALIGNMENT BEGINS  <<<<<<<<<<

#  Aligning Eloop_consensus and 4wf9_X:2654-2656_2910-2913_7-9:
#  Alignment score:  28
#  P-value:  8.444e-02
#  Query aligned region: 0-2,3-5
#  Target aligned region: 0:X2655-2:X2657,3:X2911-3:X2911,8:X9-9:X10

	GAG...G~UA
	UAG...A~UA

#  Matched base-pairing interactions: 
	<A(1:)-U(4:) trans H/W>                        MATCHES	<A(1:X2656)-U(8:X9) trans H/W>
	<G(2:)-G(3:) trans H/S>                        MATCHES	<G(2:X2657)-A(3:X2911) cis S/S>
	<G(0:)-A(5:) trans S/H>                        MATCHES	<U(0:X2655)-A(9:X10) cis -/->
#  Matched base-stacking interactions: 

>>>>>>>>>>   ALIGNMENT ENDS   >>>>>>>>>>

<<<<<<<<<<  ALIGNMENT BEGINS  <<<<<<<<<<

#  Aligning Eloop_consensus and 4wf9_X:2591-2593_2571-2574_2587-2590:
#  Alignment score:  27.8
#  P-value:  8.613e-02
#  Query aligned region: 0-2,3-5
#  Target aligned region: 0:X2592-2:X2594,4:X2573-4:X2573,8:X2589-9:X2590

	GAG...G~UA
	AAG...U~UU

#  Matched base-pairing interactions: 
	<A(1:)-U(4:) trans H/W>                        MATCHES	<A(1:X2593)-U(8:X2589) trans H/W>
	<G(2:)-G(3:) trans H/S>                        MATCHES	<G(2:X2594)-U(4:X2573) cis H/W>
	<G(0:)-A(5:) trans S/H>                        MATCHES	<A(0:X2592)-U(9:X2590) cis -/->
#  Matched base-stacking interactions: 

>>>>>>>>>>   ALIGNMENT ENDS   >>>>>>>>>>

<<<<<<<<<<  ALIGNMENT BEGINS  <<<<<<<<<<

#  Aligning Eloop_consensus and 4wf9_X:2491-2492_1167-1169_1070-1073:
#  Alignment score:  27.6
#  P-value:  8.787e-02
#  Query aligned region: 0-1,4-5
#  Target aligned region: 3:X1169-4:X1170,6:X1072-7:X1073

	GA...UA
	GA...AA

#  Matched base-pairing interactions: 
	<A(1:)-U(4:) trans H/W>                        MATCHES	<A(4:X1170)-A(6:X1072) trans H/H>
	<G(0:)-A(5:) trans S/H>                        MATCHES	<G(3:X1169)-A(7:X1073) trans S/H>
#  Matched base-stacking interactions: 

>>>>>>>>>>   ALIGNMENT ENDS   >>>>>>>>>>

<<<<<<<<<<  ALIGNMENT BEGINS  <<<<<<<<<<

#  Aligning Eloop_consensus and 4wf9_X:1225-1227_1015-1016_863-865:
#  Alignment score:  27.6
#  P-value:  8.787e-02
#  Query aligned region: 0-1,4-5
#  Target aligned region: 3:X1016-4:X1017,6:X865-7:X866

	GA...UA
	GA...AA

#  Matched base-pairing interactions: 
	<A(1:)-U(4:) trans H/W>                        MATCHES	<A(4:X1017)-A(6:X865) trans H/H>
	<G(0:)-A(5:) trans S/H>                        MATCHES	<G(3:X1016)-A(7:X866) trans S/H>
#  Matched base-stacking interactions: 

>>>>>>>>>>   ALIGNMENT ENDS   >>>>>>>>>>

<<<<<<<<<<  ALIGNMENT BEGINS  <<<<<<<<<<

#  Aligning Eloop_consensus and 4wf9_X:2036-2039_1304-1307:
#  Alignment score:  27.4
#  P-value:  8.967e-02
#  Query aligned region: 0-1,4-5
#  Target aligned region: 2:X2039-3:X2040,4:X1305-5:X1306

	GA...UA
	GA...UA

#  Matched base-pairing interactions: 
	<A(1:)-U(4:) trans H/W>                        MATCHES	<A(3:X2040)-U(4:X1305) trans H/H>
	<G(0:)-A(5:) trans S/H>                        MATCHES	<G(2:X2039)-A(5:X1306) trans S/H>
#  Matched base-stacking interactions: 

>>>>>>>>>>   ALIGNMENT ENDS   >>>>>>>>>>

<<<<<<<<<<  ALIGNMENT BEGINS  <<<<<<<<<<

#  Aligning Eloop_consensus and 4wf9_X:1710-1712_1717-1721_2016-2019:
#  Alignment score:  27.3
#  P-value:  9.058e-02
#  Query aligned region: 0-2,3-5
#  Target aligned region: 0:X1711-1:X1712,3:X1718-3:X1718,8:X2017-11:X2020

	GA~G...GU-A
	GA~G...CUGU

#  Matched base-pairing interactions: 
	<G(0:)-A(5:) trans S/H>                        MATCHES	<G(0:X1711)-U(11:X2020) trans S/H>
	<A(1:)-U(4:) trans H/W>                        MATCHES	<A(1:X1712)-U(9:X2018) trans H/W>
	<G(2:)-G(3:) trans H/S>                        MATCHES	<G(3:X1718)-C(8:X2017) cis W/W>
#  Matched base-stacking interactions: 

>>>>>>>>>>   ALIGNMENT ENDS   >>>>>>>>>>

<<<<<<<<<<  ALIGNMENT BEGINS  <<<<<<<<<<

#  Aligning Eloop_consensus and 4wf9_X:2632-2634_1808-1811_2612-2614:
#  Alignment score:  27.2
#  P-value:  9.152e-02
#  Query aligned region: 0-1,4-5
#  Target aligned region: 2:X2635-2:X2635,3:X1809-3:X1809,7:X2613-8:X2614

	G~A...UA
	G~C...CA

#  Matched base-pairing interactions: 
	<A(1:)-U(4:) trans H/W>                        MATCHES	<C(3:X1809)-C(7:X2613) trans W/W>
	<G(0:)-A(5:) trans S/H>                        MATCHES	<G(2:X2635)-A(8:X2614) trans S/H>
#  Matched base-stacking interactions: 

>>>>>>>>>>   ALIGNMENT ENDS   >>>>>>>>>>

<<<<<<<<<<  ALIGNMENT BEGINS  <<<<<<<<<<

#  Aligning Eloop_consensus and 4wf9_X:28-29_1271-1276_1249-1252:
#  Alignment score:  27.2
#  P-value:  9.152e-02
#  Query aligned region: 0-2,3-5
#  Target aligned region: 3:X1273-5:X1275,8:X1250-10:X1252

	GAG...GUA
	GGA...GAA

#  Matched base-pairing interactions: 
	<G(2:)-G(3:) trans H/S>                        MATCHES	<A(5:X1275)-G(8:X1250) trans W/S>
	<A(1:)-U(4:) trans H/W>                        MATCHES	<G(4:X1274)-A(9:X1251) trans S/H>
	<G(0:)-A(5:) trans S/H>                        MATCHES	<G(3:X1273)-A(10:X1252) trans S/H>
#  Matched base-stacking interactions: 

>>>>>>>>>>   ALIGNMENT ENDS   >>>>>>>>>>

<<<<<<<<<<  ALIGNMENT BEGINS  <<<<<<<<<<

#  Aligning Eloop_consensus and 4wf9_X:2298-2303_2290-2294_995-997:
#  Alignment score:  27
#  P-value:  9.342e-02
#  Query aligned region: 0-1,4-5
#  Target aligned region: 1:X2300-2:X2301,7:X2292-8:X2293

	GA...UA
	AA...UA

#  Matched base-pairing interactions: 
	<A(1:)-U(4:) trans H/W>                        MATCHES	<A(2:X2301)-U(7:X2292) trans H/W>
	<G(0:)-A(5:) trans S/H>                        MATCHES	<A(1:X2300)-A(8:X2293) trans H/H>
#  Matched base-stacking interactions: 

>>>>>>>>>>   ALIGNMENT ENDS   >>>>>>>>>>

<<<<<<<<<<  ALIGNMENT BEGINS  <<<<<<<<<<

#  Aligning Eloop_consensus and 4wf9_X:2343-2344_2347-2348_2323-2325:
#  Alignment score:  26.8
#  P-value:  9.539e-02
#  Query aligned region: 0-1,4-5
#  Target aligned region: 1:X2345-1:X2345,2:X2348-2:X2348,4:X2324-5:X2325

	G~A...UA
	A~G...CA

#  Matched base-pairing interactions: 
	<A(1:)-U(4:) trans H/W>                        MATCHES	<G(2:X2348)-C(4:X2324) cis W/W>
	<G(0:)-A(5:) trans S/H>                        MATCHES	<A(1:X2345)-A(5:X2325) trans S/H>
#  Matched base-stacking interactions: 

>>>>>>>>>>   ALIGNMENT ENDS   >>>>>>>>>>

<<<<<<<<<<  ALIGNMENT BEGINS  <<<<<<<<<<

#  Aligning Eloop_consensus and 4wf9_X:2713-2715_2891-2892_2745-2748:
#  Alignment score:  26.4
#  P-value:  9.952e-02
#  Query aligned region: 0-1,4-5
#  Target aligned region: 1:X2715-1:X2715,4:X2893-4:X2893,6:X2747-7:X2748

	G~A...UA
	G~A...UA

#  Matched base-pairing interactions: 
	<G(0:)-A(5:) trans S/H>                        MATCHES	<G(1:X2715)-A(7:X2748) trans S/H>
	<A(1:)-U(4:) trans H/W>                        MATCHES	<A(4:X2893)-U(6:X2747) cis H/W>
#  Matched base-stacking interactions: 

>>>>>>>>>>   ALIGNMENT ENDS   >>>>>>>>>>

<<<<<<<<<<  ALIGNMENT BEGINS  <<<<<<<<<<

#  Aligning Eloop_consensus and 4wf9_X:444-446_417-421:
#  Alignment score:  26.4
#  P-value:  9.952e-02
#  Query aligned region: 0-1,4-5
#  Target aligned region: 1:X446-1:X446,3:X418-5:X420

	G~A...UA
	G~G...UA

#  Matched base-pairing interactions: 
	<G(0:)-A(5:) trans S/H>                        MATCHES	<G(1:X446)-A(5:X420) trans S/H>
	<A(1:)-U(4:) trans H/W>                        MATCHES	<G(3:X418)-U(4:X419) cis S/H>
#  Matched base-stacking interactions: 

>>>>>>>>>>   ALIGNMENT ENDS   >>>>>>>>>>

<<<<<<<<<<  ALIGNMENT BEGINS  <<<<<<<<<<

#  Aligning Eloop_consensus and 4wf9_X:371-374_351-354_347-350:
#  Alignment score:  26
#  P-value:  1.039e-01
#  Query aligned region: 0-1,4-5
#  Target aligned region: 4:X352-5:X353,9:X349-10:X350

	GA...UA
	AA...UG

#  Matched base-pairing interactions: 
	<A(1:)-U(4:) trans H/W>                        MATCHES	<A(5:X353)-U(9:X349) trans H/W>
	<G(0:)-A(5:) trans S/H>                        MATCHES	<A(4:X352)-G(10:X350) cis -/->
#  Matched base-stacking interactions: 

>>>>>>>>>>   ALIGNMENT ENDS   >>>>>>>>>>

<<<<<<<<<<  ALIGNMENT BEGINS  <<<<<<<<<<

#  Aligning Eloop_consensus and 4wf9_X:2095-2096_718-721_844-850:
#  Alignment score:  25.8
#  P-value:  1.062e-01
#  Query aligned region: 1-2,3-4
#  Target aligned region: 3:X720-4:X721,8:X847-9:X848

	AG...GU
	AA...AU

#  Matched base-pairing interactions: 
	<G(2:)-G(3:) trans H/S>                        MATCHES	<A(4:X721)-A(8:X847) trans W/W>
	<A(1:)-U(4:) trans H/W>                        MATCHES	<A(3:X720)-U(9:X848) trans H/W>
#  Matched base-stacking interactions: 

>>>>>>>>>>   ALIGNMENT ENDS   >>>>>>>>>>

<<<<<<<<<<  ALIGNMENT BEGINS  <<<<<<<<<<

#  Aligning Eloop_consensus and 4wf9_X:412-415_295-299_271-274:
#  Alignment score:  25.6
#  P-value:  1.086e-01
#  Query aligned region: 0-1,4-5
#  Target aligned region: 4:X296-5:X297,11:X274-12:X275

	GA...UA
	GG...AA

#  Matched base-pairing interactions: 
	<A(1:)-U(4:) trans H/W>                        MATCHES	<G(5:X297)-A(11:X274) trans S/H>
	<G(0:)-A(5:) trans S/H>                        MATCHES	<G(4:X296)-A(12:X275) trans S/H>
#  Matched base-stacking interactions: 

>>>>>>>>>>   ALIGNMENT ENDS   >>>>>>>>>>

<<<<<<<<<<  ALIGNMENT BEGINS  <<<<<<<<<<

#  Aligning Eloop_consensus and 4wf9_X:1901-1905_1889-1892_458-459:
#  Alignment score:  25.2
#  P-value:  1.136e-01
#  Query aligned region: 0-1,4-5
#  Target aligned region: 0:X1902-1:X1903,7:X1892-8:X1893

	GA...UA
	GA...UA

#  Matched base-pairing interactions: 
	<A(1:)-U(4:) trans H/W>                        MATCHES	<A(1:X1903)-U(7:X1892) trans H/W>
	<G(0:)-A(5:) trans S/H>                        MATCHES	<G(0:X1902)-A(8:X1893) cis -/->
#  Matched base-stacking interactions: 

>>>>>>>>>>   ALIGNMENT ENDS   >>>>>>>>>>

<<<<<<<<<<  ALIGNMENT BEGINS  <<<<<<<<<<

#  Aligning Eloop_consensus and 4wf9_X:2866-2869_2885-2888:
#  Alignment score:  25.2
#  P-value:  1.136e-01
#  Query aligned region: 0-1,4-5
#  Target aligned region: 1:X2868-2:X2869,5:X2887-6:X2888

	GA...UA
	GG...GA

#  Matched base-pairing interactions: 
	<A(1:)-U(4:) trans H/W>                        MATCHES	<G(2:X2869)-G(5:X2887) cis -/->
	<G(0:)-A(5:) trans S/H>                        MATCHES	<G(1:X2868)-A(6:X2888) trans S/H>
#  Matched base-stacking interactions: 

>>>>>>>>>>   ALIGNMENT ENDS   >>>>>>>>>>

<<<<<<<<<<  ALIGNMENT BEGINS  <<<<<<<<<<

#  Aligning Eloop_consensus and 4wf9_X:490-495_624-625_31-34:
#  Alignment score:  25
#  P-value:  1.163e-01
#  Query aligned region: 1-2,3-4
#  Target aligned region: 2:X493-3:X494,7:X626-7:X626,9:X33-9:X33

	AG...G~U
	AU...G~U

#  Matched base-pairing interactions: 
	<A(1:)-U(4:) trans H/W>                        MATCHES	<A(2:X493)-U(9:X33) trans H/W>
	<G(2:)-G(3:) trans H/S>                        MATCHES	<U(3:X494)-G(7:X626) trans W/S>
#  Matched base-stacking interactions: 

>>>>>>>>>>   ALIGNMENT ENDS   >>>>>>>>>>

<<<<<<<<<<  ALIGNMENT BEGINS  <<<<<<<<<<

#  Aligning Eloop_consensus and 4wf9_X:520-523_543-549_524-526:
#  Alignment score:  25
#  P-value:  1.163e-01
#  Query aligned region: 0-2,3-5
#  Target aligned region: 1:X522-3:X524,5:X545-6:X546,12:X526-12:X526

	GAG...GU~A
	GAA...GA~A

#  Matched base-pairing interactions: 
	<G(2:)-G(3:) trans H/S>                        MATCHES	<A(3:X524)-G(5:X545) cis -/->
	<G(0:)-A(5:) trans S/H>                        MATCHES	<G(1:X522)-A(12:X526) trans S/H>
	<A(1:)-U(4:) trans H/W>                        MATCHES	<A(2:X523)-A(6:X546) trans H/H>
#  Matched base-stacking interactions: 

>>>>>>>>>>   ALIGNMENT ENDS   >>>>>>>>>>

<<<<<<<<<<  ALIGNMENT BEGINS  <<<<<<<<<<

#  Aligning Eloop_consensus and 4wf9_X:1785-1789_1723-1725_1783-1784:
#  Alignment score:  24.8
#  P-value:  1.190e-01
#  Query aligned region: 1-2,3-4
#  Target aligned region: 3:X1789-4:X1790,5:X1724-5:X1724,8:X1784-8:X1784

	AG...G~U
	AG...U~U

#  Matched base-pairing interactions: 
	<A(1:)-U(4:) trans H/W>                        MATCHES	<A(3:X1789)-U(8:X1784) trans H/W>
	<G(2:)-G(3:) trans H/S>                        MATCHES	<G(4:X1790)-U(5:X1724) cis -/->
#  Matched base-stacking interactions: 

>>>>>>>>>>   ALIGNMENT ENDS   >>>>>>>>>>

<<<<<<<<<<  ALIGNMENT BEGINS  <<<<<<<<<<

#  Aligning Eloop_consensus and 4wf9_X:1297-1299_556-560_23-26:
#  Alignment score:  24.7
#  P-value:  1.204e-01
#  Query aligned region: 0-1,4-5
#  Target aligned region: 5:X559-6:X560,9:X25-10:X26

	GA...UA
	AA...UG

#  Matched base-pairing interactions: 
	<A(1:)-U(4:) trans H/W>                        MATCHES	<A(6:X560)-U(9:X25) trans H/W>
	<G(0:)-A(5:) trans S/H>                        MATCHES	<A(5:X559)-G(10:X26) trans H/S>
#  Matched base-stacking interactions: 

>>>>>>>>>>   ALIGNMENT ENDS   >>>>>>>>>>

<<<<<<<<<<  ALIGNMENT BEGINS  <<<<<<<<<<

#  Aligning Eloop_consensus and 4wf9_X:2875-2881:
#  Alignment score:  24.6
#  P-value:  1.219e-01
#  Query aligned region: 0-0,5-5
#  Target aligned region: 1:X2877-4:X2880

	G...A
	G...A

#  Matched base-pairing interactions: 
	<G(0:)-A(5:) trans S/H>                        MATCHES	<G(1:X2877)-A(4:X2880) trans S/H>
#  Matched base-stacking interactions: 

>>>>>>>>>>   ALIGNMENT ENDS   >>>>>>>>>>

<<<<<<<<<<  ALIGNMENT BEGINS  <<<<<<<<<<

#  Aligning Eloop_consensus and 4wf9_X:662-665_239-240_649-652:
#  Alignment score:  24.6
#  P-value:  1.219e-01
#  Query aligned region: 0-1,4-5
#  Target aligned region: 1:X664-1:X664,5:X241-5:X241,7:X651-8:X652

	G~A...UA
	G~C...AA

#  Matched base-pairing interactions: 
	<G(0:)-A(5:) trans S/H>                        MATCHES	<G(1:X664)-A(8:X652) trans S/H>
	<A(1:)-U(4:) trans H/W>                        MATCHES	<C(5:X241)-A(7:X651) cis -/->
#  Matched base-stacking interactions: 

>>>>>>>>>>   ALIGNMENT ENDS   >>>>>>>>>>

<<<<<<<<<<  ALIGNMENT BEGINS  <<<<<<<<<<

#  Aligning Eloop_consensus and 4wf9_X:1673-1678_1600-1603_1479-1482:
#  Alignment score:  24.6
#  P-value:  1.219e-01
#  Query aligned region: 1-1,4-4
#  Target aligned region: 4:X1678-4:X1678,7:X1602-7:X1602

	A...U
	A...U

#  Matched base-pairing interactions: 
	<A(1:)-U(4:) trans H/W>                        MATCHES	<A(4:X1678)-U(7:X1602) trans H/W>
#  Matched base-stacking interactions: 

>>>>>>>>>>   ALIGNMENT ENDS   >>>>>>>>>>

<<<<<<<<<<  ALIGNMENT BEGINS  <<<<<<<<<<

#  Aligning Eloop_consensus and 4wf9_X:34-35_490-498_499-502:
#  Alignment score:  24.6
#  P-value:  1.219e-01
#  Query aligned region: 0-0,5-5
#  Target aligned region: 9:X498-9:X498,14:X503-14:X503

	G...A
	G...A

#  Matched base-pairing interactions: 
	<G(0:)-A(5:) trans S/H>                        MATCHES	<G(9:X498)-A(14:X503) trans S/H>
#  Matched base-stacking interactions: 

>>>>>>>>>>   ALIGNMENT ENDS   >>>>>>>>>>

<<<<<<<<<<  ALIGNMENT BEGINS  <<<<<<<<<<

#  Aligning Eloop_consensus and 4wf9_X:216-219_184-186_476-477:
#  Alignment score:  24.6
#  P-value:  1.219e-01
#  Query aligned region: 0-2,3-5
#  Target aligned region: 1:X218-3:X220,6:X187-6:X187,7:X477-8:X478

	GAG...G~UA
	GAA...C~UA

#  Matched base-pairing interactions: 
	<G(2:)-G(3:) trans H/S>                        MATCHES	<A(3:X220)-C(6:X187) cis -/->
	<A(1:)-U(4:) trans H/W>                        MATCHES	<A(2:X219)-U(7:X477) trans H/W>
	<G(0:)-A(5:) trans S/H>                        MATCHES	<G(1:X218)-A(8:X478) trans S/W>
#  Matched base-stacking interactions: 

>>>>>>>>>>   ALIGNMENT ENDS   >>>>>>>>>>

<<<<<<<<<<  ALIGNMENT BEGINS  <<<<<<<<<<

#  Aligning Eloop_consensus and 4wf9_X:569-571_2803-2805_11-14:
#  Alignment score:  24.6
#  P-value:  1.219e-01
#  Query aligned region: 1-2,3-4
#  Target aligned region: 1:X571-1:X571,3:X2804-4:X2805,6:X12-6:X12

	A~G...G~U
	A~G...A~U

#  Matched base-pairing interactions: 
	<A(1:)-U(4:) trans H/W>                        MATCHES	<A(1:X571)-U(6:X12) trans H/W>
	<G(2:)-G(3:) trans H/S>                        MATCHES	<G(3:X2804)-A(4:X2805) cis S/S>
#  Matched base-stacking interactions: 

>>>>>>>>>>   ALIGNMENT ENDS   >>>>>>>>>>

<<<<<<<<<<  ALIGNMENT BEGINS  <<<<<<<<<<

#  Aligning Eloop_consensus and 4wf9_X:2685-2688:
#  Alignment score:  24.6
#  P-value:  1.219e-01
#  Query aligned region: 0-0,5-5
#  Target aligned region: 0:X2686-3:X2689

	G...A
	G...A

#  Matched base-pairing interactions: 
	<G(0:)-A(5:) trans S/H>                        MATCHES	<G(0:X2686)-A(3:X2689) trans S/H>
#  Matched base-stacking interactions: 

>>>>>>>>>>   ALIGNMENT ENDS   >>>>>>>>>>

<<<<<<<<<<  ALIGNMENT BEGINS  <<<<<<<<<<

#  Aligning Eloop_consensus and 4wf9_X:1853-1854_1815-1818_1799-1802:
#  Alignment score:  24.6
#  P-value:  1.219e-01
#  Query aligned region: 0-0,5-5
#  Target aligned region: 1:X1855-1:X1855,4:X1818-4:X1818

	G...A
	G...A

#  Matched base-pairing interactions: 
	<G(0:)-A(5:) trans S/H>                        MATCHES	<G(1:X1855)-A(4:X1818) trans S/H>
#  Matched base-stacking interactions: 

>>>>>>>>>>   ALIGNMENT ENDS   >>>>>>>>>>

<<<<<<<<<<  ALIGNMENT BEGINS  <<<<<<<<<<

#  Aligning Eloop_consensus and 4wf9_X:999-1000_2520-2521_1002-1005:
#  Alignment score:  24.6
#  P-value:  1.219e-01
#  Query aligned region: 0-1,4-5
#  Target aligned region: 0:X1000-0:X1000,2:X2521-2:X2521,4:X1003-5:X1004

	G~A...UA
	G~G...AA

#  Matched base-pairing interactions: 
	<G(0:)-A(5:) trans S/H>                        MATCHES	<G(0:X1000)-A(5:X1004) trans S/H>
	<A(1:)-U(4:) trans H/W>                        MATCHES	<G(2:X2521)-A(4:X1003) trans W/W>
#  Matched base-stacking interactions: 

>>>>>>>>>>   ALIGNMENT ENDS   >>>>>>>>>>

<<<<<<<<<<  ALIGNMENT BEGINS  <<<<<<<<<<

#  Aligning Eloop_consensus and 4wf9_X:376-380_365-369:
#  Alignment score:  24.6
#  P-value:  1.219e-01
#  Query aligned region: 0-0,5-5
#  Target aligned region: 4:X381-4:X381,6:X367-6:X367

	G...A
	G...A

#  Matched base-pairing interactions: 
	<G(0:)-A(5:) trans S/H>                        MATCHES	<G(4:X381)-A(6:X367) trans S/H>
#  Matched base-stacking interactions: 

>>>>>>>>>>   ALIGNMENT ENDS   >>>>>>>>>>

<<<<<<<<<<  ALIGNMENT BEGINS  <<<<<<<<<<

#  Aligning Eloop_consensus and 4wf9_X:200-203_248-250_251-253:
#  Alignment score:  24.6
#  P-value:  1.219e-01
#  Query aligned region: 0-0,5-5
#  Target aligned region: 5:X250-5:X250,9:X254-9:X254

	G...A
	G...A

#  Matched base-pairing interactions: 
	<G(0:)-A(5:) trans S/H>                        MATCHES	<G(5:X250)-A(9:X254) trans S/H>
#  Matched base-stacking interactions: 

>>>>>>>>>>   ALIGNMENT ENDS   >>>>>>>>>>

<<<<<<<<<<  ALIGNMENT BEGINS  <<<<<<<<<<

#  Aligning Eloop_consensus and 4wf9_X:1459-1464_1623-1627:
#  Alignment score:  24.2
#  P-value:  1.278e-01
#  Query aligned region: 0-1,4-5
#  Target aligned region: 2:X1462-3:X1463,7:X1625-8:X1626

	GA...UA
	GA...UA

#  Matched base-pairing interactions: 
	<A(1:)-U(4:) trans H/W>                        MATCHES	<A(3:X1463)-U(7:X1625) trans W/W>
	<G(0:)-A(5:) trans S/H>                        MATCHES	<G(2:X1462)-A(8:X1626) trans S/H>
#  Matched base-stacking interactions: 

>>>>>>>>>>   ALIGNMENT ENDS   >>>>>>>>>>

<<<<<<<<<<  ALIGNMENT BEGINS  <<<<<<<<<<

#  Aligning Eloop_consensus and 4wf9_X:2436-2437_456-458_435-436:
#  Alignment score:  24.2
#  P-value:  1.278e-01
#  Query aligned region: 0-0,5-5
#  Target aligned region: 1:X2438-1:X2438,3:X458-3:X458

	G...A
	A...A

#  Matched base-pairing interactions: 
	<G(0:)-A(5:) trans S/H>                        MATCHES	<A(1:X2438)-A(3:X458) trans S/H>
#  Matched base-stacking interactions: 

>>>>>>>>>>   ALIGNMENT ENDS   >>>>>>>>>>

<<<<<<<<<<  ALIGNMENT BEGINS  <<<<<<<<<<

#  Aligning Eloop_consensus and 4wf9_X:2484-2486_2517-2518_2515-2516:
#  Alignment score:  24.2
#  P-value:  1.278e-01
#  Query aligned region: 2-2,3-3
#  Target aligned region: 3:X2518-3:X2518,5:X2516-5:X2516

	G...G
	U...G

#  Matched base-pairing interactions: 
	<G(2:)-G(3:) trans H/S>                        MATCHES	<U(3:X2518)-G(5:X2516) trans H/S>
#  Matched base-stacking interactions: 

>>>>>>>>>>   ALIGNMENT ENDS   >>>>>>>>>>

<<<<<<<<<<  ALIGNMENT BEGINS  <<<<<<<<<<

#  Aligning Eloop_consensus and 4wf9_X:2262-2267_2106-2109:
#  Alignment score:  23.8
#  P-value:  1.343e-01
#  Query aligned region: 0-0,5-5
#  Target aligned region: 1:X2264-1:X2264,8:X2109-8:X2109

	G...A
	G...A

#  Matched base-pairing interactions: 
	<G(0:)-A(5:) trans S/H>                        MATCHES	<G(1:X2264)-A(8:X2109) trans S/H>
#  Matched base-stacking interactions: 

>>>>>>>>>>   ALIGNMENT ENDS   >>>>>>>>>>

<<<<<<<<<<  ALIGNMENT BEGINS  <<<<<<<<<<

#  Aligning Eloop_consensus and 4wf9_X:1398-1400_1402-1405_1835-1836:
#  Alignment score:  23.8
#  P-value:  1.343e-01
#  Query aligned region: 0-0,5-5
#  Target aligned region: 2:X1401-2:X1401,4:X1404-4:X1404

	G...A
	G...A

#  Matched base-pairing interactions: 
	<G(0:)-A(5:) trans S/H>                        MATCHES	<G(2:X1401)-A(4:X1404) trans S/H>
#  Matched base-stacking interactions: 

>>>>>>>>>>   ALIGNMENT ENDS   >>>>>>>>>>

<<<<<<<<<<  ALIGNMENT BEGINS  <<<<<<<<<<

#  Aligning Eloop_consensus and 4wf9_X:1348-1349_1375-1382_1644-1646:
#  Alignment score:  23.8
#  P-value:  1.343e-01
#  Query aligned region: 1-1,4-4
#  Target aligned region: 5:X1379-5:X1379,11:X1646-11:X1646

	A...U
	A...U

#  Matched base-pairing interactions: 
	<A(1:)-U(4:) trans H/W>                        MATCHES	<A(5:X1379)-U(11:X1646) trans H/W>
#  Matched base-stacking interactions: 

>>>>>>>>>>   ALIGNMENT ENDS   >>>>>>>>>>

<<<<<<<<<<  ALIGNMENT BEGINS  <<<<<<<<<<

#  Aligning Eloop_consensus and 4wf9_X:2793-2796_2760-2763:
#  Alignment score:  23.8
#  P-value:  1.343e-01
#  Query aligned region: 0-0,5-5
#  Target aligned region: 3:X2797-3:X2797,4:X2761-4:X2761

	G...A
	C...C

#  Matched base-pairing interactions: 
	<G(0:)-A(5:) trans S/H>                        MATCHES	<C(3:X2797)-C(4:X2761) trans S/H>
#  Matched base-stacking interactions: 

>>>>>>>>>>   ALIGNMENT ENDS   >>>>>>>>>>

<<<<<<<<<<  ALIGNMENT BEGINS  <<<<<<<<<<

#  Aligning Eloop_consensus and 4wf9_X:2496-2506:
#  Alignment score:  23.8
#  P-value:  1.343e-01
#  Query aligned region: 0-0,5-5
#  Target aligned region: 2:X2499-8:X2505

	G...A
	G...A

#  Matched base-pairing interactions: 
	<G(0:)-A(5:) trans S/H>                        MATCHES	<G(2:X2499)-A(8:X2505) trans S/H>
#  Matched base-stacking interactions: 

>>>>>>>>>>   ALIGNMENT ENDS   >>>>>>>>>>

<<<<<<<<<<  ALIGNMENT BEGINS  <<<<<<<<<<

#  Aligning Eloop_consensus and 4wf9_X:252-253_203-205_194-200:
#  Alignment score:  23.8
#  P-value:  1.343e-01
#  Query aligned region: 0-0,5-5
#  Target aligned region: 4:X206-4:X206,5:X195-5:X195

	G...A
	U...C

#  Matched base-pairing interactions: 
	<G(0:)-A(5:) trans S/H>                        MATCHES	<U(4:X206)-C(5:X195) trans S/H>
#  Matched base-stacking interactions: 

>>>>>>>>>>   ALIGNMENT ENDS   >>>>>>>>>>

<<<<<<<<<<  ALIGNMENT BEGINS  <<<<<<<<<<

#  Aligning Eloop_consensus and 4wf9_X:112-117_51-55:
#  Alignment score:  23.8
#  P-value:  1.343e-01
#  Query aligned region: 0-0,5-5
#  Target aligned region: 3:X116-3:X116,7:X53-7:X53

	G...A
	G...A

#  Matched base-pairing interactions: 
	<G(0:)-A(5:) trans S/H>                        MATCHES	<G(3:X116)-A(7:X53) trans S/H>
#  Matched base-stacking interactions: 

>>>>>>>>>>   ALIGNMENT ENDS   >>>>>>>>>>

<<<<<<<<<<  ALIGNMENT BEGINS  <<<<<<<<<<

#  Aligning Eloop_consensus and 4wf9_X:218-222_235-237_472-476:
#  Alignment score:  23
#  P-value:  1.487e-01
#  Query aligned region: 1-2,3-4
#  Target aligned region: 0:X219-0:X219,6:X237-6:X237,11:X476-12:X477

	A~G...GU
	A~U...AU

#  Matched base-pairing interactions: 
	<A(1:)-U(4:) trans H/W>                        MATCHES	<A(0:X219)-U(12:X477) trans H/W>
	<G(2:)-G(3:) trans H/S>                        MATCHES	<U(6:X237)-A(11:X476) trans W/W>
#  Matched base-stacking interactions: 

>>>>>>>>>>   ALIGNMENT ENDS   >>>>>>>>>>

<<<<<<<<<<  ALIGNMENT BEGINS  <<<<<<<<<<

#  Aligning Eloop_consensus and 4wf9_X:46-53_114-117:
#  Alignment score:  23
#  P-value:  1.487e-01
#  Query aligned region: 0-0,5-5
#  Target aligned region: 4:X51-4:X51,10:X117-10:X117

	G...A
	G...A

#  Matched base-pairing interactions: 
	<G(0:)-A(5:) trans S/H>                        MATCHES	<G(4:X51)-A(10:X117) trans S/H>
#  Matched base-stacking interactions: 

>>>>>>>>>>   ALIGNMENT ENDS   >>>>>>>>>>

<<<<<<<<<<  ALIGNMENT BEGINS  <<<<<<<<<<

#  Aligning Eloop_consensus and 4wf9_X:192-195_204-209_843-846:
#  Alignment score:  22.6
#  P-value:  1.568e-01
#  Query aligned region: 0-1,4-5
#  Target aligned region: 2:X195-3:X196,4:X205-4:X205,11:X845-11:X845

	GA...U~A
	CU...U~A

#  Matched base-pairing interactions: 
	<G(0:)-A(5:) trans S/H>                        MATCHES	<C(2:X195)-A(11:X845) trans S/H>
	<A(1:)-U(4:) trans H/W>                        MATCHES	<U(3:X196)-U(4:X205) cis W/W>
#  Matched base-stacking interactions: 

>>>>>>>>>>   ALIGNMENT ENDS   >>>>>>>>>>

<<<<<<<<<<  ALIGNMENT BEGINS  <<<<<<<<<<

#  Aligning Eloop_consensus and 4wf9_X:627-630_852-854_1288-1293:
#  Alignment score:  22.6
#  P-value:  1.568e-01
#  Query aligned region: 0-2,3-5
#  Target aligned region: 0:X628-3:X631,5:X854-5:X854,10:X1292-10:X1292

	GAG...G~U~A
	GAG...U~G~A

#  Matched base-pairing interactions: 
	<G(0:)-A(5:) trans S/H>                        MATCHES	<G(0:X628)-A(10:X1292) trans S/H>
	<A(1:)-U(4:) trans H/W>                        MATCHES	<A(1:X629)-G(5:X854) trans S/S>
	<G(2:)-G(3:) trans H/S>                        MATCHES	<G(2:X630)-U(3:X631) cis S/S>
#  Matched base-stacking interactions: 

>>>>>>>>>>   ALIGNMENT ENDS   >>>>>>>>>>

<<<<<<<<<<  ALIGNMENT BEGINS  <<<<<<<<<<

#  Aligning Eloop_consensus and 4wf9_X:408-412_303-305:
#  Alignment score:  22.2
#  P-value:  1.656e-01
#  Query aligned region: 0-0,5-5
#  Target aligned region: 1:X410-1:X410,6:X305-6:X305

	G...A
	G...A

#  Matched base-pairing interactions: 
	<G(0:)-A(5:) trans S/H>                        MATCHES	<G(1:X410)-A(6:X305) trans S/H>
#  Matched base-stacking interactions: 

>>>>>>>>>>   ALIGNMENT ENDS   >>>>>>>>>>

<<<<<<<<<<  ALIGNMENT BEGINS  <<<<<<<<<<

#  Aligning Eloop_consensus and 4wf9_X:1647-1654_1343-1346:
#  Alignment score:  22.2
#  P-value:  1.656e-01
#  Query aligned region: 0-0,5-5
#  Target aligned region: 2:X1650-2:X1650,9:X1345-9:X1345

	G...A
	G...A

#  Matched base-pairing interactions: 
	<G(0:)-A(5:) trans S/H>                        MATCHES	<G(2:X1650)-A(9:X1345) trans S/H>
#  Matched base-stacking interactions: 

>>>>>>>>>>   ALIGNMENT ENDS   >>>>>>>>>>

<<<<<<<<<<  ALIGNMENT BEGINS  <<<<<<<<<<

#  Aligning Eloop_consensus and 4wf9_X:1669-1670_1333-1339_1682-1685:
#  Alignment score:  22.2
#  P-value:  1.656e-01
#  Query aligned region: 0-0,5-5
#  Target aligned region: 4:X1336-4:X1336,11:X1685-11:X1685

	G...A
	G...A

#  Matched base-pairing interactions: 
	<G(0:)-A(5:) trans S/H>                        MATCHES	<G(4:X1336)-A(11:X1685) trans S/H>
#  Matched base-stacking interactions: 

>>>>>>>>>>   ALIGNMENT ENDS   >>>>>>>>>>

<<<<<<<<<<  ALIGNMENT BEGINS  <<<<<<<<<<

#  Aligning Eloop_consensus and 4wf9_X:2851-2857_2897-2902_2836-2837:
#  Alignment score:  21.8
#  P-value:  1.751e-01
#  Query aligned region: 0-0,5-5
#  Target aligned region: 2:X2854-2:X2854,12:X2903-12:X2903

	G...A
	A...A

#  Matched base-pairing interactions: 
	<G(0:)-A(5:) trans S/H>                        MATCHES	<A(2:X2854)-A(12:X2903) trans S/H>
#  Matched base-stacking interactions: 

>>>>>>>>>>   ALIGNMENT ENDS   >>>>>>>>>>

<<<<<<<<<<  ALIGNMENT BEGINS  <<<<<<<<<<

#  Aligning Eloop_consensus and 4wf9_X:1342-1344_1650-1654_1663-1665:
#  Alignment score:  21.8
#  P-value:  1.751e-01
#  Query aligned region: 0-1,4-5
#  Target aligned region: 0:X1343-0:X1343,4:X1652-4:X1652,9:X1665-10:X1666

	G~A...UA
	U~A...UA

#  Matched base-pairing interactions: 
	<G(0:)-A(5:) trans S/H>                        MATCHES	<U(0:X1343)-A(10:X1666) cis W/W>
	<A(1:)-U(4:) trans H/W>                        MATCHES	<A(4:X1652)-U(9:X1665) trans H/W>
#  Matched base-stacking interactions: 

>>>>>>>>>>   ALIGNMENT ENDS   >>>>>>>>>>

<<<<<<<<<<  ALIGNMENT BEGINS  <<<<<<<<<<

#  Aligning Eloop_consensus and 4wf9_X:1889-1892_1901-1905_458-459:
#  Alignment score:  21
#  P-value:  1.968e-01
#  Query aligned region: 0-0,5-5
#  Target aligned region: 2:X1892-2:X1892,6:X1904-6:X1904

	G...A
	U...A

#  Matched base-pairing interactions: 
	<G(0:)-A(5:) trans S/H>                        MATCHES	<U(2:X1892)-A(6:X1904) trans S/H>
#  Matched base-stacking interactions: 

>>>>>>>>>>   ALIGNMENT ENDS   >>>>>>>>>>

<<<<<<<<<<  ALIGNMENT BEGINS  <<<<<<<<<<

#  Aligning Eloop_consensus and 4wf9_X:521-525_547-550_542-546:
#  Alignment score:  21
#  P-value:  1.968e-01
#  Query aligned region: 0-1,4-5
#  Target aligned region: 2:X524-2:X524,5:X548-5:X548,10:X544-11:X545

	G~A...UA
	A~A...UG

#  Matched base-pairing interactions: 
	<G(0:)-A(5:) trans S/H>                        MATCHES	<A(2:X524)-G(11:X545) cis -/->
	<A(1:)-U(4:) trans H/W>                        MATCHES	<A(5:X548)-U(10:X544) trans H/W>
#  Matched base-stacking interactions: 

>>>>>>>>>>   ALIGNMENT ENDS   >>>>>>>>>>

<<<<<<<<<<  ALIGNMENT BEGINS  <<<<<<<<<<

#  Aligning Eloop_consensus and 4wf9_X:513-516_502-506:
#  Alignment score:  20.6
#  P-value:  2.092e-01
#  Query aligned region: 1-1,4-4
#  Target aligned region: 2:X516-2:X516,6:X505-6:X505

	A...U
	A...U

#  Matched base-pairing interactions: 
	<A(1:)-U(4:) trans H/W>                        MATCHES	<A(2:X516)-U(6:X505) trans H/W>
#  Matched base-stacking interactions: 

>>>>>>>>>>   ALIGNMENT ENDS   >>>>>>>>>>

<<<<<<<<<<  ALIGNMENT BEGINS  <<<<<<<<<<

#  Aligning Eloop_consensus and 4wf9_X:540-541_550-553_524-529:
#  Alignment score:  20.6
#  P-value:  2.092e-01
#  Query aligned region: 0-1,4-5
#  Target aligned region: 1:X542-1:X542,3:X552-3:X552,9:X528-10:X529

	G~A...UA
	A~A...CA

#  Matched base-pairing interactions: 
	<G(0:)-A(5:) trans S/H>                        MATCHES	<A(1:X542)-A(10:X529) trans S/H>
	<A(1:)-U(4:) trans H/W>                        MATCHES	<A(3:X552)-C(9:X528) trans H/H>
#  Matched base-stacking interactions: 

>>>>>>>>>>   ALIGNMENT ENDS   >>>>>>>>>>

<<<<<<<<<<  ALIGNMENT BEGINS  <<<<<<<<<<

#  Aligning Eloop_consensus and 4wf9_X:1809-1813_1803-1805:
#  Alignment score:  20.2
#  P-value:  2.228e-01
#  Query aligned region: 0-1,4-5
#  Target aligned region: 1:X1811-2:X1812,6:X1805-7:X1806

	GA...UA
	AA...UU

#  Matched base-pairing interactions: 
	<A(1:)-U(4:) trans H/W>                        MATCHES	<A(2:X1812)-U(6:X1805) trans H/W>
	<G(0:)-A(5:) trans S/H>                        MATCHES	<A(1:X1811)-U(7:X1806) trans H/H>
#  Matched base-stacking interactions: 

>>>>>>>>>>   ALIGNMENT ENDS   >>>>>>>>>>

<<<<<<<<<<  ALIGNMENT BEGINS  <<<<<<<<<<

#  Aligning Eloop_consensus and 4wf9_X:2663-2666_2800-2805_2652-2653:
#  Alignment score:  19.8
#  P-value:  2.378e-01
#  Query aligned region: 0-0,5-5
#  Target aligned region: 1:X2665-1:X2665,8:X2805-8:X2805

	G...A
	G...A

#  Matched base-pairing interactions: 
	<G(0:)-A(5:) trans S/H>                        MATCHES	<G(1:X2665)-A(8:X2805) trans S/H>
#  Matched base-stacking interactions: 

>>>>>>>>>>   ALIGNMENT ENDS   >>>>>>>>>>

<<<<<<<<<<  ALIGNMENT BEGINS  <<<<<<<<<<

#  Aligning Eloop_consensus and 4wf9_X:877-880_986-987_863-867:
#  Alignment score:  19
#  P-value:  2.727e-01
#  Query aligned region: 1-1,4-4
#  Target aligned region: 0:X878-0:X878,5:X988-5:X988

	A...U
	C...C

#  Matched base-pairing interactions: 
	<A(1:)-U(4:) trans H/W>                        MATCHES	<C(0:X878)-C(5:X988) trans H/W>
#  Matched base-stacking interactions: 

>>>>>>>>>>   ALIGNMENT ENDS   >>>>>>>>>>

<<<<<<<<<<  ALIGNMENT BEGINS  <<<<<<<<<<

#  Aligning Eloop_consensus and 4wf9_X:524-526_520-523_543-549:
#  Alignment score:  19
#  P-value:  2.727e-01
#  Query aligned region: 1-1,4-4
#  Target aligned region: 0:X525-0:X525,3:X521-3:X521

	A...U
	A...U

#  Matched base-pairing interactions: 
	<A(1:)-U(4:) trans H/W>                        MATCHES	<A(0:X525)-U(3:X521) trans H/W>
#  Matched base-stacking interactions: 

>>>>>>>>>>   ALIGNMENT ENDS   >>>>>>>>>>

<<<<<<<<<<  ALIGNMENT BEGINS  <<<<<<<<<<

#  Aligning Eloop_consensus and 4wf9_X:2357-2363_2321-2324_2347-2348:
#  Alignment score:  18.6
#  P-value:  2.931e-01
#  Query aligned region: 1-2,3-4
#  Target aligned region: 4:X2362-6:X2364,8:X2323-8:X2323

	AG...G~U
	AA...G~U

#  Matched base-pairing interactions: 
	<A(1:)-U(4:) trans H/W>                        MATCHES	<A(4:X2362)-U(8:X2323) trans H/W>
	<G(2:)-G(3:) trans H/S>                        MATCHES	<A(5:X2363)-G(6:X2364) cis S/H>
#  Matched base-stacking interactions: 

>>>>>>>>>>   ALIGNMENT ENDS   >>>>>>>>>>

<<<<<<<<<<  ALIGNMENT BEGINS  <<<<<<<<<<

#  Aligning Eloop_consensus and 4wf9_X:542-546_547-550_521-525:
#  Alignment score:  18.2
#  P-value:  3.159e-01
#  Query aligned region: 0-0,5-5
#  Target aligned region: 2:X545-2:X545,7:X550-7:X550

	G...A
	G...A

#  Matched base-pairing interactions: 
	<G(0:)-A(5:) trans S/H>                        MATCHES	<G(2:X545)-A(7:X550) trans S/H>
#  Matched base-stacking interactions: 

>>>>>>>>>>   ALIGNMENT ENDS   >>>>>>>>>>

<<<<<<<<<<  ALIGNMENT BEGINS  <<<<<<<<<<

#  Aligning Eloop_consensus and 4wf9_X:612-617_608-611_988-989:
#  Alignment score:  16.2
#  P-value:  4.822e-01
#  Query aligned region: 0-1,4-5
#  Target aligned region: 0:X613-1:X614,7:X610-8:X611

	GA...UA
	GU...UU

#  Matched base-pairing interactions: 
	<A(1:)-U(4:) trans H/W>                        MATCHES	<U(1:X614)-U(7:X610) trans H/W>
	<G(0:)-A(5:) trans S/H>                        MATCHES	<G(0:X613)-U(8:X611) cis -/->
#  Matched base-stacking interactions: 

>>>>>>>>>>   ALIGNMENT ENDS   >>>>>>>>>>

<<<<<<<<<<  ALIGNMENT BEGINS  <<<<<<<<<<

#  Aligning Eloop_consensus and 4wf9_X:1731-1734_1739-1744:
#  Alignment score:  14.4
#  P-value:  7.765e-01
#  Query aligned region: 1-2,3-4
#  Target aligned region: 1:X1733-2:X1734,5:X1741-6:X1742

	AG...GU
	AA...GA

#  Matched base-pairing interactions: 
	<G(2:)-G(3:) trans H/S>                        MATCHES	<A(2:X1734)-G(5:X1741) trans H/S>
	<A(1:)-U(4:) trans H/W>                        MATCHES	<A(1:X1733)-A(6:X1742) trans H/H>
#  Matched base-stacking interactions: 

>>>>>>>>>>   ALIGNMENT ENDS   >>>>>>>>>>

<<<<<<<<<<  ALIGNMENT BEGINS  <<<<<<<<<<

#  Aligning Eloop_consensus and 4wf9_X:2678-2682_2690-2694:
#  Alignment score:  7.6
#  P-value:  1.000e+00
#  Query aligned region: 0-1,4-5
#  Target aligned region: 1:X2680-2:X2681,8:X2694-9:X2695

	GA...UA
	UA...CG

#  Matched base-pairing interactions: 
	<A(1:)-U(4:) trans H/W>                        MATCHES	<A(2:X2681)-C(8:X2694) trans H/W>
	<G(0:)-A(5:) trans S/H>                        MATCHES	<U(1:X2680)-G(9:X2695) cis W/W>
#  Matched base-stacking interactions: 

>>>>>>>>>>   ALIGNMENT ENDS   >>>>>>>>>>

<<<<<<<<<<  ALIGNMENT BEGINS  <<<<<<<<<<

#  Aligning Eloop_consensus and 4wf9_X:2750-2753_2706-2711:
#  Alignment score:  7.4
#  P-value:  1.000e+00
#  Query aligned region: 1-1,4-4
#  Target aligned region: 1:X2752-1:X2752,5:X2708-5:X2708

	A...U
	A...C

#  Matched base-pairing interactions: 
	<A(1:)-U(4:) trans H/W>                        MATCHES	<A(1:X2752)-C(5:X2708) trans H/W>
#  Matched base-stacking interactions: 

>>>>>>>>>>   ALIGNMENT ENDS   >>>>>>>>>>

<<<<<<<<<<  ALIGNMENT BEGINS  <<<<<<<<<<

#  Aligning Eloop_consensus and 4wf9_X:1425-1434:
#  Alignment score:  7.3
#  P-value:  1.000e+00
#  Query aligned region: 1-2,3-4
#  Target aligned region: 1:X1427-6:X1432

	AG...GU
	UU...UA

#  Matched base-pairing interactions: 
	<G(2:)-G(3:) trans H/S>                        MATCHES	<U(2:X1428)-U(5:X1431) cis -/->
	<A(1:)-U(4:) trans H/W>                        MATCHES	<U(1:X1427)-A(6:X1432) trans W/H>
#  Matched base-stacking interactions: 

>>>>>>>>>>   ALIGNMENT ENDS   >>>>>>>>>>

<<<<<<<<<<  ALIGNMENT BEGINS  <<<<<<<<<<

#  Aligning Eloop_consensus and 4wf9_X:2258-2261_1877-1880_1915-1917:
#  Alignment score:  7.2
#  P-value:  1.000e+00
#  Query aligned region: 0-1,4-5
#  Target aligned region: 0:X2259-1:X2260,6:X1880-7:X1881

	GA...UA
	CA...AA

#  Matched base-pairing interactions: 
	<A(1:)-U(4:) trans H/W>                        MATCHES	<A(1:X2260)-A(6:X1880) cis -/->
	<G(0:)-A(5:) trans S/H>                        MATCHES	<C(0:X2259)-A(7:X1881) cis S/S>
#  Matched base-stacking interactions: 

>>>>>>>>>>   ALIGNMENT ENDS   >>>>>>>>>>

<<<<<<<<<<  ALIGNMENT BEGINS  <<<<<<<<<<

#  Aligning Eloop_consensus and 4wf9_X:1497-1500_1495-1496_2728-2730:
#  Alignment score:  6.8
#  P-value:  1.000e+00
#  Query aligned region: 0-2,3-5
#  Target aligned region: 1:X1499-3:X1501,6:X2729-8:X2731

	GAG...GUA
	UGG...GCC

#  Matched base-pairing interactions: 
	<G(2:)-G(3:) trans H/S>                        MATCHES	<G(3:X1501)-G(6:X2729) cis W/W>
	<A(1:)-U(4:) trans H/W>                        MATCHES	<G(2:X1500)-C(7:X2730) cis W/W>
	<G(0:)-A(5:) trans S/H>                        MATCHES	<U(1:X1499)-C(8:X2731) cis W/W>
#  Matched base-stacking interactions: 

>>>>>>>>>>   ALIGNMENT ENDS   >>>>>>>>>>

<<<<<<<<<<  ALIGNMENT BEGINS  <<<<<<<<<<

#  Aligning Eloop_consensus and 4wf9_X:2472-2479_2086-2091_2526-2530:
#  Alignment score:  6.4
#  P-value:  1.000e+00
#  Query aligned region: 1-2,3-4
#  Target aligned region: 4:X2477-4:X2477,9:X2088-11:X2090,15:X2528-15:X2528

	A~G...G~U
	A~G...C~C

#  Matched base-pairing interactions: 
	<A(1:)-U(4:) trans H/W>                        MATCHES	<A(4:X2477)-C(15:X2528) trans H/W>
	<G(2:)-G(3:) trans H/S>                        MATCHES	<G(9:X2088)-C(11:X2090) cis -/->
#  Matched base-stacking interactions: 

>>>>>>>>>>   ALIGNMENT ENDS   >>>>>>>>>>

<<<<<<<<<<  ALIGNMENT BEGINS  <<<<<<<<<<

#  Aligning Eloop_consensus and 4wf9_X:1558-1563_1516-1519:
#  Alignment score:  6
#  P-value:  1.000e+00
#  Query aligned region: 0-2,3-5
#  Target aligned region: 1:X1560-3:X1562,7:X1518-9:X1521

	GAG...GUA
	AGC...GUA

#  Matched base-pairing interactions: 
	<G(2:)-G(3:) trans H/S>                        MATCHES	<C(3:X1562)-G(7:X1518) cis W/W>
	<A(1:)-U(4:) trans H/W>                        MATCHES	<G(2:X1561)-U(8:X1519) trans H/S>
	<G(0:)-A(5:) trans S/H>                        MATCHES	<A(1:X1560)-A(9:X1521) cis -/->
#  Matched base-stacking interactions: 

>>>>>>>>>>   ALIGNMENT ENDS   >>>>>>>>>>

<<<<<<<<<<  ALIGNMENT BEGINS  <<<<<<<<<<

#  Aligning Eloop_consensus and 4wf9_X:2080-2082_2638-2641_2601-2604:
#  Alignment score:  5.8
#  P-value:  1.000e+00
#  Query aligned region: 1-1,4-4
#  Target aligned region: 0:X2081-0:X2081,9:X2604-9:X2604

	A...U
	A...A

#  Matched base-pairing interactions: 
	<A(1:)-U(4:) trans H/W>                        MATCHES	<A(0:X2081)-A(9:X2604) trans H/W>
#  Matched base-stacking interactions: 

>>>>>>>>>>   ALIGNMENT ENDS   >>>>>>>>>>

<<<<<<<<<<  ALIGNMENT BEGINS  <<<<<<<<<<

#  Aligning Eloop_consensus and 4wf9_X:953-958_908-913:
#  Alignment score:  5.8
#  P-value:  1.000e+00
#  Query aligned region: 1-1,4-4
#  Target aligned region: 0:X954-0:X954,7:X910-7:X910

	A...U
	A...C

#  Matched base-pairing interactions: 
	<A(1:)-U(4:) trans H/W>                        MATCHES	<A(0:X954)-C(7:X910) trans H/W>
#  Matched base-stacking interactions: 

>>>>>>>>>>   ALIGNMENT ENDS   >>>>>>>>>>

<<<<<<<<<<  ALIGNMENT BEGINS  <<<<<<<<<<

#  Aligning Eloop_consensus and 4wf9_X:281-288:
#  Alignment score:  5
#  P-value:  1.000e+00
#  Query aligned region: 0-1,4-5
#  Target aligned region: 1:X283-5:X287

	GA...UA
	GC...UG

#  Matched base-pairing interactions: 
	<A(1:)-U(4:) trans H/W>                        MATCHES	<C(2:X284)-U(4:X286) cis -/->
	<G(0:)-A(5:) trans S/H>                        MATCHES	<G(1:X283)-G(5:X287) trans W/W>
#  Matched base-stacking interactions: 

>>>>>>>>>>   ALIGNMENT ENDS   >>>>>>>>>>

<<<<<<<<<<  ALIGNMENT BEGINS  <<<<<<<<<<

#  Aligning Eloop_consensus and 4wf9_X:158-162_165-166:
#  Alignment score:  4.7
#  P-value:  1.000e+00
#  Query aligned region: 1-1,4-4
#  Target aligned region: 0:X159-0:X159,6:X167-6:X167

	A...U
	U...U

#  Matched base-pairing interactions: 
	<A(1:)-U(4:) trans H/W>                        MATCHES	<U(0:X159)-U(6:X167) trans W/H>
#  Matched base-stacking interactions: 

>>>>>>>>>>   ALIGNMENT ENDS   >>>>>>>>>>

<<<<<<<<<<  ALIGNMENT BEGINS  <<<<<<<<<<

#  Aligning Eloop_consensus and 4wf9_X:2467-2470_2093-2096_2456-2460:
#  Alignment score:  4.6
#  P-value:  1.000e+00
#  Query aligned region: 0-1,4-5
#  Target aligned region: 0:X2468-1:X2469,6:X2096-7:X2097

	GA...UA
	CC...GG

#  Matched base-pairing interactions: 
	<A(1:)-U(4:) trans H/W>                        MATCHES	<C(1:X2469)-G(6:X2096) cis W/W>
	<G(0:)-A(5:) trans S/H>                        MATCHES	<C(0:X2468)-G(7:X2097) cis W/W>
#  Matched base-stacking interactions: 

>>>>>>>>>>   ALIGNMENT ENDS   >>>>>>>>>>

<<<<<<<<<<  ALIGNMENT BEGINS  <<<<<<<<<<

#  Aligning Eloop_consensus and 4wf9_X:2086-2091_2526-2530_2472-2479:
#  Alignment score:  4
#  P-value:  1.000e+00
#  Query aligned region: 1-2,3-4
#  Target aligned region: 5:X2092-5:X2092,8:X2529-9:X2530,14:X2476-14:X2476

	A~G...G~U
	C~G...A~U

#  Matched base-pairing interactions: 
	<A(1:)-U(4:) trans H/W>                        MATCHES	<C(5:X2092)-U(14:X2476) cis S/W>
	<G(2:)-G(3:) trans H/S>                        MATCHES	<G(8:X2529)-A(9:X2530) trans S/S>
#  Matched base-stacking interactions: 

>>>>>>>>>>   ALIGNMENT ENDS   >>>>>>>>>>

<<<<<<<<<<  ALIGNMENT BEGINS  <<<<<<<<<<

#  Aligning Eloop_consensus and 4wf9_X:2601-2604_2638-2641_2080-2082:
#  Alignment score:  3.8
#  P-value:  1.000e+00
#  Query aligned region: 0-0,5-5
#  Target aligned region: 3:X2605-3:X2605,6:X2641-6:X2641

	G...A
	G...A

#  Matched base-pairing interactions: 
	<G(0:)-A(5:) trans S/H>                        MATCHES	<G(3:X2605)-A(6:X2641) cis -/->
#  Matched base-stacking interactions: 

>>>>>>>>>>   ALIGNMENT ENDS   >>>>>>>>>>

<<<<<<<<<<  ALIGNMENT BEGINS  <<<<<<<<<<

#  Aligning Eloop_consensus and 4wf9_X:2447-2451_2418-2422:
#  Alignment score:  3.4
#  P-value:  1.000e+00
#  Query aligned region: 1-1,4-4
#  Target aligned region: 1:X2449-1:X2449,6:X2420-6:X2420

	A...U
	C...U

#  Matched base-pairing interactions: 
	<A(1:)-U(4:) trans H/W>                        MATCHES	<C(1:X2449)-U(6:X2420) trans W/H>
#  Matched base-stacking interactions: 

>>>>>>>>>>   ALIGNMENT ENDS   >>>>>>>>>>

<<<<<<<<<<  ALIGNMENT BEGINS  <<<<<<<<<<

#  Aligning Eloop_consensus and 4wf9_X:2526-2530_2472-2479_2086-2091:
#  Alignment score:  3.2
#  P-value:  1.000e+00
#  Query aligned region: 0-0,5-5
#  Target aligned region: 0:X2527-0:X2527,12:X2480-12:X2480

	G...A
	U...A

#  Matched base-pairing interactions: 
	<G(0:)-A(5:) trans S/H>                        MATCHES	<U(0:X2527)-A(12:X2480) cis W/W>
#  Matched base-stacking interactions: 

>>>>>>>>>>   ALIGNMENT ENDS   >>>>>>>>>>

<<<<<<<<<<  ALIGNMENT BEGINS  <<<<<<<<<<

#  Aligning Eloop_consensus and 4wf9_X:908-913_953-958:
#  Alignment score:  3
#  P-value:  1.000e+00
#  Query aligned region: 2-2,3-3
#  Target aligned region: 10:X958-11:X959

	G...G
	U...C

#  Matched base-pairing interactions: 
	<G(2:)-G(3:) trans H/S>                        MATCHES	<U(10:X958)-C(11:X959) cis -/->
#  Matched base-stacking interactions: 

>>>>>>>>>>   ALIGNMENT ENDS   >>>>>>>>>>

<<<<<<<<<<  ALIGNMENT BEGINS  <<<<<<<<<<

#  Aligning Eloop_consensus and 4wf9_X:2763-2766_2790-2791_2792-2794:
#  Alignment score:  3
#  P-value:  1.000e+00
#  Query aligned region: 0-1,4-5
#  Target aligned region: 0:X2764-1:X2765,6:X2793-7:X2794

	GA...UA
	GA...GC

#  Matched base-pairing interactions: 
	<A(1:)-U(4:) trans H/W>                        MATCHES	<A(1:X2765)-G(6:X2793) cis W/W>
	<G(0:)-A(5:) trans S/H>                        MATCHES	<G(0:X2764)-C(7:X2794) cis W/W>
#  Matched base-stacking interactions: 

>>>>>>>>>>   ALIGNMENT ENDS   >>>>>>>>>>

<<<<<<<<<<  ALIGNMENT BEGINS  <<<<<<<<<<

#  Aligning Eloop_consensus and 4wf9_X:986-987_877-880_863-867:
#  Alignment score:  2.8
#  P-value:  1.000e+00
#  Query aligned region: 
#  Target aligned region: 

	
	

#  Matched base-pairing interactions: 
#  Matched base-stacking interactions: 

>>>>>>>>>>   ALIGNMENT ENDS   >>>>>>>>>>

<<<<<<<<<<  ALIGNMENT BEGINS  <<<<<<<<<<

#  Aligning Eloop_consensus and 4wf9_X:986-987_863-867_877-880:
#  Alignment score:  2.8
#  P-value:  1.000e+00
#  Query aligned region: 
#  Target aligned region: 

	
	

#  Matched base-pairing interactions: 
#  Matched base-stacking interactions: 

>>>>>>>>>>   ALIGNMENT ENDS   >>>>>>>>>>

<<<<<<<<<<  ALIGNMENT BEGINS  <<<<<<<<<<

#  Aligning Eloop_consensus and 4wf9_X:863-867_986-987_877-880:
#  Alignment score:  2.8
#  P-value:  1.000e+00
#  Query aligned region: 
#  Target aligned region: 

	
	

#  Matched base-pairing interactions: 
#  Matched base-stacking interactions: 

>>>>>>>>>>   ALIGNMENT ENDS   >>>>>>>>>>

<<<<<<<<<<  ALIGNMENT BEGINS  <<<<<<<<<<

#  Aligning Eloop_consensus and 4wf9_X:835-838_818-822_727-733:
#  Alignment score:  2.8
#  P-value:  1.000e+00
#  Query aligned region: 2-2,3-3
#  Target aligned region: 12:X731-13:X732

	G...G
	U...C

#  Matched base-pairing interactions: 
	<G(2:)-G(3:) trans H/S>                        MATCHES	<U(12:X731)-C(13:X732) cis S/H>
#  Matched base-stacking interactions: 

>>>>>>>>>>   ALIGNMENT ENDS   >>>>>>>>>>

<<<<<<<<<<  ALIGNMENT BEGINS  <<<<<<<<<<

#  Aligning Eloop_consensus and 4wf9_X:614-616_2058-2062:
#  Alignment score:  2.8
#  P-value:  1.000e+00
#  Query aligned region: 
#  Target aligned region: 

	
	

#  Matched base-pairing interactions: 
#  Matched base-stacking interactions: 

>>>>>>>>>>   ALIGNMENT ENDS   >>>>>>>>>>

<<<<<<<<<<  ALIGNMENT BEGINS  <<<<<<<<<<

#  Aligning Eloop_consensus and 4wf9_X:2778-2780_2773-2777_1092-1093:
#  Alignment score:  2.7
#  P-value:  1.000e+00
#  Query aligned region: 
#  Target aligned region: 

	
	

#  Matched base-pairing interactions: 
#  Matched base-stacking interactions: 

>>>>>>>>>>   ALIGNMENT ENDS   >>>>>>>>>>

<<<<<<<<<<  ALIGNMENT BEGINS  <<<<<<<<<<

#  Aligning Eloop_consensus and 4wf9_X:398-400_317-320_324-327:
#  Alignment score:  2.7
#  P-value:  1.000e+00
#  Query aligned region: 0-1,4-5
#  Target aligned region: 0:X399-1:X400,4:X319-4:X319,10:X328-10:X328

	GA...U~A
	UC...G~G

#  Matched base-pairing interactions: 
	<G(0:)-A(5:) trans S/H>                        MATCHES	<U(0:X399)-G(10:X328) cis W/W>
	<A(1:)-U(4:) trans H/W>                        MATCHES	<C(1:X400)-G(4:X319) trans W/H>
#  Matched base-stacking interactions: 

>>>>>>>>>>   ALIGNMENT ENDS   >>>>>>>>>>

<<<<<<<<<<  ALIGNMENT BEGINS  <<<<<<<<<<

#  Aligning Eloop_consensus and 4wf9_X:2407-2409_2310-2315_2369-2373:
#  Alignment score:  2.4
#  P-value:  1.000e+00
#  Query aligned region: 2-2,3-3
#  Target aligned region: 2:X2410-2:X2410,4:X2312-4:X2312

	G...G
	G...C

#  Matched base-pairing interactions: 
	<G(2:)-G(3:) trans H/S>                        MATCHES	<G(2:X2410)-C(4:X2312) cis W/W>
#  Matched base-stacking interactions: 

>>>>>>>>>>   ALIGNMENT ENDS   >>>>>>>>>>

<<<<<<<<<<  ALIGNMENT BEGINS  <<<<<<<<<<

#  Aligning Eloop_consensus and 4wf9_X:2310-2315_2369-2373_2407-2409:
#  Alignment score:  2.4
#  P-value:  1.000e+00
#  Query aligned region: 2-2,3-3
#  Target aligned region: 5:X2316-5:X2316,6:X2370-6:X2370

	G...G
	G...U

#  Matched base-pairing interactions: 
	<G(2:)-G(3:) trans H/S>                        MATCHES	<G(5:X2316)-U(6:X2370) cis W/W>
#  Matched base-stacking interactions: 

>>>>>>>>>>   ALIGNMENT ENDS   >>>>>>>>>>

<<<<<<<<<<  ALIGNMENT BEGINS  <<<<<<<<<<

#  Aligning Eloop_consensus and 4wf9_X:2778-2780_1092-1093_2773-2777:
#  Alignment score:  2.4
#  P-value:  1.000e+00
#  Query aligned region: 
#  Target aligned region: 

	
	

#  Matched base-pairing interactions: 
#  Matched base-stacking interactions: 

>>>>>>>>>>   ALIGNMENT ENDS   >>>>>>>>>>

<<<<<<<<<<  ALIGNMENT BEGINS  <<<<<<<<<<

#  Aligning Eloop_consensus and 4wf9_X:1092-1093_2778-2780_2773-2777:
#  Alignment score:  2.4
#  P-value:  1.000e+00
#  Query aligned region: 
#  Target aligned region: 

	
	

#  Matched base-pairing interactions: 
#  Matched base-stacking interactions: 

>>>>>>>>>>   ALIGNMENT ENDS   >>>>>>>>>>

<<<<<<<<<<  ALIGNMENT BEGINS  <<<<<<<<<<

#  Aligning Eloop_consensus and 4wf9_X:350-353_369-376:
#  Alignment score:  2.3
#  P-value:  1.000e+00
#  Query aligned region: 
#  Target aligned region: 

	
	

#  Matched base-pairing interactions: 
#  Matched base-stacking interactions: 

>>>>>>>>>>   ALIGNMENT ENDS   >>>>>>>>>>

<<<<<<<<<<  ALIGNMENT BEGINS  <<<<<<<<<<

#  Aligning Eloop_consensus and 4wf9_X:2763-2766_2792-2794_2790-2791:
#  Alignment score:  2.3
#  P-value:  1.000e+00
#  Query aligned region: 
#  Target aligned region: 

	
	

#  Matched base-pairing interactions: 
#  Matched base-stacking interactions: 

>>>>>>>>>>   ALIGNMENT ENDS   >>>>>>>>>>

<<<<<<<<<<  ALIGNMENT BEGINS  <<<<<<<<<<

#  Aligning Eloop_consensus and 4wf9_X:727-733_818-822_835-838:
#  Alignment score:  2.2
#  P-value:  1.000e+00
#  Query aligned region: 
#  Target aligned region: 

	
	

#  Matched base-pairing interactions: 
#  Matched base-stacking interactions: 

>>>>>>>>>>   ALIGNMENT ENDS   >>>>>>>>>>

<<<<<<<<<<  ALIGNMENT BEGINS  <<<<<<<<<<

#  Aligning Eloop_consensus and 4wf9_X:324-327_398-400_317-320:
#  Alignment score:  2.2
#  P-value:  1.000e+00
#  Query aligned region: 
#  Target aligned region: 

	
	

#  Matched base-pairing interactions: 
#  Matched base-stacking interactions: 

>>>>>>>>>>   ALIGNMENT ENDS   >>>>>>>>>>

<<<<<<<<<<  ALIGNMENT BEGINS  <<<<<<<<<<

#  Aligning Eloop_consensus and 4wf9_X:835-838_727-733_818-822:
#  Alignment score:  2.1
#  P-value:  1.000e+00
#  Query aligned region: 
#  Target aligned region: 

	
	

#  Matched base-pairing interactions: 
#  Matched base-stacking interactions: 

>>>>>>>>>>   ALIGNMENT ENDS   >>>>>>>>>>

<<<<<<<<<<  ALIGNMENT BEGINS  <<<<<<<<<<

#  Aligning Eloop_consensus and 4wf9_X:727-733_835-838_818-822:
#  Alignment score:  2.1
#  P-value:  1.000e+00
#  Query aligned region: 
#  Target aligned region: 

	
	

#  Matched base-pairing interactions: 
#  Matched base-stacking interactions: 

>>>>>>>>>>   ALIGNMENT ENDS   >>>>>>>>>>

<<<<<<<<<<  ALIGNMENT BEGINS  <<<<<<<<<<

#  Aligning Eloop_consensus and 4wf9_X:369-376_350-353:
#  Alignment score:  2
#  P-value:  1.000e+00
#  Query aligned region: 
#  Target aligned region: 

	
	

#  Matched base-pairing interactions: 
#  Matched base-stacking interactions: 

>>>>>>>>>>   ALIGNMENT ENDS   >>>>>>>>>>

<<<<<<<<<<  ALIGNMENT BEGINS  <<<<<<<<<<

#  Aligning Eloop_consensus and 4wf9_X:1824-1828_1841-1845:
#  Alignment score:  2
#  P-value:  1.000e+00
#  Query aligned region: 
#  Target aligned region: 

	
	

#  Matched base-pairing interactions: 
#  Matched base-stacking interactions: 

>>>>>>>>>>   ALIGNMENT ENDS   >>>>>>>>>>

<<<<<<<<<<  ALIGNMENT BEGINS  <<<<<<<<<<

#  Aligning Eloop_consensus and 4wf9_X:2058-2062_614-616:
#  Alignment score:  2
#  P-value:  1.000e+00
#  Query aligned region: 
#  Target aligned region: 

	
	

#  Matched base-pairing interactions: 
#  Matched base-stacking interactions: 

>>>>>>>>>>   ALIGNMENT ENDS   >>>>>>>>>>

<<<<<<<<<<  ALIGNMENT BEGINS  <<<<<<<<<<

#  Aligning Eloop_consensus and 4wf9_X:1752-1753_2876-2878:
#  Alignment score:  2
#  P-value:  1.000e+00
#  Query aligned region: 
#  Target aligned region: 

	
	

#  Matched base-pairing interactions: 
#  Matched base-stacking interactions: 

>>>>>>>>>>   ALIGNMENT ENDS   >>>>>>>>>>

<<<<<<<<<<  ALIGNMENT BEGINS  <<<<<<<<<<

#  Aligning Eloop_consensus and 4wf9_X:2706-2711_2750-2753:
#  Alignment score:  1.9
#  P-value:  1.000e+00
#  Query aligned region: 
#  Target aligned region: 

	
	

#  Matched base-pairing interactions: 
#  Matched base-stacking interactions: 

>>>>>>>>>>   ALIGNMENT ENDS   >>>>>>>>>>

<<<<<<<<<<  ALIGNMENT BEGINS  <<<<<<<<<<

#  Aligning Eloop_consensus and 4wf9_X:398-400_324-327_317-320:
#  Alignment score:  1.9
#  P-value:  1.000e+00
#  Query aligned region: 
#  Target aligned region: 

	
	

#  Matched base-pairing interactions: 
#  Matched base-stacking interactions: 

>>>>>>>>>>   ALIGNMENT ENDS   >>>>>>>>>>

<<<<<<<<<<  ALIGNMENT BEGINS  <<<<<<<<<<

#  Aligning Eloop_consensus and 4wf9_X:2876-2878_1752-1753:
#  Alignment score:  1.9
#  P-value:  1.000e+00
#  Query aligned region: 
#  Target aligned region: 

	
	

#  Matched base-pairing interactions: 
#  Matched base-stacking interactions: 

>>>>>>>>>>   ALIGNMENT ENDS   >>>>>>>>>>

<<<<<<<<<<  ALIGNMENT BEGINS  <<<<<<<<<<

#  Aligning Eloop_consensus and 4wf9_X:1841-1845_1824-1828:
#  Alignment score:  1.8
#  P-value:  1.000e+00
#  Query aligned region: 
#  Target aligned region: 

	
	

#  Matched base-pairing interactions: 
#  Matched base-stacking interactions: 

>>>>>>>>>>   ALIGNMENT ENDS   >>>>>>>>>>

<<<<<<<<<<  ALIGNMENT BEGINS  <<<<<<<<<<

#  Aligning Eloop_consensus and 4wf9_X:1863-1867_1924-1929:
#  Alignment score:  1.7
#  P-value:  1.000e+00
#  Query aligned region: 
#  Target aligned region: 

	
	

#  Matched base-pairing interactions: 
#  Matched base-stacking interactions: 

>>>>>>>>>>   ALIGNMENT ENDS   >>>>>>>>>>

<<<<<<<<<<  ALIGNMENT BEGINS  <<<<<<<<<<

#  Aligning Eloop_consensus and 4wf9_X:1803-1805_1809-1813:
#  Alignment score:  1
#  P-value:  1.000e+00
#  Query aligned region: 
#  Target aligned region: 

	
	

#  Matched base-pairing interactions: 
#  Matched base-stacking interactions: 

>>>>>>>>>>   ALIGNMENT ENDS   >>>>>>>>>>

<<<<<<<<<<  ALIGNMENT BEGINS  <<<<<<<<<<

#  Aligning Eloop_consensus and 4wf9_X:1176-1179_1048-1050:
#  Alignment score:  1
#  P-value:  1.000e+00
#  Query aligned region: 
#  Target aligned region: 

	
	

#  Matched base-pairing interactions: 
#  Matched base-stacking interactions: 

>>>>>>>>>>   ALIGNMENT ENDS   >>>>>>>>>>

<<<<<<<<<<  ALIGNMENT BEGINS  <<<<<<<<<<

#  Aligning Eloop_consensus and 4wf9_X:1048-1050_1176-1179:
#  Alignment score:  1
#  P-value:  1.000e+00
#  Query aligned region: 
#  Target aligned region: 

	
	

#  Matched base-pairing interactions: 
#  Matched base-stacking interactions: 

>>>>>>>>>>   ALIGNMENT ENDS   >>>>>>>>>>

<<<<<<<<<<  ALIGNMENT BEGINS  <<<<<<<<<<

#  Aligning Eloop_consensus and 4wf9_X:2662-2663_2802-2807:
#  Alignment score:  1
#  P-value:  1.000e+00
#  Query aligned region: 
#  Target aligned region: 

	
	

#  Matched base-pairing interactions: 
#  Matched base-stacking interactions: 

>>>>>>>>>>   ALIGNMENT ENDS   >>>>>>>>>>

