$ /home/s081p868/scratch/RNAMotifScanX-release/bin/scan /home/s081p868/scratch/RNAMotifScanX-release/models/e-loop_consensus.struct /rfs/poseidon_share/s081p868/RNAMotifScanX_nr/rmsx_work_default/3owz/A/3owz_A.rmsx.in --map_pdb=/rfs/poseidon_share/s081p868/RNAMotifScanX_nr/rmsx_work_default/3owz/A/3owz_A.rmsx.nch --pvalue 1.0 --num_threads 8 --write_alignment
<<<<<<<<<<  ALIGNMENT BEGINS  <<<<<<<<<<

#  Aligning Eloop_consensus and 3owz_A:61-65_37-40:
#  Alignment score:  29.2
#  P-value:  6.590e-02
#  Query aligned region: 0-2,3-5
#  Target aligned region: 0:A62-4:A66,6:A39-8:A41

	G-AG...G~U-A
	GAAA...C~CAA

#  Matched base-pairing interactions: 
	<G(0:)-A(5:) trans S/H>                        MATCHES	<G(0:A62)-A(8:A41) trans S/H>
	<A(1:)-U(4:) trans H/W>                        MATCHES	<A(2:A64)-C(6:A39) trans H/W>
	<G(2:)-G(3:) trans H/S>                        MATCHES	<A(3:A65)-C(4:A66) cis -/->
#  Matched base-stacking interactions: 

>>>>>>>>>>   ALIGNMENT ENDS   >>>>>>>>>>

<<<<<<<<<<  ALIGNMENT BEGINS  <<<<<<<<<<

#  Aligning Eloop_consensus and 3owz_A:78-82_30-32_6-9:
#  Alignment score:  28.4
#  P-value:  7.108e-02
#  Query aligned region: 0-2,3-5
#  Target aligned region: 1:A80-3:A82,8:A7-10:A9

	GAG...GUA
	GAC...GGA

#  Matched base-pairing interactions: 
	<G(2:)-G(3:) trans H/S>                        MATCHES	<C(3:A82)-G(8:A7) cis W/W>
	<A(1:)-U(4:) trans H/W>                        MATCHES	<A(2:A81)-G(9:A8) trans H/S>
	<G(0:)-A(5:) trans S/H>                        MATCHES	<G(1:A80)-A(10:A9) trans S/H>
#  Matched base-stacking interactions: 

>>>>>>>>>>   ALIGNMENT ENDS   >>>>>>>>>>

<<<<<<<<<<  ALIGNMENT BEGINS  <<<<<<<<<<

#  Aligning Eloop_consensus and 3owz_A:68-70_7-9_31-34:
#  Alignment score:  27.2
#  P-value:  8.006e-02
#  Query aligned region: 0-1,4-5
#  Target aligned region: 2:A71-2:A71,3:A8-3:A8,7:A33-8:A34

	G~A...UA
	A~G...AA

#  Matched base-pairing interactions: 
	<A(1:)-U(4:) trans H/W>                        MATCHES	<G(3:A8)-A(7:A33) cis -/->
	<G(0:)-A(5:) trans S/H>                        MATCHES	<A(2:A71)-A(8:A34) trans S/H>
#  Matched base-stacking interactions: 

>>>>>>>>>>   ALIGNMENT ENDS   >>>>>>>>>>

