$ /home/s081p868/scratch/RNAMotifScanX-release/bin/scan /home/s081p868/scratch/RNAMotifScanX-release/models/c-loop_consensus.struct /rfs/poseidon_share/s081p868/RNAMotifScanX_nr/rmsx_work_default/4v6y/AA/4v6y_AA.rmsx.in --map_pdb=/rfs/poseidon_share/s081p868/RNAMotifScanX_nr/rmsx_work_default/4v6y/AA/4v6y_AA.rmsx.nch --pvalue 1.0 --num_threads 16 --write_alignment
<<<<<<<<<<  ALIGNMENT BEGINS  <<<<<<<<<<

#  Aligning c-loop_conseusus and 4v6y_AA:479-481_385-391_365-374:
#  Alignment score:  43.9
#  P-value:  1.456e-01
#  Query aligned region: 0-3,6-11
#  Target aligned region: 3:'AA'387-6:'AA'390,14:'AA'371-19:'AA'376

	U-AUG...CCACUG
	UGA-U...ACAAUG

#  Matched base-pairing interactions: 
	<G(3:)-C(6:) cis W/W>                          MATCHES	<U(6:'AA'390)-A(14:'AA'371) cis W/W>
	<U(0:)-G(11:) cis W/W>                         MATCHES	<U(3:'AA'387)-G(19:'AA'376) cis W/W>
	<A(1:)-C(7:) trans H/W>                        MATCHES	<A(5:'AA'389)-C(15:'AA'372) trans H/W>
	<A(1:)-U(10:) cis W/W>                         MATCHES	<A(5:'AA'389)-U(18:'AA'375) cis W/W>
	<G(3:)-C(9:) cis S/W>                          MATCHES	<U(6:'AA'390)-A(17:'AA'374) cis -/->
#  Matched base-stacking interactions: 
	<A(1:)-G(11:) outward>                         MATCHES	<A(5:'AA'389)-G(19:'AA'376) outward>

>>>>>>>>>>   ALIGNMENT ENDS   >>>>>>>>>>

<<<<<<<<<<  ALIGNMENT BEGINS  <<<<<<<<<<

#  Aligning c-loop_conseusus and 4v6y_AA:1050-1056_1197-1204:
#  Alignment score:  23.5
#  P-value:  1.000e+00
#  Query aligned region: 0-3,6-11
#  Target aligned region: 0:'AA'1052-6:'AA'1058,7:'AA'1199-14:'AA'1206

	U--A-UG...CCAC--UG
	UGCAUGG...UCAUCAUG

#  Matched base-pairing interactions: 
	<G(3:)-C(6:) cis W/W>                          MATCHES	<G(6:'AA'1058)-U(7:'AA'1199) cis W/W>
	<A(1:)-C(7:) trans H/W>                        MATCHES	<A(3:'AA'1055)-C(8:'AA'1200) trans H/W>
	<U(0:)-G(11:) cis W/W>                         MATCHES	<U(0:'AA'1052)-G(14:'AA'1206) cis W/W>
	<A(1:)-U(10:) cis W/W>                         MATCHES	<A(3:'AA'1055)-U(13:'AA'1205) cis W/W>
	<G(3:)-C(9:) cis S/W>                          MATCHES	<G(6:'AA'1058)-U(10:'AA'1202) trans S/H>
#  Matched base-stacking interactions: 
	<A(1:)-G(11:) outward>                         MATCHES	<A(3:'AA'1055)-G(14:'AA'1206) outward>

>>>>>>>>>>   ALIGNMENT ENDS   >>>>>>>>>>

<<<<<<<<<<  ALIGNMENT BEGINS  <<<<<<<<<<

#  Aligning c-loop_conseusus and 4v6y_AA:1041-1048_1207-1213_989-996:
#  Alignment score:  12.6
#  P-value:  1.000e+00
#  Query aligned region: 0-4,5-11
#  Target aligned region: 0:'AA'1043-5:'AA'1048,8:'AA'1209-9:'AA'1210,16:'AA'992-22:'AA'998

	UA-UGU...AC~CAC--UG
	GACAGG...CC~UGACAUC

#  Matched base-pairing interactions: 
	<A(1:)-C(7:) trans H/W>                        MATCHES	<A(1:'AA'1044)-U(16:'AA'992) trans H/W>
	<U(0:)-G(11:) cis W/W>                         MATCHES	<G(0:'AA'1043)-C(22:'AA'998) cis W/W>
	<A(1:)-U(10:) cis W/W>                         MATCHES	<A(1:'AA'1044)-U(21:'AA'997) cis W/W>
	<G(3:)-C(9:) cis S/W>                          MATCHES	<G(4:'AA'1047)-A(18:'AA'994) cis -/->
	<U(4:)-A(5:) cis W/W>                          MATCHES	<G(5:'AA'1048)-C(8:'AA'1209) cis W/W>
	<G(3:)-C(6:) cis W/W>                          MATCHES	<G(4:'AA'1047)-C(9:'AA'1210) cis W/W>
#  Matched base-stacking interactions: 

>>>>>>>>>>   ALIGNMENT ENDS   >>>>>>>>>>

<<<<<<<<<<  ALIGNMENT BEGINS  <<<<<<<<<<

#  Aligning c-loop_conseusus and 4v6y_AA:746-749_653-656_657-658:
#  Alignment score:  10.6
#  P-value:  1.000e+00
#  Query aligned region: 4-4,5-5
#  Target aligned region: 3:'AA'751-3:'AA'751,4:'AA'655-4:'AA'655

	U...A
	U...A

#  Matched base-pairing interactions: 
	<U(4:)-A(5:) cis W/W>                          MATCHES	<U(3:'AA'751)-A(4:'AA'655) cis W/W>
#  Matched base-stacking interactions: 

>>>>>>>>>>   ALIGNMENT ENDS   >>>>>>>>>>

<<<<<<<<<<  ALIGNMENT BEGINS  <<<<<<<<<<

#  Aligning c-loop_conseusus and 4v6y_AA:1465-1471_1426-1431:
#  Alignment score:  10.6
#  P-value:  1.000e+00
#  Query aligned region: 4-4,5-5
#  Target aligned region: 4:'AA'1471-4:'AA'1471,8:'AA'1429-8:'AA'1429

	U...A
	U...A

#  Matched base-pairing interactions: 
	<U(4:)-A(5:) cis W/W>                          MATCHES	<U(4:'AA'1471)-A(8:'AA'1429) cis W/W>
#  Matched base-stacking interactions: 

>>>>>>>>>>   ALIGNMENT ENDS   >>>>>>>>>>

<<<<<<<<<<  ALIGNMENT BEGINS  <<<<<<<<<<

#  Aligning c-loop_conseusus and 4v6y_AA:1370-1376_1343-1348_935-937:
#  Alignment score:  10.6
#  P-value:  1.000e+00
#  Query aligned region: 4-4,5-5
#  Target aligned region: 0:'AA'1372-0:'AA'1372,12:'AA'1350-12:'AA'1350

	U...A
	U...A

#  Matched base-pairing interactions: 
	<U(4:)-A(5:) cis W/W>                          MATCHES	<U(0:'AA'1372)-A(12:'AA'1350) cis W/W>
#  Matched base-stacking interactions: 

>>>>>>>>>>   ALIGNMENT ENDS   >>>>>>>>>>

<<<<<<<<<<  ALIGNMENT BEGINS  <<<<<<<<<<

#  Aligning c-loop_conseusus and 4v6y_AA:682-688_695-704:
#  Alignment score:  10.6
#  P-value:  1.000e+00
#  Query aligned region: 4-4,5-5
#  Target aligned region: 0:'AA'684-0:'AA'684,16:'AA'706-16:'AA'706

	U...A
	U...A

#  Matched base-pairing interactions: 
	<U(4:)-A(5:) cis W/W>                          MATCHES	<U(0:'AA'684)-A(16:'AA'706) cis W/W>
#  Matched base-stacking interactions: 

>>>>>>>>>>   ALIGNMENT ENDS   >>>>>>>>>>

<<<<<<<<<<  ALIGNMENT BEGINS  <<<<<<<<<<

#  Aligning c-loop_conseusus and 4v6y_AA:105-109_323-331_318-322:
#  Alignment score:  10.6
#  P-value:  1.000e+00
#  Query aligned region: 4-4,5-5
#  Target aligned region: 13:'AA'333-13:'AA'333,14:'AA'320-14:'AA'320

	U...A
	U...A

#  Matched base-pairing interactions: 
	<U(4:)-A(5:) cis W/W>                          MATCHES	<U(13:'AA'333)-A(14:'AA'320) cis W/W>
#  Matched base-stacking interactions: 

>>>>>>>>>>   ALIGNMENT ENDS   >>>>>>>>>>

<<<<<<<<<<  ALIGNMENT BEGINS  <<<<<<<<<<

#  Aligning c-loop_conseusus and 4v6y_AA:285-289_307-309_116-121:
#  Alignment score:  10.6
#  P-value:  1.000e+00
#  Query aligned region: 4-4,5-5
#  Target aligned region: 4:'AA'291-4:'AA'291,5:'AA'309-5:'AA'309

	U...A
	U...A

#  Matched base-pairing interactions: 
	<U(4:)-A(5:) cis W/W>                          MATCHES	<U(4:'AA'291)-A(5:'AA'309) cis W/W>
#  Matched base-stacking interactions: 

>>>>>>>>>>   ALIGNMENT ENDS   >>>>>>>>>>

<<<<<<<<<<  ALIGNMENT BEGINS  <<<<<<<<<<

#  Aligning c-loop_conseusus and 4v6y_AA:377-380_97-103_60-69:
#  Alignment score:  10.6
#  P-value:  1.000e+00
#  Query aligned region: 4-4,5-5
#  Target aligned region: 8:'AA'103-8:'AA'103,15:'AA'66-15:'AA'66

	U...A
	U...A

#  Matched base-pairing interactions: 
	<U(4:)-A(5:) cis W/W>                          MATCHES	<U(8:'AA'103)-A(15:'AA'66) cis W/W>
#  Matched base-stacking interactions: 

>>>>>>>>>>   ALIGNMENT ENDS   >>>>>>>>>>

<<<<<<<<<<  ALIGNMENT BEGINS  <<<<<<<<<<

#  Aligning c-loop_conseusus and 4v6y_AA:14-20_911-918_10-13:
#  Alignment score:  10.6
#  P-value:  1.000e+00
#  Query aligned region: 4-4,5-5
#  Target aligned region: 1:'AA'17-1:'AA'17,12:'AA'918-12:'AA'918

	U...A
	U...A

#  Matched base-pairing interactions: 
	<U(4:)-A(5:) cis W/W>                          MATCHES	<U(1:'AA'17)-A(12:'AA'918) cis W/W>
#  Matched base-stacking interactions: 

>>>>>>>>>>   ALIGNMENT ENDS   >>>>>>>>>>

<<<<<<<<<<  ALIGNMENT BEGINS  <<<<<<<<<<

#  Aligning c-loop_conseusus and 4v6y_AA:1411-1413_903-908_885-892:
#  Alignment score:  10.2
#  P-value:  1.000e+00
#  Query aligned region: 4-4,5-5
#  Target aligned region: 3:'AA'905-3:'AA'905,16:'AA'894-16:'AA'894

	U...A
	U...G

#  Matched base-pairing interactions: 
	<U(4:)-A(5:) cis W/W>                          MATCHES	<U(3:'AA'905)-G(16:'AA'894) cis W/W>
#  Matched base-stacking interactions: 

>>>>>>>>>>   ALIGNMENT ENDS   >>>>>>>>>>

<<<<<<<<<<  ALIGNMENT BEGINS  <<<<<<<<<<

#  Aligning c-loop_conseusus and 4v6y_AA:1522-1527_807-815_763-769:
#  Alignment score:  10.2
#  P-value:  1.000e+00
#  Query aligned region: 4-4,5-5
#  Target aligned region: 8:'AA'811-8:'AA'811,18:'AA'768-18:'AA'768

	U...A
	C...A

#  Matched base-pairing interactions: 
	<U(4:)-A(5:) cis W/W>                          MATCHES	<C(8:'AA'811)-A(18:'AA'768) cis W/W>
#  Matched base-stacking interactions: 

>>>>>>>>>>   ALIGNMENT ENDS   >>>>>>>>>>

<<<<<<<<<<  ALIGNMENT BEGINS  <<<<<<<<<<

#  Aligning c-loop_conseusus and 4v6y_AA:649-653_749-755_582-586:
#  Alignment score:  10.2
#  P-value:  1.000e+00
#  Query aligned region: 4-4,5-5
#  Target aligned region: 11:'AA'757-11:'AA'757,12:'AA'584-12:'AA'584

	U...A
	U...G

#  Matched base-pairing interactions: 
	<U(4:)-A(5:) cis W/W>                          MATCHES	<U(11:'AA'757)-G(12:'AA'584) cis W/W>
#  Matched base-stacking interactions: 

>>>>>>>>>>   ALIGNMENT ENDS   >>>>>>>>>>

<<<<<<<<<<  ALIGNMENT BEGINS  <<<<<<<<<<

#  Aligning c-loop_conseusus and 4v6y_AA:425-432_407-414:
#  Alignment score:  10.2
#  P-value:  1.000e+00
#  Query aligned region: 4-4,5-5
#  Target aligned region: 0:'AA'427-0:'AA'427,15:'AA'416-15:'AA'416

	U...A
	U...G

#  Matched base-pairing interactions: 
	<U(4:)-A(5:) cis W/W>                          MATCHES	<U(0:'AA'427)-G(15:'AA'416) cis W/W>
#  Matched base-stacking interactions: 

>>>>>>>>>>   ALIGNMENT ENDS   >>>>>>>>>>

<<<<<<<<<<  ALIGNMENT BEGINS  <<<<<<<<<<

#  Aligning c-loop_conseusus and 4v6y_AA:911-918_14-20_10-13:
#  Alignment score:  10.2
#  P-value:  1.000e+00
#  Query aligned region: 4-4,5-5
#  Target aligned region: 7:'AA'920-7:'AA'920,18:'AA'15-18:'AA'15

	U...A
	U...G

#  Matched base-pairing interactions: 
	<U(4:)-A(5:) cis W/W>                          MATCHES	<U(7:'AA'920)-G(18:'AA'15) cis W/W>
#  Matched base-stacking interactions: 

>>>>>>>>>>   ALIGNMENT ENDS   >>>>>>>>>>

<<<<<<<<<<  ALIGNMENT BEGINS  <<<<<<<<<<

#  Aligning c-loop_conseusus and 4v6y_AA:10-13_911-918_14-20:
#  Alignment score:  10.2
#  P-value:  1.000e+00
#  Query aligned region: 4-4,5-5
#  Target aligned region: 0:'AA'12-0:'AA'12,18:'AA'22-18:'AA'22

	U...A
	U...G

#  Matched base-pairing interactions: 
	<U(4:)-A(5:) cis W/W>                          MATCHES	<U(0:'AA'12)-G(18:'AA'22) cis W/W>
#  Matched base-stacking interactions: 

>>>>>>>>>>   ALIGNMENT ENDS   >>>>>>>>>>

<<<<<<<<<<  ALIGNMENT BEGINS  <<<<<<<<<<

#  Aligning c-loop_conseusus and 4v6y_AA:142-146_170-176:
#  Alignment score:  9.8
#  P-value:  1.000e+00
#  Query aligned region: 4-4,5-5
#  Target aligned region: 3:'AA'147-3:'AA'147,8:'AA'175-8:'AA'175

	U...A
	G...C

#  Matched base-pairing interactions: 
	<U(4:)-A(5:) cis W/W>                          MATCHES	<G(3:'AA'147)-C(8:'AA'175) cis W/W>
#  Matched base-stacking interactions: 

>>>>>>>>>>   ALIGNMENT ENDS   >>>>>>>>>>

<<<<<<<<<<  ALIGNMENT BEGINS  <<<<<<<<<<

#  Aligning c-loop_conseusus and 4v6y_AA:170-176_142-146:
#  Alignment score:  9.8
#  P-value:  1.000e+00
#  Query aligned region: 4-4,5-5
#  Target aligned region: 6:'AA'178-6:'AA'178,7:'AA'144-7:'AA'144

	U...A
	C...G

#  Matched base-pairing interactions: 
	<U(4:)-A(5:) cis W/W>                          MATCHES	<C(6:'AA'178)-G(7:'AA'144) cis W/W>
#  Matched base-stacking interactions: 

>>>>>>>>>>   ALIGNMENT ENDS   >>>>>>>>>>

<<<<<<<<<<  ALIGNMENT BEGINS  <<<<<<<<<<

#  Aligning c-loop_conseusus and 4v6y_AA:723-725_728-733_669-670:
#  Alignment score:  9.8
#  P-value:  1.000e+00
#  Query aligned region: 4-4,5-5
#  Target aligned region: 0:'AA'725-0:'AA'725,5:'AA'732-5:'AA'732

	U...A
	G...C

#  Matched base-pairing interactions: 
	<U(4:)-A(5:) cis W/W>                          MATCHES	<G(0:'AA'725)-C(5:'AA'732) cis W/W>
#  Matched base-stacking interactions: 

>>>>>>>>>>   ALIGNMENT ENDS   >>>>>>>>>>

<<<<<<<<<<  ALIGNMENT BEGINS  <<<<<<<<<<

#  Aligning c-loop_conseusus and 4v6y_AA:728-733_669-670_723-725:
#  Alignment score:  9.8
#  P-value:  1.000e+00
#  Query aligned region: 4-4,5-5
#  Target aligned region: 5:'AA'735-5:'AA'735,6:'AA'671-6:'AA'671

	U...A
	C...G

#  Matched base-pairing interactions: 
	<U(4:)-A(5:) cis W/W>                          MATCHES	<C(5:'AA'735)-G(6:'AA'671) cis W/W>
#  Matched base-stacking interactions: 

>>>>>>>>>>   ALIGNMENT ENDS   >>>>>>>>>>

<<<<<<<<<<  ALIGNMENT BEGINS  <<<<<<<<<<

#  Aligning c-loop_conseusus and 4v6y_AA:426-434_404-412:
#  Alignment score:  9.8
#  P-value:  1.000e+00
#  Query aligned region: 4-4,5-5
#  Target aligned region: 8:'AA'436-8:'AA'436,9:'AA'406-9:'AA'406

	U...A
	C...G

#  Matched base-pairing interactions: 
	<U(4:)-A(5:) cis W/W>                          MATCHES	<C(8:'AA'436)-G(9:'AA'406) cis W/W>
#  Matched base-stacking interactions: 

>>>>>>>>>>   ALIGNMENT ENDS   >>>>>>>>>>

<<<<<<<<<<  ALIGNMENT BEGINS  <<<<<<<<<<

#  Aligning c-loop_conseusus and 4v6y_AA:790-800_779-785_693-695:
#  Alignment score:  9.8
#  P-value:  1.000e+00
#  Query aligned region: 4-4,5-5
#  Target aligned region: 4:'AA'796-4:'AA'796,16:'AA'786-16:'AA'786

	U...A
	C...G

#  Matched base-pairing interactions: 
	<U(4:)-A(5:) cis W/W>                          MATCHES	<C(4:'AA'796)-G(16:'AA'786) cis W/W>
#  Matched base-stacking interactions: 

>>>>>>>>>>   ALIGNMENT ENDS   >>>>>>>>>>

<<<<<<<<<<  ALIGNMENT BEGINS  <<<<<<<<<<

#  Aligning c-loop_conseusus and 4v6y_AA:466-473_455-461:
#  Alignment score:  9.8
#  P-value:  1.000e+00
#  Query aligned region: 4-4,5-5
#  Target aligned region: 7:'AA'475-7:'AA'475,8:'AA'457-8:'AA'457

	U...A
	C...G

#  Matched base-pairing interactions: 
	<U(4:)-A(5:) cis W/W>                          MATCHES	<C(7:'AA'475)-G(8:'AA'457) cis W/W>
#  Matched base-stacking interactions: 

>>>>>>>>>>   ALIGNMENT ENDS   >>>>>>>>>>

<<<<<<<<<<  ALIGNMENT BEGINS  <<<<<<<<<<

#  Aligning c-loop_conseusus and 4v6y_AA:43-47_388-394_360-372:
#  Alignment score:  9.8
#  P-value:  1.000e+00
#  Query aligned region: 4-4,5-5
#  Target aligned region: 0:'AA'45-0:'AA'45,11:'AA'396-11:'AA'396

	U...A
	G...C

#  Matched base-pairing interactions: 
	<U(4:)-A(5:) cis W/W>                          MATCHES	<G(0:'AA'45)-C(11:'AA'396) cis W/W>
#  Matched base-stacking interactions: 

>>>>>>>>>>   ALIGNMENT ENDS   >>>>>>>>>>

<<<<<<<<<<  ALIGNMENT BEGINS  <<<<<<<<<<

#  Aligning c-loop_conseusus and 4v6y_AA:388-394_360-372_43-47:
#  Alignment score:  9.8
#  P-value:  1.000e+00
#  Query aligned region: 4-4,5-5
#  Target aligned region: 0:'AA'390-0:'AA'390,16:'AA'371-16:'AA'371

	U...A
	U...A

#  Matched base-pairing interactions: 
	<U(4:)-A(5:) cis W/W>                          MATCHES	<U(0:'AA'390)-A(16:'AA'371) cis W/W>
#  Matched base-stacking interactions: 

>>>>>>>>>>   ALIGNMENT ENDS   >>>>>>>>>>

<<<<<<<<<<  ALIGNMENT BEGINS  <<<<<<<<<<

#  Aligning c-loop_conseusus and 4v6y_AA:287-290_605-606_304-309:
#  Alignment score:  9.8
#  P-value:  1.000e+00
#  Query aligned region: 4-4,5-5
#  Target aligned region: 0:'AA'289-0:'AA'289,11:'AA'311-11:'AA'311

	U...A
	G...C

#  Matched base-pairing interactions: 
	<U(4:)-A(5:) cis W/W>                          MATCHES	<G(0:'AA'289)-C(11:'AA'311) cis W/W>
#  Matched base-stacking interactions: 

>>>>>>>>>>   ALIGNMENT ENDS   >>>>>>>>>>

<<<<<<<<<<  ALIGNMENT BEGINS  <<<<<<<<<<

#  Aligning c-loop_conseusus and 4v6y_AA:392-393_357-364_44-51:
#  Alignment score:  9.8
#  P-value:  1.000e+00
#  Query aligned region: 4-4,5-5
#  Target aligned region: 4:'AA'361-4:'AA'361,11:'AA'47-11:'AA'47

	U...A
	G...C

#  Matched base-pairing interactions: 
	<U(4:)-A(5:) cis W/W>                          MATCHES	<G(4:'AA'361)-C(11:'AA'47) cis W/W>
#  Matched base-stacking interactions: 

>>>>>>>>>>   ALIGNMENT ENDS   >>>>>>>>>>

<<<<<<<<<<  ALIGNMENT BEGINS  <<<<<<<<<<

#  Aligning c-loop_conseusus and 4v6y_AA:1187-1195_1105-1106_1059-1066:
#  Alignment score:  9.8
#  P-value:  1.000e+00
#  Query aligned region: 4-4,5-5
#  Target aligned region: 4:'AA'1193-4:'AA'1193,13:'AA'1063-13:'AA'1063

	U...A
	G...C

#  Matched base-pairing interactions: 
	<U(4:)-A(5:) cis W/W>                          MATCHES	<G(4:'AA'1193)-C(13:'AA'1063) cis W/W>
#  Matched base-stacking interactions: 

>>>>>>>>>>   ALIGNMENT ENDS   >>>>>>>>>>

<<<<<<<<<<  ALIGNMENT BEGINS  <<<<<<<<<<

#  Aligning c-loop_conseusus and 4v6y_AA:1350-1354_1282-1290_1244-1251:
#  Alignment score:  9.8
#  P-value:  1.000e+00
#  Query aligned region: 4-4,5-5
#  Target aligned region: 5:'AA'1284-5:'AA'1284,21:'AA'1253-21:'AA'1253

	U...A
	C...G

#  Matched base-pairing interactions: 
	<U(4:)-A(5:) cis W/W>                          MATCHES	<C(5:'AA'1284)-G(21:'AA'1253) cis W/W>
#  Matched base-stacking interactions: 

>>>>>>>>>>   ALIGNMENT ENDS   >>>>>>>>>>

<<<<<<<<<<  ALIGNMENT BEGINS  <<<<<<<<<<

#  Aligning c-loop_conseusus and 4v6y_AA:1207-1213_1041-1048_989-996:
#  Alignment score:  9.8
#  P-value:  1.000e+00
#  Query aligned region: 4-4,5-5
#  Target aligned region: 7:'AA'1043-7:'AA'1043,22:'AA'998-22:'AA'998

	U...A
	G...C

#  Matched base-pairing interactions: 
	<U(4:)-A(5:) cis W/W>                          MATCHES	<G(7:'AA'1043)-C(22:'AA'998) cis W/W>
#  Matched base-stacking interactions: 

>>>>>>>>>>   ALIGNMENT ENDS   >>>>>>>>>>

<<<<<<<<<<  ALIGNMENT BEGINS  <<<<<<<<<<

#  Aligning c-loop_conseusus and 4v6y_AA:796-803_772-783:
#  Alignment score:  9.8
#  P-value:  1.000e+00
#  Query aligned region: 4-4,5-5
#  Target aligned region: 7:'AA'805-7:'AA'805,8:'AA'774-8:'AA'774

	U...A
	C...G

#  Matched base-pairing interactions: 
	<U(4:)-A(5:) cis W/W>                          MATCHES	<C(7:'AA'805)-G(8:'AA'774) cis W/W>
#  Matched base-stacking interactions: 

>>>>>>>>>>   ALIGNMENT ENDS   >>>>>>>>>>

<<<<<<<<<<  ALIGNMENT BEGINS  <<<<<<<<<<

#  Aligning c-loop_conseusus and 4v6y_AA:772-783_796-803:
#  Alignment score:  9.8
#  P-value:  1.000e+00
#  Query aligned region: 4-4,5-5
#  Target aligned region: 5:'AA'779-5:'AA'779,17:'AA'803-17:'AA'803

	U...A
	C...G

#  Matched base-pairing interactions: 
	<U(4:)-A(5:) cis W/W>                          MATCHES	<C(5:'AA'779)-G(17:'AA'803) cis W/W>
#  Matched base-stacking interactions: 

>>>>>>>>>>   ALIGNMENT ENDS   >>>>>>>>>>

<<<<<<<<<<  ALIGNMENT BEGINS  <<<<<<<<<<

#  Aligning c-loop_conseusus and 4v6y_AA:1522-1527_763-769_807-815:
#  Alignment score:  9.8
#  P-value:  1.000e+00
#  Query aligned region: 4-4,5-5
#  Target aligned region: 10:'AA'769-10:'AA'769,14:'AA'810-14:'AA'810

	U...A
	G...C

#  Matched base-pairing interactions: 
	<U(4:)-A(5:) cis W/W>                          MATCHES	<G(10:'AA'769)-C(14:'AA'810) cis W/W>
#  Matched base-stacking interactions: 

>>>>>>>>>>   ALIGNMENT ENDS   >>>>>>>>>>

<<<<<<<<<<  ALIGNMENT BEGINS  <<<<<<<<<<

#  Aligning c-loop_conseusus and 4v6y_AA:876-878_753-761_574-584:
#  Alignment score:  9.8
#  P-value:  1.000e+00
#  Query aligned region: 4-4,5-5
#  Target aligned region: 9:'AA'761-9:'AA'761,16:'AA'580-16:'AA'580

	U...A
	G...C

#  Matched base-pairing interactions: 
	<U(4:)-A(5:) cis W/W>                          MATCHES	<G(9:'AA'761)-C(16:'AA'580) cis W/W>
#  Matched base-stacking interactions: 

>>>>>>>>>>   ALIGNMENT ENDS   >>>>>>>>>>

<<<<<<<<<<  ALIGNMENT BEGINS  <<<<<<<<<<

#  Aligning c-loop_conseusus and 4v6y_AA:876-878_574-584_753-761:
#  Alignment score:  9.8
#  P-value:  1.000e+00
#  Query aligned region: 4-4,5-5
#  Target aligned region: 13:'AA'586-13:'AA'586,14:'AA'755-14:'AA'755

	U...A
	C...G

#  Matched base-pairing interactions: 
	<U(4:)-A(5:) cis W/W>                          MATCHES	<C(13:'AA'586)-G(14:'AA'755) cis W/W>
#  Matched base-stacking interactions: 

>>>>>>>>>>   ALIGNMENT ENDS   >>>>>>>>>>

<<<<<<<<<<  ALIGNMENT BEGINS  <<<<<<<<<<

#  Aligning c-loop_conseusus and 4v6y_AA:371-372_475-484_447-453:
#  Alignment score:  9.8
#  P-value:  1.000e+00
#  Query aligned region: 4-4,5-5
#  Target aligned region: 2:'AA'477-2:'AA'477,18:'AA'455-18:'AA'455

	U...A
	C...G

#  Matched base-pairing interactions: 
	<U(4:)-A(5:) cis W/W>                          MATCHES	<C(2:'AA'477)-G(18:'AA'455) cis W/W>
#  Matched base-stacking interactions: 

>>>>>>>>>>   ALIGNMENT ENDS   >>>>>>>>>>

<<<<<<<<<<  ALIGNMENT BEGINS  <<<<<<<<<<

#  Aligning c-loop_conseusus and 4v6y_AA:478-486_444-450_371-372:
#  Alignment score:  9.8
#  P-value:  1.000e+00
#  Query aligned region: 4-4,5-5
#  Target aligned region: 8:'AA'488-8:'AA'488,9:'AA'446-9:'AA'446

	U...A
	C...G

#  Matched base-pairing interactions: 
	<U(4:)-A(5:) cis W/W>                          MATCHES	<C(8:'AA'488)-G(9:'AA'446) cis W/W>
#  Matched base-stacking interactions: 

>>>>>>>>>>   ALIGNMENT ENDS   >>>>>>>>>>

<<<<<<<<<<  ALIGNMENT BEGINS  <<<<<<<<<<

#  Aligning c-loop_conseusus and 4v6y_AA:543-546_490-498_435-440:
#  Alignment score:  9.8
#  P-value:  1.000e+00
#  Query aligned region: 4-4,5-5
#  Target aligned region: 9:'AA'497-9:'AA'497,16:'AA'440-16:'AA'440

	U...A
	G...C

#  Matched base-pairing interactions: 
	<U(4:)-A(5:) cis W/W>                          MATCHES	<G(9:'AA'497)-C(16:'AA'440) cis W/W>
#  Matched base-stacking interactions: 

>>>>>>>>>>   ALIGNMENT ENDS   >>>>>>>>>>

<<<<<<<<<<  ALIGNMENT BEGINS  <<<<<<<<<<

#  Aligning c-loop_conseusus and 4v6y_AA:543-546_435-440_490-498:
#  Alignment score:  9.8
#  P-value:  1.000e+00
#  Query aligned region: 4-4,5-5
#  Target aligned region: 9:'AA'442-9:'AA'442,10:'AA'492-10:'AA'492

	U...A
	G...C

#  Matched base-pairing interactions: 
	<U(4:)-A(5:) cis W/W>                          MATCHES	<G(9:'AA'442)-C(10:'AA'492) cis W/W>
#  Matched base-stacking interactions: 

>>>>>>>>>>   ALIGNMENT ENDS   >>>>>>>>>>

<<<<<<<<<<  ALIGNMENT BEGINS  <<<<<<<<<<

#  Aligning c-loop_conseusus and 4v6y_AA:263-264_250-258_265-272:
#  Alignment score:  9.8
#  P-value:  1.000e+00
#  Query aligned region: 4-4,5-5
#  Target aligned region: 2:'AA'252-2:'AA'252,18:'AA'274-18:'AA'274

	U...A
	U...A

#  Matched base-pairing interactions: 
	<U(4:)-A(5:) cis W/W>                          MATCHES	<U(2:'AA'252)-A(18:'AA'274) cis W/W>
#  Matched base-stacking interactions: 

>>>>>>>>>>   ALIGNMENT ENDS   >>>>>>>>>>

<<<<<<<<<<  ALIGNMENT BEGINS  <<<<<<<<<<

#  Aligning c-loop_conseusus and 4v6y_AA:275-284_238-245:
#  Alignment score:  9.8
#  P-value:  1.000e+00
#  Query aligned region: 4-4,5-5
#  Target aligned region: 9:'AA'286-9:'AA'286,10:'AA'240-10:'AA'240

	U...A
	C...G

#  Matched base-pairing interactions: 
	<U(4:)-A(5:) cis W/W>                          MATCHES	<C(9:'AA'286)-G(10:'AA'240) cis W/W>
#  Matched base-stacking interactions: 

>>>>>>>>>>   ALIGNMENT ENDS   >>>>>>>>>>

<<<<<<<<<<  ALIGNMENT BEGINS  <<<<<<<<<<

#  Aligning c-loop_conseusus and 4v6y_AA:100-101_165-172_146-153:
#  Alignment score:  9.8
#  P-value:  1.000e+00
#  Query aligned region: 4-4,5-5
#  Target aligned region: 3:'AA'168-3:'AA'168,15:'AA'153-15:'AA'153

	U...A
	G...C

#  Matched base-pairing interactions: 
	<U(4:)-A(5:) cis W/W>                          MATCHES	<G(3:'AA'168)-C(15:'AA'153) cis W/W>
#  Matched base-stacking interactions: 

>>>>>>>>>>   ALIGNMENT ENDS   >>>>>>>>>>

<<<<<<<<<<  ALIGNMENT BEGINS  <<<<<<<<<<

#  Aligning c-loop_conseusus and 4v6y_AA:100-101_166-174_144-151:
#  Alignment score:  9.8
#  P-value:  1.000e+00
#  Query aligned region: 4-4,5-5
#  Target aligned region: 10:'AA'176-10:'AA'176,11:'AA'146-11:'AA'146

	U...A
	C...G

#  Matched base-pairing interactions: 
	<U(4:)-A(5:) cis W/W>                          MATCHES	<C(10:'AA'176)-G(11:'AA'146) cis W/W>
#  Matched base-stacking interactions: 

>>>>>>>>>>   ALIGNMENT ENDS   >>>>>>>>>>

<<<<<<<<<<  ALIGNMENT BEGINS  <<<<<<<<<<

#  Aligning c-loop_conseusus and 4v6y_AA:310-313_324-330_107-115:
#  Alignment score:  9.8
#  P-value:  1.000e+00
#  Query aligned region: 4-4,5-5
#  Target aligned region: 2:'AA'314-2:'AA'314,15:'AA'113-15:'AA'113

	U...A
	C...G

#  Matched base-pairing interactions: 
	<U(4:)-A(5:) cis W/W>                          MATCHES	<C(2:'AA'314)-G(15:'AA'113) cis W/W>
#  Matched base-stacking interactions: 

>>>>>>>>>>   ALIGNMENT ENDS   >>>>>>>>>>

<<<<<<<<<<  ALIGNMENT BEGINS  <<<<<<<<<<

#  Aligning c-loop_conseusus and 4v6y_AA:1099-1106_1081-1094_1066-1072:
#  Alignment score:  9.4
#  P-value:  1.000e+00
#  Query aligned region: 4-4,5-5
#  Target aligned region: 8:'AA'1083-8:'AA'1083,28:'AA'1074-28:'AA'1074

	U...A
	U...G

#  Matched base-pairing interactions: 
	<U(4:)-A(5:) cis W/W>                          MATCHES	<U(8:'AA'1083)-G(28:'AA'1074) cis W/W>
#  Matched base-stacking interactions: 

>>>>>>>>>>   ALIGNMENT ENDS   >>>>>>>>>>

<<<<<<<<<<  ALIGNMENT BEGINS  <<<<<<<<<<

#  Aligning c-loop_conseusus and 4v6y_AA:1136-1145_1125-1132:
#  Alignment score:  9
#  P-value:  1.000e+00
#  Query aligned region: 4-4,5-5
#  Target aligned region: 2:'AA'1140-2:'AA'1140,17:'AA'1134-17:'AA'1134

	U...A
	C...G

#  Matched base-pairing interactions: 
	<U(4:)-A(5:) cis W/W>                          MATCHES	<C(2:'AA'1140)-G(17:'AA'1134) cis W/W>
#  Matched base-stacking interactions: 

>>>>>>>>>>   ALIGNMENT ENDS   >>>>>>>>>>

<<<<<<<<<<  ALIGNMENT BEGINS  <<<<<<<<<<

#  Aligning c-loop_conseusus and 4v6y_AA:881-882_558-565_294-299:
#  Alignment score:  9
#  P-value:  1.000e+00
#  Query aligned region: 4-4,5-5
#  Target aligned region: 0:'AA'883-0:'AA'883,9:'AA'567-9:'AA'567

	U...A
	C...G

#  Matched base-pairing interactions: 
	<U(4:)-A(5:) cis W/W>                          MATCHES	<C(0:'AA'883)-G(9:'AA'567) cis W/W>
#  Matched base-stacking interactions: 

>>>>>>>>>>   ALIGNMENT ENDS   >>>>>>>>>>

<<<<<<<<<<  ALIGNMENT BEGINS  <<<<<<<<<<

#  Aligning c-loop_conseusus and 4v6y_AA:976-977_1316-1321_1312-1315:
#  Alignment score:  9
#  P-value:  1.000e+00
#  Query aligned region: 4-4,5-5
#  Target aligned region: 7:'AA'1323-7:'AA'1323,8:'AA'1314-8:'AA'1314

	U...A
	G...C

#  Matched base-pairing interactions: 
	<U(4:)-A(5:) cis W/W>                          MATCHES	<G(7:'AA'1323)-C(8:'AA'1314) cis W/W>
#  Matched base-stacking interactions: 

>>>>>>>>>>   ALIGNMENT ENDS   >>>>>>>>>>

<<<<<<<<<<  ALIGNMENT BEGINS  <<<<<<<<<<

#  Aligning c-loop_conseusus and 4v6y_AA:1099-1106_1066-1072_1081-1094:
#  Alignment score:  9
#  P-value:  1.000e+00
#  Query aligned region: 4-4,5-5
#  Target aligned region: 6:'AA'1107-6:'AA'1107,8:'AA'1068-8:'AA'1068

	U...A
	C...G

#  Matched base-pairing interactions: 
	<U(4:)-A(5:) cis W/W>                          MATCHES	<C(6:'AA'1107)-G(8:'AA'1068) cis W/W>
#  Matched base-stacking interactions: 

>>>>>>>>>>   ALIGNMENT ENDS   >>>>>>>>>>

<<<<<<<<<<  ALIGNMENT BEGINS  <<<<<<<<<<

#  Aligning c-loop_conseusus and 4v6y_AA:336-337_348-355_52-57:
#  Alignment score:  9
#  P-value:  1.000e+00
#  Query aligned region: 4-4,5-5
#  Target aligned region: 9:'AA'357-9:'AA'357,10:'AA'54-10:'AA'54

	U...A
	G...C

#  Matched base-pairing interactions: 
	<U(4:)-A(5:) cis W/W>                          MATCHES	<G(9:'AA'357)-C(10:'AA'54) cis W/W>
#  Matched base-stacking interactions: 

>>>>>>>>>>   ALIGNMENT ENDS   >>>>>>>>>>

<<<<<<<<<<  ALIGNMENT BEGINS  <<<<<<<<<<

#  Aligning c-loop_conseusus and 4v6y_AA:336-337_52-57_348-355:
#  Alignment score:  9
#  P-value:  1.000e+00
#  Query aligned region: 4-4,5-5
#  Target aligned region: 6:'AA'58-6:'AA'58,12:'AA'354-12:'AA'354

	U...A
	C...G

#  Matched base-pairing interactions: 
	<U(4:)-A(5:) cis W/W>                          MATCHES	<C(6:'AA'58)-G(12:'AA'354) cis W/W>
#  Matched base-stacking interactions: 

>>>>>>>>>>   ALIGNMENT ENDS   >>>>>>>>>>

<<<<<<<<<<  ALIGNMENT BEGINS  <<<<<<<<<<

#  Aligning c-loop_conseusus and 4v6y_AA:1197-1204_1050-1056:
#  Alignment score:  8.2
#  P-value:  1.000e+00
#  Query aligned region: 4-4,5-5
#  Target aligned region: 7:'AA'1206-7:'AA'1206,8:'AA'1052-8:'AA'1052

	U...A
	G...U

#  Matched base-pairing interactions: 
	<U(4:)-A(5:) cis W/W>                          MATCHES	<G(7:'AA'1206)-U(8:'AA'1052) cis W/W>
#  Matched base-stacking interactions: 

>>>>>>>>>>   ALIGNMENT ENDS   >>>>>>>>>>

<<<<<<<<<<  ALIGNMENT BEGINS  <<<<<<<<<<

#  Aligning c-loop_conseusus and 4v6y_AA:568-570_862-872_856-861:
#  Alignment score:  8.2
#  P-value:  1.000e+00
#  Query aligned region: 4-4,5-5
#  Target aligned region: 1:'AA'571-1:'AA'571,4:'AA'865-4:'AA'865

	U...A
	U...A

#  Matched base-pairing interactions: 
	<U(4:)-A(5:) cis W/W>                          MATCHES	<U(1:'AA'571)-A(4:'AA'865) cis W/W>
#  Matched base-stacking interactions: 

>>>>>>>>>>   ALIGNMENT ENDS   >>>>>>>>>>

<<<<<<<<<<  ALIGNMENT BEGINS  <<<<<<<<<<

#  Aligning c-loop_conseusus and 4v6y_AA:1303-1307_1327-1330:
#  Alignment score:  7.4
#  P-value:  1.000e+00
#  Query aligned region: 4-4,5-5
#  Target aligned region: 3:'AA'1308-3:'AA'1308,5:'AA'1329-5:'AA'1329

	U...A
	U...A

#  Matched base-pairing interactions: 
	<U(4:)-A(5:) cis W/W>                          MATCHES	<U(3:'AA'1308)-A(5:'AA'1329) cis W/W>
#  Matched base-stacking interactions: 

>>>>>>>>>>   ALIGNMENT ENDS   >>>>>>>>>>

<<<<<<<<<<  ALIGNMENT BEGINS  <<<<<<<<<<

#  Aligning c-loop_conseusus and 4v6y_AA:1141-1147_1122-1129:
#  Alignment score:  7.4
#  P-value:  1.000e+00
#  Query aligned region: 4-4,5-5
#  Target aligned region: 1:'AA'1144-1:'AA'1144,11:'AA'1128-11:'AA'1128

	U...A
	G...C

#  Matched base-pairing interactions: 
	<U(4:)-A(5:) cis W/W>                          MATCHES	<G(1:'AA'1144)-C(11:'AA'1128) cis W/W>
#  Matched base-stacking interactions: 

>>>>>>>>>>   ALIGNMENT ENDS   >>>>>>>>>>

<<<<<<<<<<  ALIGNMENT BEGINS  <<<<<<<<<<

#  Aligning c-loop_conseusus and 4v6y_AA:862-872_856-861_568-570:
#  Alignment score:  7.4
#  P-value:  1.000e+00
#  Query aligned region: 4-4,5-5
#  Target aligned region: 4:'AA'868-4:'AA'868,14:'AA'861-14:'AA'861

	U...A
	C...G

#  Matched base-pairing interactions: 
	<U(4:)-A(5:) cis W/W>                          MATCHES	<C(4:'AA'868)-G(14:'AA'861) cis W/W>
#  Matched base-stacking interactions: 

>>>>>>>>>>   ALIGNMENT ENDS   >>>>>>>>>>

<<<<<<<<<<  ALIGNMENT BEGINS  <<<<<<<<<<

#  Aligning c-loop_conseusus and 4v6y_AA:856-861_862-872_568-570:
#  Alignment score:  7.4
#  P-value:  1.000e+00
#  Query aligned region: 4-4,5-5
#  Target aligned region: 4:'AA'862-4:'AA'862,9:'AA'867-9:'AA'867

	U...A
	C...G

#  Matched base-pairing interactions: 
	<U(4:)-A(5:) cis W/W>                          MATCHES	<C(4:'AA'862)-G(9:'AA'867) cis W/W>
#  Matched base-stacking interactions: 

>>>>>>>>>>   ALIGNMENT ENDS   >>>>>>>>>>

<<<<<<<<<<  ALIGNMENT BEGINS  <<<<<<<<<<

#  Aligning c-loop_conseusus and 4v6y_AA:191-196_175-182_139-142:
#  Alignment score:  6.6
#  P-value:  1.000e+00
#  Query aligned region: 4-4,5-5
#  Target aligned region: 0:'AA'193-0:'AA'193,13:'AA'184-13:'AA'184

	U...A
	C...G

#  Matched base-pairing interactions: 
	<U(4:)-A(5:) cis W/W>                          MATCHES	<C(0:'AA'193)-G(13:'AA'184) cis W/W>
#  Matched base-stacking interactions: 

>>>>>>>>>>   ALIGNMENT ENDS   >>>>>>>>>>

<<<<<<<<<<  ALIGNMENT BEGINS  <<<<<<<<<<

#  Aligning c-loop_conseusus and 4v6y_AA:553-565_294-295_20-27:
#  Alignment score:  6.2
#  P-value:  1.000e+00
#  Query aligned region: 4-4,5-5
#  Target aligned region: 0:'AA'555-0:'AA'555,22:'AA'29-22:'AA'29

	U...A
	U...U

#  Matched base-pairing interactions: 
	<U(4:)-A(5:) cis W/W>                          MATCHES	<U(0:'AA'555)-U(22:'AA'29) cis W/W>
#  Matched base-stacking interactions: 

>>>>>>>>>>   ALIGNMENT ENDS   >>>>>>>>>>

<<<<<<<<<<  ALIGNMENT BEGINS  <<<<<<<<<<

#  Aligning c-loop_conseusus and 4v6y_AA:1178-1180_1174-1177_1154-1158:
#  Alignment score:  5.8
#  P-value:  1.000e+00
#  Query aligned region: 4-4,5-5
#  Target aligned region: 1:'AA'1181-1:'AA'1181,9:'AA'1158-9:'AA'1158

	U...A
	G...C

#  Matched base-pairing interactions: 
	<U(4:)-A(5:) cis W/W>                          MATCHES	<G(1:'AA'1181)-C(9:'AA'1158) cis W/W>
#  Matched base-stacking interactions: 

>>>>>>>>>>   ALIGNMENT ENDS   >>>>>>>>>>

<<<<<<<<<<  ALIGNMENT BEGINS  <<<<<<<<<<

#  Aligning c-loop_conseusus and 4v6y_AA:1208-1213_1042-1045_988-994:
#  Alignment score:  5.8
#  P-value:  1.000e+00
#  Query aligned region: 4-4,5-5
#  Target aligned region: 7:'AA'1045-7:'AA'1045,13:'AA'993-13:'AA'993

	U...A
	C...G

#  Matched base-pairing interactions: 
	<U(4:)-A(5:) cis W/W>                          MATCHES	<C(7:'AA'1045)-G(13:'AA'993) cis W/W>
#  Matched base-stacking interactions: 

>>>>>>>>>>   ALIGNMENT ENDS   >>>>>>>>>>

<<<<<<<<<<  ALIGNMENT BEGINS  <<<<<<<<<<

#  Aligning c-loop_conseusus and 4v6y_AA:525-535_510-518:
#  Alignment score:  5.8
#  P-value:  1.000e+00
#  Query aligned region: 4-4,5-5
#  Target aligned region: 9:'AA'536-9:'AA'536,14:'AA'515-14:'AA'515

	U...A
	C...G

#  Matched base-pairing interactions: 
	<U(4:)-A(5:) cis W/W>                          MATCHES	<C(9:'AA'536)-G(14:'AA'515) cis W/W>
#  Matched base-stacking interactions: 

>>>>>>>>>>   ALIGNMENT ENDS   >>>>>>>>>>

<<<<<<<<<<  ALIGNMENT BEGINS  <<<<<<<<<<

#  Aligning c-loop_conseusus and 4v6y_AA:105-109_324-330_319-323:
#  Alignment score:  5.4
#  P-value:  1.000e+00
#  Query aligned region: 4-4,5-5
#  Target aligned region: 11:'AA'332-11:'AA'332,12:'AA'321-12:'AA'321

	U...A
	G...A

#  Matched base-pairing interactions: 
	<U(4:)-A(5:) cis W/W>                          MATCHES	<G(11:'AA'332)-A(12:'AA'321) cis W/W>
#  Matched base-stacking interactions: 

>>>>>>>>>>   ALIGNMENT ENDS   >>>>>>>>>>

<<<<<<<<<<  ALIGNMENT BEGINS  <<<<<<<<<<

#  Aligning c-loop_conseusus and 4v6y_AA:324-330_105-109_319-323:
#  Alignment score:  5.4
#  P-value:  1.000e+00
#  Query aligned region: 
#  Target aligned region: 

	
	

#  Matched base-pairing interactions: 
#  Matched base-stacking interactions: 

>>>>>>>>>>   ALIGNMENT ENDS   >>>>>>>>>>

<<<<<<<<<<  ALIGNMENT BEGINS  <<<<<<<<<<

#  Aligning c-loop_conseusus and 4v6y_AA:657-658_746-749_653-656:
#  Alignment score:  5
#  P-value:  1.000e+00
#  Query aligned region: 
#  Target aligned region: 

	
	

#  Matched base-pairing interactions: 
#  Matched base-stacking interactions: 

>>>>>>>>>>   ALIGNMENT ENDS   >>>>>>>>>>

<<<<<<<<<<  ALIGNMENT BEGINS  <<<<<<<<<<

#  Aligning c-loop_conseusus and 4v6y_AA:1253-1257_1274-1280:
#  Alignment score:  5
#  P-value:  1.000e+00
#  Query aligned region: 4-4,5-5
#  Target aligned region: 4:'AA'1259-4:'AA'1259,5:'AA'1276-5:'AA'1276

	U...A
	C...G

#  Matched base-pairing interactions: 
	<U(4:)-A(5:) cis W/W>                          MATCHES	<C(4:'AA'1259)-G(5:'AA'1276) cis W/W>
#  Matched base-stacking interactions: 

>>>>>>>>>>   ALIGNMENT ENDS   >>>>>>>>>>

<<<<<<<<<<  ALIGNMENT BEGINS  <<<<<<<<<<

#  Aligning c-loop_conseusus and 4v6y_AA:657-658_653-656_746-749:
#  Alignment score:  4.5
#  P-value:  1.000e+00
#  Query aligned region: 
#  Target aligned region: 

	
	

#  Matched base-pairing interactions: 
#  Matched base-stacking interactions: 

>>>>>>>>>>   ALIGNMENT ENDS   >>>>>>>>>>

<<<<<<<<<<  ALIGNMENT BEGINS  <<<<<<<<<<

#  Aligning c-loop_conseusus and 4v6y_AA:1313-1317_1356-1363_974-979:
#  Alignment score:  4.4
#  P-value:  1.000e+00
#  Query aligned region: 
#  Target aligned region: 

	
	

#  Matched base-pairing interactions: 
#  Matched base-stacking interactions: 

>>>>>>>>>>   ALIGNMENT ENDS   >>>>>>>>>>

<<<<<<<<<<  ALIGNMENT BEGINS  <<<<<<<<<<

#  Aligning c-loop_conseusus and 4v6y_AA:746-749_657-658_653-656:
#  Alignment score:  4.2
#  P-value:  1.000e+00
#  Query aligned region: 
#  Target aligned region: 

	
	

#  Matched base-pairing interactions: 
#  Matched base-stacking interactions: 

>>>>>>>>>>   ALIGNMENT ENDS   >>>>>>>>>>

<<<<<<<<<<  ALIGNMENT BEGINS  <<<<<<<<<<

#  Aligning c-loop_conseusus and 4v6y_AA:105-106_322-325_107-108:
#  Alignment score:  4.2
#  P-value:  1.000e+00
#  Query aligned region: 4-4,5-5
#  Target aligned region: 0:'AA'107-0:'AA'107,3:'AA'325-3:'AA'325

	U...A
	G...A

#  Matched base-pairing interactions: 
	<U(4:)-A(5:) cis W/W>                          MATCHES	<G(0:'AA'107)-A(3:'AA'325) cis -/->
#  Matched base-stacking interactions: 

>>>>>>>>>>   ALIGNMENT ENDS   >>>>>>>>>>

<<<<<<<<<<  ALIGNMENT BEGINS  <<<<<<<<<<

#  Aligning c-loop_conseusus and 4v6y_AA:1313-1317_974-979_1356-1363:
#  Alignment score:  4.2
#  P-value:  1.000e+00
#  Query aligned region: 
#  Target aligned region: 

	
	

#  Matched base-pairing interactions: 
#  Matched base-stacking interactions: 

>>>>>>>>>>   ALIGNMENT ENDS   >>>>>>>>>>

<<<<<<<<<<  ALIGNMENT BEGINS  <<<<<<<<<<

#  Aligning c-loop_conseusus and 4v6y_AA:1356-1363_1313-1317_974-979:
#  Alignment score:  4.2
#  P-value:  1.000e+00
#  Query aligned region: 
#  Target aligned region: 

	
	

#  Matched base-pairing interactions: 
#  Matched base-stacking interactions: 

>>>>>>>>>>   ALIGNMENT ENDS   >>>>>>>>>>

<<<<<<<<<<  ALIGNMENT BEGINS  <<<<<<<<<<

#  Aligning c-loop_conseusus and 4v6y_AA:974-979_1356-1363_1313-1317:
#  Alignment score:  4.1
#  P-value:  1.000e+00
#  Query aligned region: 
#  Target aligned region: 

	
	

#  Matched base-pairing interactions: 
#  Matched base-stacking interactions: 

>>>>>>>>>>   ALIGNMENT ENDS   >>>>>>>>>>

<<<<<<<<<<  ALIGNMENT BEGINS  <<<<<<<<<<

#  Aligning c-loop_conseusus and 4v6y_AA:1356-1363_974-979_1313-1317:
#  Alignment score:  4
#  P-value:  1.000e+00
#  Query aligned region: 
#  Target aligned region: 

	
	

#  Matched base-pairing interactions: 
#  Matched base-stacking interactions: 

>>>>>>>>>>   ALIGNMENT ENDS   >>>>>>>>>>

<<<<<<<<<<  ALIGNMENT BEGINS  <<<<<<<<<<

#  Aligning c-loop_conseusus and 4v6y_AA:974-979_1313-1317_1356-1363:
#  Alignment score:  4
#  P-value:  1.000e+00
#  Query aligned region: 
#  Target aligned region: 

	
	

#  Matched base-pairing interactions: 
#  Matched base-stacking interactions: 

>>>>>>>>>>   ALIGNMENT ENDS   >>>>>>>>>>

<<<<<<<<<<  ALIGNMENT BEGINS  <<<<<<<<<<

#  Aligning c-loop_conseusus and 4v6y_AA:107-108_322-325_105-106:
#  Alignment score:  2.1
#  P-value:  1.000e+00
#  Query aligned region: 
#  Target aligned region: 

	
	

#  Matched base-pairing interactions: 
#  Matched base-stacking interactions: 

>>>>>>>>>>   ALIGNMENT ENDS   >>>>>>>>>>

<<<<<<<<<<  ALIGNMENT BEGINS  <<<<<<<<<<

#  Aligning c-loop_conseusus and 4v6y_AA:107-108_105-106_322-325:
#  Alignment score:  2.1
#  P-value:  1.000e+00
#  Query aligned region: 
#  Target aligned region: 

	
	

#  Matched base-pairing interactions: 
#  Matched base-stacking interactions: 

>>>>>>>>>>   ALIGNMENT ENDS   >>>>>>>>>>

<<<<<<<<<<  ALIGNMENT BEGINS  <<<<<<<<<<

#  Aligning c-loop_conseusus and 4v6y_AA:322-325_107-108_105-106:
#  Alignment score:  2
#  P-value:  1.000e+00
#  Query aligned region: 
#  Target aligned region: 

	
	

#  Matched base-pairing interactions: 
#  Matched base-stacking interactions: 

>>>>>>>>>>   ALIGNMENT ENDS   >>>>>>>>>>

