$ /home/s081p868/scratch/RNAMotifScanX-release/bin/scan /home/s081p868/scratch/RNAMotifScanX-release/models/k-turn_consensus.struct /rfs/poseidon_share/s081p868/RNAMotifScanX_nr/rmsx_work_default/4v51/CA/4v51_CA.rmsx.in --map_pdb=/rfs/poseidon_share/s081p868/RNAMotifScanX_nr/rmsx_work_default/4v51/CA/4v51_CA.rmsx.nch --pvalue 1.0 --num_threads 16 --write_alignment
<<<<<<<<<<  ALIGNMENT BEGINS  <<<<<<<<<<

#  Aligning k-turn_consensus and 4v51_CA:235-238_239-247_270-281:
#  Alignment score:  79.8
#  P-value:  4.639e-02
#  Query aligned region: 2-4,5-10
#  Target aligned region: 3:'CA'243-3:'CA'243,6:'CA'246-7:'CA'247,15:'CA'277-20:'CA'282

	G~AG...CGAAGA
	A~AG...CGACGA

#  Matched base-pairing interactions: 
	<A(3:)-G(9:) trans H/S>                        MATCHES	<A(6:'CA'246)-G(19:'CA'281) trans H/S>
	<A(3:)-G(6:) trans S/S>                        MATCHES	<A(6:'CA'246)-G(16:'CA'278) cis -/->
	<G(4:)-A(10:) trans S/S>                       MATCHES	<G(7:'CA'247)-A(20:'CA'282) trans S/S>
	<G(4:)-C(5:) cis W/W>                          MATCHES	<G(7:'CA'247)-C(15:'CA'277) cis W/W>
	<G(2:)-A(10:) trans S/H>                       MATCHES	<A(3:'CA'243)-A(20:'CA'282) trans W/H>
#  Matched base-stacking interactions: 
	<A(3:)-A(10:) outward>                         MATCHES	<A(6:'CA'246)-A(20:'CA'282) outward>

>>>>>>>>>>   ALIGNMENT ENDS   >>>>>>>>>>

<<<<<<<<<<  ALIGNMENT BEGINS  <<<<<<<<<<

#  Aligning k-turn_consensus and 4v51_CA:761-765_1490-1500_783-787:
#  Alignment score:  65.3
#  P-value:  8.940e-02
#  Query aligned region: 0-4,5-12
#  Target aligned region: 0:'CA'778-3:'CA'781,7:'CA'1515-14:'CA'1522,17:'CA'801-20:'CA'804

	GGGA~G...C-G~GAAC
	GCAA~C...GGU~UAGU

#  Matched base-pairing interactions: 
	<A(3:)-G(6:) trans S/S>                        MATCHES	<A(3:'CA'781)-U(14:'CA'1522) trans S/S>
	<A(3:)-G(9:) trans H/S>                        MATCHES	<A(3:'CA'781)-U(17:'CA'801) trans H/W>
	<G(4:)-C(5:) cis W/W>                          MATCHES	<C(7:'CA'1515)-G(12:'CA'1520) cis W/W>
	<G(2:)-A(10:) trans S/H>                       MATCHES	<A(2:'CA'780)-A(18:'CA'802) trans S/H>
	<G(1:)-A(11:) trans S/H>                       MATCHES	<C(1:'CA'779)-G(19:'CA'803) cis W/W>
	<G(0:)-C(12:) cis W/W>                         MATCHES	<G(0:'CA'778)-U(20:'CA'804) cis W/W>
#  Matched base-stacking interactions: 
	<A(3:)-A(10:) outward>                         MATCHES	<A(3:'CA'781)-A(18:'CA'802) outward>

>>>>>>>>>>   ALIGNMENT ENDS   >>>>>>>>>>

<<<<<<<<<<  ALIGNMENT BEGINS  <<<<<<<<<<

#  Aligning k-turn_consensus and 4v51_CA:864-871_1395-1397_882-887:
#  Alignment score:  61
#  P-value:  1.142e-01
#  Query aligned region: 0-3,6-12
#  Target aligned region: 0:'CA'887-5:'CA'892,10:'CA'1415-10:'CA'1415,12:'CA'906-16:'CA'910

	GG--GA...G~GA-AC
	GGAGUA...G~GAAAC

#  Matched base-pairing interactions: 
	<A(3:)-G(9:) trans H/S>                        MATCHES	<A(5:'CA'892)-G(12:'CA'906) trans H/S>
	<G(1:)-A(11:) trans S/H>                       MATCHES	<G(1:'CA'888)-A(15:'CA'909) trans S/H>
	<G(2:)-A(10:) trans S/H>                       MATCHES	<U(4:'CA'891)-A(13:'CA'907) trans W/H>
	<A(3:)-G(6:) trans S/S>                        MATCHES	<A(5:'CA'892)-G(10:'CA'1415) trans S/S>
	<G(0:)-C(12:) cis W/W>                         MATCHES	<G(0:'CA'887)-C(16:'CA'910) cis W/W>
#  Matched base-stacking interactions: 
	<A(3:)-A(10:) outward>                         MATCHES	<A(5:'CA'892)-A(13:'CA'907) outward>

>>>>>>>>>>   ALIGNMENT ENDS   >>>>>>>>>>

<<<<<<<<<<  ALIGNMENT BEGINS  <<<<<<<<<<

#  Aligning k-turn_consensus and 4v51_CA:667-672_681-689:
#  Alignment score:  60
#  P-value:  1.214e-01
#  Query aligned region: 2-4,5-10
#  Target aligned region: 2:'CA'686-4:'CA'688,7:'CA'699-12:'CA'704

	GAG...CGAAGA
	UAG...CGCAGA

#  Matched base-pairing interactions: 
	<G(4:)-C(5:) cis W/W>                          MATCHES	<G(4:'CA'688)-C(7:'CA'699) cis W/W>
	<A(3:)-G(9:) trans H/S>                        MATCHES	<A(3:'CA'687)-G(11:'CA'703) trans H/S>
	<A(3:)-G(6:) trans S/S>                        MATCHES	<A(3:'CA'687)-G(8:'CA'700) cis -/->
	<G(4:)-A(10:) trans S/S>                       MATCHES	<G(4:'CA'688)-A(12:'CA'704) cis -/->
	<G(2:)-A(10:) trans S/H>                       MATCHES	<U(2:'CA'686)-A(12:'CA'704) trans W/H>
#  Matched base-stacking interactions: 
	<A(3:)-A(10:) outward>                         MATCHES	<A(3:'CA'687)-A(12:'CA'704) outward>

>>>>>>>>>>   ALIGNMENT ENDS   >>>>>>>>>>

<<<<<<<<<<  ALIGNMENT BEGINS  <<<<<<<<<<

#  Aligning k-turn_consensus and 4v51_CA:1310-1318_1279-1290_1218-1222:
#  Alignment score:  55.5
#  P-value:  1.643e-01
#  Query aligned region: 0-3,6-12
#  Target aligned region: 0:'CA'1329-3:'CA'1332,15:'CA'1304-19:'CA'1308

	GGGA...GAAGAAC
	AUGA...G--GAUU

#  Matched base-pairing interactions: 
	<A(3:)-G(9:) trans H/S>                        MATCHES	<A(3:'CA'1332)-G(16:'CA'1305) trans H/S>
	<G(2:)-A(10:) trans S/H>                       MATCHES	<G(2:'CA'1331)-A(17:'CA'1306) trans S/H>
	<A(3:)-G(6:) trans S/S>                        MATCHES	<A(3:'CA'1332)-G(15:'CA'1304) cis -/->
	<G(1:)-A(11:) trans S/H>                       MATCHES	<U(1:'CA'1330)-U(18:'CA'1307) cis W/W>
	<G(0:)-C(12:) cis W/W>                         MATCHES	<A(0:'CA'1329)-U(19:'CA'1308) cis W/W>
#  Matched base-stacking interactions: 
	<A(3:)-A(10:) outward>                         MATCHES	<A(3:'CA'1332)-A(17:'CA'1306) outward>

>>>>>>>>>>   ALIGNMENT ENDS   >>>>>>>>>>

<<<<<<<<<<  ALIGNMENT BEGINS  <<<<<<<<<<

#  Aligning k-turn_consensus and 4v51_CA:1249-1256_1293-1294_1241-1247:
#  Alignment score:  45.2
#  P-value:  4.191e-01
#  Query aligned region: 3-3,6-9
#  Target aligned region: 1:'CA'1269-1:'CA'1269,8:'CA'1312-8:'CA'1312,16:'CA'1266-16:'CA'1266

	A...G~G
	A...G~G

#  Matched base-pairing interactions: 
	<A(3:)-G(6:) trans S/S>                        MATCHES	<A(1:'CA'1269)-G(8:'CA'1312) trans S/S>
	<A(3:)-G(9:) trans H/S>                        MATCHES	<A(1:'CA'1269)-G(16:'CA'1266) trans H/S>
#  Matched base-stacking interactions: 

>>>>>>>>>>   ALIGNMENT ENDS   >>>>>>>>>>

<<<<<<<<<<  ALIGNMENT BEGINS  <<<<<<<<<<

#  Aligning k-turn_consensus and 4v51_CA:1329-1336_1325-1328_1350-1359:
#  Alignment score:  42.8
#  P-value:  5.655e-01
#  Query aligned region: 3-3,6-9
#  Target aligned region: 1:'CA'1349-1:'CA'1349,8:'CA'1344-8:'CA'1344,17:'CA'1373-17:'CA'1373

	A...G~G
	A...C~G

#  Matched base-pairing interactions: 
	<A(3:)-G(6:) trans S/S>                        MATCHES	<A(1:'CA'1349)-C(8:'CA'1344) trans S/S>
	<A(3:)-G(9:) trans H/S>                        MATCHES	<A(1:'CA'1349)-G(17:'CA'1373) trans H/S>
#  Matched base-stacking interactions: 

>>>>>>>>>>   ALIGNMENT ENDS   >>>>>>>>>>

<<<<<<<<<<  ALIGNMENT BEGINS  <<<<<<<<<<

#  Aligning k-turn_consensus and 4v51_CA:956-958_928-932_1204-1212:
#  Alignment score:  27.8
#  P-value:  1.000e+00
#  Query aligned region: 0-1,11-12
#  Target aligned region: 5:'CA'953-6:'CA'954,12:'CA'1227-13:'CA'1228

	GG...AC
	GG...AC

#  Matched base-pairing interactions: 
	<G(1:)-A(11:) trans S/H>                       MATCHES	<G(6:'CA'954)-A(12:'CA'1227) trans S/H>
	<G(0:)-C(12:) cis W/W>                         MATCHES	<G(5:'CA'953)-C(13:'CA'1228) cis W/W>
#  Matched base-stacking interactions: 

>>>>>>>>>>   ALIGNMENT ENDS   >>>>>>>>>>

<<<<<<<<<<  ALIGNMENT BEGINS  <<<<<<<<<<

#  Aligning k-turn_consensus and 4v51_CA:1395-1397_879-886_865-875:
#  Alignment score:  27.7
#  P-value:  1.000e+00
#  Query aligned region: 0-1,11-12
#  Target aligned region: 6:'CA'905-7:'CA'906,15:'CA'892-17:'CA'894

	GG...A-C
	UG...ACG

#  Matched base-pairing interactions: 
	<G(0:)-C(12:) cis W/W>                         MATCHES	<U(6:'CA'905)-G(17:'CA'894) cis W/W>
	<G(1:)-A(11:) trans S/H>                       MATCHES	<G(7:'CA'906)-A(15:'CA'892) trans S/H>
#  Matched base-stacking interactions: 

>>>>>>>>>>   ALIGNMENT ENDS   >>>>>>>>>>

<<<<<<<<<<  ALIGNMENT BEGINS  <<<<<<<<<<

#  Aligning k-turn_consensus and 4v51_CA:895-900_1374-1383_15-17:
#  Alignment score:  27.6
#  P-value:  1.000e+00
#  Query aligned region: 0-1,11-12
#  Target aligned region: 0:'CA'918-0:'CA'918,12:'CA'1398-13:'CA'1399,18:'CA'17-18:'CA'17

	G~G...A~C
	A~A...C~U

#  Matched base-pairing interactions: 
	<G(0:)-C(12:) cis W/W>                         MATCHES	<A(0:'CA'918)-U(18:'CA'17) cis W/W>
	<G(1:)-A(11:) trans S/H>                       MATCHES	<A(12:'CA'1398)-C(13:'CA'1399) trans S/H>
#  Matched base-stacking interactions: 

>>>>>>>>>>   ALIGNMENT ENDS   >>>>>>>>>>

<<<<<<<<<<  ALIGNMENT BEGINS  <<<<<<<<<<

#  Aligning k-turn_consensus and 4v51_CA:910-916_1355-1365_1325-1330:
#  Alignment score:  27.6
#  P-value:  1.000e+00
#  Query aligned region: 0-1,11-12
#  Target aligned region: 6:'CA'939-6:'CA'939,11:'CA'1377-12:'CA'1378,18:'CA'1344-18:'CA'1344

	G~G...A~C
	G~A...C~C

#  Matched base-pairing interactions: 
	<G(0:)-C(12:) cis W/W>                         MATCHES	<G(6:'CA'939)-C(18:'CA'1344) cis W/W>
	<G(1:)-A(11:) trans S/H>                       MATCHES	<A(11:'CA'1377)-C(12:'CA'1378) trans S/H>
#  Matched base-stacking interactions: 

>>>>>>>>>>   ALIGNMENT ENDS   >>>>>>>>>>

<<<<<<<<<<  ALIGNMENT BEGINS  <<<<<<<<<<

#  Aligning k-turn_consensus and 4v51_CA:729-738_634-643:
#  Alignment score:  27.2
#  P-value:  1.000e+00
#  Query aligned region: 0-4,5-12
#  Target aligned region: 3:'CA'749-9:'CA'755,10:'CA'651-16:'CA'657

	G-GGAG...C~GAAG-AA-C
	CGUGAC...G~C--UAGACG

#  Matched base-pairing interactions: 
	<G(0:)-C(12:) cis W/W>                         MATCHES	<C(3:'CA'749)-G(16:'CA'657) cis W/W>
	<G(1:)-A(11:) trans S/H>                       MATCHES	<U(5:'CA'751)-A(14:'CA'655) cis W/W>
	<G(2:)-A(10:) trans S/H>                       MATCHES	<G(6:'CA'752)-G(13:'CA'654) trans S/H>
	<A(3:)-G(9:) trans H/S>                        MATCHES	<A(7:'CA'753)-U(11:'CA'652) trans H/W>
	<G(4:)-C(5:) cis W/W>                          MATCHES	<C(8:'CA'754)-G(9:'CA'755) trans S/H>
	<A(3:)-G(6:) trans S/S>                        MATCHES	<A(7:'CA'753)-C(10:'CA'651) cis -/->
	<G(4:)-A(10:) trans S/S>                       MATCHES	<C(8:'CA'754)-G(13:'CA'654) cis W/W>
#  Matched base-stacking interactions: 
	<A(3:)-A(10:) outward>                         MATCHES	<A(7:'CA'753)-G(13:'CA'654) outward>

>>>>>>>>>>   ALIGNMENT ENDS   >>>>>>>>>>

<<<<<<<<<<  ALIGNMENT BEGINS  <<<<<<<<<<

#  Aligning k-turn_consensus and 4v51_CA:431-437_476-482_399-401:
#  Alignment score:  25.7
#  P-value:  1.000e+00
#  Query aligned region: 0-1,11-12
#  Target aligned region: 0:'CA'436-2:'CA'438,11:'CA'496-11:'CA'496,16:'CA'406-16:'CA'406

	G-G...A~C
	CUG...A~G

#  Matched base-pairing interactions: 
	<G(0:)-C(12:) cis W/W>                         MATCHES	<C(0:'CA'436)-G(16:'CA'406) cis W/W>
	<G(1:)-A(11:) trans S/H>                       MATCHES	<G(2:'CA'438)-A(11:'CA'496) trans S/H>
#  Matched base-stacking interactions: 

>>>>>>>>>>   ALIGNMENT ENDS   >>>>>>>>>>

<<<<<<<<<<  ALIGNMENT BEGINS  <<<<<<<<<<

#  Aligning k-turn_consensus and 4v51_CA:451-459:
#  Alignment score:  25.5
#  P-value:  1.000e+00
#  Query aligned region: 0-1,11-12
#  Target aligned region: 1:'CA'458-8:'CA'474

	GG...A-C
	CG...AGG

#  Matched base-pairing interactions: 
	<G(0:)-C(12:) cis W/W>                         MATCHES	<C(1:'CA'458)-G(8:'CA'474) cis W/W>
	<G(1:)-A(11:) trans S/H>                       MATCHES	<G(2:'CA'460)-A(6:'CA'472) trans S/H>
#  Matched base-stacking interactions: 

>>>>>>>>>>   ALIGNMENT ENDS   >>>>>>>>>>

<<<<<<<<<<  ALIGNMENT BEGINS  <<<<<<<<<<

#  Aligning k-turn_consensus and 4v51_CA:837-846_890-896_16-22:
#  Alignment score:  25
#  P-value:  1.000e+00
#  Query aligned region: 3-3,6-9
#  Target aligned region: 4:'CA'864-4:'CA'864,14:'CA'917-14:'CA'917,19:'CA'18-19:'CA'18

	A...G~G
	A...G~C

#  Matched base-pairing interactions: 
	<A(3:)-G(6:) trans S/S>                        MATCHES	<A(4:'CA'864)-G(14:'CA'917) trans S/S>
	<A(3:)-G(9:) trans H/S>                        MATCHES	<A(4:'CA'864)-C(19:'CA'18) cis S/S>
#  Matched base-stacking interactions: 

>>>>>>>>>>   ALIGNMENT ENDS   >>>>>>>>>>

<<<<<<<<<<  ALIGNMENT BEGINS  <<<<<<<<<<

#  Aligning k-turn_consensus and 4v51_CA:1395-1397_865-875_879-886:
#  Alignment score:  24.6
#  P-value:  1.000e+00
#  Query aligned region: 1-1,11-11
#  Target aligned region: 3:'CA'888-3:'CA'888,21:'CA'909-21:'CA'909

	G...A
	G...A

#  Matched base-pairing interactions: 
	<G(1:)-A(11:) trans S/H>                       MATCHES	<G(3:'CA'888)-A(21:'CA'909) trans S/H>
#  Matched base-stacking interactions: 

>>>>>>>>>>   ALIGNMENT ENDS   >>>>>>>>>>

<<<<<<<<<<  ALIGNMENT BEGINS  <<<<<<<<<<

#  Aligning k-turn_consensus and 4v51_CA:556-559_546-552_857-860:
#  Alignment score:  24.6
#  P-value:  1.000e+00
#  Query aligned region: 3-3,6-9
#  Target aligned region: 1:'CA'574-1:'CA'574,9:'CA'568-9:'CA'568,13:'CA'882-13:'CA'882

	A...G~G
	A...G~C

#  Matched base-pairing interactions: 
	<A(3:)-G(6:) trans S/S>                        MATCHES	<A(1:'CA'574)-G(9:'CA'568) trans S/S>
	<A(3:)-G(9:) trans H/S>                        MATCHES	<A(1:'CA'574)-C(13:'CA'882) cis S/S>
#  Matched base-stacking interactions: 

>>>>>>>>>>   ALIGNMENT ENDS   >>>>>>>>>>

<<<<<<<<<<  ALIGNMENT BEGINS  <<<<<<<<<<

#  Aligning k-turn_consensus and 4v51_CA:1420-1441:
#  Alignment score:  24.4
#  P-value:  1.000e+00
#  Query aligned region: 0-1,11-12
#  Target aligned region: 2:'CA'1440-18:'CA'1461

	GG...AC
	CG...AG

#  Matched base-pairing interactions: 
	<G(1:)-A(11:) trans S/H>                       MATCHES	<G(3:'CA'1441)-A(17:'CA'1460) trans S/H>
	<G(0:)-C(12:) cis W/W>                         MATCHES	<C(2:'CA'1440)-G(18:'CA'1461) cis W/W>
#  Matched base-stacking interactions: 

>>>>>>>>>>   ALIGNMENT ENDS   >>>>>>>>>>

<<<<<<<<<<  ALIGNMENT BEGINS  <<<<<<<<<<

#  Aligning k-turn_consensus and 4v51_CA:783-787_761-765_1490-1500:
#  Alignment score:  23.8
#  P-value:  1.000e+00
#  Query aligned region: 1-1,11-11
#  Target aligned region: 0:'CA'800-0:'CA'800,9:'CA'782-9:'CA'782

	G...A
	G...A

#  Matched base-pairing interactions: 
	<G(1:)-A(11:) trans S/H>                       MATCHES	<G(0:'CA'800)-A(9:'CA'782) trans S/H>
#  Matched base-stacking interactions: 

>>>>>>>>>>   ALIGNMENT ENDS   >>>>>>>>>>

<<<<<<<<<<  ALIGNMENT BEGINS  <<<<<<<<<<

#  Aligning k-turn_consensus and 4v51_CA:749-751_1482-1490_1498-1507:
#  Alignment score:  23.8
#  P-value:  1.000e+00
#  Query aligned region: 3-3,6-9
#  Target aligned region: 1:'CA'767-1:'CA'767,9:'CA'1511-9:'CA'1511,15:'CA'1524-15:'CA'1524

	A...G~G
	A...G~C

#  Matched base-pairing interactions: 
	<A(3:)-G(6:) trans S/S>                        MATCHES	<A(1:'CA'767)-G(9:'CA'1511) trans S/S>
	<A(3:)-G(9:) trans H/S>                        MATCHES	<A(1:'CA'767)-C(15:'CA'1524) cis S/S>
#  Matched base-stacking interactions: 

>>>>>>>>>>   ALIGNMENT ENDS   >>>>>>>>>>

<<<<<<<<<<  ALIGNMENT BEGINS  <<<<<<<<<<

#  Aligning k-turn_consensus and 4v51_CA:1341-1345_953-958_1295-1304:
#  Alignment score:  23.8
#  P-value:  1.000e+00
#  Query aligned region: 1-1,11-11
#  Target aligned region: 8:'CA'979-8:'CA'979,14:'CA'1317-14:'CA'1317

	G...A
	C...C

#  Matched base-pairing interactions: 
	<G(1:)-A(11:) trans S/H>                       MATCHES	<C(8:'CA'979)-C(14:'CA'1317) trans S/H>
#  Matched base-stacking interactions: 

>>>>>>>>>>   ALIGNMENT ENDS   >>>>>>>>>>

<<<<<<<<<<  ALIGNMENT BEGINS  <<<<<<<<<<

#  Aligning k-turn_consensus and 4v51_CA:855-857_559-567_739-746:
#  Alignment score:  23.2
#  P-value:  1.000e+00
#  Query aligned region: 0-1,11-12
#  Target aligned region: 7:'CA'580-8:'CA'581,16:'CA'760-17:'CA'761

	GG...AC
	UG...GG

#  Matched base-pairing interactions: 
	<G(1:)-A(11:) trans S/H>                       MATCHES	<G(8:'CA'581)-G(16:'CA'760) trans S/H>
	<G(0:)-C(12:) cis W/W>                         MATCHES	<U(7:'CA'580)-G(17:'CA'761) cis W/W>
#  Matched base-stacking interactions: 

>>>>>>>>>>   ALIGNMENT ENDS   >>>>>>>>>>

<<<<<<<<<<  ALIGNMENT BEGINS  <<<<<<<<<<

#  Aligning k-turn_consensus and 4v51_CA:677-688_780-781_670-675:
#  Alignment score:  23.2
#  P-value:  1.000e+00
#  Query aligned region: 3-3,6-9
#  Target aligned region: 2:'CA'696-2:'CA'696,12:'CA'797-12:'CA'797,18:'CA'691-18:'CA'691

	A...G~G
	A...C~G

#  Matched base-pairing interactions: 
	<A(3:)-G(9:) trans H/S>                        MATCHES	<A(2:'CA'696)-G(18:'CA'691) trans H/S>
	<A(3:)-G(6:) trans S/S>                        MATCHES	<A(2:'CA'696)-C(12:'CA'797) cis -/->
#  Matched base-stacking interactions: 

>>>>>>>>>>   ALIGNMENT ENDS   >>>>>>>>>>

<<<<<<<<<<  ALIGNMENT BEGINS  <<<<<<<<<<

#  Aligning k-turn_consensus and 4v51_CA:319-322_97-104_60-63:
#  Alignment score:  23
#  P-value:  1.000e+00
#  Query aligned region: 1-1,11-11
#  Target aligned region: 0:'CA'324-0:'CA'324,9:'CA'109-9:'CA'109

	G...A
	G...A

#  Matched base-pairing interactions: 
	<G(1:)-A(11:) trans S/H>                       MATCHES	<G(0:'CA'324)-A(9:'CA'109) trans S/H>
#  Matched base-stacking interactions: 

>>>>>>>>>>   ALIGNMENT ENDS   >>>>>>>>>>

<<<<<<<<<<  ALIGNMENT BEGINS  <<<<<<<<<<

#  Aligning k-turn_consensus and 4v51_CA:441-446_464-471_366-369:
#  Alignment score:  23
#  P-value:  1.000e+00
#  Query aligned region: 1-1,11-11
#  Target aligned region: 0:'CA'447-0:'CA'447,13:'CA'487-13:'CA'487

	G...A
	G...A

#  Matched base-pairing interactions: 
	<G(1:)-A(11:) trans S/H>                       MATCHES	<G(0:'CA'447)-A(13:'CA'487) trans S/H>
#  Matched base-stacking interactions: 

>>>>>>>>>>   ALIGNMENT ENDS   >>>>>>>>>>

<<<<<<<<<<  ALIGNMENT BEGINS  <<<<<<<<<<

#  Aligning k-turn_consensus and 4v51_CA:910-916_1325-1330_1355-1365:
#  Alignment score:  22.8
#  P-value:  1.000e+00
#  Query aligned region: 0-1,11-12
#  Target aligned region: 3:'CA'936-4:'CA'937,18:'CA'1378-19:'CA'1379

	GG...AC
	CA...CG

#  Matched base-pairing interactions: 
	<G(1:)-A(11:) trans S/H>                       MATCHES	<A(4:'CA'937)-C(18:'CA'1378) trans S/H>
	<G(0:)-C(12:) cis W/W>                         MATCHES	<C(3:'CA'936)-G(19:'CA'1379) cis W/W>
#  Matched base-stacking interactions: 

>>>>>>>>>>   ALIGNMENT ENDS   >>>>>>>>>>

<<<<<<<<<<  ALIGNMENT BEGINS  <<<<<<<<<<

#  Aligning k-turn_consensus and 4v51_CA:885-892_862-866_20-22:
#  Alignment score:  22.8
#  P-value:  1.000e+00
#  Query aligned region: 3-3,6-9
#  Target aligned region: 6:'CA'914-6:'CA'914,8:'CA'885-8:'CA'885,14:'CA'21-14:'CA'21

	A...G~G
	A...G~G

#  Matched base-pairing interactions: 
	<A(3:)-G(9:) trans H/S>                        MATCHES	<A(6:'CA'914)-G(14:'CA'21) trans H/S>
	<A(3:)-G(6:) trans S/S>                        MATCHES	<A(6:'CA'914)-G(8:'CA'885) cis -/->
#  Matched base-stacking interactions: 

>>>>>>>>>>   ALIGNMENT ENDS   >>>>>>>>>>

<<<<<<<<<<  ALIGNMENT BEGINS  <<<<<<<<<<

#  Aligning k-turn_consensus and 4v51_CA:1415-1417_311-316_327-333:
#  Alignment score:  22.6
#  P-value:  1.000e+00
#  Query aligned region: 3-3,6-9
#  Target aligned region: 1:'CA'1434-1:'CA'1434,6:'CA'319-6:'CA'319,11:'CA'334-11:'CA'334

	A...G~G
	A...G~C

#  Matched base-pairing interactions: 
	<A(3:)-G(6:) trans S/S>                        MATCHES	<A(1:'CA'1434)-G(6:'CA'319) trans S/S>
	<A(3:)-G(9:) trans H/S>                        MATCHES	<A(1:'CA'1434)-C(11:'CA'334) cis S/S>
#  Matched base-stacking interactions: 

>>>>>>>>>>   ALIGNMENT ENDS   >>>>>>>>>>

<<<<<<<<<<  ALIGNMENT BEGINS  <<<<<<<<<<

#  Aligning k-turn_consensus and 4v51_CA:201-204_132-138_214-221:
#  Alignment score:  22.6
#  P-value:  1.000e+00
#  Query aligned region: 3-3,6-9
#  Target aligned region: 1:'CA'196-1:'CA'196,8:'CA'142-8:'CA'142,13:'CA'221-13:'CA'221

	A...G~G
	A...G~C

#  Matched base-pairing interactions: 
	<A(3:)-G(6:) trans S/S>                        MATCHES	<A(1:'CA'196)-G(8:'CA'142) trans S/S>
	<A(3:)-G(9:) trans H/S>                        MATCHES	<A(1:'CA'196)-C(13:'CA'221) cis S/S>
#  Matched base-stacking interactions: 

>>>>>>>>>>   ALIGNMENT ENDS   >>>>>>>>>>

<<<<<<<<<<  ALIGNMENT BEGINS  <<<<<<<<<<

#  Aligning k-turn_consensus and 4v51_CA:678-680_763-771_775-785:
#  Alignment score:  22.6
#  P-value:  1.000e+00
#  Query aligned region: 1-1,11-11
#  Target aligned region: 3:'CA'780-3:'CA'780,22:'CA'802-22:'CA'802

	G...A
	A...A

#  Matched base-pairing interactions: 
	<G(1:)-A(11:) trans S/H>                       MATCHES	<A(3:'CA'780)-A(22:'CA'802) trans S/H>
#  Matched base-stacking interactions: 

>>>>>>>>>>   ALIGNMENT ENDS   >>>>>>>>>>

<<<<<<<<<<  ALIGNMENT BEGINS  <<<<<<<<<<

#  Aligning k-turn_consensus and 4v51_CA:769-779_1496-1502_1483-1493:
#  Alignment score:  19.4
#  P-value:  1.000e+00
#  Query aligned region: 3-3,6-9
#  Target aligned region: 8:'CA'794-8:'CA'794,13:'CA'1521-13:'CA'1521,18:'CA'1506-18:'CA'1506

	A...G~G
	A...G~U

#  Matched base-pairing interactions: 
	<A(3:)-G(6:) trans S/S>                        MATCHES	<A(8:'CA'794)-G(13:'CA'1521) trans S/S>
	<A(3:)-G(9:) trans H/S>                        MATCHES	<A(8:'CA'794)-U(18:'CA'1506) trans S/W>
#  Matched base-stacking interactions: 

>>>>>>>>>>   ALIGNMENT ENDS   >>>>>>>>>>

<<<<<<<<<<  ALIGNMENT BEGINS  <<<<<<<<<<

#  Aligning k-turn_consensus and 4v51_CA:1042-1050_1089-1091_1171-1178:
#  Alignment score:  19.4
#  P-value:  1.000e+00
#  Query aligned region: 2-4,5-10
#  Target aligned region: 6:'CA'1066-8:'CA'1068,9:'CA'1107-10:'CA'1108,13:'CA'1191-13:'CA'1191

	GAG...CG~A
	CAG...CG~A

#  Matched base-pairing interactions: 
	<G(4:)-A(10:) trans S/S>                       MATCHES	<G(8:'CA'1068)-A(13:'CA'1191) trans S/S>
	<G(2:)-A(10:) trans S/H>                       MATCHES	<C(6:'CA'1066)-A(13:'CA'1191) trans W/H>
	<G(4:)-C(5:) cis W/W>                          MATCHES	<G(8:'CA'1068)-C(9:'CA'1107) cis W/W>
	<A(3:)-G(6:) trans S/S>                        MATCHES	<A(7:'CA'1067)-G(10:'CA'1108) cis -/->
#  Matched base-stacking interactions: 

>>>>>>>>>>   ALIGNMENT ENDS   >>>>>>>>>>

<<<<<<<<<<  ALIGNMENT BEGINS  <<<<<<<<<<

#  Aligning k-turn_consensus and 4v51_CA:645-649_704-716_723-727:
#  Alignment score:  19.2
#  P-value:  1.000e+00
#  Query aligned region: 0-1,11-12
#  Target aligned region: 0:'CA'662-0:'CA'662,11:'CA'727-14:'CA'730,21:'CA'743-21:'CA'743

	G~G...A~C
	G~G...G~U

#  Matched base-pairing interactions: 
	<G(0:)-C(12:) cis W/W>                         MATCHES	<G(0:'CA'662)-U(21:'CA'743) cis W/W>
	<G(1:)-A(11:) trans S/H>                       MATCHES	<G(11:'CA'727)-G(14:'CA'730) trans S/H>
#  Matched base-stacking interactions: 

>>>>>>>>>>   ALIGNMENT ENDS   >>>>>>>>>>

<<<<<<<<<<  ALIGNMENT BEGINS  <<<<<<<<<<

#  Aligning k-turn_consensus and 4v51_CA:1341-1345_1295-1304_953-958:
#  Alignment score:  17.4
#  P-value:  1.000e+00
#  Query aligned region: 1-1,11-11
#  Target aligned region: 16:'CA'977-19:'CA'980

	G...A
	A...C

#  Matched base-pairing interactions: 
	<G(1:)-A(11:) trans S/H>                       MATCHES	<A(16:'CA'977)-C(19:'CA'980) trans S/H>
#  Matched base-stacking interactions: 

>>>>>>>>>>   ALIGNMENT ENDS   >>>>>>>>>>

<<<<<<<<<<  ALIGNMENT BEGINS  <<<<<<<<<<

#  Aligning k-turn_consensus and 4v51_CA:1239-1246_1251-1260:
#  Alignment score:  16.8
#  P-value:  1.000e+00
#  Query aligned region: 3-3,6-9
#  Target aligned region: 3:'CA'1261-4:'CA'1262,12:'CA'1274-12:'CA'1274

	A...G~G
	A...C~G

#  Matched base-pairing interactions: 
	<A(3:)-G(9:) trans H/S>                        MATCHES	<A(3:'CA'1261)-G(12:'CA'1274) trans H/S>
	<A(3:)-G(6:) trans S/S>                        MATCHES	<A(3:'CA'1261)-C(4:'CA'1262) cis -/->
#  Matched base-stacking interactions: 

>>>>>>>>>>   ALIGNMENT ENDS   >>>>>>>>>>

<<<<<<<<<<  ALIGNMENT BEGINS  <<<<<<<<<<

#  Aligning k-turn_consensus and 4v51_CA:857-860_546-558_841-843:
#  Alignment score:  15
#  P-value:  1.000e+00
#  Query aligned region: 0-1,11-12
#  Target aligned region: 11:'CA'570-12:'CA'571,18:'CA'865-19:'CA'866

	GG...AC
	GU...AC

#  Matched base-pairing interactions: 
	<G(1:)-A(11:) trans S/H>                       MATCHES	<U(12:'CA'571)-A(18:'CA'865) cis W/W>
	<G(0:)-C(12:) cis W/W>                         MATCHES	<G(11:'CA'570)-C(19:'CA'866) cis W/W>
#  Matched base-stacking interactions: 

>>>>>>>>>>   ALIGNMENT ENDS   >>>>>>>>>>

<<<<<<<<<<  ALIGNMENT BEGINS  <<<<<<<<<<

#  Aligning k-turn_consensus and 4v51_CA:751-761_787-794_697-698:
#  Alignment score:  14.6
#  P-value:  1.000e+00
#  Query aligned region: 0-1,11-12
#  Target aligned region: 0:'CA'768-1:'CA'769,17:'CA'810-18:'CA'811

	GG...AC
	AG...CC

#  Matched base-pairing interactions: 
	<G(1:)-A(11:) trans S/H>                       MATCHES	<G(1:'CA'769)-C(17:'CA'810) cis W/W>
	<G(0:)-C(12:) cis W/W>                         MATCHES	<A(0:'CA'768)-C(18:'CA'811) cis W/W>
#  Matched base-stacking interactions: 

>>>>>>>>>>   ALIGNMENT ENDS   >>>>>>>>>>

<<<<<<<<<<  ALIGNMENT BEGINS  <<<<<<<<<<

#  Aligning k-turn_consensus and 4v51_CA:509-519_499-505:
#  Alignment score:  14.6
#  P-value:  1.000e+00
#  Query aligned region: 0-1,11-12
#  Target aligned region: 1:'CA'527-2:'CA'528,16:'CA'521-17:'CA'522

	GG...AC
	GC...GC

#  Matched base-pairing interactions: 
	<G(1:)-A(11:) trans S/H>                       MATCHES	<C(2:'CA'528)-G(16:'CA'521) cis W/W>
	<G(0:)-C(12:) cis W/W>                         MATCHES	<G(1:'CA'527)-C(17:'CA'522) cis W/W>
#  Matched base-stacking interactions: 

>>>>>>>>>>   ALIGNMENT ENDS   >>>>>>>>>>

<<<<<<<<<<  ALIGNMENT BEGINS  <<<<<<<<<<

#  Aligning k-turn_consensus and 4v51_CA:866-875_878-885_794-795:
#  Alignment score:  14.2
#  P-value:  1.000e+00
#  Query aligned region: 0-1,11-12
#  Target aligned region: 8:'CA'897-9:'CA'898,10:'CA'901-11:'CA'902

	GG...AC
	CG...AG

#  Matched base-pairing interactions: 
	<G(1:)-A(11:) trans S/H>                       MATCHES	<G(9:'CA'898)-A(10:'CA'901) cis -/->
	<G(0:)-C(12:) cis W/W>                         MATCHES	<C(8:'CA'897)-G(11:'CA'902) cis W/W>
#  Matched base-stacking interactions: 

>>>>>>>>>>   ALIGNMENT ENDS   >>>>>>>>>>

<<<<<<<<<<  ALIGNMENT BEGINS  <<<<<<<<<<

#  Aligning k-turn_consensus and 4v51_CA:1171-1178_1089-1091_1042-1050:
#  Alignment score:  14
#  P-value:  1.000e+00
#  Query aligned region: 0-1,11-12
#  Target aligned region: 3:'CA'1193-4:'CA'1194,13:'CA'1062-14:'CA'1063

	GG...AC
	GU...UC

#  Matched base-pairing interactions: 
	<G(1:)-A(11:) trans S/H>                       MATCHES	<U(4:'CA'1194)-U(13:'CA'1062) cis W/W>
	<G(0:)-C(12:) cis W/W>                         MATCHES	<G(3:'CA'1193)-C(14:'CA'1063) cis W/W>
#  Matched base-stacking interactions: 

>>>>>>>>>>   ALIGNMENT ENDS   >>>>>>>>>>

<<<<<<<<<<  ALIGNMENT BEGINS  <<<<<<<<<<

#  Aligning k-turn_consensus and 4v51_CA:998-1001_1002-1004_984-987:
#  Alignment score:  14
#  P-value:  1.000e+00
#  Query aligned region: 0-1,11-12
#  Target aligned region: 2:'CA'1022-2:'CA'1022,5:'CA'1025-6:'CA'1026,8:'CA'1007-8:'CA'1007

	G~G...A~C
	G~U...G~C

#  Matched base-pairing interactions: 
	<G(0:)-C(12:) cis W/W>                         MATCHES	<G(2:'CA'1022)-C(8:'CA'1007) cis W/W>
	<G(1:)-A(11:) trans S/H>                       MATCHES	<U(5:'CA'1025)-G(6:'CA'1026) cis S/H>
#  Matched base-stacking interactions: 

>>>>>>>>>>   ALIGNMENT ENDS   >>>>>>>>>>

<<<<<<<<<<  ALIGNMENT BEGINS  <<<<<<<<<<

#  Aligning k-turn_consensus and 4v51_CA:95-100_65-68_60-64:
#  Alignment score:  13.8
#  P-value:  1.000e+00
#  Query aligned region: 0-1,11-12
#  Target aligned region: 0:'CA'102-1:'CA'103,7:'CA'66-8:'CA'67

	GG...AC
	GC...GC

#  Matched base-pairing interactions: 
	<G(1:)-A(11:) trans S/H>                       MATCHES	<C(1:'CA'103)-G(7:'CA'66) cis W/W>
	<G(0:)-C(12:) cis W/W>                         MATCHES	<G(0:'CA'102)-C(8:'CA'67) cis W/W>
#  Matched base-stacking interactions: 

>>>>>>>>>>   ALIGNMENT ENDS   >>>>>>>>>>

<<<<<<<<<<  ALIGNMENT BEGINS  <<<<<<<<<<

#  Aligning k-turn_consensus and 4v51_CA:1441-1446_1413-1420_329-330:
#  Alignment score:  13.8
#  P-value:  1.000e+00
#  Query aligned region: 0-1,11-12
#  Target aligned region: 0:'CA'1464-1:'CA'1465,11:'CA'1436-12:'CA'1437

	GG...AC
	GC...UC

#  Matched base-pairing interactions: 
	<G(1:)-A(11:) trans S/H>                       MATCHES	<C(1:'CA'1465)-U(11:'CA'1436) cis W/W>
	<G(0:)-C(12:) cis W/W>                         MATCHES	<G(0:'CA'1464)-C(12:'CA'1437) cis W/W>
#  Matched base-stacking interactions: 

>>>>>>>>>>   ALIGNMENT ENDS   >>>>>>>>>>

<<<<<<<<<<  ALIGNMENT BEGINS  <<<<<<<<<<

#  Aligning k-turn_consensus and 4v51_CA:1488-1502_1471-1476_1385-1390:
#  Alignment score:  13.8
#  P-value:  1.000e+00
#  Query aligned region: 0-1,11-12
#  Target aligned region: 15:'CA'1494-16:'CA'1495,24:'CA'1406-25:'CA'1407

	GG...AC
	GU...UC

#  Matched base-pairing interactions: 
	<G(1:)-A(11:) trans S/H>                       MATCHES	<U(16:'CA'1495)-U(24:'CA'1406) cis W/W>
	<G(0:)-C(12:) cis W/W>                         MATCHES	<G(15:'CA'1494)-C(25:'CA'1407) cis W/W>
#  Matched base-stacking interactions: 

>>>>>>>>>>   ALIGNMENT ENDS   >>>>>>>>>>

<<<<<<<<<<  ALIGNMENT BEGINS  <<<<<<<<<<

#  Aligning k-turn_consensus and 4v51_CA:1483-1493_1496-1502_769-779:
#  Alignment score:  13.6
#  P-value:  1.000e+00
#  Query aligned region: 0-1,11-12
#  Target aligned region: 9:'CA'1515-10:'CA'1516,11:'CA'1519-12:'CA'1520

	GG...AC
	CG...AG

#  Matched base-pairing interactions: 
	<G(1:)-A(11:) trans S/H>                       MATCHES	<G(10:'CA'1516)-A(11:'CA'1519) cis -/->
	<G(0:)-C(12:) cis W/W>                         MATCHES	<C(9:'CA'1515)-G(12:'CA'1520) cis W/W>
#  Matched base-stacking interactions: 

>>>>>>>>>>   ALIGNMENT ENDS   >>>>>>>>>>

<<<<<<<<<<  ALIGNMENT BEGINS  <<<<<<<<<<

#  Aligning k-turn_consensus and 4v51_CA:810-812_832-840_842-851:
#  Alignment score:  13.6
#  P-value:  1.000e+00
#  Query aligned region: 0-1,11-12
#  Target aligned region: 10:'CA'862-11:'CA'863,13:'CA'866-14:'CA'867

	GG...AC
	CU...CG

#  Matched base-pairing interactions: 
	<G(1:)-A(11:) trans S/H>                       MATCHES	<U(11:'CA'863)-C(13:'CA'866) cis -/->
	<G(0:)-C(12:) cis W/W>                         MATCHES	<C(10:'CA'862)-G(14:'CA'867) cis W/W>
#  Matched base-stacking interactions: 

>>>>>>>>>>   ALIGNMENT ENDS   >>>>>>>>>>

<<<<<<<<<<  ALIGNMENT BEGINS  <<<<<<<<<<

#  Aligning k-turn_consensus and 4v51_CA:35-39_527-533_481-485:
#  Alignment score:  13.4
#  P-value:  1.000e+00
#  Query aligned region: 0-1,11-12
#  Target aligned region: 6:'CA'545-7:'CA'546,13:'CA'499-14:'CA'500

	GG...AC
	CG...AG

#  Matched base-pairing interactions: 
	<G(1:)-A(11:) trans S/H>                       MATCHES	<G(7:'CA'546)-A(13:'CA'499) cis -/->
	<G(0:)-C(12:) cis W/W>                         MATCHES	<C(6:'CA'545)-G(14:'CA'500) cis W/W>
#  Matched base-stacking interactions: 

>>>>>>>>>>   ALIGNMENT ENDS   >>>>>>>>>>

<<<<<<<<<<  ALIGNMENT BEGINS  <<<<<<<<<<

#  Aligning k-turn_consensus and 4v51_CA:510-516_518-520_498-503:
#  Alignment score:  13.4
#  P-value:  1.000e+00
#  Query aligned region: 3-3,6-9
#  Target aligned region: 6:'CA'533-6:'CA'533,7:'CA'535-7:'CA'535,11:'CA'516-11:'CA'516

	A...G~G
	A...A~U

#  Matched base-pairing interactions: 
	<A(3:)-G(9:) trans H/S>                        MATCHES	<A(6:'CA'533)-U(11:'CA'516) trans H/W>
	<A(3:)-G(6:) trans S/S>                        MATCHES	<A(6:'CA'533)-A(7:'CA'535) trans S/S>
#  Matched base-stacking interactions: 

>>>>>>>>>>   ALIGNMENT ENDS   >>>>>>>>>>

<<<<<<<<<<  ALIGNMENT BEGINS  <<<<<<<<<<

#  Aligning k-turn_consensus and 4v51_CA:97-104_319-322_60-63:
#  Alignment score:  13.2
#  P-value:  1.000e+00
#  Query aligned region: 0-1,11-12
#  Target aligned region: 2:'CA'106-3:'CA'107,12:'CA'60-13:'CA'61

	GG...AC
	CG...AG

#  Matched base-pairing interactions: 
	<G(1:)-A(11:) trans S/H>                       MATCHES	<G(3:'CA'107)-A(12:'CA'60) trans S/S>
	<G(0:)-C(12:) cis W/W>                         MATCHES	<C(2:'CA'106)-G(13:'CA'61) cis W/W>
#  Matched base-stacking interactions: 

>>>>>>>>>>   ALIGNMENT ENDS   >>>>>>>>>>

<<<<<<<<<<  ALIGNMENT BEGINS  <<<<<<<<<<

#  Aligning k-turn_consensus and 4v51_CA:1460-1465_865-868_1394-1400:
#  Alignment score:  12.6
#  P-value:  1.000e+00
#  Query aligned region: 3-3,6-9
#  Target aligned region: 5:'CA'1488-5:'CA'1488,6:'CA'888-6:'CA'888,10:'CA'1412-10:'CA'1412

	A...G~G
	G...G~C

#  Matched base-pairing interactions: 
	<A(3:)-G(6:) trans S/S>                        MATCHES	<G(5:'CA'1488)-G(6:'CA'888) trans S/S>
	<A(3:)-G(9:) trans H/S>                        MATCHES	<G(5:'CA'1488)-C(10:'CA'1412) cis W/W>
#  Matched base-stacking interactions: 

>>>>>>>>>>   ALIGNMENT ENDS   >>>>>>>>>>

<<<<<<<<<<  ALIGNMENT BEGINS  <<<<<<<<<<

#  Aligning k-turn_consensus and 4v51_CA:1325-1333_1269-1270_1353-1358:
#  Alignment score:  12.6
#  P-value:  1.000e+00
#  Query aligned region: 0-1,11-12
#  Target aligned region: 6:'CA'1350-6:'CA'1350,9:'CA'1288-9:'CA'1288,11:'CA'1371-12:'CA'1372

	G~G...AC
	A~A...GU

#  Matched base-pairing interactions: 
	<G(0:)-C(12:) cis W/W>                         MATCHES	<A(6:'CA'1350)-U(12:'CA'1372) cis W/W>
	<G(1:)-A(11:) trans S/H>                       MATCHES	<A(9:'CA'1288)-G(11:'CA'1371) cis -/->
#  Matched base-stacking interactions: 

>>>>>>>>>>   ALIGNMENT ENDS   >>>>>>>>>>

<<<<<<<<<<  ALIGNMENT BEGINS  <<<<<<<<<<

#  Aligning k-turn_consensus and 4v51_CA:305-310_105-109_113-117:
#  Alignment score:  12.4
#  P-value:  1.000e+00
#  Query aligned region: 0-1,11-12
#  Target aligned region: 4:'CA'314-5:'CA'315,6:'CA'112-7:'CA'113

	GG...AC
	CA...GG

#  Matched base-pairing interactions: 
	<G(1:)-A(11:) trans S/H>                       MATCHES	<A(5:'CA'315)-G(6:'CA'112) cis W/W>
	<G(0:)-C(12:) cis W/W>                         MATCHES	<C(4:'CA'314)-G(7:'CA'113) cis W/W>
#  Matched base-stacking interactions: 

>>>>>>>>>>   ALIGNMENT ENDS   >>>>>>>>>>

<<<<<<<<<<  ALIGNMENT BEGINS  <<<<<<<<<<

#  Aligning k-turn_consensus and 4v51_CA:1314-1324_1216-1218_918-923:
#  Alignment score:  12.2
#  P-value:  1.000e+00
#  Query aligned region: 0-1,11-12
#  Target aligned region: 11:'CA'1235-12:'CA'1236,18:'CA'945-19:'CA'946

	GG...AC
	UA...GA

#  Matched base-pairing interactions: 
	<G(1:)-A(11:) trans S/H>                       MATCHES	<A(12:'CA'1236)-G(18:'CA'945) cis W/W>
	<G(0:)-C(12:) cis W/W>                         MATCHES	<U(11:'CA'1235)-A(19:'CA'946) cis W/W>
#  Matched base-stacking interactions: 

>>>>>>>>>>   ALIGNMENT ENDS   >>>>>>>>>>

<<<<<<<<<<  ALIGNMENT BEGINS  <<<<<<<<<<

#  Aligning k-turn_consensus and 4v51_CA:231-235_281-288_111-117:
#  Alignment score:  12
#  P-value:  1.000e+00
#  Query aligned region: 0-1,11-12
#  Target aligned region: 3:'CA'239-3:'CA'239,11:'CA'292-12:'CA'293,17:'CA'122-17:'CA'122

	G~G...A~C
	U~G...G~G

#  Matched base-pairing interactions: 
	<G(0:)-C(12:) cis W/W>                         MATCHES	<U(3:'CA'239)-G(17:'CA'122) cis W/W>
	<G(1:)-A(11:) trans S/H>                       MATCHES	<G(11:'CA'292)-G(12:'CA'293) cis -/->
#  Matched base-stacking interactions: 

>>>>>>>>>>   ALIGNMENT ENDS   >>>>>>>>>>

<<<<<<<<<<  ALIGNMENT BEGINS  <<<<<<<<<<

#  Aligning k-turn_consensus and 4v51_CA:595-601_42-43_604-611:
#  Alignment score:  12
#  P-value:  1.000e+00
#  Query aligned region: 0-1,11-12
#  Target aligned region: 5:'CA'617-5:'CA'617,7:'CA'42-7:'CA'42,10:'CA'622-11:'CA'623

	G~G...AC
	G~G...AC

#  Matched base-pairing interactions: 
	<G(0:)-C(12:) cis W/W>                         MATCHES	<G(5:'CA'617)-C(11:'CA'623) cis W/W>
	<G(1:)-A(11:) trans S/H>                       MATCHES	<G(7:'CA'42)-A(10:'CA'622) trans S/S>
#  Matched base-stacking interactions: 

>>>>>>>>>>   ALIGNMENT ENDS   >>>>>>>>>>

<<<<<<<<<<  ALIGNMENT BEGINS  <<<<<<<<<<

#  Aligning k-turn_consensus and 4v51_CA:1459-1468_1392-1399_865-869:
#  Alignment score:  11.8
#  P-value:  1.000e+00
#  Query aligned region: 0-1,11-12
#  Target aligned region: 4:'CA'1486-5:'CA'1487,13:'CA'1413-14:'CA'1414

	GG...AC
	GG...AU

#  Matched base-pairing interactions: 
	<G(1:)-A(11:) trans S/H>                       MATCHES	<G(5:'CA'1487)-A(13:'CA'1413) cis W/W>
	<G(0:)-C(12:) cis W/W>                         MATCHES	<G(4:'CA'1486)-U(14:'CA'1414) cis W/W>
#  Matched base-stacking interactions: 

>>>>>>>>>>   ALIGNMENT ENDS   >>>>>>>>>>

<<<<<<<<<<  ALIGNMENT BEGINS  <<<<<<<<<<

#  Aligning k-turn_consensus and 4v51_CA:847-857_737-741_801-810:
#  Alignment score:  11.6
#  P-value:  1.000e+00
#  Query aligned region: 0-1,11-12
#  Target aligned region: 4:'CA'874-4:'CA'874,11:'CA'754-12:'CA'755,24:'CA'826-24:'CA'826

	G~G...A~C
	G~C...G~C

#  Matched base-pairing interactions: 
	<G(0:)-C(12:) cis W/W>                         MATCHES	<G(4:'CA'874)-C(24:'CA'826) cis W/W>
	<G(1:)-A(11:) trans S/H>                       MATCHES	<C(11:'CA'754)-G(12:'CA'755) trans S/H>
#  Matched base-stacking interactions: 

>>>>>>>>>>   ALIGNMENT ENDS   >>>>>>>>>>

<<<<<<<<<<  ALIGNMENT BEGINS  <<<<<<<<<<

#  Aligning k-turn_consensus and 4v51_CA:211-217_136-138_201-207:
#  Alignment score:  11.6
#  P-value:  1.000e+00
#  Query aligned region: 0-1,11-12
#  Target aligned region: 0:'CA'216-0:'CA'216,8:'CA'143-9:'CA'144,16:'CA'201-16:'CA'201

	G~G...A~C
	G~A...G~C

#  Matched base-pairing interactions: 
	<G(0:)-C(12:) cis W/W>                         MATCHES	<G(0:'CA'216)-C(16:'CA'201) cis W/W>
	<G(1:)-A(11:) trans S/H>                       MATCHES	<A(8:'CA'143)-G(9:'CA'144) trans S/H>
#  Matched base-stacking interactions: 

>>>>>>>>>>   ALIGNMENT ENDS   >>>>>>>>>>

<<<<<<<<<<  ALIGNMENT BEGINS  <<<<<<<<<<

#  Aligning k-turn_consensus and 4v51_CA:22-26_504-511_6-12:
#  Alignment score:  11.4
#  P-value:  1.000e+00
#  Query aligned region: 0-1,11-12
#  Target aligned region: 0:'CA'22-0:'CA'22,9:'CA'525-9:'CA'525,18:'CA'11-19:'CA'12

	G~G...AC
	G~C...GU

#  Matched base-pairing interactions: 
	<G(0:)-C(12:) cis W/W>                         MATCHES	<G(0:'CA'22)-U(19:'CA'12) cis W/W>
	<G(1:)-A(11:) trans S/H>                       MATCHES	<C(9:'CA'525)-G(18:'CA'11) trans S/S>
#  Matched base-stacking interactions: 

>>>>>>>>>>   ALIGNMENT ENDS   >>>>>>>>>>

<<<<<<<<<<  ALIGNMENT BEGINS  <<<<<<<<<<

#  Aligning k-turn_consensus and 4v51_CA:1498-1507_1482-1490_749-751:
#  Alignment score:  11.4
#  P-value:  1.000e+00
#  Query aligned region: 0-1,11-12
#  Target aligned region: 7:'CA'1528-7:'CA'1528,10:'CA'1505-12:'CA'1507

	G~G...AC
	U~G...UA

#  Matched base-pairing interactions: 
	<G(0:)-C(12:) cis W/W>                         MATCHES	<U(7:'CA'1528)-A(12:'CA'1507) cis W/W>
	<G(1:)-A(11:) trans S/H>                       MATCHES	<G(10:'CA'1505)-U(11:'CA'1506) cis S/S>
#  Matched base-stacking interactions: 

>>>>>>>>>>   ALIGNMENT ENDS   >>>>>>>>>>

<<<<<<<<<<  ALIGNMENT BEGINS  <<<<<<<<<<

#  Aligning k-turn_consensus and 4v51_CA:1336-1340_1342-1350_953-955:
#  Alignment score:  11.4
#  P-value:  1.000e+00
#  Query aligned region: 0-1,11-12
#  Target aligned region: 1:'CA'1356-2:'CA'1357,10:'CA'1365-11:'CA'1366

	GG...AC
	GA...GC

#  Matched base-pairing interactions: 
	<G(1:)-A(11:) trans S/H>                       MATCHES	<A(2:'CA'1357)-G(10:'CA'1365) cis W/W>
	<G(0:)-C(12:) cis W/W>                         MATCHES	<G(1:'CA'1356)-C(11:'CA'1366) cis W/W>
#  Matched base-stacking interactions: 

>>>>>>>>>>   ALIGNMENT ENDS   >>>>>>>>>>

<<<<<<<<<<  ALIGNMENT BEGINS  <<<<<<<<<<

#  Aligning k-turn_consensus and 4v51_CA:565-571_796-804_734-741:
#  Alignment score:  11.2
#  P-value:  1.000e+00
#  Query aligned region: 0-1,11-12
#  Target aligned region: 2:'CA'584-2:'CA'584,12:'CA'818-14:'CA'820,22:'CA'757-22:'CA'757

	G~G...A~C
	G~G...U~U

#  Matched base-pairing interactions: 
	<G(0:)-C(12:) cis W/W>                         MATCHES	<G(2:'CA'584)-U(22:'CA'757) cis W/W>
	<G(1:)-A(11:) trans S/H>                       MATCHES	<G(12:'CA'818)-U(14:'CA'820) cis -/->
#  Matched base-stacking interactions: 

>>>>>>>>>>   ALIGNMENT ENDS   >>>>>>>>>>

<<<<<<<<<<  ALIGNMENT BEGINS  <<<<<<<<<<

#  Aligning k-turn_consensus and 4v51_CA:38-43_600-606_392-398:
#  Alignment score:  11.2
#  P-value:  1.000e+00
#  Query aligned region: 0-1,11-12
#  Target aligned region: 1:'CA'39-1:'CA'39,7:'CA'618-10:'CA'621,19:'CA'403-19:'CA'403

	G~G...A~C
	G~C...A~C

#  Matched base-pairing interactions: 
	<G(0:)-C(12:) cis W/W>                         MATCHES	<G(1:'CA'39)-C(19:'CA'403) cis W/W>
	<G(1:)-A(11:) trans S/H>                       MATCHES	<C(7:'CA'618)-A(10:'CA'621) cis -/->
#  Matched base-stacking interactions: 

>>>>>>>>>>   ALIGNMENT ENDS   >>>>>>>>>>

<<<<<<<<<<  ALIGNMENT BEGINS  <<<<<<<<<<

#  Aligning k-turn_consensus and 4v51_CA:211-217_201-207_136-138:
#  Alignment score:  11.2
#  P-value:  1.000e+00
#  Query aligned region: 0-1,11-12
#  Target aligned region: 3:'CA'219-4:'CA'220,9:'CA'197-10:'CA'198

	GG...AC
	CG...AG

#  Matched base-pairing interactions: 
	<G(1:)-A(11:) trans S/H>                       MATCHES	<G(4:'CA'220)-A(9:'CA'197) cis -/->
	<G(0:)-C(12:) cis W/W>                         MATCHES	<C(3:'CA'219)-G(10:'CA'198) cis W/W>
#  Matched base-stacking interactions: 

>>>>>>>>>>   ALIGNMENT ENDS   >>>>>>>>>>

<<<<<<<<<<  ALIGNMENT BEGINS  <<<<<<<<<<

#  Aligning k-turn_consensus and 4v51_CA:418-428_404-415:
#  Alignment score:  10.8
#  P-value:  1.000e+00
#  Query aligned region: 0-1,11-12
#  Target aligned region: 4:'CA'427-5:'CA'428,17:'CA'415-18:'CA'416

	GG...AC
	UG...AG

#  Matched base-pairing interactions: 
	<G(1:)-A(11:) trans S/H>                       MATCHES	<G(5:'CA'428)-A(17:'CA'415) trans H/H>
	<G(0:)-C(12:) cis W/W>                         MATCHES	<U(4:'CA'427)-G(18:'CA'416) cis W/W>
#  Matched base-stacking interactions: 

>>>>>>>>>>   ALIGNMENT ENDS   >>>>>>>>>>

<<<<<<<<<<  ALIGNMENT BEGINS  <<<<<<<<<<

#  Aligning k-turn_consensus and 4v51_CA:6-12_504-511_22-26:
#  Alignment score:  10.6
#  P-value:  1.000e+00
#  Query aligned region: 0-1,11-12
#  Target aligned region: 3:'CA'9-3:'CA'9,10:'CA'524-10:'CA'524,17:'CA'24-18:'CA'25

	G~G...AC
	G~G...UC

#  Matched base-pairing interactions: 
	<G(0:)-C(12:) cis W/W>                         MATCHES	<G(3:'CA'9)-C(18:'CA'25) cis W/W>
	<G(1:)-A(11:) trans S/H>                       MATCHES	<G(10:'CA'524)-U(17:'CA'24) cis S/S>
#  Matched base-stacking interactions: 

>>>>>>>>>>   ALIGNMENT ENDS   >>>>>>>>>>

<<<<<<<<<<  ALIGNMENT BEGINS  <<<<<<<<<<

#  Aligning k-turn_consensus and 4v51_CA:282-288_300-306_112-117:
#  Alignment score:  10.6
#  P-value:  1.000e+00
#  Query aligned region: 0-0,12-12
#  Target aligned region: 2:'CA'289-2:'CA'289,13:'CA'311-13:'CA'311

	G...C
	G...C

#  Matched base-pairing interactions: 
	<G(0:)-C(12:) cis W/W>                         MATCHES	<G(2:'CA'289)-C(13:'CA'311) cis W/W>
#  Matched base-stacking interactions: 

>>>>>>>>>>   ALIGNMENT ENDS   >>>>>>>>>>

<<<<<<<<<<  ALIGNMENT BEGINS  <<<<<<<<<<

#  Aligning k-turn_consensus and 4v51_CA:518-523_494-503_513-516:
#  Alignment score:  10.6
#  P-value:  1.000e+00
#  Query aligned region: 0-0,12-12
#  Target aligned region: 5:'CA'540-5:'CA'540,6:'CA'511-6:'CA'511

	G...C
	G...C

#  Matched base-pairing interactions: 
	<G(0:)-C(12:) cis W/W>                         MATCHES	<G(5:'CA'540)-C(6:'CA'511) cis W/W>
#  Matched base-stacking interactions: 

>>>>>>>>>>   ALIGNMENT ENDS   >>>>>>>>>>

<<<<<<<<<<  ALIGNMENT BEGINS  <<<<<<<<<<

#  Aligning k-turn_consensus and 4v51_CA:604-611_595-601_42-43:
#  Alignment score:  10.6
#  P-value:  1.000e+00
#  Query aligned region: 0-0,12-12
#  Target aligned region: 7:'CA'628-7:'CA'628,8:'CA'612-8:'CA'612

	G...C
	G...C

#  Matched base-pairing interactions: 
	<G(0:)-C(12:) cis W/W>                         MATCHES	<G(7:'CA'628)-C(8:'CA'612) cis W/W>
#  Matched base-stacking interactions: 

>>>>>>>>>>   ALIGNMENT ENDS   >>>>>>>>>>

<<<<<<<<<<  ALIGNMENT BEGINS  <<<<<<<<<<

#  Aligning k-turn_consensus and 4v51_CA:855-859_557-562_739-747:
#  Alignment score:  10.6
#  P-value:  1.000e+00
#  Query aligned region: 0-0,12-12
#  Target aligned region: 8:'CA'577-8:'CA'577,19:'CA'764-19:'CA'764

	G...C
	G...C

#  Matched base-pairing interactions: 
	<G(0:)-C(12:) cis W/W>                         MATCHES	<G(8:'CA'577)-C(19:'CA'764) cis W/W>
#  Matched base-stacking interactions: 

>>>>>>>>>>   ALIGNMENT ENDS   >>>>>>>>>>

<<<<<<<<<<  ALIGNMENT BEGINS  <<<<<<<<<<

#  Aligning k-turn_consensus and 4v51_CA:499-510_488-490_511-519:
#  Alignment score:  10.6
#  P-value:  1.000e+00
#  Query aligned region: 0-0,12-12
#  Target aligned region: 8:'CA'524-8:'CA'524,14:'CA'507-14:'CA'507

	G...C
	G...C

#  Matched base-pairing interactions: 
	<G(0:)-C(12:) cis W/W>                         MATCHES	<G(8:'CA'524)-C(14:'CA'507) cis W/W>
#  Matched base-stacking interactions: 

>>>>>>>>>>   ALIGNMENT ENDS   >>>>>>>>>>

<<<<<<<<<<  ALIGNMENT BEGINS  <<<<<<<<<<

#  Aligning k-turn_consensus and 4v51_CA:634-641_730-738_570-571:
#  Alignment score:  10.6
#  P-value:  1.000e+00
#  Query aligned region: 0-0,12-12
#  Target aligned region: 7:'CA'658-7:'CA'658,8:'CA'747-8:'CA'747

	G...C
	G...C

#  Matched base-pairing interactions: 
	<G(0:)-C(12:) cis W/W>                         MATCHES	<G(7:'CA'658)-C(8:'CA'747) cis W/W>
#  Matched base-stacking interactions: 

>>>>>>>>>>   ALIGNMENT ENDS   >>>>>>>>>>

<<<<<<<<<<  ALIGNMENT BEGINS  <<<<<<<<<<

#  Aligning k-turn_consensus and 4v51_CA:808-815_832-838_845-853:
#  Alignment score:  10.6
#  P-value:  1.000e+00
#  Query aligned region: 0-0,12-12
#  Target aligned region: 4:'CA'829-4:'CA'829,10:'CA'857-10:'CA'857

	G...C
	G...C

#  Matched base-pairing interactions: 
	<G(0:)-C(12:) cis W/W>                         MATCHES	<G(4:'CA'829)-C(10:'CA'857) cis W/W>
#  Matched base-stacking interactions: 

>>>>>>>>>>   ALIGNMENT ENDS   >>>>>>>>>>

<<<<<<<<<<  ALIGNMENT BEGINS  <<<<<<<<<<

#  Aligning k-turn_consensus and 4v51_CA:366-369_461-467_444-449:
#  Alignment score:  10
#  P-value:  1.000e+00
#  Query aligned region: 3-3,6-9
#  Target aligned region: 2:'CA'373-2:'CA'373,8:'CA'481-8:'CA'481,12:'CA'451-12:'CA'451

	A...G~G
	A...G~A

#  Matched base-pairing interactions: 
	<A(3:)-G(9:) trans H/S>                        MATCHES	<A(2:'CA'373)-A(12:'CA'451) cis -/->
	<A(3:)-G(6:) trans S/S>                        MATCHES	<A(2:'CA'373)-G(8:'CA'481) trans S/S>
#  Matched base-stacking interactions: 

>>>>>>>>>>   ALIGNMENT ENDS   >>>>>>>>>>

<<<<<<<<<<  ALIGNMENT BEGINS  <<<<<<<<<<

#  Aligning k-turn_consensus and 4v51_CA:464-471_441-446_366-369:
#  Alignment score:  10
#  P-value:  1.000e+00
#  Query aligned region: 0-1,11-12
#  Target aligned region: 3:'CA'483-4:'CA'484,10:'CA'449-11:'CA'450

	GG...AC
	CG...CG

#  Matched base-pairing interactions: 
	<G(1:)-A(11:) trans S/H>                       MATCHES	<G(4:'CA'484)-C(10:'CA'449) cis W/H>
	<G(0:)-C(12:) cis W/W>                         MATCHES	<C(3:'CA'483)-G(11:'CA'450) cis W/W>
#  Matched base-stacking interactions: 

>>>>>>>>>>   ALIGNMENT ENDS   >>>>>>>>>>

<<<<<<<<<<  ALIGNMENT BEGINS  <<<<<<<<<<

#  Aligning k-turn_consensus and 4v51_CA:311-316_327-333_1415-1417:
#  Alignment score:  10
#  P-value:  1.000e+00
#  Query aligned region: 0-1,11-12
#  Target aligned region: 4:'CA'320-5:'CA'321,6:'CA'332-7:'CA'333

	GG...AC
	CA...GG

#  Matched base-pairing interactions: 
	<G(1:)-A(11:) trans S/H>                       MATCHES	<A(5:'CA'321)-G(6:'CA'332) cis W/W>
	<G(0:)-C(12:) cis W/W>                         MATCHES	<C(4:'CA'320)-G(7:'CA'333) cis W/W>
#  Matched base-stacking interactions: 

>>>>>>>>>>   ALIGNMENT ENDS   >>>>>>>>>>

<<<<<<<<<<  ALIGNMENT BEGINS  <<<<<<<<<<

#  Aligning k-turn_consensus and 4v51_CA:281-288_231-235_111-117:
#  Alignment score:  9.8
#  P-value:  1.000e+00
#  Query aligned region: 0-0,12-12
#  Target aligned region: 0:'CA'286-0:'CA'286,12:'CA'240-12:'CA'240

	G...C
	G...C

#  Matched base-pairing interactions: 
	<G(0:)-C(12:) cis W/W>                         MATCHES	<G(0:'CA'286)-C(12:'CA'240) cis W/W>
#  Matched base-stacking interactions: 

>>>>>>>>>>   ALIGNMENT ENDS   >>>>>>>>>>

<<<<<<<<<<  ALIGNMENT BEGINS  <<<<<<<<<<

#  Aligning k-turn_consensus and 4v51_CA:1204-1212_956-958_928-932:
#  Alignment score:  9.8
#  P-value:  1.000e+00
#  Query aligned region: 0-0,12-12
#  Target aligned region: 2:'CA'1225-2:'CA'1225,16:'CA'955-16:'CA'955

	G...C
	A...U

#  Matched base-pairing interactions: 
	<G(0:)-C(12:) cis W/W>                         MATCHES	<A(2:'CA'1225)-U(16:'CA'955) cis W/W>
#  Matched base-stacking interactions: 

>>>>>>>>>>   ALIGNMENT ENDS   >>>>>>>>>>

<<<<<<<<<<  ALIGNMENT BEGINS  <<<<<<<<<<

#  Aligning k-turn_consensus and 4v51_CA:569-571_634-640_731-738:
#  Alignment score:  9.8
#  P-value:  1.000e+00
#  Query aligned region: 0-0,12-12
#  Target aligned region: 2:'CA'588-2:'CA'588,3:'CA'651-3:'CA'651

	G...C
	G...C

#  Matched base-pairing interactions: 
	<G(0:)-C(12:) cis W/W>                         MATCHES	<G(2:'CA'588)-C(3:'CA'651) cis W/W>
#  Matched base-stacking interactions: 

>>>>>>>>>>   ALIGNMENT ENDS   >>>>>>>>>>

<<<<<<<<<<  ALIGNMENT BEGINS  <<<<<<<<<<

#  Aligning k-turn_consensus and 4v51_CA:23-27_539-544:
#  Alignment score:  9.8
#  P-value:  1.000e+00
#  Query aligned region: 0-0,12-12
#  Target aligned region: 4:'CA'27-4:'CA'27,5:'CA'556-5:'CA'556

	G...C
	G...C

#  Matched base-pairing interactions: 
	<G(0:)-C(12:) cis W/W>                         MATCHES	<G(4:'CA'27)-C(5:'CA'556) cis W/W>
#  Matched base-stacking interactions: 

>>>>>>>>>>   ALIGNMENT ENDS   >>>>>>>>>>

<<<<<<<<<<  ALIGNMENT BEGINS  <<<<<<<<<<

#  Aligning k-turn_consensus and 4v51_CA:30-36_481-485_527-536:
#  Alignment score:  9.8
#  P-value:  1.000e+00
#  Query aligned region: 0-1,11-12
#  Target aligned region: 6:'CA'36-6:'CA'36,7:'CA'498-7:'CA'498,15:'CA'547-16:'CA'548

	G~G...AC
	C~U...AG

#  Matched base-pairing interactions: 
	<G(1:)-A(11:) trans S/H>                       MATCHES	<U(7:'CA'498)-A(15:'CA'547) trans W/H>
	<G(0:)-C(12:) cis W/W>                         MATCHES	<C(6:'CA'36)-G(16:'CA'548) cis W/W>
#  Matched base-stacking interactions: 

>>>>>>>>>>   ALIGNMENT ENDS   >>>>>>>>>>

<<<<<<<<<<  ALIGNMENT BEGINS  <<<<<<<<<<

#  Aligning k-turn_consensus and 4v51_CA:857-860_556-559_546-552:
#  Alignment score:  9.8
#  P-value:  1.000e+00
#  Query aligned region: 0-0,12-12
#  Target aligned region: 1:'CA'881-1:'CA'881,14:'CA'569-14:'CA'569

	G...C
	G...C

#  Matched base-pairing interactions: 
	<G(0:)-C(12:) cis W/W>                         MATCHES	<G(1:'CA'881)-C(14:'CA'569) cis W/W>
#  Matched base-stacking interactions: 

>>>>>>>>>>   ALIGNMENT ENDS   >>>>>>>>>>

<<<<<<<<<<  ALIGNMENT BEGINS  <<<<<<<<<<

#  Aligning k-turn_consensus and 4v51_CA:1175-1187_1034-1044:
#  Alignment score:  9.8
#  P-value:  1.000e+00
#  Query aligned region: 0-0,12-12
#  Target aligned region: 3:'CA'1197-3:'CA'1197,21:'CA'1060-21:'CA'1060

	G...C
	G...C

#  Matched base-pairing interactions: 
	<G(0:)-C(12:) cis W/W>                         MATCHES	<G(3:'CA'1197)-C(21:'CA'1060) cis W/W>
#  Matched base-stacking interactions: 

>>>>>>>>>>   ALIGNMENT ENDS   >>>>>>>>>>

<<<<<<<<<<  ALIGNMENT BEGINS  <<<<<<<<<<

#  Aligning k-turn_consensus and 4v51_CA:327-333_1415-1417_311-316:
#  Alignment score:  9
#  P-value:  1.000e+00
#  Query aligned region: 0-0,12-12
#  Target aligned region: 5:'CA'337-5:'CA'337,10:'CA'316-10:'CA'316

	G...C
	C...G

#  Matched base-pairing interactions: 
	<G(0:)-C(12:) cis W/W>                         MATCHES	<C(5:'CA'337)-G(10:'CA'316) cis W/W>
#  Matched base-stacking interactions: 

>>>>>>>>>>   ALIGNMENT ENDS   >>>>>>>>>>

<<<<<<<<<<  ALIGNMENT BEGINS  <<<<<<<<<<

#  Aligning k-turn_consensus and 4v51_CA:1001-1017:
#  Alignment score:  6
#  P-value:  1.000e+00
#  Query aligned region: 0-1,11-12
#  Target aligned region: 6:'CA'1029-14:'CA'1033

	GG...AC
	CC...GG

#  Matched base-pairing interactions: 
	<G(1:)-A(11:) trans S/H>                       MATCHES	<C(7:'CA'1030)-G(13:'CA'1032) cis W/W>
	<G(0:)-C(12:) cis W/W>                         MATCHES	<C(6:'CA'1029)-G(14:'CA'1033) cis W/W>
#  Matched base-stacking interactions: 

>>>>>>>>>>   ALIGNMENT ENDS   >>>>>>>>>>

<<<<<<<<<<  ALIGNMENT BEGINS  <<<<<<<<<<

#  Aligning k-turn_consensus and 4v51_CA:498-503_510-516_518-520:
#  Alignment score:  4.4
#  P-value:  1.000e+00
#  Query aligned region: 0-1,11-12
#  Target aligned region: 0:'CA'515-0:'CA'515,6:'CA'527-6:'CA'527,13:'CA'535-14:'CA'536

	G~G...AC
	G~G...AC

#  Matched base-pairing interactions: 
	<G(0:)-C(12:) cis W/W>                         MATCHES	<G(0:'CA'515)-C(14:'CA'536) cis W/W>
	<G(1:)-A(11:) trans S/H>                       MATCHES	<G(6:'CA'527)-A(13:'CA'535) cis -/->
#  Matched base-stacking interactions: 

>>>>>>>>>>   ALIGNMENT ENDS   >>>>>>>>>>

<<<<<<<<<<  ALIGNMENT BEGINS  <<<<<<<<<<

#  Aligning k-turn_consensus and 4v51_CA:138-140_170-173:
#  Alignment score:  4
#  P-value:  1.000e+00
#  Query aligned region: 
#  Target aligned region: 

	
	

#  Matched base-pairing interactions: 
#  Matched base-stacking interactions: 

>>>>>>>>>>   ALIGNMENT ENDS   >>>>>>>>>>

<<<<<<<<<<  ALIGNMENT BEGINS  <<<<<<<<<<

#  Aligning k-turn_consensus and 4v51_CA:100-104_60-61_314-330:
#  Alignment score:  4
#  P-value:  1.000e+00
#  Query aligned region: 
#  Target aligned region: 

	
	

#  Matched base-pairing interactions: 
#  Matched base-stacking interactions: 

>>>>>>>>>>   ALIGNMENT ENDS   >>>>>>>>>>

<<<<<<<<<<  ALIGNMENT BEGINS  <<<<<<<<<<

#  Aligning k-turn_consensus and 4v51_CA:100-104_314-330_60-61:
#  Alignment score:  3.9
#  P-value:  1.000e+00
#  Query aligned region: 
#  Target aligned region: 

	
	

#  Matched base-pairing interactions: 
#  Matched base-stacking interactions: 

>>>>>>>>>>   ALIGNMENT ENDS   >>>>>>>>>>

<<<<<<<<<<  ALIGNMENT BEGINS  <<<<<<<<<<

#  Aligning k-turn_consensus and 4v51_CA:518-520_510-516_498-503:
#  Alignment score:  3.8
#  P-value:  1.000e+00
#  Query aligned region: 0-0,12-12
#  Target aligned region: 5:'CA'529-5:'CA'529,14:'CA'519-14:'CA'519

	G...C
	G...C

#  Matched base-pairing interactions: 
	<G(0:)-C(12:) cis W/W>                         MATCHES	<G(5:'CA'529)-C(14:'CA'519) trans S/H>
#  Matched base-stacking interactions: 

>>>>>>>>>>   ALIGNMENT ENDS   >>>>>>>>>>

<<<<<<<<<<  ALIGNMENT BEGINS  <<<<<<<<<<

#  Aligning k-turn_consensus and 4v51_CA:170-173_138-140:
#  Alignment score:  2.5
#  P-value:  1.000e+00
#  Query aligned region: 
#  Target aligned region: 

	
	

#  Matched base-pairing interactions: 
#  Matched base-stacking interactions: 

>>>>>>>>>>   ALIGNMENT ENDS   >>>>>>>>>>

