$ /home/s081p868/scratch/RNAMotifScanX-release/bin/scan /home/s081p868/scratch/RNAMotifScanX-release/models/reverse-kturn_consensus.struct /rfs/poseidon_share/s081p868/RNAMotifScanX_nr/rmsx_work_default/4v7w/AA/4v7w_AA.rmsx.in --map_pdb=/rfs/poseidon_share/s081p868/RNAMotifScanX_nr/rmsx_work_default/4v7w/AA/4v7w_AA.rmsx.nch --pvalue 1.0 --num_threads 16 --write_alignment
<<<<<<<<<<  ALIGNMENT BEGINS  <<<<<<<<<<

#  Aligning reverse-kturn_conseusns and 4v7w_AA:864-871_882-887:
#  Alignment score:  62.4
#  P-value:  1.673e-02
#  Query aligned region: 0-2,8-10
#  Target aligned region: 0:'AA'887-2:'AA'889,11:'AA'908-13:'AA'910

	GGA...AAC
	GGA...AAC

#  Matched base-pairing interactions: 
	<A(2:)-A(8:) trans H/H>                        MATCHES	<A(2:'AA'889)-A(11:'AA'908) trans H/H>
	<G(1:)-A(9:) trans S/H>                        MATCHES	<G(1:'AA'888)-A(12:'AA'909) trans S/H>
	<G(0:)-C(10:) cis W/W>                         MATCHES	<G(0:'AA'887)-C(13:'AA'910) cis W/W>
#  Matched base-stacking interactions: 

>>>>>>>>>>   ALIGNMENT ENDS   >>>>>>>>>>

<<<<<<<<<<  ALIGNMENT BEGINS  <<<<<<<<<<

#  Aligning reverse-kturn_conseusns and 4v7w_AA:20-22_862-865_886-892:
#  Alignment score:  43
#  P-value:  4.624e-02
#  Query aligned region: 0-3,4-10
#  Target aligned region: 0:'AA'20-2:'AA'22,5:'AA'887-5:'AA'887,8:'AA'910-13:'AA'915

	GGA~G...CACAAAC
	UGG~G...C-UCAAA

#  Matched base-pairing interactions: 
	<G(3:)-C(4:) cis W/W>                          MATCHES	<G(5:'AA'887)-C(8:'AA'910) cis W/W>
	<A(2:)-A(8:) trans H/H>                        MATCHES	<G(2:'AA'22)-A(11:'AA'913) cis -/->
	<G(1:)-A(9:) trans S/H>                        MATCHES	<G(1:'AA'21)-A(12:'AA'914) trans S/H>
	<G(0:)-C(10:) cis W/W>                         MATCHES	<U(0:'AA'20)-A(13:'AA'915) cis W/W>
#  Matched base-stacking interactions: 

>>>>>>>>>>   ALIGNMENT ENDS   >>>>>>>>>>

<<<<<<<<<<  ALIGNMENT BEGINS  <<<<<<<<<<

#  Aligning reverse-kturn_conseusns and 4v7w_AA:1354-1360_914-916_1325-1331:
#  Alignment score:  41.6
#  P-value:  5.100e-02
#  Query aligned region: 0-3,4-10
#  Target aligned region: 0:'AA'1372-4:'AA'1376,8:'AA'938-8:'AA'938,12:'AA'1346-16:'AA'1350

	GG-AG...C~A--AC
	UGAAU...A~AGUAA

#  Matched base-pairing interactions: 
	<G(3:)-C(4:) cis W/W>                          MATCHES	<U(4:'AA'1376)-A(8:'AA'938) cis -/->
	<G(1:)-A(9:) trans S/H>                        MATCHES	<G(1:'AA'1373)-A(15:'AA'1349) trans S/H>
	<A(2:)-A(8:) trans H/H>                        MATCHES	<A(3:'AA'1375)-A(12:'AA'1346) trans H/H>
	<G(0:)-C(10:) cis W/W>                         MATCHES	<U(0:'AA'1372)-A(16:'AA'1350) cis W/W>
#  Matched base-stacking interactions: 

>>>>>>>>>>   ALIGNMENT ENDS   >>>>>>>>>>

<<<<<<<<<<  ALIGNMENT BEGINS  <<<<<<<<<<

#  Aligning reverse-kturn_conseusns and 4v7w_AA:911-916_1325-1330_1355-1361:
#  Alignment score:  41.5
#  P-value:  5.137e-02
#  Query aligned region: 0-3,4-10
#  Target aligned region: 2:'AA'936-3:'AA'937,8:'AA'1346-10:'AA'1348,14:'AA'1375-18:'AA'1379

	GG~AG...C~A--AC
	CA~AG...U~AUACG

#  Matched base-pairing interactions: 
	<G(3:)-C(4:) cis W/W>                          MATCHES	<G(9:'AA'1347)-U(10:'AA'1348) cis S/S>
	<G(1:)-A(9:) trans S/H>                        MATCHES	<A(3:'AA'937)-C(17:'AA'1378) trans S/H>
	<A(2:)-A(8:) trans H/H>                        MATCHES	<A(8:'AA'1346)-A(14:'AA'1375) trans H/H>
	<G(0:)-C(10:) cis W/W>                         MATCHES	<C(2:'AA'936)-G(18:'AA'1379) cis W/W>
#  Matched base-stacking interactions: 

>>>>>>>>>>   ALIGNMENT ENDS   >>>>>>>>>>

<<<<<<<<<<  ALIGNMENT BEGINS  <<<<<<<<<<

#  Aligning reverse-kturn_conseusns and 4v7w_AA:678-680_780-786_762-769:
#  Alignment score:  39.1
#  P-value:  6.154e-02
#  Query aligned region: 0-3,4-10
#  Target aligned region: 5:'AA'799-9:'AA'803,10:'AA'779-14:'AA'783

	GGA-G...CACAAAC
	GGUAG...C--AAAC

#  Matched base-pairing interactions: 
	<G(3:)-C(4:) cis W/W>                          MATCHES	<G(9:'AA'803)-C(10:'AA'779) cis W/W>
	<A(2:)-A(8:) trans H/H>                        MATCHES	<U(7:'AA'801)-A(12:'AA'781) trans W/H>
	<G(1:)-A(9:) trans S/H>                        MATCHES	<G(6:'AA'800)-A(13:'AA'782) trans S/H>
	<G(0:)-C(10:) cis W/W>                         MATCHES	<G(5:'AA'799)-C(14:'AA'783) cis W/W>
#  Matched base-stacking interactions: 

>>>>>>>>>>   ALIGNMENT ENDS   >>>>>>>>>>

<<<<<<<<<<  ALIGNMENT BEGINS  <<<<<<<<<<

#  Aligning reverse-kturn_conseusns and 4v7w_AA:832-836_846-849_810-815:
#  Alignment score:  38
#  P-value:  6.724e-02
#  Query aligned region: 0-3,4-10
#  Target aligned region: 2:'AA'857-4:'AA'859,5:'AA'869-8:'AA'872,9:'AA'827-11:'AA'829

	GGA~G...C~AAC
	CGA~G...A~UAG

#  Matched base-pairing interactions: 
	<G(3:)-C(4:) cis W/W>                          MATCHES	<G(5:'AA'869)-A(8:'AA'872) cis -/->
	<A(2:)-A(8:) trans H/H>                        MATCHES	<A(4:'AA'859)-U(9:'AA'827) cis -/->
	<G(1:)-A(9:) trans S/H>                        MATCHES	<G(3:'AA'858)-A(10:'AA'828) trans S/H>
	<G(0:)-C(10:) cis W/W>                         MATCHES	<C(2:'AA'857)-G(11:'AA'829) cis W/W>
#  Matched base-stacking interactions: 

>>>>>>>>>>   ALIGNMENT ENDS   >>>>>>>>>>

<<<<<<<<<<  ALIGNMENT BEGINS  <<<<<<<<<<

#  Aligning reverse-kturn_conseusns and 4v7w_AA:1398-1403_1457-1461:
#  Alignment score:  37.2
#  P-value:  7.190e-02
#  Query aligned region: 0-2,8-10
#  Target aligned region: 0:'AA'1416-2:'AA'1418,8:'AA'1482-10:'AA'1484

	GGA...AAC
	GGA...GAC

#  Matched base-pairing interactions: 
	<A(2:)-A(8:) trans H/H>                        MATCHES	<A(2:'AA'1418)-G(8:'AA'1482) trans H/S>
	<G(1:)-A(9:) trans S/H>                        MATCHES	<G(1:'AA'1417)-A(9:'AA'1483) trans S/H>
	<G(0:)-C(10:) cis W/W>                         MATCHES	<G(0:'AA'1416)-C(10:'AA'1484) cis W/W>
#  Matched base-stacking interactions: 

>>>>>>>>>>   ALIGNMENT ENDS   >>>>>>>>>>

<<<<<<<<<<  ALIGNMENT BEGINS  <<<<<<<<<<

#  Aligning reverse-kturn_conseusns and 4v7w_AA:874-876_793-795_877-880:
#  Alignment score:  36.4
#  P-value:  7.706e-02
#  Query aligned region: 0-2,8-10
#  Target aligned region: 0:'AA'897-1:'AA'898,4:'AA'811-4:'AA'811,6:'AA'900-8:'AA'902

	GG~A...AAC
	CG~C...AAG

#  Matched base-pairing interactions: 
	<G(1:)-A(9:) trans S/H>                        MATCHES	<G(1:'AA'898)-A(7:'AA'901) trans S/H>
	<A(2:)-A(8:) trans H/H>                        MATCHES	<C(4:'AA'811)-A(6:'AA'900) trans S/W>
	<G(0:)-C(10:) cis W/W>                         MATCHES	<C(0:'AA'897)-G(8:'AA'902) cis W/W>
#  Matched base-stacking interactions: 

>>>>>>>>>>   ALIGNMENT ENDS   >>>>>>>>>>

<<<<<<<<<<  ALIGNMENT BEGINS  <<<<<<<<<<

#  Aligning reverse-kturn_conseusns and 4v7w_AA:516-519_510-513_499-505:
#  Alignment score:  36.2
#  P-value:  7.843e-02
#  Query aligned region: 0-2,8-10
#  Target aligned region: 5:'AA'528-6:'AA'529,10:'AA'518-13:'AA'521

	GG~A...AAC
	CG~C...CAG

#  Matched base-pairing interactions: 
	<G(1:)-A(9:) trans S/H>                        MATCHES	<G(6:'AA'529)-A(12:'AA'520) trans S/H>
	<A(2:)-A(8:) trans H/H>                        MATCHES	<C(10:'AA'518)-C(11:'AA'519) cis S/H>
	<G(0:)-C(10:) cis W/W>                         MATCHES	<C(5:'AA'528)-G(13:'AA'521) cis W/W>
#  Matched base-stacking interactions: 

>>>>>>>>>>   ALIGNMENT ENDS   >>>>>>>>>>

<<<<<<<<<<  ALIGNMENT BEGINS  <<<<<<<<<<

#  Aligning reverse-kturn_conseusns and 4v7w_AA:291-292_547-549_294-296:
#  Alignment score:  35.8
#  P-value:  8.130e-02
#  Query aligned region: 0-2,8-10
#  Target aligned region: 0:'AA'296-1:'AA'297,4:'AA'566-4:'AA'566,5:'AA'299-7:'AA'301

	GG~A...AAC
	UG~G...GAG

#  Matched base-pairing interactions: 
	<G(1:)-A(9:) trans S/H>                        MATCHES	<G(1:'AA'297)-A(6:'AA'300) trans S/H>
	<A(2:)-A(8:) trans H/H>                        MATCHES	<G(4:'AA'566)-G(5:'AA'299) cis H/W>
	<G(0:)-C(10:) cis W/W>                         MATCHES	<U(0:'AA'296)-G(7:'AA'301) cis W/W>
#  Matched base-stacking interactions: 

>>>>>>>>>>   ALIGNMENT ENDS   >>>>>>>>>>

<<<<<<<<<<  ALIGNMENT BEGINS  <<<<<<<<<<

#  Aligning reverse-kturn_conseusns and 4v7w_AA:536-544_25-32:
#  Alignment score:  35.7
#  P-value:  8.204e-02
#  Query aligned region: 0-3,4-10
#  Target aligned region: 3:'AA'556-8:'AA'561,9:'AA'25-11:'AA'27

	G-GAG...C~AAC
	CGGAU...U~CAG

#  Matched base-pairing interactions: 
	<G(3:)-C(4:) cis W/W>                          MATCHES	<U(7:'AA'560)-U(8:'AA'561) trans S/S>
	<A(2:)-A(8:) trans H/H>                        MATCHES	<A(6:'AA'559)-C(9:'AA'25) trans W/H>
	<G(0:)-C(10:) cis W/W>                         MATCHES	<C(3:'AA'556)-G(11:'AA'27) cis W/W>
	<G(1:)-A(9:) trans S/H>                        MATCHES	<G(5:'AA'558)-A(10:'AA'26) trans S/H>
#  Matched base-stacking interactions: 

>>>>>>>>>>   ALIGNMENT ENDS   >>>>>>>>>>

<<<<<<<<<<  ALIGNMENT BEGINS  <<<<<<<<<<

#  Aligning reverse-kturn_conseusns and 4v7w_AA:440-444_465-472:
#  Alignment score:  35.6
#  P-value:  8.279e-02
#  Query aligned region: 0-3,4-10
#  Target aligned region: 0:'AA'446-4:'AA'450,7:'AA'483-12:'AA'488

	GGA-G...CACAAAC
	GGACG...C-GGUAC

#  Matched base-pairing interactions: 
	<G(3:)-C(4:) cis W/W>                          MATCHES	<G(4:'AA'450)-C(7:'AA'483) cis W/W>
	<A(2:)-A(8:) trans H/H>                        MATCHES	<A(2:'AA'448)-U(10:'AA'486) trans H/W>
	<G(1:)-A(9:) trans S/H>                        MATCHES	<G(1:'AA'447)-A(11:'AA'487) trans S/H>
	<G(0:)-C(10:) cis W/W>                         MATCHES	<G(0:'AA'446)-C(12:'AA'488) cis W/W>
#  Matched base-stacking interactions: 

>>>>>>>>>>   ALIGNMENT ENDS   >>>>>>>>>>

<<<<<<<<<<  ALIGNMENT BEGINS  <<<<<<<<<<

#  Aligning reverse-kturn_conseusns and 4v7w_AA:404-411_422-428:
#  Alignment score:  35
#  P-value:  8.752e-02
#  Query aligned region: 0-1,9-10
#  Target aligned region: 0:'AA'409-1:'AA'410,13:'AA'432-14:'AA'433

	GG...AC
	GG...AC

#  Matched base-pairing interactions: 
	<G(1:)-A(9:) trans S/H>                        MATCHES	<G(1:'AA'410)-A(13:'AA'432) trans S/H>
	<G(0:)-C(10:) cis W/W>                         MATCHES	<G(0:'AA'409)-C(14:'AA'433) cis W/W>
#  Matched base-stacking interactions: 

>>>>>>>>>>   ALIGNMENT ENDS   >>>>>>>>>>

<<<<<<<<<<  ALIGNMENT BEGINS  <<<<<<<<<<

#  Aligning reverse-kturn_conseusns and 4v7w_AA:151-153_154-158_338-339:
#  Alignment score:  33.9
#  P-value:  9.732e-02
#  Query aligned region: 0-2,8-10
#  Target aligned region: 0:'AA'157-2:'AA'159,4:'AA'161-7:'AA'164

	GGA...AA-C
	GGG...AACU

#  Matched base-pairing interactions: 
	<A(2:)-A(8:) trans H/H>                        MATCHES	<G(2:'AA'159)-A(4:'AA'161) cis -/->
	<G(0:)-C(10:) cis W/W>                         MATCHES	<G(0:'AA'157)-U(7:'AA'164) cis W/W>
	<G(1:)-A(9:) trans S/H>                        MATCHES	<G(1:'AA'158)-A(5:'AA'162) trans S/H>
#  Matched base-stacking interactions: 

>>>>>>>>>>   ALIGNMENT ENDS   >>>>>>>>>>

<<<<<<<<<<  ALIGNMENT BEGINS  <<<<<<<<<<

#  Aligning reverse-kturn_conseusns and 4v7w_AA:1293-1294_1250-1256_1242-1247:
#  Alignment score:  33.2
#  P-value:  1.044e-01
#  Query aligned region: 0-1,9-10
#  Target aligned region: 6:'AA'1273-7:'AA'1274,9:'AA'1261-10:'AA'1262

	GG...AC
	GG...AC

#  Matched base-pairing interactions: 
	<G(1:)-A(9:) trans S/H>                        MATCHES	<G(7:'AA'1274)-A(9:'AA'1261) trans S/H>
	<G(0:)-C(10:) cis W/W>                         MATCHES	<G(6:'AA'1273)-C(10:'AA'1262) cis W/W>
#  Matched base-stacking interactions: 

>>>>>>>>>>   ALIGNMENT ENDS   >>>>>>>>>>

<<<<<<<<<<  ALIGNMENT BEGINS  <<<<<<<<<<

#  Aligning reverse-kturn_conseusns and 4v7w_AA:472-480_433-440:
#  Alignment score:  33.2
#  P-value:  1.044e-01
#  Query aligned region: 0-2,8-10
#  Target aligned region: 4:'AA'492-6:'AA'494,10:'AA'439-12:'AA'442

	GGA...AAC
	GGU...AAC

#  Matched base-pairing interactions: 
	<A(2:)-A(8:) trans H/H>                        MATCHES	<U(6:'AA'494)-A(10:'AA'439) trans W/H>
	<G(1:)-A(9:) trans S/H>                        MATCHES	<G(5:'AA'493)-A(11:'AA'441) trans S/H>
	<G(0:)-C(10:) cis W/W>                         MATCHES	<G(4:'AA'492)-C(12:'AA'442) cis W/W>
#  Matched base-stacking interactions: 

>>>>>>>>>>   ALIGNMENT ENDS   >>>>>>>>>>

<<<<<<<<<<  ALIGNMENT BEGINS  <<<<<<<<<<

#  Aligning reverse-kturn_conseusns and 4v7w_AA:1216-1219_920-924_1314-1322:
#  Alignment score:  32.4
#  P-value:  1.136e-01
#  Query aligned region: 0-1,9-10
#  Target aligned region: 4:'AA'943-5:'AA'944,15:'AA'1339-16:'AA'1340

	GG...AC
	UG...AA

#  Matched base-pairing interactions: 
	<G(1:)-A(9:) trans S/H>                        MATCHES	<G(5:'AA'944)-A(15:'AA'1339) trans S/H>
	<G(0:)-C(10:) cis W/W>                         MATCHES	<U(4:'AA'943)-A(16:'AA'1340) cis W/W>
#  Matched base-stacking interactions: 

>>>>>>>>>>   ALIGNMENT ENDS   >>>>>>>>>>

<<<<<<<<<<  ALIGNMENT BEGINS  <<<<<<<<<<

#  Aligning reverse-kturn_conseusns and 4v7w_AA:1277-1287_1312-1318_1218-1222:
#  Alignment score:  31
#  P-value:  1.327e-01
#  Query aligned region: 0-2,8-10
#  Target aligned region: 8:'AA'1304-10:'AA'1306,11:'AA'1331-13:'AA'1333

	GGA...AAC
	GGA...GAA

#  Matched base-pairing interactions: 
	<A(2:)-A(8:) trans H/H>                        MATCHES	<A(10:'AA'1306)-G(11:'AA'1331) trans H/S>
	<G(1:)-A(9:) trans S/H>                        MATCHES	<G(9:'AA'1305)-A(12:'AA'1332) trans S/H>
	<G(0:)-C(10:) cis W/W>                         MATCHES	<G(8:'AA'1304)-A(13:'AA'1333) cis -/->
#  Matched base-stacking interactions: 

>>>>>>>>>>   ALIGNMENT ENDS   >>>>>>>>>>

<<<<<<<<<<  ALIGNMENT BEGINS  <<<<<<<<<<

#  Aligning reverse-kturn_conseusns and 4v7w_AA:347-352_105-106_51-59:
#  Alignment score:  30.8
#  P-value:  1.358e-01
#  Query aligned region: 0-1,9-10
#  Target aligned region: 4:'AA'356-5:'AA'357,12:'AA'55-13:'AA'56

	GG...AC
	AG...AU

#  Matched base-pairing interactions: 
	<G(1:)-A(9:) trans S/H>                        MATCHES	<G(5:'AA'357)-A(12:'AA'55) trans S/H>
	<G(0:)-C(10:) cis W/W>                         MATCHES	<A(4:'AA'356)-U(13:'AA'56) cis W/W>
#  Matched base-stacking interactions: 

>>>>>>>>>>   ALIGNMENT ENDS   >>>>>>>>>>

<<<<<<<<<<  ALIGNMENT BEGINS  <<<<<<<<<<

#  Aligning reverse-kturn_conseusns and 4v7w_AA:314-315_1441-1445_1414-1420:
#  Alignment score:  30.8
#  P-value:  1.358e-01
#  Query aligned region: 0-1,9-10
#  Target aligned region: 4:'AA'1466-5:'AA'1467,9:'AA'1434-10:'AA'1435

	GG...AC
	CG...AG

#  Matched base-pairing interactions: 
	<G(1:)-A(9:) trans S/H>                        MATCHES	<G(5:'AA'1467)-A(9:'AA'1434) trans S/H>
	<G(0:)-C(10:) cis W/W>                         MATCHES	<C(4:'AA'1466)-G(10:'AA'1435) cis W/W>
#  Matched base-stacking interactions: 

>>>>>>>>>>   ALIGNMENT ENDS   >>>>>>>>>>

<<<<<<<<<<  ALIGNMENT BEGINS  <<<<<<<<<<

#  Aligning reverse-kturn_conseusns and 4v7w_AA:878-884_866-875_794-795:
#  Alignment score:  30.1
#  P-value:  1.477e-01
#  Query aligned region: 0-2,8-10
#  Target aligned region: 4:'AA'905-6:'AA'907,9:'AA'891-12:'AA'894

	GGA...AA-C
	UGA...UACG

#  Matched base-pairing interactions: 
	<A(2:)-A(8:) trans H/H>                        MATCHES	<A(6:'AA'907)-U(9:'AA'891) trans H/W>
	<G(0:)-C(10:) cis W/W>                         MATCHES	<U(4:'AA'905)-G(12:'AA'894) cis W/W>
	<G(1:)-A(9:) trans S/H>                        MATCHES	<G(5:'AA'906)-A(10:'AA'892) trans S/H>
#  Matched base-stacking interactions: 

>>>>>>>>>>   ALIGNMENT ENDS   >>>>>>>>>>

<<<<<<<<<<  ALIGNMENT BEGINS  <<<<<<<<<<

#  Aligning reverse-kturn_conseusns and 4v7w_AA:553-555_841-851_835-840:
#  Alignment score:  30
#  P-value:  1.495e-01
#  Query aligned region: 0-1,9-10
#  Target aligned region: 7:'AA'868-8:'AA'869,16:'AA'860-17:'AA'861

	GG...AC
	CG...AG

#  Matched base-pairing interactions: 
	<G(1:)-A(9:) trans S/H>                        MATCHES	<G(8:'AA'869)-A(16:'AA'860) trans S/H>
	<G(0:)-C(10:) cis W/W>                         MATCHES	<C(7:'AA'868)-G(17:'AA'861) cis W/W>
#  Matched base-stacking interactions: 

>>>>>>>>>>   ALIGNMENT ENDS   >>>>>>>>>>

<<<<<<<<<<  ALIGNMENT BEGINS  <<<<<<<<<<

#  Aligning reverse-kturn_conseusns and 4v7w_AA:451-459:
#  Alignment score:  30
#  P-value:  1.495e-01
#  Query aligned region: 0-1,9-10
#  Target aligned region: 1:'AA'458-7:'AA'473

	GG...AC
	CG...AG

#  Matched base-pairing interactions: 
	<G(1:)-A(9:) trans S/H>                        MATCHES	<G(2:'AA'460)-A(6:'AA'472) trans S/H>
	<G(0:)-C(10:) cis W/W>                         MATCHES	<C(1:'AA'458)-G(7:'AA'473) cis W/W>
#  Matched base-stacking interactions: 

>>>>>>>>>>   ALIGNMENT ENDS   >>>>>>>>>>

<<<<<<<<<<  ALIGNMENT BEGINS  <<<<<<<<<<

#  Aligning reverse-kturn_conseusns and 4v7w_AA:672-675_768-770_677-681:
#  Alignment score:  29.6
#  P-value:  1.571e-01
#  Query aligned region: 0-2,8-10
#  Target aligned region: 1:'AA'690-2:'AA'691,5:'AA'786-5:'AA'786,8:'AA'695-10:'AA'697

	GG~A...AAC
	GG~G...AAU

#  Matched base-pairing interactions: 
	<G(1:)-A(9:) trans S/H>                        MATCHES	<G(2:'AA'691)-A(9:'AA'696) trans S/H>
	<A(2:)-A(8:) trans H/H>                        MATCHES	<G(5:'AA'786)-A(8:'AA'695) cis S/W>
	<G(0:)-C(10:) cis W/W>                         MATCHES	<G(1:'AA'690)-U(10:'AA'697) trans S/H>
#  Matched base-stacking interactions: 

>>>>>>>>>>   ALIGNMENT ENDS   >>>>>>>>>>

<<<<<<<<<<  ALIGNMENT BEGINS  <<<<<<<<<<

#  Aligning reverse-kturn_conseusns and 4v7w_AA:1124-1130_1106-1112_1115-1117:
#  Alignment score:  28.6
#  P-value:  1.789e-01
#  Query aligned region: 0-1,9-10
#  Target aligned region: 1:'AA'1143-2:'AA'1144,13:'AA'1130-13:'AA'1130,14:'AA'1133-14:'AA'1133

	GG...A~C
	GG...A~G

#  Matched base-pairing interactions: 
	<G(1:)-A(9:) trans S/H>                        MATCHES	<G(2:'AA'1144)-A(13:'AA'1130) trans S/H>
	<G(0:)-C(10:) cis W/W>                         MATCHES	<G(1:'AA'1143)-G(14:'AA'1133) cis -/->
#  Matched base-stacking interactions: 

>>>>>>>>>>   ALIGNMENT ENDS   >>>>>>>>>>

<<<<<<<<<<  ALIGNMENT BEGINS  <<<<<<<<<<

#  Aligning reverse-kturn_conseusns and 4v7w_AA:1216-1219_1314-1322_920-924:
#  Alignment score:  27.2
#  P-value:  2.180e-01
#  Query aligned region: 0-1,9-10
#  Target aligned region: 2:'AA'1237-3:'AA'1238,7:'AA'1336-8:'AA'1337

	GG...AC
	CA...CG

#  Matched base-pairing interactions: 
	<G(1:)-A(9:) trans S/H>                        MATCHES	<A(3:'AA'1238)-C(7:'AA'1336) trans S/H>
	<G(0:)-C(10:) cis W/W>                         MATCHES	<C(2:'AA'1237)-G(8:'AA'1337) cis W/W>
#  Matched base-stacking interactions: 

>>>>>>>>>>   ALIGNMENT ENDS   >>>>>>>>>>

<<<<<<<<<<  ALIGNMENT BEGINS  <<<<<<<<<<

#  Aligning reverse-kturn_conseusns and 4v7w_AA:959-960_930-937_1203-1210:
#  Alignment score:  26.7
#  P-value:  2.351e-01
#  Query aligned region: 0-3,4-10
#  Target aligned region: 2:'AA'953-9:'AA'960,13:'AA'1225-16:'AA'1228

	GGAG...C~A-AC
	GGUU...U~ACAC

#  Matched base-pairing interactions: 
	<G(3:)-C(4:) cis W/W>                          MATCHES	<U(5:'AA'956)-U(9:'AA'960) trans W/W>
	<G(1:)-A(9:) trans S/H>                        MATCHES	<G(3:'AA'954)-A(15:'AA'1227) trans S/H>
	<A(2:)-A(8:) trans H/H>                        MATCHES	<U(4:'AA'955)-A(13:'AA'1225) cis W/W>
	<G(0:)-C(10:) cis W/W>                         MATCHES	<G(2:'AA'953)-C(16:'AA'1228) cis W/W>
#  Matched base-stacking interactions: 

>>>>>>>>>>   ALIGNMENT ENDS   >>>>>>>>>>

<<<<<<<<<<  ALIGNMENT BEGINS  <<<<<<<<<<

#  Aligning reverse-kturn_conseusns and 4v7w_AA:763-771_778-785_678-680:
#  Alignment score:  25.8
#  P-value:  2.714e-01
#  Query aligned region: 1-2,8-9
#  Target aligned region: 0:'AA'780-1:'AA'781,15:'AA'801-16:'AA'802

	GA...AA
	AA...UA

#  Matched base-pairing interactions: 
	<A(2:)-A(8:) trans H/H>                        MATCHES	<A(1:'AA'781)-U(15:'AA'801) trans H/W>
	<G(1:)-A(9:) trans S/H>                        MATCHES	<A(0:'AA'780)-A(16:'AA'802) trans S/H>
#  Matched base-stacking interactions: 

>>>>>>>>>>   ALIGNMENT ENDS   >>>>>>>>>>

<<<<<<<<<<  ALIGNMENT BEGINS  <<<<<<<<<<

#  Aligning reverse-kturn_conseusns and 4v7w_AA:1338-1341_952-955_1342-1347:
#  Alignment score:  24.6
#  P-value:  3.345e-01
#  Query aligned region: 0-2,8-10
#  Target aligned region: 1:'AA'1358-3:'AA'1360,7:'AA'978-7:'AA'978,9:'AA'1362-10:'AA'1363

	GGA...A~AC
	UCA...A~CC

#  Matched base-pairing interactions: 
	<G(1:)-A(9:) trans S/H>                        MATCHES	<C(2:'AA'1359)-C(9:'AA'1362) trans S/H>
	<A(2:)-A(8:) trans H/H>                        MATCHES	<A(3:'AA'1360)-A(7:'AA'978) trans W/H>
	<G(0:)-C(10:) cis W/W>                         MATCHES	<U(1:'AA'1358)-C(10:'AA'1363) trans W/W>
#  Matched base-stacking interactions: 

>>>>>>>>>>   ALIGNMENT ENDS   >>>>>>>>>>

<<<<<<<<<<  ALIGNMENT BEGINS  <<<<<<<<<<

#  Aligning reverse-kturn_conseusns and 4v7w_AA:680-688_668-673:
#  Alignment score:  24.6
#  P-value:  3.345e-01
#  Query aligned region: 1-2,8-9
#  Target aligned region: 6:'AA'703-7:'AA'704,10:'AA'686-11:'AA'687

	GA...AA
	GA...UA

#  Matched base-pairing interactions: 
	<A(2:)-A(8:) trans H/H>                        MATCHES	<A(7:'AA'704)-U(10:'AA'686) trans H/W>
	<G(1:)-A(9:) trans S/H>                        MATCHES	<G(6:'AA'703)-A(11:'AA'687) trans S/H>
#  Matched base-stacking interactions: 

>>>>>>>>>>   ALIGNMENT ENDS   >>>>>>>>>>

<<<<<<<<<<  ALIGNMENT BEGINS  <<<<<<<<<<

#  Aligning reverse-kturn_conseusns and 4v7w_AA:399-401_432-436_476-481:
#  Alignment score:  24.6
#  P-value:  3.345e-01
#  Query aligned region: 0-1,9-10
#  Target aligned region: 0:'AA'404-0:'AA'404,4:'AA'438-4:'AA'438,12:'AA'496-13:'AA'498

	G~G...AC
	U~G...AU

#  Matched base-pairing interactions: 
	<G(0:)-C(10:) cis W/W>                         MATCHES	<U(0:'AA'404)-U(13:'AA'498) cis W/H>
	<G(1:)-A(9:) trans S/H>                        MATCHES	<G(4:'AA'438)-A(12:'AA'496) trans S/H>
#  Matched base-stacking interactions: 

>>>>>>>>>>   ALIGNMENT ENDS   >>>>>>>>>>

<<<<<<<<<<  ALIGNMENT BEGINS  <<<<<<<<<<

#  Aligning reverse-kturn_conseusns and 4v7w_AA:1341-1342_954-958_1293-1306:
#  Alignment score:  23.8
#  P-value:  3.896e-01
#  Query aligned region: 1-1,9-9
#  Target aligned region: 4:'AA'979-4:'AA'979,12:'AA'1317-12:'AA'1317

	G...A
	C...C

#  Matched base-pairing interactions: 
	<G(1:)-A(9:) trans S/H>                        MATCHES	<C(4:'AA'979)-C(12:'AA'1317) trans S/H>
#  Matched base-stacking interactions: 

>>>>>>>>>>   ALIGNMENT ENDS   >>>>>>>>>>

<<<<<<<<<<  ALIGNMENT BEGINS  <<<<<<<<<<

#  Aligning reverse-kturn_conseusns and 4v7w_AA:1422-1438:
#  Alignment score:  23.6
#  P-value:  4.055e-01
#  Query aligned region: 0-1,9-10
#  Target aligned region: 0:'AA'1440-16:'AA'1461

	GG...AC
	CG...AG

#  Matched base-pairing interactions: 
	<G(1:)-A(9:) trans S/H>                        MATCHES	<G(1:'AA'1441)-A(15:'AA'1460) trans S/H>
	<G(0:)-C(10:) cis W/W>                         MATCHES	<C(0:'AA'1440)-G(16:'AA'1461) cis W/W>
#  Matched base-stacking interactions: 

>>>>>>>>>>   ALIGNMENT ENDS   >>>>>>>>>>

<<<<<<<<<<  ALIGNMENT BEGINS  <<<<<<<<<<

#  Aligning reverse-kturn_conseusns and 4v7w_AA:708-710_713-715_648-649:
#  Alignment score:  21.8
#  P-value:  6.061e-01
#  Query aligned region: 0-1,9-10
#  Target aligned region: 1:'AA'726-2:'AA'727,3:'AA'730-4:'AA'731

	GG...AC
	CG...GG

#  Matched base-pairing interactions: 
	<G(1:)-A(9:) trans S/H>                        MATCHES	<G(2:'AA'727)-G(3:'AA'730) trans S/H>
	<G(0:)-C(10:) cis W/W>                         MATCHES	<C(1:'AA'726)-G(4:'AA'731) cis W/W>
#  Matched base-stacking interactions: 

>>>>>>>>>>   ALIGNMENT ENDS   >>>>>>>>>>

<<<<<<<<<<  ALIGNMENT BEGINS  <<<<<<<<<<

#  Aligning reverse-kturn_conseusns and 4v7w_AA:668-673_680-688:
#  Alignment score:  20.8
#  P-value:  7.891e-01
#  Query aligned region: 0-1,9-10
#  Target aligned region: 4:'AA'689-5:'AA'690,6:'AA'697-7:'AA'698

	GG...AC
	CG...UG

#  Matched base-pairing interactions: 
	<G(1:)-A(9:) trans S/H>                        MATCHES	<G(5:'AA'690)-U(6:'AA'697) trans S/H>
	<G(0:)-C(10:) cis W/W>                         MATCHES	<C(4:'AA'689)-G(7:'AA'698) cis W/W>
#  Matched base-stacking interactions: 

>>>>>>>>>>   ALIGNMENT ENDS   >>>>>>>>>>

<<<<<<<<<<  ALIGNMENT BEGINS  <<<<<<<<<<

#  Aligning reverse-kturn_conseusns and 4v7w_AA:553-555_835-840_841-851:
#  Alignment score:  13.6
#  P-value:  1.000e+00
#  Query aligned region: 0-2,8-10
#  Target aligned region: 6:'AA'861-8:'AA'863,11:'AA'866-13:'AA'868

	GGA...AAC
	GCU...CGC

#  Matched base-pairing interactions: 
	<A(2:)-A(8:) trans H/H>                        MATCHES	<U(8:'AA'863)-C(11:'AA'866) cis -/->
	<G(1:)-A(9:) trans S/H>                        MATCHES	<C(7:'AA'862)-G(12:'AA'867) cis W/W>
	<G(0:)-C(10:) cis W/W>                         MATCHES	<G(6:'AA'861)-C(13:'AA'868) cis W/W>
#  Matched base-stacking interactions: 

>>>>>>>>>>   ALIGNMENT ENDS   >>>>>>>>>>

<<<<<<<<<<  ALIGNMENT BEGINS  <<<<<<<<<<

#  Aligning reverse-kturn_conseusns and 4v7w_AA:1084-1086_1062-1068_1053-1059:
#  Alignment score:  11.8
#  P-value:  1.000e+00
#  Query aligned region: 2-2,8-8
#  Target aligned region: 8:'AA'1085-8:'AA'1085,10:'AA'1071-10:'AA'1071

	A...A
	U...C

#  Matched base-pairing interactions: 
	<A(2:)-A(8:) trans H/H>                        MATCHES	<U(8:'AA'1085)-C(10:'AA'1071) trans H/H>
#  Matched base-stacking interactions: 

>>>>>>>>>>   ALIGNMENT ENDS   >>>>>>>>>>

<<<<<<<<<<  ALIGNMENT BEGINS  <<<<<<<<<<

#  Aligning reverse-kturn_conseusns and 4v7w_AA:1327-1336_1269-1270_1350-1356:
#  Alignment score:  11.8
#  P-value:  1.000e+00
#  Query aligned region: 0-1,9-10
#  Target aligned region: 4:'AA'1350-4:'AA'1350,11:'AA'1289-11:'AA'1289,15:'AA'1371-16:'AA'1372

	G~G...AC
	A~A...GU

#  Matched base-pairing interactions: 
	<G(0:)-C(10:) cis W/W>                         MATCHES	<A(4:'AA'1350)-U(16:'AA'1372) cis W/W>
	<G(1:)-A(9:) trans S/H>                        MATCHES	<A(11:'AA'1289)-G(15:'AA'1371) cis -/->
#  Matched base-stacking interactions: 

>>>>>>>>>>   ALIGNMENT ENDS   >>>>>>>>>>

<<<<<<<<<<  ALIGNMENT BEGINS  <<<<<<<<<<

#  Aligning reverse-kturn_conseusns and 4v7w_AA:422-428_404-411:
#  Alignment score:  10.8
#  P-value:  1.000e+00
#  Query aligned region: 0-1,9-10
#  Target aligned region: 0:'AA'427-1:'AA'428,13:'AA'415-14:'AA'416

	GG...AC
	UG...AG

#  Matched base-pairing interactions: 
	<G(1:)-A(9:) trans S/H>                        MATCHES	<G(1:'AA'428)-A(13:'AA'415) cis W/H>
	<G(0:)-C(10:) cis W/W>                         MATCHES	<U(0:'AA'427)-G(14:'AA'416) cis W/W>
#  Matched base-stacking interactions: 

>>>>>>>>>>   ALIGNMENT ENDS   >>>>>>>>>>

<<<<<<<<<<  ALIGNMENT BEGINS  <<<<<<<<<<

#  Aligning reverse-kturn_conseusns and 4v7w_AA:856-858_558-562_740-747:
#  Alignment score:  10.6
#  P-value:  1.000e+00
#  Query aligned region: 3-3,4-4
#  Target aligned region: 5:'AA'577-5:'AA'577,15:'AA'764-15:'AA'764

	G...C
	G...C

#  Matched base-pairing interactions: 
	<G(3:)-C(4:) cis W/W>                          MATCHES	<G(5:'AA'577)-C(15:'AA'764) cis W/W>
#  Matched base-stacking interactions: 

>>>>>>>>>>   ALIGNMENT ENDS   >>>>>>>>>>

<<<<<<<<<<  ALIGNMENT BEGINS  <<<<<<<<<<

#  Aligning reverse-kturn_conseusns and 4v7w_AA:635-641_730-737:
#  Alignment score:  10.6
#  P-value:  1.000e+00
#  Query aligned region: 3-3,4-4
#  Target aligned region: 6:'AA'658-6:'AA'658,7:'AA'747-7:'AA'747

	G...C
	G...C

#  Matched base-pairing interactions: 
	<G(3:)-C(4:) cis W/W>                          MATCHES	<G(6:'AA'658)-C(7:'AA'747) cis W/W>
#  Matched base-stacking interactions: 

>>>>>>>>>>   ALIGNMENT ENDS   >>>>>>>>>>

<<<<<<<<<<  ALIGNMENT BEGINS  <<<<<<<<<<

#  Aligning reverse-kturn_conseusns and 4v7w_AA:1203-1210_930-937_959-960:
#  Alignment score:  10
#  P-value:  1.000e+00
#  Query aligned region: 0-2,8-10
#  Target aligned region: 0:'AA'1222-0:'AA'1222,11:'AA'956-15:'AA'960,16:'AA'982-16:'AA'982

	G~GA...AA~C
	G~UU...AU~U

#  Matched base-pairing interactions: 
	<A(2:)-A(8:) trans H/H>                        MATCHES	<U(12:'AA'957)-A(14:'AA'959) cis -/->
	<G(0:)-C(10:) cis W/W>                         MATCHES	<G(0:'AA'1222)-U(16:'AA'982) cis W/W>
	<G(1:)-A(9:) trans S/H>                        MATCHES	<U(11:'AA'956)-U(15:'AA'960) trans W/W>
#  Matched base-stacking interactions: 

>>>>>>>>>>   ALIGNMENT ENDS   >>>>>>>>>>

<<<<<<<<<<  ALIGNMENT BEGINS  <<<<<<<<<<

#  Aligning reverse-kturn_conseusns and 4v7w_AA:1314-1322_1216-1219_920-924:
#  Alignment score:  9.8
#  P-value:  1.000e+00
#  Query aligned region: 0-1,9-10
#  Target aligned region: 9:'AA'1235-10:'AA'1236,15:'AA'945-16:'AA'946

	GG...AC
	UA...GA

#  Matched base-pairing interactions: 
	<G(1:)-A(9:) trans S/H>                        MATCHES	<A(10:'AA'1236)-G(15:'AA'945) cis W/W>
	<G(0:)-C(10:) cis W/W>                         MATCHES	<U(9:'AA'1235)-A(16:'AA'946) cis W/W>
#  Matched base-stacking interactions: 

>>>>>>>>>>   ALIGNMENT ENDS   >>>>>>>>>>

<<<<<<<<<<  ALIGNMENT BEGINS  <<<<<<<<<<

#  Aligning reverse-kturn_conseusns and 4v7w_AA:846-849_810-815_832-836:
#  Alignment score:  9.8
#  P-value:  1.000e+00
#  Query aligned region: 3-3,4-4
#  Target aligned region: 6:'AA'829-6:'AA'829,12:'AA'857-12:'AA'857

	G...C
	G...C

#  Matched base-pairing interactions: 
	<G(3:)-C(4:) cis W/W>                          MATCHES	<G(6:'AA'829)-C(12:'AA'857) cis W/W>
#  Matched base-stacking interactions: 

>>>>>>>>>>   ALIGNMENT ENDS   >>>>>>>>>>

<<<<<<<<<<  ALIGNMENT BEGINS  <<<<<<<<<<

#  Aligning reverse-kturn_conseusns and 4v7w_AA:465-472_440-444:
#  Alignment score:  9.8
#  P-value:  1.000e+00
#  Query aligned region: 3-3,4-4
#  Target aligned region: 7:'AA'488-7:'AA'488,8:'AA'446-8:'AA'446

	G...C
	C...G

#  Matched base-pairing interactions: 
	<G(3:)-C(4:) cis W/W>                          MATCHES	<C(7:'AA'488)-G(8:'AA'446) cis W/W>
#  Matched base-stacking interactions: 

>>>>>>>>>>   ALIGNMENT ENDS   >>>>>>>>>>

<<<<<<<<<<  ALIGNMENT BEGINS  <<<<<<<<<<

#  Aligning reverse-kturn_conseusns and 4v7w_AA:238-244_270-279:
#  Alignment score:  9.8
#  P-value:  1.000e+00
#  Query aligned region: 3-3,4-4
#  Target aligned region: 6:'AA'249-6:'AA'249,7:'AA'275-7:'AA'275

	G...C
	U...G

#  Matched base-pairing interactions: 
	<G(3:)-C(4:) cis W/W>                          MATCHES	<U(6:'AA'249)-G(7:'AA'275) cis W/W>
#  Matched base-stacking interactions: 

>>>>>>>>>>   ALIGNMENT ENDS   >>>>>>>>>>

<<<<<<<<<<  ALIGNMENT BEGINS  <<<<<<<<<<

#  Aligning reverse-kturn_conseusns and 4v7w_AA:204-215:
#  Alignment score:  9.7
#  P-value:  1.000e+00
#  Query aligned region: 0-1,9-10
#  Target aligned region: 3:'AA'201-7:'AA'216

	GG...A-C
	CU...UUG

#  Matched base-pairing interactions: 
	<G(0:)-C(10:) cis W/W>                         MATCHES	<C(3:'AA'201)-G(7:'AA'216) cis W/W>
	<G(1:)-A(9:) trans S/H>                        MATCHES	<U(4:'AA'202)-U(5:'AA'203) trans S/H>
#  Matched base-stacking interactions: 

>>>>>>>>>>   ALIGNMENT ENDS   >>>>>>>>>>

<<<<<<<<<<  ALIGNMENT BEGINS  <<<<<<<<<<

#  Aligning reverse-kturn_conseusns and 4v7w_AA:1176-1187_1035-1043:
#  Alignment score:  9
#  P-value:  1.000e+00
#  Query aligned region: 3-3,4-4
#  Target aligned region: 2:'AA'1197-2:'AA'1197,19:'AA'1060-19:'AA'1060

	G...C
	G...C

#  Matched base-pairing interactions: 
	<G(3:)-C(4:) cis W/W>                          MATCHES	<G(2:'AA'1197)-C(19:'AA'1060) cis W/W>
#  Matched base-stacking interactions: 

>>>>>>>>>>   ALIGNMENT ENDS   >>>>>>>>>>

<<<<<<<<<<  ALIGNMENT BEGINS  <<<<<<<<<<

#  Aligning reverse-kturn_conseusns and 4v7w_AA:51-59_105-106_347-352:
#  Alignment score:  8.6
#  P-value:  1.000e+00
#  Query aligned region: 0-1,9-10
#  Target aligned region: 7:'AA'58-7:'AA'58,10:'AA'113-10:'AA'113,12:'AA'353-13:'AA'354

	G~G...AC
	C~G...AG

#  Matched base-pairing interactions: 
	<G(0:)-C(10:) cis W/W>                         MATCHES	<C(7:'AA'58)-G(13:'AA'354) cis W/W>
	<G(1:)-A(9:) trans S/H>                        MATCHES	<G(10:'AA'113)-A(12:'AA'353) cis S/S>
#  Matched base-stacking interactions: 

>>>>>>>>>>   ALIGNMENT ENDS   >>>>>>>>>>

<<<<<<<<<<  ALIGNMENT BEGINS  <<<<<<<<<<

#  Aligning reverse-kturn_conseusns and 4v7w_AA:1106-1117_1120-1128:
#  Alignment score:  8.2
#  P-value:  1.000e+00
#  Query aligned region: 3-3,4-4
#  Target aligned region: 3:'AA'1127-3:'AA'1127,19:'AA'1145-19:'AA'1145

	G...C
	G...C

#  Matched base-pairing interactions: 
	<G(3:)-C(4:) cis W/W>                          MATCHES	<G(3:'AA'1127)-C(19:'AA'1145) cis W/W>
#  Matched base-stacking interactions: 

>>>>>>>>>>   ALIGNMENT ENDS   >>>>>>>>>>

<<<<<<<<<<  ALIGNMENT BEGINS  <<<<<<<<<<

#  Aligning reverse-kturn_conseusns and 4v7w_AA:77-86:
#  Alignment score:  8.1
#  P-value:  1.000e+00
#  Query aligned region: 0-1,9-10
#  Target aligned region: 1:'AA'80-7:'AA'89

	GG...A-C
	GU...UAC

#  Matched base-pairing interactions: 
	<G(0:)-C(10:) cis W/W>                         MATCHES	<G(1:'AA'80)-C(7:'AA'89) cis W/W>
	<G(1:)-A(9:) trans S/H>                        MATCHES	<U(2:'AA'81)-U(5:'AA'84) trans H/H>
#  Matched base-stacking interactions: 

>>>>>>>>>>   ALIGNMENT ENDS   >>>>>>>>>>

<<<<<<<<<<  ALIGNMENT BEGINS  <<<<<<<<<<

#  Aligning reverse-kturn_conseusns and 4v7w_AA:1115-1117_1106-1112_1124-1130:
#  Alignment score:  6.2
#  P-value:  1.000e+00
#  Query aligned region: 3-3,4-4
#  Target aligned region: 2:'AA'1135-2:'AA'1135,8:'AA'1129-8:'AA'1129

	G...C
	U...C

#  Matched base-pairing interactions: 
	<G(3:)-C(4:) cis W/W>                          MATCHES	<U(2:'AA'1135)-C(8:'AA'1129) cis W/W>
#  Matched base-stacking interactions: 

>>>>>>>>>>   ALIGNMENT ENDS   >>>>>>>>>>

<<<<<<<<<<  ALIGNMENT BEGINS  <<<<<<<<<<

#  Aligning reverse-kturn_conseusns and 4v7w_AA:1003-1017:
#  Alignment score:  5.7
#  P-value:  1.000e+00
#  Query aligned region: 0-3,4-10
#  Target aligned region: 3:'AA'1028-13:'AA'1034

	GGAG...CACAAAC
	CCCG...G-AGGGG

#  Matched base-pairing interactions: 
	<G(3:)-C(4:) cis W/W>                          MATCHES	<G(6:'AA'1030.A)-G(8:'AA'1030.C) cis -/->
	<A(2:)-A(8:) trans H/H>                        MATCHES	<C(5:'AA'1030)-G(11:'AA'1032) cis W/W>
	<G(1:)-A(9:) trans S/H>                        MATCHES	<C(4:'AA'1029)-G(12:'AA'1033) cis S/W>
	<G(0:)-C(10:) cis W/W>                         MATCHES	<C(3:'AA'1028)-G(13:'AA'1034) cis W/S>
#  Matched base-stacking interactions: 

>>>>>>>>>>   ALIGNMENT ENDS   >>>>>>>>>>

<<<<<<<<<<  ALIGNMENT BEGINS  <<<<<<<<<<

#  Aligning reverse-kturn_conseusns and 4v7w_AA:215-216_136-137:
#  Alignment score:  1.9
#  P-value:  1.000e+00
#  Query aligned region: 
#  Target aligned region: 

	
	

#  Matched base-pairing interactions: 
#  Matched base-stacking interactions: 

>>>>>>>>>>   ALIGNMENT ENDS   >>>>>>>>>>

<<<<<<<<<<  ALIGNMENT BEGINS  <<<<<<<<<<

#  Aligning reverse-kturn_conseusns and 4v7w_AA:136-137_215-216:
#  Alignment score:  1.9
#  P-value:  1.000e+00
#  Query aligned region: 
#  Target aligned region: 

	
	

#  Matched base-pairing interactions: 
#  Matched base-stacking interactions: 

>>>>>>>>>>   ALIGNMENT ENDS   >>>>>>>>>>

