$ /home/s081p868/scratch/RNAMotifScanX-release/bin/scan /home/s081p868/scratch/RNAMotifScanX-release/models/k-turn_consensus.struct /rfs/poseidon_share/s081p868/RNAMotifScanX_nr/rmsx_work_default/4v50/AA/4v50_AA.rmsx.in --map_pdb=/rfs/poseidon_share/s081p868/RNAMotifScanX_nr/rmsx_work_default/4v50/AA/4v50_AA.rmsx.nch --pvalue 1.0 --num_threads 16 --write_alignment
<<<<<<<<<<  ALIGNMENT BEGINS  <<<<<<<<<<

#  Aligning k-turn_consensus and 4v50_AA:683-688_697-705:
#  Alignment score:  63.8
#  P-value:  7.583e-02
#  Query aligned region: 0-4,5-12
#  Target aligned region: 0:'AA'684-4:'AA'688,7:'AA'699-14:'AA'706

	GGGAG...CGAAGAAC
	UGUAG...CGUAGAGA

#  Matched base-pairing interactions: 
	<G(4:)-C(5:) cis W/W>                          MATCHES	<G(4:'AA'688)-C(7:'AA'699) cis W/W>
	<A(3:)-G(9:) trans H/S>                        MATCHES	<A(3:'AA'687)-G(11:'AA'703) trans H/S>
	<A(3:)-G(6:) trans S/S>                        MATCHES	<A(3:'AA'687)-G(8:'AA'700) cis -/->
	<G(4:)-A(10:) trans S/S>                       MATCHES	<G(4:'AA'688)-A(12:'AA'704) cis -/->
	<G(2:)-A(10:) trans S/H>                       MATCHES	<U(2:'AA'686)-A(12:'AA'704) trans W/H>
	<G(1:)-A(11:) trans S/H>                       MATCHES	<G(1:'AA'685)-G(13:'AA'705) trans S/H>
	<G(0:)-C(12:) cis W/W>                         MATCHES	<U(0:'AA'684)-A(14:'AA'706) cis W/W>
#  Matched base-stacking interactions: 

>>>>>>>>>>   ALIGNMENT ENDS   >>>>>>>>>>

<<<<<<<<<<  ALIGNMENT BEGINS  <<<<<<<<<<

#  Aligning k-turn_consensus and 4v50_AA:775-781_1512-1522_799-803:
#  Alignment score:  62.9
#  P-value:  7.971e-02
#  Query aligned region: 0-4,5-12
#  Target aligned region: 2:'AA'778-5:'AA'781,9:'AA'1515-16:'AA'1522,19:'AA'801-22:'AA'804

	GGGA~G...C-G~GAAC
	GCAA~G...CCU~UAGU

#  Matched base-pairing interactions: 
	<A(3:)-G(6:) trans S/S>                        MATCHES	<A(5:'AA'781)-U(16:'AA'1522) trans S/S>
	<A(3:)-G(9:) trans H/S>                        MATCHES	<A(5:'AA'781)-U(19:'AA'801) trans H/W>
	<G(4:)-C(5:) cis W/W>                          MATCHES	<G(9:'AA'1515)-C(14:'AA'1520) cis W/W>
	<G(2:)-A(10:) trans S/H>                       MATCHES	<A(4:'AA'780)-A(20:'AA'802) trans S/H>
	<G(1:)-A(11:) trans S/H>                       MATCHES	<C(3:'AA'779)-G(21:'AA'803) cis W/W>
	<G(0:)-C(12:) cis W/W>                         MATCHES	<G(2:'AA'778)-U(22:'AA'804) cis W/W>
#  Matched base-stacking interactions: 
	<A(3:)-A(10:) outward>                         MATCHES	<A(5:'AA'781)-A(20:'AA'802) outward>

>>>>>>>>>>   ALIGNMENT ENDS   >>>>>>>>>>

<<<<<<<<<<  ALIGNMENT BEGINS  <<<<<<<<<<

#  Aligning k-turn_consensus and 4v50_AA:18-21_884-887_908-916:
#  Alignment score:  47.3
#  P-value:  2.525e-01
#  Query aligned region: 0-4,5-12
#  Target aligned region: 0:'AA'19-3:'AA'22,4:'AA'885-4:'AA'885,11:'AA'912-15:'AA'916

	GGGA~G...CGAAGAAC
	AUGG~G...CA---AAU

#  Matched base-pairing interactions: 
	<G(4:)-A(10:) trans S/S>                       MATCHES	<G(4:'AA'885)-A(13:'AA'914) trans S/S>
	<G(2:)-A(10:) trans S/H>                       MATCHES	<G(2:'AA'21)-A(13:'AA'914) trans S/H>
	<G(4:)-C(5:) cis W/W>                          MATCHES	<G(4:'AA'885)-C(11:'AA'912) cis W/W>
	<A(3:)-G(6:) trans S/S>                        MATCHES	<G(3:'AA'22)-A(12:'AA'913) cis -/->
	<G(1:)-A(11:) trans S/H>                       MATCHES	<U(1:'AA'20)-A(14:'AA'915) trans W/W>
	<G(0:)-C(12:) cis W/W>                         MATCHES	<A(0:'AA'19)-U(15:'AA'916) cis W/W>
#  Matched base-stacking interactions: 

>>>>>>>>>>   ALIGNMENT ENDS   >>>>>>>>>>

<<<<<<<<<<  ALIGNMENT BEGINS  <<<<<<<<<<

#  Aligning k-turn_consensus and 4v50_AA:1295-1308_1328-1336_1235-1240:
#  Alignment score:  44
#  P-value:  3.620e-01
#  Query aligned region: 0-4,5-12
#  Target aligned region: 7:'AA'1303-12:'AA'1308,14:'AA'1329-19:'AA'1334

	GGGA-G...CGAAGAAC
	CGGAUU...AU--GAAG

#  Matched base-pairing interactions: 
	<A(3:)-G(9:) trans H/S>                        MATCHES	<A(10:'AA'1306)-G(16:'AA'1331) trans H/S>
	<A(3:)-G(6:) trans S/S>                        MATCHES	<A(10:'AA'1306)-U(15:'AA'1330) trans W/W>
	<G(4:)-C(5:) cis W/W>                          MATCHES	<U(12:'AA'1308)-A(14:'AA'1329) cis W/W>
	<G(2:)-A(10:) trans S/H>                       MATCHES	<G(9:'AA'1305)-A(17:'AA'1332) cis -/->
	<G(1:)-A(11:) trans S/H>                       MATCHES	<G(8:'AA'1304)-A(18:'AA'1333) trans S/H>
	<G(0:)-C(12:) cis W/W>                         MATCHES	<C(7:'AA'1303)-G(19:'AA'1334) cis W/W>
#  Matched base-stacking interactions: 
	<A(3:)-A(10:) outward>                         MATCHES	<A(10:'AA'1306)-A(17:'AA'1332) outward>

>>>>>>>>>>   ALIGNMENT ENDS   >>>>>>>>>>

<<<<<<<<<<  ALIGNMENT BEGINS  <<<<<<<<<<

#  Aligning k-turn_consensus and 4v50_AA:241-251_274-282:
#  Alignment score:  43.9
#  P-value:  3.664e-01
#  Query aligned region: 2-4,5-10
#  Target aligned region: 1:'AA'243-5:'AA'247,13:'AA'277-18:'AA'282

	G--AG...CGAAGA
	AUUAG...CGACGA

#  Matched base-pairing interactions: 
	<G(2:)-A(10:) trans S/H>                       MATCHES	<A(1:'AA'243)-A(18:'AA'282) trans W/H>
	<A(3:)-G(9:) trans H/S>                        MATCHES	<A(4:'AA'246)-G(17:'AA'281) trans H/S>
	<G(4:)-C(5:) cis W/W>                          MATCHES	<G(5:'AA'247)-C(13:'AA'277) cis W/W>
	<A(3:)-G(6:) trans S/S>                        MATCHES	<A(4:'AA'246)-G(14:'AA'278) cis -/->
	<G(4:)-A(10:) trans S/S>                       MATCHES	<G(5:'AA'247)-A(18:'AA'282) cis -/->
#  Matched base-stacking interactions: 
	<A(3:)-A(10:) outward>                         MATCHES	<A(4:'AA'246)-A(18:'AA'282) outward>

>>>>>>>>>>   ALIGNMENT ENDS   >>>>>>>>>>

<<<<<<<<<<  ALIGNMENT BEGINS  <<<<<<<<<<

#  Aligning k-turn_consensus and 4v50_AA:1281-1282_1254-1262_1271-1278:
#  Alignment score:  27
#  P-value:  1.000e+00
#  Query aligned region: 0-1,11-12
#  Target aligned region: 6:'AA'1259-7:'AA'1260,14:'AA'1275-15:'AA'1276

	GG...AC
	CG...AG

#  Matched base-pairing interactions: 
	<G(1:)-A(11:) trans S/H>                       MATCHES	<G(7:'AA'1260)-A(14:'AA'1275) trans S/H>
	<G(0:)-C(12:) cis W/W>                         MATCHES	<C(6:'AA'1259)-G(15:'AA'1276) cis W/W>
#  Matched base-stacking interactions: 

>>>>>>>>>>   ALIGNMENT ENDS   >>>>>>>>>>

<<<<<<<<<<  ALIGNMENT BEGINS  <<<<<<<<<<

#  Aligning k-turn_consensus and 4v50_AA:747-754_585-587_650-657:
#  Alignment score:  26.3
#  P-value:  1.000e+00
#  Query aligned region: 1-4,5-11
#  Target aligned region: 3:'AA'751-7:'AA'755,8:'AA'586-8:'AA'586,11:'AA'651-15:'AA'655

	GGA-G...C~GAAG-AA
	UGACG...C~C--UUGA

#  Matched base-pairing interactions: 
	<A(3:)-G(6:) trans S/S>                        MATCHES	<A(5:'AA'753)-C(11:'AA'651) cis -/->
	<G(2:)-A(10:) trans S/H>                       MATCHES	<G(4:'AA'752)-G(14:'AA'654) trans S/H>
	<G(4:)-C(5:) cis W/W>                          MATCHES	<G(7:'AA'755)-C(8:'AA'586) cis W/W>
	<A(3:)-G(9:) trans H/S>                        MATCHES	<A(5:'AA'753)-U(12:'AA'652) trans H/W>
	<G(4:)-A(10:) trans S/S>                       MATCHES	<G(7:'AA'755)-G(14:'AA'654) cis S/S>
	<G(1:)-A(11:) trans S/H>                       MATCHES	<U(3:'AA'751)-A(15:'AA'655) cis W/W>
#  Matched base-stacking interactions: 
	<A(3:)-A(10:) outward>                         MATCHES	<A(5:'AA'753)-G(14:'AA'654) outward>

>>>>>>>>>>   ALIGNMENT ENDS   >>>>>>>>>>

<<<<<<<<<<  ALIGNMENT BEGINS  <<<<<<<<<<

#  Aligning k-turn_consensus and 4v50_AA:899-901_809-811_896-898:
#  Alignment score:  26
#  P-value:  1.000e+00
#  Query aligned region: 3-3,6-9
#  Target aligned region: 1:'AA'901-1:'AA'901,4:'AA'811-4:'AA'811,7:'AA'898-7:'AA'898

	A...G~G
	A...C~G

#  Matched base-pairing interactions: 
	<A(3:)-G(9:) trans H/S>                        MATCHES	<A(1:'AA'901)-G(7:'AA'898) trans H/S>
	<A(3:)-G(6:) trans S/S>                        MATCHES	<A(1:'AA'901)-C(4:'AA'811) cis -/->
#  Matched base-stacking interactions: 

>>>>>>>>>>   ALIGNMENT ENDS   >>>>>>>>>>

<<<<<<<<<<  ALIGNMENT BEGINS  <<<<<<<<<<

#  Aligning k-turn_consensus and 4v50_AA:932-938_1377-1383_1373-1376:
#  Alignment score:  25.2
#  P-value:  1.000e+00
#  Query aligned region: 0-1,11-12
#  Target aligned region: 3:'AA'936-4:'AA'937,7:'AA'1378-8:'AA'1379

	GG...AC
	CA...CG

#  Matched base-pairing interactions: 
	<G(1:)-A(11:) trans S/H>                       MATCHES	<A(4:'AA'937)-C(7:'AA'1378) trans S/H>
	<G(0:)-C(12:) cis W/W>                         MATCHES	<C(3:'AA'936)-G(8:'AA'1379) cis W/W>
#  Matched base-stacking interactions: 

>>>>>>>>>>   ALIGNMENT ENDS   >>>>>>>>>>

<<<<<<<<<<  ALIGNMENT BEGINS  <<<<<<<<<<

#  Aligning k-turn_consensus and 4v50_AA:620-622_38-43_397-403:
#  Alignment score:  25
#  P-value:  1.000e+00
#  Query aligned region: 3-3,6-9
#  Target aligned region: 1:'AA'622-1:'AA'622,6:'AA'42-6:'AA'42,11:'AA'400-11:'AA'400

	A...G~G
	A...G~C

#  Matched base-pairing interactions: 
	<A(3:)-G(6:) trans S/S>                        MATCHES	<A(1:'AA'622)-G(6:'AA'42) trans S/S>
	<A(3:)-G(9:) trans H/S>                        MATCHES	<A(1:'AA'622)-C(11:'AA'400) cis S/S>
#  Matched base-stacking interactions: 

>>>>>>>>>>   ALIGNMENT ENDS   >>>>>>>>>>

<<<<<<<<<<  ALIGNMENT BEGINS  <<<<<<<<<<

#  Aligning k-turn_consensus and 4v50_AA:1267-1268_1303-1311_1324-1331:
#  Alignment score:  25
#  P-value:  1.000e+00
#  Query aligned region: 3-3,6-9
#  Target aligned region: 1:'AA'1269-1:'AA'1269,10:'AA'1312-10:'AA'1312,11:'AA'1325-11:'AA'1325

	A...G~G
	A...G~C

#  Matched base-pairing interactions: 
	<A(3:)-G(6:) trans S/S>                        MATCHES	<A(1:'AA'1269)-G(10:'AA'1312) trans S/S>
	<A(3:)-G(9:) trans H/S>                        MATCHES	<A(1:'AA'1269)-C(11:'AA'1325) cis S/S>
#  Matched base-stacking interactions: 

>>>>>>>>>>   ALIGNMENT ENDS   >>>>>>>>>>

<<<<<<<<<<  ALIGNMENT BEGINS  <<<<<<<<<<

#  Aligning k-turn_consensus and 4v50_AA:551-557_25-31_291-304:
#  Alignment score:  24.9
#  P-value:  1.000e+00
#  Query aligned region: 0-1,11-12
#  Target aligned region: 4:'AA'556-6:'AA'558,7:'AA'26-8:'AA'27

	G-G...AC
	CGG...AG

#  Matched base-pairing interactions: 
	<G(0:)-C(12:) cis W/W>                         MATCHES	<C(4:'AA'556)-G(8:'AA'27) cis W/W>
	<G(1:)-A(11:) trans S/H>                       MATCHES	<G(6:'AA'558)-A(7:'AA'26) trans S/H>
#  Matched base-stacking interactions: 

>>>>>>>>>>   ALIGNMENT ENDS   >>>>>>>>>>

<<<<<<<<<<  ALIGNMENT BEGINS  <<<<<<<<<<

#  Aligning k-turn_consensus and 4v50_AA:1032-1038_1001-1005_1022-1027:
#  Alignment score:  24.8
#  P-value:  1.000e+00
#  Query aligned region: 0-4,5-12
#  Target aligned region: 0:'AA'1033-2:'AA'1035,9:'AA'1004-11:'AA'1006,12:'AA'1023-17:'AA'1028

	GGG~A-G...CGAAGAAC
	GGA~AAG...UG--UGCC

#  Matched base-pairing interactions: 
	<G(4:)-C(5:) cis W/W>                          MATCHES	<G(11:'AA'1006)-U(12:'AA'1023) cis W/W>
	<A(3:)-G(9:) trans H/S>                        MATCHES	<A(9:'AA'1004)-U(14:'AA'1025) trans H/S>
	<G(2:)-A(10:) trans S/H>                       MATCHES	<A(2:'AA'1035)-G(15:'AA'1026) cis W/W>
	<A(3:)-G(6:) trans S/S>                        MATCHES	<A(9:'AA'1004)-G(13:'AA'1024) cis -/->
	<G(1:)-A(11:) trans S/H>                       MATCHES	<G(1:'AA'1034)-C(16:'AA'1027) cis W/W>
	<G(0:)-C(12:) cis W/W>                         MATCHES	<G(0:'AA'1033)-C(17:'AA'1028) cis W/W>
#  Matched base-stacking interactions: 
	<A(3:)-A(10:) outward>                         MATCHES	<A(9:'AA'1004)-G(15:'AA'1026) outward>

>>>>>>>>>>   ALIGNMENT ENDS   >>>>>>>>>>

<<<<<<<<<<  ALIGNMENT BEGINS  <<<<<<<<<<

#  Aligning k-turn_consensus and 4v50_AA:887-897_901-908:
#  Alignment score:  24.6
#  P-value:  1.000e+00
#  Query aligned region: 1-1,11-11
#  Target aligned region: 0:'AA'888-0:'AA'888,18:'AA'909-18:'AA'909

	G...A
	G...A

#  Matched base-pairing interactions: 
	<G(1:)-A(11:) trans S/H>                       MATCHES	<G(0:'AA'888)-A(18:'AA'909) trans S/H>
#  Matched base-stacking interactions: 

>>>>>>>>>>   ALIGNMENT ENDS   >>>>>>>>>>

<<<<<<<<<<  ALIGNMENT BEGINS  <<<<<<<<<<

#  Aligning k-turn_consensus and 4v50_AA:14-16_1392-1400_917-922:
#  Alignment score:  24.4
#  P-value:  1.000e+00
#  Query aligned region: 0-1,11-12
#  Target aligned region: 2:'AA'17-2:'AA'17,8:'AA'1398-9:'AA'1399,12:'AA'918-12:'AA'918

	G~G...A~C
	U~A...C~A

#  Matched base-pairing interactions: 
	<G(0:)-C(12:) cis W/W>                         MATCHES	<U(2:'AA'17)-A(12:'AA'918) cis W/W>
	<G(1:)-A(11:) trans S/H>                       MATCHES	<A(8:'AA'1398)-C(9:'AA'1399) trans S/H>
#  Matched base-stacking interactions: 

>>>>>>>>>>   ALIGNMENT ENDS   >>>>>>>>>>

<<<<<<<<<<  ALIGNMENT BEGINS  <<<<<<<<<<

#  Aligning k-turn_consensus and 4v50_AA:1001-1005_1032-1038_1022-1027:
#  Alignment score:  24.4
#  P-value:  1.000e+00
#  Query aligned region: 3-3,6-9
#  Target aligned region: 2:'AA'1004-2:'AA'1004,8:'AA'1036-8:'AA'1036,14:'AA'1025-14:'AA'1025

	A...G~G
	A...A~U

#  Matched base-pairing interactions: 
	<A(3:)-G(9:) trans H/S>                        MATCHES	<A(2:'AA'1004)-U(14:'AA'1025) trans H/S>
	<A(3:)-G(6:) trans S/S>                        MATCHES	<A(2:'AA'1004)-A(8:'AA'1036) cis -/->
#  Matched base-stacking interactions: 

>>>>>>>>>>   ALIGNMENT ENDS   >>>>>>>>>>

<<<<<<<<<<  ALIGNMENT BEGINS  <<<<<<<<<<

#  Aligning k-turn_consensus and 4v50_AA:1014-1019_986-987_1009-1013:
#  Alignment score:  24.4
#  P-value:  1.000e+00
#  Query aligned region: 3-3,6-9
#  Target aligned region: 1:'AA'1016-1:'AA'1016,7:'AA'988-7:'AA'988,11:'AA'1013-11:'AA'1013

	A...G~G
	A...G~G

#  Matched base-pairing interactions: 
	<A(3:)-G(9:) trans H/S>                        MATCHES	<A(1:'AA'1016)-G(11:'AA'1013) trans H/S>
	<A(3:)-G(6:) trans S/S>                        MATCHES	<A(1:'AA'1016)-G(7:'AA'988) cis -/->
#  Matched base-stacking interactions: 

>>>>>>>>>>   ALIGNMENT ENDS   >>>>>>>>>>

<<<<<<<<<<  ALIGNMENT BEGINS  <<<<<<<<<<

#  Aligning k-turn_consensus and 4v50_AA:765-767_1504-1512_1521-1529:
#  Alignment score:  24.2
#  P-value:  1.000e+00
#  Query aligned region: 3-3,6-9
#  Target aligned region: 1:'AA'767-1:'AA'767,9:'AA'1511-9:'AA'1511,14:'AA'1524-14:'AA'1524

	A...G~G
	A...G~C

#  Matched base-pairing interactions: 
	<A(3:)-G(6:) trans S/S>                        MATCHES	<A(1:'AA'767)-G(9:'AA'1511) trans S/S>
	<A(3:)-G(9:) trans H/S>                        MATCHES	<A(1:'AA'767)-C(14:'AA'1524) cis S/S>
#  Matched base-stacking interactions: 

>>>>>>>>>>   ALIGNMENT ENDS   >>>>>>>>>>

<<<<<<<<<<  ALIGNMENT BEGINS  <<<<<<<<<<

#  Aligning k-turn_consensus and 4v50_AA:1464-1469_317-320_1429-1436:
#  Alignment score:  24.2
#  P-value:  1.000e+00
#  Query aligned region: 3-3,6-9
#  Target aligned region: 3:'AA'1468-3:'AA'1468,6:'AA'318-6:'AA'318,12:'AA'1432-12:'AA'1432

	A...G~G
	A...G~G

#  Matched base-pairing interactions: 
	<A(3:)-G(9:) trans H/S>                        MATCHES	<A(3:'AA'1468)-G(12:'AA'1432) trans H/S>
	<A(3:)-G(6:) trans S/S>                        MATCHES	<A(3:'AA'1468)-G(6:'AA'318) cis S/S>
#  Matched base-stacking interactions: 

>>>>>>>>>>   ALIGNMENT ENDS   >>>>>>>>>>

<<<<<<<<<<  ALIGNMENT BEGINS  <<<<<<<<<<

#  Aligning k-turn_consensus and 4v50_AA:696-705_684-689:
#  Alignment score:  23.8
#  P-value:  1.000e+00
#  Query aligned region: 1-1,11-11
#  Target aligned region: 6:'AA'703-6:'AA'703,12:'AA'687-12:'AA'687

	G...A
	G...A

#  Matched base-pairing interactions: 
	<G(1:)-A(11:) trans S/H>                       MATCHES	<G(6:'AA'703)-A(12:'AA'687) trans S/H>
#  Matched base-stacking interactions: 

>>>>>>>>>>   ALIGNMENT ENDS   >>>>>>>>>>

<<<<<<<<<<  ALIGNMENT BEGINS  <<<<<<<<<<

#  Aligning k-turn_consensus and 4v50_AA:1273-1277_1281-1287_1248-1260:
#  Alignment score:  23.4
#  P-value:  1.000e+00
#  Query aligned region: 1-1,11-11
#  Target aligned region: 0:'AA'1274-0:'AA'1274,24:'AA'1261-24:'AA'1261

	G...A
	A...A

#  Matched base-pairing interactions: 
	<G(1:)-A(11:) trans S/H>                       MATCHES	<A(0:'AA'1274)-A(24:'AA'1261) trans S/H>
#  Matched base-stacking interactions: 

>>>>>>>>>>   ALIGNMENT ENDS   >>>>>>>>>>

<<<<<<<<<<  ALIGNMENT BEGINS  <<<<<<<<<<

#  Aligning k-turn_consensus and 4v50_AA:694-696_779-787_791-801:
#  Alignment score:  23.4
#  P-value:  1.000e+00
#  Query aligned region: 1-1,11-11
#  Target aligned region: 3:'AA'780-3:'AA'780,22:'AA'802-22:'AA'802

	G...A
	A...A

#  Matched base-pairing interactions: 
	<G(1:)-A(11:) trans S/H>                       MATCHES	<A(3:'AA'780)-A(22:'AA'802) trans S/H>
#  Matched base-stacking interactions: 

>>>>>>>>>>   ALIGNMENT ENDS   >>>>>>>>>>

<<<<<<<<<<  ALIGNMENT BEGINS  <<<<<<<<<<

#  Aligning k-turn_consensus and 4v50_AA:1059-1067_1106-1107_1189-1196:
#  Alignment score:  23.1
#  P-value:  1.000e+00
#  Query aligned region: 0-4,5-12
#  Target aligned region: 3:'AA'1063-8:'AA'1068,9:'AA'1107-10:'AA'1108,12:'AA'1191-14:'AA'1193

	GG-GAG...CG~AAC
	CGUCAG...CG~ACG

#  Matched base-pairing interactions: 
	<G(1:)-A(11:) trans S/H>                       MATCHES	<G(4:'AA'1064)-C(13:'AA'1192) cis W/H>
	<G(0:)-C(12:) cis W/W>                         MATCHES	<C(3:'AA'1063)-G(14:'AA'1193) cis W/W>
	<G(4:)-A(10:) trans S/S>                       MATCHES	<G(8:'AA'1068)-A(12:'AA'1191) trans S/S>
	<G(2:)-A(10:) trans S/H>                       MATCHES	<C(6:'AA'1066)-A(12:'AA'1191) trans W/H>
	<G(4:)-C(5:) cis W/W>                          MATCHES	<G(8:'AA'1068)-C(9:'AA'1107) cis W/W>
	<A(3:)-G(6:) trans S/S>                        MATCHES	<A(7:'AA'1067)-G(10:'AA'1108) cis -/->
#  Matched base-stacking interactions: 

>>>>>>>>>>   ALIGNMENT ENDS   >>>>>>>>>>

<<<<<<<<<<  ALIGNMENT BEGINS  <<<<<<<<<<

#  Aligning k-turn_consensus and 4v50_AA:1372-1382_1343-1348_932-938:
#  Alignment score:  23
#  P-value:  1.000e+00
#  Query aligned region: 1-1,11-11
#  Target aligned region: 0:'AA'1373-0:'AA'1373,16:'AA'1349-16:'AA'1349

	G...A
	G...A

#  Matched base-pairing interactions: 
	<G(1:)-A(11:) trans S/H>                       MATCHES	<G(0:'AA'1373)-A(16:'AA'1349) trans S/H>
#  Matched base-stacking interactions: 

>>>>>>>>>>   ALIGNMENT ENDS   >>>>>>>>>>

<<<<<<<<<<  ALIGNMENT BEGINS  <<<<<<<<<<

#  Aligning k-turn_consensus and 4v50_AA:319-332_105-110_59-60:
#  Alignment score:  23
#  P-value:  1.000e+00
#  Query aligned region: 1-1,11-11
#  Target aligned region: 4:'AA'324-4:'AA'324,17:'AA'109-17:'AA'109

	G...A
	G...A

#  Matched base-pairing interactions: 
	<G(1:)-A(11:) trans S/H>                       MATCHES	<G(4:'AA'324)-A(17:'AA'109) trans S/H>
#  Matched base-stacking interactions: 

>>>>>>>>>>   ALIGNMENT ENDS   >>>>>>>>>>

<<<<<<<<<<  ALIGNMENT BEGINS  <<<<<<<<<<

#  Aligning k-turn_consensus and 4v50_AA:1207-1214_1042-1049_990-997:
#  Alignment score:  22.4
#  P-value:  1.000e+00
#  Query aligned region: 0-1,11-12
#  Target aligned region: 2:'AA'1210-3:'AA'1211,11:'AA'1046-12:'AA'1047

	GG...AC
	CU...AG

#  Matched base-pairing interactions: 
	<G(1:)-A(11:) trans S/H>                       MATCHES	<U(3:'AA'1211)-A(11:'AA'1046) trans S/H>
	<G(0:)-C(12:) cis W/W>                         MATCHES	<C(2:'AA'1210)-G(12:'AA'1047) cis W/W>
#  Matched base-stacking interactions: 

>>>>>>>>>>   ALIGNMENT ENDS   >>>>>>>>>>

<<<<<<<<<<  ALIGNMENT BEGINS  <<<<<<<<<<

#  Aligning k-turn_consensus and 4v50_AA:466-470_459-464_200-202:
#  Alignment score:  20.6
#  P-value:  1.000e+00
#  Query aligned region: 3-3,6-9
#  Target aligned region: 1:'AA'468-1:'AA'468,9:'AA'464-9:'AA'464,11:'AA'201-11:'AA'201

	A...G~G
	A...U~G

#  Matched base-pairing interactions: 
	<A(3:)-G(6:) trans S/S>                        MATCHES	<A(1:'AA'468)-U(9:'AA'464) trans S/S>
	<A(3:)-G(9:) trans H/S>                        MATCHES	<A(1:'AA'468)-G(11:'AA'201) cis H/W>
#  Matched base-stacking interactions: 

>>>>>>>>>>   ALIGNMENT ENDS   >>>>>>>>>>

<<<<<<<<<<  ALIGNMENT BEGINS  <<<<<<<<<<

#  Aligning k-turn_consensus and 4v50_AA:146-152_63-70_167-174:
#  Alignment score:  20.2
#  P-value:  1.000e+00
#  Query aligned region: 3-3,6-9
#  Target aligned region: 5:'AA'152-5:'AA'152,11:'AA'68-11:'AA'68,16:'AA'169-16:'AA'169

	A...G~G
	A...G~C

#  Matched base-pairing interactions: 
	<A(3:)-G(6:) trans S/S>                        MATCHES	<A(5:'AA'152)-G(11:'AA'68) trans S/S>
	<A(3:)-G(9:) trans H/S>                        MATCHES	<A(5:'AA'152)-C(16:'AA'169) trans H/W>
#  Matched base-stacking interactions: 

>>>>>>>>>>   ALIGNMENT ENDS   >>>>>>>>>>

<<<<<<<<<<  ALIGNMENT BEGINS  <<<<<<<<<<

#  Aligning k-turn_consensus and 4v50_AA:739-742_720-732_661-665:
#  Alignment score:  20
#  P-value:  1.000e+00
#  Query aligned region: 0-1,11-12
#  Target aligned region: 3:'AA'743-3:'AA'743,10:'AA'727-13:'AA'730,17:'AA'662-17:'AA'662

	G~G...A~C
	A~G...G~U

#  Matched base-pairing interactions: 
	<G(0:)-C(12:) cis W/W>                         MATCHES	<A(3:'AA'743)-U(17:'AA'662) cis W/W>
	<G(1:)-A(11:) trans S/H>                       MATCHES	<G(10:'AA'727)-G(13:'AA'730) trans S/H>
#  Matched base-stacking interactions: 

>>>>>>>>>>   ALIGNMENT ENDS   >>>>>>>>>>

<<<<<<<<<<  ALIGNMENT BEGINS  <<<<<<<<<<

#  Aligning k-turn_consensus and 4v50_AA:1234-1240_1332-1339_942-945:
#  Alignment score:  19.8
#  P-value:  1.000e+00
#  Query aligned region: 3-3,6-9
#  Target aligned region: 1:'AA'1236-1:'AA'1236,8:'AA'1334-8:'AA'1334,17:'AA'945-17:'AA'945

	A...G~G
	A...G~G

#  Matched base-pairing interactions: 
	<A(3:)-G(6:) trans S/S>                        MATCHES	<A(1:'AA'1236)-G(8:'AA'1334) trans S/S>
	<A(3:)-G(9:) trans H/S>                        MATCHES	<A(1:'AA'1236)-G(17:'AA'945) cis W/W>
#  Matched base-stacking interactions: 

>>>>>>>>>>   ALIGNMENT ENDS   >>>>>>>>>>

<<<<<<<<<<  ALIGNMENT BEGINS  <<<<<<<<<<

#  Aligning k-turn_consensus and 4v50_AA:1445-1454_171-177_143-148:
#  Alignment score:  19.8
#  P-value:  1.000e+00
#  Query aligned region: 3-3,6-9
#  Target aligned region: 1:'AA'1447-1:'AA'1447,14:'AA'176-14:'AA'176,20:'AA'147-20:'AA'147

	A...G~G
	A...C~G

#  Matched base-pairing interactions: 
	<A(3:)-G(6:) trans S/S>                        MATCHES	<A(1:'AA'1447)-C(14:'AA'176) trans S/S>
	<A(3:)-G(9:) trans H/S>                        MATCHES	<A(1:'AA'1447)-G(20:'AA'147) cis S/S>
#  Matched base-stacking interactions: 

>>>>>>>>>>   ALIGNMENT ENDS   >>>>>>>>>>

<<<<<<<<<<  ALIGNMENT BEGINS  <<<<<<<<<<

#  Aligning k-turn_consensus and 4v50_AA:504-506_528-535_515-527:
#  Alignment score:  19
#  P-value:  1.000e+00
#  Query aligned region: 1-1,11-11
#  Target aligned region: 3:'AA'529-3:'AA'529,15:'AA'520-15:'AA'520

	G...A
	G...A

#  Matched base-pairing interactions: 
	<G(1:)-A(11:) trans S/H>                       MATCHES	<G(3:'AA'529)-A(15:'AA'520) trans S/H>
#  Matched base-stacking interactions: 

>>>>>>>>>>   ALIGNMENT ENDS   >>>>>>>>>>

<<<<<<<<<<  ALIGNMENT BEGINS  <<<<<<<<<<

#  Aligning k-turn_consensus and 4v50_AA:1051-1059_1196-1205:
#  Alignment score:  18.4
#  P-value:  1.000e+00
#  Query aligned region: 0-1,11-12
#  Target aligned region: 5:'AA'1057-6:'AA'1058,14:'AA'1202-15:'AA'1203

	GG...AC
	GG...UC

#  Matched base-pairing interactions: 
	<G(1:)-A(11:) trans S/H>                       MATCHES	<G(6:'AA'1058)-U(14:'AA'1202) trans S/H>
	<G(0:)-C(12:) cis W/W>                         MATCHES	<G(5:'AA'1057)-C(15:'AA'1203) cis W/W>
#  Matched base-stacking interactions: 

>>>>>>>>>>   ALIGNMENT ENDS   >>>>>>>>>>

<<<<<<<<<<  ALIGNMENT BEGINS  <<<<<<<<<<

#  Aligning k-turn_consensus and 4v50_AA:563-565_298-308_291-296:
#  Alignment score:  18
#  P-value:  1.000e+00
#  Query aligned region: 0-1,11-12
#  Target aligned region: 8:'AA'304-9:'AA'305,14:'AA'292-15:'AA'293

	GG...AC
	UG...GG

#  Matched base-pairing interactions: 
	<G(1:)-A(11:) trans S/H>                       MATCHES	<G(9:'AA'305)-G(14:'AA'292) trans S/H>
	<G(0:)-C(12:) cis W/W>                         MATCHES	<U(8:'AA'304)-G(15:'AA'293) cis W/W>
#  Matched base-stacking interactions: 

>>>>>>>>>>   ALIGNMENT ENDS   >>>>>>>>>>

<<<<<<<<<<  ALIGNMENT BEGINS  <<<<<<<<<<

#  Aligning k-turn_consensus and 4v50_AA:1042-1049_1207-1214_990-997:
#  Alignment score:  16.6
#  P-value:  1.000e+00
#  Query aligned region: 1-1,11-11
#  Target aligned region: 15:'AA'1215-15:'AA'1215,19:'AA'994-19:'AA'994

	G...A
	G...A

#  Matched base-pairing interactions: 
	<G(1:)-A(11:) trans S/H>                       MATCHES	<G(15:'AA'1215)-A(19:'AA'994) trans S/H>
#  Matched base-stacking interactions: 

>>>>>>>>>>   ALIGNMENT ENDS   >>>>>>>>>>

<<<<<<<<<<  ALIGNMENT BEGINS  <<<<<<<<<<

#  Aligning k-turn_consensus and 4v50_AA:1510-1524_763-768_809-813:
#  Alignment score:  14.6
#  P-value:  1.000e+00
#  Query aligned region: 0-1,11-12
#  Target aligned region: 19:'AA'768-20:'AA'769,21:'AA'810-22:'AA'811

	GG...AC
	AG...CC

#  Matched base-pairing interactions: 
	<G(1:)-A(11:) trans S/H>                       MATCHES	<G(20:'AA'769)-C(21:'AA'810) cis W/W>
	<G(0:)-C(12:) cis W/W>                         MATCHES	<A(19:'AA'768)-C(22:'AA'811) cis W/W>
#  Matched base-stacking interactions: 

>>>>>>>>>>   ALIGNMENT ENDS   >>>>>>>>>>

<<<<<<<<<<  ALIGNMENT BEGINS  <<<<<<<<<<

#  Aligning k-turn_consensus and 4v50_AA:877-878_579-586_751-760:
#  Alignment score:  14.4
#  P-value:  1.000e+00
#  Query aligned region: 0-1,11-12
#  Target aligned region: 2:'AA'580-3:'AA'581,18:'AA'760-19:'AA'761

	GG...AC
	CG...GG

#  Matched base-pairing interactions: 
	<G(1:)-A(11:) trans S/H>                       MATCHES	<G(3:'AA'581)-G(18:'AA'760) cis -/->
	<G(0:)-C(12:) cis W/W>                         MATCHES	<C(2:'AA'580)-G(19:'AA'761) cis W/W>
#  Matched base-stacking interactions: 

>>>>>>>>>>   ALIGNMENT ENDS   >>>>>>>>>>

<<<<<<<<<<  ALIGNMENT BEGINS  <<<<<<<<<<

#  Aligning k-turn_consensus and 4v50_AA:1445-1454_143-148_171-177:
#  Alignment score:  14.4
#  P-value:  1.000e+00
#  Query aligned region: 0-1,11-12
#  Target aligned region: 10:'AA'144-11:'AA'145,21:'AA'177-22:'AA'178

	GG...AC
	GG...GC

#  Matched base-pairing interactions: 
	<G(1:)-A(11:) trans S/H>                       MATCHES	<G(11:'AA'145)-G(21:'AA'177) cis W/H>
	<G(0:)-C(12:) cis W/W>                         MATCHES	<G(10:'AA'144)-C(22:'AA'178) cis W/W>
#  Matched base-stacking interactions: 

>>>>>>>>>>   ALIGNMENT ENDS   >>>>>>>>>>

<<<<<<<<<<  ALIGNMENT BEGINS  <<<<<<<<<<

#  Aligning k-turn_consensus and 4v50_AA:569-571_857-862_863-873:
#  Alignment score:  14.2
#  P-value:  1.000e+00
#  Query aligned region: 0-1,11-12
#  Target aligned region: 0:'AA'570-1:'AA'571,10:'AA'865-11:'AA'866

	GG...AC
	GU...AC

#  Matched base-pairing interactions: 
	<G(1:)-A(11:) trans S/H>                       MATCHES	<U(1:'AA'571)-A(10:'AA'865) cis W/W>
	<G(0:)-C(12:) cis W/W>                         MATCHES	<G(0:'AA'570)-C(11:'AA'866) cis W/W>
#  Matched base-stacking interactions: 

>>>>>>>>>>   ALIGNMENT ENDS   >>>>>>>>>>

<<<<<<<<<<  ALIGNMENT BEGINS  <<<<<<<<<<

#  Aligning k-turn_consensus and 4v50_AA:1186-1196_1112-1113_1059-1067:
#  Alignment score:  14
#  P-value:  1.000e+00
#  Query aligned region: 0-1,11-12
#  Target aligned region: 6:'AA'1193-7:'AA'1194,15:'AA'1062-16:'AA'1063

	GG...AC
	GU...UC

#  Matched base-pairing interactions: 
	<G(1:)-A(11:) trans S/H>                       MATCHES	<U(7:'AA'1194)-U(15:'AA'1062) cis W/W>
	<G(0:)-C(12:) cis W/W>                         MATCHES	<G(6:'AA'1193)-C(16:'AA'1063) cis W/W>
#  Matched base-stacking interactions: 

>>>>>>>>>>   ALIGNMENT ENDS   >>>>>>>>>>

<<<<<<<<<<  ALIGNMENT BEGINS  <<<<<<<<<<

#  Aligning k-turn_consensus and 4v50_AA:146-152_167-174_63-70:
#  Alignment score:  13.8
#  P-value:  1.000e+00
#  Query aligned region: 0-1,11-12
#  Target aligned region: 0:'AA'147-1:'AA'148,13:'AA'174-14:'AA'175

	GG...AC
	GG...AC

#  Matched base-pairing interactions: 
	<G(1:)-A(11:) trans S/H>                       MATCHES	<G(1:'AA'148)-A(13:'AA'174) cis W/W>
	<G(0:)-C(12:) cis W/W>                         MATCHES	<G(0:'AA'147)-C(14:'AA'175) cis W/W>
#  Matched base-stacking interactions: 

>>>>>>>>>>   ALIGNMENT ENDS   >>>>>>>>>>

<<<<<<<<<<  ALIGNMENT BEGINS  <<<<<<<<<<

#  Aligning k-turn_consensus and 4v50_AA:25-31_291-304_551-557:
#  Alignment score:  13.6
#  P-value:  1.000e+00
#  Query aligned region: 0-1,11-12
#  Target aligned region: 6:'AA'32-6:'AA'32,12:'AA'297-15:'AA'300,21:'AA'552-21:'AA'552

	G~G...A~C
	A~G...A~U

#  Matched base-pairing interactions: 
	<G(0:)-C(12:) cis W/W>                         MATCHES	<A(6:'AA'32)-U(21:'AA'552) cis W/W>
	<G(1:)-A(11:) trans S/H>                       MATCHES	<G(12:'AA'297)-A(15:'AA'300) cis -/->
#  Matched base-stacking interactions: 

>>>>>>>>>>   ALIGNMENT ENDS   >>>>>>>>>>

<<<<<<<<<<  ALIGNMENT BEGINS  <<<<<<<<<<

#  Aligning k-turn_consensus and 4v50_AA:792-793_1514-1518_1519-1520:
#  Alignment score:  13.4
#  P-value:  1.000e+00
#  Query aligned region: 0-1,11-12
#  Target aligned region: 2:'AA'1515-6:'AA'1519,7:'AA'1520-7:'AA'1520

	GG...A~C
	GG...A~C

#  Matched base-pairing interactions: 
	<G(1:)-A(11:) trans S/H>                       MATCHES	<G(3:'AA'1516)-A(6:'AA'1519) cis -/->
	<G(0:)-C(12:) cis W/W>                         MATCHES	<G(2:'AA'1515)-C(7:'AA'1520) cis W/W>
#  Matched base-stacking interactions: 

>>>>>>>>>>   ALIGNMENT ENDS   >>>>>>>>>>

<<<<<<<<<<  ALIGNMENT BEGINS  <<<<<<<<<<

#  Aligning k-turn_consensus and 4v50_AA:392-398_359-366_43-49:
#  Alignment score:  13.4
#  P-value:  1.000e+00
#  Query aligned region: 0-1,11-12
#  Target aligned region: 0:'AA'393-1:'AA'394,13:'AA'366-14:'AA'367

	GG...AC
	AG...AU

#  Matched base-pairing interactions: 
	<G(1:)-A(11:) trans S/H>                       MATCHES	<G(1:'AA'394)-A(13:'AA'366) cis -/->
	<G(0:)-C(12:) cis W/W>                         MATCHES	<A(0:'AA'393)-U(14:'AA'367) cis W/W>
#  Matched base-stacking interactions: 

>>>>>>>>>>   ALIGNMENT ENDS   >>>>>>>>>>

<<<<<<<<<<  ALIGNMENT BEGINS  <<<<<<<<<<

#  Aligning k-turn_consensus and 4v50_AA:171-177_1445-1454_143-148:
#  Alignment score:  13.4
#  P-value:  1.000e+00
#  Query aligned region: 0-1,11-12
#  Target aligned region: 10:'AA'1449-15:'AA'1454

	GG...AC
	CU...GG

#  Matched base-pairing interactions: 
	<G(1:)-A(11:) trans S/H>                       MATCHES	<U(11:'AA'1450)-G(14:'AA'1453) cis -/->
	<G(0:)-C(12:) cis W/W>                         MATCHES	<C(10:'AA'1449)-G(15:'AA'1454) cis W/W>
#  Matched base-stacking interactions: 

>>>>>>>>>>   ALIGNMENT ENDS   >>>>>>>>>>

<<<<<<<<<<  ALIGNMENT BEGINS  <<<<<<<<<<

#  Aligning k-turn_consensus and 4v50_AA:464-473_200-202_457-463:
#  Alignment score:  13.4
#  P-value:  1.000e+00
#  Query aligned region: 0-1,11-12
#  Target aligned region: 6:'AA'471-7:'AA'472,14:'AA'459-15:'AA'460

	GG...AC
	UU...AA

#  Matched base-pairing interactions: 
	<G(1:)-A(11:) trans S/H>                       MATCHES	<U(7:'AA'472)-A(14:'AA'459) cis W/W>
	<G(0:)-C(12:) cis W/W>                         MATCHES	<U(6:'AA'471)-A(15:'AA'460) cis W/W>
#  Matched base-stacking interactions: 

>>>>>>>>>>   ALIGNMENT ENDS   >>>>>>>>>>

<<<<<<<<<<  ALIGNMENT BEGINS  <<<<<<<<<<

#  Aligning k-turn_consensus and 4v50_AA:1322-1329_1306-1313_1264-1269:
#  Alignment score:  13
#  P-value:  1.000e+00
#  Query aligned region: 0-1,11-12
#  Target aligned region: 6:'AA'1329-7:'AA'1330,8:'AA'1307-9:'AA'1308

	GG...AC
	AU...UU

#  Matched base-pairing interactions: 
	<G(1:)-A(11:) trans S/H>                       MATCHES	<U(7:'AA'1330)-U(8:'AA'1307) cis W/W>
	<G(0:)-C(12:) cis W/W>                         MATCHES	<A(6:'AA'1329)-U(9:'AA'1308) cis W/W>
#  Matched base-stacking interactions: 

>>>>>>>>>>   ALIGNMENT ENDS   >>>>>>>>>>

<<<<<<<<<<  ALIGNMENT BEGINS  <<<<<<<<<<

#  Aligning k-turn_consensus and 4v50_AA:1274-1284_1251-1259_1123-1125:
#  Alignment score:  12.8
#  P-value:  1.000e+00
#  Query aligned region: 0-1,11-12
#  Target aligned region: 9:'AA'1284-10:'AA'1285,11:'AA'1252-12:'AA'1253

	GG...AC
	CA...AG

#  Matched base-pairing interactions: 
	<G(1:)-A(11:) trans S/H>                       MATCHES	<A(10:'AA'1285)-A(11:'AA'1252) trans W/W>
	<G(0:)-C(12:) cis W/W>                         MATCHES	<C(9:'AA'1284)-G(12:'AA'1253) cis W/W>
#  Matched base-stacking interactions: 

>>>>>>>>>>   ALIGNMENT ENDS   >>>>>>>>>>

<<<<<<<<<<  ALIGNMENT BEGINS  <<<<<<<<<<

#  Aligning k-turn_consensus and 4v50_AA:57-64_373-389_103-106:
#  Alignment score:  12.8
#  P-value:  1.000e+00
#  Query aligned region: 0-1,11-12
#  Target aligned region: 5:'AA'63-5:'AA'63,14:'AA'380-16:'AA'382,25:'AA'104-25:'AA'104

	G~G...A~C
	C~G...A~G

#  Matched base-pairing interactions: 
	<G(0:)-C(12:) cis W/W>                         MATCHES	<C(5:'AA'63)-G(25:'AA'104) cis W/W>
	<G(1:)-A(11:) trans S/H>                       MATCHES	<G(14:'AA'380)-A(16:'AA'382) cis -/->
#  Matched base-stacking interactions: 

>>>>>>>>>>   ALIGNMENT ENDS   >>>>>>>>>>

<<<<<<<<<<  ALIGNMENT BEGINS  <<<<<<<<<<

#  Aligning k-turn_consensus and 4v50_AA:170-171_93-102_63-73:
#  Alignment score:  12.6
#  P-value:  1.000e+00
#  Query aligned region: 0-1,11-12
#  Target aligned region: 10:'AA'102-11:'AA'103,14:'AA'66-15:'AA'67

	GG...AC
	GU...AC

#  Matched base-pairing interactions: 
	<G(1:)-A(11:) trans S/H>                       MATCHES	<U(11:'AA'103)-A(14:'AA'66) cis W/W>
	<G(0:)-C(12:) cis W/W>                         MATCHES	<G(10:'AA'102)-C(15:'AA'67) cis W/W>
#  Matched base-stacking interactions: 

>>>>>>>>>>   ALIGNMENT ENDS   >>>>>>>>>>

<<<<<<<<<<  ALIGNMENT BEGINS  <<<<<<<<<<

#  Aligning k-turn_consensus and 4v50_AA:426-434_407-415:
#  Alignment score:  12.6
#  P-value:  1.000e+00
#  Query aligned region: 0-1,11-12
#  Target aligned region: 0:'AA'427-1:'AA'428,16:'AA'415-17:'AA'416

	GG...AC
	UG...AG

#  Matched base-pairing interactions: 
	<G(1:)-A(11:) trans S/H>                       MATCHES	<G(1:'AA'428)-A(16:'AA'415) cis W/W>
	<G(0:)-C(12:) cis W/W>                         MATCHES	<U(0:'AA'427)-G(17:'AA'416) cis W/W>
#  Matched base-stacking interactions: 

>>>>>>>>>>   ALIGNMENT ENDS   >>>>>>>>>>

<<<<<<<<<<  ALIGNMENT BEGINS  <<<<<<<<<<

#  Aligning k-turn_consensus and 4v50_AA:313-314_106-112_317-335:
#  Alignment score:  12.4
#  P-value:  1.000e+00
#  Query aligned region: 0-1,11-12
#  Target aligned region: 0:'AA'314-1:'AA'315,7:'AA'112-8:'AA'113

	GG...AC
	CA...GG

#  Matched base-pairing interactions: 
	<G(1:)-A(11:) trans S/H>                       MATCHES	<A(1:'AA'315)-G(7:'AA'112) cis W/W>
	<G(0:)-C(12:) cis W/W>                         MATCHES	<C(0:'AA'314)-G(8:'AA'113) cis W/W>
#  Matched base-stacking interactions: 

>>>>>>>>>>   ALIGNMENT ENDS   >>>>>>>>>>

<<<<<<<<<<  ALIGNMENT BEGINS  <<<<<<<<<<

#  Aligning k-turn_consensus and 4v50_AA:826-828_854-862_864-873:
#  Alignment score:  12.2
#  P-value:  1.000e+00
#  Query aligned region: 0-1,11-12
#  Target aligned region: 9:'AA'861-10:'AA'862,14:'AA'867-15:'AA'868

	GG...AC
	GC...GC

#  Matched base-pairing interactions: 
	<G(1:)-A(11:) trans S/H>                       MATCHES	<C(10:'AA'862)-G(14:'AA'867) cis W/W>
	<G(0:)-C(12:) cis W/W>                         MATCHES	<G(9:'AA'861)-C(15:'AA'868) cis W/W>
#  Matched base-stacking interactions: 

>>>>>>>>>>   ALIGNMENT ENDS   >>>>>>>>>>

<<<<<<<<<<  ALIGNMENT BEGINS  <<<<<<<<<<

#  Aligning k-turn_consensus and 4v50_AA:1311-1318_1322-1325_1264-1269:
#  Alignment score:  12.2
#  P-value:  1.000e+00
#  Query aligned region: 0-1,11-12
#  Target aligned region: 2:'AA'1314-7:'AA'1319,8:'AA'1323-8:'AA'1323

	GG...A~C
	CU...A~G

#  Matched base-pairing interactions: 
	<G(1:)-A(11:) trans S/H>                       MATCHES	<U(3:'AA'1315)-A(7:'AA'1319) trans W/H>
	<G(0:)-C(12:) cis W/W>                         MATCHES	<C(2:'AA'1314)-G(8:'AA'1323) cis W/W>
#  Matched base-stacking interactions: 

>>>>>>>>>>   ALIGNMENT ENDS   >>>>>>>>>>

<<<<<<<<<<  ALIGNMENT BEGINS  <<<<<<<<<<

#  Aligning k-turn_consensus and 4v50_AA:515-521_526-535:
#  Alignment score:  12.2
#  P-value:  1.000e+00
#  Query aligned region: 0-1,11-12
#  Target aligned region: 5:'AA'521-6:'AA'522,7:'AA'527-8:'AA'528

	GG...AC
	GC...GC

#  Matched base-pairing interactions: 
	<G(1:)-A(11:) trans S/H>                       MATCHES	<C(6:'AA'522)-G(7:'AA'527) cis W/W>
	<G(0:)-C(12:) cis W/W>                         MATCHES	<G(5:'AA'521)-C(8:'AA'528) cis W/W>
#  Matched base-stacking interactions: 

>>>>>>>>>>   ALIGNMENT ENDS   >>>>>>>>>>

<<<<<<<<<<  ALIGNMENT BEGINS  <<<<<<<<<<

#  Aligning k-turn_consensus and 4v50_AA:1464-1472_1427-1436:
#  Alignment score:  11.8
#  P-value:  1.000e+00
#  Query aligned region: 0-1,11-12
#  Target aligned region: 1:'AA'1466-2:'AA'1467,15:'AA'1434-16:'AA'1435

	GG...AC
	CC...AG

#  Matched base-pairing interactions: 
	<G(1:)-A(11:) trans S/H>                       MATCHES	<C(2:'AA'1467)-A(15:'AA'1434) cis W/W>
	<G(0:)-C(12:) cis W/W>                         MATCHES	<C(1:'AA'1466)-G(16:'AA'1435) cis W/W>
#  Matched base-stacking interactions: 

>>>>>>>>>>   ALIGNMENT ENDS   >>>>>>>>>>

<<<<<<<<<<  ALIGNMENT BEGINS  <<<<<<<<<<

#  Aligning k-turn_consensus and 4v50_AA:103-106_57-64_373-389:
#  Alignment score:  11.8
#  P-value:  1.000e+00
#  Query aligned region: 0-1,11-12
#  Target aligned region: 2:'AA'106-3:'AA'107,6:'AA'60-7:'AA'61

	GG...AC
	CG...AG

#  Matched base-pairing interactions: 
	<G(1:)-A(11:) trans S/H>                       MATCHES	<G(3:'AA'107)-A(6:'AA'60) cis -/->
	<G(0:)-C(12:) cis W/W>                         MATCHES	<C(2:'AA'106)-G(7:'AA'61) cis W/W>
#  Matched base-stacking interactions: 

>>>>>>>>>>   ALIGNMENT ENDS   >>>>>>>>>>

<<<<<<<<<<  ALIGNMENT BEGINS  <<<<<<<<<<

#  Aligning k-turn_consensus and 4v50_AA:1521-1529_1504-1512_765-767:
#  Alignment score:  11.4
#  P-value:  1.000e+00
#  Query aligned region: 0-1,11-12
#  Target aligned region: 6:'AA'1528-6:'AA'1528,9:'AA'1505-11:'AA'1507

	G~G...AC
	U~G...UA

#  Matched base-pairing interactions: 
	<G(0:)-C(12:) cis W/W>                         MATCHES	<U(6:'AA'1528)-A(11:'AA'1507) cis W/W>
	<G(1:)-A(11:) trans S/H>                       MATCHES	<G(9:'AA'1505)-U(10:'AA'1506) cis S/S>
#  Matched base-stacking interactions: 

>>>>>>>>>>   ALIGNMENT ENDS   >>>>>>>>>>

<<<<<<<<<<  ALIGNMENT BEGINS  <<<<<<<<<<

#  Aligning k-turn_consensus and 4v50_AA:944-948_1355-1365_1232-1235:
#  Alignment score:  11.4
#  P-value:  1.000e+00
#  Query aligned region: 0-1,11-12
#  Target aligned region: 1:'AA'946-1:'AA'946,7:'AA'1358-12:'AA'1363,18:'AA'1235-18:'AA'1235

	G~G...A~C
	A~U...A~U

#  Matched base-pairing interactions: 
	<G(0:)-C(12:) cis W/W>                         MATCHES	<A(1:'AA'946)-U(18:'AA'1235) cis W/W>
	<G(1:)-A(11:) trans S/H>                       MATCHES	<U(7:'AA'1358)-A(12:'AA'1363) trans W/W>
#  Matched base-stacking interactions: 

>>>>>>>>>>   ALIGNMENT ENDS   >>>>>>>>>>

<<<<<<<<<<  ALIGNMENT BEGINS  <<<<<<<<<<

#  Aligning k-turn_consensus and 4v50_AA:359-366_43-49_392-398:
#  Alignment score:  11.2
#  P-value:  1.000e+00
#  Query aligned region: 0-1,11-12
#  Target aligned region: 9:'AA'45-10:'AA'46,17:'AA'395-18:'AA'396

	GG...AC
	GG...CC

#  Matched base-pairing interactions: 
	<G(1:)-A(11:) trans S/H>                       MATCHES	<G(10:'AA'46)-C(17:'AA'395) cis W/W>
	<G(0:)-C(12:) cis W/W>                         MATCHES	<G(9:'AA'45)-C(18:'AA'396) cis W/W>
#  Matched base-stacking interactions: 

>>>>>>>>>>   ALIGNMENT ENDS   >>>>>>>>>>

<<<<<<<<<<  ALIGNMENT BEGINS  <<<<<<<<<<

#  Aligning k-turn_consensus and 4v50_AA:21-25_519-528_5-11:
#  Alignment score:  11
#  P-value:  1.000e+00
#  Query aligned region: 0-1,11-12
#  Target aligned region: 0:'AA'22-0:'AA'22,10:'AA'525-10:'AA'525,20:'AA'11-21:'AA'12

	G~G...AC
	G~C...GU

#  Matched base-pairing interactions: 
	<G(0:)-C(12:) cis W/W>                         MATCHES	<G(0:'AA'22)-U(21:'AA'12) cis W/W>
	<G(1:)-A(11:) trans S/H>                       MATCHES	<C(10:'AA'525)-G(20:'AA'11) trans S/S>
#  Matched base-stacking interactions: 

>>>>>>>>>>   ALIGNMENT ENDS   >>>>>>>>>>

<<<<<<<<<<  ALIGNMENT BEGINS  <<<<<<<<<<

#  Aligning k-turn_consensus and 4v50_AA:580-586_817-820_751-758:
#  Alignment score:  10.8
#  P-value:  1.000e+00
#  Query aligned region: 0-1,11-12
#  Target aligned region: 3:'AA'584-3:'AA'584,7:'AA'818-9:'AA'820,16:'AA'757-16:'AA'757

	G~G...A~C
	G~G...U~U

#  Matched base-pairing interactions: 
	<G(0:)-C(12:) cis W/W>                         MATCHES	<G(3:'AA'584)-U(16:'AA'757) cis W/W>
	<G(1:)-A(11:) trans S/H>                       MATCHES	<G(7:'AA'818)-U(9:'AA'820) cis -/->
#  Matched base-stacking interactions: 

>>>>>>>>>>   ALIGNMENT ENDS   >>>>>>>>>>

<<<<<<<<<<  ALIGNMENT BEGINS  <<<<<<<<<<

#  Aligning k-turn_consensus and 4v50_AA:1311-1312_1269-1271_1262-1268:
#  Alignment score:  10.6
#  P-value:  1.000e+00
#  Query aligned region: 0-0,12-12
#  Target aligned region: 4:'AA'1272-4:'AA'1272,5:'AA'1263-5:'AA'1263

	G...C
	G...C

#  Matched base-pairing interactions: 
	<G(0:)-C(12:) cis W/W>                         MATCHES	<G(4:'AA'1272)-C(5:'AA'1263) cis W/W>
#  Matched base-stacking interactions: 

>>>>>>>>>>   ALIGNMENT ENDS   >>>>>>>>>>

<<<<<<<<<<  ALIGNMENT BEGINS  <<<<<<<<<<

#  Aligning k-turn_consensus and 4v50_AA:359-366_392-398_43-49:
#  Alignment score:  10.6
#  P-value:  1.000e+00
#  Query aligned region: 0-0,12-12
#  Target aligned region: 1:'AA'361-1:'AA'361,18:'AA'47-18:'AA'47

	G...C
	G...C

#  Matched base-pairing interactions: 
	<G(0:)-C(12:) cis W/W>                         MATCHES	<G(1:'AA'361)-C(18:'AA'47) cis W/W>
#  Matched base-stacking interactions: 

>>>>>>>>>>   ALIGNMENT ENDS   >>>>>>>>>>

<<<<<<<<<<  ALIGNMENT BEGINS  <<<<<<<<<<

#  Aligning k-turn_consensus and 4v50_AA:607-608_288-295_300-310:
#  Alignment score:  10.6
#  P-value:  1.000e+00
#  Query aligned region: 0-0,12-12
#  Target aligned region: 2:'AA'289-2:'AA'289,20:'AA'311-20:'AA'311

	G...C
	G...C

#  Matched base-pairing interactions: 
	<G(0:)-C(12:) cis W/W>                         MATCHES	<G(2:'AA'289)-C(20:'AA'311) cis W/W>
#  Matched base-stacking interactions: 

>>>>>>>>>>   ALIGNMENT ENDS   >>>>>>>>>>

<<<<<<<<<<  ALIGNMENT BEGINS  <<<<<<<<<<

#  Aligning k-turn_consensus and 4v50_AA:1332-1339_1234-1240_942-945:
#  Alignment score:  10.6
#  P-value:  1.000e+00
#  Query aligned region: 0-1,11-12
#  Target aligned region: 7:'AA'1340-7:'AA'1340,11:'AA'1238-14:'AA'1241,15:'AA'943-15:'AA'943

	G~G...A~C
	A~A...G~U

#  Matched base-pairing interactions: 
	<G(0:)-C(12:) cis W/W>                         MATCHES	<A(7:'AA'1340)-U(15:'AA'943) cis W/W>
	<G(1:)-A(11:) trans S/H>                       MATCHES	<A(11:'AA'1238)-G(14:'AA'1241) cis W/S>
#  Matched base-stacking interactions: 

>>>>>>>>>>   ALIGNMENT ENDS   >>>>>>>>>>

<<<<<<<<<<  ALIGNMENT BEGINS  <<<<<<<<<<

#  Aligning k-turn_consensus and 4v50_AA:515-527_504-506_528-535:
#  Alignment score:  10.6
#  P-value:  1.000e+00
#  Query aligned region: 0-0,12-12
#  Target aligned region: 8:'AA'524-8:'AA'524,15:'AA'507-15:'AA'507

	G...C
	G...C

#  Matched base-pairing interactions: 
	<G(0:)-C(12:) cis W/W>                         MATCHES	<G(8:'AA'524)-C(15:'AA'507) cis W/W>
#  Matched base-stacking interactions: 

>>>>>>>>>>   ALIGNMENT ENDS   >>>>>>>>>>

<<<<<<<<<<  ALIGNMENT BEGINS  <<<<<<<<<<

#  Aligning k-turn_consensus and 4v50_AA:1439-1444_1456-1460:
#  Alignment score:  10.6
#  P-value:  1.000e+00
#  Query aligned region: 0-0,12-12
#  Target aligned region: 2:'AA'1442-2:'AA'1442,9:'AA'1460-9:'AA'1460

	G...C
	G...C

#  Matched base-pairing interactions: 
	<G(0:)-C(12:) cis W/W>                         MATCHES	<G(2:'AA'1442)-C(9:'AA'1460) cis W/W>
#  Matched base-stacking interactions: 

>>>>>>>>>>   ALIGNMENT ENDS   >>>>>>>>>>

<<<<<<<<<<  ALIGNMENT BEGINS  <<<<<<<<<<

#  Aligning k-turn_consensus and 4v50_AA:150-151_66-74_93-101:
#  Alignment score:  10.6
#  P-value:  1.000e+00
#  Query aligned region: 0-0,12-12
#  Target aligned region: 10:'AA'75-10:'AA'75,12:'AA'95-12:'AA'95

	G...C
	G...C

#  Matched base-pairing interactions: 
	<G(0:)-C(12:) cis W/W>                         MATCHES	<G(10:'AA'75)-C(12:'AA'95) cis W/W>
#  Matched base-stacking interactions: 

>>>>>>>>>>   ALIGNMENT ENDS   >>>>>>>>>>

<<<<<<<<<<  ALIGNMENT BEGINS  <<<<<<<<<<

#  Aligning k-turn_consensus and 4v50_AA:49-58_111-112_350-359:
#  Alignment score:  10.4
#  P-value:  1.000e+00
#  Query aligned region: 0-1,11-12
#  Target aligned region: 8:'AA'58-8:'AA'58,11:'AA'113-11:'AA'113,14:'AA'353-15:'AA'354

	G~G...AC
	C~G...AG

#  Matched base-pairing interactions: 
	<G(0:)-C(12:) cis W/W>                         MATCHES	<C(8:'AA'58)-G(15:'AA'354) cis W/W>
	<G(1:)-A(11:) trans S/H>                       MATCHES	<G(11:'AA'113)-A(14:'AA'353) cis -/->
#  Matched base-stacking interactions: 

>>>>>>>>>>   ALIGNMENT ENDS   >>>>>>>>>>

<<<<<<<<<<  ALIGNMENT BEGINS  <<<<<<<<<<

#  Aligning k-turn_consensus and 4v50_AA:650-658_745-754:
#  Alignment score:  10.3
#  P-value:  1.000e+00
#  Query aligned region: 0-1,11-12
#  Target aligned region: 7:'AA'658-8:'AA'659,9:'AA'746-11:'AA'748

	GG...A-C
	CU...AAG

#  Matched base-pairing interactions: 
	<G(0:)-C(12:) cis W/W>                         MATCHES	<C(7:'AA'658)-G(11:'AA'748) cis W/W>
	<G(1:)-A(11:) trans S/H>                       MATCHES	<U(8:'AA'659)-A(9:'AA'746) cis W/W>
#  Matched base-stacking interactions: 

>>>>>>>>>>   ALIGNMENT ENDS   >>>>>>>>>>

<<<<<<<<<<  ALIGNMENT BEGINS  <<<<<<<<<<

#  Aligning k-turn_consensus and 4v50_AA:37-41_616-622_396-403:
#  Alignment score:  10
#  P-value:  1.000e+00
#  Query aligned region: 0-1,11-12
#  Target aligned region: 1:'AA'39-1:'AA'39,8:'AA'620-8:'AA'620,17:'AA'402-18:'AA'403

	G~G...AC
	G~C...GC

#  Matched base-pairing interactions: 
	<G(0:)-C(12:) cis W/W>                         MATCHES	<G(1:'AA'39)-C(18:'AA'403) cis W/W>
	<G(1:)-A(11:) trans S/H>                       MATCHES	<C(8:'AA'620)-G(17:'AA'402) trans W/S>
#  Matched base-stacking interactions: 

>>>>>>>>>>   ALIGNMENT ENDS   >>>>>>>>>>

<<<<<<<<<<  ALIGNMENT BEGINS  <<<<<<<<<<

#  Aligning k-turn_consensus and 4v50_AA:202-213:
#  Alignment score:  10
#  P-value:  1.000e+00
#  Query aligned region: 0-1,11-12
#  Target aligned region: 3:'AA'206-10:'AA'213

	GG...AC
	CC...GG

#  Matched base-pairing interactions: 
	<G(1:)-A(11:) trans S/H>                       MATCHES	<C(4:'AA'207)-G(9:'AA'212) cis W/W>
	<G(0:)-C(12:) cis W/W>                         MATCHES	<C(3:'AA'206)-G(10:'AA'213) cis W/W>
#  Matched base-stacking interactions: 

>>>>>>>>>>   ALIGNMENT ENDS   >>>>>>>>>>

<<<<<<<<<<  ALIGNMENT BEGINS  <<<<<<<<<<

#  Aligning k-turn_consensus and 4v50_AA:459-464_466-470_200-202:
#  Alignment score:  9.8
#  P-value:  1.000e+00
#  Query aligned region: 0-0,12-12
#  Target aligned region: 2:'AA'462-2:'AA'462,9:'AA'470-9:'AA'470

	G...C
	G...C

#  Matched base-pairing interactions: 
	<G(0:)-C(12:) cis W/W>                         MATCHES	<G(2:'AA'462)-C(9:'AA'470) cis W/W>
#  Matched base-stacking interactions: 

>>>>>>>>>>   ALIGNMENT ENDS   >>>>>>>>>>

<<<<<<<<<<  ALIGNMENT BEGINS  <<<<<<<<<<

#  Aligning k-turn_consensus and 4v50_AA:571-575_908-915_880-887:
#  Alignment score:  9.8
#  P-value:  1.000e+00
#  Query aligned region: 0-0,12-12
#  Target aligned region: 6:'AA'910-6:'AA'910,19:'AA'887-19:'AA'887

	G...C
	C...G

#  Matched base-pairing interactions: 
	<G(0:)-C(12:) cis W/W>                         MATCHES	<C(6:'AA'910)-G(19:'AA'887) cis W/W>
#  Matched base-stacking interactions: 

>>>>>>>>>>   ALIGNMENT ENDS   >>>>>>>>>>

<<<<<<<<<<  ALIGNMENT BEGINS  <<<<<<<<<<

#  Aligning k-turn_consensus and 4v50_AA:1343-1352_1286-1288_1369-1375:
#  Alignment score:  9.8
#  P-value:  1.000e+00
#  Query aligned region: 0-1,11-12
#  Target aligned region: 6:'AA'1350-6:'AA'1350,12:'AA'1289-12:'AA'1289,14:'AA'1371-15:'AA'1372

	G~G...AC
	A~A...GU

#  Matched base-pairing interactions: 
	<G(0:)-C(12:) cis W/W>                         MATCHES	<A(6:'AA'1350)-U(15:'AA'1372) cis W/W>
	<G(1:)-A(11:) trans S/H>                       MATCHES	<A(12:'AA'1289)-G(14:'AA'1371) cis -/->
#  Matched base-stacking interactions: 

>>>>>>>>>>   ALIGNMENT ENDS   >>>>>>>>>>

<<<<<<<<<<  ALIGNMENT BEGINS  <<<<<<<<<<

#  Aligning k-turn_consensus and 4v50_AA:1196-1205_1051-1059:
#  Alignment score:  9.8
#  P-value:  1.000e+00
#  Query aligned region: 0-0,12-12
#  Target aligned region: 0:'AA'1197-0:'AA'1197,18:'AA'1060-18:'AA'1060

	G...C
	A...U

#  Matched base-pairing interactions: 
	<G(0:)-C(12:) cis W/W>                         MATCHES	<A(0:'AA'1197)-U(18:'AA'1060) cis W/W>
#  Matched base-stacking interactions: 

>>>>>>>>>>   ALIGNMENT ENDS   >>>>>>>>>>

<<<<<<<<<<  ALIGNMENT BEGINS  <<<<<<<<<<

#  Aligning k-turn_consensus and 4v50_AA:150-157_161-171_63-70:
#  Alignment score:  9.8
#  P-value:  1.000e+00
#  Query aligned region: 0-0,12-12
#  Target aligned region: 2:'AA'153-2:'AA'153,14:'AA'168-14:'AA'168

	G...C
	C...G

#  Matched base-pairing interactions: 
	<G(0:)-C(12:) cis W/W>                         MATCHES	<C(2:'AA'153)-G(14:'AA'168) cis W/W>
#  Matched base-stacking interactions: 

>>>>>>>>>>   ALIGNMENT ENDS   >>>>>>>>>>

<<<<<<<<<<  ALIGNMENT BEGINS  <<<<<<<<<<

#  Aligning k-turn_consensus and 4v50_AA:585-587_650-657_747-754:
#  Alignment score:  9.8
#  P-value:  1.000e+00
#  Query aligned region: 0-0,12-12
#  Target aligned region: 2:'AA'588-2:'AA'588,3:'AA'651-3:'AA'651

	G...C
	G...C

#  Matched base-pairing interactions: 
	<G(0:)-C(12:) cis W/W>                         MATCHES	<G(2:'AA'588)-C(3:'AA'651) cis W/W>
#  Matched base-stacking interactions: 

>>>>>>>>>>   ALIGNMENT ENDS   >>>>>>>>>>

<<<<<<<<<<  ALIGNMENT BEGINS  <<<<<<<<<<

#  Aligning k-turn_consensus and 4v50_AA:1464-1469_1429-1436_317-320:
#  Alignment score:  9.8
#  P-value:  1.000e+00
#  Query aligned region: 0-0,12-12
#  Target aligned region: 5:'AA'1470-5:'AA'1470,6:'AA'1430-6:'AA'1430

	G...C
	U...A

#  Matched base-pairing interactions: 
	<G(0:)-C(12:) cis W/W>                         MATCHES	<U(5:'AA'1470)-A(6:'AA'1430) cis W/W>
#  Matched base-stacking interactions: 

>>>>>>>>>>   ALIGNMENT ENDS   >>>>>>>>>>

<<<<<<<<<<  ALIGNMENT BEGINS  <<<<<<<<<<

#  Aligning k-turn_consensus and 4v50_AA:809-811_899-901_896-898:
#  Alignment score:  9.8
#  P-value:  1.000e+00
#  Query aligned region: 0-0,12-12
#  Target aligned region: 5:'AA'902-5:'AA'902,6:'AA'897-6:'AA'897

	G...C
	G...C

#  Matched base-pairing interactions: 
	<G(0:)-C(12:) cis W/W>                         MATCHES	<G(5:'AA'902)-C(6:'AA'897) cis W/W>
#  Matched base-stacking interactions: 

>>>>>>>>>>   ALIGNMENT ENDS   >>>>>>>>>>

<<<<<<<<<<  ALIGNMENT BEGINS  <<<<<<<<<<

#  Aligning k-turn_consensus and 4v50_AA:580-587_751-757_871-878:
#  Alignment score:  9
#  P-value:  1.000e+00
#  Query aligned region: 0-1,11-12
#  Target aligned region: 5:'AA'586-6:'AA'587,10:'AA'754-11:'AA'755

	GG...AC
	CG...CG

#  Matched base-pairing interactions: 
	<G(1:)-A(11:) trans S/H>                       MATCHES	<G(6:'AA'587)-C(10:'AA'754) cis -/->
	<G(0:)-C(12:) cis W/W>                         MATCHES	<C(5:'AA'586)-G(11:'AA'755) cis W/W>
#  Matched base-stacking interactions: 

>>>>>>>>>>   ALIGNMENT ENDS   >>>>>>>>>>

<<<<<<<<<<  ALIGNMENT BEGINS  <<<<<<<<<<

#  Aligning k-turn_consensus and 4v50_AA:1377-1383_932-938_1373-1376:
#  Alignment score:  9
#  P-value:  1.000e+00
#  Query aligned region: 0-0,12-12
#  Target aligned region: 6:'AA'1384-6:'AA'1384,7:'AA'933-7:'AA'933

	G...C
	C...G

#  Matched base-pairing interactions: 
	<G(0:)-C(12:) cis W/W>                         MATCHES	<C(6:'AA'1384)-G(7:'AA'933) cis W/W>
#  Matched base-stacking interactions: 

>>>>>>>>>>   ALIGNMENT ENDS   >>>>>>>>>>

<<<<<<<<<<  ALIGNMENT BEGINS  <<<<<<<<<<

#  Aligning k-turn_consensus and 4v50_AA:1343-1348_1372-1382_932-938:
#  Alignment score:  9
#  P-value:  1.000e+00
#  Query aligned region: 0-0,12-12
#  Target aligned region: 13:'AA'1380-13:'AA'1380,19:'AA'935-19:'AA'935

	G...C
	U...A

#  Matched base-pairing interactions: 
	<G(0:)-C(12:) cis W/W>                         MATCHES	<U(13:'AA'1380)-A(19:'AA'935) cis W/W>
#  Matched base-stacking interactions: 

>>>>>>>>>>   ALIGNMENT ENDS   >>>>>>>>>>

<<<<<<<<<<  ALIGNMENT BEGINS  <<<<<<<<<<

#  Aligning k-turn_consensus and 4v50_AA:986-987_1014-1019_1009-1013:
#  Alignment score:  9
#  P-value:  1.000e+00
#  Query aligned region: 0-0,12-12
#  Target aligned region: 4:'AA'1017-4:'AA'1017,10:'AA'1012-10:'AA'1012

	G...C
	U...A

#  Matched base-pairing interactions: 
	<G(0:)-C(12:) cis W/W>                         MATCHES	<U(4:'AA'1017)-A(10:'AA'1012) cis W/W>
#  Matched base-stacking interactions: 

>>>>>>>>>>   ALIGNMENT ENDS   >>>>>>>>>>

<<<<<<<<<<  ALIGNMENT BEGINS  <<<<<<<<<<

#  Aligning k-turn_consensus and 4v50_AA:111-112_49-58_350-359:
#  Alignment score:  9
#  P-value:  1.000e+00
#  Query aligned region: 0-0,12-12
#  Target aligned region: 8:'AA'56-8:'AA'56,17:'AA'356-17:'AA'356

	G...C
	U...A

#  Matched base-pairing interactions: 
	<G(0:)-C(12:) cis W/W>                         MATCHES	<U(8:'AA'56)-A(17:'AA'356) cis W/W>
#  Matched base-stacking interactions: 

>>>>>>>>>>   ALIGNMENT ENDS   >>>>>>>>>>

<<<<<<<<<<  ALIGNMENT BEGINS  <<<<<<<<<<

#  Aligning k-turn_consensus and 4v50_AA:79-88:
#  Alignment score:  4.4
#  P-value:  1.000e+00
#  Query aligned region: 0-1,11-12
#  Target aligned region: 3:'AA'83-7:'AA'87

	GG...AC
	CU...GC

#  Matched base-pairing interactions: 
	<G(0:)-C(12:) cis W/W>                         MATCHES	<C(3:'AA'83)-C(7:'AA'87) cis W/W>
	<G(1:)-A(11:) trans S/H>                       MATCHES	<U(4:'AA'84)-G(6:'AA'86) cis -/->
#  Matched base-stacking interactions: 

>>>>>>>>>>   ALIGNMENT ENDS   >>>>>>>>>>

<<<<<<<<<<  ALIGNMENT BEGINS  <<<<<<<<<<

#  Aligning k-turn_consensus and 4v50_AA:835-850:
#  Alignment score:  4.2
#  P-value:  1.000e+00
#  Query aligned region: 0-0,12-12
#  Target aligned region: 4:'AA'840-10:'AA'846

	G...C
	C...G

#  Matched base-pairing interactions: 
	<G(0:)-C(12:) cis W/W>                         MATCHES	<C(4:'AA'840)-G(10:'AA'846) cis W/W>
#  Matched base-stacking interactions: 

>>>>>>>>>>   ALIGNMENT ENDS   >>>>>>>>>>

<<<<<<<<<<  ALIGNMENT BEGINS  <<<<<<<<<<

#  Aligning k-turn_consensus and 4v50_AA:975-977_1356-1364:
#  Alignment score:  3.2
#  P-value:  1.000e+00
#  Query aligned region: 1-1,11-11
#  Target aligned region: 2:'AA'978-2:'AA'978,6:'AA'1360-6:'AA'1360

	G...A
	A...A

#  Matched base-pairing interactions: 
	<G(1:)-A(11:) trans S/H>                       MATCHES	<A(2:'AA'978)-A(6:'AA'1360) trans H/W>
#  Matched base-stacking interactions: 

>>>>>>>>>>   ALIGNMENT ENDS   >>>>>>>>>>

<<<<<<<<<<  ALIGNMENT BEGINS  <<<<<<<<<<

#  Aligning k-turn_consensus and 4v50_AA:1519-1520_1514-1518_792-793:
#  Alignment score:  2.9
#  P-value:  1.000e+00
#  Query aligned region: 
#  Target aligned region: 

	
	

#  Matched base-pairing interactions: 
#  Matched base-stacking interactions: 

>>>>>>>>>>   ALIGNMENT ENDS   >>>>>>>>>>

<<<<<<<<<<  ALIGNMENT BEGINS  <<<<<<<<<<

#  Aligning k-turn_consensus and 4v50_AA:792-793_1519-1520_1514-1518:
#  Alignment score:  2.7
#  P-value:  1.000e+00
#  Query aligned region: 
#  Target aligned region: 

	
	

#  Matched base-pairing interactions: 
#  Matched base-stacking interactions: 

>>>>>>>>>>   ALIGNMENT ENDS   >>>>>>>>>>

<<<<<<<<<<  ALIGNMENT BEGINS  <<<<<<<<<<

#  Aligning k-turn_consensus and 4v50_AA:1519-1520_792-793_1514-1518:
#  Alignment score:  2.7
#  P-value:  1.000e+00
#  Query aligned region: 
#  Target aligned region: 

	
	

#  Matched base-pairing interactions: 
#  Matched base-stacking interactions: 

>>>>>>>>>>   ALIGNMENT ENDS   >>>>>>>>>>

