$ /home/s081p868/scratch/RNAMotifScanX-release/bin/scan /home/s081p868/scratch/RNAMotifScanX-release/models/reverse-kturn_consensus.struct /rfs/poseidon_share/s081p868/RNAMotifScanX_nr/rmsx_work_default/3ccm/0/3ccm_0.rmsx.in --map_pdb=/rfs/poseidon_share/s081p868/RNAMotifScanX_nr/rmsx_work_default/3ccm/0/3ccm_0.rmsx.nch --pvalue 1.0 --num_threads 8 --write_alignment
<<<<<<<<<<  ALIGNMENT BEGINS  <<<<<<<<<<

#  Aligning reverse-kturn_conseusns and 3ccm_0:1659-1664_1520-1530:
#  Alignment score:  67.9
#  P-value:  1.348e-02
#  Query aligned region: 0-3,4-10
#  Target aligned region: 2:'0'1662-5:'0'1665,6:'0'1521-14:'0'1529

	GGAG...C--ACAAAC
	CGAG...CAGUGAAAG

#  Matched base-pairing interactions: 
	<G(3:)-C(4:) cis W/W>                          MATCHES	<G(5:'0'1665)-C(6:'0'1521) cis W/W>
	<A(2:)-A(8:) trans H/H>                        MATCHES	<A(4:'0'1664)-A(12:'0'1527) trans H/H>
	<G(1:)-A(9:) trans S/H>                        MATCHES	<G(3:'0'1663)-A(13:'0'1528) trans S/H>
	<G(0:)-C(10:) cis W/W>                         MATCHES	<C(2:'0'1662)-G(14:'0'1529) cis W/W>
#  Matched base-stacking interactions: 

>>>>>>>>>>   ALIGNMENT ENDS   >>>>>>>>>>

<<<<<<<<<<  ALIGNMENT BEGINS  <<<<<<<<<<

#  Aligning reverse-kturn_conseusns and 3ccm_0:1225-1231_2520-2523_1129-1137:
#  Alignment score:  64
#  P-value:  1.567e-02
#  Query aligned region: 0-3,4-10
#  Target aligned region: 2:'0'1228-5:'0'1231,9:'0'2523-9:'0'2523,13:'0'1132-15:'0'1134

	GGAG...C~AAC
	CCAA...U~AAG

#  Matched base-pairing interactions: 
	<G(3:)-C(4:) cis W/W>                          MATCHES	<A(5:'0'1231)-U(9:'0'2523) cis H/S>
	<A(2:)-A(8:) trans H/H>                        MATCHES	<A(4:'0'1230)-A(13:'0'1132) trans H/H>
	<G(1:)-A(9:) trans S/H>                        MATCHES	<C(3:'0'1229)-A(14:'0'1133) trans S/H>
	<G(0:)-C(10:) cis W/W>                         MATCHES	<C(2:'0'1228)-G(15:'0'1134) cis W/W>
#  Matched base-stacking interactions: 

>>>>>>>>>>   ALIGNMENT ENDS   >>>>>>>>>>

<<<<<<<<<<  ALIGNMENT BEGINS  <<<<<<<<<<

#  Aligning reverse-kturn_conseusns and 3ccm_0:1525-1532_1657-1663:
#  Alignment score:  62.4
#  P-value:  1.672e-02
#  Query aligned region: 0-2,8-10
#  Target aligned region: 5:'0'1531-7:'0'1533,8:'0'1658-10:'0'1660

	GGA...AAC
	UGA...AAG

#  Matched base-pairing interactions: 
	<A(2:)-A(8:) trans H/H>                        MATCHES	<A(7:'0'1533)-A(8:'0'1658) trans H/H>
	<G(1:)-A(9:) trans S/H>                        MATCHES	<G(6:'0'1532)-A(9:'0'1659) trans S/H>
	<G(0:)-C(10:) cis W/W>                         MATCHES	<U(5:'0'1531)-G(10:'0'1660) cis W/W>
#  Matched base-stacking interactions: 

>>>>>>>>>>   ALIGNMENT ENDS   >>>>>>>>>>

<<<<<<<<<<  ALIGNMENT BEGINS  <<<<<<<<<<

#  Aligning reverse-kturn_conseusns and 3ccm_0:1771-1777_1766-1770_2016-2017:
#  Alignment score:  61.6
#  P-value:  1.729e-02
#  Query aligned region: 0-2,8-10
#  Target aligned region: 2:'0'1774-4:'0'1776,7:'0'1767-9:'0'1769

	GGA...AAC
	GAA...ACC

#  Matched base-pairing interactions: 
	<A(2:)-A(8:) trans H/H>                        MATCHES	<A(4:'0'1776)-A(7:'0'1767) trans H/H>
	<G(1:)-A(9:) trans S/H>                        MATCHES	<A(3:'0'1775)-C(8:'0'1768) trans S/H>
	<G(0:)-C(10:) cis W/W>                         MATCHES	<G(2:'0'1774)-C(9:'0'1769) cis W/W>
#  Matched base-stacking interactions: 

>>>>>>>>>>   ALIGNMENT ENDS   >>>>>>>>>>

<<<<<<<<<<  ALIGNMENT BEGINS  <<<<<<<<<<

#  Aligning reverse-kturn_conseusns and 3ccm_0:1494-1496_1620-1626_1569-1575:
#  Alignment score:  61.2
#  P-value:  1.758e-02
#  Query aligned region: 0-2,8-10
#  Target aligned region: 4:'0'1622-6:'0'1624,12:'0'1572-14:'0'1574

	GGA...AAC
	GCA...AAC

#  Matched base-pairing interactions: 
	<A(2:)-A(8:) trans H/H>                        MATCHES	<A(6:'0'1624)-A(12:'0'1572) trans H/H>
	<G(1:)-A(9:) trans S/H>                        MATCHES	<C(5:'0'1623)-A(13:'0'1573) trans S/H>
	<G(0:)-C(10:) cis W/W>                         MATCHES	<G(4:'0'1622)-C(14:'0'1574) cis W/W>
#  Matched base-stacking interactions: 

>>>>>>>>>>   ALIGNMENT ENDS   >>>>>>>>>>

<<<<<<<<<<  ALIGNMENT BEGINS  <<<<<<<<<<

#  Aligning reverse-kturn_conseusns and 3ccm_0:209-216_222-228:
#  Alignment score:  60.8
#  P-value:  1.788e-02
#  Query aligned region: 0-2,8-10
#  Target aligned region: 0:'0'210-2:'0'212,12:'0'227-14:'0'229

	GGA...AAC
	UUA...ACG

#  Matched base-pairing interactions: 
	<A(2:)-A(8:) trans H/H>                        MATCHES	<A(2:'0'212)-A(12:'0'227) trans H/H>
	<G(1:)-A(9:) trans S/H>                        MATCHES	<U(1:'0'211)-C(13:'0'228) trans S/H>
	<G(0:)-C(10:) cis W/W>                         MATCHES	<U(0:'0'210)-G(14:'0'229) cis W/W>
#  Matched base-stacking interactions: 

>>>>>>>>>>   ALIGNMENT ENDS   >>>>>>>>>>

<<<<<<<<<<  ALIGNMENT BEGINS  <<<<<<<<<<

#  Aligning reverse-kturn_conseusns and 3ccm_0:2388-2394_2395-2398_926-927:
#  Alignment score:  60.4
#  P-value:  1.820e-02
#  Query aligned region: 0-2,8-10
#  Target aligned region: 0:'0'2389-2:'0'2391,8:'0'2397-10:'0'2399

	GGA...AAC
	UUC...GAG

#  Matched base-pairing interactions: 
	<A(2:)-A(8:) trans H/H>                        MATCHES	<C(2:'0'2391)-G(8:'0'2397) trans H/H>
	<G(1:)-A(9:) trans S/H>                        MATCHES	<U(1:'0'2390)-A(9:'0'2398) trans S/H>
	<G(0:)-C(10:) cis W/W>                         MATCHES	<U(0:'0'2389)-G(10:'0'2399) cis W/W>
#  Matched base-stacking interactions: 

>>>>>>>>>>   ALIGNMENT ENDS   >>>>>>>>>>

<<<<<<<<<<  ALIGNMENT BEGINS  <<<<<<<<<<

#  Aligning reverse-kturn_conseusns and 3ccm_0:2688-2695_2698-2705_2565-2566:
#  Alignment score:  60
#  P-value:  1.851e-02
#  Query aligned region: 0-2,8-10
#  Target aligned region: 0:'0'2689-2:'0'2691,12:'0'2703-14:'0'2705

	GGA...AAC
	AUA...ACU

#  Matched base-pairing interactions: 
	<A(2:)-A(8:) trans H/H>                        MATCHES	<A(2:'0'2691)-A(12:'0'2703) trans H/H>
	<G(1:)-A(9:) trans S/H>                        MATCHES	<U(1:'0'2690)-C(13:'0'2704) trans S/H>
	<G(0:)-C(10:) cis W/W>                         MATCHES	<A(0:'0'2689)-U(14:'0'2705) cis W/W>
#  Matched base-stacking interactions: 

>>>>>>>>>>   ALIGNMENT ENDS   >>>>>>>>>>

<<<<<<<<<<  ALIGNMENT BEGINS  <<<<<<<<<<

#  Aligning reverse-kturn_conseusns and 3ccm_0:1366-1373_2050-2057:
#  Alignment score:  60
#  P-value:  1.851e-02
#  Query aligned region: 0-2,8-10
#  Target aligned region: 0:'0'1367-2:'0'1369,12:'0'2055-14:'0'2057

	GGA...AAC
	AUA...ACU

#  Matched base-pairing interactions: 
	<A(2:)-A(8:) trans H/H>                        MATCHES	<A(2:'0'1369)-A(12:'0'2055) trans H/H>
	<G(1:)-A(9:) trans S/H>                        MATCHES	<U(1:'0'1368)-C(13:'0'2056) trans S/H>
	<G(0:)-C(10:) cis W/W>                         MATCHES	<A(0:'0'1367)-U(14:'0'2057) cis W/W>
#  Matched base-stacking interactions: 

>>>>>>>>>>   ALIGNMENT ENDS   >>>>>>>>>>

<<<<<<<<<<  ALIGNMENT BEGINS  <<<<<<<<<<

#  Aligning reverse-kturn_conseusns and 3ccm_0:2265-2273_2115-2118_2121-2127:
#  Alignment score:  55
#  P-value:  2.331e-02
#  Query aligned region: 0-2,8-10
#  Target aligned region: 3:'0'2269-5:'0'2271,12:'0'2119-12:'0'2119,14:'0'2123-15:'0'2124

	GGA...A~AC
	CGG...C~AG

#  Matched base-pairing interactions: 
	<G(1:)-A(9:) trans S/H>                        MATCHES	<G(4:'0'2270)-A(14:'0'2123) trans S/H>
	<A(2:)-A(8:) trans H/H>                        MATCHES	<G(5:'0'2271)-C(12:'0'2119) trans H/H>
	<G(0:)-C(10:) cis W/W>                         MATCHES	<C(3:'0'2269)-G(15:'0'2124) cis W/W>
#  Matched base-stacking interactions: 

>>>>>>>>>>   ALIGNMENT ENDS   >>>>>>>>>>

<<<<<<<<<<  ALIGNMENT BEGINS  <<<<<<<<<<

#  Aligning reverse-kturn_conseusns and 3ccm_0:1569-1575_1620-1626_1510-1511:
#  Alignment score:  54.7
#  P-value:  2.366e-02
#  Query aligned region: 0-2,8-10
#  Target aligned region: 0:'0'1570-2:'0'1572,10:'0'1624-13:'0'1627

	GGA...A-AC
	CGA...AUAG

#  Matched base-pairing interactions: 
	<G(1:)-A(9:) trans S/H>                        MATCHES	<G(1:'0'1571)-A(12:'0'1626) trans S/H>
	<A(2:)-A(8:) trans H/H>                        MATCHES	<A(2:'0'1572)-A(10:'0'1624) trans H/H>
	<G(0:)-C(10:) cis W/W>                         MATCHES	<C(0:'0'1570)-G(13:'0'1627) cis W/W>
#  Matched base-stacking interactions: 

>>>>>>>>>>   ALIGNMENT ENDS   >>>>>>>>>>

<<<<<<<<<<  ALIGNMENT BEGINS  <<<<<<<<<<

#  Aligning reverse-kturn_conseusns and 3ccm_0:109-115_120-123_42-50:
#  Alignment score:  54.4
#  P-value:  2.401e-02
#  Query aligned region: 0-3,4-10
#  Target aligned region: 1:'0'111-6:'0'116,10:'0'124-10:'0'124,16:'0'48-18:'0'50

	GG-A-G...C~AAC
	CGAAUG...C~AAG

#  Matched base-pairing interactions: 
	<G(3:)-C(4:) cis W/W>                          MATCHES	<G(6:'0'116)-C(10:'0'124) cis W/W>
	<G(1:)-A(9:) trans S/H>                        MATCHES	<G(2:'0'112)-A(17:'0'49) trans S/H>
	<A(2:)-A(8:) trans H/H>                        MATCHES	<A(4:'0'114)-A(16:'0'48) trans H/H>
	<G(0:)-C(10:) cis W/W>                         MATCHES	<C(1:'0'111)-G(18:'0'50) cis W/W>
#  Matched base-stacking interactions: 

>>>>>>>>>>   ALIGNMENT ENDS   >>>>>>>>>>

<<<<<<<<<<  ALIGNMENT BEGINS  <<<<<<<<<<

#  Aligning reverse-kturn_conseusns and 3ccm_0:1064-1071_912-913_1044-1049:
#  Alignment score:  47.2
#  P-value:  3.559e-02
#  Query aligned region: 0-2,8-10
#  Target aligned region: 4:'0'1069-6:'0'1071,8:'0'913-9:'0'914,10:'0'1045-10:'0'1045

	GGA...AA~C
	CAG...AA~G

#  Matched base-pairing interactions: 
	<A(2:)-A(8:) trans H/H>                        MATCHES	<G(6:'0'1071)-A(8:'0'913) trans H/H>
	<G(1:)-A(9:) trans S/H>                        MATCHES	<A(5:'0'1070)-A(9:'0'914) trans S/H>
	<G(0:)-C(10:) cis W/W>                         MATCHES	<C(4:'0'1069)-G(10:'0'1045) cis W/W>
#  Matched base-stacking interactions: 

>>>>>>>>>>   ALIGNMENT ENDS   >>>>>>>>>>

<<<<<<<<<<  ALIGNMENT BEGINS  <<<<<<<<<<

#  Aligning reverse-kturn_conseusns and 3ccm_0:2297-2301_2305-2309_1061-1062:
#  Alignment score:  43.7
#  P-value:  4.449e-02
#  Query aligned region: 0-2,8-10
#  Target aligned region: 0:'0'2298-2:'0'2300,6:'0'2307-9:'0'2310

	GGA...AA-C
	CGA...AUCG

#  Matched base-pairing interactions: 
	<A(2:)-A(8:) trans H/H>                        MATCHES	<A(2:'0'2300)-A(6:'0'2307) trans H/H>
	<G(0:)-C(10:) cis W/W>                         MATCHES	<C(0:'0'2298)-G(9:'0'2310) cis W/W>
	<G(1:)-A(9:) trans S/H>                        MATCHES	<G(1:'0'2299)-U(7:'0'2308) trans S/H>
#  Matched base-stacking interactions: 

>>>>>>>>>>   ALIGNMENT ENDS   >>>>>>>>>>

<<<<<<<<<<  ALIGNMENT BEGINS  <<<<<<<<<<

#  Aligning reverse-kturn_conseusns and 3ccm_0:2050-2057_1366-1373:
#  Alignment score:  43.4
#  P-value:  4.541e-02
#  Query aligned region: 0-2,8-10
#  Target aligned region: 1:'0'2052-4:'0'2055,10:'0'1369-14:'0'1373

	GG-A...A--AC
	UGAA...AGUAG

#  Matched base-pairing interactions: 
	<G(1:)-A(9:) trans S/H>                        MATCHES	<G(2:'0'2053)-A(13:'0'1372) trans S/H>
	<A(2:)-A(8:) trans H/H>                        MATCHES	<A(4:'0'2055)-A(10:'0'1369) trans H/H>
	<G(0:)-C(10:) cis W/W>                         MATCHES	<U(1:'0'2052)-G(14:'0'1373) cis W/W>
#  Matched base-stacking interactions: 

>>>>>>>>>>   ALIGNMENT ENDS   >>>>>>>>>>

<<<<<<<<<<  ALIGNMENT BEGINS  <<<<<<<<<<

#  Aligning reverse-kturn_conseusns and 3ccm_0:472-477_460-468:
#  Alignment score:  42.6
#  P-value:  4.799e-02
#  Query aligned region: 0-2,8-10
#  Target aligned region: 1:'0'474-4:'0'477,8:'0'463-12:'0'467

	GG-A...A--AC
	CGAA...AGUAG

#  Matched base-pairing interactions: 
	<G(1:)-A(9:) trans S/H>                        MATCHES	<G(2:'0'475)-A(11:'0'466) trans S/H>
	<A(2:)-A(8:) trans H/H>                        MATCHES	<A(4:'0'477)-A(8:'0'463) trans H/H>
	<G(0:)-C(10:) cis W/W>                         MATCHES	<C(1:'0'474)-G(12:'0'467) cis W/W>
#  Matched base-stacking interactions: 

>>>>>>>>>>   ALIGNMENT ENDS   >>>>>>>>>>

<<<<<<<<<<  ALIGNMENT BEGINS  <<<<<<<<<<

#  Aligning reverse-kturn_conseusns and 3ccm_0:2698-2705_2688-2695_2565-2566:
#  Alignment score:  41
#  P-value:  5.386e-02
#  Query aligned region: 0-2,8-10
#  Target aligned region: 1:'0'2700-4:'0'2703,10:'0'2691-14:'0'2695

	GG-A...A--AC
	GGAA...AGUAC

#  Matched base-pairing interactions: 
	<G(1:)-A(9:) trans S/H>                        MATCHES	<G(2:'0'2701)-A(13:'0'2694) trans S/H>
	<A(2:)-A(8:) trans H/H>                        MATCHES	<A(4:'0'2703)-A(10:'0'2691) trans H/H>
	<G(0:)-C(10:) cis W/W>                         MATCHES	<G(1:'0'2700)-C(14:'0'2695) cis W/W>
#  Matched base-stacking interactions: 

>>>>>>>>>>   ALIGNMENT ENDS   >>>>>>>>>>

<<<<<<<<<<  ALIGNMENT BEGINS  <<<<<<<<<<

#  Aligning reverse-kturn_conseusns and 3ccm_0:1061-1062_2305-2309_2297-2301:
#  Alignment score:  40.8
#  P-value:  5.467e-02
#  Query aligned region: 1-2,8-9
#  Target aligned region: 1:'0'1063-1:'0'1063,3:'0'2307-3:'0'2307,9:'0'2300-10:'0'2301

	G~A...AA
	G~A...AA

#  Matched base-pairing interactions: 
	<G(1:)-A(9:) trans S/H>                        MATCHES	<G(1:'0'1063)-A(10:'0'2301) trans S/H>
	<A(2:)-A(8:) trans H/H>                        MATCHES	<A(3:'0'2307)-A(9:'0'2300) trans H/H>
#  Matched base-stacking interactions: 

>>>>>>>>>>   ALIGNMENT ENDS   >>>>>>>>>>

<<<<<<<<<<  ALIGNMENT BEGINS  <<<<<<<<<<

#  Aligning reverse-kturn_conseusns and 3ccm_0:1704-1708_788-790_1709-1712:
#  Alignment score:  40.6
#  P-value:  5.550e-02
#  Query aligned region: 0-3,4-10
#  Target aligned region: 0:'0'1705-3:'0'1708,7:'0'791-7:'0'791,9:'0'1711-11:'0'1713

	GGAG...C~AAC
	CGGC...A~AAG

#  Matched base-pairing interactions: 
	<G(3:)-C(4:) cis W/W>                          MATCHES	<C(3:'0'1708)-A(7:'0'791) cis S/S>
	<A(2:)-A(8:) trans H/H>                        MATCHES	<G(2:'0'1707)-A(9:'0'1711) trans S/H>
	<G(1:)-A(9:) trans S/H>                        MATCHES	<G(1:'0'1706)-A(10:'0'1712) trans S/H>
	<G(0:)-C(10:) cis W/W>                         MATCHES	<C(0:'0'1705)-G(11:'0'1713) cis W/W>
#  Matched base-stacking interactions: 

>>>>>>>>>>   ALIGNMENT ENDS   >>>>>>>>>>

<<<<<<<<<<  ALIGNMENT BEGINS  <<<<<<<<<<

#  Aligning reverse-kturn_conseusns and 3ccm_0:1915-1922:
#  Alignment score:  39.8
#  P-value:  5.901e-02
#  Query aligned region: 0-2,8-10
#  Target aligned region: 0:'0'1916-7:'0'1923

	GGA...AAC
	CGU...AAG

#  Matched base-pairing interactions: 
	<A(2:)-A(8:) trans H/H>                        MATCHES	<U(2:'0'1918)-A(5:'0'1921) cis -/->
	<G(1:)-A(9:) trans S/H>                        MATCHES	<G(1:'0'1917)-A(6:'0'1922) trans S/H>
	<G(0:)-C(10:) cis W/W>                         MATCHES	<C(0:'0'1916)-G(7:'0'1923) cis W/W>
#  Matched base-stacking interactions: 

>>>>>>>>>>   ALIGNMENT ENDS   >>>>>>>>>>

<<<<<<<<<<  ALIGNMENT BEGINS  <<<<<<<<<<

#  Aligning reverse-kturn_conseusns and 3ccm_0:688-690_730-732_692-696:
#  Alignment score:  39.8
#  P-value:  5.901e-02
#  Query aligned region: 0-2,8-10
#  Target aligned region: 1:'0'690-2:'0'691,5:'0'733-5:'0'733,6:'0'693-8:'0'695

	GG~A...AAC
	GG~U...AAC

#  Matched base-pairing interactions: 
	<G(1:)-A(9:) trans S/H>                        MATCHES	<G(2:'0'691)-A(7:'0'694) trans S/H>
	<A(2:)-A(8:) trans H/H>                        MATCHES	<U(5:'0'733)-A(6:'0'693) cis -/->
	<G(0:)-C(10:) cis W/W>                         MATCHES	<G(1:'0'690)-C(8:'0'695) cis W/W>
#  Matched base-stacking interactions: 

>>>>>>>>>>   ALIGNMENT ENDS   >>>>>>>>>>

<<<<<<<<<<  ALIGNMENT BEGINS  <<<<<<<<<<

#  Aligning reverse-kturn_conseusns and 3ccm_0:157-163_767-770_171-178:
#  Alignment score:  39.6
#  P-value:  5.993e-02
#  Query aligned region: 0-3,4-10
#  Target aligned region: 0:'0'158-4:'0'162,7:'0'768-7:'0'768,13:'0'174-17:'0'178

	GG-AG...C~A--AC
	AGAAC...U~AGUAU

#  Matched base-pairing interactions: 
	<G(1:)-A(9:) trans S/H>                        MATCHES	<G(1:'0'159)-A(16:'0'177) trans S/H>
	<A(2:)-A(8:) trans H/H>                        MATCHES	<A(3:'0'161)-A(13:'0'174) trans H/H>
	<G(3:)-C(4:) cis W/W>                          MATCHES	<C(4:'0'162)-U(7:'0'768) cis -/->
	<G(0:)-C(10:) cis W/W>                         MATCHES	<A(0:'0'158)-U(17:'0'178) cis W/W>
#  Matched base-stacking interactions: 

>>>>>>>>>>   ALIGNMENT ENDS   >>>>>>>>>>

<<<<<<<<<<  ALIGNMENT BEGINS  <<<<<<<<<<

#  Aligning reverse-kturn_conseusns and 3ccm_0:640-644_900-904_1350-1360:
#  Alignment score:  39.4
#  P-value:  6.088e-02
#  Query aligned region: 0-3,4-10
#  Target aligned region: 0:'0'641-2:'0'643,7:'0'903-8:'0'904,14:'0'1355-19:'0'1360

	GGA~G...C~A--A-C
	GGA~U...U~AAAAUC

#  Matched base-pairing interactions: 
	<G(3:)-C(4:) cis W/W>                          MATCHES	<U(7:'0'903)-U(8:'0'904) trans S/S>
	<G(0:)-C(10:) cis W/W>                         MATCHES	<G(0:'0'641)-C(19:'0'1360) cis W/W>
	<G(1:)-A(9:) trans S/H>                        MATCHES	<G(1:'0'642)-A(17:'0'1358) trans S/H>
	<A(2:)-A(8:) trans H/H>                        MATCHES	<A(2:'0'643)-A(14:'0'1355) trans H/H>
#  Matched base-stacking interactions: 

>>>>>>>>>>   ALIGNMENT ENDS   >>>>>>>>>>

<<<<<<<<<<  ALIGNMENT BEGINS  <<<<<<<<<<

#  Aligning reverse-kturn_conseusns and 3ccm_0:848-853_787-789_825-832:
#  Alignment score:  38.8
#  P-value:  6.388e-02
#  Query aligned region: 0-2,8-10
#  Target aligned region: 4:'0'853-5:'0'854,7:'0'789-7:'0'789,9:'0'826-11:'0'828

	GG~A...AAC
	CG~C...UAG

#  Matched base-pairing interactions: 
	<G(1:)-A(9:) trans S/H>                        MATCHES	<G(5:'0'854)-A(10:'0'827) trans S/H>
	<A(2:)-A(8:) trans H/H>                        MATCHES	<C(7:'0'789)-U(9:'0'826) cis -/->
	<G(0:)-C(10:) cis W/W>                         MATCHES	<C(4:'0'853)-G(11:'0'828) cis W/W>
#  Matched base-stacking interactions: 

>>>>>>>>>>   ALIGNMENT ENDS   >>>>>>>>>>

<<<<<<<<<<  ALIGNMENT BEGINS  <<<<<<<<<<

#  Aligning reverse-kturn_conseusns and 3ccm_0:1586-1591_1600-1607:
#  Alignment score:  38.6
#  P-value:  6.492e-02
#  Query aligned region: 0-2,8-10
#  Target aligned region: 0:'0'1587-2:'0'1589,11:'0'1606-13:'0'1608

	GGA...AAC
	UGG...AAG

#  Matched base-pairing interactions: 
	<A(2:)-A(8:) trans H/H>                        MATCHES	<G(2:'0'1589)-A(11:'0'1606) trans S/H>
	<G(1:)-A(9:) trans S/H>                        MATCHES	<G(1:'0'1588)-A(12:'0'1607) trans S/H>
	<G(0:)-C(10:) cis W/W>                         MATCHES	<U(0:'0'1587)-G(13:'0'1608) cis W/W>
#  Matched base-stacking interactions: 

>>>>>>>>>>   ALIGNMENT ENDS   >>>>>>>>>>

<<<<<<<<<<  ALIGNMENT BEGINS  <<<<<<<<<<

#  Aligning reverse-kturn_conseusns and 3ccm_0:461-468_773-774_469-475:
#  Alignment score:  38.6
#  P-value:  6.492e-02
#  Query aligned region: 0-2,8-10
#  Target aligned region: 6:'0'468-7:'0'469,8:'0'774-8:'0'774,11:'0'471-13:'0'473

	GG~A...AAC
	UG~C...GAA

#  Matched base-pairing interactions: 
	<A(2:)-A(8:) trans H/H>                        MATCHES	<C(8:'0'774)-G(11:'0'471) cis -/->
	<G(1:)-A(9:) trans S/H>                        MATCHES	<G(7:'0'469)-A(12:'0'472) trans S/H>
	<G(0:)-C(10:) cis W/W>                         MATCHES	<U(6:'0'468)-A(13:'0'473) cis W/W>
#  Matched base-stacking interactions: 

>>>>>>>>>>   ALIGNMENT ENDS   >>>>>>>>>>

<<<<<<<<<<  ALIGNMENT BEGINS  <<<<<<<<<<

#  Aligning reverse-kturn_conseusns and 3ccm_0:718-723_936-937_704-708:
#  Alignment score:  38.4
#  P-value:  6.599e-02
#  Query aligned region: 0-3,4-10
#  Target aligned region: 0:'0'719-3:'0'722,6:'0'937-6:'0'937,10:'0'707-12:'0'709

	GGAG...C~AAC
	CGAG...C~CAG

#  Matched base-pairing interactions: 
	<G(3:)-C(4:) cis W/W>                          MATCHES	<G(3:'0'722)-C(6:'0'937) cis -/->
	<A(2:)-A(8:) trans H/H>                        MATCHES	<A(2:'0'721)-C(10:'0'707) trans H/W>
	<G(1:)-A(9:) trans S/H>                        MATCHES	<G(1:'0'720)-A(11:'0'708) trans S/H>
	<G(0:)-C(10:) cis W/W>                         MATCHES	<C(0:'0'719)-G(12:'0'709) cis W/W>
#  Matched base-stacking interactions: 

>>>>>>>>>>   ALIGNMENT ENDS   >>>>>>>>>>

<<<<<<<<<<  ALIGNMENT BEGINS  <<<<<<<<<<

#  Aligning reverse-kturn_conseusns and 3ccm_0:909-913_1069-1071_1290-1294:
#  Alignment score:  38.3
#  P-value:  6.654e-02
#  Query aligned region: 0-2,8-10
#  Target aligned region: 0:'0'910-3:'0'913,6:'0'1071-6:'0'1071,11:'0'1294-12:'0'1295

	GG-A...A~AC
	CGAA...G~AG

#  Matched base-pairing interactions: 
	<G(1:)-A(9:) trans S/H>                        MATCHES	<G(1:'0'911)-A(11:'0'1294) trans S/H>
	<A(2:)-A(8:) trans H/H>                        MATCHES	<A(3:'0'913)-G(6:'0'1071) trans H/H>
	<G(0:)-C(10:) cis W/W>                         MATCHES	<C(0:'0'910)-G(12:'0'1295) cis W/W>
#  Matched base-stacking interactions: 

>>>>>>>>>>   ALIGNMENT ENDS   >>>>>>>>>>

<<<<<<<<<<  ALIGNMENT BEGINS  <<<<<<<<<<

#  Aligning reverse-kturn_conseusns and 3ccm_0:1635-1641_1542-1549:
#  Alignment score:  37.8
#  P-value:  6.937e-02
#  Query aligned region: 0-2,8-10
#  Target aligned region: 3:'0'1639-5:'0'1641,8:'0'1544-10:'0'1546

	GGA...AAC
	UCA...UCG

#  Matched base-pairing interactions: 
	<A(2:)-A(8:) trans H/H>                        MATCHES	<A(5:'0'1641)-U(8:'0'1544) trans H/W>
	<G(1:)-A(9:) trans S/H>                        MATCHES	<C(4:'0'1640)-C(9:'0'1545) trans S/H>
	<G(0:)-C(10:) cis W/W>                         MATCHES	<U(3:'0'1639)-G(10:'0'1546) cis W/W>
#  Matched base-stacking interactions: 

>>>>>>>>>>   ALIGNMENT ENDS   >>>>>>>>>>

<<<<<<<<<<  ALIGNMENT BEGINS  <<<<<<<<<<

#  Aligning reverse-kturn_conseusns and 3ccm_0:811-817_794-801:
#  Alignment score:  37.8
#  P-value:  6.937e-02
#  Query aligned region: 0-2,8-10
#  Target aligned region: 3:'0'815-5:'0'817,8:'0'796-10:'0'798

	GGA...AAC
	UGG...AAG

#  Matched base-pairing interactions: 
	<A(2:)-A(8:) trans H/H>                        MATCHES	<G(5:'0'817)-A(8:'0'796) trans S/H>
	<G(1:)-A(9:) trans S/H>                        MATCHES	<G(4:'0'816)-A(9:'0'797) trans S/H>
	<G(0:)-C(10:) cis W/W>                         MATCHES	<U(3:'0'815)-G(10:'0'798) cis W/W>
#  Matched base-stacking interactions: 

>>>>>>>>>>   ALIGNMENT ENDS   >>>>>>>>>>

<<<<<<<<<<  ALIGNMENT BEGINS  <<<<<<<<<<

#  Aligning reverse-kturn_conseusns and 3ccm_0:2561-2563_2509-2516_2502-2506:
#  Alignment score:  37.6
#  P-value:  7.056e-02
#  Query aligned region: 0-2,8-10
#  Target aligned region: 8:'0'2515-10:'0'2517,11:'0'2503-13:'0'2505

	GGA...AAC
	CGA...AAG

#  Matched base-pairing interactions: 
	<A(2:)-A(8:) trans H/H>                        MATCHES	<A(10:'0'2517)-A(11:'0'2503) trans H/S>
	<G(1:)-A(9:) trans S/H>                        MATCHES	<G(9:'0'2516)-A(12:'0'2504) trans S/H>
	<G(0:)-C(10:) cis W/W>                         MATCHES	<C(8:'0'2515)-G(13:'0'2505) cis W/W>
#  Matched base-stacking interactions: 

>>>>>>>>>>   ALIGNMENT ENDS   >>>>>>>>>>

<<<<<<<<<<  ALIGNMENT BEGINS  <<<<<<<<<<

#  Aligning reverse-kturn_conseusns and 3ccm_0:2255-2262_2130-2133_2240-2244:
#  Alignment score:  37.2
#  P-value:  7.302e-02
#  Query aligned region: 0-3,4-10
#  Target aligned region: 0:'0'2256-3:'0'2259,10:'0'2133-10:'0'2133,14:'0'2243-16:'0'2245

	GGAG...C~AAC
	GGAC...U~CAC

#  Matched base-pairing interactions: 
	<G(3:)-C(4:) cis W/W>                          MATCHES	<C(3:'0'2259)-U(10:'0'2133) cis -/->
	<A(2:)-A(8:) trans H/H>                        MATCHES	<A(2:'0'2258)-C(14:'0'2243) cis -/->
	<G(1:)-A(9:) trans S/H>                        MATCHES	<G(1:'0'2257)-A(15:'0'2244) trans S/H>
	<G(0:)-C(10:) cis W/W>                         MATCHES	<G(0:'0'2256)-C(16:'0'2245) cis W/W>
#  Matched base-stacking interactions: 

>>>>>>>>>>   ALIGNMENT ENDS   >>>>>>>>>>

<<<<<<<<<<  ALIGNMENT BEGINS  <<<<<<<<<<

#  Aligning reverse-kturn_conseusns and 3ccm_0:1478-1484_782-783_1456-1464:
#  Alignment score:  36.8
#  P-value:  7.561e-02
#  Query aligned region: 0-2,8-10
#  Target aligned region: 4:'0'1483-5:'0'1484,8:'0'784-8:'0'784,10:'0'1458-12:'0'1460

	GG~A...AAC
	CG~A...AAG

#  Matched base-pairing interactions: 
	<G(1:)-A(9:) trans S/H>                        MATCHES	<G(5:'0'1484)-A(11:'0'1459) trans S/H>
	<A(2:)-A(8:) trans H/H>                        MATCHES	<A(8:'0'784)-A(10:'0'1458) cis -/->
	<G(0:)-C(10:) cis W/W>                         MATCHES	<C(4:'0'1483)-G(12:'0'1460) cis W/W>
#  Matched base-stacking interactions: 

>>>>>>>>>>   ALIGNMENT ENDS   >>>>>>>>>>

<<<<<<<<<<  ALIGNMENT BEGINS  <<<<<<<<<<

#  Aligning reverse-kturn_conseusns and 3ccm_0:375-378_263-269_239-248:
#  Alignment score:  36.8
#  P-value:  7.561e-02
#  Query aligned region: 0-2,8-10
#  Target aligned region: 7:'0'267-9:'0'269,13:'0'242-15:'0'244

	GGA...AAC
	GUG...AAC

#  Matched base-pairing interactions: 
	<A(2:)-A(8:) trans H/H>                        MATCHES	<G(9:'0'269)-A(13:'0'242) trans S/H>
	<G(1:)-A(9:) trans S/H>                        MATCHES	<U(8:'0'268)-A(14:'0'243) trans S/H>
	<G(0:)-C(10:) cis W/W>                         MATCHES	<G(7:'0'267)-C(15:'0'244) cis W/W>
#  Matched base-stacking interactions: 

>>>>>>>>>>   ALIGNMENT ENDS   >>>>>>>>>>

<<<<<<<<<<  ALIGNMENT BEGINS  <<<<<<<<<<

#  Aligning reverse-kturn_conseusns and 3ccm_0:1105-1109_1252-1260_1095-1100:
#  Alignment score:  36.7
#  P-value:  7.628e-02
#  Query aligned region: 0-3,4-10
#  Target aligned region: 9:'0'1257-13:'0'1261,14:'0'1096-17:'0'1099

	GGAG...C~A-AC
	CGAG...A~UAAG

#  Matched base-pairing interactions: 
	<G(1:)-A(9:) trans S/H>                        MATCHES	<G(10:'0'1258)-A(16:'0'1098) trans S/H>
	<A(2:)-A(8:) trans H/H>                        MATCHES	<A(11:'0'1259)-U(14:'0'1096) trans H/W>
	<G(3:)-C(4:) cis W/W>                          MATCHES	<G(12:'0'1260)-A(13:'0'1261) cis -/->
	<G(0:)-C(10:) cis W/W>                         MATCHES	<C(9:'0'1257)-G(17:'0'1099) cis W/W>
#  Matched base-stacking interactions: 

>>>>>>>>>>   ALIGNMENT ENDS   >>>>>>>>>>

<<<<<<<<<<  ALIGNMENT BEGINS  <<<<<<<<<<

#  Aligning reverse-kturn_conseusns and 3ccm_0:2040-2045_1731-1738_1374-1375:
#  Alignment score:  36.4
#  P-value:  7.835e-02
#  Query aligned region: 0-1,9-10
#  Target aligned region: 4:'0'2045-5:'0'2046,7:'0'1733-8:'0'1734

	GG...AC
	GG...AC

#  Matched base-pairing interactions: 
	<G(1:)-A(9:) trans S/H>                        MATCHES	<G(5:'0'2046)-A(7:'0'1733) trans S/H>
	<G(0:)-C(10:) cis W/W>                         MATCHES	<G(4:'0'2045)-C(8:'0'1734) cis W/W>
#  Matched base-stacking interactions: 

>>>>>>>>>>   ALIGNMENT ENDS   >>>>>>>>>>

<<<<<<<<<<  ALIGNMENT BEGINS  <<<<<<<<<<

#  Aligning reverse-kturn_conseusns and 3ccm_0:2752-2757_2039-2040_2723-2729:
#  Alignment score:  36
#  P-value:  8.123e-02
#  Query aligned region: 0-2,8-10
#  Target aligned region: 1:'0'2754-2:'0'2755,7:'0'2041-7:'0'2041,10:'0'2726-12:'0'2728

	GG~A...AAC
	GG~G...UAC

#  Matched base-pairing interactions: 
	<G(1:)-A(9:) trans S/H>                        MATCHES	<G(2:'0'2755)-A(11:'0'2727) trans S/H>
	<A(2:)-A(8:) trans H/H>                        MATCHES	<G(7:'0'2041)-U(10:'0'2726) cis S/H>
	<G(0:)-C(10:) cis W/W>                         MATCHES	<G(1:'0'2754)-C(12:'0'2728) cis W/W>
#  Matched base-stacking interactions: 

>>>>>>>>>>   ALIGNMENT ENDS   >>>>>>>>>>

<<<<<<<<<<  ALIGNMENT BEGINS  <<<<<<<<<<

#  Aligning reverse-kturn_conseusns and 3ccm_0:550-551_1333-1342_1315-1323:
#  Alignment score:  35.8
#  P-value:  8.274e-02
#  Query aligned region: 0-3,4-10
#  Target aligned region: 6:'0'1338-10:'0'1342,13:'0'1317-15:'0'1319

	GGAG...C~AAC
	UGGA...C~AAG

#  Matched base-pairing interactions: 
	<G(3:)-C(4:) cis W/W>                          MATCHES	<A(9:'0'1341)-C(10:'0'1342) cis S/S>
	<A(2:)-A(8:) trans H/H>                        MATCHES	<G(8:'0'1340)-A(13:'0'1317) trans S/H>
	<G(1:)-A(9:) trans S/H>                        MATCHES	<G(7:'0'1339)-A(14:'0'1318) trans S/H>
	<G(0:)-C(10:) cis W/W>                         MATCHES	<U(6:'0'1338)-G(15:'0'1319) cis W/W>
#  Matched base-stacking interactions: 

>>>>>>>>>>   ALIGNMENT ENDS   >>>>>>>>>>

<<<<<<<<<<  ALIGNMENT BEGINS  <<<<<<<<<<

#  Aligning reverse-kturn_conseusns and 3ccm_0:2800-2801_2796-2799_2771-2776:
#  Alignment score:  35.6
#  P-value:  8.428e-02
#  Query aligned region: 0-1,9-10
#  Target aligned region: 2:'0'2797-3:'0'2798,10:'0'2776-11:'0'2777

	GG...AC
	CG...AG

#  Matched base-pairing interactions: 
	<G(1:)-A(9:) trans S/H>                        MATCHES	<G(3:'0'2798)-A(10:'0'2776) trans S/H>
	<G(0:)-C(10:) cis W/W>                         MATCHES	<C(2:'0'2797)-G(11:'0'2777) cis W/W>
#  Matched base-stacking interactions: 

>>>>>>>>>>   ALIGNMENT ENDS   >>>>>>>>>>

<<<<<<<<<<  ALIGNMENT BEGINS  <<<<<<<<<<

#  Aligning reverse-kturn_conseusns and 3ccm_0:1325-1327_904-906_1328-1330:
#  Alignment score:  35.4
#  P-value:  8.587e-02
#  Query aligned region: 0-2,8-10
#  Target aligned region: 0:'0'1326-2:'0'1328,5:'0'907-5:'0'907,7:'0'1330-8:'0'1331

	GGA...A~AC
	CGA...A~AG

#  Matched base-pairing interactions: 
	<G(1:)-A(9:) trans S/H>                        MATCHES	<G(1:'0'1327)-A(7:'0'1330) trans S/H>
	<A(2:)-A(8:) trans H/H>                        MATCHES	<A(2:'0'1328)-A(5:'0'907) cis -/->
	<G(0:)-C(10:) cis W/W>                         MATCHES	<C(0:'0'1326)-G(8:'0'1331) cis W/W>
#  Matched base-stacking interactions: 

>>>>>>>>>>   ALIGNMENT ENDS   >>>>>>>>>>

<<<<<<<<<<  ALIGNMENT BEGINS  <<<<<<<<<<

#  Aligning reverse-kturn_conseusns and 3ccm_0:2628-2630_2113-2115_2631-2633:
#  Alignment score:  35.2
#  P-value:  8.750e-02
#  Query aligned region: 0-2,8-10
#  Target aligned region: 0:'0'2629-2:'0'2631,5:'0'2116-5:'0'2116,7:'0'2633-8:'0'2634

	GGA...A~AC
	CGU...U~AG

#  Matched base-pairing interactions: 
	<G(1:)-A(9:) trans S/H>                        MATCHES	<G(1:'0'2630)-A(7:'0'2633) trans S/H>
	<A(2:)-A(8:) trans H/H>                        MATCHES	<U(2:'0'2631)-U(5:'0'2116) cis -/->
	<G(0:)-C(10:) cis W/W>                         MATCHES	<C(0:'0'2629)-G(8:'0'2634) cis W/W>
#  Matched base-stacking interactions: 

>>>>>>>>>>   ALIGNMENT ENDS   >>>>>>>>>>

<<<<<<<<<<  ALIGNMENT BEGINS  <<<<<<<<<<

#  Aligning reverse-kturn_conseusns and 3ccm_0:1081-1088_1289-1292_1068-1075:
#  Alignment score:  35.2
#  P-value:  8.750e-02
#  Query aligned region: 0-2,8-10
#  Target aligned region: 3:'0'1085-4:'0'1086,10:'0'1292-11:'0'1293,16:'0'1073-17:'0'1074

	GG~A...A~AC
	CA~G...U~AG

#  Matched base-pairing interactions: 
	<G(1:)-A(9:) trans S/H>                        MATCHES	<A(4:'0'1086)-A(16:'0'1073) trans S/H>
	<A(2:)-A(8:) trans H/H>                        MATCHES	<G(10:'0'1292)-U(11:'0'1293) cis S/H>
	<G(0:)-C(10:) cis W/W>                         MATCHES	<C(3:'0'1085)-G(17:'0'1074) cis W/W>
#  Matched base-stacking interactions: 

>>>>>>>>>>   ALIGNMENT ENDS   >>>>>>>>>>

<<<<<<<<<<  ALIGNMENT BEGINS  <<<<<<<<<<

#  Aligning reverse-kturn_conseusns and 3ccm_0:1004-1012_960-961_952-957:
#  Alignment score:  35.2
#  P-value:  8.750e-02
#  Query aligned region: 0-2,8-10
#  Target aligned region: 6:'0'1011-8:'0'1013,12:'0'954-14:'0'956

	GGA...AAC
	CAA...UAG

#  Matched base-pairing interactions: 
	<A(2:)-A(8:) trans H/H>                        MATCHES	<A(8:'0'1013)-U(12:'0'954) trans H/W>
	<G(1:)-A(9:) trans S/H>                        MATCHES	<A(7:'0'1012)-A(13:'0'955) trans S/H>
	<G(0:)-C(10:) cis W/W>                         MATCHES	<C(6:'0'1011)-G(14:'0'956) cis W/W>
#  Matched base-stacking interactions: 

>>>>>>>>>>   ALIGNMENT ENDS   >>>>>>>>>>

<<<<<<<<<<  ALIGNMENT BEGINS  <<<<<<<<<<

#  Aligning reverse-kturn_conseusns and 3ccm_0:2130-2133_2240-2244_2255-2262:
#  Alignment score:  35
#  P-value:  8.918e-02
#  Query aligned region: 0-3,4-10
#  Target aligned region: 0:'0'2131-3:'0'2134,4:'0'2241-4:'0'2241,13:'0'2260-15:'0'2262

	GGAG...C~AAC
	GCUG...C~ACC

#  Matched base-pairing interactions: 
	<G(3:)-C(4:) cis W/W>                          MATCHES	<G(3:'0'2134)-C(4:'0'2241) cis W/W>
	<A(2:)-A(8:) trans H/H>                        MATCHES	<U(2:'0'2133)-A(13:'0'2260) trans H/H>
	<G(1:)-A(9:) trans S/H>                        MATCHES	<C(1:'0'2132)-C(14:'0'2261) cis W/W>
	<G(0:)-C(10:) cis W/W>                         MATCHES	<G(0:'0'2131)-C(15:'0'2262) cis W/W>
#  Matched base-stacking interactions: 

>>>>>>>>>>   ALIGNMENT ENDS   >>>>>>>>>>

<<<<<<<<<<  ALIGNMENT BEGINS  <<<<<<<<<<

#  Aligning reverse-kturn_conseusns and 3ccm_0:167-170_219-225_214-218:
#  Alignment score:  34.8
#  P-value:  9.091e-02
#  Query aligned region: 0-1,9-10
#  Target aligned region: 8:'0'224-9:'0'225,11:'0'215-12:'0'216

	GG...AC
	UG...AA

#  Matched base-pairing interactions: 
	<G(1:)-A(9:) trans S/H>                        MATCHES	<G(9:'0'225)-A(11:'0'215) trans S/H>
	<G(0:)-C(10:) cis W/W>                         MATCHES	<U(8:'0'224)-A(12:'0'216) cis W/W>
#  Matched base-stacking interactions: 

>>>>>>>>>>   ALIGNMENT ENDS   >>>>>>>>>>

<<<<<<<<<<  ALIGNMENT BEGINS  <<<<<<<<<<

#  Aligning reverse-kturn_conseusns and 3ccm_0:2863-2870_2886-2891:
#  Alignment score:  34.8
#  P-value:  9.091e-02
#  Query aligned region: 0-1,9-10
#  Target aligned region: 0:'0'2864-1:'0'2865,12:'0'2891-13:'0'2892

	GG...AC
	UG...AG

#  Matched base-pairing interactions: 
	<G(1:)-A(9:) trans S/H>                        MATCHES	<G(1:'0'2865)-A(12:'0'2891) trans S/H>
	<G(0:)-C(10:) cis W/W>                         MATCHES	<U(0:'0'2864)-G(13:'0'2892) cis W/W>
#  Matched base-stacking interactions: 

>>>>>>>>>>   ALIGNMENT ENDS   >>>>>>>>>>

<<<<<<<<<<  ALIGNMENT BEGINS  <<<<<<<<<<

#  Aligning reverse-kturn_conseusns and 3ccm_0:2798-2804_2768-2773_2575-2577:
#  Alignment score:  34.8
#  P-value:  9.091e-02
#  Query aligned region: 0-1,9-10
#  Target aligned region: 5:'0'2804-6:'0'2805,7:'0'2769-8:'0'2770

	GG...AC
	CA...CG

#  Matched base-pairing interactions: 
	<G(1:)-A(9:) trans S/H>                        MATCHES	<A(6:'0'2805)-C(7:'0'2769) trans S/H>
	<G(0:)-C(10:) cis W/W>                         MATCHES	<C(5:'0'2804)-G(8:'0'2770) cis W/W>
#  Matched base-stacking interactions: 

>>>>>>>>>>   ALIGNMENT ENDS   >>>>>>>>>>

<<<<<<<<<<  ALIGNMENT BEGINS  <<<<<<<<<<

#  Aligning reverse-kturn_conseusns and 3ccm_0:2348-2355_2330-2335:
#  Alignment score:  34.8
#  P-value:  9.091e-02
#  Query aligned region: 0-1,9-10
#  Target aligned region: 2:'0'2351-3:'0'2352,9:'0'2332-10:'0'2333

	GG...AC
	CG...AG

#  Matched base-pairing interactions: 
	<G(1:)-A(9:) trans S/H>                        MATCHES	<G(3:'0'2352)-A(9:'0'2332) trans S/H>
	<G(0:)-C(10:) cis W/W>                         MATCHES	<C(2:'0'2351)-G(10:'0'2333) cis W/W>
#  Matched base-stacking interactions: 

>>>>>>>>>>   ALIGNMENT ENDS   >>>>>>>>>>

<<<<<<<<<<  ALIGNMENT BEGINS  <<<<<<<<<<

#  Aligning reverse-kturn_conseusns and 3ccm_0:2247-2252:
#  Alignment score:  34.8
#  P-value:  9.091e-02
#  Query aligned region: 0-1,9-10
#  Target aligned region: 0:'0'2248-5:'0'2253

	GG...AC
	CG...AG

#  Matched base-pairing interactions: 
	<G(1:)-A(9:) trans S/H>                        MATCHES	<G(1:'0'2249)-A(4:'0'2252) trans S/H>
	<G(0:)-C(10:) cis W/W>                         MATCHES	<C(0:'0'2248)-G(5:'0'2253) cis W/W>
#  Matched base-stacking interactions: 

>>>>>>>>>>   ALIGNMENT ENDS   >>>>>>>>>>

<<<<<<<<<<  ALIGNMENT BEGINS  <<<<<<<<<<

#  Aligning reverse-kturn_conseusns and 3ccm_0:674-681_230-231_663-670:
#  Alignment score:  34.8
#  P-value:  9.091e-02
#  Query aligned region: 0-2,8-10
#  Target aligned region: 4:'0'679-5:'0'680,8:'0'231-8:'0'231,11:'0'665-13:'0'667

	GG~A...AAC
	GG~G...AAC

#  Matched base-pairing interactions: 
	<G(1:)-A(9:) trans S/H>                        MATCHES	<G(5:'0'680)-A(12:'0'666) trans S/H>
	<A(2:)-A(8:) trans H/H>                        MATCHES	<G(8:'0'231)-A(11:'0'665) cis -/->
	<G(0:)-C(10:) cis W/W>                         MATCHES	<G(4:'0'679)-C(13:'0'667) cis W/W>
#  Matched base-stacking interactions: 

>>>>>>>>>>   ALIGNMENT ENDS   >>>>>>>>>>

<<<<<<<<<<  ALIGNMENT BEGINS  <<<<<<<<<<

#  Aligning reverse-kturn_conseusns and 3ccm_0:251-256:
#  Alignment score:  34.8
#  P-value:  9.091e-02
#  Query aligned region: 0-1,9-10
#  Target aligned region: 0:'0'252-5:'0'257

	GG...AC
	CU...CG

#  Matched base-pairing interactions: 
	<G(1:)-A(9:) trans S/H>                        MATCHES	<U(1:'0'253)-C(4:'0'256) trans S/H>
	<G(0:)-C(10:) cis W/W>                         MATCHES	<C(0:'0'252)-G(5:'0'257) cis W/W>
#  Matched base-stacking interactions: 

>>>>>>>>>>   ALIGNMENT ENDS   >>>>>>>>>>

<<<<<<<<<<  ALIGNMENT BEGINS  <<<<<<<<<<

#  Aligning reverse-kturn_conseusns and 3ccm_0:2908-2913_2666-2667_2821-2830:
#  Alignment score:  34.7
#  P-value:  9.180e-02
#  Query aligned region: 0-3,4-10
#  Target aligned region: 3:'0'2912-5:'0'2914,6:'0'2667-6:'0'2667,8:'0'2822-14:'0'2828

	GGA~G...CACAAAC
	CAA~G...CGCCGAG

#  Matched base-pairing interactions: 
	<G(3:)-C(4:) cis W/W>                          MATCHES	<G(6:'0'2667)-C(8:'0'2822) cis W/W>
	<A(2:)-A(8:) trans H/H>                        MATCHES	<A(5:'0'2914)-G(12:'0'2826) trans H/S>
	<G(1:)-A(9:) trans S/H>                        MATCHES	<A(4:'0'2913)-A(13:'0'2827) trans S/H>
	<G(0:)-C(10:) cis W/W>                         MATCHES	<C(3:'0'2912)-G(14:'0'2828) cis W/W>
#  Matched base-stacking interactions: 

>>>>>>>>>>   ALIGNMENT ENDS   >>>>>>>>>>

<<<<<<<<<<  ALIGNMENT BEGINS  <<<<<<<<<<

#  Aligning reverse-kturn_conseusns and 3ccm_0:2805-2812_2672-2678:
#  Alignment score:  34.6
#  P-value:  9.269e-02
#  Query aligned region: 0-3,4-10
#  Target aligned region: 3:'0'2809-7:'0'2813,9:'0'2674-11:'0'2676

	GGAG...C~AAC
	GGAA...A~GAC

#  Matched base-pairing interactions: 
	<G(3:)-C(4:) cis W/W>                          MATCHES	<A(6:'0'2812)-A(7:'0'2813) cis S/S>
	<A(2:)-A(8:) trans H/H>                        MATCHES	<A(5:'0'2811)-G(9:'0'2674) cis -/->
	<G(1:)-A(9:) trans S/H>                        MATCHES	<G(4:'0'2810)-A(10:'0'2675) trans S/H>
	<G(0:)-C(10:) cis W/W>                         MATCHES	<G(3:'0'2809)-C(11:'0'2676) cis W/W>
#  Matched base-stacking interactions: 

>>>>>>>>>>   ALIGNMENT ENDS   >>>>>>>>>>

<<<<<<<<<<  ALIGNMENT BEGINS  <<<<<<<<<<

#  Aligning reverse-kturn_conseusns and 3ccm_0:76-81_92-99:
#  Alignment score:  34.6
#  P-value:  9.269e-02
#  Query aligned region: 0-2,8-10
#  Target aligned region: 0:'0'77-2:'0'79,11:'0'98-13:'0'100

	GGA...AAC
	GGG...AAC

#  Matched base-pairing interactions: 
	<A(2:)-A(8:) trans H/H>                        MATCHES	<G(2:'0'79)-A(11:'0'98) trans S/H>
	<G(1:)-A(9:) trans S/H>                        MATCHES	<G(1:'0'78)-A(12:'0'99) trans S/H>
	<G(0:)-C(10:) cis W/W>                         MATCHES	<G(0:'0'77)-C(13:'0'100) cis W/W>
#  Matched base-stacking interactions: 

>>>>>>>>>>   ALIGNMENT ENDS   >>>>>>>>>>

<<<<<<<<<<  ALIGNMENT BEGINS  <<<<<<<<<<

#  Aligning reverse-kturn_conseusns and 3ccm_0:220-221_169-176_158-164:
#  Alignment score:  34.4
#  P-value:  9.453e-02
#  Query aligned region: 0-3,4-10
#  Target aligned region: 4:'0'172-8:'0'176,12:'0'161-14:'0'163

	GGAG...C~AAC
	UCAG...U~ACU

#  Matched base-pairing interactions: 
	<G(3:)-C(4:) cis W/W>                          MATCHES	<G(7:'0'175)-U(8:'0'176) cis S/H>
	<A(2:)-A(8:) trans H/H>                        MATCHES	<A(6:'0'174)-A(12:'0'161) trans H/H>
	<G(1:)-A(9:) trans S/H>                        MATCHES	<C(5:'0'173)-C(13:'0'162) cis -/->
	<G(0:)-C(10:) cis W/W>                         MATCHES	<U(4:'0'172)-U(14:'0'163) cis W/W>
#  Matched base-stacking interactions: 

>>>>>>>>>>   ALIGNMENT ENDS   >>>>>>>>>>

<<<<<<<<<<  ALIGNMENT BEGINS  <<<<<<<<<<

#  Aligning reverse-kturn_conseusns and 3ccm_0:167-170_214-218_219-225:
#  Alignment score:  34.4
#  P-value:  9.453e-02
#  Query aligned region: 0-1,9-10
#  Target aligned region: 6:'0'217-7:'0'218,11:'0'222-12:'0'223

	GG...AC
	CC...AG

#  Matched base-pairing interactions: 
	<G(1:)-A(9:) trans S/H>                        MATCHES	<C(7:'0'218)-A(11:'0'222) trans S/H>
	<G(0:)-C(10:) cis W/W>                         MATCHES	<C(6:'0'217)-G(12:'0'223) cis W/W>
#  Matched base-stacking interactions: 

>>>>>>>>>>   ALIGNMENT ENDS   >>>>>>>>>>

<<<<<<<<<<  ALIGNMENT BEGINS  <<<<<<<<<<

#  Aligning reverse-kturn_conseusns and 3ccm_0:487-502:
#  Alignment score:  34.4
#  P-value:  9.453e-02
#  Query aligned region: 0-1,9-10
#  Target aligned region: 5:'0'493-11:'0'499

	GG...AC
	UC...AG

#  Matched base-pairing interactions: 
	<G(1:)-A(9:) trans S/H>                        MATCHES	<C(6:'0'494)-A(10:'0'498) trans S/H>
	<G(0:)-C(10:) cis W/W>                         MATCHES	<U(5:'0'493)-G(11:'0'499) cis W/W>
#  Matched base-stacking interactions: 

>>>>>>>>>>   ALIGNMENT ENDS   >>>>>>>>>>

<<<<<<<<<<  ALIGNMENT BEGINS  <<<<<<<<<<

#  Aligning reverse-kturn_conseusns and 3ccm_0:1195-1197_1199-1203_1173-1175:
#  Alignment score:  34.2
#  P-value:  9.642e-02
#  Query aligned region: 0-2,8-10
#  Target aligned region: 0:'0'1196-2:'0'1198,4:'0'1201-6:'0'1203

	GGA...AAC
	CGU...CAG

#  Matched base-pairing interactions: 
	<A(2:)-A(8:) trans H/H>                        MATCHES	<U(2:'0'1198)-C(4:'0'1201) trans S/H>
	<G(1:)-A(9:) trans S/H>                        MATCHES	<G(1:'0'1197)-A(5:'0'1202) trans S/H>
	<G(0:)-C(10:) cis W/W>                         MATCHES	<C(0:'0'1196)-G(6:'0'1203) cis W/W>
#  Matched base-stacking interactions: 

>>>>>>>>>>   ALIGNMENT ENDS   >>>>>>>>>>

<<<<<<<<<<  ALIGNMENT BEGINS  <<<<<<<<<<

#  Aligning reverse-kturn_conseusns and 3ccm_0:803-808:
#  Alignment score:  34.2
#  P-value:  9.642e-02
#  Query aligned region: 0-1,9-10
#  Target aligned region: 0:'0'804-5:'0'809

	GG...AC
	CG...AG

#  Matched base-pairing interactions: 
	<G(1:)-A(9:) trans S/H>                        MATCHES	<G(1:'0'805)-A(4:'0'808) trans S/H>
	<G(0:)-C(10:) cis W/W>                         MATCHES	<C(0:'0'804)-G(5:'0'809) cis W/W>
#  Matched base-stacking interactions: 

>>>>>>>>>>   ALIGNMENT ENDS   >>>>>>>>>>

<<<<<<<<<<  ALIGNMENT BEGINS  <<<<<<<<<<

#  Aligning reverse-kturn_conseusns and 3ccm_0:566-571_584-590:
#  Alignment score:  34.1
#  P-value:  9.738e-02
#  Query aligned region: 0-3,4-10
#  Target aligned region: 0:'0'567-3:'0'570,8:'0'587-12:'0'591

	GGAG...CACAAAC
	UGAC...A--GUAA

#  Matched base-pairing interactions: 
	<G(3:)-C(4:) cis W/W>                          MATCHES	<C(3:'0'570)-A(8:'0'587) trans H/W>
	<A(2:)-A(8:) trans H/H>                        MATCHES	<A(2:'0'569)-U(10:'0'589) trans H/W>
	<G(1:)-A(9:) trans S/H>                        MATCHES	<G(1:'0'568)-A(11:'0'590) trans S/H>
	<G(0:)-C(10:) cis W/W>                         MATCHES	<U(0:'0'567)-A(12:'0'591) cis W/W>
#  Matched base-stacking interactions: 

>>>>>>>>>>   ALIGNMENT ENDS   >>>>>>>>>>

<<<<<<<<<<  ALIGNMENT BEGINS  <<<<<<<<<<

#  Aligning reverse-kturn_conseusns and 3ccm_0:1785-1788_2872-2876_2878-2883:
#  Alignment score:  34
#  P-value:  9.836e-02
#  Query aligned region: 0-1,9-10
#  Target aligned region: 7:'0'2876-8:'0'2877,10:'0'2880-11:'0'2881

	GG...AC
	GG...AC

#  Matched base-pairing interactions: 
	<G(1:)-A(9:) trans S/H>                        MATCHES	<G(8:'0'2877)-A(10:'0'2880) trans S/H>
	<G(0:)-C(10:) cis W/W>                         MATCHES	<G(7:'0'2876)-C(11:'0'2881) cis W/W>
#  Matched base-stacking interactions: 

>>>>>>>>>>   ALIGNMENT ENDS   >>>>>>>>>>

<<<<<<<<<<  ALIGNMENT BEGINS  <<<<<<<<<<

#  Aligning reverse-kturn_conseusns and 3ccm_0:427-430_403-411_377-385:
#  Alignment score:  34
#  P-value:  9.836e-02
#  Query aligned region: 0-1,9-10
#  Target aligned region: 5:'0'405-6:'0'406,18:'0'383-19:'0'384

	GG...AC
	CG...AG

#  Matched base-pairing interactions: 
	<G(1:)-A(9:) trans S/H>                        MATCHES	<G(6:'0'406)-A(18:'0'383) trans S/H>
	<G(0:)-C(10:) cis W/W>                         MATCHES	<C(5:'0'405)-G(19:'0'384) cis W/W>
#  Matched base-stacking interactions: 

>>>>>>>>>>   ALIGNMENT ENDS   >>>>>>>>>>

<<<<<<<<<<  ALIGNMENT BEGINS  <<<<<<<<<<

#  Aligning reverse-kturn_conseusns and 3ccm_0:1092-1093_586-591_563-569:
#  Alignment score:  33.8
#  P-value:  1.004e-01
#  Query aligned region: 0-2,8-10
#  Target aligned region: 6:'0'591-7:'0'592,8:'0'564-11:'0'567

	GG~A...AAC
	AG~G...AAU

#  Matched base-pairing interactions: 
	<A(2:)-A(8:) trans H/H>                        MATCHES	<G(8:'0'564)-A(9:'0'565) cis S/H>
	<G(1:)-A(9:) trans S/H>                        MATCHES	<G(7:'0'592)-A(10:'0'566) trans S/H>
	<G(0:)-C(10:) cis W/W>                         MATCHES	<A(6:'0'591)-U(11:'0'567) cis W/W>
#  Matched base-stacking interactions: 

>>>>>>>>>>   ALIGNMENT ENDS   >>>>>>>>>>

<<<<<<<<<<  ALIGNMENT BEGINS  <<<<<<<<<<

#  Aligning reverse-kturn_conseusns and 3ccm_0:2723-2729_2039-2040_2752-2757:
#  Alignment score:  33.6
#  P-value:  1.024e-01
#  Query aligned region: 0-2,8-10
#  Target aligned region: 0:'0'2724-2:'0'2726,8:'0'2041-8:'0'2041,13:'0'2757-14:'0'2758

	GGA...A~AC
	UGU...G~AG

#  Matched base-pairing interactions: 
	<G(1:)-A(9:) trans S/H>                        MATCHES	<G(1:'0'2725)-A(13:'0'2757) trans S/H>
	<A(2:)-A(8:) trans H/H>                        MATCHES	<U(2:'0'2726)-G(8:'0'2041) cis H/S>
	<G(0:)-C(10:) cis W/W>                         MATCHES	<U(0:'0'2724)-G(14:'0'2758) cis W/W>
#  Matched base-stacking interactions: 

>>>>>>>>>>   ALIGNMENT ENDS   >>>>>>>>>>

<<<<<<<<<<  ALIGNMENT BEGINS  <<<<<<<<<<

#  Aligning reverse-kturn_conseusns and 3ccm_0:1861-1862_1474-1475_1864-1867:
#  Alignment score:  33.4
#  P-value:  1.046e-01
#  Query aligned region: 0-2,8-10
#  Target aligned region: 0:'0'1862-1:'0'1863,2:'0'1475-2:'0'1475,4:'0'1865-6:'0'1867

	GG~A...AAC
	CG~G...AAG

#  Matched base-pairing interactions: 
	<A(2:)-A(8:) trans H/H>                        MATCHES	<G(2:'0'1475)-A(4:'0'1865) cis -/->
	<G(1:)-A(9:) trans S/H>                        MATCHES	<G(1:'0'1863)-A(5:'0'1866) trans S/H>
	<G(0:)-C(10:) cis W/W>                         MATCHES	<C(0:'0'1862)-G(6:'0'1867) cis W/W>
#  Matched base-stacking interactions: 

>>>>>>>>>>   ALIGNMENT ENDS   >>>>>>>>>>

<<<<<<<<<<  ALIGNMENT BEGINS  <<<<<<<<<<

#  Aligning reverse-kturn_conseusns and 3ccm_0:302-308_322-333_338-347:
#  Alignment score:  33.1
#  P-value:  1.079e-01
#  Query aligned region: 0-3,4-10
#  Target aligned region: 0:'0'303-2:'0'305,10:'0'326-14:'0'330,25:'0'345-28:'0'348

	GGA~G...C~A-AC
	CGA~G...C~GUAC

#  Matched base-pairing interactions: 
	<G(3:)-C(4:) cis W/W>                          MATCHES	<G(10:'0'326)-C(14:'0'330) cis W/W>
	<G(1:)-A(9:) trans S/H>                        MATCHES	<G(1:'0'304)-A(27:'0'347) trans S/H>
	<A(2:)-A(8:) trans H/H>                        MATCHES	<A(2:'0'305)-G(25:'0'345) trans H/W>
	<G(0:)-C(10:) cis W/W>                         MATCHES	<C(0:'0'303)-C(28:'0'348) cis W/W>
#  Matched base-stacking interactions: 

>>>>>>>>>>   ALIGNMENT ENDS   >>>>>>>>>>

<<<<<<<<<<  ALIGNMENT BEGINS  <<<<<<<<<<

#  Aligning reverse-kturn_conseusns and 3ccm_0:2010-2012_1880-1883_1845-1850:
#  Alignment score:  32.6
#  P-value:  1.138e-01
#  Query aligned region: 0-1,9-10
#  Target aligned region: 5:'0'1883-6:'0'1884,8:'0'1847-9:'0'1848

	GG...AC
	UG...AG

#  Matched base-pairing interactions: 
	<G(1:)-A(9:) trans S/H>                        MATCHES	<G(6:'0'1884)-A(8:'0'1847) trans S/H>
	<G(0:)-C(10:) cis W/W>                         MATCHES	<U(5:'0'1883)-G(9:'0'1848) cis W/W>
#  Matched base-stacking interactions: 

>>>>>>>>>>   ALIGNMENT ENDS   >>>>>>>>>>

<<<<<<<<<<  ALIGNMENT BEGINS  <<<<<<<<<<

#  Aligning reverse-kturn_conseusns and 3ccm_0:818-825_1707-1709_788-793:
#  Alignment score:  32.6
#  P-value:  1.138e-01
#  Query aligned region: 0-2,8-10
#  Target aligned region: 4:'0'823-5:'0'824,10:'0'1710-10:'0'1710,11:'0'789-13:'0'791

	GG~A...AAC
	UG~A...CAA

#  Matched base-pairing interactions: 
	<G(1:)-A(9:) trans S/H>                        MATCHES	<G(5:'0'824)-A(12:'0'790) trans S/H>
	<A(2:)-A(8:) trans H/H>                        MATCHES	<A(10:'0'1710)-C(11:'0'789) cis -/->
	<G(0:)-C(10:) cis W/W>                         MATCHES	<U(4:'0'823)-A(13:'0'791) cis W/W>
#  Matched base-stacking interactions: 

>>>>>>>>>>   ALIGNMENT ENDS   >>>>>>>>>>

<<<<<<<<<<  ALIGNMENT BEGINS  <<<<<<<<<<

#  Aligning reverse-kturn_conseusns and 3ccm_0:513-520_636-638_21-27:
#  Alignment score:  32.6
#  P-value:  1.138e-01
#  Query aligned region: 0-3,4-10
#  Target aligned region: 3:'0'517-6:'0'520,9:'0'638-9:'0'638,13:'0'24-15:'0'26

	GGAG...C~AAC
	UGAA...C~GAU

#  Matched base-pairing interactions: 
	<G(3:)-C(4:) cis W/W>                          MATCHES	<A(6:'0'520)-C(9:'0'638) cis -/->
	<A(2:)-A(8:) trans H/H>                        MATCHES	<A(5:'0'519)-G(13:'0'24) trans H/S>
	<G(1:)-A(9:) trans S/H>                        MATCHES	<G(4:'0'518)-A(14:'0'25) trans S/H>
	<G(0:)-C(10:) cis W/W>                         MATCHES	<U(3:'0'517)-U(15:'0'26) cis W/W>
#  Matched base-stacking interactions: 

>>>>>>>>>>   ALIGNMENT ENDS   >>>>>>>>>>

<<<<<<<<<<  ALIGNMENT BEGINS  <<<<<<<<<<

#  Aligning reverse-kturn_conseusns and 3ccm_0:1831-1834_2640-2641_1838-1844:
#  Alignment score:  32.4
#  P-value:  1.163e-01
#  Query aligned region: 0-1,9-10
#  Target aligned region: 1:'0'1833-1:'0'1833,4:'0'2641-4:'0'2641,9:'0'1842-10:'0'1843

	G~G...AC
	U~C...AA

#  Matched base-pairing interactions: 
	<G(0:)-C(10:) cis W/W>                         MATCHES	<U(1:'0'1833)-A(10:'0'1843) cis W/W>
	<G(1:)-A(9:) trans S/H>                        MATCHES	<C(4:'0'2641)-A(9:'0'1842) trans S/H>
#  Matched base-stacking interactions: 

>>>>>>>>>>   ALIGNMENT ENDS   >>>>>>>>>>

<<<<<<<<<<  ALIGNMENT BEGINS  <<<<<<<<<<

#  Aligning reverse-kturn_conseusns and 3ccm_0:412-415_191-202_423-426:
#  Alignment score:  32
#  P-value:  1.215e-01
#  Query aligned region: 0-1,9-10
#  Target aligned region: 3:'0'416-3:'0'416,8:'0'196-11:'0'199,16:'0'424-16:'0'424

	G~G...A~C
	G~G...A~C

#  Matched base-pairing interactions: 
	<G(0:)-C(10:) cis W/W>                         MATCHES	<G(3:'0'416)-C(16:'0'424) cis W/W>
	<G(1:)-A(9:) trans S/H>                        MATCHES	<G(8:'0'196)-A(11:'0'199) trans S/H>
#  Matched base-stacking interactions: 

>>>>>>>>>>   ALIGNMENT ENDS   >>>>>>>>>>

<<<<<<<<<<  ALIGNMENT BEGINS  <<<<<<<<<<

#  Aligning reverse-kturn_conseusns and 3ccm_0:197-203_433-435_189-195:
#  Alignment score:  31.9
#  P-value:  1.229e-01
#  Query aligned region: 0-2,8-10
#  Target aligned region: 4:'0'202-6:'0'204,9:'0'436-9:'0'436,12:'0'192-14:'0'194

	GGA...A~A-C
	UGA...A~AAA

#  Matched base-pairing interactions: 
	<G(0:)-C(10:) cis W/W>                         MATCHES	<U(4:'0'202)-A(14:'0'194) cis W/W>
	<G(1:)-A(9:) trans S/H>                        MATCHES	<G(5:'0'203)-A(12:'0'192) trans S/H>
	<A(2:)-A(8:) trans H/H>                        MATCHES	<A(6:'0'204)-A(9:'0'436) trans W/W>
#  Matched base-stacking interactions: 

>>>>>>>>>>   ALIGNMENT ENDS   >>>>>>>>>>

<<<<<<<<<<  ALIGNMENT BEGINS  <<<<<<<<<<

#  Aligning reverse-kturn_conseusns and 3ccm_0:2505-2507_2561-2563_2509-2513:
#  Alignment score:  31.8
#  P-value:  1.243e-01
#  Query aligned region: 0-2,8-10
#  Target aligned region: 0:'0'2506-2:'0'2508,5:'0'2564-5:'0'2564,9:'0'2513-10:'0'2514

	GGA...A~AC
	AGC...G~AU

#  Matched base-pairing interactions: 
	<G(1:)-A(9:) trans S/H>                        MATCHES	<G(1:'0'2507)-A(9:'0'2513) trans S/H>
	<A(2:)-A(8:) trans H/H>                        MATCHES	<C(2:'0'2508)-G(5:'0'2564) cis -/->
	<G(0:)-C(10:) cis W/W>                         MATCHES	<A(0:'0'2506)-U(10:'0'2514) cis W/W>
#  Matched base-stacking interactions: 

>>>>>>>>>>   ALIGNMENT ENDS   >>>>>>>>>>

<<<<<<<<<<  ALIGNMENT BEGINS  <<<<<<<<<<

#  Aligning reverse-kturn_conseusns and 3ccm_0:1677-1681_1684-1685_1412-1418:
#  Alignment score:  31.8
#  P-value:  1.243e-01
#  Query aligned region: 0-2,8-10
#  Target aligned region: 2:'0'1680-3:'0'1681,5:'0'1685-6:'0'1686,8:'0'1414-9:'0'1415

	GG~A...A~AC
	CG~A...C~AG

#  Matched base-pairing interactions: 
	<G(1:)-A(9:) trans S/H>                        MATCHES	<G(3:'0'1681)-A(8:'0'1414) trans S/H>
	<A(2:)-A(8:) trans H/H>                        MATCHES	<A(5:'0'1685)-C(6:'0'1686) cis -/->
	<G(0:)-C(10:) cis W/W>                         MATCHES	<C(2:'0'1680)-G(9:'0'1415) cis W/W>
#  Matched base-stacking interactions: 

>>>>>>>>>>   ALIGNMENT ENDS   >>>>>>>>>>

<<<<<<<<<<  ALIGNMENT BEGINS  <<<<<<<<<<

#  Aligning reverse-kturn_conseusns and 3ccm_0:1906-1912_2265-2267_1925-1931:
#  Alignment score:  31
#  P-value:  1.363e-01
#  Query aligned region: 0-2,8-10
#  Target aligned region: 0:'0'1907-2:'0'1909,7:'0'2266-7:'0'2266,15:'0'1931-16:'0'1932

	GGA...A~AC
	UGA...A~AG

#  Matched base-pairing interactions: 
	<G(1:)-A(9:) trans S/H>                        MATCHES	<G(1:'0'1908)-A(15:'0'1931) trans S/H>
	<A(2:)-A(8:) trans H/H>                        MATCHES	<A(2:'0'1909)-A(7:'0'2266) cis -/->
	<G(0:)-C(10:) cis W/W>                         MATCHES	<U(0:'0'1907)-G(16:'0'1932) cis W/W>
#  Matched base-stacking interactions: 

>>>>>>>>>>   ALIGNMENT ENDS   >>>>>>>>>>

<<<<<<<<<<  ALIGNMENT BEGINS  <<<<<<<<<<

#  Aligning reverse-kturn_conseusns and 3ccm_0:1567-1569_1626-1628_1630-1632:
#  Alignment score:  31
#  P-value:  1.363e-01
#  Query aligned region: 0-1,9-10
#  Target aligned region: 4:'0'1628-5:'0'1629,7:'0'1632-8:'0'1633

	GG...AC
	GG...AC

#  Matched base-pairing interactions: 
	<G(1:)-A(9:) trans S/H>                        MATCHES	<G(5:'0'1629)-A(7:'0'1632) trans S/H>
	<G(0:)-C(10:) cis W/W>                         MATCHES	<G(4:'0'1628)-C(8:'0'1633) cis W/W>
#  Matched base-stacking interactions: 

>>>>>>>>>>   ALIGNMENT ENDS   >>>>>>>>>>

<<<<<<<<<<  ALIGNMENT BEGINS  <<<<<<<<<<

#  Aligning reverse-kturn_conseusns and 3ccm_0:2690-2695_2697-2701_2565-2566:
#  Alignment score:  30.8
#  P-value:  1.396e-01
#  Query aligned region: 0-1,9-10
#  Target aligned region: 4:'0'2695-5:'0'2696,7:'0'2699-8:'0'2700

	GG...AC
	CG...AG

#  Matched base-pairing interactions: 
	<G(1:)-A(9:) trans S/H>                        MATCHES	<G(5:'0'2696)-A(7:'0'2699) trans S/H>
	<G(0:)-C(10:) cis W/W>                         MATCHES	<C(4:'0'2695)-G(8:'0'2700) cis W/W>
#  Matched base-stacking interactions: 

>>>>>>>>>>   ALIGNMENT ENDS   >>>>>>>>>>

<<<<<<<<<<  ALIGNMENT BEGINS  <<<<<<<<<<

#  Aligning reverse-kturn_conseusns and 3ccm_0:1274-1280:
#  Alignment score:  30.8
#  P-value:  1.396e-01
#  Query aligned region: 0-1,9-10
#  Target aligned region: 0:'0'1275-6:'0'1281

	GG...AC
	CU...AC

#  Matched base-pairing interactions: 
	<G(1:)-A(9:) trans S/H>                        MATCHES	<U(1:'0'1276)-A(5:'0'1280) trans S/H>
	<G(0:)-C(10:) cis W/W>                         MATCHES	<C(0:'0'1275)-C(6:'0'1281) cis W/W>
#  Matched base-stacking interactions: 

>>>>>>>>>>   ALIGNMENT ENDS   >>>>>>>>>>

<<<<<<<<<<  ALIGNMENT BEGINS  <<<<<<<<<<

#  Aligning reverse-kturn_conseusns and 3ccm_0:338-347_322-333_302-308:
#  Alignment score:  30.8
#  P-value:  1.396e-01
#  Query aligned region: 0-1,9-10
#  Target aligned region: 5:'0'344-6:'0'345,18:'0'331-19:'0'332

	GG...AC
	CG...AG

#  Matched base-pairing interactions: 
	<G(1:)-A(9:) trans S/H>                        MATCHES	<G(6:'0'345)-A(18:'0'331) trans S/H>
	<G(0:)-C(10:) cis W/W>                         MATCHES	<C(5:'0'344)-G(19:'0'332) cis W/W>
#  Matched base-stacking interactions: 

>>>>>>>>>>   ALIGNMENT ENDS   >>>>>>>>>>

<<<<<<<<<<  ALIGNMENT BEGINS  <<<<<<<<<<

#  Aligning reverse-kturn_conseusns and 3ccm_0:361-367_280-289:
#  Alignment score:  30.8
#  P-value:  1.396e-01
#  Query aligned region: 0-1,9-10
#  Target aligned region: 4:'0'366-5:'0'367,11:'0'285-12:'0'286

	GG...AC
	UG...AU

#  Matched base-pairing interactions: 
	<G(1:)-A(9:) trans S/H>                        MATCHES	<G(5:'0'367)-A(11:'0'285) trans S/H>
	<G(0:)-C(10:) cis W/W>                         MATCHES	<U(4:'0'366)-U(12:'0'286) cis W/W>
#  Matched base-stacking interactions: 

>>>>>>>>>>   ALIGNMENT ENDS   >>>>>>>>>>

<<<<<<<<<<  ALIGNMENT BEGINS  <<<<<<<<<<

#  Aligning reverse-kturn_conseusns and 3ccm_0:936-942_1023-1032:
#  Alignment score:  30.5
#  P-value:  1.448e-01
#  Query aligned region: 0-3,4-10
#  Target aligned region: 0:'0'937-3:'0'940,9:'0'1026-16:'0'1033

	GGAG...C-ACAAAC
	CGAG...UGUUUGAC

#  Matched base-pairing interactions: 
	<G(3:)-C(4:) cis W/W>                          MATCHES	<G(3:'0'940)-U(9:'0'1026) cis W/W>
	<A(2:)-A(8:) trans H/H>                        MATCHES	<A(2:'0'939)-G(14:'0'1031) trans H/S>
	<G(1:)-A(9:) trans S/H>                        MATCHES	<G(1:'0'938)-A(15:'0'1032) trans S/H>
	<G(0:)-C(10:) cis W/W>                         MATCHES	<C(0:'0'937)-C(16:'0'1033) cis -/->
#  Matched base-stacking interactions: 

>>>>>>>>>>   ALIGNMENT ENDS   >>>>>>>>>>

<<<<<<<<<<  ALIGNMENT BEGINS  <<<<<<<<<<

#  Aligning reverse-kturn_conseusns and 3ccm_0:290-295_354-360:
#  Alignment score:  30.5
#  P-value:  1.448e-01
#  Query aligned region: 0-3,4-10
#  Target aligned region: 0:'0'291-3:'0'294,8:'0'357-12:'0'361

	GGAG...CACAAAC
	CGAC...A--GUAC

#  Matched base-pairing interactions: 
	<G(3:)-C(4:) cis W/W>                          MATCHES	<C(3:'0'294)-A(8:'0'357) trans H/W>
	<A(2:)-A(8:) trans H/H>                        MATCHES	<A(2:'0'293)-U(10:'0'359) trans H/W>
	<G(1:)-A(9:) trans S/H>                        MATCHES	<G(1:'0'292)-A(11:'0'360) trans S/H>
	<G(0:)-C(10:) cis W/W>                         MATCHES	<C(0:'0'291)-C(12:'0'361) cis W/W>
#  Matched base-stacking interactions: 

>>>>>>>>>>   ALIGNMENT ENDS   >>>>>>>>>>

<<<<<<<<<<  ALIGNMENT BEGINS  <<<<<<<<<<

#  Aligning reverse-kturn_conseusns and 3ccm_0:1785-1788_2878-2883_2872-2876:
#  Alignment score:  29.4
#  P-value:  1.663e-01
#  Query aligned region: 0-2,8-10
#  Target aligned region: 6:'0'2881-8:'0'2883,11:'0'2874-13:'0'2876

	GGA...AAC
	CGA...GAG

#  Matched base-pairing interactions: 
	<A(2:)-A(8:) trans H/H>                        MATCHES	<A(8:'0'2883)-G(11:'0'2874) trans H/S>
	<G(1:)-A(9:) trans S/H>                        MATCHES	<G(7:'0'2882)-A(12:'0'2875) trans S/H>
	<G(0:)-C(10:) cis W/W>                         MATCHES	<C(6:'0'2881)-G(13:'0'2876) cis W/W>
#  Matched base-stacking interactions: 

>>>>>>>>>>   ALIGNMENT ENDS   >>>>>>>>>>

<<<<<<<<<<  ALIGNMENT BEGINS  <<<<<<<<<<

#  Aligning reverse-kturn_conseusns and 3ccm_0:2409-2411_2413-2417_2324-2325:
#  Alignment score:  29.4
#  P-value:  1.663e-01
#  Query aligned region: 0-1,9-10
#  Target aligned region: 1:'0'2411-2:'0'2412,4:'0'2415-5:'0'2416

	GG...AC
	CG...AG

#  Matched base-pairing interactions: 
	<G(1:)-A(9:) trans S/H>                        MATCHES	<G(2:'0'2412)-A(4:'0'2415) trans S/H>
	<G(0:)-C(10:) cis W/W>                         MATCHES	<C(1:'0'2411)-G(5:'0'2416) cis W/W>
#  Matched base-stacking interactions: 

>>>>>>>>>>   ALIGNMENT ENDS   >>>>>>>>>>

<<<<<<<<<<  ALIGNMENT BEGINS  <<<<<<<<<<

#  Aligning reverse-kturn_conseusns and 3ccm_0:1643-1645_1609-1614_1578-1585:
#  Alignment score:  29.2
#  P-value:  1.707e-01
#  Query aligned region: 0-2,8-10
#  Target aligned region: 5:'0'1612-7:'0'1614,9:'0'1579-13:'0'1583

	G-G~A...AA-C
	ACG~C...AACU

#  Matched base-pairing interactions: 
	<G(0:)-C(10:) cis W/W>                         MATCHES	<A(5:'0'1612)-U(13:'0'1583) cis W/W>
	<G(1:)-A(9:) trans S/H>                        MATCHES	<G(7:'0'1614)-A(11:'0'1581) trans S/H>
	<A(2:)-A(8:) trans H/H>                        MATCHES	<C(9:'0'1579)-A(10:'0'1580) cis -/->
#  Matched base-stacking interactions: 

>>>>>>>>>>   ALIGNMENT ENDS   >>>>>>>>>>

<<<<<<<<<<  ALIGNMENT BEGINS  <<<<<<<<<<

#  Aligning reverse-kturn_conseusns and 3ccm_0:1654-1659_1530-1534_1488-1489:
#  Alignment score:  29
#  P-value:  1.753e-01
#  Query aligned region: 0-2,8-10
#  Target aligned region: 1:'0'1656-3:'0'1658,8:'0'1533-9:'0'1534,11:'0'1489-11:'0'1489

	GGA...AA~C
	AAA...AC~G

#  Matched base-pairing interactions: 
	<A(2:)-A(8:) trans H/H>                        MATCHES	<A(3:'0'1658)-A(8:'0'1533) trans H/H>
	<G(0:)-C(10:) cis W/W>                         MATCHES	<A(1:'0'1656)-G(11:'0'1489) cis -/->
	<G(1:)-A(9:) trans S/H>                        MATCHES	<A(2:'0'1657)-C(9:'0'1534) trans H/W>
#  Matched base-stacking interactions: 

>>>>>>>>>>   ALIGNMENT ENDS   >>>>>>>>>>

<<<<<<<<<<  ALIGNMENT BEGINS  <<<<<<<<<<

#  Aligning reverse-kturn_conseusns and 3ccm_0:1209-1215_1146-1157:
#  Alignment score:  29
#  P-value:  1.753e-01
#  Query aligned region: 0-3,4-10
#  Target aligned region: 3:'0'1213-6:'0'1216,7:'0'1147-14:'0'1154

	GGAG...CACAAA-C
	CGAG...CCUAGACA

#  Matched base-pairing interactions: 
	<G(3:)-C(4:) cis W/W>                          MATCHES	<G(6:'0'1216)-C(7:'0'1147) cis W/W>
	<A(2:)-A(8:) trans H/H>                        MATCHES	<A(5:'0'1215)-G(11:'0'1151) trans H/S>
	<G(0:)-C(10:) cis W/W>                         MATCHES	<C(3:'0'1213)-A(14:'0'1154) cis S/W>
	<G(1:)-A(9:) trans S/H>                        MATCHES	<G(4:'0'1214)-A(12:'0'1152) trans S/H>
#  Matched base-stacking interactions: 

>>>>>>>>>>   ALIGNMENT ENDS   >>>>>>>>>>

<<<<<<<<<<  ALIGNMENT BEGINS  <<<<<<<<<<

#  Aligning reverse-kturn_conseusns and 3ccm_0:1185-1191_1192-1193_1204-1207:
#  Alignment score:  28.4
#  P-value:  1.903e-01
#  Query aligned region: 0-1,9-10
#  Target aligned region: 5:'0'1191-6:'0'1192,7:'0'1193-7:'0'1193,10:'0'1206-10:'0'1206

	GG...A~C
	AA...A~U

#  Matched base-pairing interactions: 
	<G(0:)-C(10:) cis W/W>                         MATCHES	<A(5:'0'1191)-U(10:'0'1206) cis W/W>
	<G(1:)-A(9:) trans S/H>                        MATCHES	<A(6:'0'1192)-A(7:'0'1193) trans S/H>
#  Matched base-stacking interactions: 

>>>>>>>>>>   ALIGNMENT ENDS   >>>>>>>>>>

<<<<<<<<<<  ALIGNMENT BEGINS  <<<<<<<<<<

#  Aligning reverse-kturn_conseusns and 3ccm_0:1199-1200_1167-1169_1171-1173:
#  Alignment score:  27.2
#  P-value:  2.267e-01
#  Query aligned region: 0-1,9-10
#  Target aligned region: 1:'0'1201-1:'0'1201,4:'0'1170-4:'0'1170,6:'0'1173-7:'0'1174

	G~G...AC
	C~U...AA

#  Matched base-pairing interactions: 
	<G(0:)-C(10:) cis W/W>                         MATCHES	<C(1:'0'1201)-A(7:'0'1174) cis -/->
	<G(1:)-A(9:) trans S/H>                        MATCHES	<U(4:'0'1170)-A(6:'0'1173) trans S/H>
#  Matched base-stacking interactions: 

>>>>>>>>>>   ALIGNMENT ENDS   >>>>>>>>>>

<<<<<<<<<<  ALIGNMENT BEGINS  <<<<<<<<<<

#  Aligning reverse-kturn_conseusns and 3ccm_0:2012-2014_2002-2009_1970-1981:
#  Alignment score:  26.8
#  P-value:  2.412e-01
#  Query aligned region: 0-2,8-10
#  Target aligned region: 8:'0'2008-10:'0'2010,12:'0'1972-14:'0'1974

	GGA...AAC
	UGA...UAG

#  Matched base-pairing interactions: 
	<A(2:)-A(8:) trans H/H>                        MATCHES	<A(10:'0'2010)-U(12:'0'1972) trans H/W>
	<G(1:)-A(9:) trans S/H>                        MATCHES	<G(9:'0'2009)-A(13:'0'1973) trans S/H>
	<G(0:)-C(10:) cis W/W>                         MATCHES	<U(8:'0'2008)-G(14:'0'1974) cis W/W>
#  Matched base-stacking interactions: 

>>>>>>>>>>   ALIGNMENT ENDS   >>>>>>>>>>

<<<<<<<<<<  ALIGNMENT BEGINS  <<<<<<<<<<

#  Aligning reverse-kturn_conseusns and 3ccm_0:1837-1838_2637-2643_2621-2626:
#  Alignment score:  26.5
#  P-value:  2.530e-01
#  Query aligned region: 0-1,9-10
#  Target aligned region: 5:'0'2641-7:'0'2643,9:'0'2622-10:'0'2623

	G-G...AC
	CGG...AG

#  Matched base-pairing interactions: 
	<G(0:)-C(10:) cis W/W>                         MATCHES	<C(5:'0'2641)-G(10:'0'2623) cis W/W>
	<G(1:)-A(9:) trans S/H>                        MATCHES	<G(7:'0'2643)-A(9:'0'2622) trans S/H>
#  Matched base-stacking interactions: 

>>>>>>>>>>   ALIGNMENT ENDS   >>>>>>>>>>

<<<<<<<<<<  ALIGNMENT BEGINS  <<<<<<<<<<

#  Aligning reverse-kturn_conseusns and 3ccm_0:1587-1594_1599-1605:
#  Alignment score:  25.6
#  P-value:  2.940e-01
#  Query aligned region: 1-3,4-9
#  Target aligned region: 1:'0'1589-4:'0'1592,10:'0'1602-14:'0'1606

	GA-G...CACAAA
	GAAG...C-AGGA

#  Matched base-pairing interactions: 
	<G(3:)-C(4:) cis W/W>                          MATCHES	<G(4:'0'1592)-C(10:'0'1602) cis W/W>
	<A(2:)-A(8:) trans H/H>                        MATCHES	<A(2:'0'1590)-G(13:'0'1605) trans H/S>
	<G(1:)-A(9:) trans S/H>                        MATCHES	<G(1:'0'1589)-A(14:'0'1606) trans S/H>
#  Matched base-stacking interactions: 

>>>>>>>>>>   ALIGNMENT ENDS   >>>>>>>>>>

<<<<<<<<<<  ALIGNMENT BEGINS  <<<<<<<<<<

#  Aligning reverse-kturn_conseusns and 3ccm_0:244-248_259-265:
#  Alignment score:  25.4
#  P-value:  3.045e-01
#  Query aligned region: 0-3,4-10
#  Target aligned region: 0:'0'245-4:'0'249,5:'0'260-11:'0'266

	GGA-G...CACAAAC
	CGAAG...CAAUGUG

#  Matched base-pairing interactions: 
	<G(3:)-C(4:) cis W/W>                          MATCHES	<G(4:'0'249)-C(5:'0'260) cis W/W>
	<A(2:)-A(8:) trans H/H>                        MATCHES	<A(2:'0'247)-G(9:'0'264) trans H/S>
	<G(1:)-A(9:) trans S/H>                        MATCHES	<G(1:'0'246)-U(10:'0'265) trans S/H>
	<G(0:)-C(10:) cis W/W>                         MATCHES	<C(0:'0'245)-G(11:'0'266) cis W/W>
#  Matched base-stacking interactions: 

>>>>>>>>>>   ALIGNMENT ENDS   >>>>>>>>>>

<<<<<<<<<<  ALIGNMENT BEGINS  <<<<<<<<<<

#  Aligning reverse-kturn_conseusns and 3ccm_0:504-514_480-483_484-486:
#  Alignment score:  24.4
#  P-value:  3.663e-01
#  Query aligned region: 0-1,9-10
#  Target aligned region: 10:'0'515-10:'0'515,12:'0'482-12:'0'482,16:'0'486-17:'0'487

	G~G...AC
	C~G...AG

#  Matched base-pairing interactions: 
	<G(0:)-C(10:) cis W/W>                         MATCHES	<C(10:'0'515)-G(17:'0'487) cis W/W>
	<G(1:)-A(9:) trans S/H>                        MATCHES	<G(12:'0'482)-A(16:'0'486) trans S/H>
#  Matched base-stacking interactions: 

>>>>>>>>>>   ALIGNMENT ENDS   >>>>>>>>>>

<<<<<<<<<<  ALIGNMENT BEGINS  <<<<<<<<<<

#  Aligning reverse-kturn_conseusns and 3ccm_0:2771-2776_2796-2799_2800-2801:
#  Alignment score:  24.2
#  P-value:  3.810e-01
#  Query aligned region: 0-1,9-10
#  Target aligned region: 0:'0'2772-0:'0'2772,9:'0'2800-9:'0'2800,10:'0'2801-11:'0'2802

	G~G...AC
	G~A...AC

#  Matched base-pairing interactions: 
	<G(0:)-C(10:) cis W/W>                         MATCHES	<G(0:'0'2772)-C(11:'0'2802) cis W/W>
	<G(1:)-A(9:) trans S/H>                        MATCHES	<A(9:'0'2800)-A(10:'0'2801) trans S/H>
#  Matched base-stacking interactions: 

>>>>>>>>>>   ALIGNMENT ENDS   >>>>>>>>>>

<<<<<<<<<<  ALIGNMENT BEGINS  <<<<<<<<<<

#  Aligning reverse-kturn_conseusns and 3ccm_0:1068-1075_1289-1292_1081-1088:
#  Alignment score:  24.2
#  P-value:  3.810e-01
#  Query aligned region: 1-2,8-9
#  Target aligned region: 3:'0'1072-3:'0'1072,10:'0'1292-11:'0'1293,18:'0'1088-18:'0'1088

	G~A...A~A
	G~G...U~A

#  Matched base-pairing interactions: 
	<G(1:)-A(9:) trans S/H>                        MATCHES	<G(3:'0'1072)-A(18:'0'1088) trans S/H>
	<A(2:)-A(8:) trans H/H>                        MATCHES	<G(10:'0'1292)-U(11:'0'1293) cis S/H>
#  Matched base-stacking interactions: 

>>>>>>>>>>   ALIGNMENT ENDS   >>>>>>>>>>

<<<<<<<<<<  ALIGNMENT BEGINS  <<<<<<<<<<

#  Aligning reverse-kturn_conseusns and 3ccm_0:527-531_2083-2084_10-15:
#  Alignment score:  23.8
#  P-value:  4.130e-01
#  Query aligned region: 0-2,8-10
#  Target aligned region: 2:'0'530-3:'0'531,6:'0'2085-6:'0'2085,7:'0'11-9:'0'13

	GG~A...AAC
	CG~A...AUG

#  Matched base-pairing interactions: 
	<G(1:)-A(9:) trans S/H>                        MATCHES	<G(3:'0'531)-U(8:'0'12) trans S/H>
	<A(2:)-A(8:) trans H/H>                        MATCHES	<A(6:'0'2085)-A(7:'0'11) cis -/->
	<G(0:)-C(10:) cis W/W>                         MATCHES	<C(2:'0'530)-G(9:'0'13) cis W/W>
#  Matched base-stacking interactions: 

>>>>>>>>>>   ALIGNMENT ENDS   >>>>>>>>>>

<<<<<<<<<<  ALIGNMENT BEGINS  <<<<<<<<<<

#  Aligning reverse-kturn_conseusns and 3ccm_0:2318-2322_2417-2420_2376-2380:
#  Alignment score:  23.4
#  P-value:  4.491e-01
#  Query aligned region: 2-3,4-8
#  Target aligned region: 2:'0'2321-3:'0'2322,8:'0'2421-8:'0'2421,12:'0'2380-12:'0'2380

	AG...C~A
	AU...G~A

#  Matched base-pairing interactions: 
	<G(3:)-C(4:) cis W/W>                          MATCHES	<U(3:'0'2322)-G(8:'0'2421) cis W/S>
	<A(2:)-A(8:) trans H/H>                        MATCHES	<A(2:'0'2321)-A(12:'0'2380) trans H/H>
#  Matched base-stacking interactions: 

>>>>>>>>>>   ALIGNMENT ENDS   >>>>>>>>>>

<<<<<<<<<<  ALIGNMENT BEGINS  <<<<<<<<<<

#  Aligning reverse-kturn_conseusns and 3ccm_0:1655-1658_1484-1490_1451-1456:
#  Alignment score:  23.4
#  P-value:  4.491e-01
#  Query aligned region: 0-1,9-10
#  Target aligned region: 9:'0'1490-10:'0'1491,13:'0'1454-14:'0'1455

	GG...AC
	GG...UC

#  Matched base-pairing interactions: 
	<G(1:)-A(9:) trans S/H>                        MATCHES	<G(10:'0'1491)-U(13:'0'1454) trans S/H>
	<G(0:)-C(10:) cis W/W>                         MATCHES	<G(9:'0'1490)-C(14:'0'1455) cis W/W>
#  Matched base-stacking interactions: 

>>>>>>>>>>   ALIGNMENT ENDS   >>>>>>>>>>

<<<<<<<<<<  ALIGNMENT BEGINS  <<<<<<<<<<

#  Aligning reverse-kturn_conseusns and 3ccm_0:910-913_1290-1293_1068-1071:
#  Alignment score:  23
#  P-value:  4.903e-01
#  Query aligned region: 1-2,8-9
#  Target aligned region: 0:'0'911-1:'0'912,6:'0'1293-7:'0'1294

	GA...AA
	GA...UA

#  Matched base-pairing interactions: 
	<A(2:)-A(8:) trans H/H>                        MATCHES	<A(1:'0'912)-U(6:'0'1293) trans H/W>
	<G(1:)-A(9:) trans S/H>                        MATCHES	<G(0:'0'911)-A(7:'0'1294) trans S/H>
#  Matched base-stacking interactions: 

>>>>>>>>>>   ALIGNMENT ENDS   >>>>>>>>>>

<<<<<<<<<<  ALIGNMENT BEGINS  <<<<<<<<<<

#  Aligning reverse-kturn_conseusns and 3ccm_0:42-50_120-123_109-115:
#  Alignment score:  23
#  P-value:  4.903e-01
#  Query aligned region: 1-1,9-9
#  Target aligned region: 4:'0'47-4:'0'47,16:'0'113-16:'0'113

	G...A
	G...A

#  Matched base-pairing interactions: 
	<G(1:)-A(9:) trans S/H>                        MATCHES	<G(4:'0'47)-A(16:'0'113) trans S/H>
#  Matched base-stacking interactions: 

>>>>>>>>>>   ALIGNMENT ENDS   >>>>>>>>>>

<<<<<<<<<<  ALIGNMENT BEGINS  <<<<<<<<<<

#  Aligning reverse-kturn_conseusns and 3ccm_0:2528-2530_2277-2285_1053-1059:
#  Alignment score:  21.5
#  P-value:  7.085e-01
#  Query aligned region: 0-1,9-10
#  Target aligned region: 12:'0'1054-18:'0'1060

	GG...A-C
	GG...AGC

#  Matched base-pairing interactions: 
	<G(0:)-C(10:) cis W/W>                         MATCHES	<G(12:'0'1054)-C(18:'0'1060) cis W/W>
	<G(1:)-A(9:) trans S/H>                        MATCHES	<G(13:'0'1055)-A(16:'0'1058) trans S/H>
#  Matched base-stacking interactions: 

>>>>>>>>>>   ALIGNMENT ENDS   >>>>>>>>>>

<<<<<<<<<<  ALIGNMENT BEGINS  <<<<<<<<<<

#  Aligning reverse-kturn_conseusns and 3ccm_0:2785-2793_2777-2784_1152-1153:
#  Alignment score:  21.4
#  P-value:  7.280e-01
#  Query aligned region: 1-1,9-9
#  Target aligned region: 4:'0'2790-4:'0'2790,11:'0'2780-11:'0'2780

	G...A
	C...C

#  Matched base-pairing interactions: 
	<G(1:)-A(9:) trans S/H>                        MATCHES	<C(4:'0'2790)-C(11:'0'2780) trans S/H>
#  Matched base-stacking interactions: 

>>>>>>>>>>   ALIGNMENT ENDS   >>>>>>>>>>

<<<<<<<<<<  ALIGNMENT BEGINS  <<<<<<<<<<

#  Aligning reverse-kturn_conseusns and 3ccm_0:159-173_767-770_890-894:
#  Alignment score:  21.4
#  P-value:  7.280e-01
#  Query aligned region: 1-1,9-9
#  Target aligned region: 2:'0'162-2:'0'162,21:'0'893-21:'0'893

	G...A
	C...C

#  Matched base-pairing interactions: 
	<G(1:)-A(9:) trans S/H>                        MATCHES	<C(2:'0'162)-C(21:'0'893) trans S/H>
#  Matched base-stacking interactions: 

>>>>>>>>>>   ALIGNMENT ENDS   >>>>>>>>>>

<<<<<<<<<<  ALIGNMENT BEGINS  <<<<<<<<<<

#  Aligning reverse-kturn_conseusns and 3ccm_0:1866-1877_1852-1862:
#  Alignment score:  21.2
#  P-value:  7.694e-01
#  Query aligned region: 0-2,8-10
#  Target aligned region: 2:'0'1869-4:'0'1871,17:'0'1858-19:'0'1860

	GGA...AAC
	ACU...AAU

#  Matched base-pairing interactions: 
	<A(2:)-A(8:) trans H/H>                        MATCHES	<U(4:'0'1871)-A(17:'0'1858) trans H/H>
	<G(1:)-A(9:) trans S/H>                        MATCHES	<C(3:'0'1870)-A(18:'0'1859) cis W/W>
	<G(0:)-C(10:) cis W/W>                         MATCHES	<A(2:'0'1869)-U(19:'0'1860) cis W/W>
#  Matched base-stacking interactions: 

>>>>>>>>>>   ALIGNMENT ENDS   >>>>>>>>>>

<<<<<<<<<<  ALIGNMENT BEGINS  <<<<<<<<<<

#  Aligning reverse-kturn_conseusns and 3ccm_0:2777-2784_2785-2793_1152-1153:
#  Alignment score:  20.6
#  P-value:  9.174e-01
#  Query aligned region: 1-1,9-9
#  Target aligned region: 4:'0'2782-4:'0'2782,14:'0'2792-14:'0'2792

	G...A
	G...A

#  Matched base-pairing interactions: 
	<G(1:)-A(9:) trans S/H>                        MATCHES	<G(4:'0'2782)-A(14:'0'2792) trans S/H>
#  Matched base-stacking interactions: 

>>>>>>>>>>   ALIGNMENT ENDS   >>>>>>>>>>

<<<<<<<<<<  ALIGNMENT BEGINS  <<<<<<<<<<

#  Aligning reverse-kturn_conseusns and 3ccm_0:2821-2830_2908-2913_2666-2667:
#  Alignment score:  20.6
#  P-value:  9.174e-01
#  Query aligned region: 1-1,9-9
#  Target aligned region: 4:'0'2826-4:'0'2826,15:'0'2914-15:'0'2914

	G...A
	G...A

#  Matched base-pairing interactions: 
	<G(1:)-A(9:) trans S/H>                        MATCHES	<G(4:'0'2826)-A(15:'0'2914) trans S/H>
#  Matched base-stacking interactions: 

>>>>>>>>>>   ALIGNMENT ENDS   >>>>>>>>>>

<<<<<<<<<<  ALIGNMENT BEGINS  <<<<<<<<<<

#  Aligning reverse-kturn_conseusns and 3ccm_0:90-98_77-82:
#  Alignment score:  20.6
#  P-value:  9.174e-01
#  Query aligned region: 1-2,8-9
#  Target aligned region: 6:'0'97-7:'0'98,10:'0'79-11:'0'80

	GA...AA
	GA...GA

#  Matched base-pairing interactions: 
	<A(2:)-A(8:) trans H/H>                        MATCHES	<A(7:'0'98)-G(10:'0'79) trans H/S>
	<G(1:)-A(9:) trans S/H>                        MATCHES	<G(6:'0'97)-A(11:'0'80) trans S/H>
#  Matched base-stacking interactions: 

>>>>>>>>>>   ALIGNMENT ENDS   >>>>>>>>>>

<<<<<<<<<<  ALIGNMENT BEGINS  <<<<<<<<<<

#  Aligning reverse-kturn_conseusns and 3ccm_0:503-508_480-487_510-511:
#  Alignment score:  20.4
#  P-value:  9.764e-01
#  Query aligned region: 1-2,8-9
#  Target aligned region: 2:'0'506-3:'0'507,8:'0'483-8:'0'483,14:'0'511-14:'0'511

	GA...A~A
	GA...C~A

#  Matched base-pairing interactions: 
	<G(1:)-A(9:) trans S/H>                        MATCHES	<G(2:'0'506)-A(14:'0'511) trans S/H>
	<A(2:)-A(8:) trans H/H>                        MATCHES	<A(3:'0'507)-C(8:'0'483) cis -/->
#  Matched base-stacking interactions: 

>>>>>>>>>>   ALIGNMENT ENDS   >>>>>>>>>>

<<<<<<<<<<  ALIGNMENT BEGINS  <<<<<<<<<<

#  Aligning reverse-kturn_conseusns and 3ccm_0:767-770_890-894_159-173:
#  Alignment score:  14
#  P-value:  1.000e+00
#  Query aligned region: 0-1,9-10
#  Target aligned region: 13:'0'164-20:'0'171

	GG...AC
	GA...UC

#  Matched base-pairing interactions: 
	<G(1:)-A(9:) trans S/H>                        MATCHES	<A(14:'0'165)-U(19:'0'170) cis -/->
	<G(0:)-C(10:) cis W/W>                         MATCHES	<G(13:'0'164)-C(20:'0'171) cis W/W>
#  Matched base-stacking interactions: 

>>>>>>>>>>   ALIGNMENT ENDS   >>>>>>>>>>

<<<<<<<<<<  ALIGNMENT BEGINS  <<<<<<<<<<

#  Aligning reverse-kturn_conseusns and 3ccm_0:1852-1862_1866-1877:
#  Alignment score:  13.8
#  P-value:  1.000e+00
#  Query aligned region: 2-2,8-8
#  Target aligned region: 3:'0'1856-3:'0'1856,19:'0'1875-19:'0'1875

	A...A
	C...A

#  Matched base-pairing interactions: 
	<A(2:)-A(8:) trans H/H>                        MATCHES	<C(3:'0'1856)-A(19:'0'1875) trans H/H>
#  Matched base-stacking interactions: 

>>>>>>>>>>   ALIGNMENT ENDS   >>>>>>>>>>

<<<<<<<<<<  ALIGNMENT BEGINS  <<<<<<<<<<

#  Aligning reverse-kturn_conseusns and 3ccm_0:322-333_338-347_302-308:
#  Alignment score:  13.2
#  P-value:  1.000e+00
#  Query aligned region: 0-3,4-10
#  Target aligned region: 0:'0'323-7:'0'330,13:'0'340-14:'0'341,26:'0'307-26:'0'307

	GGAG...C~AA~C
	CGUG...C~AC~G

#  Matched base-pairing interactions: 
	<G(3:)-C(4:) cis W/W>                          MATCHES	<G(3:'0'326)-C(7:'0'330) cis W/W>
	<A(2:)-A(8:) trans H/H>                        MATCHES	<U(2:'0'325)-A(13:'0'340) cis W/W>
	<G(0:)-C(10:) cis W/W>                         MATCHES	<C(0:'0'323)-G(26:'0'307) cis W/W>
	<G(1:)-A(9:) trans S/H>                        MATCHES	<G(1:'0'324)-C(14:'0'341) cis W/W>
#  Matched base-stacking interactions: 

>>>>>>>>>>   ALIGNMENT ENDS   >>>>>>>>>>

<<<<<<<<<<  ALIGNMENT BEGINS  <<<<<<<<<<

#  Aligning reverse-kturn_conseusns and 3ccm_0:1655-1658_1685-1696_1484-1489:
#  Alignment score:  13
#  P-value:  1.000e+00
#  Query aligned region: 1-2,8-9
#  Target aligned region: 15:'0'1697-15:'0'1697,17:'0'1486-19:'0'1488

	G~A...AA
	G~A...AU

#  Matched base-pairing interactions: 
	<G(1:)-A(9:) trans S/H>                        MATCHES	<G(15:'0'1697)-U(19:'0'1488) trans S/H>
	<A(2:)-A(8:) trans H/H>                        MATCHES	<A(17:'0'1486)-A(18:'0'1487) cis S/H>
#  Matched base-stacking interactions: 

>>>>>>>>>>   ALIGNMENT ENDS   >>>>>>>>>>

<<<<<<<<<<  ALIGNMENT BEGINS  <<<<<<<<<<

#  Aligning reverse-kturn_conseusns and 3ccm_0:692-696_730-732_688-690:
#  Alignment score:  13
#  P-value:  1.000e+00
#  Query aligned region: 0-1,9-10
#  Target aligned region: 2:'0'695-3:'0'696,8:'0'689-9:'0'690

	GG...AC
	CC...GG

#  Matched base-pairing interactions: 
	<G(1:)-A(9:) trans S/H>                        MATCHES	<C(3:'0'696)-G(8:'0'689) cis W/W>
	<G(0:)-C(10:) cis W/W>                         MATCHES	<C(2:'0'695)-G(9:'0'690) cis W/W>
#  Matched base-stacking interactions: 

>>>>>>>>>>   ALIGNMENT ENDS   >>>>>>>>>>

<<<<<<<<<<  ALIGNMENT BEGINS  <<<<<<<<<<

#  Aligning reverse-kturn_conseusns and 3ccm_0:773-774_470-473_466-469:
#  Alignment score:  13
#  P-value:  1.000e+00
#  Query aligned region: 0-1,9-10
#  Target aligned region: 4:'0'473-5:'0'474,6:'0'467-7:'0'468

	GG...AC
	AC...GU

#  Matched base-pairing interactions: 
	<G(1:)-A(9:) trans S/H>                        MATCHES	<C(5:'0'474)-G(6:'0'467) cis W/W>
	<G(0:)-C(10:) cis W/W>                         MATCHES	<A(4:'0'473)-U(7:'0'468) cis W/W>
#  Matched base-stacking interactions: 

>>>>>>>>>>   ALIGNMENT ENDS   >>>>>>>>>>

<<<<<<<<<<  ALIGNMENT BEGINS  <<<<<<<<<<

#  Aligning reverse-kturn_conseusns and 3ccm_0:2240-2244_2255-2262_2130-2133:
#  Alignment score:  12.2
#  P-value:  1.000e+00
#  Query aligned region: 2-2,8-8
#  Target aligned region: 9:'0'2260-9:'0'2260,15:'0'2133-15:'0'2133

	A...A
	A...U

#  Matched base-pairing interactions: 
	<A(2:)-A(8:) trans H/H>                        MATCHES	<A(9:'0'2260)-U(15:'0'2133) trans H/H>
#  Matched base-stacking interactions: 

>>>>>>>>>>   ALIGNMENT ENDS   >>>>>>>>>>

<<<<<<<<<<  ALIGNMENT BEGINS  <<<<<<<<<<

#  Aligning reverse-kturn_conseusns and 3ccm_0:179-185_438-441_149-156:
#  Alignment score:  12.2
#  P-value:  1.000e+00
#  Query aligned region: 0-1,9-10
#  Target aligned region: 2:'0'182-2:'0'182,9:'0'441-10:'0'442,15:'0'154-15:'0'154

	G~G...A~C
	G~A...A~C

#  Matched base-pairing interactions: 
	<G(0:)-C(10:) cis W/W>                         MATCHES	<G(2:'0'182)-C(15:'0'154) cis W/W>
	<G(1:)-A(9:) trans S/H>                        MATCHES	<A(9:'0'441)-A(10:'0'442) cis S/H>
#  Matched base-stacking interactions: 

>>>>>>>>>>   ALIGNMENT ENDS   >>>>>>>>>>

<<<<<<<<<<  ALIGNMENT BEGINS  <<<<<<<<<<

#  Aligning reverse-kturn_conseusns and 3ccm_0:1095-1100_1105-1109_1252-1260:
#  Alignment score:  12
#  P-value:  1.000e+00
#  Query aligned region: 0-1,9-10
#  Target aligned region: 3:'0'1099-4:'0'1100,7:'0'1107-7:'0'1107,15:'0'1257-15:'0'1257

	GG...A~C
	GG...A~C

#  Matched base-pairing interactions: 
	<G(0:)-C(10:) cis W/W>                         MATCHES	<G(3:'0'1099)-C(15:'0'1257) cis W/W>
	<G(1:)-A(9:) trans S/H>                        MATCHES	<G(4:'0'1100)-A(7:'0'1107) trans S/S>
#  Matched base-stacking interactions: 

>>>>>>>>>>   ALIGNMENT ENDS   >>>>>>>>>>

<<<<<<<<<<  ALIGNMENT BEGINS  <<<<<<<<<<

#  Aligning reverse-kturn_conseusns and 3ccm_0:427-430_377-385_403-411:
#  Alignment score:  11.8
#  P-value:  1.000e+00
#  Query aligned region: 2-2,8-8
#  Target aligned region: 6:'0'380-6:'0'380,17:'0'408-17:'0'408

	A...A
	A...A

#  Matched base-pairing interactions: 
	<A(2:)-A(8:) trans H/H>                        MATCHES	<A(6:'0'380)-A(17:'0'408) trans H/H>
#  Matched base-stacking interactions: 

>>>>>>>>>>   ALIGNMENT ENDS   >>>>>>>>>>

<<<<<<<<<<  ALIGNMENT BEGINS  <<<<<<<<<<

#  Aligning reverse-kturn_conseusns and 3ccm_0:438-441_179-185_149-156:
#  Alignment score:  11.8
#  P-value:  1.000e+00
#  Query aligned region: 0-2,8-10
#  Target aligned region: 8:'0'184-9:'0'185,11:'0'150-14:'0'153

	GG~A...AAC
	GG~G...AAC

#  Matched base-pairing interactions: 
	<G(1:)-A(9:) trans S/H>                        MATCHES	<G(9:'0'185)-A(13:'0'152) cis W/W>
	<A(2:)-A(8:) trans H/H>                        MATCHES	<G(11:'0'150)-A(12:'0'151) cis -/->
	<G(0:)-C(10:) cis W/W>                         MATCHES	<G(8:'0'184)-C(14:'0'153) cis W/W>
#  Matched base-stacking interactions: 

>>>>>>>>>>   ALIGNMENT ENDS   >>>>>>>>>>

<<<<<<<<<<  ALIGNMENT BEGINS  <<<<<<<<<<

#  Aligning reverse-kturn_conseusns and 3ccm_0:825-832_787-789_848-853:
#  Alignment score:  11.7
#  P-value:  1.000e+00
#  Query aligned region: 0-2,8-10
#  Target aligned region: 4:'0'830-7:'0'833,11:'0'849-13:'0'851

	G-GA...AAC
	GUUG...CUC

#  Matched base-pairing interactions: 
	<A(2:)-A(8:) trans H/H>                        MATCHES	<G(7:'0'833)-C(11:'0'849) cis W/W>
	<G(0:)-C(10:) cis W/W>                         MATCHES	<G(4:'0'830)-C(13:'0'851) cis W/W>
	<G(1:)-A(9:) trans S/H>                        MATCHES	<U(6:'0'832)-U(12:'0'850) cis W/W>
#  Matched base-stacking interactions: 

>>>>>>>>>>   ALIGNMENT ENDS   >>>>>>>>>>

<<<<<<<<<<  ALIGNMENT BEGINS  <<<<<<<<<<

#  Aligning reverse-kturn_conseusns and 3ccm_0:2437-2441_2449-2453:
#  Alignment score:  10.6
#  P-value:  1.000e+00
#  Query aligned region: 3-3,4-4
#  Target aligned region: 0:'0'2438-0:'0'2438,9:'0'2454-9:'0'2454

	G...C
	G...C

#  Matched base-pairing interactions: 
	<G(3:)-C(4:) cis W/W>                          MATCHES	<G(0:'0'2438)-C(9:'0'2454) cis W/W>
#  Matched base-stacking interactions: 

>>>>>>>>>>   ALIGNMENT ENDS   >>>>>>>>>>

<<<<<<<<<<  ALIGNMENT BEGINS  <<<<<<<<<<

#  Aligning reverse-kturn_conseusns and 3ccm_0:2005-2007_1973-1981_2001-2004:
#  Alignment score:  10.4
#  P-value:  1.000e+00
#  Query aligned region: 0-2,8-10
#  Target aligned region: 4:'0'1975-6:'0'1977,13:'0'2003-15:'0'2005

	GGA...AAC
	CGU...UUG

#  Matched base-pairing interactions: 
	<A(2:)-A(8:) trans H/H>                        MATCHES	<U(6:'0'1977)-U(13:'0'2003) cis -/->
	<G(1:)-A(9:) trans S/H>                        MATCHES	<G(5:'0'1976)-U(14:'0'2004) cis -/->
	<G(0:)-C(10:) cis W/W>                         MATCHES	<C(4:'0'1975)-G(15:'0'2005) cis W/W>
#  Matched base-stacking interactions: 

>>>>>>>>>>   ALIGNMENT ENDS   >>>>>>>>>>

<<<<<<<<<<  ALIGNMENT BEGINS  <<<<<<<<<<

#  Aligning reverse-kturn_conseusns and 3ccm_0:1204-1207_1192-1193_1185-1191:
#  Alignment score:  10.2
#  P-value:  1.000e+00
#  Query aligned region: 0-2,8-10
#  Target aligned region: 1:'0'1206-3:'0'1208,9:'0'1189-11:'0'1191

	GGA...AAC
	UAC...AGA

#  Matched base-pairing interactions: 
	<A(2:)-A(8:) trans H/H>                        MATCHES	<C(3:'0'1208)-A(9:'0'1189) cis S/S>
	<G(1:)-A(9:) trans S/H>                        MATCHES	<A(2:'0'1207)-G(10:'0'1190) cis -/->
	<G(0:)-C(10:) cis W/W>                         MATCHES	<U(1:'0'1206)-A(11:'0'1191) cis W/W>
#  Matched base-stacking interactions: 

>>>>>>>>>>   ALIGNMENT ENDS   >>>>>>>>>>

<<<<<<<<<<  ALIGNMENT BEGINS  <<<<<<<<<<

#  Aligning reverse-kturn_conseusns and 3ccm_0:149-156_179-185_438-441:
#  Alignment score:  10
#  P-value:  1.000e+00
#  Query aligned region: 1-3,4-9
#  Target aligned region: 2:'0'152-4:'0'154,10:'0'182-10:'0'182,15:'0'439-16:'0'440

	GAG...C~AA
	ACC...G~AC

#  Matched base-pairing interactions: 
	<G(3:)-C(4:) cis W/W>                          MATCHES	<C(4:'0'154)-G(10:'0'182) cis W/W>
	<A(2:)-A(8:) trans H/H>                        MATCHES	<C(3:'0'153)-A(15:'0'439) cis -/->
	<G(1:)-A(9:) trans S/H>                        MATCHES	<A(2:'0'152)-C(16:'0'440) cis -/->
#  Matched base-stacking interactions: 

>>>>>>>>>>   ALIGNMENT ENDS   >>>>>>>>>>

<<<<<<<<<<  ALIGNMENT BEGINS  <<<<<<<<<<

#  Aligning reverse-kturn_conseusns and 3ccm_0:2009-2015_1885-1889:
#  Alignment score:  9.8
#  P-value:  1.000e+00
#  Query aligned region: 3-3,4-4
#  Target aligned region: 6:'0'2016-6:'0'2016,7:'0'1886-7:'0'1886

	G...C
	U...A

#  Matched base-pairing interactions: 
	<G(3:)-C(4:) cis W/W>                          MATCHES	<U(6:'0'2016)-A(7:'0'1886) cis W/W>
#  Matched base-stacking interactions: 

>>>>>>>>>>   ALIGNMENT ENDS   >>>>>>>>>>

<<<<<<<<<<  ALIGNMENT BEGINS  <<<<<<<<<<

#  Aligning reverse-kturn_conseusns and 3ccm_0:2863-2864_2724-2731_2748-2755:
#  Alignment score:  9.8
#  P-value:  1.000e+00
#  Query aligned region: 3-3,4-4
#  Target aligned region: 9:'0'2732-9:'0'2732,11:'0'2750-11:'0'2750

	G...C
	U...G

#  Matched base-pairing interactions: 
	<G(3:)-C(4:) cis W/W>                          MATCHES	<U(9:'0'2732)-G(11:'0'2750) cis W/W>
#  Matched base-stacking interactions: 

>>>>>>>>>>   ALIGNMENT ENDS   >>>>>>>>>>

<<<<<<<<<<  ALIGNMENT BEGINS  <<<<<<<<<<

#  Aligning reverse-kturn_conseusns and 3ccm_0:1199-1203_1173-1175_1195-1197:
#  Alignment score:  9.8
#  P-value:  1.000e+00
#  Query aligned region: 0-1,9-10
#  Target aligned region: 3:'0'1203-4:'0'1204,6:'0'1175-6:'0'1175,8:'0'1196-8:'0'1196

	GG...A~C
	GC...G~C

#  Matched base-pairing interactions: 
	<G(0:)-C(10:) cis W/W>                         MATCHES	<G(3:'0'1203)-C(8:'0'1196) cis W/W>
	<G(1:)-A(9:) trans S/H>                        MATCHES	<C(4:'0'1204)-G(6:'0'1175) trans H/W>
#  Matched base-stacking interactions: 

>>>>>>>>>>   ALIGNMENT ENDS   >>>>>>>>>>

<<<<<<<<<<  ALIGNMENT BEGINS  <<<<<<<<<<

#  Aligning reverse-kturn_conseusns and 3ccm_0:280-289_361-367:
#  Alignment score:  9.8
#  P-value:  1.000e+00
#  Query aligned region: 3-3,4-4
#  Target aligned region: 9:'0'290-9:'0'290,10:'0'362-10:'0'362

	G...C
	C...G

#  Matched base-pairing interactions: 
	<G(3:)-C(4:) cis W/W>                          MATCHES	<C(9:'0'290)-G(10:'0'362) cis W/W>
#  Matched base-stacking interactions: 

>>>>>>>>>>   ALIGNMENT ENDS   >>>>>>>>>>

<<<<<<<<<<  ALIGNMENT BEGINS  <<<<<<<<<<

#  Aligning reverse-kturn_conseusns and 3ccm_0:1684-1685_1412-1418_1677-1681:
#  Alignment score:  9.6
#  P-value:  1.000e+00
#  Query aligned region: 0-1,9-10
#  Target aligned region: 4:'0'1415-5:'0'1416,10:'0'1679-11:'0'1680

	GG...AC
	GG...CC

#  Matched base-pairing interactions: 
	<G(1:)-A(9:) trans S/H>                        MATCHES	<G(5:'0'1416)-C(10:'0'1679) cis W/W>
	<G(0:)-C(10:) cis W/W>                         MATCHES	<G(4:'0'1415)-C(11:'0'1680) cis W/W>
#  Matched base-stacking interactions: 

>>>>>>>>>>   ALIGNMENT ENDS   >>>>>>>>>>

<<<<<<<<<<  ALIGNMENT BEGINS  <<<<<<<<<<

#  Aligning reverse-kturn_conseusns and 3ccm_0:1655-1658_1484-1489_1685-1696:
#  Alignment score:  9
#  P-value:  1.000e+00
#  Query aligned region: 0-1,9-10
#  Target aligned region: 10:'0'1686-19:'0'1695

	GG...AC
	CC...GG

#  Matched base-pairing interactions: 
	<G(1:)-A(9:) trans S/H>                        MATCHES	<C(11:'0'1687)-G(18:'0'1694) cis W/W>
	<G(0:)-C(10:) cis W/W>                         MATCHES	<C(10:'0'1686)-G(19:'0'1695) cis W/W>
#  Matched base-stacking interactions: 

>>>>>>>>>>   ALIGNMENT ENDS   >>>>>>>>>>

<<<<<<<<<<  ALIGNMENT BEGINS  <<<<<<<<<<

#  Aligning reverse-kturn_conseusns and 3ccm_0:2900-2906_2846-2855_2832-2834:
#  Alignment score:  9
#  P-value:  1.000e+00
#  Query aligned region: 3-3,4-4
#  Target aligned region: 0:'0'2901-0:'0'2901,16:'0'2856-16:'0'2856

	G...C
	C...A

#  Matched base-pairing interactions: 
	<G(3:)-C(4:) cis W/W>                          MATCHES	<C(0:'0'2901)-A(16:'0'2856) cis W/W>
#  Matched base-stacking interactions: 

>>>>>>>>>>   ALIGNMENT ENDS   >>>>>>>>>>

<<<<<<<<<<  ALIGNMENT BEGINS  <<<<<<<<<<

#  Aligning reverse-kturn_conseusns and 3ccm_0:1707-1709_788-793_818-825:
#  Alignment score:  9
#  P-value:  1.000e+00
#  Query aligned region: 3-3,4-4
#  Target aligned region: 8:'0'794-8:'0'794,9:'0'819-9:'0'819

	G...C
	U...A

#  Matched base-pairing interactions: 
	<G(3:)-C(4:) cis W/W>                          MATCHES	<U(8:'0'794)-A(9:'0'819) cis W/W>
#  Matched base-stacking interactions: 

>>>>>>>>>>   ALIGNMENT ENDS   >>>>>>>>>>

<<<<<<<<<<  ALIGNMENT BEGINS  <<<<<<<<<<

#  Aligning reverse-kturn_conseusns and 3ccm_0:1192-1193_1185-1191_1204-1207:
#  Alignment score:  8
#  P-value:  1.000e+00
#  Query aligned region: 0-2,8-10
#  Target aligned region: 1:'0'1194-1:'0'1194,2:'0'1186-6:'0'1190,9:'0'1205-9:'0'1205

	G~GA...AA~C
	A~CU...AG~U

#  Matched base-pairing interactions: 
	<A(2:)-A(8:) trans H/H>                        MATCHES	<U(3:'0'1187)-A(5:'0'1189) cis -/->
	<G(0:)-C(10:) cis W/W>                         MATCHES	<A(1:'0'1194)-U(9:'0'1205) cis W/W>
	<G(1:)-A(9:) trans S/H>                        MATCHES	<C(2:'0'1186)-G(6:'0'1190) trans W/W>
#  Matched base-stacking interactions: 

>>>>>>>>>>   ALIGNMENT ENDS   >>>>>>>>>>

<<<<<<<<<<  ALIGNMENT BEGINS  <<<<<<<<<<

#  Aligning reverse-kturn_conseusns and 3ccm_0:2525-2526_2523-2524_2492-2496:
#  Alignment score:  8
#  P-value:  1.000e+00
#  Query aligned region: 0-1,9-10
#  Target aligned region: 3:'0'2525-3:'0'2525,4:'0'2493-6:'0'2495

	G~G...AC
	G~C...GU

#  Matched base-pairing interactions: 
	<G(1:)-A(9:) trans S/H>                        MATCHES	<C(4:'0'2493)-G(5:'0'2494) cis H/H>
	<G(0:)-C(10:) cis W/W>                         MATCHES	<G(3:'0'2525)-U(6:'0'2495) cis W/W>
#  Matched base-stacking interactions: 

>>>>>>>>>>   ALIGNMENT ENDS   >>>>>>>>>>

<<<<<<<<<<  ALIGNMENT BEGINS  <<<<<<<<<<

#  Aligning reverse-kturn_conseusns and 3ccm_0:1171-1173_1167-1169_1199-1200:
#  Alignment score:  3.1
#  P-value:  1.000e+00
#  Query aligned region: 
#  Target aligned region: 

	
	

#  Matched base-pairing interactions: 
#  Matched base-stacking interactions: 

>>>>>>>>>>   ALIGNMENT ENDS   >>>>>>>>>>

<<<<<<<<<<  ALIGNMENT BEGINS  <<<<<<<<<<

#  Aligning reverse-kturn_conseusns and 3ccm_0:1171-1173_1199-1200_1167-1169:
#  Alignment score:  2.8
#  P-value:  1.000e+00
#  Query aligned region: 
#  Target aligned region: 

	
	

#  Matched base-pairing interactions: 
#  Matched base-stacking interactions: 

>>>>>>>>>>   ALIGNMENT ENDS   >>>>>>>>>>

<<<<<<<<<<  ALIGNMENT BEGINS  <<<<<<<<<<

#  Aligning reverse-kturn_conseusns and 3ccm_0:2275-2277_2466-2470:
#  Alignment score:  2.6
#  P-value:  1.000e+00
#  Query aligned region: 
#  Target aligned region: 

	
	

#  Matched base-pairing interactions: 
#  Matched base-stacking interactions: 

>>>>>>>>>>   ALIGNMENT ENDS   >>>>>>>>>>

<<<<<<<<<<  ALIGNMENT BEGINS  <<<<<<<<<<

#  Aligning reverse-kturn_conseusns and 3ccm_0:1199-1200_1171-1173_1167-1169:
#  Alignment score:  2.5
#  P-value:  1.000e+00
#  Query aligned region: 
#  Target aligned region: 

	
	

#  Matched base-pairing interactions: 
#  Matched base-stacking interactions: 

>>>>>>>>>>   ALIGNMENT ENDS   >>>>>>>>>>

<<<<<<<<<<  ALIGNMENT BEGINS  <<<<<<<<<<

#  Aligning reverse-kturn_conseusns and 3ccm_0:2466-2470_2275-2277:
#  Alignment score:  2
#  P-value:  1.000e+00
#  Query aligned region: 
#  Target aligned region: 

	
	

#  Matched base-pairing interactions: 
#  Matched base-stacking interactions: 

>>>>>>>>>>   ALIGNMENT ENDS   >>>>>>>>>>

<<<<<<<<<<  ALIGNMENT BEGINS  <<<<<<<<<<

#  Aligning reverse-kturn_conseusns and 3ccm_0:134-143:
#  Alignment score:  1.8
#  P-value:  1.000e+00
#  Query aligned region: 
#  Target aligned region: 

	
	

#  Matched base-pairing interactions: 
#  Matched base-stacking interactions: 

>>>>>>>>>>   ALIGNMENT ENDS   >>>>>>>>>>

