$ /home/s081p868/scratch/RNAMotifScanX-release/bin/scan /home/s081p868/scratch/RNAMotifScanX-release/models/e-loop_consensus.struct /rfs/poseidon_share/s081p868/RNAMotifScanX_nr/rmsx_work_default/3p49/A/3p49_A.rmsx.in --map_pdb=/rfs/poseidon_share/s081p868/RNAMotifScanX_nr/rmsx_work_default/3p49/A/3p49_A.rmsx.nch --pvalue 1.0 --num_threads 8 --write_alignment
<<<<<<<<<<  ALIGNMENT BEGINS  <<<<<<<<<<

#  Aligning Eloop_consensus and 3p49_A:118-121_95-98_161-164:
#  Alignment score:  28.2
#  P-value:  1.041e-01
#  Query aligned region: 0-2,3-5
#  Target aligned region: 4:A85-6:A87,8:A151-10:A153

	GAG...GUA
	GAG...GGA

#  Matched base-pairing interactions: 
	<G(2:)-G(3:) trans H/S>                        MATCHES	<G(6:A87)-G(8:A151) trans W/W>
	<A(1:)-U(4:) trans H/W>                        MATCHES	<A(5:A86)-G(9:A152) cis -/->
	<G(0:)-A(5:) trans S/H>                        MATCHES	<G(4:A85)-A(10:A153) trans S/H>
#  Matched base-stacking interactions: 

>>>>>>>>>>   ALIGNMENT ENDS   >>>>>>>>>>

<<<<<<<<<<  ALIGNMENT BEGINS  <<<<<<<<<<

#  Aligning Eloop_consensus and 3p49_A:59-62_45-49:
#  Alignment score:  26.2
#  P-value:  1.288e-01
#  Query aligned region: 0-1,4-5
#  Target aligned region: 3:A52-3:A52,4:A35-6:A37

	G~A...UA
	A~G...AA

#  Matched base-pairing interactions: 
	<A(1:)-U(4:) trans H/W>                        MATCHES	<G(4:A35)-A(5:A36) cis S/S>
	<G(0:)-A(5:) trans S/H>                        MATCHES	<A(3:A52)-A(6:A37) trans S/H>
#  Matched base-stacking interactions: 

>>>>>>>>>>   ALIGNMENT ENDS   >>>>>>>>>>

<<<<<<<<<<  ALIGNMENT BEGINS  <<<<<<<<<<

#  Aligning Eloop_consensus and 3p49_A:43-46_9-12_71-73:
#  Alignment score:  25.8
#  P-value:  1.348e-01
#  Query aligned region: 0-2,3-5
#  Target aligned region: 4:A9-6:A11,8:A61-10:A63

	GAG...GUA
	GAG...GGA

#  Matched base-pairing interactions: 
	<G(2:)-G(3:) trans H/S>                        MATCHES	<G(6:A11)-G(8:A61) trans H/W>
	<A(1:)-U(4:) trans H/W>                        MATCHES	<A(5:A10)-G(9:A62) cis -/->
	<G(0:)-A(5:) trans S/H>                        MATCHES	<G(4:A9)-A(10:A63) trans S/H>
#  Matched base-stacking interactions: 

>>>>>>>>>>   ALIGNMENT ENDS   >>>>>>>>>>

<<<<<<<<<<  ALIGNMENT BEGINS  <<<<<<<<<<

#  Aligning Eloop_consensus and 3p49_A:93-94_51-56:
#  Alignment score:  21.8
#  P-value:  2.274e-01
#  Query aligned region: 0-0,5-5
#  Target aligned region: 3:A42-5:A44

	G...A
	U...A

#  Matched base-pairing interactions: 
	<G(0:)-A(5:) trans S/H>                        MATCHES	<U(3:A42)-A(5:A44) trans S/H>
#  Matched base-stacking interactions: 

>>>>>>>>>>   ALIGNMENT ENDS   >>>>>>>>>>

<<<<<<<<<<  ALIGNMENT BEGINS  <<<<<<<<<<

#  Aligning Eloop_consensus and 3p49_A:71-72_9-15_41-46:
#  Alignment score:  3.1
#  P-value:  1.000e+00
#  Query aligned region: 
#  Target aligned region: 

	
	

#  Matched base-pairing interactions: 
#  Matched base-stacking interactions: 

>>>>>>>>>>   ALIGNMENT ENDS   >>>>>>>>>>

<<<<<<<<<<  ALIGNMENT BEGINS  <<<<<<<<<<

#  Aligning Eloop_consensus and 3p49_A:6-8_126-129_144-148:
#  Alignment score:  3.1
#  P-value:  1.000e+00
#  Query aligned region: 
#  Target aligned region: 

	
	

#  Matched base-pairing interactions: 
#  Matched base-stacking interactions: 

>>>>>>>>>>   ALIGNMENT ENDS   >>>>>>>>>>

<<<<<<<<<<  ALIGNMENT BEGINS  <<<<<<<<<<

#  Aligning Eloop_consensus and 3p49_A:126-129_6-8_144-148:
#  Alignment score:  3.1
#  P-value:  1.000e+00
#  Query aligned region: 
#  Target aligned region: 

	
	

#  Matched base-pairing interactions: 
#  Matched base-stacking interactions: 

>>>>>>>>>>   ALIGNMENT ENDS   >>>>>>>>>>

<<<<<<<<<<  ALIGNMENT BEGINS  <<<<<<<<<<

#  Aligning Eloop_consensus and 3p49_A:71-72_41-46_9-15:
#  Alignment score:  2.7
#  P-value:  1.000e+00
#  Query aligned region: 
#  Target aligned region: 

	
	

#  Matched base-pairing interactions: 
#  Matched base-stacking interactions: 

>>>>>>>>>>   ALIGNMENT ENDS   >>>>>>>>>>

<<<<<<<<<<  ALIGNMENT BEGINS  <<<<<<<<<<

#  Aligning Eloop_consensus and 3p49_A:41-46_71-72_9-15:
#  Alignment score:  2.7
#  P-value:  1.000e+00
#  Query aligned region: 
#  Target aligned region: 

	
	

#  Matched base-pairing interactions: 
#  Matched base-stacking interactions: 

>>>>>>>>>>   ALIGNMENT ENDS   >>>>>>>>>>

<<<<<<<<<<  ALIGNMENT BEGINS  <<<<<<<<<<

#  Aligning Eloop_consensus and 3p49_A:162-163_150-154_119-124:
#  Alignment score:  2.7
#  P-value:  1.000e+00
#  Query aligned region: 
#  Target aligned region: 

	
	

#  Matched base-pairing interactions: 
#  Matched base-stacking interactions: 

>>>>>>>>>>   ALIGNMENT ENDS   >>>>>>>>>>

<<<<<<<<<<  ALIGNMENT BEGINS  <<<<<<<<<<

#  Aligning Eloop_consensus and 3p49_A:126-129_144-148_6-8:
#  Alignment score:  2.7
#  P-value:  1.000e+00
#  Query aligned region: 
#  Target aligned region: 

	
	

#  Matched base-pairing interactions: 
#  Matched base-stacking interactions: 

>>>>>>>>>>   ALIGNMENT ENDS   >>>>>>>>>>

<<<<<<<<<<  ALIGNMENT BEGINS  <<<<<<<<<<

#  Aligning Eloop_consensus and 3p49_A:150-154_119-124_162-163:
#  Alignment score:  2.6
#  P-value:  1.000e+00
#  Query aligned region: 
#  Target aligned region: 

	
	

#  Matched base-pairing interactions: 
#  Matched base-stacking interactions: 

>>>>>>>>>>   ALIGNMENT ENDS   >>>>>>>>>>

<<<<<<<<<<  ALIGNMENT BEGINS  <<<<<<<<<<

#  Aligning Eloop_consensus and 3p49_A:150-154_162-163_119-124:
#  Alignment score:  2.4
#  P-value:  1.000e+00
#  Query aligned region: 
#  Target aligned region: 

	
	

#  Matched base-pairing interactions: 
#  Matched base-stacking interactions: 

>>>>>>>>>>   ALIGNMENT ENDS   >>>>>>>>>>

