$ /home/s081p868/scratch/RNAMotifScanX-release/bin/scan /home/s081p868/scratch/RNAMotifScanX-release/models/e-loop_consensus.struct /rfs/poseidon_share/s081p868/RNAMotifScanX_nr/rmsx_work_default/2r8s/R/2r8s_R.rmsx.in --map_pdb=/rfs/poseidon_share/s081p868/RNAMotifScanX_nr/rmsx_work_default/2r8s/R/2r8s_R.rmsx.nch --pvalue 1.0 --num_threads 8 --write_alignment
<<<<<<<<<<  ALIGNMENT BEGINS  <<<<<<<<<<

#  Aligning Eloop_consensus and 2r8s_R:104-107_9-12:
#  Alignment score:  29.6
#  P-value:  6.331e-02
#  Query aligned region: 0-2,3-5
#  Target aligned region: 0:R206-2:R208,5:R112-7:R114

	GAG...GUA
	AAC...GAA

#  Matched base-pairing interactions: 
	<G(2:)-G(3:) trans H/S>                        MATCHES	<C(2:R208)-G(5:R112) cis W/W>
	<A(1:)-U(4:) trans H/W>                        MATCHES	<A(1:R207)-A(6:R113) trans H/S>
	<G(0:)-A(5:) trans S/H>                        MATCHES	<A(0:R206)-A(7:R114) trans S/H>
#  Matched base-stacking interactions: 

>>>>>>>>>>   ALIGNMENT ENDS   >>>>>>>>>>

<<<<<<<<<<  ALIGNMENT BEGINS  <<<<<<<<<<

#  Aligning Eloop_consensus and 2r8s_R:48-49_120-123_50-51:
#  Alignment score:  28.4
#  P-value:  7.092e-02
#  Query aligned region: 0-2,3-5
#  Target aligned region: 0:R150-0:R150,3:R224-5:R226,6:R152-7:R153

	G~AG...G~UA
	G~UA...A~AA

#  Matched base-pairing interactions: 
	<G(2:)-G(3:) trans H/S>                        MATCHES	<A(4:R225)-A(5:R226) cis S/H>
	<G(0:)-A(5:) trans S/H>                        MATCHES	<G(0:R150)-A(7:R153) trans S/H>
	<A(1:)-U(4:) trans H/W>                        MATCHES	<U(3:R224)-A(6:R152) cis -/->
#  Matched base-stacking interactions: 

>>>>>>>>>>   ALIGNMENT ENDS   >>>>>>>>>>

<<<<<<<<<<  ALIGNMENT BEGINS  <<<<<<<<<<

#  Aligning Eloop_consensus and 2r8s_R:83-84_60-63_36-39:
#  Alignment score:  25.2
#  P-value:  9.953e-02
#  Query aligned region: 0-1,4-5
#  Target aligned region: 3:R163-5:R165,8:R140-8:R140

	GA...U~A
	GG...C~A

#  Matched base-pairing interactions: 
	<G(0:)-A(5:) trans S/H>                        MATCHES	<G(3:R163)-A(8:R140) trans S/H>
	<A(1:)-U(4:) trans H/W>                        MATCHES	<G(4:R164)-C(5:R165) cis -/->
#  Matched base-stacking interactions: 

>>>>>>>>>>   ALIGNMENT ENDS   >>>>>>>>>>

<<<<<<<<<<  ALIGNMENT BEGINS  <<<<<<<<<<

#  Aligning Eloop_consensus and 2r8s_R:150-153_114-117:
#  Alignment score:  23.8
#  P-value:  1.178e-01
#  Query aligned region: 0-0,5-5
#  Target aligned region: 1:R254-1:R254,6:R219-6:R219

	G...A
	G...A

#  Matched base-pairing interactions: 
	<G(0:)-A(5:) trans S/H>                        MATCHES	<G(1:R254)-A(6:R219) trans S/H>
#  Matched base-stacking interactions: 

>>>>>>>>>>   ALIGNMENT ENDS   >>>>>>>>>>

<<<<<<<<<<  ALIGNMENT BEGINS  <<<<<<<<<<

#  Aligning Eloop_consensus and 2r8s_R:112-115_151-155:
#  Alignment score:  22.9
#  P-value:  1.323e-01
#  Query aligned region: 0-1,4-5
#  Target aligned region: 2:R217-3:R218,4:R254-6:R256

	GA...U-A
	CA...GCA

#  Matched base-pairing interactions: 
	<G(0:)-A(5:) trans S/H>                        MATCHES	<C(2:R217)-A(6:R256) trans S/H>
	<A(1:)-U(4:) trans H/W>                        MATCHES	<A(3:R218)-G(4:R254) cis -/->
#  Matched base-stacking interactions: 

>>>>>>>>>>   ALIGNMENT ENDS   >>>>>>>>>>

<<<<<<<<<<  ALIGNMENT BEGINS  <<<<<<<<<<

#  Aligning Eloop_consensus and 2r8s_R:144-147_120-124_49-51:
#  Alignment score:  20.6
#  P-value:  1.845e-01
#  Query aligned region: 1-1,4-4
#  Target aligned region: 1:R248-1:R248,5:R224-5:R224

	A...U
	A...U

#  Matched base-pairing interactions: 
	<A(1:)-U(4:) trans H/W>                        MATCHES	<A(1:R248)-U(5:R224) trans H/W>
#  Matched base-stacking interactions: 

>>>>>>>>>>   ALIGNMENT ENDS   >>>>>>>>>>

<<<<<<<<<<  ALIGNMENT BEGINS  <<<<<<<<<<

#  Aligning Eloop_consensus and 2r8s_R:19-24_94-100:
#  Alignment score:  19.8
#  P-value:  2.100e-01
#  Query aligned region: 1-1,4-4
#  Target aligned region: 3:R124-3:R124,7:R197-7:R197

	A...U
	C...C

#  Matched base-pairing interactions: 
	<A(1:)-U(4:) trans H/W>                        MATCHES	<C(3:R124)-C(7:R197) trans H/W>
#  Matched base-stacking interactions: 

>>>>>>>>>>   ALIGNMENT ENDS   >>>>>>>>>>

<<<<<<<<<<  ALIGNMENT BEGINS  <<<<<<<<<<

#  Aligning Eloop_consensus and 2r8s_R:94-100_19-24:
#  Alignment score:  7.4
#  P-value:  1.000e+00
#  Query aligned region: 1-1,4-4
#  Target aligned region: 2:R198-2:R198,9:R123-9:R123

	A...U
	A...A

#  Matched base-pairing interactions: 
	<A(1:)-U(4:) trans H/W>                        MATCHES	<A(2:R198)-A(9:R123) trans H/W>
#  Matched base-stacking interactions: 

>>>>>>>>>>   ALIGNMENT ENDS   >>>>>>>>>>

<<<<<<<<<<  ALIGNMENT BEGINS  <<<<<<<<<<

#  Aligning Eloop_consensus and 2r8s_R:85-87_32-34_65-71:
#  Alignment score:  3.5
#  P-value:  1.000e+00
#  Query aligned region: 1-2,3-4
#  Target aligned region: 1:R188-2:R189,3:R134-3:R134,7:R168-7:R168

	AG...G~U
	GC...G~U

#  Matched base-pairing interactions: 
	<A(1:)-U(4:) trans H/W>                        MATCHES	<G(1:R188)-U(7:R168) trans W/H>
	<G(2:)-G(3:) trans H/S>                        MATCHES	<C(2:R189)-G(3:R134) cis W/W>
#  Matched base-stacking interactions: 

>>>>>>>>>>   ALIGNMENT ENDS   >>>>>>>>>>

<<<<<<<<<<  ALIGNMENT BEGINS  <<<<<<<<<<

#  Aligning Eloop_consensus and 2r8s_R:85-87_65-71_32-34:
#  Alignment score:  3.1
#  P-value:  1.000e+00
#  Query aligned region: 
#  Target aligned region: 

	
	

#  Matched base-pairing interactions: 
#  Matched base-stacking interactions: 

>>>>>>>>>>   ALIGNMENT ENDS   >>>>>>>>>>

<<<<<<<<<<  ALIGNMENT BEGINS  <<<<<<<<<<

#  Aligning Eloop_consensus and 2r8s_R:120-124_144-147_49-51:
#  Alignment score:  2.8
#  P-value:  1.000e+00
#  Query aligned region: 
#  Target aligned region: 

	
	

#  Matched base-pairing interactions: 
#  Matched base-stacking interactions: 

>>>>>>>>>>   ALIGNMENT ENDS   >>>>>>>>>>

<<<<<<<<<<  ALIGNMENT BEGINS  <<<<<<<<<<

#  Aligning Eloop_consensus and 2r8s_R:120-124_49-51_144-147:
#  Alignment score:  2.8
#  P-value:  1.000e+00
#  Query aligned region: 
#  Target aligned region: 

	
	

#  Matched base-pairing interactions: 
#  Matched base-stacking interactions: 

>>>>>>>>>>   ALIGNMENT ENDS   >>>>>>>>>>

<<<<<<<<<<  ALIGNMENT BEGINS  <<<<<<<<<<

#  Aligning Eloop_consensus and 2r8s_R:49-51_120-124_144-147:
#  Alignment score:  2.8
#  P-value:  1.000e+00
#  Query aligned region: 
#  Target aligned region: 

	
	

#  Matched base-pairing interactions: 
#  Matched base-stacking interactions: 

>>>>>>>>>>   ALIGNMENT ENDS   >>>>>>>>>>

<<<<<<<<<<  ALIGNMENT BEGINS  <<<<<<<<<<

#  Aligning Eloop_consensus and 2r8s_R:32-34_85-87_65-71:
#  Alignment score:  2.5
#  P-value:  1.000e+00
#  Query aligned region: 
#  Target aligned region: 

	
	

#  Matched base-pairing interactions: 
#  Matched base-stacking interactions: 

>>>>>>>>>>   ALIGNMENT ENDS   >>>>>>>>>>

