$ /home/s081p868/scratch/RNAMotifScanX-release/bin/scan /home/s081p868/scratch/RNAMotifScanX-release/models/e-loop_consensus.struct /rfs/poseidon_share/s081p868/RNAMotifScanX_nr/rmsx_work_default/3d2g/A/3d2g_A.rmsx.in --map_pdb=/rfs/poseidon_share/s081p868/RNAMotifScanX_nr/rmsx_work_default/3d2g/A/3d2g_A.rmsx.nch --pvalue 1.0 --num_threads 8 --write_alignment
<<<<<<<<<<  ALIGNMENT BEGINS  <<<<<<<<<<

#  Aligning Eloop_consensus and 3d2g_A:30-35_10-12_25-29:
#  Alignment score:  24.2
#  P-value:  1.264e-01
#  Query aligned region: 1-2,3-4
#  Target aligned region: 0:A31-0:A31,8:A13-8:A13,9:A26-10:A27

	A~G...GU
	A~G...CU

#  Matched base-pairing interactions: 
	<A(1:)-U(4:) trans H/W>                        MATCHES	<A(0:A31)-U(10:A27) trans H/W>
	<G(2:)-G(3:) trans H/S>                        MATCHES	<G(8:A13)-C(9:A26) cis W/W>
#  Matched base-stacking interactions: 

>>>>>>>>>>   ALIGNMENT ENDS   >>>>>>>>>>

<<<<<<<<<<  ALIGNMENT BEGINS  <<<<<<<<<<

#  Aligning Eloop_consensus and 3d2g_A:65-71_39-46_28-29:
#  Alignment score:  23
#  P-value:  1.476e-01
#  Query aligned region: 0-0,5-5
#  Target aligned region: 5:A71-5:A71,11:A44-11:A44

	G...A
	G...A

#  Matched base-pairing interactions: 
	<G(0:)-A(5:) trans S/H>                        MATCHES	<G(5:A71)-A(11:A44) trans S/H>
#  Matched base-stacking interactions: 

>>>>>>>>>>   ALIGNMENT ENDS   >>>>>>>>>>

<<<<<<<<<<  ALIGNMENT BEGINS  <<<<<<<<<<

#  Aligning Eloop_consensus and 3d2g_A:39-46_65-71_28-29:
#  Alignment score:  22.2
#  P-value:  1.648e-01
#  Query aligned region: 0-0,5-5
#  Target aligned region: 2:A42-2:A42,14:A72-14:A72

	G...A
	G...A

#  Matched base-pairing interactions: 
	<G(0:)-A(5:) trans S/H>                        MATCHES	<G(2:A42)-A(14:A72) trans S/H>
#  Matched base-stacking interactions: 

>>>>>>>>>>   ALIGNMENT ENDS   >>>>>>>>>>

<<<<<<<<<<  ALIGNMENT BEGINS  <<<<<<<<<<

#  Aligning Eloop_consensus and 3d2g_A:10-12_25-29_30-35:
#  Alignment score:  7.2
#  P-value:  1.000e+00
#  Query aligned region: 0-2,3-5
#  Target aligned region: 0:A11-1:A12,5:A28-7:A30,10:A33-11:A34

	GA~G...G~UA
	GU~G...G~AG

#  Matched base-pairing interactions: 
	<A(1:)-U(4:) trans H/W>                        MATCHES	<U(1:A12)-A(10:A33) cis W/H>
	<G(2:)-G(3:) trans H/S>                        MATCHES	<G(5:A28)-G(7:A30) cis -/->
	<G(0:)-A(5:) trans S/H>                        MATCHES	<G(0:A11)-G(11:A34) cis -/->
#  Matched base-stacking interactions: 

>>>>>>>>>>   ALIGNMENT ENDS   >>>>>>>>>>

