$ /home/s081p868/scratch/RNAMotifScanX-release/bin/scan /home/s081p868/scratch/RNAMotifScanX-release/models/c-loop_consensus.struct /rfs/poseidon_share/s081p868/RNAMotifScanX_nr/rmsx_work_default/4v50/BA/4v50_BA.rmsx.in --map_pdb=/rfs/poseidon_share/s081p868/RNAMotifScanX_nr/rmsx_work_default/4v50/BA/4v50_BA.rmsx.nch --pvalue 1.0 --num_threads 16 --write_alignment
<<<<<<<<<<  ALIGNMENT BEGINS  <<<<<<<<<<

#  Aligning c-loop_conseusus and 4v50_BA:72-80_95-102:
#  Alignment score:  10.2
#  P-value:  1.000e+00
#  Query aligned region: 4-4,5-5
#  Target aligned region: 1:'BA'74-1:'BA'74,15:'BA'102-15:'BA'102

	U...A
	U...G

#  Matched base-pairing interactions: 
	<U(4:)-A(5:) cis W/W>                          MATCHES	<U(1:'BA'74)-G(15:'BA'102) cis W/W>
#  Matched base-stacking interactions: 

>>>>>>>>>>   ALIGNMENT ENDS   >>>>>>>>>>

<<<<<<<<<<  ALIGNMENT BEGINS  <<<<<<<<<<

#  Aligning c-loop_conseusus and 4v50_BA:14-16_12-13_66-69:
#  Alignment score:  9.8
#  P-value:  1.000e+00
#  Query aligned region: 4-4,5-5
#  Target aligned region: 2:'BA'17-2:'BA'17,5:'BA'67-5:'BA'67

	U...A
	C...G

#  Matched base-pairing interactions: 
	<U(4:)-A(5:) cis W/W>                          MATCHES	<C(2:'BA'17)-G(5:'BA'67) cis W/W>
#  Matched base-stacking interactions: 

>>>>>>>>>>   ALIGNMENT ENDS   >>>>>>>>>>

<<<<<<<<<<  ALIGNMENT BEGINS  <<<<<<<<<<

#  Aligning c-loop_conseusus and 4v50_BA:49-56_27-32:
#  Alignment score:  9.8
#  P-value:  1.000e+00
#  Query aligned region: 4-4,5-5
#  Target aligned region: 4:'BA'54-4:'BA'54,10:'BA'30-10:'BA'30

	U...A
	G...C

#  Matched base-pairing interactions: 
	<U(4:)-A(5:) cis W/W>                          MATCHES	<G(4:'BA'54)-C(10:'BA'30) cis W/W>
#  Matched base-stacking interactions: 

>>>>>>>>>>   ALIGNMENT ENDS   >>>>>>>>>>

<<<<<<<<<<  ALIGNMENT BEGINS  <<<<<<<<<<

#  Aligning c-loop_conseusus and 4v50_BA:98-106_68-76:
#  Alignment score:  9.8
#  P-value:  1.000e+00
#  Query aligned region: 4-4,5-5
#  Target aligned region: 7:'BA'106-7:'BA'106,10:'BA'70-10:'BA'70

	U...A
	G...C

#  Matched base-pairing interactions: 
	<U(4:)-A(5:) cis W/W>                          MATCHES	<G(7:'BA'106)-C(10:'BA'70) cis W/W>
#  Matched base-stacking interactions: 

>>>>>>>>>>   ALIGNMENT ENDS   >>>>>>>>>>

<<<<<<<<<<  ALIGNMENT BEGINS  <<<<<<<<<<

#  Aligning c-loop_conseusus and 4v50_BA:42-52_30-39:
#  Alignment score:  7.4
#  P-value:  1.000e+00
#  Query aligned region: 4-4,5-5
#  Target aligned region: 5:'BA'48-5:'BA'48,14:'BA'34-14:'BA'34

	U...A
	U...A

#  Matched base-pairing interactions: 
	<U(4:)-A(5:) cis W/W>                          MATCHES	<U(5:'BA'48)-A(14:'BA'34) cis W/W>
#  Matched base-stacking interactions: 

>>>>>>>>>>   ALIGNMENT ENDS   >>>>>>>>>>

<<<<<<<<<<  ALIGNMENT BEGINS  <<<<<<<<<<

#  Aligning c-loop_conseusus and 4v50_BA:85-89:
#  Alignment score:  1.8
#  P-value:  1.000e+00
#  Query aligned region: 
#  Target aligned region: 

	
	

#  Matched base-pairing interactions: 
#  Matched base-stacking interactions: 

>>>>>>>>>>   ALIGNMENT ENDS   >>>>>>>>>>

