$ /home/s081p868/scratch/RNAMotifScanX-release/bin/scan /home/s081p868/scratch/RNAMotifScanX-release/models/k-turn_consensus.struct /rfs/poseidon_share/s081p868/RNAMotifScanX_nr/rmsx_work_default/3j7a/A/3j7a_A.rmsx.in --map_pdb=/rfs/poseidon_share/s081p868/RNAMotifScanX_nr/rmsx_work_default/3j7a/A/3j7a_A.rmsx.nch --pvalue 1.0 --num_threads 8 --write_alignment
<<<<<<<<<<  ALIGNMENT BEGINS  <<<<<<<<<<

#  Aligning k-turn_consensus and 3j7a_A:1832-1841_1271-1272_1862-1867:
#  Alignment score:  105.6
#  P-value:  1.606e-02
#  Query aligned region: 0-3,6-12
#  Target aligned region: 4:A1837-7:A1840,11:A1273-11:A1273,14:A1865-17:A1868

	GGGA...G~GAAC
	GGGA...G~GAAC

#  Matched base-pairing interactions: 
	<A(3:)-G(6:) trans S/S>                        MATCHES	<A(7:A1840)-G(11:A1273) trans S/S>
	<A(3:)-G(9:) trans H/S>                        MATCHES	<A(7:A1840)-G(14:A1865) trans H/S>
	<G(2:)-A(10:) trans S/H>                       MATCHES	<G(6:A1839)-A(15:A1866) trans S/H>
	<G(1:)-A(11:) trans S/H>                       MATCHES	<G(5:A1838)-A(16:A1867) trans S/H>
	<G(0:)-C(12:) cis W/W>                         MATCHES	<G(4:A1837)-C(17:A1868) cis W/W>
#  Matched base-stacking interactions: 
	<A(3:)-A(10:) outward>                         MATCHES	<A(7:A1840)-A(15:A1866) outward>

>>>>>>>>>>   ALIGNMENT ENDS   >>>>>>>>>>

<<<<<<<<<<  ALIGNMENT BEGINS  <<<<<<<<<<

#  Aligning k-turn_consensus and 3j7a_A:961-968_977-987:
#  Alignment score:  93.4
#  P-value:  2.253e-02
#  Query aligned region: 0-4,5-12
#  Target aligned region: 1:A963-6:A968,9:A979-17:A987

	GG-GAG...CGAAGA-AC
	UGUCAG...CUUAGAUUU

#  Matched base-pairing interactions: 
	<G(1:)-A(11:) trans S/H>                       MATCHES	<G(2:A964)-U(16:A986) cis W/W>
	<G(2:)-A(10:) trans S/H>                       MATCHES	<C(4:A966)-A(14:A984) trans W/H>
	<A(3:)-G(9:) trans H/S>                        MATCHES	<A(5:A967)-G(13:A983) trans H/S>
	<A(3:)-G(6:) trans S/S>                        MATCHES	<A(5:A967)-U(10:A980) cis -/->
	<G(4:)-A(10:) trans S/S>                       MATCHES	<G(6:A968)-A(14:A984) trans S/S>
	<G(4:)-C(5:) cis W/W>                          MATCHES	<G(6:A968)-C(9:A979) cis W/W>
	<G(0:)-C(12:) cis W/W>                         MATCHES	<U(1:A963)-U(17:A987) cis W/W>
#  Matched base-stacking interactions: 
	<A(3:)-A(10:) outward>                         MATCHES	<A(5:A967)-A(14:A984) outward>

>>>>>>>>>>   ALIGNMENT ENDS   >>>>>>>>>>

<<<<<<<<<<  ALIGNMENT BEGINS  <<<<<<<<<<

#  Aligning k-turn_consensus and 3j7a_A:2018-2025_411-413_1963-1970:
#  Alignment score:  90
#  P-value:  2.504e-02
#  Query aligned region: 0-4,6-12
#  Target aligned region: 1:A2020-4:A2023,9:A413-10:A414,14:A1967-17:A1970

	GGGA~G...G~GAAC
	GUAA~A...C~GAAU

#  Matched base-pairing interactions: 
	<A(3:)-G(9:) trans H/S>                        MATCHES	<A(4:A2023)-G(14:A1967) trans H/S>
	<G(2:)-A(10:) trans S/H>                       MATCHES	<A(3:A2022)-A(15:A1968) trans S/H>
	<A(3:)-G(6:) trans S/S>                        MATCHES	<A(4:A2023)-C(10:A414) trans S/S>
	<G(4:)-A(10:) trans S/S>                       MATCHES	<A(9:A413)-A(15:A1968) cis -/->
	<G(1:)-A(11:) trans S/H>                       MATCHES	<U(2:A2021)-A(16:A1969) cis W/W>
	<G(0:)-C(12:) cis W/W>                         MATCHES	<G(1:A2020)-U(17:A1970) cis W/W>
#  Matched base-stacking interactions: 
	<A(3:)-A(10:) outward>                         MATCHES	<A(4:A2023)-A(15:A1968) outward>

>>>>>>>>>>   ALIGNMENT ENDS   >>>>>>>>>>

<<<<<<<<<<  ALIGNMENT BEGINS  <<<<<<<<<<

#  Aligning k-turn_consensus and 3j7a_A:1216-1217_314-323_351-362:
#  Alignment score:  69.7
#  P-value:  5.469e-02
#  Query aligned region: 2-4,5-10
#  Target aligned region: 5:A318-9:A322,14:A354-19:A359

	G--AG...CGAAGA
	AUCAG...CUAUGA

#  Matched base-pairing interactions: 
	<A(3:)-G(9:) trans H/S>                        MATCHES	<A(8:A321)-G(18:A358) trans H/S>
	<A(3:)-G(6:) trans S/S>                        MATCHES	<A(8:A321)-U(15:A355) cis -/->
	<G(4:)-A(10:) trans S/S>                       MATCHES	<G(9:A322)-A(19:A359) trans S/S>
	<G(4:)-C(5:) cis W/W>                          MATCHES	<G(9:A322)-C(14:A354) cis W/W>
	<G(2:)-A(10:) trans S/H>                       MATCHES	<A(5:A318)-A(19:A359) trans W/H>
#  Matched base-stacking interactions: 
	<A(3:)-A(10:) outward>                         MATCHES	<A(8:A321)-A(19:A359) outward>

>>>>>>>>>>   ALIGNMENT ENDS   >>>>>>>>>>

<<<<<<<<<<  ALIGNMENT BEGINS  <<<<<<<<<<

#  Aligning k-turn_consensus and 3j7a_A:1076-1084_1055-1065_975-976:
#  Alignment score:  45.9
#  P-value:  2.830e-01
#  Query aligned region: 0-4,5-12
#  Target aligned region: 2:A1079-8:A1085,9:A1056-16:A1063

	GGGA-G...C~G-AAGAAC
	CGUAAU...C~GAGUGAAG

#  Matched base-pairing interactions: 
	<A(3:)-G(9:) trans H/S>                        MATCHES	<A(5:A1082)-G(13:A1060) trans H/S>
	<G(2:)-A(10:) trans S/H>                       MATCHES	<U(4:A1081)-A(14:A1061) trans W/W>
	<A(3:)-G(6:) trans S/S>                        MATCHES	<A(5:A1082)-G(9:A1056) cis -/->
	<G(4:)-C(5:) cis W/W>                          MATCHES	<U(7:A1084)-C(8:A1085) cis -/->
	<G(1:)-A(11:) trans S/H>                       MATCHES	<G(3:A1080)-A(15:A1062) trans S/H>
	<G(0:)-C(12:) cis W/W>                         MATCHES	<C(2:A1079)-G(16:A1063) cis W/W>
#  Matched base-stacking interactions: 
	<A(3:)-A(10:) outward>                         MATCHES	<A(5:A1082)-A(14:A1061) downward>

>>>>>>>>>>   ALIGNMENT ENDS   >>>>>>>>>>

<<<<<<<<<<  ALIGNMENT BEGINS  <<<<<<<<<<

#  Aligning k-turn_consensus and 3j7a_A:1211-1220_1946-1948_1228-1234:
#  Alignment score:  41.6
#  P-value:  4.777e-01
#  Query aligned region: 0-3,6-12
#  Target aligned region: 0:A1212-5:A1217,12:A1949-12:A1949,15:A1231-19:A1235

	GG--GA...G~GA-AC
	CGAGUA...C~GAAAG

#  Matched base-pairing interactions: 
	<A(3:)-G(9:) trans H/S>                        MATCHES	<A(5:A1217)-G(15:A1231) trans H/S>
	<A(3:)-G(6:) trans S/S>                        MATCHES	<A(5:A1217)-C(12:A1949) cis S/S>
	<G(1:)-A(11:) trans S/H>                       MATCHES	<G(1:A1213)-A(18:A1234) trans S/H>
	<G(2:)-A(10:) trans S/H>                       MATCHES	<U(4:A1216)-A(16:A1232) trans W/H>
	<G(0:)-C(12:) cis W/W>                         MATCHES	<C(0:A1212)-G(19:A1235) cis W/W>
#  Matched base-stacking interactions: 
	<A(3:)-A(10:) outward>                         MATCHES	<A(5:A1217)-A(16:A1232) outward>

>>>>>>>>>>   ALIGNMENT ENDS   >>>>>>>>>>

<<<<<<<<<<  ALIGNMENT BEGINS  <<<<<<<<<<

#  Aligning k-turn_consensus and 3j7a_A:1946-1948_1226-1233_1212-1222:
#  Alignment score:  27.1
#  P-value:  1.000e+00
#  Query aligned region: 0-1,11-12
#  Target aligned region: 6:A1230-7:A1231,15:A1217-17:A1219

	GG...A-C
	AG...AUU

#  Matched base-pairing interactions: 
	<G(0:)-C(12:) cis W/W>                         MATCHES	<A(6:A1230)-U(17:A1219) cis W/W>
	<G(1:)-A(11:) trans S/H>                       MATCHES	<G(7:A1231)-A(15:A1217) trans S/H>
#  Matched base-stacking interactions: 

>>>>>>>>>>   ALIGNMENT ENDS   >>>>>>>>>>

<<<<<<<<<<  ALIGNMENT BEGINS  <<<<<<<<<<

#  Aligning k-turn_consensus and 3j7a_A:1203-1204_1036-1042_629-637:
#  Alignment score:  26.4
#  P-value:  1.000e+00
#  Query aligned region: 0-1,11-12
#  Target aligned region: 2:A1037-3:A1038,16:A637-17:A638

	GG...AC
	UC...AG

#  Matched base-pairing interactions: 
	<G(1:)-A(11:) trans S/H>                       MATCHES	<C(3:A1038)-A(16:A637) trans S/H>
	<G(0:)-C(12:) cis W/W>                         MATCHES	<U(2:A1037)-G(17:A638) cis W/W>
#  Matched base-stacking interactions: 

>>>>>>>>>>   ALIGNMENT ENDS   >>>>>>>>>>

<<<<<<<<<<  ALIGNMENT BEGINS  <<<<<<<<<<

#  Aligning k-turn_consensus and 3j7a_A:38-43_441-451_466-474:
#  Alignment score:  26.4
#  P-value:  1.000e+00
#  Query aligned region: 0-1,11-12
#  Target aligned region: 2:A41-2:A41,10:A446-11:A447,22:A472-22:A472

	G~G...A~C
	A~U...A~U

#  Matched base-pairing interactions: 
	<G(0:)-C(12:) cis W/W>                         MATCHES	<A(2:A41)-U(22:A472) cis W/W>
	<G(1:)-A(11:) trans S/H>                       MATCHES	<U(10:A446)-A(11:A447) trans S/H>
#  Matched base-stacking interactions: 

>>>>>>>>>>   ALIGNMENT ENDS   >>>>>>>>>>

<<<<<<<<<<  ALIGNMENT BEGINS  <<<<<<<<<<

#  Aligning k-turn_consensus and 3j7a_A:1064-1066_967-971_973-978:
#  Alignment score:  26
#  P-value:  1.000e+00
#  Query aligned region: 0-1,11-12
#  Target aligned region: 0:A1065-0:A1065,6:A971-6:A971,10:A976-11:A977

	G~G...AC
	C~G...AU

#  Matched base-pairing interactions: 
	<G(0:)-C(12:) cis W/W>                         MATCHES	<C(0:A1065)-U(11:A977) cis S/S>
	<G(1:)-A(11:) trans S/H>                       MATCHES	<G(6:A971)-A(10:A976) trans S/H>
#  Matched base-stacking interactions: 

>>>>>>>>>>   ALIGNMENT ENDS   >>>>>>>>>>

<<<<<<<<<<  ALIGNMENT BEGINS  <<<<<<<<<<

#  Aligning k-turn_consensus and 3j7a_A:1946-1948_1212-1222_1226-1233:
#  Alignment score:  24.6
#  P-value:  1.000e+00
#  Query aligned region: 1-1,11-11
#  Target aligned region: 3:A1213-3:A1213,21:A1234-21:A1234

	G...A
	G...A

#  Matched base-pairing interactions: 
	<G(1:)-A(11:) trans S/H>                       MATCHES	<G(3:A1213)-A(21:A1234) trans S/H>
#  Matched base-stacking interactions: 

>>>>>>>>>>   ALIGNMENT ENDS   >>>>>>>>>>

<<<<<<<<<<  ALIGNMENT BEGINS  <<<<<<<<<<

#  Aligning k-turn_consensus and 3j7a_A:1051-1055_1081-1087_1056-1059:
#  Alignment score:  24.6
#  P-value:  1.000e+00
#  Query aligned region: 1-1,11-11
#  Target aligned region: 4:A1056-4:A1056,12:A1057-12:A1057

	G...A
	G...A

#  Matched base-pairing interactions: 
	<G(1:)-A(11:) trans S/H>                       MATCHES	<G(4:A1056)-A(12:A1057) trans S/H>
#  Matched base-stacking interactions: 

>>>>>>>>>>   ALIGNMENT ENDS   >>>>>>>>>>

<<<<<<<<<<  ALIGNMENT BEGINS  <<<<<<<<<<

#  Aligning k-turn_consensus and 3j7a_A:1045-1047_2059-2067_2076-2084:
#  Alignment score:  24.2
#  P-value:  1.000e+00
#  Query aligned region: 3-3,6-9
#  Target aligned region: 1:A1047-1:A1047,9:A2066-9:A2066,14:A2079-14:A2079

	A...G~G
	A...G~C

#  Matched base-pairing interactions: 
	<A(3:)-G(6:) trans S/S>                        MATCHES	<A(1:A1047)-G(9:A2066) trans S/S>
	<A(3:)-G(9:) trans H/S>                        MATCHES	<A(1:A1047)-C(14:A2079) cis S/S>
#  Matched base-stacking interactions: 

>>>>>>>>>>   ALIGNMENT ENDS   >>>>>>>>>>

<<<<<<<<<<  ALIGNMENT BEGINS  <<<<<<<<<<

#  Aligning k-turn_consensus and 3j7a_A:1187-1190_623-625_1181-1186:
#  Alignment score:  24.2
#  P-value:  1.000e+00
#  Query aligned region: 3-3,6-9
#  Target aligned region: 1:A1189-1:A1189,4:A624-4:A624,11:A1186-11:A1186

	A...G~G
	A...U~G

#  Matched base-pairing interactions: 
	<A(3:)-G(9:) trans H/S>                        MATCHES	<A(1:A1189)-G(11:A1186) trans H/S>
	<A(3:)-G(6:) trans S/S>                        MATCHES	<A(1:A1189)-U(4:A624) cis W/W>
#  Matched base-stacking interactions: 

>>>>>>>>>>   ALIGNMENT ENDS   >>>>>>>>>>

<<<<<<<<<<  ALIGNMENT BEGINS  <<<<<<<<<<

#  Aligning k-turn_consensus and 3j7a_A:1683-1693_1316-1321_1363-1372:
#  Alignment score:  24.1
#  P-value:  1.000e+00
#  Query aligned region: 0-1,11-12
#  Target aligned region: 4:A1688-5:A1689,19:A1366-21:A1368

	GG...A-C
	UU...AUG

#  Matched base-pairing interactions: 
	<G(0:)-C(12:) cis W/W>                         MATCHES	<U(4:A1688)-G(21:A1368) cis W/W>
	<G(1:)-A(11:) trans S/H>                       MATCHES	<U(5:A1689)-A(19:A1366) trans S/H>
#  Matched base-stacking interactions: 

>>>>>>>>>>   ALIGNMENT ENDS   >>>>>>>>>>

<<<<<<<<<<  ALIGNMENT BEGINS  <<<<<<<<<<

#  Aligning k-turn_consensus and 3j7a_A:1059-1066_1074-1081_975-976:
#  Alignment score:  23.8
#  P-value:  1.000e+00
#  Query aligned region: 1-1,11-11
#  Target aligned region: 0:A1060-0:A1060,15:A1082-15:A1082

	G...A
	G...A

#  Matched base-pairing interactions: 
	<G(1:)-A(11:) trans S/H>                       MATCHES	<G(0:A1060)-A(15:A1082) trans S/H>
#  Matched base-stacking interactions: 

>>>>>>>>>>   ALIGNMENT ENDS   >>>>>>>>>>

<<<<<<<<<<  ALIGNMENT BEGINS  <<<<<<<<<<

#  Aligning k-turn_consensus and 3j7a_A:634-640_930-932_1032-1039:
#  Alignment score:  23.8
#  P-value:  1.000e+00
#  Query aligned region: 1-1,11-11
#  Target aligned region: 0:A635-0:A635,17:A1040-17:A1040

	G...A
	G...A

#  Matched base-pairing interactions: 
	<G(1:)-A(11:) trans S/H>                       MATCHES	<G(0:A635)-A(17:A1040) trans S/H>
#  Matched base-stacking interactions: 

>>>>>>>>>>   ALIGNMENT ENDS   >>>>>>>>>>

<<<<<<<<<<  ALIGNMENT BEGINS  <<<<<<<<<<

#  Aligning k-turn_consensus and 3j7a_A:1303-1306_1298-1302_1891-1896:
#  Alignment score:  23
#  P-value:  1.000e+00
#  Query aligned region: 3-3,6-9
#  Target aligned region: 0:A1304-0:A1304,8:A1303-8:A1303,11:A1894-11:A1894

	A...G~G
	A...A~A

#  Matched base-pairing interactions: 
	<A(3:)-G(6:) trans S/S>                        MATCHES	<A(0:A1304)-A(8:A1303) trans S/S>
	<A(3:)-G(9:) trans H/S>                        MATCHES	<A(0:A1304)-A(11:A1894) trans H/W>
#  Matched base-stacking interactions: 

>>>>>>>>>>   ALIGNMENT ENDS   >>>>>>>>>>

<<<<<<<<<<  ALIGNMENT BEGINS  <<<<<<<<<<

#  Aligning k-turn_consensus and 3j7a_A:1838-1844_1858-1866_1271-1272:
#  Alignment score:  23
#  P-value:  1.000e+00
#  Query aligned region: 1-1,11-11
#  Target aligned region: 0:A1839-0:A1839,14:A1866-14:A1866

	G...A
	G...A

#  Matched base-pairing interactions: 
	<G(1:)-A(11:) trans S/H>                       MATCHES	<G(0:A1839)-A(14:A1866) trans S/H>
#  Matched base-stacking interactions: 

>>>>>>>>>>   ALIGNMENT ENDS   >>>>>>>>>>

<<<<<<<<<<  ALIGNMENT BEGINS  <<<<<<<<<<

#  Aligning k-turn_consensus and 3j7a_A:1877-1883_1261-1265_1905-1912:
#  Alignment score:  22.8
#  P-value:  1.000e+00
#  Query aligned region: 3-3,6-9
#  Target aligned region: 5:A1883-5:A1883,11:A1266-11:A1266,13:A1907-13:A1907

	A...G~G
	A...G~G

#  Matched base-pairing interactions: 
	<A(3:)-G(6:) trans S/S>                        MATCHES	<A(5:A1883)-G(11:A1266) trans S/S>
	<A(3:)-G(9:) trans H/S>                        MATCHES	<A(5:A1883)-G(13:A1907) cis -/->
#  Matched base-stacking interactions: 

>>>>>>>>>>   ALIGNMENT ENDS   >>>>>>>>>>

<<<<<<<<<<  ALIGNMENT BEGINS  <<<<<<<<<<

#  Aligning k-turn_consensus and 3j7a_A:1636-1652_1406-1419:
#  Alignment score:  22.8
#  P-value:  1.000e+00
#  Query aligned region: 0-1,11-12
#  Target aligned region: 5:A1642-11:A1648

	GG...AC
	UG...AA

#  Matched base-pairing interactions: 
	<G(1:)-A(11:) trans S/H>                       MATCHES	<G(6:A1643)-A(10:A1647) trans S/H>
	<G(0:)-C(12:) cis W/W>                         MATCHES	<U(5:A1642)-A(11:A1648) cis W/W>
#  Matched base-stacking interactions: 

>>>>>>>>>>   ALIGNMENT ENDS   >>>>>>>>>>

<<<<<<<<<<  ALIGNMENT BEGINS  <<<<<<<<<<

#  Aligning k-turn_consensus and 3j7a_A:1232-1239_1209-1213_14-16:
#  Alignment score:  22.8
#  P-value:  1.000e+00
#  Query aligned region: 3-3,6-9
#  Target aligned region: 6:A1239-6:A1239,8:A1210-8:A1210,14:A16-14:A16

	A...G~G
	A...G~G

#  Matched base-pairing interactions: 
	<A(3:)-G(9:) trans H/S>                        MATCHES	<A(6:A1239)-G(14:A16) trans H/S>
	<A(3:)-G(6:) trans S/S>                        MATCHES	<A(6:A1239)-G(8:A1210) cis -/->
#  Matched base-stacking interactions: 

>>>>>>>>>>   ALIGNMENT ENDS   >>>>>>>>>>

<<<<<<<<<<  ALIGNMENT BEGINS  <<<<<<<<<<

#  Aligning k-turn_consensus and 3j7a_A:2021-2028_1961-1968_411-413:
#  Alignment score:  22.6
#  P-value:  1.000e+00
#  Query aligned region: 1-1,11-11
#  Target aligned region: 0:A2022-0:A2022,14:A1968-14:A1968

	G...A
	A...A

#  Matched base-pairing interactions: 
	<G(1:)-A(11:) trans S/H>                       MATCHES	<A(0:A2022)-A(14:A1968) trans S/H>
#  Matched base-stacking interactions: 

>>>>>>>>>>   ALIGNMENT ENDS   >>>>>>>>>>

<<<<<<<<<<  ALIGNMENT BEGINS  <<<<<<<<<<

#  Aligning k-turn_consensus and 3j7a_A:977-987_961-968:
#  Alignment score:  22.2
#  P-value:  1.000e+00
#  Query aligned region: 1-1,11-11
#  Target aligned region: 5:A983-5:A983,16:A967-16:A967

	G...A
	G...A

#  Matched base-pairing interactions: 
	<G(1:)-A(11:) trans S/H>                       MATCHES	<G(5:A983)-A(16:A967) trans S/H>
#  Matched base-stacking interactions: 

>>>>>>>>>>   ALIGNMENT ENDS   >>>>>>>>>>

<<<<<<<<<<  ALIGNMENT BEGINS  <<<<<<<<<<

#  Aligning k-turn_consensus and 3j7a_A:441-451_38-43_466-474:
#  Alignment score:  22.2
#  P-value:  1.000e+00
#  Query aligned region: 1-1,11-11
#  Target aligned region: 11:A39-11:A39,25:A475-25:A475

	G...A
	A...C

#  Matched base-pairing interactions: 
	<G(1:)-A(11:) trans S/H>                       MATCHES	<A(11:A39)-C(25:A475) trans S/H>
#  Matched base-stacking interactions: 

>>>>>>>>>>   ALIGNMENT ENDS   >>>>>>>>>>

<<<<<<<<<<  ALIGNMENT BEGINS  <<<<<<<<<<

#  Aligning k-turn_consensus and 3j7a_A:582-589_568-581_557-560:
#  Alignment score:  21.4
#  P-value:  1.000e+00
#  Query aligned region: 1-1,11-11
#  Target aligned region: 0:A583-0:A583,13:A574-13:A574

	G...A
	G...A

#  Matched base-pairing interactions: 
	<G(1:)-A(11:) trans S/H>                       MATCHES	<G(0:A583)-A(13:A574) trans S/H>
#  Matched base-stacking interactions: 

>>>>>>>>>>   ALIGNMENT ENDS   >>>>>>>>>>

<<<<<<<<<<  ALIGNMENT BEGINS  <<<<<<<<<<

#  Aligning k-turn_consensus and 3j7a_A:399-406_91-94_55-56:
#  Alignment score:  20.6
#  P-value:  1.000e+00
#  Query aligned region: 1-1,11-11
#  Target aligned region: 2:A402-2:A402,11:A95-11:A95

	G...A
	G...A

#  Matched base-pairing interactions: 
	<G(1:)-A(11:) trans S/H>                       MATCHES	<G(2:A402)-A(11:A95) trans S/H>
#  Matched base-stacking interactions: 

>>>>>>>>>>   ALIGNMENT ENDS   >>>>>>>>>>

<<<<<<<<<<  ALIGNMENT BEGINS  <<<<<<<<<<

#  Aligning k-turn_consensus and 3j7a_A:1936-1941_2065-2079_2048-2053:
#  Alignment score:  18.6
#  P-value:  1.000e+00
#  Query aligned region: 3-3,6-9
#  Target aligned region: 14:A2074-15:A2075,24:A2052-24:A2052

	A...G~G
	A...C~G

#  Matched base-pairing interactions: 
	<A(3:)-G(6:) trans S/S>                        MATCHES	<A(14:A2074)-C(15:A2075) trans S/S>
	<A(3:)-G(9:) trans H/S>                        MATCHES	<A(14:A2074)-G(24:A2052) trans S/S>
#  Matched base-stacking interactions: 

>>>>>>>>>>   ALIGNMENT ENDS   >>>>>>>>>>

<<<<<<<<<<  ALIGNMENT BEGINS  <<<<<<<<<<

#  Aligning k-turn_consensus and 3j7a_A:2033-2041_1947-1955:
#  Alignment score:  15
#  P-value:  1.000e+00
#  Query aligned region: 0-1,11-12
#  Target aligned region: 5:A2039-6:A2040,10:A1949-11:A1950

	GG...AC
	GG...CC

#  Matched base-pairing interactions: 
	<G(1:)-A(11:) trans S/H>                       MATCHES	<G(6:A2040)-C(10:A1949) cis W/W>
	<G(0:)-C(12:) cis W/W>                         MATCHES	<G(5:A2039)-C(11:A1950) cis W/W>
#  Matched base-stacking interactions: 

>>>>>>>>>>   ALIGNMENT ENDS   >>>>>>>>>>

<<<<<<<<<<  ALIGNMENT BEGINS  <<<<<<<<<<

#  Aligning k-turn_consensus and 3j7a_A:593-602_551-560_561-565:
#  Alignment score:  14.6
#  P-value:  1.000e+00
#  Query aligned region: 3-3,6-9
#  Target aligned region: 5:A599-9:A603,11:A553-11:A553

	A...G~G
	A...C~U

#  Matched base-pairing interactions: 
	<A(3:)-G(6:) trans S/S>                        MATCHES	<A(5:A599)-C(9:A603) trans S/S>
	<A(3:)-G(9:) trans H/S>                        MATCHES	<A(5:A599)-U(11:A553) cis W/W>
#  Matched base-stacking interactions: 

>>>>>>>>>>   ALIGNMENT ENDS   >>>>>>>>>>

<<<<<<<<<<  ALIGNMENT BEGINS  <<<<<<<<<<

#  Aligning k-turn_consensus and 3j7a_A:2051-2058_1925-1937_1245-1248:
#  Alignment score:  14.6
#  P-value:  1.000e+00
#  Query aligned region: 3-3,6-9
#  Target aligned region: 14:A1932-15:A1933,22:A1247-22:A1247

	A...G~G
	A...C~G

#  Matched base-pairing interactions: 
	<A(3:)-G(6:) trans S/S>                        MATCHES	<A(14:A1932)-C(15:A1933) trans S/S>
	<A(3:)-G(9:) trans H/S>                        MATCHES	<A(14:A1932)-G(22:A1247) trans S/S>
#  Matched base-stacking interactions: 

>>>>>>>>>>   ALIGNMENT ENDS   >>>>>>>>>>

<<<<<<<<<<  ALIGNMENT BEGINS  <<<<<<<<<<

#  Aligning k-turn_consensus and 3j7a_A:2065-2066_1044-1048_1089-1095:
#  Alignment score:  14.6
#  P-value:  1.000e+00
#  Query aligned region: 0-1,11-12
#  Target aligned region: 5:A1048-6:A1049,7:A1090-8:A1091

	GG...AC
	AG...CC

#  Matched base-pairing interactions: 
	<G(1:)-A(11:) trans S/H>                       MATCHES	<G(6:A1049)-C(7:A1090) cis W/W>
	<G(0:)-C(12:) cis W/W>                         MATCHES	<A(5:A1048)-C(8:A1091) cis W/W>
#  Matched base-stacking interactions: 

>>>>>>>>>>   ALIGNMENT ENDS   >>>>>>>>>>

<<<<<<<<<<  ALIGNMENT BEGINS  <<<<<<<<<<

#  Aligning k-turn_consensus and 3j7a_A:557-560_568-581_582-589:
#  Alignment score:  14.2
#  P-value:  1.000e+00
#  Query aligned region: 0-1,11-12
#  Target aligned region: 0:A558-1:A559,14:A579-15:A580

	GG...AC
	GG...CC

#  Matched base-pairing interactions: 
	<G(1:)-A(11:) trans S/H>                       MATCHES	<G(1:A559)-C(14:A579) cis W/W>
	<G(0:)-C(12:) cis W/W>                         MATCHES	<G(0:A558)-C(15:A580) cis W/W>
#  Matched base-stacking interactions: 

>>>>>>>>>>   ALIGNMENT ENDS   >>>>>>>>>>

<<<<<<<<<<  ALIGNMENT BEGINS  <<<<<<<<<<

#  Aligning k-turn_consensus and 3j7a_A:2006-2013_1975-1982:
#  Alignment score:  14.2
#  P-value:  1.000e+00
#  Query aligned region: 0-1,11-12
#  Target aligned region: 4:A2011-5:A2012,10:A1978-11:A1979

	GG...AC
	GG...AC

#  Matched base-pairing interactions: 
	<G(1:)-A(11:) trans S/H>                       MATCHES	<G(5:A2012)-A(10:A1978) cis -/->
	<G(0:)-C(12:) cis W/W>                         MATCHES	<G(4:A2011)-C(11:A1979) cis W/W>
#  Matched base-stacking interactions: 

>>>>>>>>>>   ALIGNMENT ENDS   >>>>>>>>>>

<<<<<<<<<<  ALIGNMENT BEGINS  <<<<<<<<<<

#  Aligning k-turn_consensus and 3j7a_A:1081-1087_1056-1059_1051-1055:
#  Alignment score:  13.8
#  P-value:  1.000e+00
#  Query aligned region: 0-1,11-12
#  Target aligned region: 1:A1083-2:A1084,8:A1058-9:A1059

	GG...AC
	AU...GU

#  Matched base-pairing interactions: 
	<G(1:)-A(11:) trans S/H>                       MATCHES	<U(2:A1084)-G(8:A1058) cis W/W>
	<G(0:)-C(12:) cis W/W>                         MATCHES	<A(1:A1083)-U(9:A1059) cis W/W>
#  Matched base-stacking interactions: 

>>>>>>>>>>   ALIGNMENT ENDS   >>>>>>>>>>

<<<<<<<<<<  ALIGNMENT BEGINS  <<<<<<<<<<

#  Aligning k-turn_consensus and 3j7a_A:1064-1066_973-978_967-971:
#  Alignment score:  13.8
#  P-value:  1.000e+00
#  Query aligned region: 0-1,11-12
#  Target aligned region: 7:A978-8:A979,9:A968-10:A969

	GG...AC
	UC...GA

#  Matched base-pairing interactions: 
	<G(1:)-A(11:) trans S/H>                       MATCHES	<C(8:A979)-G(9:A968) cis W/W>
	<G(0:)-C(12:) cis W/W>                         MATCHES	<U(7:A978)-A(10:A969) cis W/W>
#  Matched base-stacking interactions: 

>>>>>>>>>>   ALIGNMENT ENDS   >>>>>>>>>>

<<<<<<<<<<  ALIGNMENT BEGINS  <<<<<<<<<<

#  Aligning k-turn_consensus and 3j7a_A:2050-2058_1932-1938_1927-1931:
#  Alignment score:  13.6
#  P-value:  1.000e+00
#  Query aligned region: 0-1,11-12
#  Target aligned region: 0:A2051-1:A2052,14:A1938-15:A1939

	GG...AC
	CG...CG

#  Matched base-pairing interactions: 
	<G(1:)-A(11:) trans S/H>                       MATCHES	<G(1:A2052)-C(14:A1938) cis W/W>
	<G(0:)-C(12:) cis W/W>                         MATCHES	<C(0:A2051)-G(15:A1939) cis W/W>
#  Matched base-stacking interactions: 

>>>>>>>>>>   ALIGNMENT ENDS   >>>>>>>>>>

<<<<<<<<<<  ALIGNMENT BEGINS  <<<<<<<<<<

#  Aligning k-turn_consensus and 3j7a_A:1728-1734_1807-1812_1813-1820:
#  Alignment score:  13.6
#  P-value:  1.000e+00
#  Query aligned region: 0-1,11-12
#  Target aligned region: 5:A1734-5:A1734,8:A1809-10:A1811,13:A1814-13:A1814

	G~G...A~C
	G~G...A~C

#  Matched base-pairing interactions: 
	<G(0:)-C(12:) cis W/W>                         MATCHES	<G(5:A1734)-C(13:A1814) cis W/W>
	<G(1:)-A(11:) trans S/H>                       MATCHES	<G(8:A1809)-A(10:A1811) cis -/->
#  Matched base-stacking interactions: 

>>>>>>>>>>   ALIGNMENT ENDS   >>>>>>>>>>

<<<<<<<<<<  ALIGNMENT BEGINS  <<<<<<<<<<

#  Aligning k-turn_consensus and 3j7a_A:409-412_92-94_395-406:
#  Alignment score:  13.4
#  P-value:  1.000e+00
#  Query aligned region: 0-1,11-12
#  Target aligned region: 2:A412-3:A413,7:A396-8:A397

	GG...AC
	UA...GA

#  Matched base-pairing interactions: 
	<G(1:)-A(11:) trans S/H>                       MATCHES	<A(3:A413)-G(7:A396) cis -/->
	<G(0:)-C(12:) cis W/W>                         MATCHES	<U(2:A412)-A(8:A397) cis W/W>
#  Matched base-stacking interactions: 

>>>>>>>>>>   ALIGNMENT ENDS   >>>>>>>>>>

<<<<<<<<<<  ALIGNMENT BEGINS  <<<<<<<<<<

#  Aligning k-turn_consensus and 3j7a_A:1813-1814_1804-1812_1789-1794:
#  Alignment score:  13
#  P-value:  1.000e+00
#  Query aligned region: 0-1,11-12
#  Target aligned region: 2:A1805-3:A1806,14:A1793-15:A1794

	GG...AC
	GU...CC

#  Matched base-pairing interactions: 
	<G(1:)-A(11:) trans S/H>                       MATCHES	<U(3:A1806)-C(14:A1793) trans W/W>
	<G(0:)-C(12:) cis W/W>                         MATCHES	<G(2:A1805)-C(15:A1794) cis W/W>
#  Matched base-stacking interactions: 

>>>>>>>>>>   ALIGNMENT ENDS   >>>>>>>>>>

<<<<<<<<<<  ALIGNMENT BEGINS  <<<<<<<<<<

#  Aligning k-turn_consensus and 3j7a_A:378-382_369-373_22-25:
#  Alignment score:  13
#  P-value:  1.000e+00
#  Query aligned region: 0-1,11-12
#  Target aligned region: 3:A382-4:A383,5:A370-6:A371

	GG...AC
	CG...GG

#  Matched base-pairing interactions: 
	<G(1:)-A(11:) trans S/H>                       MATCHES	<G(4:A383)-G(5:A370) cis -/->
	<G(0:)-C(12:) cis W/W>                         MATCHES	<C(3:A382)-G(6:A371) cis W/W>
#  Matched base-stacking interactions: 

>>>>>>>>>>   ALIGNMENT ENDS   >>>>>>>>>>

<<<<<<<<<<  ALIGNMENT BEGINS  <<<<<<<<<<

#  Aligning k-turn_consensus and 3j7a_A:847-853_821-824_808-813:
#  Alignment score:  13
#  P-value:  1.000e+00
#  Query aligned region: 0-1,11-12
#  Target aligned region: 5:A853-6:A854,11:A809-12:A810

	GG...AC
	UA...UA

#  Matched base-pairing interactions: 
	<G(1:)-A(11:) trans S/H>                       MATCHES	<A(6:A854)-U(11:A809) cis W/W>
	<G(0:)-C(12:) cis W/W>                         MATCHES	<U(5:A853)-A(12:A810) cis W/W>
#  Matched base-stacking interactions: 

>>>>>>>>>>   ALIGNMENT ENDS   >>>>>>>>>>

<<<<<<<<<<  ALIGNMENT BEGINS  <<<<<<<<<<

#  Aligning k-turn_consensus and 3j7a_A:1925-1937_2051-2058_1245-1248:
#  Alignment score:  12.8
#  P-value:  1.000e+00
#  Query aligned region: 0-1,11-12
#  Target aligned region: 10:A1936-11:A1937,15:A2054-16:A2055

	GG...AC
	CC...AA

#  Matched base-pairing interactions: 
	<G(1:)-A(11:) trans S/H>                       MATCHES	<C(11:A1937)-A(15:A2054) cis -/->
	<G(0:)-C(12:) cis W/W>                         MATCHES	<C(10:A1936)-A(16:A2055) cis W/W>
#  Matched base-stacking interactions: 

>>>>>>>>>>   ALIGNMENT ENDS   >>>>>>>>>>

<<<<<<<<<<  ALIGNMENT BEGINS  <<<<<<<<<<

#  Aligning k-turn_consensus and 3j7a_A:1232-1239_14-16_1209-1213:
#  Alignment score:  12.8
#  P-value:  1.000e+00
#  Query aligned region: 0-1,11-12
#  Target aligned region: 4:A1237-5:A1238,10:A17-10:A17,11:A1210-11:A1210

	GG...A~C
	UA...C~G

#  Matched base-pairing interactions: 
	<G(1:)-A(11:) trans S/H>                       MATCHES	<A(5:A1238)-C(10:A17) cis -/->
	<G(0:)-C(12:) cis W/W>                         MATCHES	<U(4:A1237)-G(11:A1210) cis W/W>
#  Matched base-stacking interactions: 

>>>>>>>>>>   ALIGNMENT ENDS   >>>>>>>>>>

<<<<<<<<<<  ALIGNMENT BEGINS  <<<<<<<<<<

#  Aligning k-turn_consensus and 3j7a_A:936-942_1172-1176_1021-1026:
#  Alignment score:  12.2
#  P-value:  1.000e+00
#  Query aligned region: 0-1,11-12
#  Target aligned region: 0:A937-0:A937,10:A1176-11:A1177,17:A1027-17:A1027

	G~G...A~C
	G~U...A~C

#  Matched base-pairing interactions: 
	<G(0:)-C(12:) cis W/W>                         MATCHES	<G(0:A937)-C(17:A1027) cis W/W>
	<G(1:)-A(11:) trans S/H>                       MATCHES	<U(10:A1176)-A(11:A1177) cis S/H>
#  Matched base-stacking interactions: 

>>>>>>>>>>   ALIGNMENT ENDS   >>>>>>>>>>

<<<<<<<<<<  ALIGNMENT BEGINS  <<<<<<<<<<

#  Aligning k-turn_consensus and 3j7a_A:1866-1875_1713-1715_1267-1271:
#  Alignment score:  12.2
#  P-value:  1.000e+00
#  Query aligned region: 0-1,11-12
#  Target aligned region: 10:A1714-11:A1715,16:A1271-17:A1272

	GG...AC
	UA...GA

#  Matched base-pairing interactions: 
	<G(1:)-A(11:) trans S/H>                       MATCHES	<A(11:A1715)-G(16:A1271) cis W/W>
	<G(0:)-C(12:) cis W/W>                         MATCHES	<U(10:A1714)-A(17:A1272) cis W/W>
#  Matched base-stacking interactions: 

>>>>>>>>>>   ALIGNMENT ENDS   >>>>>>>>>>

<<<<<<<<<<  ALIGNMENT BEGINS  <<<<<<<<<<

#  Aligning k-turn_consensus and 3j7a_A:2031-2038_1949-1957:
#  Alignment score:  12.2
#  P-value:  1.000e+00
#  Query aligned region: 0-1,11-12
#  Target aligned region: 4:A2036-5:A2037,10:A1952-11:A1953

	GG...AC
	AA...AU

#  Matched base-pairing interactions: 
	<G(1:)-A(11:) trans S/H>                       MATCHES	<A(5:A2037)-A(10:A1952) cis -/->
	<G(0:)-C(12:) cis W/W>                         MATCHES	<A(4:A2036)-U(11:A1953) cis W/W>
#  Matched base-stacking interactions: 

>>>>>>>>>>   ALIGNMENT ENDS   >>>>>>>>>>

<<<<<<<<<<  ALIGNMENT BEGINS  <<<<<<<<<<

#  Aligning k-turn_consensus and 3j7a_A:3-6_555-565_16-19:
#  Alignment score:  12
#  P-value:  1.000e+00
#  Query aligned region: 0-1,11-12
#  Target aligned region: 3:A7-3:A7,9:A561-10:A562,15:A17-15:A17

	G~G...A~C
	G~C...A~C

#  Matched base-pairing interactions: 
	<G(0:)-C(12:) cis W/W>                         MATCHES	<G(3:A7)-C(15:A17) cis W/W>
	<G(1:)-A(11:) trans S/H>                       MATCHES	<C(9:A561)-A(10:A562) cis W/H>
#  Matched base-stacking interactions: 

>>>>>>>>>>   ALIGNMENT ENDS   >>>>>>>>>>

<<<<<<<<<<  ALIGNMENT BEGINS  <<<<<<<<<<

#  Aligning k-turn_consensus and 3j7a_A:1905-1912_1877-1883_1261-1265:
#  Alignment score:  11.8
#  P-value:  1.000e+00
#  Query aligned region: 0-1,11-12
#  Target aligned region: 7:A1913-7:A1913,11:A1881-12:A1882,15:A1262-15:A1262

	G~G...A~C
	G~G...U~C

#  Matched base-pairing interactions: 
	<G(0:)-C(12:) cis W/W>                         MATCHES	<G(7:A1913)-C(15:A1262) cis W/W>
	<G(1:)-A(11:) trans S/H>                       MATCHES	<G(11:A1881)-U(12:A1882) cis S/H>
#  Matched base-stacking interactions: 

>>>>>>>>>>   ALIGNMENT ENDS   >>>>>>>>>>

<<<<<<<<<<  ALIGNMENT BEGINS  <<<<<<<<<<

#  Aligning k-turn_consensus and 3j7a_A:974-976_1060-1067_1071-1081:
#  Alignment score:  11.8
#  P-value:  1.000e+00
#  Query aligned region: 0-1,11-12
#  Target aligned region: 8:A1066-9:A1067,14:A1075-15:A1076

	GG...AC
	GA...CC

#  Matched base-pairing interactions: 
	<G(1:)-A(11:) trans S/H>                       MATCHES	<A(9:A1067)-C(14:A1075) cis W/H>
	<G(0:)-C(12:) cis W/W>                         MATCHES	<G(8:A1066)-C(15:A1076) cis W/W>
#  Matched base-stacking interactions: 

>>>>>>>>>>   ALIGNMENT ENDS   >>>>>>>>>>

<<<<<<<<<<  ALIGNMENT BEGINS  <<<<<<<<<<

#  Aligning k-turn_consensus and 3j7a_A:938-945_1020-1025:
#  Alignment score:  11.4
#  P-value:  1.000e+00
#  Query aligned region: 0-1,11-12
#  Target aligned region: 4:A943-5:A944,8:A1021-9:A1022

	GG...AC
	UG...AA

#  Matched base-pairing interactions: 
	<G(1:)-A(11:) trans S/H>                       MATCHES	<G(5:A944)-A(8:A1021) cis W/W>
	<G(0:)-C(12:) cis W/W>                         MATCHES	<U(4:A943)-A(9:A1022) cis W/W>
#  Matched base-stacking interactions: 

>>>>>>>>>>   ALIGNMENT ENDS   >>>>>>>>>>

<<<<<<<<<<  ALIGNMENT BEGINS  <<<<<<<<<<

#  Aligning k-turn_consensus and 3j7a_A:369-373_22-25_378-382:
#  Alignment score:  11.4
#  P-value:  1.000e+00
#  Query aligned region: 0-1,11-12
#  Target aligned region: 4:A374-4:A374,7:A25-8:A26,9:A379-9:A379

	G~G...A~C
	U~C...A~G

#  Matched base-pairing interactions: 
	<G(0:)-C(12:) cis W/W>                         MATCHES	<U(4:A374)-G(9:A379) cis W/W>
	<G(1:)-A(11:) trans S/H>                       MATCHES	<C(7:A25)-A(8:A26) cis S/S>
#  Matched base-stacking interactions: 

>>>>>>>>>>   ALIGNMENT ENDS   >>>>>>>>>>

<<<<<<<<<<  ALIGNMENT BEGINS  <<<<<<<<<<

#  Aligning k-turn_consensus and 3j7a_A:2048-2053_1936-1941_2065-2079:
#  Alignment score:  11.4
#  P-value:  1.000e+00
#  Query aligned region: 0-1,11-12
#  Target aligned region: 0:A2049-1:A2050,9:A1940-10:A1941

	GG...AC
	GU...UC

#  Matched base-pairing interactions: 
	<G(1:)-A(11:) trans S/H>                       MATCHES	<U(1:A2050)-U(9:A1940) cis W/W>
	<G(0:)-C(12:) cis W/W>                         MATCHES	<G(0:A2049)-C(10:A1941) cis W/W>
#  Matched base-stacking interactions: 

>>>>>>>>>>   ALIGNMENT ENDS   >>>>>>>>>>

<<<<<<<<<<  ALIGNMENT BEGINS  <<<<<<<<<<

#  Aligning k-turn_consensus and 3j7a_A:1245-1248_2051-2058_1925-1937:
#  Alignment score:  11.4
#  P-value:  1.000e+00
#  Query aligned region: 0-1,11-12
#  Target aligned region: 2:A1248-2:A1248,5:A2053-6:A2054,13:A1927-13:A1927

	G~G...A~C
	A~U...A~U

#  Matched base-pairing interactions: 
	<G(0:)-C(12:) cis W/W>                         MATCHES	<A(2:A1248)-U(13:A1927) cis W/W>
	<G(1:)-A(11:) trans S/H>                       MATCHES	<U(5:A2053)-A(6:A2054) cis S/H>
#  Matched base-stacking interactions: 

>>>>>>>>>>   ALIGNMENT ENDS   >>>>>>>>>>

<<<<<<<<<<  ALIGNMENT BEGINS  <<<<<<<<<<

#  Aligning k-turn_consensus and 3j7a_A:46-54_391-393_428-436:
#  Alignment score:  11.4
#  P-value:  1.000e+00
#  Query aligned region: 0-1,11-12
#  Target aligned region: 7:A54-7:A54,9:A392-9:A392,14:A431-15:A432

	G~G...AC
	C~G...AG

#  Matched base-pairing interactions: 
	<G(0:)-C(12:) cis W/W>                         MATCHES	<C(7:A54)-G(15:A432) cis W/W>
	<G(1:)-A(11:) trans S/H>                       MATCHES	<G(9:A392)-A(14:A431) trans S/S>
#  Matched base-stacking interactions: 

>>>>>>>>>>   ALIGNMENT ENDS   >>>>>>>>>>

<<<<<<<<<<  ALIGNMENT BEGINS  <<<<<<<<<<

#  Aligning k-turn_consensus and 3j7a_A:91-94_399-406_55-56:
#  Alignment score:  11.2
#  P-value:  1.000e+00
#  Query aligned region: 0-1,11-12
#  Target aligned region: 0:A92-1:A93,12:A56-13:A57

	GG...AC
	CG...AG

#  Matched base-pairing interactions: 
	<G(1:)-A(11:) trans S/H>                       MATCHES	<G(1:A93)-A(12:A56) cis -/->
	<G(0:)-C(12:) cis W/W>                         MATCHES	<C(0:A92)-G(13:A57) cis W/W>
#  Matched base-stacking interactions: 

>>>>>>>>>>   ALIGNMENT ENDS   >>>>>>>>>>

<<<<<<<<<<  ALIGNMENT BEGINS  <<<<<<<<<<

#  Aligning k-turn_consensus and 3j7a_A:588-598_552-557_560-568:
#  Alignment score:  11.2
#  P-value:  1.000e+00
#  Query aligned region: 0-1,11-12
#  Target aligned region: 5:A594-6:A595,15:A557-15:A557,20:A564-20:A564

	GG...A~C
	CU...A~G

#  Matched base-pairing interactions: 
	<G(0:)-C(12:) cis W/W>                         MATCHES	<C(5:A594)-G(20:A564) cis W/W>
	<G(1:)-A(11:) trans S/H>                       MATCHES	<U(6:A595)-A(15:A557) cis W/W>
#  Matched base-stacking interactions: 

>>>>>>>>>>   ALIGNMENT ENDS   >>>>>>>>>>

<<<<<<<<<<  ALIGNMENT BEGINS  <<<<<<<<<<

#  Aligning k-turn_consensus and 3j7a_A:1731-1734_1806-1815_1787-1791:
#  Alignment score:  10.6
#  P-value:  1.000e+00
#  Query aligned region: 0-0,12-12
#  Target aligned region: 6:A1809-6:A1809,16:A1790-16:A1790

	G...C
	G...C

#  Matched base-pairing interactions: 
	<G(0:)-C(12:) cis W/W>                         MATCHES	<G(6:A1809)-C(16:A1790) cis W/W>
#  Matched base-stacking interactions: 

>>>>>>>>>>   ALIGNMENT ENDS   >>>>>>>>>>

<<<<<<<<<<  ALIGNMENT BEGINS  <<<<<<<<<<

#  Aligning k-turn_consensus and 3j7a_A:2076-2084_2059-2067_1045-1047:
#  Alignment score:  10.6
#  P-value:  1.000e+00
#  Query aligned region: 0-1,11-12
#  Target aligned region: 6:A2083-6:A2083,9:A2060-11:A2062

	G~G...AC
	A~G...UU

#  Matched base-pairing interactions: 
	<G(0:)-C(12:) cis W/W>                         MATCHES	<A(6:A2083)-U(11:A2062) cis W/W>
	<G(1:)-A(11:) trans S/H>                       MATCHES	<G(9:A2060)-U(10:A2061) cis S/S>
#  Matched base-stacking interactions: 

>>>>>>>>>>   ALIGNMENT ENDS   >>>>>>>>>>

<<<<<<<<<<  ALIGNMENT BEGINS  <<<<<<<<<<

#  Aligning k-turn_consensus and 3j7a_A:1673-1683_1372-1380:
#  Alignment score:  10.6
#  P-value:  1.000e+00
#  Query aligned region: 0-0,12-12
#  Target aligned region: 0:A1674-0:A1674,19:A1381-19:A1381

	G...C
	G...C

#  Matched base-pairing interactions: 
	<G(0:)-C(12:) cis W/W>                         MATCHES	<G(0:A1674)-C(19:A1381) cis W/W>
#  Matched base-stacking interactions: 

>>>>>>>>>>   ALIGNMENT ENDS   >>>>>>>>>>

<<<<<<<<<<  ALIGNMENT BEGINS  <<<<<<<<<<

#  Aligning k-turn_consensus and 3j7a_A:560-568_588-598_552-557:
#  Alignment score:  10.6
#  P-value:  1.000e+00
#  Query aligned region: 0-0,12-12
#  Target aligned region: 8:A569-8:A569,10:A590-10:A590

	G...C
	G...C

#  Matched base-pairing interactions: 
	<G(0:)-C(12:) cis W/W>                         MATCHES	<G(8:A569)-C(10:A590) cis W/W>
#  Matched base-stacking interactions: 

>>>>>>>>>>   ALIGNMENT ENDS   >>>>>>>>>>

<<<<<<<<<<  ALIGNMENT BEGINS  <<<<<<<<<<

#  Aligning k-turn_consensus and 3j7a_A:929-936_1028-1033:
#  Alignment score:  10.6
#  P-value:  1.000e+00
#  Query aligned region: 0-0,12-12
#  Target aligned region: 4:A934-4:A934,10:A1031-10:A1031

	G...C
	G...C

#  Matched base-pairing interactions: 
	<G(0:)-C(12:) cis W/W>                         MATCHES	<G(4:A934)-C(10:A1031) cis W/W>
#  Matched base-stacking interactions: 

>>>>>>>>>>   ALIGNMENT ENDS   >>>>>>>>>>

<<<<<<<<<<  ALIGNMENT BEGINS  <<<<<<<<<<

#  Aligning k-turn_consensus and 3j7a_A:605-610_372-373_20-27:
#  Alignment score:  10.4
#  P-value:  1.000e+00
#  Query aligned region: 0-1,11-12
#  Target aligned region: 2:A608-2:A608,6:A373-6:A373,10:A23-11:A24

	G~G...AC
	A~A...GU

#  Matched base-pairing interactions: 
	<G(0:)-C(12:) cis W/W>                         MATCHES	<A(2:A608)-U(11:A24) cis W/W>
	<G(1:)-A(11:) trans S/H>                       MATCHES	<A(6:A373)-G(10:A23) trans S/S>
#  Matched base-stacking interactions: 

>>>>>>>>>>   ALIGNMENT ENDS   >>>>>>>>>>

<<<<<<<<<<  ALIGNMENT BEGINS  <<<<<<<<<<

#  Aligning k-turn_consensus and 3j7a_A:20-27_372-373_605-610:
#  Alignment score:  10.2
#  P-value:  1.000e+00
#  Query aligned region: 0-1,11-12
#  Target aligned region: 0:A21-0:A21,9:A374-9:A374,14:A610-15:A611

	G~G...AC
	U~U...UA

#  Matched base-pairing interactions: 
	<G(0:)-C(12:) cis W/W>                         MATCHES	<U(0:A21)-A(15:A611) cis W/W>
	<G(1:)-A(11:) trans S/H>                       MATCHES	<U(9:A374)-U(14:A610) trans S/S>
#  Matched base-stacking interactions: 

>>>>>>>>>>   ALIGNMENT ENDS   >>>>>>>>>>

<<<<<<<<<<  ALIGNMENT BEGINS  <<<<<<<<<<

#  Aligning k-turn_consensus and 3j7a_A:845-853_821-827_809-813:
#  Alignment score:  10.2
#  P-value:  1.000e+00
#  Query aligned region: 0-0,12-12
#  Target aligned region: 9:A822-9:A822,20:A814-20:A814

	G...C
	G...U

#  Matched base-pairing interactions: 
	<G(0:)-C(12:) cis W/W>                         MATCHES	<G(9:A822)-U(20:A814) cis W/W>
#  Matched base-stacking interactions: 

>>>>>>>>>>   ALIGNMENT ENDS   >>>>>>>>>>

<<<<<<<<<<  ALIGNMENT BEGINS  <<<<<<<<<<

#  Aligning k-turn_consensus and 3j7a_A:144-145_63-70_81-87:
#  Alignment score:  9.8
#  P-value:  1.000e+00
#  Query aligned region: 0-0,12-12
#  Target aligned region: 2:A64-2:A64,16:A88-16:A88

	G...C
	U...A

#  Matched base-pairing interactions: 
	<G(0:)-C(12:) cis W/W>                         MATCHES	<U(2:A64)-A(16:A88) cis W/W>
#  Matched base-stacking interactions: 

>>>>>>>>>>   ALIGNMENT ENDS   >>>>>>>>>>

<<<<<<<<<<  ALIGNMENT BEGINS  <<<<<<<<<<

#  Aligning k-turn_consensus and 3j7a_A:587-593_563-574_580-586:
#  Alignment score:  9.8
#  P-value:  1.000e+00
#  Query aligned region: 0-0,12-12
#  Target aligned region: 5:A593-5:A593,9:A566-9:A566

	G...C
	G...C

#  Matched base-pairing interactions: 
	<G(0:)-C(12:) cis W/W>                         MATCHES	<G(5:A593)-C(9:A566) cis W/W>
#  Matched base-stacking interactions: 

>>>>>>>>>>   ALIGNMENT ENDS   >>>>>>>>>>

<<<<<<<<<<  ALIGNMENT BEGINS  <<<<<<<<<<

#  Aligning k-turn_consensus and 3j7a_A:1901-1909_1875-1888_1262-1267:
#  Alignment score:  9.8
#  P-value:  1.000e+00
#  Query aligned region: 0-0,12-12
#  Target aligned region: 4:A1906-4:A1906,17:A1884-17:A1884

	G...C
	U...A

#  Matched base-pairing interactions: 
	<G(0:)-C(12:) cis W/W>                         MATCHES	<U(4:A1906)-A(17:A1884) cis W/W>
#  Matched base-stacking interactions: 

>>>>>>>>>>   ALIGNMENT ENDS   >>>>>>>>>>

<<<<<<<<<<  ALIGNMENT BEGINS  <<<<<<<<<<

#  Aligning k-turn_consensus and 3j7a_A:1866-1875_1267-1271_1713-1715:
#  Alignment score:  9.8
#  P-value:  1.000e+00
#  Query aligned region: 0-0,12-12
#  Target aligned region: 7:A1874-7:A1874,11:A1269-11:A1269

	G...C
	A...U

#  Matched base-pairing interactions: 
	<G(0:)-C(12:) cis W/W>                         MATCHES	<A(7:A1874)-U(11:A1269) cis W/W>
#  Matched base-stacking interactions: 

>>>>>>>>>>   ALIGNMENT ENDS   >>>>>>>>>>

<<<<<<<<<<  ALIGNMENT BEGINS  <<<<<<<<<<

#  Aligning k-turn_consensus and 3j7a_A:206-212_257-263_127-129:
#  Alignment score:  9.8
#  P-value:  1.000e+00
#  Query aligned region: 0-0,12-12
#  Target aligned region: 3:A210-3:A210,9:A260-9:A260

	G...C
	U...A

#  Matched base-pairing interactions: 
	<G(0:)-C(12:) cis W/W>                         MATCHES	<U(3:A210)-A(9:A260) cis W/W>
#  Matched base-stacking interactions: 

>>>>>>>>>>   ALIGNMENT ENDS   >>>>>>>>>>

<<<<<<<<<<  ALIGNMENT BEGINS  <<<<<<<<<<

#  Aligning k-turn_consensus and 3j7a_A:1316-1321_1363-1372_1683-1693:
#  Alignment score:  9.8
#  P-value:  1.000e+00
#  Query aligned region: 0-0,12-12
#  Target aligned region: 15:A1373-15:A1373,16:A1684-16:A1684

	G...C
	U...G

#  Matched base-pairing interactions: 
	<G(0:)-C(12:) cis W/W>                         MATCHES	<U(15:A1373)-G(16:A1684) cis W/W>
#  Matched base-stacking interactions: 

>>>>>>>>>>   ALIGNMENT ENDS   >>>>>>>>>>

<<<<<<<<<<  ALIGNMENT BEGINS  <<<<<<<<<<

#  Aligning k-turn_consensus and 3j7a_A:1048-1049_1224-1228_1220-1223:
#  Alignment score:  9.8
#  P-value:  1.000e+00
#  Query aligned region: 0-0,12-12
#  Target aligned region: 4:A1227-4:A1227,8:A1222-8:A1222

	G...C
	G...C

#  Matched base-pairing interactions: 
	<G(0:)-C(12:) cis W/W>                         MATCHES	<G(4:A1227)-C(8:A1222) cis W/W>
#  Matched base-stacking interactions: 

>>>>>>>>>>   ALIGNMENT ENDS   >>>>>>>>>>

<<<<<<<<<<  ALIGNMENT BEGINS  <<<<<<<<<<

#  Aligning k-turn_consensus and 3j7a_A:1373-1381_1671-1682:
#  Alignment score:  9
#  P-value:  1.000e+00
#  Query aligned region: 0-0,12-12
#  Target aligned region: 8:A1382-8:A1382,9:A1672-9:A1672

	G...C
	G...C

#  Matched base-pairing interactions: 
	<G(0:)-C(12:) cis W/W>                         MATCHES	<G(8:A1382)-C(9:A1672) cis W/W>
#  Matched base-stacking interactions: 

>>>>>>>>>>   ALIGNMENT ENDS   >>>>>>>>>>

<<<<<<<<<<  ALIGNMENT BEGINS  <<<<<<<<<<

#  Aligning k-turn_consensus and 3j7a_A:92-94_395-406_409-412:
#  Alignment score:  9
#  P-value:  1.000e+00
#  Query aligned region: 0-0,12-12
#  Target aligned region: 6:A399-6:A399,15:A410-15:A410

	G...C
	C...G

#  Matched base-pairing interactions: 
	<G(0:)-C(12:) cis W/W>                         MATCHES	<C(6:A399)-G(15:A410) cis W/W>
#  Matched base-stacking interactions: 

>>>>>>>>>>   ALIGNMENT ENDS   >>>>>>>>>>

<<<<<<<<<<  ALIGNMENT BEGINS  <<<<<<<<<<

#  Aligning k-turn_consensus and 3j7a_A:64-72_79-86:
#  Alignment score:  9
#  P-value:  1.000e+00
#  Query aligned region: 0-0,12-12
#  Target aligned region: 3:A68-3:A68,13:A84-13:A84

	G...C
	U...A

#  Matched base-pairing interactions: 
	<G(0:)-C(12:) cis W/W>                         MATCHES	<U(3:A68)-A(13:A84) cis W/W>
#  Matched base-stacking interactions: 

>>>>>>>>>>   ALIGNMENT ENDS   >>>>>>>>>>

<<<<<<<<<<  ALIGNMENT BEGINS  <<<<<<<<<<

#  Aligning k-turn_consensus and 3j7a_A:1799-1804_1794-1797_1845-1846:
#  Alignment score:  8.7
#  P-value:  1.000e+00
#  Query aligned region: 0-1,11-12
#  Target aligned region: 0:A1800-1:A1801,9:A1798-9:A1798,10:A1846-10:A1846

	GG...A~C
	AA...G~U

#  Matched base-pairing interactions: 
	<G(1:)-A(11:) trans S/H>                       MATCHES	<A(1:A1801)-G(9:A1798) trans H/S>
	<G(0:)-C(12:) cis W/W>                         MATCHES	<A(0:A1800)-U(10:A1846) cis -/->
#  Matched base-stacking interactions: 

>>>>>>>>>>   ALIGNMENT ENDS   >>>>>>>>>>

<<<<<<<<<<  ALIGNMENT BEGINS  <<<<<<<<<<

#  Aligning k-turn_consensus and 3j7a_A:922-926_874-878_927-932:
#  Alignment score:  8.6
#  P-value:  1.000e+00
#  Query aligned region: 0-0,12-12
#  Target aligned region: 3:A926-3:A926,7:A877-7:A877

	G...C
	G...U

#  Matched base-pairing interactions: 
	<G(0:)-C(12:) cis W/W>                         MATCHES	<G(3:A926)-U(7:A877) cis W/W>
#  Matched base-stacking interactions: 

>>>>>>>>>>   ALIGNMENT ENDS   >>>>>>>>>>

<<<<<<<<<<  ALIGNMENT BEGINS  <<<<<<<<<<

#  Aligning k-turn_consensus and 3j7a_A:1422-1425_1400-1408_1391-1397:
#  Alignment score:  8.6
#  P-value:  1.000e+00
#  Query aligned region: 0-1,11-12
#  Target aligned region: 1:A1424-1:A1424,9:A1406-9:A1406,14:A1393-15:A1394

	G~G...AC
	A~G...GU

#  Matched base-pairing interactions: 
	<G(0:)-C(12:) cis W/W>                         MATCHES	<A(1:A1424)-U(15:A1394) cis W/W>
	<G(1:)-A(11:) trans S/H>                       MATCHES	<G(9:A1406)-G(14:A1393) trans S/H>
#  Matched base-stacking interactions: 

>>>>>>>>>>   ALIGNMENT ENDS   >>>>>>>>>>

<<<<<<<<<<  ALIGNMENT BEGINS  <<<<<<<<<<

#  Aligning k-turn_consensus and 3j7a_A:2064-2073_1045-1047_2074-2080:
#  Alignment score:  8.2
#  P-value:  1.000e+00
#  Query aligned region: 0-0,12-12
#  Target aligned region: 5:A2070-5:A2070,13:A2075-13:A2075

	G...C
	G...C

#  Matched base-pairing interactions: 
	<G(0:)-C(12:) cis W/W>                         MATCHES	<G(5:A2070)-C(13:A2075) cis W/W>
#  Matched base-stacking interactions: 

>>>>>>>>>>   ALIGNMENT ENDS   >>>>>>>>>>

<<<<<<<<<<  ALIGNMENT BEGINS  <<<<<<<<<<

#  Aligning k-turn_consensus and 3j7a_A:97-98_45-54_429-437:
#  Alignment score:  8.2
#  P-value:  1.000e+00
#  Query aligned region: 0-0,12-12
#  Target aligned region: 4:A48-4:A48,19:A437-19:A437

	G...C
	G...C

#  Matched base-pairing interactions: 
	<G(0:)-C(12:) cis W/W>                         MATCHES	<G(4:A48)-C(19:A437) cis W/W>
#  Matched base-stacking interactions: 

>>>>>>>>>>   ALIGNMENT ENDS   >>>>>>>>>>

<<<<<<<<<<  ALIGNMENT BEGINS  <<<<<<<<<<

#  Aligning k-turn_consensus and 3j7a_A:1845-1846_1799-1804_1794-1797:
#  Alignment score:  8.2
#  P-value:  1.000e+00
#  Query aligned region: 0-0,12-12
#  Target aligned region: 4:A1802-4:A1802,10:A1797-10:A1797

	G...C
	G...C

#  Matched base-pairing interactions: 
	<G(0:)-C(12:) cis W/W>                         MATCHES	<G(4:A1802)-C(10:A1797) cis W/W>
#  Matched base-stacking interactions: 

>>>>>>>>>>   ALIGNMENT ENDS   >>>>>>>>>>

<<<<<<<<<<  ALIGNMENT BEGINS  <<<<<<<<<<

#  Aligning k-turn_consensus and 3j7a_A:1422-1425_1391-1397_1400-1408:
#  Alignment score:  7.4
#  P-value:  1.000e+00
#  Query aligned region: 0-0,12-12
#  Target aligned region: 9:A1397-9:A1397,13:A1403-13:A1403

	G...C
	A...U

#  Matched base-pairing interactions: 
	<G(0:)-C(12:) cis W/W>                         MATCHES	<A(9:A1397)-U(13:A1403) cis W/W>
#  Matched base-stacking interactions: 

>>>>>>>>>>   ALIGNMENT ENDS   >>>>>>>>>>

<<<<<<<<<<  ALIGNMENT BEGINS  <<<<<<<<<<

#  Aligning k-turn_consensus and 3j7a_A:29-31_544-554_597-603:
#  Alignment score:  6.6
#  P-value:  1.000e+00
#  Query aligned region: 0-1,11-12
#  Target aligned region: 1:A31-2:A32,17:A601-18:A602

	GG...AC
	CU...AG

#  Matched base-pairing interactions: 
	<G(1:)-A(11:) trans S/H>                       MATCHES	<U(2:A32)-A(17:A601) cis -/->
	<G(0:)-C(12:) cis W/W>                         MATCHES	<C(1:A31)-G(18:A602) cis W/W>
#  Matched base-stacking interactions: 

>>>>>>>>>>   ALIGNMENT ENDS   >>>>>>>>>>

<<<<<<<<<<  ALIGNMENT BEGINS  <<<<<<<<<<

#  Aligning k-turn_consensus and 3j7a_A:1866-1870_1830-1837_1714-1719:
#  Alignment score:  6.6
#  P-value:  1.000e+00
#  Query aligned region: 0-0,12-12
#  Target aligned region: 7:A1833-7:A1833,16:A1718-16:A1718

	G...C
	G...C

#  Matched base-pairing interactions: 
	<G(0:)-C(12:) cis W/W>                         MATCHES	<G(7:A1833)-C(16:A1718) cis W/W>
#  Matched base-stacking interactions: 

>>>>>>>>>>   ALIGNMENT ENDS   >>>>>>>>>>

<<<<<<<<<<  ALIGNMENT BEGINS  <<<<<<<<<<

#  Aligning k-turn_consensus and 3j7a_A:1891-1896_1298-1302_1303-1306:
#  Alignment score:  3.8
#  P-value:  1.000e+00
#  Query aligned region: 
#  Target aligned region: 

	
	

#  Matched base-pairing interactions: 
#  Matched base-stacking interactions: 

>>>>>>>>>>   ALIGNMENT ENDS   >>>>>>>>>>

<<<<<<<<<<  ALIGNMENT BEGINS  <<<<<<<<<<

#  Aligning k-turn_consensus and 3j7a_A:927-932_922-926_874-878:
#  Alignment score:  3.5
#  P-value:  1.000e+00
#  Query aligned region: 
#  Target aligned region: 

	
	

#  Matched base-pairing interactions: 
#  Matched base-stacking interactions: 

>>>>>>>>>>   ALIGNMENT ENDS   >>>>>>>>>>

<<<<<<<<<<  ALIGNMENT BEGINS  <<<<<<<<<<

#  Aligning k-turn_consensus and 3j7a_A:1303-1306_1891-1896_1298-1302:
#  Alignment score:  3.4
#  P-value:  1.000e+00
#  Query aligned region: 
#  Target aligned region: 

	
	

#  Matched base-pairing interactions: 
#  Matched base-stacking interactions: 

>>>>>>>>>>   ALIGNMENT ENDS   >>>>>>>>>>

<<<<<<<<<<  ALIGNMENT BEGINS  <<<<<<<<<<

#  Aligning k-turn_consensus and 3j7a_A:1891-1896_1303-1306_1298-1302:
#  Alignment score:  3.3
#  P-value:  1.000e+00
#  Query aligned region: 
#  Target aligned region: 

	
	

#  Matched base-pairing interactions: 
#  Matched base-stacking interactions: 

>>>>>>>>>>   ALIGNMENT ENDS   >>>>>>>>>>

<<<<<<<<<<  ALIGNMENT BEGINS  <<<<<<<<<<

#  Aligning k-turn_consensus and 3j7a_A:927-932_874-878_922-926:
#  Alignment score:  3.2
#  P-value:  1.000e+00
#  Query aligned region: 
#  Target aligned region: 

	
	

#  Matched base-pairing interactions: 
#  Matched base-stacking interactions: 

>>>>>>>>>>   ALIGNMENT ENDS   >>>>>>>>>>

<<<<<<<<<<  ALIGNMENT BEGINS  <<<<<<<<<<

#  Aligning k-turn_consensus and 3j7a_A:874-878_927-932_922-926:
#  Alignment score:  3
#  P-value:  1.000e+00
#  Query aligned region: 
#  Target aligned region: 

	
	

#  Matched base-pairing interactions: 
#  Matched base-stacking interactions: 

>>>>>>>>>>   ALIGNMENT ENDS   >>>>>>>>>>

