$ /home/s081p868/scratch/RNAMotifScanX-release/bin/scan /home/s081p868/scratch/RNAMotifScanX-release/models/reverse-kturn_consensus.struct /rfs/poseidon_share/s081p868/RNAMotifScanX_nr/rmsx_work_default/3j7a/A/3j7a_A.rmsx.in --map_pdb=/rfs/poseidon_share/s081p868/RNAMotifScanX_nr/rmsx_work_default/3j7a/A/3j7a_A.rmsx.nch --pvalue 1.0 --num_threads 8 --write_alignment
<<<<<<<<<<  ALIGNMENT BEGINS  <<<<<<<<<<

#  Aligning reverse-kturn_conseusns and 3j7a_A:1211-1220_1228-1234:
#  Alignment score:  61.6
#  P-value:  1.681e-02
#  Query aligned region: 0-2,8-10
#  Target aligned region: 0:A1212-2:A1214,14:A1233-16:A1235

	GGA...AAC
	CGA...AAG

#  Matched base-pairing interactions: 
	<A(2:)-A(8:) trans H/H>                        MATCHES	<A(2:A1214)-A(14:A1233) trans H/H>
	<G(1:)-A(9:) trans S/H>                        MATCHES	<G(1:A1213)-A(15:A1234) trans S/H>
	<G(0:)-C(10:) cis W/W>                         MATCHES	<C(0:A1212)-G(16:A1235) cis W/W>
#  Matched base-stacking interactions: 

>>>>>>>>>>   ALIGNMENT ENDS   >>>>>>>>>>

<<<<<<<<<<  ALIGNMENT BEGINS  <<<<<<<<<<

#  Aligning reverse-kturn_conseusns and 3j7a_A:14-16_1209-1212_1233-1239:
#  Alignment score:  42.2
#  P-value:  4.754e-02
#  Query aligned region: 0-3,4-10
#  Target aligned region: 0:A15-2:A17,5:A1212-5:A1212,8:A1235-13:A1240

	GGA~G...CACAAAC
	UGC~C...G-UUAAA

#  Matched base-pairing interactions: 
	<G(3:)-C(4:) cis W/W>                          MATCHES	<C(5:A1212)-G(8:A1235) cis W/W>
	<A(2:)-A(8:) trans H/H>                        MATCHES	<C(2:A17)-A(11:A1238) cis -/->
	<G(1:)-A(9:) trans S/H>                        MATCHES	<G(1:A16)-A(12:A1239) trans S/H>
	<G(0:)-C(10:) cis W/W>                         MATCHES	<U(0:A15)-A(13:A1240) cis W/W>
#  Matched base-stacking interactions: 

>>>>>>>>>>   ALIGNMENT ENDS   >>>>>>>>>>

<<<<<<<<<<  ALIGNMENT BEGINS  <<<<<<<<<<

#  Aligning reverse-kturn_conseusns and 3j7a_A:1974-1979_2009-2014:
#  Alignment score:  39.9
#  P-value:  5.626e-02
#  Query aligned region: 0-3,4-10
#  Target aligned region: 0:A1975-4:A1979,7:A2011-11:A2015

	GGA-G...CACAAAC
	UGGAC...G--GAAA

#  Matched base-pairing interactions: 
	<G(3:)-C(4:) cis W/W>                          MATCHES	<C(4:A1979)-G(7:A2011) cis W/W>
	<A(2:)-A(8:) trans H/H>                        MATCHES	<G(2:A1977)-A(9:A2013) trans S/H>
	<G(1:)-A(9:) trans S/H>                        MATCHES	<G(1:A1976)-A(10:A2014) trans S/H>
	<G(0:)-C(10:) cis W/W>                         MATCHES	<U(0:A1975)-A(11:A2015) cis W/W>
#  Matched base-stacking interactions: 

>>>>>>>>>>   ALIGNMENT ENDS   >>>>>>>>>>

<<<<<<<<<<  ALIGNMENT BEGINS  <<<<<<<<<<

#  Aligning reverse-kturn_conseusns and 3j7a_A:1949-1956_2032-2038:
#  Alignment score:  38.6
#  P-value:  6.230e-02
#  Query aligned region: 0-2,8-10
#  Target aligned region: 0:A1950-2:A1952,12:A2037-14:A2039

	GGA...AAC
	CGA...AAG

#  Matched base-pairing interactions: 
	<A(2:)-A(8:) trans H/H>                        MATCHES	<A(2:A1952)-A(12:A2037) cis -/->
	<G(1:)-A(9:) trans S/H>                        MATCHES	<G(1:A1951)-A(13:A2038) trans S/H>
	<G(0:)-C(10:) cis W/W>                         MATCHES	<C(0:A1950)-G(14:A2039) cis W/W>
#  Matched base-stacking interactions: 

>>>>>>>>>>   ALIGNMENT ENDS   >>>>>>>>>>

<<<<<<<<<<  ALIGNMENT BEGINS  <<<<<<<<<<

#  Aligning reverse-kturn_conseusns and 3j7a_A:1058-1065_1076-1082_975-976:
#  Alignment score:  38.4
#  P-value:  6.331e-02
#  Query aligned region: 0-3,4-10
#  Target aligned region: 0:A1059-4:A1063,10:A1079-14:A1083

	GGA-G...CACAAAC
	UGAAG...C--GUAA

#  Matched base-pairing interactions: 
	<G(3:)-C(4:) cis W/W>                          MATCHES	<G(4:A1063)-C(10:A1079) cis W/W>
	<A(2:)-A(8:) trans H/H>                        MATCHES	<A(2:A1061)-U(12:A1081) trans W/W>
	<G(1:)-A(9:) trans S/H>                        MATCHES	<G(1:A1060)-A(13:A1082) trans S/H>
	<G(0:)-C(10:) cis W/W>                         MATCHES	<U(0:A1059)-A(14:A1083) cis W/W>
#  Matched base-stacking interactions: 

>>>>>>>>>>   ALIGNMENT ENDS   >>>>>>>>>>

<<<<<<<<<<  ALIGNMENT BEGINS  <<<<<<<<<<

#  Aligning reverse-kturn_conseusns and 3j7a_A:1220-1223_1048-1049_1224-1228:
#  Alignment score:  37.6
#  P-value:  6.763e-02
#  Query aligned region: 0-2,8-10
#  Target aligned region: 1:A1222-2:A1223,4:A1049-4:A1049,6:A1225-8:A1227

	GG~A...AAC
	CG~G...AAG

#  Matched base-pairing interactions: 
	<G(1:)-A(9:) trans S/H>                        MATCHES	<G(2:A1223)-A(7:A1226) trans S/H>
	<A(2:)-A(8:) trans H/H>                        MATCHES	<G(4:A1049)-A(6:A1225) cis S/W>
	<G(0:)-C(10:) cis W/W>                         MATCHES	<C(1:A1222)-G(8:A1227) cis W/W>
#  Matched base-stacking interactions: 

>>>>>>>>>>   ALIGNMENT ENDS   >>>>>>>>>>

<<<<<<<<<<  ALIGNMENT BEGINS  <<<<<<<<<<

#  Aligning reverse-kturn_conseusns and 3j7a_A:1796-1797_1845-1846_1799-1801:
#  Alignment score:  37.4
#  P-value:  6.878e-02
#  Query aligned region: 0-2,8-10
#  Target aligned region: 0:A1797-1:A1798,2:A1846-2:A1846,4:A1800-6:A1802

	GG~A...AAC
	CG~U...AAG

#  Matched base-pairing interactions: 
	<A(2:)-A(8:) trans H/H>                        MATCHES	<U(2:A1846)-A(4:A1800) cis -/->
	<G(1:)-A(9:) trans S/H>                        MATCHES	<G(1:A1798)-A(5:A1801) trans S/H>
	<G(0:)-C(10:) cis W/W>                         MATCHES	<C(0:A1797)-G(6:A1802) cis W/W>
#  Matched base-stacking interactions: 

>>>>>>>>>>   ALIGNMENT ENDS   >>>>>>>>>>

<<<<<<<<<<  ALIGNMENT BEGINS  <<<<<<<<<<

#  Aligning reverse-kturn_conseusns and 3j7a_A:930-932_1032-1038_634-640:
#  Alignment score:  37.4
#  P-value:  6.878e-02
#  Query aligned region: 0-2,8-10
#  Target aligned region: 7:A1037-9:A1039,11:A636-13:A638

	GGA...AAC
	UCA...UAG

#  Matched base-pairing interactions: 
	<A(2:)-A(8:) trans H/H>                        MATCHES	<A(9:A1039)-U(11:A636) trans H/W>
	<G(1:)-A(9:) trans S/H>                        MATCHES	<C(8:A1038)-A(12:A637) trans S/H>
	<G(0:)-C(10:) cis W/W>                         MATCHES	<U(7:A1037)-G(13:A638) cis W/W>
#  Matched base-stacking interactions: 

>>>>>>>>>>   ALIGNMENT ENDS   >>>>>>>>>>

<<<<<<<<<<  ALIGNMENT BEGINS  <<<<<<<<<<

#  Aligning reverse-kturn_conseusns and 3j7a_A:1203-1204_633-640_1033-1041:
#  Alignment score:  37
#  P-value:  7.116e-02
#  Query aligned region: 0-2,8-10
#  Target aligned region: 2:A634-4:A636,15:A1039-17:A1041

	GGA...AAC
	CGU...AAG

#  Matched base-pairing interactions: 
	<A(2:)-A(8:) trans H/H>                        MATCHES	<U(4:A636)-A(15:A1039) trans W/H>
	<G(1:)-A(9:) trans S/H>                        MATCHES	<G(3:A635)-A(16:A1040) trans S/H>
	<G(0:)-C(10:) cis W/W>                         MATCHES	<C(2:A634)-G(17:A1041) cis W/W>
#  Matched base-stacking interactions: 

>>>>>>>>>>   ALIGNMENT ENDS   >>>>>>>>>>

<<<<<<<<<<  ALIGNMENT BEGINS  <<<<<<<<<<

#  Aligning reverse-kturn_conseusns and 3j7a_A:1713-1715_1268-1271_1866-1873:
#  Alignment score:  35.6
#  P-value:  8.056e-02
#  Query aligned region: 0-1,9-10
#  Target aligned region: 3:A1269-4:A1270,13:A1873-14:A1874

	GG...AC
	UG...AA

#  Matched base-pairing interactions: 
	<G(1:)-A(9:) trans S/H>                        MATCHES	<G(4:A1270)-A(13:A1873) trans S/H>
	<G(0:)-C(10:) cis W/W>                         MATCHES	<U(3:A1269)-A(14:A1874) cis W/W>
#  Matched base-stacking interactions: 

>>>>>>>>>>   ALIGNMENT ENDS   >>>>>>>>>>

<<<<<<<<<<  ALIGNMENT BEGINS  <<<<<<<<<<

#  Aligning reverse-kturn_conseusns and 3j7a_A:1181-1186_623-625_1187-1190:
#  Alignment score:  35.6
#  P-value:  8.056e-02
#  Query aligned region: 0-2,8-10
#  Target aligned region: 3:A1185-4:A1186,7:A625-7:A625,9:A1188-11:A1190

	GG~A...AAC
	AG~U...AAU

#  Matched base-pairing interactions: 
	<G(1:)-A(9:) trans S/H>                        MATCHES	<G(4:A1186)-A(10:A1189) trans S/H>
	<A(2:)-A(8:) trans H/H>                        MATCHES	<U(7:A625)-A(9:A1188) cis W/W>
	<G(0:)-C(10:) cis W/W>                         MATCHES	<A(3:A1185)-U(11:A1190) cis W/W>
#  Matched base-stacking interactions: 

>>>>>>>>>>   ALIGNMENT ENDS   >>>>>>>>>>

<<<<<<<<<<  ALIGNMENT BEGINS  <<<<<<<<<<

#  Aligning reverse-kturn_conseusns and 3j7a_A:257-261_206-212:
#  Alignment score:  35.4
#  P-value:  8.206e-02
#  Query aligned region: 0-2,8-10
#  Target aligned region: 2:A260-4:A262,6:A208-8:A210

	GGA...AAC
	AGA...UAU

#  Matched base-pairing interactions: 
	<A(2:)-A(8:) trans H/H>                        MATCHES	<A(4:A262)-U(6:A208) trans H/W>
	<G(1:)-A(9:) trans S/H>                        MATCHES	<G(3:A261)-A(7:A209) trans S/H>
	<G(0:)-C(10:) cis W/W>                         MATCHES	<A(2:A260)-U(8:A210) cis W/W>
#  Matched base-stacking interactions: 

>>>>>>>>>>   ALIGNMENT ENDS   >>>>>>>>>>

<<<<<<<<<<  ALIGNMENT BEGINS  <<<<<<<<<<

#  Aligning reverse-kturn_conseusns and 3j7a_A:37-41_442-446_469-475:
#  Alignment score:  35.2
#  P-value:  8.359e-02
#  Query aligned region: 0-2,8-10
#  Target aligned region: 0:A38-1:A39,8:A446-9:A447,15:A475-16:A476

	GG~A...A~AC
	CA~U...A~CA

#  Matched base-pairing interactions: 
	<G(1:)-A(9:) trans S/H>                        MATCHES	<A(1:A39)-C(15:A475) trans S/H>
	<A(2:)-A(8:) trans H/H>                        MATCHES	<U(8:A446)-A(9:A447) trans S/H>
	<G(0:)-C(10:) cis W/W>                         MATCHES	<C(0:A38)-A(16:A476) cis W/W>
#  Matched base-stacking interactions: 

>>>>>>>>>>   ALIGNMENT ENDS   >>>>>>>>>>

<<<<<<<<<<  ALIGNMENT BEGINS  <<<<<<<<<<

#  Aligning reverse-kturn_conseusns and 3j7a_A:79-85_64-72:
#  Alignment score:  33.3
#  P-value:  1.006e-01
#  Query aligned region: 0-2,8-10
#  Target aligned region: 4:A84-6:A86,7:A65-10:A68

	GGA...A-AC
	AGA...AUAU

#  Matched base-pairing interactions: 
	<G(1:)-A(9:) trans S/H>                        MATCHES	<G(5:A85)-A(9:A67) trans S/H>
	<A(2:)-A(8:) trans H/H>                        MATCHES	<A(6:A86)-A(7:A65) cis -/->
	<G(0:)-C(10:) cis W/W>                         MATCHES	<A(4:A84)-U(10:A68) cis W/W>
#  Matched base-stacking interactions: 

>>>>>>>>>>   ALIGNMENT ENDS   >>>>>>>>>>

<<<<<<<<<<  ALIGNMENT BEGINS  <<<<<<<<<<

#  Aligning reverse-kturn_conseusns and 3j7a_A:1688-1689_1363-1365_1318-1321:
#  Alignment score:  33.2
#  P-value:  1.017e-01
#  Query aligned region: 0-1,9-10
#  Target aligned region: 2:A1364-3:A1365,6:A1320-7:A1321

	GG...AC
	GG...AC

#  Matched base-pairing interactions: 
	<G(1:)-A(9:) trans S/H>                        MATCHES	<G(3:A1365)-A(6:A1320) trans S/H>
	<G(0:)-C(10:) cis W/W>                         MATCHES	<G(2:A1364)-C(7:A1321) cis W/W>
#  Matched base-stacking interactions: 

>>>>>>>>>>   ALIGNMENT ENDS   >>>>>>>>>>

<<<<<<<<<<  ALIGNMENT BEGINS  <<<<<<<<<<

#  Aligning reverse-kturn_conseusns and 3j7a_A:1965-1971_2017-2023_411-413:
#  Alignment score:  32.8
#  P-value:  1.060e-01
#  Query aligned region: 0-2,8-10
#  Target aligned region: 0:A1966-2:A1968,11:A2022-13:A2024

	GGA...AAC
	UGA...AAA

#  Matched base-pairing interactions: 
	<A(2:)-A(8:) trans H/H>                        MATCHES	<A(2:A1968)-A(11:A2022) trans H/S>
	<G(1:)-A(9:) trans S/H>                        MATCHES	<G(1:A1967)-A(12:A2023) trans S/H>
	<G(0:)-C(10:) cis W/W>                         MATCHES	<U(0:A1966)-A(13:A2024) cis W/W>
#  Matched base-stacking interactions: 

>>>>>>>>>>   ALIGNMENT ENDS   >>>>>>>>>>

<<<<<<<<<<  ALIGNMENT BEGINS  <<<<<<<<<<

#  Aligning reverse-kturn_conseusns and 3j7a_A:1714-1715_1833-1843_1861-1867:
#  Alignment score:  32.2
#  P-value:  1.130e-01
#  Query aligned region: 0-2,8-10
#  Target aligned region: 5:A1837-7:A1839,17:A1866-19:A1868

	GGA...AAC
	GGG...AAC

#  Matched base-pairing interactions: 
	<A(2:)-A(8:) trans H/H>                        MATCHES	<G(7:A1839)-A(17:A1866) trans S/H>
	<G(1:)-A(9:) trans S/H>                        MATCHES	<G(6:A1838)-A(18:A1867) trans S/H>
	<G(0:)-C(10:) cis W/W>                         MATCHES	<G(5:A1837)-C(19:A1868) cis W/W>
#  Matched base-stacking interactions: 

>>>>>>>>>>   ALIGNMENT ENDS   >>>>>>>>>>

<<<<<<<<<<  ALIGNMENT BEGINS  <<<<<<<<<<

#  Aligning reverse-kturn_conseusns and 3j7a_A:528-536:
#  Alignment score:  31.9
#  P-value:  1.167e-01
#  Query aligned region: 0-2,8-10
#  Target aligned region: 0:A529-8:A537

	GGA...AA-C
	UUU...AACC

#  Matched base-pairing interactions: 
	<A(2:)-A(8:) trans H/H>                        MATCHES	<U(2:A531)-A(5:A534) cis -/->
	<G(0:)-C(10:) cis W/W>                         MATCHES	<U(0:A529)-C(8:A537) cis W/W>
	<G(1:)-A(9:) trans S/H>                        MATCHES	<U(1:A530)-A(6:A535) trans S/H>
#  Matched base-stacking interactions: 

>>>>>>>>>>   ALIGNMENT ENDS   >>>>>>>>>>

<<<<<<<<<<  ALIGNMENT BEGINS  <<<<<<<<<<

#  Aligning reverse-kturn_conseusns and 3j7a_A:1081-1087_1051-1055_1056-1058:
#  Alignment score:  31.8
#  P-value:  1.180e-01
#  Query aligned region: 0-1,9-10
#  Target aligned region: 2:A1084-2:A1084,11:A1056-11:A1056,12:A1057-13:A1058

	G~G...AC
	U~G...AG

#  Matched base-pairing interactions: 
	<G(0:)-C(10:) cis W/W>                         MATCHES	<U(2:A1084)-G(13:A1058) cis W/W>
	<G(1:)-A(9:) trans S/H>                        MATCHES	<G(11:A1056)-A(12:A1057) trans S/H>
#  Matched base-stacking interactions: 

>>>>>>>>>>   ALIGNMENT ENDS   >>>>>>>>>>

<<<<<<<<<<  ALIGNMENT BEGINS  <<<<<<<<<<

#  Aligning reverse-kturn_conseusns and 3j7a_A:1859-1865_1838-1844:
#  Alignment score:  31.8
#  P-value:  1.180e-01
#  Query aligned region: 0-2,8-10
#  Target aligned region: 4:A1864-6:A1866,7:A1839-9:A1841

	GGA...AAC
	UGA...GAU

#  Matched base-pairing interactions: 
	<A(2:)-A(8:) trans H/H>                        MATCHES	<A(6:A1866)-G(7:A1839) trans H/S>
	<G(1:)-A(9:) trans S/H>                        MATCHES	<G(5:A1865)-A(8:A1840) trans S/H>
	<G(0:)-C(10:) cis W/W>                         MATCHES	<U(4:A1864)-U(9:A1841) cis W/W>
#  Matched base-stacking interactions: 

>>>>>>>>>>   ALIGNMENT ENDS   >>>>>>>>>>

<<<<<<<<<<  ALIGNMENT BEGINS  <<<<<<<<<<

#  Aligning reverse-kturn_conseusns and 3j7a_A:944-945_1004-1006_1009-1011:
#  Alignment score:  31.8
#  P-value:  1.180e-01
#  Query aligned region: 0-1,9-10
#  Target aligned region: 3:A1006-4:A1007,5:A1010-6:A1011

	GG...AC
	CG...AG

#  Matched base-pairing interactions: 
	<G(1:)-A(9:) trans S/H>                        MATCHES	<G(4:A1007)-A(5:A1010) trans S/H>
	<G(0:)-C(10:) cis W/W>                         MATCHES	<C(3:A1006)-G(6:A1011) cis W/W>
#  Matched base-stacking interactions: 

>>>>>>>>>>   ALIGNMENT ENDS   >>>>>>>>>>

<<<<<<<<<<  ALIGNMENT BEGINS  <<<<<<<<<<

#  Aligning reverse-kturn_conseusns and 3j7a_A:821-824_809-813_847-853:
#  Alignment score:  31.6
#  P-value:  1.207e-01
#  Query aligned region: 0-1,9-10
#  Target aligned region: 4:A810-5:A811,13:A852-14:A853

	GG...AC
	AG...AU

#  Matched base-pairing interactions: 
	<G(1:)-A(9:) trans S/H>                        MATCHES	<G(5:A811)-A(13:A852) trans S/H>
	<G(0:)-C(10:) cis W/W>                         MATCHES	<A(4:A810)-U(14:A853) cis W/W>
#  Matched base-stacking interactions: 

>>>>>>>>>>   ALIGNMENT ENDS   >>>>>>>>>>

<<<<<<<<<<  ALIGNMENT BEGINS  <<<<<<<<<<

#  Aligning reverse-kturn_conseusns and 3j7a_A:442-446_468-474_38-41:
#  Alignment score:  30.8
#  P-value:  1.322e-01
#  Query aligned region: 0-1,9-10
#  Target aligned region: 8:A472-9:A473,13:A40-14:A41

	GG...AC
	UG...AA

#  Matched base-pairing interactions: 
	<G(1:)-A(9:) trans S/H>                        MATCHES	<G(9:A473)-A(13:A40) trans S/H>
	<G(0:)-C(10:) cis W/W>                         MATCHES	<U(8:A472)-A(14:A41) cis W/W>
#  Matched base-stacking interactions: 

>>>>>>>>>>   ALIGNMENT ENDS   >>>>>>>>>>

<<<<<<<<<<  ALIGNMENT BEGINS  <<<<<<<<<<

#  Aligning reverse-kturn_conseusns and 3j7a_A:1064-1066_970-971_973-976:
#  Alignment score:  29.6
#  P-value:  1.530e-01
#  Query aligned region: 0-2,8-10
#  Target aligned region: 0:A1065-0:A1065,3:A971-4:A972,6:A975-8:A977

	G~GA...AAC
	C~GU...AAU

#  Matched base-pairing interactions: 
	<A(2:)-A(8:) trans H/H>                        MATCHES	<U(4:A972)-A(6:A975) cis -/->
	<G(0:)-C(10:) cis W/W>                         MATCHES	<C(0:A1065)-U(8:A977) cis S/S>
	<G(1:)-A(9:) trans S/H>                        MATCHES	<G(3:A971)-A(7:A976) trans S/H>
#  Matched base-stacking interactions: 

>>>>>>>>>>   ALIGNMENT ENDS   >>>>>>>>>>

<<<<<<<<<<  ALIGNMENT BEGINS  <<<<<<<<<<

#  Aligning reverse-kturn_conseusns and 3j7a_A:1225-1231_1213-1222_1090-1091:
#  Alignment score:  29.5
#  P-value:  1.549e-01
#  Query aligned region: 0-2,8-10
#  Target aligned region: 4:A1230-6:A1232,9:A1216-12:A1219

	GGA...AA-C
	AGA...UAUU

#  Matched base-pairing interactions: 
	<A(2:)-A(8:) trans H/H>                        MATCHES	<A(6:A1232)-U(9:A1216) trans H/W>
	<G(0:)-C(10:) cis W/W>                         MATCHES	<A(4:A1230)-U(12:A1219) cis W/W>
	<G(1:)-A(9:) trans S/H>                        MATCHES	<G(5:A1231)-A(10:A1217) trans S/H>
#  Matched base-stacking interactions: 

>>>>>>>>>>   ALIGNMENT ENDS   >>>>>>>>>>

<<<<<<<<<<  ALIGNMENT BEGINS  <<<<<<<<<<

#  Aligning reverse-kturn_conseusns and 3j7a_A:578-583_586-589_569-576:
#  Alignment score:  27.8
#  P-value:  1.947e-01
#  Query aligned region: 0-2,8-10
#  Target aligned region: 3:A582-4:A583,8:A589-9:A590,14:A574-15:A575

	GG~A...A~AC
	CG~U...C~AG

#  Matched base-pairing interactions: 
	<G(1:)-A(9:) trans S/H>                        MATCHES	<G(4:A583)-A(14:A574) trans S/H>
	<A(2:)-A(8:) trans H/H>                        MATCHES	<U(8:A589)-C(9:A590) cis -/->
	<G(0:)-C(10:) cis W/W>                         MATCHES	<C(3:A582)-G(15:A575) cis W/W>
#  Matched base-stacking interactions: 

>>>>>>>>>>   ALIGNMENT ENDS   >>>>>>>>>>

<<<<<<<<<<  ALIGNMENT BEGINS  <<<<<<<<<<

#  Aligning reverse-kturn_conseusns and 3j7a_A:429-434_97-98_46-54:
#  Alignment score:  27.6
#  P-value:  2.003e-01
#  Query aligned region: 0-1,9-10
#  Target aligned region: 4:A434-5:A435,12:A51-13:A52

	GG...AC
	AG...AU

#  Matched base-pairing interactions: 
	<G(1:)-A(9:) trans S/H>                        MATCHES	<G(5:A435)-A(12:A51) trans S/H>
	<G(0:)-C(10:) cis W/W>                         MATCHES	<A(4:A434)-U(13:A52) cis W/W>
#  Matched base-stacking interactions: 

>>>>>>>>>>   ALIGNMENT ENDS   >>>>>>>>>>

<<<<<<<<<<  ALIGNMENT BEGINS  <<<<<<<<<<

#  Aligning reverse-kturn_conseusns and 3j7a_A:38-41_442-446_468-474:
#  Alignment score:  27.2
#  P-value:  2.124e-01
#  Query aligned region: 0-1,9-10
#  Target aligned region: 6:A445-8:A447,10:A470-10:A470

	GG...A~C
	UU...A~A

#  Matched base-pairing interactions: 
	<G(0:)-C(10:) cis W/W>                         MATCHES	<U(6:A445)-A(10:A470) cis W/W>
	<G(1:)-A(9:) trans S/H>                        MATCHES	<U(7:A446)-A(8:A447) trans S/H>
#  Matched base-stacking interactions: 

>>>>>>>>>>   ALIGNMENT ENDS   >>>>>>>>>>

<<<<<<<<<<  ALIGNMENT BEGINS  <<<<<<<<<<

#  Aligning reverse-kturn_conseusns and 3j7a_A:1683-1689_1316-1319_1364-1372:
#  Alignment score:  26.7
#  P-value:  2.291e-01
#  Query aligned region: 0-2,8-10
#  Target aligned region: 4:A1688-5:A1689,10:A1320-10:A1320,11:A1365-14:A1368

	GG~A...AA-C
	UU~A...GAUG

#  Matched base-pairing interactions: 
	<G(0:)-C(10:) cis W/W>                         MATCHES	<U(4:A1688)-G(14:A1368) cis W/W>
	<G(1:)-A(9:) trans S/H>                        MATCHES	<U(5:A1689)-A(12:A1366) trans S/H>
	<A(2:)-A(8:) trans H/H>                        MATCHES	<A(10:A1320)-G(11:A1365) trans H/S>
#  Matched base-stacking interactions: 

>>>>>>>>>>   ALIGNMENT ENDS   >>>>>>>>>>

<<<<<<<<<<  ALIGNMENT BEGINS  <<<<<<<<<<

#  Aligning reverse-kturn_conseusns and 3j7a_A:930-932_634-640_1032-1038:
#  Alignment score:  24.7
#  P-value:  3.202e-01
#  Query aligned region: 0-1,9-10
#  Target aligned region: 6:A638-6:A638,11:A1034-14:A1037

	G~G...A-C
	G~U...AAU

#  Matched base-pairing interactions: 
	<G(0:)-C(10:) cis W/W>                         MATCHES	<G(6:A638)-U(14:A1037) cis W/W>
	<G(1:)-A(9:) trans S/H>                        MATCHES	<U(11:A1034)-A(12:A1035) trans S/H>
#  Matched base-stacking interactions: 

>>>>>>>>>>   ALIGNMENT ENDS   >>>>>>>>>>

<<<<<<<<<<  ALIGNMENT BEGINS  <<<<<<<<<<

#  Aligning reverse-kturn_conseusns and 3j7a_A:977-984_965-968:
#  Alignment score:  23
#  P-value:  4.485e-01
#  Query aligned region: 1-2,8-9
#  Target aligned region: 5:A983-6:A984,8:A966-9:A967

	GA...AA
	GA...CA

#  Matched base-pairing interactions: 
	<A(2:)-A(8:) trans H/H>                        MATCHES	<A(6:A984)-C(8:A966) trans H/W>
	<G(1:)-A(9:) trans S/H>                        MATCHES	<G(5:A983)-A(9:A967) trans S/H>
#  Matched base-stacking interactions: 

>>>>>>>>>>   ALIGNMENT ENDS   >>>>>>>>>>

<<<<<<<<<<  ALIGNMENT BEGINS  <<<<<<<<<<

#  Aligning reverse-kturn_conseusns and 3j7a_A:1638-1651_1407-1419:
#  Alignment score:  22.8
#  P-value:  4.685e-01
#  Query aligned region: 0-1,9-10
#  Target aligned region: 3:A1642-9:A1648

	GG...AC
	UG...AA

#  Matched base-pairing interactions: 
	<G(1:)-A(9:) trans S/H>                        MATCHES	<G(4:A1643)-A(8:A1647) trans S/H>
	<G(0:)-C(10:) cis W/W>                         MATCHES	<U(3:A1642)-A(9:A1648) cis W/W>
#  Matched base-stacking interactions: 

>>>>>>>>>>   ALIGNMENT ENDS   >>>>>>>>>>

<<<<<<<<<<  ALIGNMENT BEGINS  <<<<<<<<<<

#  Aligning reverse-kturn_conseusns and 3j7a_A:409-412_396-406_92-94:
#  Alignment score:  20.9
#  P-value:  7.497e-01
#  Query aligned region: 1-2,8-9
#  Target aligned region: 9:A402-10:A403,15:A93-17:A95

	GA...A-A
	GA...GAA

#  Matched base-pairing interactions: 
	<G(1:)-A(9:) trans S/H>                        MATCHES	<G(9:A402)-A(17:A95) trans S/H>
	<A(2:)-A(8:) trans H/H>                        MATCHES	<A(10:A403)-G(15:A93) cis -/->
#  Matched base-stacking interactions: 

>>>>>>>>>>   ALIGNMENT ENDS   >>>>>>>>>>

<<<<<<<<<<  ALIGNMENT BEGINS  <<<<<<<<<<

#  Aligning reverse-kturn_conseusns and 3j7a_A:1301-1306_1848-1852_1890-1898:
#  Alignment score:  20
#  P-value:  9.804e-01
#  Query aligned region: 2-3,4-8
#  Target aligned region: 3:A1305-3:A1305,7:A1850-9:A1852,14:A1894-14:A1894

	A~G...C~A
	A~G...A~A

#  Matched base-pairing interactions: 
	<G(3:)-C(4:) cis W/W>                          MATCHES	<G(7:A1850)-A(9:A1852) cis -/->
	<A(2:)-A(8:) trans H/H>                        MATCHES	<A(3:A1305)-A(14:A1894) trans H/H>
#  Matched base-stacking interactions: 

>>>>>>>>>>   ALIGNMENT ENDS   >>>>>>>>>>

<<<<<<<<<<  ALIGNMENT BEGINS  <<<<<<<<<<

#  Aligning reverse-kturn_conseusns and 3j7a_A:555-562_577-579_18-19:
#  Alignment score:  13.6
#  P-value:  1.000e+00
#  Query aligned region: 0-3,4-10
#  Target aligned region: 2:A558-6:A562,8:A578-10:A580

	GGAG...C~AAC
	GGGC...A~GCC

#  Matched base-pairing interactions: 
	<G(3:)-C(4:) cis W/W>                          MATCHES	<C(5:A561)-A(6:A562) cis W/H>
	<A(2:)-A(8:) trans H/H>                        MATCHES	<G(4:A560)-G(8:A578) cis W/H>
	<G(1:)-A(9:) trans S/H>                        MATCHES	<G(3:A559)-C(9:A579) cis W/W>
	<G(0:)-C(10:) cis W/W>                         MATCHES	<G(2:A558)-C(10:A580) cis W/W>
#  Matched base-stacking interactions: 

>>>>>>>>>>   ALIGNMENT ENDS   >>>>>>>>>>

<<<<<<<<<<  ALIGNMENT BEGINS  <<<<<<<<<<

#  Aligning reverse-kturn_conseusns and 3j7a_A:1713-1715_1866-1873_1268-1271:
#  Alignment score:  12.6
#  P-value:  1.000e+00
#  Query aligned region: 0-2,8-10
#  Target aligned region: 0:A1714-1:A1715,9:A1873-9:A1873,12:A1270-14:A1272

	GG~A...AAC
	UA~A...GGA

#  Matched base-pairing interactions: 
	<G(1:)-A(9:) trans S/H>                        MATCHES	<A(1:A1715)-G(13:A1271) cis W/W>
	<A(2:)-A(8:) trans H/H>                        MATCHES	<A(9:A1873)-G(12:A1270) trans H/S>
	<G(0:)-C(10:) cis W/W>                         MATCHES	<U(0:A1714)-A(14:A1272) cis W/W>
#  Matched base-stacking interactions: 

>>>>>>>>>>   ALIGNMENT ENDS   >>>>>>>>>>

<<<<<<<<<<  ALIGNMENT BEGINS  <<<<<<<<<<

#  Aligning reverse-kturn_conseusns and 3j7a_A:1422-1425_1400-1407_1391-1397:
#  Alignment score:  12.4
#  P-value:  1.000e+00
#  Query aligned region: 0-2,8-10
#  Target aligned region: 1:A1424-1:A1424,9:A1406-10:A1407,12:A1392-14:A1394

	G~GA...AAC
	A~GU...CGU

#  Matched base-pairing interactions: 
	<A(2:)-A(8:) trans H/H>                        MATCHES	<U(10:A1407)-C(12:A1392) trans W/H>
	<G(0:)-C(10:) cis W/W>                         MATCHES	<A(1:A1424)-U(14:A1394) cis W/W>
	<G(1:)-A(9:) trans S/H>                        MATCHES	<G(9:A1406)-G(13:A1393) trans S/H>
#  Matched base-stacking interactions: 

>>>>>>>>>>   ALIGNMENT ENDS   >>>>>>>>>>

<<<<<<<<<<  ALIGNMENT BEGINS  <<<<<<<<<<

#  Aligning reverse-kturn_conseusns and 3j7a_A:569-576_586-589_578-583:
#  Alignment score:  12
#  P-value:  1.000e+00
#  Query aligned region: 0-2,8-10
#  Target aligned region: 6:A576-7:A577,10:A589-11:A590,13:A580-14:A581

	GG~A...A~AC
	CA~U...C~CG

#  Matched base-pairing interactions: 
	<G(1:)-A(9:) trans S/H>                        MATCHES	<A(7:A577)-C(13:A580) cis -/->
	<A(2:)-A(8:) trans H/H>                        MATCHES	<U(10:A589)-C(11:A590) cis -/->
	<G(0:)-C(10:) cis W/W>                         MATCHES	<C(6:A576)-G(14:A581) cis W/W>
#  Matched base-stacking interactions: 

>>>>>>>>>>   ALIGNMENT ENDS   >>>>>>>>>>

<<<<<<<<<<  ALIGNMENT BEGINS  <<<<<<<<<<

#  Aligning reverse-kturn_conseusns and 3j7a_A:1316-1319_1364-1372_1683-1689:
#  Alignment score:  11.4
#  P-value:  1.000e+00
#  Query aligned region: 0-1,9-10
#  Target aligned region: 7:A1368-8:A1369,16:A1687-17:A1688

	GG...AC
	GG...CU

#  Matched base-pairing interactions: 
	<G(1:)-A(9:) trans S/H>                        MATCHES	<G(8:A1369)-C(16:A1687) cis W/W>
	<G(0:)-C(10:) cis W/W>                         MATCHES	<G(7:A1368)-U(17:A1688) cis W/W>
#  Matched base-stacking interactions: 

>>>>>>>>>>   ALIGNMENT ENDS   >>>>>>>>>>

<<<<<<<<<<  ALIGNMENT BEGINS  <<<<<<<<<<

#  Aligning reverse-kturn_conseusns and 3j7a_A:1905-1910_1877-1883_1262-1264:
#  Alignment score:  11
#  P-value:  1.000e+00
#  Query aligned region: 0-1,9-10
#  Target aligned region: 0:A1906-1:A1907,11:A1883-12:A1884

	GG...AC
	UG...AA

#  Matched base-pairing interactions: 
	<G(1:)-A(9:) trans S/H>                        MATCHES	<G(1:A1907)-A(11:A1883) cis -/->
	<G(0:)-C(10:) cis W/W>                         MATCHES	<U(0:A1906)-A(12:A1884) cis W/W>
#  Matched base-stacking interactions: 

>>>>>>>>>>   ALIGNMENT ENDS   >>>>>>>>>>

<<<<<<<<<<  ALIGNMENT BEGINS  <<<<<<<<<<

#  Aligning reverse-kturn_conseusns and 3j7a_A:929-933_1030-1033:
#  Alignment score:  10.6
#  P-value:  1.000e+00
#  Query aligned region: 3-3,4-4
#  Target aligned region: 4:A934-4:A934,5:A1031-5:A1031

	G...C
	G...C

#  Matched base-pairing interactions: 
	<G(3:)-C(4:) cis W/W>                          MATCHES	<G(4:A934)-C(5:A1031) cis W/W>
#  Matched base-stacking interactions: 

>>>>>>>>>>   ALIGNMENT ENDS   >>>>>>>>>>

<<<<<<<<<<  ALIGNMENT BEGINS  <<<<<<<<<<

#  Aligning reverse-kturn_conseusns and 3j7a_A:847-853_821-824_809-813:
#  Alignment score:  10.2
#  P-value:  1.000e+00
#  Query aligned region: 3-3,4-4
#  Target aligned region: 7:A822-7:A822,15:A814-15:A814

	G...C
	G...U

#  Matched base-pairing interactions: 
	<G(3:)-C(4:) cis W/W>                          MATCHES	<G(7:A822)-U(15:A814) cis W/W>
#  Matched base-stacking interactions: 

>>>>>>>>>>   ALIGNMENT ENDS   >>>>>>>>>>

<<<<<<<<<<  ALIGNMENT BEGINS  <<<<<<<<<<

#  Aligning reverse-kturn_conseusns and 3j7a_A:40-47_437-444_469-470:
#  Alignment score:  9.8
#  P-value:  1.000e+00
#  Query aligned region: 3-3,4-4
#  Target aligned region: 1:A42-1:A42,9:A439-9:A439

	G...C
	G...C

#  Matched base-pairing interactions: 
	<G(3:)-C(4:) cis W/W>                          MATCHES	<G(1:A42)-C(9:A439) cis W/W>
#  Matched base-stacking interactions: 

>>>>>>>>>>   ALIGNMENT ENDS   >>>>>>>>>>

<<<<<<<<<<  ALIGNMENT BEGINS  <<<<<<<<<<

#  Aligning reverse-kturn_conseusns and 3j7a_A:317-323_351-360:
#  Alignment score:  9.8
#  P-value:  1.000e+00
#  Query aligned region: 3-3,4-4
#  Target aligned region: 6:A324-6:A324,7:A352-7:A352

	G...C
	U...G

#  Matched base-pairing interactions: 
	<G(3:)-C(4:) cis W/W>                          MATCHES	<U(6:A324)-G(7:A352) cis W/W>
#  Matched base-stacking interactions: 

>>>>>>>>>>   ALIGNMENT ENDS   >>>>>>>>>>

<<<<<<<<<<  ALIGNMENT BEGINS  <<<<<<<<<<

#  Aligning reverse-kturn_conseusns and 3j7a_A:409-412_92-94_396-406:
#  Alignment score:  9.8
#  P-value:  1.000e+00
#  Query aligned region: 3-3,4-4
#  Target aligned region: 0:A410-0:A410,9:A399-9:A399

	G...C
	G...C

#  Matched base-pairing interactions: 
	<G(3:)-C(4:) cis W/W>                          MATCHES	<G(0:A410)-C(9:A399) cis W/W>
#  Matched base-stacking interactions: 

>>>>>>>>>>   ALIGNMENT ENDS   >>>>>>>>>>

<<<<<<<<<<  ALIGNMENT BEGINS  <<<<<<<<<<

#  Aligning reverse-kturn_conseusns and 3j7a_A:1671-1682_1373-1381:
#  Alignment score:  9
#  P-value:  1.000e+00
#  Query aligned region: 3-3,4-4
#  Target aligned region: 2:A1674-2:A1674,19:A1381-19:A1381

	G...C
	G...C

#  Matched base-pairing interactions: 
	<G(3:)-C(4:) cis W/W>                          MATCHES	<G(2:A1674)-C(19:A1381) cis W/W>
#  Matched base-stacking interactions: 

>>>>>>>>>>   ALIGNMENT ENDS   >>>>>>>>>>

<<<<<<<<<<  ALIGNMENT BEGINS  <<<<<<<<<<

#  Aligning reverse-kturn_conseusns and 3j7a_A:1373-1381_1671-1682:
#  Alignment score:  9
#  P-value:  1.000e+00
#  Query aligned region: 3-3,4-4
#  Target aligned region: 8:A1382-8:A1382,9:A1672-9:A1672

	G...C
	G...C

#  Matched base-pairing interactions: 
	<G(3:)-C(4:) cis W/W>                          MATCHES	<G(8:A1382)-C(9:A1672) cis W/W>
#  Matched base-stacking interactions: 

>>>>>>>>>>   ALIGNMENT ENDS   >>>>>>>>>>

<<<<<<<<<<  ALIGNMENT BEGINS  <<<<<<<<<<

#  Aligning reverse-kturn_conseusns and 3j7a_A:46-54_97-98_429-434:
#  Alignment score:  8.2
#  P-value:  1.000e+00
#  Query aligned region: 0-1,9-10
#  Target aligned region: 7:A54-7:A54,10:A99-10:A99,12:A431-13:A432

	G~G...AC
	C~C...AG

#  Matched base-pairing interactions: 
	<G(0:)-C(10:) cis W/W>                         MATCHES	<C(7:A54)-G(13:A432) cis W/W>
	<G(1:)-A(9:) trans S/H>                        MATCHES	<C(10:A99)-A(12:A431) cis S/S>
#  Matched base-stacking interactions: 

>>>>>>>>>>   ALIGNMENT ENDS   >>>>>>>>>>

<<<<<<<<<<  ALIGNMENT BEGINS  <<<<<<<<<<

#  Aligning reverse-kturn_conseusns and 3j7a_A:1422-1425_1391-1397_1400-1407:
#  Alignment score:  7.4
#  P-value:  1.000e+00
#  Query aligned region: 3-3,4-4
#  Target aligned region: 9:A1397-9:A1397,13:A1403-13:A1403

	G...C
	A...U

#  Matched base-pairing interactions: 
	<G(3:)-C(4:) cis W/W>                          MATCHES	<A(9:A1397)-U(13:A1403) cis W/W>
#  Matched base-stacking interactions: 

>>>>>>>>>>   ALIGNMENT ENDS   >>>>>>>>>>

<<<<<<<<<<  ALIGNMENT BEGINS  <<<<<<<<<<

#  Aligning reverse-kturn_conseusns and 3j7a_A:1064-1066_973-976_970-971:
#  Alignment score:  3.3
#  P-value:  1.000e+00
#  Query aligned region: 
#  Target aligned region: 

	
	

#  Matched base-pairing interactions: 
#  Matched base-stacking interactions: 

>>>>>>>>>>   ALIGNMENT ENDS   >>>>>>>>>>

<<<<<<<<<<  ALIGNMENT BEGINS  <<<<<<<<<<

#  Aligning reverse-kturn_conseusns and 3j7a_A:973-976_970-971_1064-1066:
#  Alignment score:  2.6
#  P-value:  1.000e+00
#  Query aligned region: 
#  Target aligned region: 

	
	

#  Matched base-pairing interactions: 
#  Matched base-stacking interactions: 

>>>>>>>>>>   ALIGNMENT ENDS   >>>>>>>>>>

<<<<<<<<<<  ALIGNMENT BEGINS  <<<<<<<<<<

#  Aligning reverse-kturn_conseusns and 3j7a_A:973-976_1064-1066_970-971:
#  Alignment score:  2.4
#  P-value:  1.000e+00
#  Query aligned region: 
#  Target aligned region: 

	
	

#  Matched base-pairing interactions: 
#  Matched base-stacking interactions: 

>>>>>>>>>>   ALIGNMENT ENDS   >>>>>>>>>>

