$ /home/s081p868/scratch/RNAMotifScanX-release/bin/scan /home/s081p868/scratch/RNAMotifScanX-release/models/e-loop_consensus.struct /rfs/poseidon_share/s081p868/RNAMotifScanX_nr/rmsx_work_default/5j91/CB/5j91_CB.rmsx.in --map_pdb=/rfs/poseidon_share/s081p868/RNAMotifScanX_nr/rmsx_work_default/5j91/CB/5j91_CB.rmsx.nch --pvalue 1.0 --num_threads 16 --write_alignment
<<<<<<<<<<  ALIGNMENT BEGINS  <<<<<<<<<<

#  Aligning Eloop_consensus and 5j91_CB:71-74_100-103:
#  Alignment score:  54.8
#  P-value:  1.859e-02
#  Query aligned region: 0-2,3-5
#  Target aligned region: 0:'CB'72-2:'CB'74,5:'CB'102-7:'CB'104

	GAG...GUA
	GAU...GUA

#  Matched base-pairing interactions: 
	<G(2:)-G(3:) trans H/S>                        MATCHES	<U(2:'CB'74)-G(5:'CB'102) cis -/->
	<A(1:)-U(4:) trans H/W>                        MATCHES	<A(1:'CB'73)-U(6:'CB'103) trans H/W>
	<G(0:)-A(5:) trans S/H>                        MATCHES	<G(0:'CB'72)-A(7:'CB'104) trans S/H>
#  Matched base-stacking interactions: 

>>>>>>>>>>   ALIGNMENT ENDS   >>>>>>>>>>

<<<<<<<<<<  ALIGNMENT BEGINS  <<<<<<<<<<

#  Aligning Eloop_consensus and 5j91_CB:96-99_75-78:
#  Alignment score:  54.6
#  P-value:  1.875e-02
#  Query aligned region: 0-2,3-5
#  Target aligned region: 1:'CB'98-3:'CB'100,4:'CB'76-6:'CB'78

	GAG...GUA
	GAG...GUA

#  Matched base-pairing interactions: 
	<G(2:)-G(3:) trans H/S>                        MATCHES	<G(3:'CB'100)-G(4:'CB'76) cis -/->
	<A(1:)-U(4:) trans H/W>                        MATCHES	<A(2:'CB'99)-U(5:'CB'77) trans H/W>
	<G(0:)-A(5:) trans S/H>                        MATCHES	<G(1:'CB'98)-A(6:'CB'78) trans S/H>
#  Matched base-stacking interactions: 

>>>>>>>>>>   ALIGNMENT ENDS   >>>>>>>>>>

<<<<<<<<<<  ALIGNMENT BEGINS  <<<<<<<<<<

#  Aligning Eloop_consensus and 5j91_CB:68-71_12-15_103-106:
#  Alignment score:  30.4
#  P-value:  8.131e-02
#  Query aligned region: 0-2,3-5
#  Target aligned region: 3:'CB'72-3:'CB'72,4:'CB'13-7:'CB'16,8:'CB'104-8:'CB'104

	G~AG...GU~A
	G~GU...AG~A

#  Matched base-pairing interactions: 
	<G(2:)-G(3:) trans H/S>                        MATCHES	<U(5:'CB'14)-A(6:'CB'15) cis -/->
	<A(1:)-U(4:) trans H/W>                        MATCHES	<G(4:'CB'13)-G(7:'CB'16) trans S/S>
	<G(0:)-A(5:) trans S/H>                        MATCHES	<G(3:'CB'72)-A(8:'CB'104) trans S/H>
#  Matched base-stacking interactions: 

>>>>>>>>>>   ALIGNMENT ENDS   >>>>>>>>>>

<<<<<<<<<<  ALIGNMENT BEGINS  <<<<<<<<<<

#  Aligning Eloop_consensus and 5j91_CB:65-69_105-106_12-16:
#  Alignment score:  26.6
#  P-value:  1.180e-01
#  Query aligned region: 0-2,3-5
#  Target aligned region: 1:'CB'67-3:'CB'69,6:'CB'107-6:'CB'107,10:'CB'16-11:'CB'17

	GAG...G~UA
	GCG...G~GC

#  Matched base-pairing interactions: 
	<A(1:)-U(4:) trans H/W>                        MATCHES	<C(2:'CB'68)-G(10:'CB'16) cis W/W>
	<G(2:)-G(3:) trans H/S>                        MATCHES	<G(3:'CB'69)-G(6:'CB'107) trans H/S>
	<G(0:)-A(5:) trans S/H>                        MATCHES	<G(1:'CB'67)-C(11:'CB'17) cis W/W>
#  Matched base-stacking interactions: 

>>>>>>>>>>   ALIGNMENT ENDS   >>>>>>>>>>

<<<<<<<<<<  ALIGNMENT BEGINS  <<<<<<<<<<

#  Aligning Eloop_consensus and 5j91_CB:10-15:
#  Alignment score:  21.8
#  P-value:  2.147e-01
#  Query aligned region: 0-0,5-5
#  Target aligned region: 0:'CB'11-4:'CB'15

	G...A
	C...A

#  Matched base-pairing interactions: 
	<G(0:)-A(5:) trans S/H>                        MATCHES	<C(0:'CB'11)-A(4:'CB'15) trans S/H>
#  Matched base-stacking interactions: 

>>>>>>>>>>   ALIGNMENT ENDS   >>>>>>>>>>

<<<<<<<<<<  ALIGNMENT BEGINS  <<<<<<<<<<

#  Aligning Eloop_consensus and 5j91_CB:37-46:
#  Alignment score:  16.2
#  P-value:  6.106e-01
#  Query aligned region: 0-0,5-5
#  Target aligned region: 2:'CB'40-7:'CB'45

	G...A
	U...A

#  Matched base-pairing interactions: 
	<G(0:)-A(5:) trans S/H>                        MATCHES	<U(2:'CB'40)-A(7:'CB'45) trans S/H>
#  Matched base-stacking interactions: 

>>>>>>>>>>   ALIGNMENT ENDS   >>>>>>>>>>

<<<<<<<<<<  ALIGNMENT BEGINS  <<<<<<<<<<

#  Aligning Eloop_consensus and 5j91_CB:8-13_108-111:
#  Alignment score:  2
#  P-value:  1.000e+00
#  Query aligned region: 
#  Target aligned region: 

	
	

#  Matched base-pairing interactions: 
#  Matched base-stacking interactions: 

>>>>>>>>>>   ALIGNMENT ENDS   >>>>>>>>>>

<<<<<<<<<<  ALIGNMENT BEGINS  <<<<<<<<<<

#  Aligning Eloop_consensus and 5j91_CB:108-111_8-13:
#  Alignment score:  2
#  P-value:  1.000e+00
#  Query aligned region: 
#  Target aligned region: 

	
	

#  Matched base-pairing interactions: 
#  Matched base-stacking interactions: 

>>>>>>>>>>   ALIGNMENT ENDS   >>>>>>>>>>

