$ /home/s081p868/scratch/RNAMotifScanX-release/bin/scan /home/s081p868/scratch/RNAMotifScanX-release/models/reverse-kturn_consensus.struct /rfs/poseidon_share/s081p868/RNAMotifScanX_nr/rmsx_work_default/5j91/CB/5j91_CB.rmsx.in --map_pdb=/rfs/poseidon_share/s081p868/RNAMotifScanX_nr/rmsx_work_default/5j91/CB/5j91_CB.rmsx.nch --pvalue 1.0 --num_threads 16 --write_alignment
<<<<<<<<<<  ALIGNMENT BEGINS  <<<<<<<<<<

#  Aligning reverse-kturn_conseusns and 5j91_CB:64-73_12-15_101-108:
#  Alignment score:  40.4
#  P-value:  5.307e-02
#  Query aligned region: 0-3,4-10
#  Target aligned region: 6:'CB'71-8:'CB'73,11:'CB'14-12:'CB'15,15:'CB'103-17:'CB'105

	GGA~G...C~AAC
	CGA~U...A~UAG

#  Matched base-pairing interactions: 
	<G(3:)-C(4:) cis W/W>                          MATCHES	<U(11:'CB'14)-A(12:'CB'15) cis -/->
	<A(2:)-A(8:) trans H/H>                        MATCHES	<A(8:'CB'73)-U(15:'CB'103) trans H/W>
	<G(1:)-A(9:) trans S/H>                        MATCHES	<G(7:'CB'72)-A(16:'CB'104) trans S/H>
	<G(0:)-C(10:) cis W/W>                         MATCHES	<C(6:'CB'71)-G(17:'CB'105) cis W/W>
#  Matched base-stacking interactions: 

>>>>>>>>>>   ALIGNMENT ENDS   >>>>>>>>>>

<<<<<<<<<<  ALIGNMENT BEGINS  <<<<<<<<<<

#  Aligning reverse-kturn_conseusns and 5j91_CB:93-98_76-82:
#  Alignment score:  38
#  P-value:  6.411e-02
#  Query aligned region: 0-2,8-10
#  Target aligned region: 3:'CB'97-5:'CB'99,6:'CB'77-8:'CB'79

	GGA...AAC
	CGA...UAG

#  Matched base-pairing interactions: 
	<A(2:)-A(8:) trans H/H>                        MATCHES	<A(5:'CB'99)-U(6:'CB'77) trans H/W>
	<G(1:)-A(9:) trans S/H>                        MATCHES	<G(4:'CB'98)-A(7:'CB'78) trans S/H>
	<G(0:)-C(10:) cis W/W>                         MATCHES	<C(3:'CB'97)-G(8:'CB'79) cis W/W>
#  Matched base-stacking interactions: 

>>>>>>>>>>   ALIGNMENT ENDS   >>>>>>>>>>

<<<<<<<<<<  ALIGNMENT BEGINS  <<<<<<<<<<

#  Aligning reverse-kturn_conseusns and 5j91_CB:67-68_10-13_14-15:
#  Alignment score:  30.4
#  P-value:  1.362e-01
#  Query aligned region: 0-1,9-10
#  Target aligned region: 0:'CB'68-0:'CB'68,2:'CB'11-2:'CB'11,6:'CB'15-7:'CB'16

	G~G...AC
	C~C...AG

#  Matched base-pairing interactions: 
	<G(0:)-C(10:) cis W/W>                         MATCHES	<C(0:'CB'68)-G(7:'CB'16) cis W/W>
	<G(1:)-A(9:) trans S/H>                        MATCHES	<C(2:'CB'11)-A(6:'CB'15) trans S/H>
#  Matched base-stacking interactions: 

>>>>>>>>>>   ALIGNMENT ENDS   >>>>>>>>>>

<<<<<<<<<<  ALIGNMENT BEGINS  <<<<<<<<<<

#  Aligning reverse-kturn_conseusns and 5j91_CB:101-108_12-15_64-73:
#  Alignment score:  25
#  P-value:  2.991e-01
#  Query aligned region: 0-2,8-10
#  Target aligned region: 4:'CB'106-5:'CB'107,9:'CB'14-10:'CB'15,16:'CB'69-17:'CB'70

	GG~A...A~AC
	GG~U...A~GC

#  Matched base-pairing interactions: 
	<G(1:)-A(9:) trans S/H>                        MATCHES	<G(5:'CB'107)-G(16:'CB'69) trans S/H>
	<A(2:)-A(8:) trans H/H>                        MATCHES	<U(9:'CB'14)-A(10:'CB'15) cis -/->
	<G(0:)-C(10:) cis W/W>                         MATCHES	<G(4:'CB'106)-C(17:'CB'70) cis W/W>
#  Matched base-stacking interactions: 

>>>>>>>>>>   ALIGNMENT ENDS   >>>>>>>>>>

<<<<<<<<<<  ALIGNMENT BEGINS  <<<<<<<<<<

#  Aligning reverse-kturn_conseusns and 5j91_CB:37-46:
#  Alignment score:  20.2
#  P-value:  9.148e-01
#  Query aligned region: 0-1,9-10
#  Target aligned region: 1:'CB'39-8:'CB'46

	GG...AC
	AU...AA

#  Matched base-pairing interactions: 
	<G(1:)-A(9:) trans S/H>                        MATCHES	<U(2:'CB'40)-A(7:'CB'45) trans S/H>
	<G(0:)-C(10:) cis W/W>                         MATCHES	<A(1:'CB'39)-A(8:'CB'46) cis S/W>
#  Matched base-stacking interactions: 

>>>>>>>>>>   ALIGNMENT ENDS   >>>>>>>>>>

