$ /home/s081p868/scratch/RNAMotifScanX-release/bin/scan /home/s081p868/scratch/RNAMotifScanX-release/models/e-loop_consensus.struct /rfs/poseidon_share/s081p868/RNAMotifScanX_nr/rmsx_work_default/3tra/A/3tra_A.rmsx.in --map_pdb=/rfs/poseidon_share/s081p868/RNAMotifScanX_nr/rmsx_work_default/3tra/A/3tra_A.rmsx.nch --pvalue 1.0 --num_threads 8 --write_alignment
<<<<<<<<<<  ALIGNMENT BEGINS  <<<<<<<<<<

#  Aligning Eloop_consensus and 3tra_A:20-24_9-13_7-8:
#  Alignment score:  19
#  P-value:  2.427e-01
#  Query aligned region: 1-1,4-4
#  Target aligned region: 9:A14-9:A14,10:A8-10:A8

	A...U
	A...U

#  Matched base-pairing interactions: 
	<A(1:)-U(4:) trans H/W>                        MATCHES	<A(9:A14)-U(10:A8) trans H/W>
#  Matched base-stacking interactions: 

>>>>>>>>>>   ALIGNMENT ENDS   >>>>>>>>>>

<<<<<<<<<<  ALIGNMENT BEGINS  <<<<<<<<<<

#  Aligning Eloop_consensus and 3tra_A:7-14_17-22_44-46:
#  Alignment score:  7.4
#  P-value:  1.000e+00
#  Query aligned region: 0-1,4-5
#  Target aligned region: 7:A15-7:A15,12:A22-12:A22,15:A46-16:A47

	G~A...UA
	A~G...AU

#  Matched base-pairing interactions: 
	<G(0:)-A(5:) trans S/H>                        MATCHES	<A(7:A15)-U(16:A47) trans W/W>
	<A(1:)-U(4:) trans H/W>                        MATCHES	<G(12:A22)-A(15:A46) trans H/W>
#  Matched base-stacking interactions: 

>>>>>>>>>>   ALIGNMENT ENDS   >>>>>>>>>>

<<<<<<<<<<  ALIGNMENT BEGINS  <<<<<<<<<<

#  Aligning Eloop_consensus and 3tra_A:20-24_7-8_9-13:
#  Alignment score:  4.4
#  P-value:  1.000e+00
#  Query aligned region: 0-1,4-5
#  Target aligned region: 2:A23-2:A23,6:A9-6:A9,8:A11-9:A12

	G~A...UA
	A~A...UU

#  Matched base-pairing interactions: 
	<G(0:)-A(5:) trans S/H>                        MATCHES	<A(2:A23)-U(9:A12) cis W/W>
	<A(1:)-U(4:) trans H/W>                        MATCHES	<A(6:A9)-U(8:A11) cis -/->
#  Matched base-stacking interactions: 

>>>>>>>>>>   ALIGNMENT ENDS   >>>>>>>>>>

<<<<<<<<<<  ALIGNMENT BEGINS  <<<<<<<<<<

#  Aligning Eloop_consensus and 3tra_A:44-46_17-22_7-14:
#  Alignment score:  3.8
#  P-value:  1.000e+00
#  Query aligned region: 2-2,3-3
#  Target aligned region: 0:A45-0:A45,11:A10-11:A10

	G...G
	G...G

#  Matched base-pairing interactions: 
	<G(2:)-G(3:) trans H/S>                        MATCHES	<G(0:A45)-G(11:A10) cis -/->
#  Matched base-stacking interactions: 

>>>>>>>>>>   ALIGNMENT ENDS   >>>>>>>>>>

