$ /home/s081p868/scratch/RNAMotifScanX-release/bin/scan /home/s081p868/scratch/RNAMotifScanX-release/models/reverse-kturn_consensus.struct /rfs/poseidon_share/s081p868/RNAMotifScanX_nr/rmsx_work_default/1s72/0/1s72_0.rmsx.in --map_pdb=/rfs/poseidon_share/s081p868/RNAMotifScanX_nr/rmsx_work_default/1s72/0/1s72_0.rmsx.nch --pvalue 1.0 --num_threads 8 --write_alignment
<<<<<<<<<<  ALIGNMENT BEGINS  <<<<<<<<<<

#  Aligning reverse-kturn_conseusns and 1s72_0:1658-1663_1519-1520_1523-1529:
#  Alignment score:  71.4
#  P-value:  1.193e-02
#  Query aligned region: 0-3,4-10
#  Target aligned region: 2:'0'1662-5:'0'1665,6:'0'1521-6:'0'1521,10:'0'1527-12:'0'1529

	GGAG...C~AAC
	CGAG...C~AAG

#  Matched base-pairing interactions: 
	<G(3:)-C(4:) cis W/W>                          MATCHES	<G(5:'0'1665)-C(6:'0'1521) cis W/W>
	<A(2:)-A(8:) trans H/H>                        MATCHES	<A(4:'0'1664)-A(10:'0'1527) trans H/H>
	<G(1:)-A(9:) trans S/H>                        MATCHES	<G(3:'0'1663)-A(11:'0'1528) trans S/H>
	<G(0:)-C(10:) cis W/W>                         MATCHES	<C(2:'0'1662)-G(12:'0'1529) cis W/W>
#  Matched base-stacking interactions: 

>>>>>>>>>>   ALIGNMENT ENDS   >>>>>>>>>>

<<<<<<<<<<  ALIGNMENT BEGINS  <<<<<<<<<<

#  Aligning reverse-kturn_conseusns and 1s72_0:1487-1488_1529-1533_1648-1658:
#  Alignment score:  62.4
#  P-value:  1.677e-02
#  Query aligned region: 0-2,8-10
#  Target aligned region: 2:'0'1531-4:'0'1533,15:'0'1658-17:'0'1660

	GGA...AAC
	UGA...AAG

#  Matched base-pairing interactions: 
	<A(2:)-A(8:) trans H/H>                        MATCHES	<A(4:'0'1533)-A(15:'0'1658) trans H/H>
	<G(1:)-A(9:) trans S/H>                        MATCHES	<G(3:'0'1532)-A(16:'0'1659) trans S/H>
	<G(0:)-C(10:) cis W/W>                         MATCHES	<U(2:'0'1531)-G(17:'0'1660) cis W/W>
#  Matched base-stacking interactions: 

>>>>>>>>>>   ALIGNMENT ENDS   >>>>>>>>>>

<<<<<<<<<<  ALIGNMENT BEGINS  <<<<<<<<<<

#  Aligning reverse-kturn_conseusns and 1s72_0:1493-1495_1619-1625_1568-1574:
#  Alignment score:  62
#  P-value:  1.705e-02
#  Query aligned region: 0-2,8-10
#  Target aligned region: 4:'0'1622-6:'0'1624,12:'0'1572-14:'0'1574

	GGA...AAC
	GCA...AAC

#  Matched base-pairing interactions: 
	<A(2:)-A(8:) trans H/H>                        MATCHES	<A(6:'0'1624)-A(12:'0'1572) trans H/H>
	<G(1:)-A(9:) trans S/H>                        MATCHES	<C(5:'0'1623)-A(13:'0'1573) trans S/H>
	<G(0:)-C(10:) cis W/W>                         MATCHES	<G(4:'0'1622)-C(14:'0'1574) cis W/W>
#  Matched base-stacking interactions: 

>>>>>>>>>>   ALIGNMENT ENDS   >>>>>>>>>>

<<<<<<<<<<  ALIGNMENT BEGINS  <<<<<<<<<<

#  Aligning reverse-kturn_conseusns and 1s72_0:1224-1230_2518-2522_1128-1136:
#  Alignment score:  61.6
#  P-value:  1.734e-02
#  Query aligned region: 0-3,4-10
#  Target aligned region: 2:'0'1228-5:'0'1231,10:'0'2523-10:'0'2523,14:'0'1132-16:'0'1134

	GGAG...C~AAC
	CCAA...U~AAG

#  Matched base-pairing interactions: 
	<G(3:)-C(4:) cis W/W>                          MATCHES	<A(5:'0'1231)-U(10:'0'2523) cis H/S>
	<A(2:)-A(8:) trans H/H>                        MATCHES	<A(4:'0'1230)-A(14:'0'1132) trans H/H>
	<G(1:)-A(9:) trans S/H>                        MATCHES	<C(3:'0'1229)-A(15:'0'1133) trans S/H>
	<G(0:)-C(10:) cis W/W>                         MATCHES	<C(2:'0'1228)-G(16:'0'1134) cis W/W>
#  Matched base-stacking interactions: 

>>>>>>>>>>   ALIGNMENT ENDS   >>>>>>>>>>

<<<<<<<<<<  ALIGNMENT BEGINS  <<<<<<<<<<

#  Aligning reverse-kturn_conseusns and 1s72_0:1772-1778_1762-1767:
#  Alignment score:  60.8
#  P-value:  1.794e-02
#  Query aligned region: 0-2,8-10
#  Target aligned region: 0:'0'1774-2:'0'1776,10:'0'1767-12:'0'1769

	GGA...AAC
	GAA...ACC

#  Matched base-pairing interactions: 
	<A(2:)-A(8:) trans H/H>                        MATCHES	<A(2:'0'1776)-A(10:'0'1767) trans H/H>
	<G(1:)-A(9:) trans S/H>                        MATCHES	<A(1:'0'1775)-C(11:'0'1768) trans S/H>
	<G(0:)-C(10:) cis W/W>                         MATCHES	<G(0:'0'1774)-C(12:'0'1769) cis W/W>
#  Matched base-stacking interactions: 

>>>>>>>>>>   ALIGNMENT ENDS   >>>>>>>>>>

<<<<<<<<<<  ALIGNMENT BEGINS  <<<<<<<<<<

#  Aligning reverse-kturn_conseusns and 1s72_0:208-215_221-227:
#  Alignment score:  60.8
#  P-value:  1.794e-02
#  Query aligned region: 0-2,8-10
#  Target aligned region: 0:'0'210-2:'0'212,12:'0'227-14:'0'229

	GGA...AAC
	UUA...ACG

#  Matched base-pairing interactions: 
	<A(2:)-A(8:) trans H/H>                        MATCHES	<A(2:'0'212)-A(12:'0'227) trans H/H>
	<G(1:)-A(9:) trans S/H>                        MATCHES	<U(1:'0'211)-C(13:'0'228) trans S/H>
	<G(0:)-C(10:) cis W/W>                         MATCHES	<U(0:'0'210)-G(14:'0'229) cis W/W>
#  Matched base-stacking interactions: 

>>>>>>>>>>   ALIGNMENT ENDS   >>>>>>>>>>

<<<<<<<<<<  ALIGNMENT BEGINS  <<<<<<<<<<

#  Aligning reverse-kturn_conseusns and 1s72_0:2387-2393_2394-2397_925-926:
#  Alignment score:  60.4
#  P-value:  1.825e-02
#  Query aligned region: 0-2,8-10
#  Target aligned region: 0:'0'2389-2:'0'2391,8:'0'2397-10:'0'2399

	GGA...AAC
	UUC...GAG

#  Matched base-pairing interactions: 
	<A(2:)-A(8:) trans H/H>                        MATCHES	<C(2:'0'2391)-G(8:'0'2397) trans H/H>
	<G(1:)-A(9:) trans S/H>                        MATCHES	<U(1:'0'2390)-A(9:'0'2398) trans S/H>
	<G(0:)-C(10:) cis W/W>                         MATCHES	<U(0:'0'2389)-G(10:'0'2399) cis W/W>
#  Matched base-stacking interactions: 

>>>>>>>>>>   ALIGNMENT ENDS   >>>>>>>>>>

<<<<<<<<<<  ALIGNMENT BEGINS  <<<<<<<<<<

#  Aligning reverse-kturn_conseusns and 1s72_0:2687-2694_2697-2704_2564-2565:
#  Alignment score:  60
#  P-value:  1.857e-02
#  Query aligned region: 0-2,8-10
#  Target aligned region: 0:'0'2689-2:'0'2691,12:'0'2703-14:'0'2705

	GGA...AAC
	AUA...ACU

#  Matched base-pairing interactions: 
	<A(2:)-A(8:) trans H/H>                        MATCHES	<A(2:'0'2691)-A(12:'0'2703) trans H/H>
	<G(1:)-A(9:) trans S/H>                        MATCHES	<U(1:'0'2690)-C(13:'0'2704) trans S/H>
	<G(0:)-C(10:) cis W/W>                         MATCHES	<A(0:'0'2689)-U(14:'0'2705) cis W/W>
#  Matched base-stacking interactions: 

>>>>>>>>>>   ALIGNMENT ENDS   >>>>>>>>>>

<<<<<<<<<<  ALIGNMENT BEGINS  <<<<<<<<<<

#  Aligning reverse-kturn_conseusns and 1s72_0:1365-1372_2049-2056:
#  Alignment score:  60
#  P-value:  1.857e-02
#  Query aligned region: 0-2,8-10
#  Target aligned region: 0:'0'1367-2:'0'1369,12:'0'2055-14:'0'2057

	GGA...AAC
	AUA...ACU

#  Matched base-pairing interactions: 
	<A(2:)-A(8:) trans H/H>                        MATCHES	<A(2:'0'1369)-A(12:'0'2055) trans H/H>
	<G(1:)-A(9:) trans S/H>                        MATCHES	<U(1:'0'1368)-C(13:'0'2056) trans S/H>
	<G(0:)-C(10:) cis W/W>                         MATCHES	<A(0:'0'1367)-U(14:'0'2057) cis W/W>
#  Matched base-stacking interactions: 

>>>>>>>>>>   ALIGNMENT ENDS   >>>>>>>>>>

<<<<<<<<<<  ALIGNMENT BEGINS  <<<<<<<<<<

#  Aligning reverse-kturn_conseusns and 1s72_0:2264-2270_2114-2117_2120-2126:
#  Alignment score:  57.4
#  P-value:  2.085e-02
#  Query aligned region: 0-2,8-10
#  Target aligned region: 3:'0'2269-5:'0'2271,10:'0'2119-10:'0'2119,12:'0'2123-13:'0'2124

	GGA...A~AC
	CGG...C~AG

#  Matched base-pairing interactions: 
	<G(1:)-A(9:) trans S/H>                        MATCHES	<G(4:'0'2270)-A(12:'0'2123) trans S/H>
	<A(2:)-A(8:) trans H/H>                        MATCHES	<G(5:'0'2271)-C(10:'0'2119) trans H/H>
	<G(0:)-C(10:) cis W/W>                         MATCHES	<C(3:'0'2269)-G(13:'0'2124) cis W/W>
#  Matched base-stacking interactions: 

>>>>>>>>>>   ALIGNMENT ENDS   >>>>>>>>>>

<<<<<<<<<<  ALIGNMENT BEGINS  <<<<<<<<<<

#  Aligning reverse-kturn_conseusns and 1s72_0:1568-1574_1619-1625_1509-1510:
#  Alignment score:  55.5
#  P-value:  2.280e-02
#  Query aligned region: 0-2,8-10
#  Target aligned region: 0:'0'1570-2:'0'1572,10:'0'1624-13:'0'1627

	GGA...A-AC
	CGA...AUAG

#  Matched base-pairing interactions: 
	<G(1:)-A(9:) trans S/H>                        MATCHES	<G(1:'0'1571)-A(12:'0'1626) trans S/H>
	<A(2:)-A(8:) trans H/H>                        MATCHES	<A(2:'0'1572)-A(10:'0'1624) trans H/H>
	<G(0:)-C(10:) cis W/W>                         MATCHES	<C(0:'0'1570)-G(13:'0'1627) cis W/W>
#  Matched base-stacking interactions: 

>>>>>>>>>>   ALIGNMENT ENDS   >>>>>>>>>>

<<<<<<<<<<  ALIGNMENT BEGINS  <<<<<<<<<<

#  Aligning reverse-kturn_conseusns and 1s72_0:108-114_119-122_41-49:
#  Alignment score:  54.4
#  P-value:  2.406e-02
#  Query aligned region: 0-3,4-10
#  Target aligned region: 1:'0'111-6:'0'116,10:'0'124-10:'0'124,16:'0'48-18:'0'50

	GG-A-G...C~AAC
	CGAAUG...C~AAG

#  Matched base-pairing interactions: 
	<G(3:)-C(4:) cis W/W>                          MATCHES	<G(6:'0'116)-C(10:'0'124) cis W/W>
	<G(1:)-A(9:) trans S/H>                        MATCHES	<G(2:'0'112)-A(17:'0'49) trans S/H>
	<A(2:)-A(8:) trans H/H>                        MATCHES	<A(4:'0'114)-A(16:'0'48) trans H/H>
	<G(0:)-C(10:) cis W/W>                         MATCHES	<C(1:'0'111)-G(18:'0'50) cis W/W>
#  Matched base-stacking interactions: 

>>>>>>>>>>   ALIGNMENT ENDS   >>>>>>>>>>

<<<<<<<<<<  ALIGNMENT BEGINS  <<<<<<<<<<

#  Aligning reverse-kturn_conseusns and 1s72_0:1063-1070_911-914_1040-1048:
#  Alignment score:  45.2
#  P-value:  4.030e-02
#  Query aligned region: 0-2,8-10
#  Target aligned region: 4:'0'1069-6:'0'1071,8:'0'913-9:'0'914,15:'0'1045-15:'0'1045

	GGA...AA~C
	CAG...AA~G

#  Matched base-pairing interactions: 
	<A(2:)-A(8:) trans H/H>                        MATCHES	<G(6:'0'1071)-A(8:'0'913) trans H/H>
	<G(0:)-C(10:) cis W/W>                         MATCHES	<C(4:'0'1069)-G(15:'0'1045) cis W/W>
	<G(1:)-A(9:) trans S/H>                        MATCHES	<A(5:'0'1070)-A(9:'0'914) trans S/H>
#  Matched base-stacking interactions: 

>>>>>>>>>>   ALIGNMENT ENDS   >>>>>>>>>>

<<<<<<<<<<  ALIGNMENT BEGINS  <<<<<<<<<<

#  Aligning reverse-kturn_conseusns and 1s72_0:2296-2300_2304-2308_1060-1061:
#  Alignment score:  43.7
#  P-value:  4.446e-02
#  Query aligned region: 0-2,8-10
#  Target aligned region: 0:'0'2298-2:'0'2300,6:'0'2307-9:'0'2310

	GGA...AA-C
	CGA...AUCG

#  Matched base-pairing interactions: 
	<A(2:)-A(8:) trans H/H>                        MATCHES	<A(2:'0'2300)-A(6:'0'2307) trans H/H>
	<G(0:)-C(10:) cis W/W>                         MATCHES	<C(0:'0'2298)-G(9:'0'2310) cis W/W>
	<G(1:)-A(9:) trans S/H>                        MATCHES	<G(1:'0'2299)-U(7:'0'2308) trans S/H>
#  Matched base-stacking interactions: 

>>>>>>>>>>   ALIGNMENT ENDS   >>>>>>>>>>

<<<<<<<<<<  ALIGNMENT BEGINS  <<<<<<<<<<

#  Aligning reverse-kturn_conseusns and 1s72_0:2049-2056_1365-1372:
#  Alignment score:  43.4
#  P-value:  4.537e-02
#  Query aligned region: 0-2,8-10
#  Target aligned region: 1:'0'2052-4:'0'2055,10:'0'1369-14:'0'1373

	GG-A...A--AC
	UGAA...AGUAG

#  Matched base-pairing interactions: 
	<G(1:)-A(9:) trans S/H>                        MATCHES	<G(2:'0'2053)-A(13:'0'1372) trans S/H>
	<A(2:)-A(8:) trans H/H>                        MATCHES	<A(4:'0'2055)-A(10:'0'1369) trans H/H>
	<G(0:)-C(10:) cis W/W>                         MATCHES	<U(1:'0'2052)-G(14:'0'1373) cis W/W>
#  Matched base-stacking interactions: 

>>>>>>>>>>   ALIGNMENT ENDS   >>>>>>>>>>

<<<<<<<<<<  ALIGNMENT BEGINS  <<<<<<<<<<

#  Aligning reverse-kturn_conseusns and 1s72_0:471-477_459-467:
#  Alignment score:  42.6
#  P-value:  4.794e-02
#  Query aligned region: 0-2,8-10
#  Target aligned region: 1:'0'474-4:'0'477,9:'0'463-13:'0'467

	GG-A...A--AC
	CGAA...AGUAG

#  Matched base-pairing interactions: 
	<G(1:)-A(9:) trans S/H>                        MATCHES	<G(2:'0'475)-A(12:'0'466) trans S/H>
	<A(2:)-A(8:) trans H/H>                        MATCHES	<A(4:'0'477)-A(9:'0'463) trans H/H>
	<G(0:)-C(10:) cis W/W>                         MATCHES	<C(1:'0'474)-G(13:'0'467) cis W/W>
#  Matched base-stacking interactions: 

>>>>>>>>>>   ALIGNMENT ENDS   >>>>>>>>>>

<<<<<<<<<<  ALIGNMENT BEGINS  <<<<<<<<<<

#  Aligning reverse-kturn_conseusns and 1s72_0:2697-2704_2687-2694_2564-2565:
#  Alignment score:  41
#  P-value:  5.377e-02
#  Query aligned region: 0-2,8-10
#  Target aligned region: 1:'0'2700-4:'0'2703,10:'0'2691-14:'0'2695

	GG-A...A--AC
	GGAA...AGUAC

#  Matched base-pairing interactions: 
	<G(1:)-A(9:) trans S/H>                        MATCHES	<G(2:'0'2701)-A(13:'0'2694) trans S/H>
	<A(2:)-A(8:) trans H/H>                        MATCHES	<A(4:'0'2703)-A(10:'0'2691) trans H/H>
	<G(0:)-C(10:) cis W/W>                         MATCHES	<G(1:'0'2700)-C(14:'0'2695) cis W/W>
#  Matched base-stacking interactions: 

>>>>>>>>>>   ALIGNMENT ENDS   >>>>>>>>>>

<<<<<<<<<<  ALIGNMENT BEGINS  <<<<<<<<<<

#  Aligning reverse-kturn_conseusns and 1s72_0:1060-1061_2304-2308_2296-2300:
#  Alignment score:  40.8
#  P-value:  5.458e-02
#  Query aligned region: 1-2,8-9
#  Target aligned region: 1:'0'1063-1:'0'1063,3:'0'2307-3:'0'2307,9:'0'2300-10:'0'2301

	G~A...AA
	G~A...AA

#  Matched base-pairing interactions: 
	<G(1:)-A(9:) trans S/H>                        MATCHES	<G(1:'0'1063)-A(10:'0'2301) trans S/H>
	<A(2:)-A(8:) trans H/H>                        MATCHES	<A(3:'0'2307)-A(9:'0'2300) trans H/H>
#  Matched base-stacking interactions: 

>>>>>>>>>>   ALIGNMENT ENDS   >>>>>>>>>>

<<<<<<<<<<  ALIGNMENT BEGINS  <<<<<<<<<<

#  Aligning reverse-kturn_conseusns and 1s72_0:717-721_935-936_703-707:
#  Alignment score:  40.8
#  P-value:  5.458e-02
#  Query aligned region: 0-3,4-10
#  Target aligned region: 0:'0'719-3:'0'722,5:'0'937-5:'0'937,9:'0'707-11:'0'709

	GGAG...C~AAC
	CGAG...C~CAG

#  Matched base-pairing interactions: 
	<G(3:)-C(4:) cis W/W>                          MATCHES	<G(3:'0'722)-C(5:'0'937) cis -/->
	<A(2:)-A(8:) trans H/H>                        MATCHES	<A(2:'0'721)-C(9:'0'707) trans H/W>
	<G(1:)-A(9:) trans S/H>                        MATCHES	<G(1:'0'720)-A(10:'0'708) trans S/H>
	<G(0:)-C(10:) cis W/W>                         MATCHES	<C(0:'0'719)-G(11:'0'709) cis W/W>
#  Matched base-stacking interactions: 

>>>>>>>>>>   ALIGNMENT ENDS   >>>>>>>>>>

<<<<<<<<<<  ALIGNMENT BEGINS  <<<<<<<<<<

#  Aligning reverse-kturn_conseusns and 1s72_0:1703-1707_787-789_1708-1711:
#  Alignment score:  40.6
#  P-value:  5.540e-02
#  Query aligned region: 0-3,4-10
#  Target aligned region: 0:'0'1705-3:'0'1708,7:'0'791-7:'0'791,9:'0'1711-11:'0'1713

	GGAG...C~AAC
	CGGC...A~AAG

#  Matched base-pairing interactions: 
	<G(3:)-C(4:) cis W/W>                          MATCHES	<C(3:'0'1708)-A(7:'0'791) cis S/S>
	<A(2:)-A(8:) trans H/H>                        MATCHES	<G(2:'0'1707)-A(9:'0'1711) trans S/H>
	<G(1:)-A(9:) trans S/H>                        MATCHES	<G(1:'0'1706)-A(10:'0'1712) trans S/H>
	<G(0:)-C(10:) cis W/W>                         MATCHES	<C(0:'0'1705)-G(11:'0'1713) cis W/W>
#  Matched base-stacking interactions: 

>>>>>>>>>>   ALIGNMENT ENDS   >>>>>>>>>>

<<<<<<<<<<  ALIGNMENT BEGINS  <<<<<<<<<<

#  Aligning reverse-kturn_conseusns and 1s72_0:687-689_729-731_691-695:
#  Alignment score:  40.4
#  P-value:  5.624e-02
#  Query aligned region: 0-2,8-10
#  Target aligned region: 1:'0'690-2:'0'691,5:'0'733-5:'0'733,6:'0'693-8:'0'695

	GG~A...AAC
	GG~U...AAC

#  Matched base-pairing interactions: 
	<G(1:)-A(9:) trans S/H>                        MATCHES	<G(2:'0'691)-A(7:'0'694) trans S/H>
	<A(2:)-A(8:) trans H/H>                        MATCHES	<U(5:'0'733)-A(6:'0'693) cis -/->
	<G(0:)-C(10:) cis W/W>                         MATCHES	<G(1:'0'690)-C(8:'0'695) cis W/W>
#  Matched base-stacking interactions: 

>>>>>>>>>>   ALIGNMENT ENDS   >>>>>>>>>>

<<<<<<<<<<  ALIGNMENT BEGINS  <<<<<<<<<<

#  Aligning reverse-kturn_conseusns and 1s72_0:639-643_899-903_1349-1358:
#  Alignment score:  40.2
#  P-value:  5.710e-02
#  Query aligned region: 0-3,4-10
#  Target aligned region: 0:'0'641-2:'0'643,7:'0'903-8:'0'904,14:'0'1355-19:'0'1360

	GGA~G...C~A--A-C
	GGA~U...U~AAAAUC

#  Matched base-pairing interactions: 
	<G(3:)-C(4:) cis W/W>                          MATCHES	<U(7:'0'903)-U(8:'0'904) trans S/S>
	<G(0:)-C(10:) cis W/W>                         MATCHES	<G(0:'0'641)-C(19:'0'1360) cis W/W>
	<G(1:)-A(9:) trans S/H>                        MATCHES	<G(1:'0'642)-A(17:'0'1358) trans S/H>
	<A(2:)-A(8:) trans H/H>                        MATCHES	<A(2:'0'643)-A(14:'0'1355) trans H/H>
#  Matched base-stacking interactions: 

>>>>>>>>>>   ALIGNMENT ENDS   >>>>>>>>>>

<<<<<<<<<<  ALIGNMENT BEGINS  <<<<<<<<<<

#  Aligning reverse-kturn_conseusns and 1s72_0:1914-1921:
#  Alignment score:  39.8
#  P-value:  5.888e-02
#  Query aligned region: 0-2,8-10
#  Target aligned region: 0:'0'1916-7:'0'1923

	GGA...AAC
	CGU...AAG

#  Matched base-pairing interactions: 
	<A(2:)-A(8:) trans H/H>                        MATCHES	<U(2:'0'1918)-A(5:'0'1921) cis -/->
	<G(1:)-A(9:) trans S/H>                        MATCHES	<G(1:'0'1917)-A(6:'0'1922) trans S/H>
	<G(0:)-C(10:) cis W/W>                         MATCHES	<C(0:'0'1916)-G(7:'0'1923) cis W/W>
#  Matched base-stacking interactions: 

>>>>>>>>>>   ALIGNMENT ENDS   >>>>>>>>>>

<<<<<<<<<<  ALIGNMENT BEGINS  <<<<<<<<<<

#  Aligning reverse-kturn_conseusns and 1s72_0:502-507_479-486_509-510:
#  Alignment score:  39.7
#  P-value:  5.934e-02
#  Query aligned region: 1-2,8-9
#  Target aligned region: 2:'0'506-4:'0'508,9:'0'484-9:'0'484,14:'0'511-14:'0'511

	G-A...A~A
	GAA...A~A

#  Matched base-pairing interactions: 
	<G(1:)-A(9:) trans S/H>                        MATCHES	<G(2:'0'506)-A(14:'0'511) trans S/H>
	<A(2:)-A(8:) trans H/H>                        MATCHES	<A(4:'0'508)-A(9:'0'484) trans H/H>
#  Matched base-stacking interactions: 

>>>>>>>>>>   ALIGNMENT ENDS   >>>>>>>>>>

<<<<<<<<<<  ALIGNMENT BEGINS  <<<<<<<<<<

#  Aligning reverse-kturn_conseusns and 1s72_0:156-161_766-769_170-177:
#  Alignment score:  39.6
#  P-value:  5.980e-02
#  Query aligned region: 0-3,4-10
#  Target aligned region: 0:'0'158-4:'0'162,6:'0'768-6:'0'768,12:'0'174-16:'0'178

	GG-AG...C~A--AC
	AGAAC...U~AGUAU

#  Matched base-pairing interactions: 
	<G(1:)-A(9:) trans S/H>                        MATCHES	<G(1:'0'159)-A(15:'0'177) trans S/H>
	<A(2:)-A(8:) trans H/H>                        MATCHES	<A(3:'0'161)-A(12:'0'174) trans H/H>
	<G(3:)-C(4:) cis W/W>                          MATCHES	<C(4:'0'162)-U(6:'0'768) cis -/->
	<G(0:)-C(10:) cis W/W>                         MATCHES	<A(0:'0'158)-U(16:'0'178) cis W/W>
#  Matched base-stacking interactions: 

>>>>>>>>>>   ALIGNMENT ENDS   >>>>>>>>>>

<<<<<<<<<<  ALIGNMENT BEGINS  <<<<<<<<<<

#  Aligning reverse-kturn_conseusns and 1s72_0:847-852_787-788_824-831:
#  Alignment score:  39.2
#  P-value:  6.171e-02
#  Query aligned region: 0-2,8-10
#  Target aligned region: 4:'0'853-5:'0'854,6:'0'789-6:'0'789,8:'0'826-10:'0'828

	GG~A...AAC
	CG~C...UAG

#  Matched base-pairing interactions: 
	<A(2:)-A(8:) trans H/H>                        MATCHES	<C(6:'0'789)-U(8:'0'826) cis -/->
	<G(1:)-A(9:) trans S/H>                        MATCHES	<G(5:'0'854)-A(9:'0'827) trans S/H>
	<G(0:)-C(10:) cis W/W>                         MATCHES	<C(4:'0'853)-G(10:'0'828) cis W/W>
#  Matched base-stacking interactions: 

>>>>>>>>>>   ALIGNMENT ENDS   >>>>>>>>>>

<<<<<<<<<<  ALIGNMENT BEGINS  <<<<<<<<<<

#  Aligning reverse-kturn_conseusns and 1s72_0:1585-1590_1599-1606:
#  Alignment score:  38.6
#  P-value:  6.475e-02
#  Query aligned region: 0-2,8-10
#  Target aligned region: 0:'0'1587-2:'0'1589,11:'0'1606-13:'0'1608

	GGA...AAC
	UGG...AAG

#  Matched base-pairing interactions: 
	<A(2:)-A(8:) trans H/H>                        MATCHES	<G(2:'0'1589)-A(11:'0'1606) trans S/H>
	<G(1:)-A(9:) trans S/H>                        MATCHES	<G(1:'0'1588)-A(12:'0'1607) trans S/H>
	<G(0:)-C(10:) cis W/W>                         MATCHES	<U(0:'0'1587)-G(13:'0'1608) cis W/W>
#  Matched base-stacking interactions: 

>>>>>>>>>>   ALIGNMENT ENDS   >>>>>>>>>>

<<<<<<<<<<  ALIGNMENT BEGINS  <<<<<<<<<<

#  Aligning reverse-kturn_conseusns and 1s72_0:908-912_1068-1070_1289-1293:
#  Alignment score:  38.3
#  P-value:  6.635e-02
#  Query aligned region: 0-2,8-10
#  Target aligned region: 0:'0'910-3:'0'913,6:'0'1071-6:'0'1071,11:'0'1294-12:'0'1295

	GG-A...A~AC
	CGAA...G~AG

#  Matched base-pairing interactions: 
	<G(1:)-A(9:) trans S/H>                        MATCHES	<G(1:'0'911)-A(11:'0'1294) trans S/H>
	<A(2:)-A(8:) trans H/H>                        MATCHES	<A(3:'0'913)-G(6:'0'1071) trans H/H>
	<G(0:)-C(10:) cis W/W>                         MATCHES	<C(0:'0'910)-G(12:'0'1295) cis W/W>
#  Matched base-stacking interactions: 

>>>>>>>>>>   ALIGNMENT ENDS   >>>>>>>>>>

<<<<<<<<<<  ALIGNMENT BEGINS  <<<<<<<<<<

#  Aligning reverse-kturn_conseusns and 1s72_0:1194-1197_1170-1174_1198-1202:
#  Alignment score:  38.2
#  P-value:  6.690e-02
#  Query aligned region: 0-3,4-10
#  Target aligned region: 0:'0'1196-3:'0'1199,4:'0'1172-4:'0'1172,10:'0'1201-12:'0'1203

	GGAG...C~AAC
	CGUA...G~CAG

#  Matched base-pairing interactions: 
	<G(3:)-C(4:) cis W/W>                          MATCHES	<A(3:'0'1199)-G(4:'0'1172) cis -/->
	<A(2:)-A(8:) trans H/H>                        MATCHES	<U(2:'0'1198)-C(10:'0'1201) cis -/->
	<G(1:)-A(9:) trans S/H>                        MATCHES	<G(1:'0'1197)-A(11:'0'1202) trans S/H>
	<G(0:)-C(10:) cis W/W>                         MATCHES	<C(0:'0'1196)-G(12:'0'1203) cis W/W>
#  Matched base-stacking interactions: 

>>>>>>>>>>   ALIGNMENT ENDS   >>>>>>>>>>

<<<<<<<<<<  ALIGNMENT BEGINS  <<<<<<<<<<

#  Aligning reverse-kturn_conseusns and 1s72_0:1879-1883_1827-1828_1844-1849:
#  Alignment score:  38
#  P-value:  6.801e-02
#  Query aligned region: 0-2,8-10
#  Target aligned region: 2:'0'1883-3:'0'1884,6:'0'1830-6:'0'1830,7:'0'1846-9:'0'1848

	GG~A...AAC
	UG~C...UAG

#  Matched base-pairing interactions: 
	<G(1:)-A(9:) trans S/H>                        MATCHES	<G(3:'0'1884)-A(8:'0'1847) trans S/H>
	<A(2:)-A(8:) trans H/H>                        MATCHES	<C(6:'0'1830)-U(7:'0'1846) cis -/->
	<G(0:)-C(10:) cis W/W>                         MATCHES	<U(2:'0'1883)-G(9:'0'1848) cis W/W>
#  Matched base-stacking interactions: 

>>>>>>>>>>   ALIGNMENT ENDS   >>>>>>>>>>

<<<<<<<<<<  ALIGNMENT BEGINS  <<<<<<<<<<

#  Aligning reverse-kturn_conseusns and 1s72_0:810-816_793-800:
#  Alignment score:  37.8
#  P-value:  6.916e-02
#  Query aligned region: 0-2,8-10
#  Target aligned region: 3:'0'815-5:'0'817,8:'0'796-10:'0'798

	GGA...AAC
	UGG...AAG

#  Matched base-pairing interactions: 
	<A(2:)-A(8:) trans H/H>                        MATCHES	<G(5:'0'817)-A(8:'0'796) trans S/H>
	<G(1:)-A(9:) trans S/H>                        MATCHES	<G(4:'0'816)-A(9:'0'797) trans S/H>
	<G(0:)-C(10:) cis W/W>                         MATCHES	<U(3:'0'815)-G(10:'0'798) cis W/W>
#  Matched base-stacking interactions: 

>>>>>>>>>>   ALIGNMENT ENDS   >>>>>>>>>>

<<<<<<<<<<  ALIGNMENT BEGINS  <<<<<<<<<<

#  Aligning reverse-kturn_conseusns and 1s72_0:1208-1214_1145-1156:
#  Alignment score:  37.6
#  P-value:  7.033e-02
#  Query aligned region: 0-3,4-10
#  Target aligned region: 3:'0'1213-6:'0'1216,7:'0'1147-14:'0'1154

	GGAG...CACAAA-C
	CGAG...CCUAGACA

#  Matched base-pairing interactions: 
	<G(3:)-C(4:) cis W/W>                          MATCHES	<G(6:'0'1216)-C(7:'0'1147) cis W/W>
	<A(2:)-A(8:) trans H/H>                        MATCHES	<A(5:'0'1215)-G(11:'0'1151) trans H/S>
	<G(0:)-C(10:) cis W/W>                         MATCHES	<C(3:'0'1213)-A(14:'0'1154) cis W/W>
	<G(1:)-A(9:) trans S/H>                        MATCHES	<G(4:'0'1214)-A(12:'0'1152) trans S/H>
#  Matched base-stacking interactions: 

>>>>>>>>>>   ALIGNMENT ENDS   >>>>>>>>>>

<<<<<<<<<<  ALIGNMENT BEGINS  <<<<<<<<<<

#  Aligning reverse-kturn_conseusns and 1s72_0:1634-1640_1541-1548:
#  Alignment score:  37.2
#  P-value:  7.277e-02
#  Query aligned region: 0-2,8-10
#  Target aligned region: 3:'0'1639-5:'0'1641,8:'0'1544-10:'0'1546

	GGA...AAC
	UCA...UCG

#  Matched base-pairing interactions: 
	<A(2:)-A(8:) trans H/H>                        MATCHES	<A(5:'0'1641)-U(8:'0'1544) trans H/W>
	<G(1:)-A(9:) trans S/H>                        MATCHES	<C(4:'0'1640)-C(9:'0'1545) trans S/H>
	<G(0:)-C(10:) cis W/W>                         MATCHES	<U(3:'0'1639)-G(10:'0'1546) cis W/W>
#  Matched base-stacking interactions: 

>>>>>>>>>>   ALIGNMENT ENDS   >>>>>>>>>>

<<<<<<<<<<  ALIGNMENT BEGINS  <<<<<<<<<<

#  Aligning reverse-kturn_conseusns and 1s72_0:1477-1483_781-782_1455-1463:
#  Alignment score:  36.8
#  P-value:  7.534e-02
#  Query aligned region: 0-2,8-10
#  Target aligned region: 4:'0'1483-5:'0'1484,8:'0'784-8:'0'784,10:'0'1458-12:'0'1460

	GG~A...AAC
	CG~A...AAG

#  Matched base-pairing interactions: 
	<G(1:)-A(9:) trans S/H>                        MATCHES	<G(5:'0'1484)-A(11:'0'1459) trans S/H>
	<A(2:)-A(8:) trans H/H>                        MATCHES	<A(8:'0'784)-A(10:'0'1458) cis -/->
	<G(0:)-C(10:) cis W/W>                         MATCHES	<C(4:'0'1483)-G(12:'0'1460) cis W/W>
#  Matched base-stacking interactions: 

>>>>>>>>>>   ALIGNMENT ENDS   >>>>>>>>>>

<<<<<<<<<<  ALIGNMENT BEGINS  <<<<<<<<<<

#  Aligning reverse-kturn_conseusns and 1s72_0:374-377_262-268_238-247:
#  Alignment score:  36.8
#  P-value:  7.534e-02
#  Query aligned region: 0-2,8-10
#  Target aligned region: 7:'0'267-9:'0'269,13:'0'242-15:'0'244

	GGA...AAC
	GUG...AAC

#  Matched base-pairing interactions: 
	<A(2:)-A(8:) trans H/H>                        MATCHES	<G(9:'0'269)-A(13:'0'242) trans S/H>
	<G(1:)-A(9:) trans S/H>                        MATCHES	<U(8:'0'268)-A(14:'0'243) trans S/H>
	<G(0:)-C(10:) cis W/W>                         MATCHES	<G(7:'0'267)-C(15:'0'244) cis W/W>
#  Matched base-stacking interactions: 

>>>>>>>>>>   ALIGNMENT ENDS   >>>>>>>>>>

<<<<<<<<<<  ALIGNMENT BEGINS  <<<<<<<<<<

#  Aligning reverse-kturn_conseusns and 1s72_0:1104-1108_1251-1259_1094-1099:
#  Alignment score:  36.7
#  P-value:  7.600e-02
#  Query aligned region: 0-3,4-10
#  Target aligned region: 9:'0'1257-13:'0'1261,14:'0'1096-17:'0'1099

	GGAG...C~A-AC
	CGAG...A~UAAG

#  Matched base-pairing interactions: 
	<G(1:)-A(9:) trans S/H>                        MATCHES	<G(10:'0'1258)-A(16:'0'1098) trans S/H>
	<A(2:)-A(8:) trans H/H>                        MATCHES	<A(11:'0'1259)-U(14:'0'1096) trans H/W>
	<G(3:)-C(4:) cis W/W>                          MATCHES	<G(12:'0'1260)-A(13:'0'1261) cis -/->
	<G(0:)-C(10:) cis W/W>                         MATCHES	<C(9:'0'1257)-G(17:'0'1099) cis W/W>
#  Matched base-stacking interactions: 

>>>>>>>>>>   ALIGNMENT ENDS   >>>>>>>>>>

<<<<<<<<<<  ALIGNMENT BEGINS  <<<<<<<<<<

#  Aligning reverse-kturn_conseusns and 1s72_0:1335-1341_1310-1319_24-25:
#  Alignment score:  36.5
#  P-value:  7.735e-02
#  Query aligned region: 0-3,4-10
#  Target aligned region: 2:'0'1339-5:'0'1342,7:'0'1312-13:'0'1318

	GGAG...CACAAAC
	GGAC...GAUGGAA

#  Matched base-pairing interactions: 
	<G(3:)-C(4:) cis W/W>                          MATCHES	<C(5:'0'1342)-G(7:'0'1312) cis W/W>
	<A(2:)-A(8:) trans H/H>                        MATCHES	<A(4:'0'1341)-G(11:'0'1316) trans H/S>
	<G(1:)-A(9:) trans S/H>                        MATCHES	<G(3:'0'1340)-A(12:'0'1317) trans S/H>
	<G(0:)-C(10:) cis W/W>                         MATCHES	<G(2:'0'1339)-A(13:'0'1318) trans S/H>
#  Matched base-stacking interactions: 

>>>>>>>>>>   ALIGNMENT ENDS   >>>>>>>>>>

<<<<<<<<<<  ALIGNMENT BEGINS  <<<<<<<<<<

#  Aligning reverse-kturn_conseusns and 1s72_0:1785-1787_2871-2875_2877-2882:
#  Alignment score:  36.4
#  P-value:  7.804e-02
#  Query aligned region: 0-1,9-10
#  Target aligned region: 6:'0'2876-7:'0'2877,9:'0'2880-10:'0'2881

	GG...AC
	GG...AC

#  Matched base-pairing interactions: 
	<G(1:)-A(9:) trans S/H>                        MATCHES	<G(7:'0'2877)-A(9:'0'2880) trans S/H>
	<G(0:)-C(10:) cis W/W>                         MATCHES	<G(6:'0'2876)-C(10:'0'2881) cis W/W>
#  Matched base-stacking interactions: 

>>>>>>>>>>   ALIGNMENT ENDS   >>>>>>>>>>

<<<<<<<<<<  ALIGNMENT BEGINS  <<<<<<<<<<

#  Aligning reverse-kturn_conseusns and 1s72_0:2039-2044_1730-1737_1373-1374:
#  Alignment score:  36.4
#  P-value:  7.804e-02
#  Query aligned region: 0-1,9-10
#  Target aligned region: 4:'0'2045-5:'0'2046,7:'0'1733-8:'0'1734

	GG...AC
	GG...AC

#  Matched base-pairing interactions: 
	<G(1:)-A(9:) trans S/H>                        MATCHES	<G(5:'0'2046)-A(7:'0'1733) trans S/H>
	<G(0:)-C(10:) cis W/W>                         MATCHES	<G(4:'0'2045)-C(8:'0'1734) cis W/W>
#  Matched base-stacking interactions: 

>>>>>>>>>>   ALIGNMENT ENDS   >>>>>>>>>>

<<<<<<<<<<  ALIGNMENT BEGINS  <<<<<<<<<<

#  Aligning reverse-kturn_conseusns and 1s72_0:495-502_510-511_486-494:
#  Alignment score:  36.2
#  P-value:  7.945e-02
#  Query aligned region: 0-2,8-10
#  Target aligned region: 5:'0'502-6:'0'503,9:'0'513-9:'0'513,10:'0'488-12:'0'490

	GG~A...AAC
	AG~A...UAC

#  Matched base-pairing interactions: 
	<G(1:)-A(9:) trans S/H>                        MATCHES	<G(6:'0'503)-A(11:'0'489) trans S/H>
	<A(2:)-A(8:) trans H/H>                        MATCHES	<A(9:'0'513)-U(10:'0'488) cis -/->
	<G(0:)-C(10:) cis W/W>                         MATCHES	<A(5:'0'502)-C(12:'0'490) cis W/W>
#  Matched base-stacking interactions: 

>>>>>>>>>>   ALIGNMENT ENDS   >>>>>>>>>>

<<<<<<<<<<  ALIGNMENT BEGINS  <<<<<<<<<<

#  Aligning reverse-kturn_conseusns and 1s72_0:2500-2505_2560-2562_2509-2516:
#  Alignment score:  35.8
#  P-value:  8.239e-02
#  Query aligned region: 0-2,8-10
#  Target aligned region: 4:'0'2506-5:'0'2507,7:'0'2563-8:'0'2564,11:'0'2513-12:'0'2514

	GG~A...A~AC
	AG~U...G~AU

#  Matched base-pairing interactions: 
	<G(1:)-A(9:) trans S/H>                        MATCHES	<G(5:'0'2507)-A(11:'0'2513) trans S/H>
	<A(2:)-A(8:) trans H/H>                        MATCHES	<U(7:'0'2563)-G(8:'0'2564) trans S/S>
	<G(0:)-C(10:) cis W/W>                         MATCHES	<A(4:'0'2506)-U(12:'0'2514) cis W/W>
#  Matched base-stacking interactions: 

>>>>>>>>>>   ALIGNMENT ENDS   >>>>>>>>>>

<<<<<<<<<<  ALIGNMENT BEGINS  <<<<<<<<<<

#  Aligning reverse-kturn_conseusns and 1s72_0:1003-1011_959-960_951-956:
#  Alignment score:  35.8
#  P-value:  8.239e-02
#  Query aligned region: 0-2,8-10
#  Target aligned region: 6:'0'1011-8:'0'1013,12:'0'954-14:'0'956

	GGA...AAC
	CAA...UAG

#  Matched base-pairing interactions: 
	<A(2:)-A(8:) trans H/H>                        MATCHES	<A(8:'0'1013)-U(12:'0'954) trans H/W>
	<G(1:)-A(9:) trans S/H>                        MATCHES	<A(7:'0'1012)-A(13:'0'955) trans S/H>
	<G(0:)-C(10:) cis W/W>                         MATCHES	<C(6:'0'1011)-G(14:'0'956) cis W/W>
#  Matched base-stacking interactions: 

>>>>>>>>>>   ALIGNMENT ENDS   >>>>>>>>>>

<<<<<<<<<<  ALIGNMENT BEGINS  <<<<<<<<<<

#  Aligning reverse-kturn_conseusns and 1s72_0:460-467_771-773_468-474:
#  Alignment score:  35.8
#  P-value:  8.239e-02
#  Query aligned region: 0-2,8-10
#  Target aligned region: 6:'0'468-7:'0'469,9:'0'774-9:'0'774,12:'0'471-14:'0'473

	GG~A...AAC
	UG~C...GAA

#  Matched base-pairing interactions: 
	<G(1:)-A(9:) trans S/H>                        MATCHES	<G(7:'0'469)-A(13:'0'472) trans S/H>
	<A(2:)-A(8:) trans H/H>                        MATCHES	<C(9:'0'774)-G(12:'0'471) cis -/->
	<G(0:)-C(10:) cis W/W>                         MATCHES	<U(6:'0'468)-A(14:'0'473) cis W/W>
#  Matched base-stacking interactions: 

>>>>>>>>>>   ALIGNMENT ENDS   >>>>>>>>>>

<<<<<<<<<<  ALIGNMENT BEGINS  <<<<<<<<<<

#  Aligning reverse-kturn_conseusns and 1s72_0:2799-2800_2795-2798_2770-2775:
#  Alignment score:  35.6
#  P-value:  8.391e-02
#  Query aligned region: 0-1,9-10
#  Target aligned region: 2:'0'2797-3:'0'2798,10:'0'2776-11:'0'2777

	GG...AC
	CG...AG

#  Matched base-pairing interactions: 
	<G(1:)-A(9:) trans S/H>                        MATCHES	<G(3:'0'2798)-A(10:'0'2776) trans S/H>
	<G(0:)-C(10:) cis W/W>                         MATCHES	<C(2:'0'2797)-G(11:'0'2777) cis W/W>
#  Matched base-stacking interactions: 

>>>>>>>>>>   ALIGNMENT ENDS   >>>>>>>>>>

<<<<<<<<<<  ALIGNMENT BEGINS  <<<<<<<<<<

#  Aligning reverse-kturn_conseusns and 1s72_0:549-550_1332-1341_1314-1322:
#  Alignment score:  35.6
#  P-value:  8.391e-02
#  Query aligned region: 0-1,9-10
#  Target aligned region: 6:'0'1338-7:'0'1339,14:'0'1318-15:'0'1319

	GG...AC
	UG...AG

#  Matched base-pairing interactions: 
	<G(1:)-A(9:) trans S/H>                        MATCHES	<G(7:'0'1339)-A(14:'0'1318) trans S/H>
	<G(0:)-C(10:) cis W/W>                         MATCHES	<U(6:'0'1338)-G(15:'0'1319) cis W/W>
#  Matched base-stacking interactions: 

>>>>>>>>>>   ALIGNMENT ENDS   >>>>>>>>>>

<<<<<<<<<<  ALIGNMENT BEGINS  <<<<<<<<<<

#  Aligning reverse-kturn_conseusns and 1s72_0:1052-1054_2527-2528_1055-1058:
#  Alignment score:  35.5
#  P-value:  8.469e-02
#  Query aligned region: 0-2,8-10
#  Target aligned region: 0:'0'1054-1:'0'1055,4:'0'2530-4:'0'2530,5:'0'1057-8:'0'1060

	GG~A...AA-C
	GG~C...AAGC

#  Matched base-pairing interactions: 
	<G(0:)-C(10:) cis W/W>                         MATCHES	<G(0:'0'1054)-C(8:'0'1060) cis W/W>
	<G(1:)-A(9:) trans S/H>                        MATCHES	<G(1:'0'1055)-A(6:'0'1058) trans S/H>
	<A(2:)-A(8:) trans H/H>                        MATCHES	<C(4:'0'2530)-A(5:'0'1057) cis -/->
#  Matched base-stacking interactions: 

>>>>>>>>>>   ALIGNMENT ENDS   >>>>>>>>>>

<<<<<<<<<<  ALIGNMENT BEGINS  <<<<<<<<<<

#  Aligning reverse-kturn_conseusns and 1s72_0:565-570_583-589:
#  Alignment score:  35.4
#  P-value:  8.548e-02
#  Query aligned region: 0-3,4-10
#  Target aligned region: 0:'0'567-5:'0'572,6:'0'585-12:'0'591

	GGA--G...CACAAAC
	UGACCG...CCAGUAA

#  Matched base-pairing interactions: 
	<G(3:)-C(4:) cis W/W>                          MATCHES	<G(5:'0'572)-C(6:'0'585) cis W/W>
	<A(2:)-A(8:) trans H/H>                        MATCHES	<A(2:'0'569)-U(10:'0'589) trans H/W>
	<G(1:)-A(9:) trans S/H>                        MATCHES	<G(1:'0'568)-A(11:'0'590) trans S/H>
	<G(0:)-C(10:) cis W/W>                         MATCHES	<U(0:'0'567)-A(12:'0'591) cis W/W>
#  Matched base-stacking interactions: 

>>>>>>>>>>   ALIGNMENT ENDS   >>>>>>>>>>

<<<<<<<<<<  ALIGNMENT BEGINS  <<<<<<<<<<

#  Aligning reverse-kturn_conseusns and 1s72_0:402-408_426-429_376-384:
#  Alignment score:  35.4
#  P-value:  8.548e-02
#  Query aligned region: 0-3,4-10
#  Target aligned region: 1:'0'405-4:'0'408,7:'0'428-8:'0'429,13:'0'380-17:'0'384

	GG-A~G...C~A--AC
	CGAA~G...A~AGUAG

#  Matched base-pairing interactions: 
	<G(3:)-C(4:) cis W/W>                          MATCHES	<G(7:'0'428)-A(8:'0'429) cis S/H>
	<G(1:)-A(9:) trans S/H>                        MATCHES	<G(2:'0'406)-A(16:'0'383) trans S/H>
	<A(2:)-A(8:) trans H/H>                        MATCHES	<A(4:'0'408)-A(13:'0'380) trans H/H>
	<G(0:)-C(10:) cis W/W>                         MATCHES	<C(1:'0'405)-G(17:'0'384) cis W/W>
#  Matched base-stacking interactions: 

>>>>>>>>>>   ALIGNMENT ENDS   >>>>>>>>>>

<<<<<<<<<<  ALIGNMENT BEGINS  <<<<<<<<<<

#  Aligning reverse-kturn_conseusns and 1s72_0:2560-2562_2508-2515_2501-2505:
#  Alignment score:  35.2
#  P-value:  8.710e-02
#  Query aligned region: 0-2,8-10
#  Target aligned region: 8:'0'2515-10:'0'2517,11:'0'2503-13:'0'2505

	GGA...AAC
	CGA...AAG

#  Matched base-pairing interactions: 
	<A(2:)-A(8:) trans H/H>                        MATCHES	<A(10:'0'2517)-A(11:'0'2503) trans H/S>
	<G(1:)-A(9:) trans S/H>                        MATCHES	<G(9:'0'2516)-A(12:'0'2504) trans S/H>
	<G(0:)-C(10:) cis W/W>                         MATCHES	<C(8:'0'2515)-G(13:'0'2505) cis W/W>
#  Matched base-stacking interactions: 

>>>>>>>>>>   ALIGNMENT ENDS   >>>>>>>>>>

<<<<<<<<<<  ALIGNMENT BEGINS  <<<<<<<<<<

#  Aligning reverse-kturn_conseusns and 1s72_0:2129-2132_2239-2243_2254-2261:
#  Alignment score:  35
#  P-value:  8.876e-02
#  Query aligned region: 0-3,4-10
#  Target aligned region: 0:'0'2131-3:'0'2134,4:'0'2241-4:'0'2241,13:'0'2260-15:'0'2262

	GGAG...C~AAC
	GCUG...C~ACC

#  Matched base-pairing interactions: 
	<G(3:)-C(4:) cis W/W>                          MATCHES	<G(3:'0'2134)-C(4:'0'2241) cis W/W>
	<A(2:)-A(8:) trans H/H>                        MATCHES	<U(2:'0'2133)-A(13:'0'2260) trans H/H>
	<G(1:)-A(9:) trans S/H>                        MATCHES	<C(1:'0'2132)-C(14:'0'2261) cis W/W>
	<G(0:)-C(10:) cis W/W>                         MATCHES	<G(0:'0'2131)-C(15:'0'2262) cis W/W>
#  Matched base-stacking interactions: 

>>>>>>>>>>   ALIGNMENT ENDS   >>>>>>>>>>

<<<<<<<<<<  ALIGNMENT BEGINS  <<<<<<<<<<

#  Aligning reverse-kturn_conseusns and 1s72_0:1860-1861_1473-1474_1863-1866:
#  Alignment score:  35
#  P-value:  8.876e-02
#  Query aligned region: 0-2,8-10
#  Target aligned region: 0:'0'1862-1:'0'1863,2:'0'1475-2:'0'1475,4:'0'1865-6:'0'1867

	GG~A...AAC
	CG~G...AAG

#  Matched base-pairing interactions: 
	<A(2:)-A(8:) trans H/H>                        MATCHES	<G(2:'0'1475)-A(4:'0'1865) cis -/->
	<G(1:)-A(9:) trans S/H>                        MATCHES	<G(1:'0'1863)-A(5:'0'1866) trans S/H>
	<G(0:)-C(10:) cis W/W>                         MATCHES	<C(0:'0'1862)-G(6:'0'1867) cis W/W>
#  Matched base-stacking interactions: 

>>>>>>>>>>   ALIGNMENT ENDS   >>>>>>>>>>

<<<<<<<<<<  ALIGNMENT BEGINS  <<<<<<<<<<

#  Aligning reverse-kturn_conseusns and 1s72_0:2254-2261_2129-2132_2239-2243:
#  Alignment score:  34.8
#  P-value:  9.047e-02
#  Query aligned region: 0-3,4-10
#  Target aligned region: 0:'0'2256-3:'0'2259,10:'0'2133-10:'0'2133,14:'0'2243-16:'0'2245

	GGAG...C~AAC
	GGAC...U~CAC

#  Matched base-pairing interactions: 
	<G(3:)-C(4:) cis W/W>                          MATCHES	<C(3:'0'2259)-U(10:'0'2133) cis -/->
	<A(2:)-A(8:) trans H/H>                        MATCHES	<A(2:'0'2258)-C(14:'0'2243) cis -/->
	<G(1:)-A(9:) trans S/H>                        MATCHES	<G(1:'0'2257)-A(15:'0'2244) trans S/H>
	<G(0:)-C(10:) cis W/W>                         MATCHES	<G(0:'0'2256)-C(16:'0'2245) cis W/W>
#  Matched base-stacking interactions: 

>>>>>>>>>>   ALIGNMENT ENDS   >>>>>>>>>>

<<<<<<<<<<  ALIGNMENT BEGINS  <<<<<<<<<<

#  Aligning reverse-kturn_conseusns and 1s72_0:218-224_213-217_166-169:
#  Alignment score:  34.8
#  P-value:  9.047e-02
#  Query aligned region: 0-1,9-10
#  Target aligned region: 4:'0'224-5:'0'225,7:'0'215-8:'0'216

	GG...AC
	UG...AA

#  Matched base-pairing interactions: 
	<G(1:)-A(9:) trans S/H>                        MATCHES	<G(5:'0'225)-A(7:'0'215) trans S/H>
	<G(0:)-C(10:) cis W/W>                         MATCHES	<U(4:'0'224)-A(8:'0'216) cis W/W>
#  Matched base-stacking interactions: 

>>>>>>>>>>   ALIGNMENT ENDS   >>>>>>>>>>

<<<<<<<<<<  ALIGNMENT BEGINS  <<<<<<<<<<

#  Aligning reverse-kturn_conseusns and 1s72_0:2797-2803_2767-2771_2574-2576:
#  Alignment score:  34.8
#  P-value:  9.047e-02
#  Query aligned region: 0-1,9-10
#  Target aligned region: 5:'0'2804-6:'0'2805,7:'0'2769-8:'0'2770

	GG...AC
	CA...CG

#  Matched base-pairing interactions: 
	<G(1:)-A(9:) trans S/H>                        MATCHES	<A(6:'0'2805)-C(7:'0'2769) trans S/H>
	<G(0:)-C(10:) cis W/W>                         MATCHES	<C(5:'0'2804)-G(8:'0'2770) cis W/W>
#  Matched base-stacking interactions: 

>>>>>>>>>>   ALIGNMENT ENDS   >>>>>>>>>>

<<<<<<<<<<  ALIGNMENT BEGINS  <<<<<<<<<<

#  Aligning reverse-kturn_conseusns and 1s72_0:2747-2754_2892-2894_2723-2730:
#  Alignment score:  34.8
#  P-value:  9.047e-02
#  Query aligned region: 0-2,8-10
#  Target aligned region: 5:'0'2754-7:'0'2756,10:'0'2896-10:'0'2896,13:'0'2727-14:'0'2728

	GGA...A~AC
	GGU...A~AC

#  Matched base-pairing interactions: 
	<G(1:)-A(9:) trans S/H>                        MATCHES	<G(6:'0'2755)-A(13:'0'2727) trans S/H>
	<A(2:)-A(8:) trans H/H>                        MATCHES	<U(7:'0'2756)-A(10:'0'2896) cis W/W>
	<G(0:)-C(10:) cis W/W>                         MATCHES	<G(5:'0'2754)-C(14:'0'2728) cis W/W>
#  Matched base-stacking interactions: 

>>>>>>>>>>   ALIGNMENT ENDS   >>>>>>>>>>

<<<<<<<<<<  ALIGNMENT BEGINS  <<<<<<<<<<

#  Aligning reverse-kturn_conseusns and 1s72_0:2347-2354_2329-2334:
#  Alignment score:  34.8
#  P-value:  9.047e-02
#  Query aligned region: 0-1,9-10
#  Target aligned region: 2:'0'2351-3:'0'2352,9:'0'2332-10:'0'2333

	GG...AC
	CG...AG

#  Matched base-pairing interactions: 
	<G(1:)-A(9:) trans S/H>                        MATCHES	<G(3:'0'2352)-A(9:'0'2332) trans S/H>
	<G(0:)-C(10:) cis W/W>                         MATCHES	<C(2:'0'2351)-G(10:'0'2333) cis W/W>
#  Matched base-stacking interactions: 

>>>>>>>>>>   ALIGNMENT ENDS   >>>>>>>>>>

<<<<<<<<<<  ALIGNMENT BEGINS  <<<<<<<<<<

#  Aligning reverse-kturn_conseusns and 1s72_0:2246-2251:
#  Alignment score:  34.8
#  P-value:  9.047e-02
#  Query aligned region: 0-1,9-10
#  Target aligned region: 0:'0'2248-5:'0'2253

	GG...AC
	CG...AG

#  Matched base-pairing interactions: 
	<G(1:)-A(9:) trans S/H>                        MATCHES	<G(1:'0'2249)-A(4:'0'2252) trans S/H>
	<G(0:)-C(10:) cis W/W>                         MATCHES	<C(0:'0'2248)-G(5:'0'2253) cis W/W>
#  Matched base-stacking interactions: 

>>>>>>>>>>   ALIGNMENT ENDS   >>>>>>>>>>

<<<<<<<<<<  ALIGNMENT BEGINS  <<<<<<<<<<

#  Aligning reverse-kturn_conseusns and 1s72_0:673-680_229-230_662-669:
#  Alignment score:  34.8
#  P-value:  9.047e-02
#  Query aligned region: 0-2,8-10
#  Target aligned region: 4:'0'679-5:'0'680,8:'0'231-8:'0'231,11:'0'665-13:'0'667

	GG~A...AAC
	GG~G...AAC

#  Matched base-pairing interactions: 
	<G(1:)-A(9:) trans S/H>                        MATCHES	<G(5:'0'680)-A(12:'0'666) trans S/H>
	<A(2:)-A(8:) trans H/H>                        MATCHES	<G(8:'0'231)-A(11:'0'665) cis -/->
	<G(0:)-C(10:) cis W/W>                         MATCHES	<G(4:'0'679)-C(13:'0'667) cis W/W>
#  Matched base-stacking interactions: 

>>>>>>>>>>   ALIGNMENT ENDS   >>>>>>>>>>

<<<<<<<<<<  ALIGNMENT BEGINS  <<<<<<<<<<

#  Aligning reverse-kturn_conseusns and 1s72_0:250-255:
#  Alignment score:  34.8
#  P-value:  9.047e-02
#  Query aligned region: 0-1,9-10
#  Target aligned region: 0:'0'252-5:'0'257

	GG...AC
	CU...CG

#  Matched base-pairing interactions: 
	<G(1:)-A(9:) trans S/H>                        MATCHES	<U(1:'0'253)-C(4:'0'256) trans S/H>
	<G(0:)-C(10:) cis W/W>                         MATCHES	<C(0:'0'252)-G(5:'0'257) cis W/W>
#  Matched base-stacking interactions: 

>>>>>>>>>>   ALIGNMENT ENDS   >>>>>>>>>>

<<<<<<<<<<  ALIGNMENT BEGINS  <<<<<<<<<<

#  Aligning reverse-kturn_conseusns and 1s72_0:2804-2811_2671-2677:
#  Alignment score:  34.6
#  P-value:  9.223e-02
#  Query aligned region: 0-3,4-10
#  Target aligned region: 3:'0'2809-7:'0'2813,9:'0'2674-11:'0'2676

	GGAG...C~AAC
	GGAA...A~GAC

#  Matched base-pairing interactions: 
	<G(3:)-C(4:) cis W/W>                          MATCHES	<A(6:'0'2812)-A(7:'0'2813) cis S/S>
	<A(2:)-A(8:) trans H/H>                        MATCHES	<A(5:'0'2811)-G(9:'0'2674) cis -/->
	<G(1:)-A(9:) trans S/H>                        MATCHES	<G(4:'0'2810)-A(10:'0'2675) trans S/H>
	<G(0:)-C(10:) cis W/W>                         MATCHES	<G(3:'0'2809)-C(11:'0'2676) cis W/W>
#  Matched base-stacking interactions: 

>>>>>>>>>>   ALIGNMENT ENDS   >>>>>>>>>>

<<<<<<<<<<  ALIGNMENT BEGINS  <<<<<<<<<<

#  Aligning reverse-kturn_conseusns and 1s72_0:213-217_218-224_166-169:
#  Alignment score:  34.4
#  P-value:  9.404e-02
#  Query aligned region: 0-1,9-10
#  Target aligned region: 2:'0'217-3:'0'218,7:'0'222-8:'0'223

	GG...AC
	CC...AG

#  Matched base-pairing interactions: 
	<G(1:)-A(9:) trans S/H>                        MATCHES	<C(3:'0'218)-A(7:'0'222) trans S/H>
	<G(0:)-C(10:) cis W/W>                         MATCHES	<C(2:'0'217)-G(8:'0'223) cis W/W>
#  Matched base-stacking interactions: 

>>>>>>>>>>   ALIGNMENT ENDS   >>>>>>>>>>

<<<<<<<<<<  ALIGNMENT BEGINS  <<<<<<<<<<

#  Aligning reverse-kturn_conseusns and 1s72_0:486-494_495-502_510-511:
#  Alignment score:  34.4
#  P-value:  9.404e-02
#  Query aligned region: 0-1,9-10
#  Target aligned region: 5:'0'493-6:'0'494,10:'0'498-11:'0'499

	GG...AC
	UC...AG

#  Matched base-pairing interactions: 
	<G(1:)-A(9:) trans S/H>                        MATCHES	<C(6:'0'494)-A(10:'0'498) trans S/H>
	<G(0:)-C(10:) cis W/W>                         MATCHES	<U(5:'0'493)-G(11:'0'499) cis W/W>
#  Matched base-stacking interactions: 

>>>>>>>>>>   ALIGNMENT ENDS   >>>>>>>>>>

<<<<<<<<<<  ALIGNMENT BEGINS  <<<<<<<<<<

#  Aligning reverse-kturn_conseusns and 1s72_0:1785-1787_2877-2882_2871-2875:
#  Alignment score:  34.2
#  P-value:  9.591e-02
#  Query aligned region: 0-2,8-10
#  Target aligned region: 5:'0'2881-7:'0'2883,10:'0'2874-12:'0'2876

	GGA...AAC
	CGA...GAG

#  Matched base-pairing interactions: 
	<A(2:)-A(8:) trans H/H>                        MATCHES	<A(7:'0'2883)-G(10:'0'2874) trans H/S>
	<G(1:)-A(9:) trans S/H>                        MATCHES	<G(6:'0'2882)-A(11:'0'2875) trans S/H>
	<G(0:)-C(10:) cis W/W>                         MATCHES	<C(5:'0'2881)-G(12:'0'2876) cis W/W>
#  Matched base-stacking interactions: 

>>>>>>>>>>   ALIGNMENT ENDS   >>>>>>>>>>

<<<<<<<<<<  ALIGNMENT BEGINS  <<<<<<<<<<

#  Aligning reverse-kturn_conseusns and 1s72_0:2722-2728_2892-2894_2751-2756:
#  Alignment score:  34.2
#  P-value:  9.591e-02
#  Query aligned region: 0-2,8-10
#  Target aligned region: 0:'0'2724-1:'0'2725,9:'0'2896-9:'0'2896,13:'0'2756-15:'0'2758

	GG~A...AAC
	UG~A...UAG

#  Matched base-pairing interactions: 
	<G(1:)-A(9:) trans S/H>                        MATCHES	<G(1:'0'2725)-A(14:'0'2757) trans S/H>
	<A(2:)-A(8:) trans H/H>                        MATCHES	<A(9:'0'2896)-U(13:'0'2756) cis W/W>
	<G(0:)-C(10:) cis W/W>                         MATCHES	<U(0:'0'2724)-G(15:'0'2758) cis W/W>
#  Matched base-stacking interactions: 

>>>>>>>>>>   ALIGNMENT ENDS   >>>>>>>>>>

<<<<<<<<<<  ALIGNMENT BEGINS  <<<<<<<<<<

#  Aligning reverse-kturn_conseusns and 1s72_0:2408-2416:
#  Alignment score:  34.2
#  P-value:  9.591e-02
#  Query aligned region: 0-1,9-10
#  Target aligned region: 1:'0'2411-6:'0'2416

	GG...AC
	CG...AG

#  Matched base-pairing interactions: 
	<G(1:)-A(9:) trans S/H>                        MATCHES	<G(2:'0'2412)-A(5:'0'2415) trans S/H>
	<G(0:)-C(10:) cis W/W>                         MATCHES	<C(1:'0'2411)-G(6:'0'2416) cis W/W>
#  Matched base-stacking interactions: 

>>>>>>>>>>   ALIGNMENT ENDS   >>>>>>>>>>

<<<<<<<<<<  ALIGNMENT BEGINS  <<<<<<<<<<

#  Aligning reverse-kturn_conseusns and 1s72_0:75-80_91-98:
#  Alignment score:  34
#  P-value:  9.783e-02
#  Query aligned region: 0-1,9-10
#  Target aligned region: 0:'0'77-1:'0'78,12:'0'99-13:'0'100

	GG...AC
	GG...AC

#  Matched base-pairing interactions: 
	<G(1:)-A(9:) trans S/H>                        MATCHES	<G(1:'0'78)-A(12:'0'99) trans S/H>
	<G(0:)-C(10:) cis W/W>                         MATCHES	<G(0:'0'77)-C(13:'0'100) cis W/W>
#  Matched base-stacking interactions: 

>>>>>>>>>>   ALIGNMENT ENDS   >>>>>>>>>>

<<<<<<<<<<  ALIGNMENT BEGINS  <<<<<<<<<<

#  Aligning reverse-kturn_conseusns and 1s72_0:1080-1087_1288-1291_1067-1074:
#  Alignment score:  33.6
#  P-value:  1.018e-01
#  Query aligned region: 0-2,8-10
#  Target aligned region: 3:'0'1085-4:'0'1086,10:'0'1292-11:'0'1293,16:'0'1073-17:'0'1074

	GG~A...A~AC
	CA~G...U~AG

#  Matched base-pairing interactions: 
	<G(1:)-A(9:) trans S/H>                        MATCHES	<A(4:'0'1086)-A(16:'0'1073) trans S/H>
	<A(2:)-A(8:) trans H/H>                        MATCHES	<G(10:'0'1292)-U(11:'0'1293) cis S/H>
	<G(0:)-C(10:) cis W/W>                         MATCHES	<C(3:'0'1085)-G(17:'0'1074) cis W/W>
#  Matched base-stacking interactions: 

>>>>>>>>>>   ALIGNMENT ENDS   >>>>>>>>>>

<<<<<<<<<<  ALIGNMENT BEGINS  <<<<<<<<<<

#  Aligning reverse-kturn_conseusns and 1s72_0:1642-1644_1608-1613_1577-1584:
#  Alignment score:  33.2
#  P-value:  1.061e-01
#  Query aligned region: 0-2,8-10
#  Target aligned region: 6:'0'1613-7:'0'1614,9:'0'1579-12:'0'1582

	GG~A...AAC
	CG~C...AAC

#  Matched base-pairing interactions: 
	<G(1:)-A(9:) trans S/H>                        MATCHES	<G(7:'0'1614)-A(11:'0'1581) trans S/H>
	<A(2:)-A(8:) trans H/H>                        MATCHES	<C(9:'0'1579)-A(10:'0'1580) cis -/->
	<G(0:)-C(10:) cis W/W>                         MATCHES	<C(6:'0'1613)-C(12:'0'1582) cis W/W>
#  Matched base-stacking interactions: 

>>>>>>>>>>   ALIGNMENT ENDS   >>>>>>>>>>

<<<<<<<<<<  ALIGNMENT BEGINS  <<<<<<<<<<

#  Aligning reverse-kturn_conseusns and 1s72_0:485-486_511-517_21-26:
#  Alignment score:  33.2
#  P-value:  1.061e-01
#  Query aligned region: 0-2,8-10
#  Target aligned region: 6:'0'517-8:'0'519,10:'0'24-12:'0'26

	GGA...AAC
	UGA...GAU

#  Matched base-pairing interactions: 
	<A(2:)-A(8:) trans H/H>                        MATCHES	<A(8:'0'519)-G(10:'0'24) trans H/S>
	<G(1:)-A(9:) trans S/H>                        MATCHES	<G(7:'0'518)-A(11:'0'25) trans S/H>
	<G(0:)-C(10:) cis W/W>                         MATCHES	<U(6:'0'517)-U(12:'0'26) cis W/W>
#  Matched base-stacking interactions: 

>>>>>>>>>>   ALIGNMENT ENDS   >>>>>>>>>>

<<<<<<<<<<  ALIGNMENT BEGINS  <<<<<<<<<<

#  Aligning reverse-kturn_conseusns and 1s72_0:301-307_321-332_337-346:
#  Alignment score:  33.1
#  P-value:  1.072e-01
#  Query aligned region: 0-3,4-10
#  Target aligned region: 0:'0'303-2:'0'305,10:'0'326-14:'0'330,25:'0'345-28:'0'348

	GGA~G...C~A-AC
	CGA~G...C~GUAC

#  Matched base-pairing interactions: 
	<G(3:)-C(4:) cis W/W>                          MATCHES	<G(10:'0'326)-C(14:'0'330) cis W/W>
	<G(1:)-A(9:) trans S/H>                        MATCHES	<G(1:'0'304)-A(27:'0'347) trans S/H>
	<A(2:)-A(8:) trans H/H>                        MATCHES	<A(2:'0'305)-G(25:'0'345) trans H/W>
	<G(0:)-C(10:) cis W/W>                         MATCHES	<C(0:'0'303)-C(28:'0'348) cis W/W>
#  Matched base-stacking interactions: 

>>>>>>>>>>   ALIGNMENT ENDS   >>>>>>>>>>

<<<<<<<<<<  ALIGNMENT BEGINS  <<<<<<<<<<

#  Aligning reverse-kturn_conseusns and 1s72_0:935-938_1024-1031:
#  Alignment score:  32.9
#  P-value:  1.095e-01
#  Query aligned region: 0-3,4-10
#  Target aligned region: 0:'0'937-3:'0'940,4:'0'1026-11:'0'1033

	GGAG...C-ACAAAC
	CGAG...CGUUUGAC

#  Matched base-pairing interactions: 
	<G(3:)-C(4:) cis W/W>                          MATCHES	<G(3:'0'940)-C(4:'0'1026) cis W/W>
	<A(2:)-A(8:) trans H/H>                        MATCHES	<A(2:'0'939)-G(9:'0'1031) trans H/S>
	<G(1:)-A(9:) trans S/H>                        MATCHES	<G(1:'0'938)-A(10:'0'1032) trans S/H>
	<G(0:)-C(10:) cis W/W>                         MATCHES	<C(0:'0'937)-C(11:'0'1033) cis W/W>
#  Matched base-stacking interactions: 

>>>>>>>>>>   ALIGNMENT ENDS   >>>>>>>>>>

<<<<<<<<<<  ALIGNMENT BEGINS  <<<<<<<<<<

#  Aligning reverse-kturn_conseusns and 1s72_0:817-824_1706-1708_787-792:
#  Alignment score:  32.6
#  P-value:  1.130e-01
#  Query aligned region: 0-2,8-10
#  Target aligned region: 4:'0'823-5:'0'824,10:'0'1710-10:'0'1710,11:'0'789-13:'0'791

	GG~A...AAC
	UG~A...CAA

#  Matched base-pairing interactions: 
	<G(1:)-A(9:) trans S/H>                        MATCHES	<G(5:'0'824)-A(12:'0'790) trans S/H>
	<A(2:)-A(8:) trans H/H>                        MATCHES	<A(10:'0'1710)-C(11:'0'789) cis -/->
	<G(0:)-C(10:) cis W/W>                         MATCHES	<U(4:'0'823)-A(13:'0'791) cis W/W>
#  Matched base-stacking interactions: 

>>>>>>>>>>   ALIGNMENT ENDS   >>>>>>>>>>

<<<<<<<<<<  ALIGNMENT BEGINS  <<<<<<<<<<

#  Aligning reverse-kturn_conseusns and 1s72_0:1829-1833_2639-2640_1837-1843:
#  Alignment score:  32.4
#  P-value:  1.155e-01
#  Query aligned region: 0-1,9-10
#  Target aligned region: 2:'0'1833-2:'0'1833,5:'0'2641-5:'0'2641,10:'0'1842-11:'0'1843

	G~G...AC
	U~C...AA

#  Matched base-pairing interactions: 
	<G(0:)-C(10:) cis W/W>                         MATCHES	<U(2:'0'1833)-A(11:'0'1843) cis W/W>
	<G(1:)-A(9:) trans S/H>                        MATCHES	<C(5:'0'2641)-A(10:'0'1842) trans S/H>
#  Matched base-stacking interactions: 

>>>>>>>>>>   ALIGNMENT ENDS   >>>>>>>>>>

<<<<<<<<<<  ALIGNMENT BEGINS  <<<<<<<<<<

#  Aligning reverse-kturn_conseusns and 1s72_0:2862-2869_2885-2890:
#  Alignment score:  32.4
#  P-value:  1.155e-01
#  Query aligned region: 0-1,9-10
#  Target aligned region: 0:'0'2864-1:'0'2865,12:'0'2891-13:'0'2892

	GG...AC
	UG...AG

#  Matched base-pairing interactions: 
	<G(1:)-A(9:) trans S/H>                        MATCHES	<G(1:'0'2865)-A(12:'0'2891) trans S/H>
	<G(0:)-C(10:) cis W/W>                         MATCHES	<U(0:'0'2864)-G(13:'0'2892) cis W/W>
#  Matched base-stacking interactions: 

>>>>>>>>>>   ALIGNMENT ENDS   >>>>>>>>>>

<<<<<<<<<<  ALIGNMENT BEGINS  <<<<<<<<<<

#  Aligning reverse-kturn_conseusns and 1s72_0:2906-2912_2824-2830_2665-2666:
#  Alignment score:  32
#  P-value:  1.207e-01
#  Query aligned region: 0-2,8-10
#  Target aligned region: 4:'0'2912-6:'0'2914,7:'0'2826-9:'0'2828

	GGA...AAC
	CAA...GAG

#  Matched base-pairing interactions: 
	<A(2:)-A(8:) trans H/H>                        MATCHES	<A(6:'0'2914)-G(7:'0'2826) trans H/S>
	<G(1:)-A(9:) trans S/H>                        MATCHES	<A(5:'0'2913)-A(8:'0'2827) trans S/H>
	<G(0:)-C(10:) cis W/W>                         MATCHES	<C(4:'0'2912)-G(9:'0'2828) cis W/W>
#  Matched base-stacking interactions: 

>>>>>>>>>>   ALIGNMENT ENDS   >>>>>>>>>>

<<<<<<<<<<  ALIGNMENT BEGINS  <<<<<<<<<<

#  Aligning reverse-kturn_conseusns and 1s72_0:411-414_190-201_422-425:
#  Alignment score:  32
#  P-value:  1.207e-01
#  Query aligned region: 0-1,9-10
#  Target aligned region: 3:'0'416-3:'0'416,8:'0'196-11:'0'199,16:'0'424-16:'0'424

	G~G...A~C
	G~G...A~C

#  Matched base-pairing interactions: 
	<G(0:)-C(10:) cis W/W>                         MATCHES	<G(3:'0'416)-C(16:'0'424) cis W/W>
	<G(1:)-A(9:) trans S/H>                        MATCHES	<G(8:'0'196)-A(11:'0'199) trans S/H>
#  Matched base-stacking interactions: 

>>>>>>>>>>   ALIGNMENT ENDS   >>>>>>>>>>

<<<<<<<<<<  ALIGNMENT BEGINS  <<<<<<<<<<

#  Aligning reverse-kturn_conseusns and 1s72_0:1676-1680_1683-1684_1411-1417:
#  Alignment score:  31.8
#  P-value:  1.234e-01
#  Query aligned region: 0-2,8-10
#  Target aligned region: 2:'0'1680-3:'0'1681,5:'0'1685-6:'0'1686,8:'0'1414-9:'0'1415

	GG~A...A~AC
	CG~A...C~AG

#  Matched base-pairing interactions: 
	<G(1:)-A(9:) trans S/H>                        MATCHES	<G(3:'0'1681)-A(8:'0'1414) trans S/H>
	<A(2:)-A(8:) trans H/H>                        MATCHES	<A(5:'0'1685)-C(6:'0'1686) cis -/->
	<G(0:)-C(10:) cis W/W>                         MATCHES	<C(2:'0'1680)-G(9:'0'1415) cis W/W>
#  Matched base-stacking interactions: 

>>>>>>>>>>   ALIGNMENT ENDS   >>>>>>>>>>

<<<<<<<<<<  ALIGNMENT BEGINS  <<<<<<<<<<

#  Aligning reverse-kturn_conseusns and 1s72_0:289-294_353-359:
#  Alignment score:  31.6
#  P-value:  1.262e-01
#  Query aligned region: 0-3,4-10
#  Target aligned region: 0:'0'291-5:'0'296,6:'0'355-12:'0'361

	GGA--G...CACAAAC
	CGACCG...CCAGUAC

#  Matched base-pairing interactions: 
	<G(3:)-C(4:) cis W/W>                          MATCHES	<G(5:'0'296)-C(6:'0'355) cis W/W>
	<A(2:)-A(8:) trans H/H>                        MATCHES	<A(2:'0'293)-U(10:'0'359) trans H/W>
	<G(1:)-A(9:) trans S/H>                        MATCHES	<G(1:'0'292)-A(11:'0'360) trans S/H>
	<G(0:)-C(10:) cis W/W>                         MATCHES	<C(0:'0'291)-C(12:'0'361) cis W/W>
#  Matched base-stacking interactions: 

>>>>>>>>>>   ALIGNMENT ENDS   >>>>>>>>>>

<<<<<<<<<<  ALIGNMENT BEGINS  <<<<<<<<<<

#  Aligning reverse-kturn_conseusns and 1s72_0:1905-1911_2264-2266_1924-1930:
#  Alignment score:  31
#  P-value:  1.352e-01
#  Query aligned region: 0-2,8-10
#  Target aligned region: 0:'0'1907-2:'0'1909,7:'0'2266-7:'0'2266,15:'0'1931-16:'0'1932

	GGA...A~AC
	UGA...A~AG

#  Matched base-pairing interactions: 
	<G(1:)-A(9:) trans S/H>                        MATCHES	<G(1:'0'1908)-A(15:'0'1931) trans S/H>
	<A(2:)-A(8:) trans H/H>                        MATCHES	<A(2:'0'1909)-A(7:'0'2266) cis -/->
	<G(0:)-C(10:) cis W/W>                         MATCHES	<U(0:'0'1907)-G(16:'0'1932) cis W/W>
#  Matched base-stacking interactions: 

>>>>>>>>>>   ALIGNMENT ENDS   >>>>>>>>>>

<<<<<<<<<<  ALIGNMENT BEGINS  <<<<<<<<<<

#  Aligning reverse-kturn_conseusns and 1s72_0:1566-1568_1625-1627_1629-1631:
#  Alignment score:  31
#  P-value:  1.352e-01
#  Query aligned region: 0-1,9-10
#  Target aligned region: 4:'0'1628-5:'0'1629,7:'0'1632-8:'0'1633

	GG...AC
	GG...AC

#  Matched base-pairing interactions: 
	<G(1:)-A(9:) trans S/H>                        MATCHES	<G(5:'0'1629)-A(7:'0'1632) trans S/H>
	<G(0:)-C(10:) cis W/W>                         MATCHES	<G(4:'0'1628)-C(8:'0'1633) cis W/W>
#  Matched base-stacking interactions: 

>>>>>>>>>>   ALIGNMENT ENDS   >>>>>>>>>>

<<<<<<<<<<  ALIGNMENT BEGINS  <<<<<<<<<<

#  Aligning reverse-kturn_conseusns and 1s72_0:1091-1092_585-591_562-568:
#  Alignment score:  31
#  P-value:  1.352e-01
#  Query aligned region: 0-2,8-10
#  Target aligned region: 6:'0'591-7:'0'592,9:'0'564-12:'0'567

	GG~A...AAC
	AG~G...AAU

#  Matched base-pairing interactions: 
	<G(1:)-A(9:) trans S/H>                        MATCHES	<G(7:'0'592)-A(11:'0'566) trans S/H>
	<A(2:)-A(8:) trans H/H>                        MATCHES	<G(9:'0'564)-A(10:'0'565) cis S/H>
	<G(0:)-C(10:) cis W/W>                         MATCHES	<A(6:'0'591)-U(12:'0'567) cis W/W>
#  Matched base-stacking interactions: 

>>>>>>>>>>   ALIGNMENT ENDS   >>>>>>>>>>

<<<<<<<<<<  ALIGNMENT BEGINS  <<<<<<<<<<

#  Aligning reverse-kturn_conseusns and 1s72_0:1273-1279:
#  Alignment score:  30.8
#  P-value:  1.385e-01
#  Query aligned region: 0-1,9-10
#  Target aligned region: 0:'0'1275-6:'0'1281

	GG...AC
	CU...AC

#  Matched base-pairing interactions: 
	<G(1:)-A(9:) trans S/H>                        MATCHES	<U(1:'0'1276)-A(5:'0'1280) trans S/H>
	<G(0:)-C(10:) cis W/W>                         MATCHES	<C(0:'0'1275)-C(6:'0'1281) cis W/W>
#  Matched base-stacking interactions: 

>>>>>>>>>>   ALIGNMENT ENDS   >>>>>>>>>>

<<<<<<<<<<  ALIGNMENT BEGINS  <<<<<<<<<<

#  Aligning reverse-kturn_conseusns and 1s72_0:337-346_321-332_301-307:
#  Alignment score:  30.8
#  P-value:  1.385e-01
#  Query aligned region: 0-1,9-10
#  Target aligned region: 5:'0'344-6:'0'345,18:'0'331-19:'0'332

	GG...AC
	CG...AG

#  Matched base-pairing interactions: 
	<G(1:)-A(9:) trans S/H>                        MATCHES	<G(6:'0'345)-A(18:'0'331) trans S/H>
	<G(0:)-C(10:) cis W/W>                         MATCHES	<C(5:'0'344)-G(19:'0'332) cis W/W>
#  Matched base-stacking interactions: 

>>>>>>>>>>   ALIGNMENT ENDS   >>>>>>>>>>

<<<<<<<<<<  ALIGNMENT BEGINS  <<<<<<<<<<

#  Aligning reverse-kturn_conseusns and 1s72_0:890-893_168-175_157-163:
#  Alignment score:  30.4
#  P-value:  1.453e-01
#  Query aligned region: 0-3,4-10
#  Target aligned region: 6:'0'172-10:'0'176,14:'0'161-16:'0'163

	GGAG...C~AAC
	UCAG...U~ACU

#  Matched base-pairing interactions: 
	<G(3:)-C(4:) cis W/W>                          MATCHES	<G(9:'0'175)-U(10:'0'176) cis S/H>
	<A(2:)-A(8:) trans H/H>                        MATCHES	<A(8:'0'174)-A(14:'0'161) trans H/H>
	<G(1:)-A(9:) trans S/H>                        MATCHES	<C(7:'0'173)-C(15:'0'162) cis -/->
	<G(0:)-C(10:) cis W/W>                         MATCHES	<U(6:'0'172)-U(16:'0'163) cis W/W>
#  Matched base-stacking interactions: 

>>>>>>>>>>   ALIGNMENT ENDS   >>>>>>>>>>

<<<<<<<<<<  ALIGNMENT BEGINS  <<<<<<<<<<

#  Aligning reverse-kturn_conseusns and 1s72_0:1791-1797:
#  Alignment score:  30.3
#  P-value:  1.470e-01
#  Query aligned region: 0-1,9-10
#  Target aligned region: 0:'0'1793-6:'0'1799

	GG...A-C
	CG...ACG

#  Matched base-pairing interactions: 
	<G(0:)-C(10:) cis W/W>                         MATCHES	<C(0:'0'1793)-G(6:'0'1799) cis W/W>
	<G(1:)-A(9:) trans S/H>                        MATCHES	<G(1:'0'1794)-A(4:'0'1797) trans S/H>
#  Matched base-stacking interactions: 

>>>>>>>>>>   ALIGNMENT ENDS   >>>>>>>>>>

<<<<<<<<<<  ALIGNMENT BEGINS  <<<<<<<<<<

#  Aligning reverse-kturn_conseusns and 1s72_0:432-434_196-202_188-194:
#  Alignment score:  30.3
#  P-value:  1.470e-01
#  Query aligned region: 0-1,9-10
#  Target aligned region: 7:'0'202-8:'0'203,12:'0'192-14:'0'194

	GG...A-C
	UG...AAA

#  Matched base-pairing interactions: 
	<G(0:)-C(10:) cis W/W>                         MATCHES	<U(7:'0'202)-A(14:'0'194) cis W/W>
	<G(1:)-A(9:) trans S/H>                        MATCHES	<G(8:'0'203)-A(12:'0'192) trans S/H>
#  Matched base-stacking interactions: 

>>>>>>>>>>   ALIGNMENT ENDS   >>>>>>>>>>

<<<<<<<<<<  ALIGNMENT BEGINS  <<<<<<<<<<

#  Aligning reverse-kturn_conseusns and 1s72_0:76-81_89-97:
#  Alignment score:  30.1
#  P-value:  1.507e-01
#  Query aligned region: 0-3,4-10
#  Target aligned region: 0:'0'78-3:'0'81,8:'0'93-14:'0'99

	GGAG...CACAAAC
	GGAG...CGAAGAA

#  Matched base-pairing interactions: 
	<G(3:)-C(4:) cis W/W>                          MATCHES	<G(3:'0'81)-C(8:'0'93) cis W/W>
	<A(2:)-A(8:) trans H/H>                        MATCHES	<A(2:'0'80)-G(12:'0'97) trans H/S>
	<G(1:)-A(9:) trans S/H>                        MATCHES	<G(1:'0'79)-A(13:'0'98) trans S/H>
	<G(0:)-C(10:) cis W/W>                         MATCHES	<G(0:'0'78)-A(14:'0'99) trans S/H>
#  Matched base-stacking interactions: 

>>>>>>>>>>   ALIGNMENT ENDS   >>>>>>>>>>

<<<<<<<<<<  ALIGNMENT BEGINS  <<<<<<<<<<

#  Aligning reverse-kturn_conseusns and 1s72_0:2357-2362_2418-2424_2311-2317:
#  Alignment score:  29.4
#  P-value:  1.647e-01
#  Query aligned region: 0-1,9-10
#  Target aligned region: 0:'0'2359-1:'0'2360,11:'0'2425-11:'0'2425,17:'0'2317-17:'0'2317

	GG...A~C
	GC...A~C

#  Matched base-pairing interactions: 
	<G(0:)-C(10:) cis W/W>                         MATCHES	<G(0:'0'2359)-C(17:'0'2317) cis W/W>
	<G(1:)-A(9:) trans S/H>                        MATCHES	<C(1:'0'2360)-A(11:'0'2425) trans S/H>
#  Matched base-stacking interactions: 

>>>>>>>>>>   ALIGNMENT ENDS   >>>>>>>>>>

<<<<<<<<<<  ALIGNMENT BEGINS  <<<<<<<<<<

#  Aligning reverse-kturn_conseusns and 1s72_0:2011-2013_2001-2008_1969-1980:
#  Alignment score:  28.4
#  P-value:  1.882e-01
#  Query aligned region: 0-2,8-10
#  Target aligned region: 8:'0'2008-9:'0'2009,11:'0'1971-14:'0'1974

	GG~A...AAC
	UG~G...UAG

#  Matched base-pairing interactions: 
	<G(1:)-A(9:) trans S/H>                        MATCHES	<G(9:'0'2009)-A(13:'0'1973) trans S/H>
	<A(2:)-A(8:) trans H/H>                        MATCHES	<G(11:'0'1971)-U(12:'0'1972) cis S/H>
	<G(0:)-C(10:) cis W/W>                         MATCHES	<U(8:'0'2008)-G(14:'0'1974) cis W/W>
#  Matched base-stacking interactions: 

>>>>>>>>>>   ALIGNMENT ENDS   >>>>>>>>>>

<<<<<<<<<<  ALIGNMENT BEGINS  <<<<<<<<<<

#  Aligning reverse-kturn_conseusns and 1s72_0:360-366_279-288:
#  Alignment score:  28.4
#  P-value:  1.882e-01
#  Query aligned region: 0-1,9-10
#  Target aligned region: 4:'0'366-5:'0'367,11:'0'285-12:'0'286

	GG...AC
	UG...AU

#  Matched base-pairing interactions: 
	<G(1:)-A(9:) trans S/H>                        MATCHES	<G(5:'0'367)-A(11:'0'285) trans S/H>
	<G(0:)-C(10:) cis W/W>                         MATCHES	<U(4:'0'366)-U(12:'0'286) cis W/W>
#  Matched base-stacking interactions: 

>>>>>>>>>>   ALIGNMENT ENDS   >>>>>>>>>>

<<<<<<<<<<  ALIGNMENT BEGINS  <<<<<<<<<<

#  Aligning reverse-kturn_conseusns and 1s72_0:635-637_20-26_514-519:
#  Alignment score:  28.4
#  P-value:  1.882e-01
#  Query aligned region: 0-2,8-10
#  Target aligned region: 3:'0'22-5:'0'24,13:'0'519-15:'0'521

	GGA...AAC
	UGG...AAA

#  Matched base-pairing interactions: 
	<A(2:)-A(8:) trans H/H>                        MATCHES	<G(5:'0'24)-A(13:'0'519) trans S/H>
	<G(1:)-A(9:) trans S/H>                        MATCHES	<G(4:'0'23)-A(14:'0'520) trans S/H>
	<G(0:)-C(10:) cis W/W>                         MATCHES	<U(3:'0'22)-A(15:'0'521) trans W/H>
#  Matched base-stacking interactions: 

>>>>>>>>>>   ALIGNMENT ENDS   >>>>>>>>>>

<<<<<<<<<<  ALIGNMENT BEGINS  <<<<<<<<<<

#  Aligning reverse-kturn_conseusns and 1s72_0:503-513_479-482_483-485:
#  Alignment score:  26.8
#  P-value:  2.379e-01
#  Query aligned region: 0-1,9-10
#  Target aligned region: 10:'0'515-10:'0'515,12:'0'482-12:'0'482,16:'0'486-17:'0'487

	G~G...AC
	C~G...AG

#  Matched base-pairing interactions: 
	<G(0:)-C(10:) cis W/W>                         MATCHES	<C(10:'0'515)-G(17:'0'487) cis W/W>
	<G(1:)-A(9:) trans S/H>                        MATCHES	<G(12:'0'482)-A(16:'0'486) trans S/H>
#  Matched base-stacking interactions: 

>>>>>>>>>>   ALIGNMENT ENDS   >>>>>>>>>>

<<<<<<<<<<  ALIGNMENT BEGINS  <<<<<<<<<<

#  Aligning reverse-kturn_conseusns and 1s72_0:2770-2775_2795-2798_2799-2800:
#  Alignment score:  26.6
#  P-value:  2.455e-01
#  Query aligned region: 0-1,9-10
#  Target aligned region: 0:'0'2772-0:'0'2772,9:'0'2800-9:'0'2800,10:'0'2801-11:'0'2802

	G~G...AC
	G~A...AC

#  Matched base-pairing interactions: 
	<G(0:)-C(10:) cis W/W>                         MATCHES	<G(0:'0'2772)-C(11:'0'2802) cis W/W>
	<G(1:)-A(9:) trans S/H>                        MATCHES	<A(9:'0'2800)-A(10:'0'2801) trans S/H>
#  Matched base-stacking interactions: 

>>>>>>>>>>   ALIGNMENT ENDS   >>>>>>>>>>

<<<<<<<<<<  ALIGNMENT BEGINS  <<<<<<<<<<

#  Aligning reverse-kturn_conseusns and 1s72_0:1586-1593_1598-1604:
#  Alignment score:  26.4
#  P-value:  2.534e-01
#  Query aligned region: 1-3,4-9
#  Target aligned region: 1:'0'1589-4:'0'1592,10:'0'1602-14:'0'1606

	GA-G...CACAAA
	GAAG...C-AGGA

#  Matched base-pairing interactions: 
	<G(3:)-C(4:) cis W/W>                          MATCHES	<G(4:'0'1592)-C(10:'0'1602) cis W/W>
	<A(2:)-A(8:) trans H/H>                        MATCHES	<A(2:'0'1590)-G(13:'0'1605) trans H/S>
	<G(1:)-A(9:) trans S/H>                        MATCHES	<G(1:'0'1589)-A(14:'0'1606) trans S/H>
#  Matched base-stacking interactions: 

>>>>>>>>>>   ALIGNMENT ENDS   >>>>>>>>>>

<<<<<<<<<<  ALIGNMENT BEGINS  <<<<<<<<<<

#  Aligning reverse-kturn_conseusns and 1s72_0:243-247_258-264:
#  Alignment score:  26
#  P-value:  2.705e-01
#  Query aligned region: 0-3,4-10
#  Target aligned region: 0:'0'245-4:'0'249,5:'0'260-11:'0'266

	GGA-G...CACAAAC
	CGAAG...CAAUGUG

#  Matched base-pairing interactions: 
	<G(3:)-C(4:) cis W/W>                          MATCHES	<G(4:'0'249)-C(5:'0'260) cis W/W>
	<A(2:)-A(8:) trans H/H>                        MATCHES	<A(2:'0'247)-G(9:'0'264) trans H/S>
	<G(1:)-A(9:) trans S/H>                        MATCHES	<G(1:'0'246)-U(10:'0'265) trans S/H>
	<G(0:)-C(10:) cis W/W>                         MATCHES	<C(0:'0'245)-G(11:'0'266) cis W/W>
#  Matched base-stacking interactions: 

>>>>>>>>>>   ALIGNMENT ENDS   >>>>>>>>>>

<<<<<<<<<<  ALIGNMENT BEGINS  <<<<<<<<<<

#  Aligning reverse-kturn_conseusns and 1s72_0:2636-2642_2620-2625_1836-1841:
#  Alignment score:  24.4
#  P-value:  3.595e-01
#  Query aligned region: 0-1,9-10
#  Target aligned region: 4:'0'2642-5:'0'2643,7:'0'2622-7:'0'2622,14:'0'1839-14:'0'1839

	GG...A~C
	GG...A~A

#  Matched base-pairing interactions: 
	<G(0:)-C(10:) cis W/W>                         MATCHES	<G(4:'0'2642)-A(14:'0'1839) cis S/S>
	<G(1:)-A(9:) trans S/H>                        MATCHES	<G(5:'0'2643)-A(7:'0'2622) trans S/H>
#  Matched base-stacking interactions: 

>>>>>>>>>>   ALIGNMENT ENDS   >>>>>>>>>>

<<<<<<<<<<  ALIGNMENT BEGINS  <<<<<<<<<<

#  Aligning reverse-kturn_conseusns and 1s72_0:1128-1136_2518-2522_1224-1230:
#  Alignment score:  23.8
#  P-value:  4.045e-01
#  Query aligned region: 2-2,8-8
#  Target aligned region: 2:'0'1132-2:'0'1132,18:'0'1230-18:'0'1230

	A...A
	A...A

#  Matched base-pairing interactions: 
	<A(2:)-A(8:) trans H/H>                        MATCHES	<A(2:'0'1132)-A(18:'0'1230) trans H/H>
#  Matched base-stacking interactions: 

>>>>>>>>>>   ALIGNMENT ENDS   >>>>>>>>>>

<<<<<<<<<<  ALIGNMENT BEGINS  <<<<<<<<<<

#  Aligning reverse-kturn_conseusns and 1s72_0:526-530_2082-2083_9-14:
#  Alignment score:  23.8
#  P-value:  4.045e-01
#  Query aligned region: 0-2,8-10
#  Target aligned region: 2:'0'530-3:'0'531,6:'0'2085-6:'0'2085,7:'0'11-9:'0'13

	GG~A...AAC
	CG~A...AUG

#  Matched base-pairing interactions: 
	<G(1:)-A(9:) trans S/H>                        MATCHES	<G(3:'0'531)-U(8:'0'12) trans S/H>
	<A(2:)-A(8:) trans H/H>                        MATCHES	<A(6:'0'2085)-A(7:'0'11) cis -/->
	<G(0:)-C(10:) cis W/W>                         MATCHES	<C(2:'0'530)-G(9:'0'13) cis W/W>
#  Matched base-stacking interactions: 

>>>>>>>>>>   ALIGNMENT ENDS   >>>>>>>>>>

<<<<<<<<<<  ALIGNMENT BEGINS  <<<<<<<<<<

#  Aligning reverse-kturn_conseusns and 1s72_0:2317-2321_2416-2419_2375-2379:
#  Alignment score:  23.4
#  P-value:  4.394e-01
#  Query aligned region: 2-3,4-8
#  Target aligned region: 2:'0'2321-3:'0'2322,8:'0'2421-8:'0'2421,12:'0'2380-12:'0'2380

	AG...C~A
	AU...G~A

#  Matched base-pairing interactions: 
	<G(3:)-C(4:) cis W/W>                          MATCHES	<U(3:'0'2322)-G(8:'0'2421) cis W/S>
	<A(2:)-A(8:) trans H/H>                        MATCHES	<A(2:'0'2321)-A(12:'0'2380) trans H/H>
#  Matched base-stacking interactions: 

>>>>>>>>>>   ALIGNMENT ENDS   >>>>>>>>>>

<<<<<<<<<<  ALIGNMENT BEGINS  <<<<<<<<<<

#  Aligning reverse-kturn_conseusns and 1s72_0:1654-1657_1483-1489_1450-1455:
#  Alignment score:  23.4
#  P-value:  4.394e-01
#  Query aligned region: 0-1,9-10
#  Target aligned region: 9:'0'1490-10:'0'1491,13:'0'1454-14:'0'1455

	GG...AC
	GG...UC

#  Matched base-pairing interactions: 
	<G(1:)-A(9:) trans S/H>                        MATCHES	<G(10:'0'1491)-U(13:'0'1454) trans S/H>
	<G(0:)-C(10:) cis W/W>                         MATCHES	<G(9:'0'1490)-C(14:'0'1455) cis W/W>
#  Matched base-stacking interactions: 

>>>>>>>>>>   ALIGNMENT ENDS   >>>>>>>>>>

<<<<<<<<<<  ALIGNMENT BEGINS  <<<<<<<<<<

#  Aligning reverse-kturn_conseusns and 1s72_0:1764-1769_1770-1776_2015-2017:
#  Alignment score:  23.3
#  P-value:  4.488e-01
#  Query aligned region: 1-2,8-9
#  Target aligned region: 0:'0'1766-1:'0'1767,10:'0'1776-12:'0'1778

	GA...A-A
	UA...AGA

#  Matched base-pairing interactions: 
	<G(1:)-A(9:) trans S/H>                        MATCHES	<U(0:'0'1766)-A(12:'0'1778) cis -/->
	<A(2:)-A(8:) trans H/H>                        MATCHES	<A(1:'0'1767)-A(10:'0'1776) trans H/H>
#  Matched base-stacking interactions: 

>>>>>>>>>>   ALIGNMENT ENDS   >>>>>>>>>>

<<<<<<<<<<  ALIGNMENT BEGINS  <<<<<<<<<<

#  Aligning reverse-kturn_conseusns and 1s72_0:2098-2103_2479-2486_2532-2536:
#  Alignment score:  23.2
#  P-value:  4.585e-01
#  Query aligned region: 2-3,4-8
#  Target aligned region: 3:'0'2103-4:'0'2104,10:'0'2485-10:'0'2485,18:'0'2538-18:'0'2538

	AG...C~A
	AC...A~A

#  Matched base-pairing interactions: 
	<G(3:)-C(4:) cis W/W>                          MATCHES	<C(4:'0'2104)-A(10:'0'2485) cis W/W>
	<A(2:)-A(8:) trans H/H>                        MATCHES	<A(3:'0'2103)-A(18:'0'2538) trans H/H>
#  Matched base-stacking interactions: 

>>>>>>>>>>   ALIGNMENT ENDS   >>>>>>>>>>

<<<<<<<<<<  ALIGNMENT BEGINS  <<<<<<<<<<

#  Aligning reverse-kturn_conseusns and 1s72_0:2849-2858_2896-2904_2832-2833:
#  Alignment score:  23
#  P-value:  4.790e-01
#  Query aligned region: 1-1,9-9
#  Target aligned region: 0:'0'2851-0:'0'2851,18:'0'2906-18:'0'2906

	G...A
	G...A

#  Matched base-pairing interactions: 
	<G(1:)-A(9:) trans S/H>                        MATCHES	<G(0:'0'2851)-A(18:'0'2906) trans S/H>
#  Matched base-stacking interactions: 

>>>>>>>>>>   ALIGNMENT ENDS   >>>>>>>>>>

<<<<<<<<<<  ALIGNMENT BEGINS  <<<<<<<<<<

#  Aligning reverse-kturn_conseusns and 1s72_0:909-912_1289-1292_1067-1070:
#  Alignment score:  23
#  P-value:  4.790e-01
#  Query aligned region: 1-2,8-9
#  Target aligned region: 0:'0'911-1:'0'912,6:'0'1293-7:'0'1294

	GA...AA
	GA...UA

#  Matched base-pairing interactions: 
	<A(2:)-A(8:) trans H/H>                        MATCHES	<A(1:'0'912)-U(6:'0'1293) trans H/W>
	<G(1:)-A(9:) trans S/H>                        MATCHES	<G(0:'0'911)-A(7:'0'1294) trans S/H>
#  Matched base-stacking interactions: 

>>>>>>>>>>   ALIGNMENT ENDS   >>>>>>>>>>

<<<<<<<<<<  ALIGNMENT BEGINS  <<<<<<<<<<

#  Aligning reverse-kturn_conseusns and 1s72_0:41-49_119-122_108-114:
#  Alignment score:  22.2
#  P-value:  5.761e-01
#  Query aligned region: 1-1,9-9
#  Target aligned region: 4:'0'47-4:'0'47,16:'0'113-16:'0'113

	G...A
	G...A

#  Matched base-pairing interactions: 
	<G(1:)-A(9:) trans S/H>                        MATCHES	<G(4:'0'47)-A(16:'0'113) trans S/H>
#  Matched base-stacking interactions: 

>>>>>>>>>>   ALIGNMENT ENDS   >>>>>>>>>>

<<<<<<<<<<  ALIGNMENT BEGINS  <<<<<<<<<<

#  Aligning reverse-kturn_conseusns and 1s72_0:2784-2792_2776-2783_1150-1152:
#  Alignment score:  21.4
#  P-value:  7.061e-01
#  Query aligned region: 1-1,9-9
#  Target aligned region: 4:'0'2790-4:'0'2790,11:'0'2780-11:'0'2780

	G...A
	C...C

#  Matched base-pairing interactions: 
	<G(1:)-A(9:) trans S/H>                        MATCHES	<C(4:'0'2790)-C(11:'0'2780) trans S/H>
#  Matched base-stacking interactions: 

>>>>>>>>>>   ALIGNMENT ENDS   >>>>>>>>>>

<<<<<<<<<<  ALIGNMENT BEGINS  <<<<<<<<<<

#  Aligning reverse-kturn_conseusns and 1s72_0:1145-1156_1208-1214:
#  Alignment score:  21.4
#  P-value:  7.061e-01
#  Query aligned region: 1-1,9-9
#  Target aligned region: 4:'0'1151-4:'0'1151,17:'0'1215-17:'0'1215

	G...A
	G...A

#  Matched base-pairing interactions: 
	<G(1:)-A(9:) trans S/H>                        MATCHES	<G(4:'0'1151)-A(17:'0'1215) trans S/H>
#  Matched base-stacking interactions: 

>>>>>>>>>>   ALIGNMENT ENDS   >>>>>>>>>>

<<<<<<<<<<  ALIGNMENT BEGINS  <<<<<<<<<<

#  Aligning reverse-kturn_conseusns and 1s72_0:158-172_766-769_889-893:
#  Alignment score:  21.4
#  P-value:  7.061e-01
#  Query aligned region: 1-1,9-9
#  Target aligned region: 2:'0'162-2:'0'162,21:'0'893-21:'0'893

	G...A
	C...C

#  Matched base-pairing interactions: 
	<G(1:)-A(9:) trans S/H>                        MATCHES	<C(2:'0'162)-C(21:'0'893) trans S/H>
#  Matched base-stacking interactions: 

>>>>>>>>>>   ALIGNMENT ENDS   >>>>>>>>>>

<<<<<<<<<<  ALIGNMENT BEGINS  <<<<<<<<<<

#  Aligning reverse-kturn_conseusns and 1s72_0:1865-1876_1851-1861:
#  Alignment score:  21.2
#  P-value:  7.455e-01
#  Query aligned region: 0-2,8-10
#  Target aligned region: 2:'0'1869-4:'0'1871,17:'0'1858-19:'0'1860

	GGA...AAC
	ACU...AAU

#  Matched base-pairing interactions: 
	<A(2:)-A(8:) trans H/H>                        MATCHES	<U(4:'0'1871)-A(17:'0'1858) trans H/H>
	<G(1:)-A(9:) trans S/H>                        MATCHES	<C(3:'0'1870)-A(18:'0'1859) cis W/W>
	<G(0:)-C(10:) cis W/W>                         MATCHES	<A(2:'0'1869)-U(19:'0'1860) cis W/W>
#  Matched base-stacking interactions: 

>>>>>>>>>>   ALIGNMENT ENDS   >>>>>>>>>>

<<<<<<<<<<  ALIGNMENT BEGINS  <<<<<<<<<<

#  Aligning reverse-kturn_conseusns and 1s72_0:2776-2783_2784-2792_1150-1152:
#  Alignment score:  20.6
#  P-value:  8.857e-01
#  Query aligned region: 1-1,9-9
#  Target aligned region: 4:'0'2782-4:'0'2782,14:'0'2792-14:'0'2792

	G...A
	G...A

#  Matched base-pairing interactions: 
	<G(1:)-A(9:) trans S/H>                        MATCHES	<G(4:'0'2782)-A(14:'0'2792) trans S/H>
#  Matched base-stacking interactions: 

>>>>>>>>>>   ALIGNMENT ENDS   >>>>>>>>>>

<<<<<<<<<<  ALIGNMENT BEGINS  <<<<<<<<<<

#  Aligning reverse-kturn_conseusns and 1s72_0:899-903_1349-1358_639-643:
#  Alignment score:  20.4
#  P-value:  9.413e-01
#  Query aligned region: 2-3,4-8
#  Target aligned region: 9:'0'1355-11:'0'1357,17:'0'643-17:'0'643

	AG...C~A
	AA...A~A

#  Matched base-pairing interactions: 
	<G(3:)-C(4:) cis W/W>                          MATCHES	<A(10:'0'1356)-A(11:'0'1357) cis -/->
	<A(2:)-A(8:) trans H/H>                        MATCHES	<A(9:'0'1355)-A(17:'0'643) trans H/H>
#  Matched base-stacking interactions: 

>>>>>>>>>>   ALIGNMENT ENDS   >>>>>>>>>>

<<<<<<<<<<  ALIGNMENT BEGINS  <<<<<<<<<<

#  Aligning reverse-kturn_conseusns and 1s72_0:1851-1861_1865-1876:
#  Alignment score:  13.8
#  P-value:  1.000e+00
#  Query aligned region: 2-2,8-8
#  Target aligned region: 3:'0'1856-3:'0'1856,19:'0'1875-19:'0'1875

	A...A
	C...A

#  Matched base-pairing interactions: 
	<A(2:)-A(8:) trans H/H>                        MATCHES	<C(3:'0'1856)-A(19:'0'1875) trans H/H>
#  Matched base-stacking interactions: 

>>>>>>>>>>   ALIGNMENT ENDS   >>>>>>>>>>

<<<<<<<<<<  ALIGNMENT BEGINS  <<<<<<<<<<

#  Aligning reverse-kturn_conseusns and 1s72_0:2311-2317_2418-2424_2357-2362:
#  Alignment score:  13.8
#  P-value:  1.000e+00
#  Query aligned region: 0-2,8-10
#  Target aligned region: 4:'0'2317-6:'0'2319,7:'0'2420-8:'0'2421,14:'0'2359-14:'0'2359

	GGA...AA~C
	CCC...GG~G

#  Matched base-pairing interactions: 
	<A(2:)-A(8:) trans H/H>                        MATCHES	<C(6:'0'2319)-G(7:'0'2420) cis W/W>
	<G(0:)-C(10:) cis W/W>                         MATCHES	<C(4:'0'2317)-G(14:'0'2359) cis W/W>
	<G(1:)-A(9:) trans S/H>                        MATCHES	<C(5:'0'2318)-G(8:'0'2421) cis W/W>
#  Matched base-stacking interactions: 

>>>>>>>>>>   ALIGNMENT ENDS   >>>>>>>>>>

<<<<<<<<<<  ALIGNMENT BEGINS  <<<<<<<<<<

#  Aligning reverse-kturn_conseusns and 1s72_0:353-359_289-294:
#  Alignment score:  13.8
#  P-value:  1.000e+00
#  Query aligned region: 0-1,9-10
#  Target aligned region: 0:'0'355-1:'0'356,11:'0'295-12:'0'296

	GG...AC
	CC...CG

#  Matched base-pairing interactions: 
	<G(1:)-A(9:) trans S/H>                        MATCHES	<C(1:'0'356)-C(11:'0'295) cis W/W>
	<G(0:)-C(10:) cis W/W>                         MATCHES	<C(0:'0'355)-G(12:'0'296) cis W/W>
#  Matched base-stacking interactions: 

>>>>>>>>>>   ALIGNMENT ENDS   >>>>>>>>>>

<<<<<<<<<<  ALIGNMENT BEGINS  <<<<<<<<<<

#  Aligning reverse-kturn_conseusns and 1s72_0:2531-2534_2067-2075_2479-2489:
#  Alignment score:  13.4
#  P-value:  1.000e+00
#  Query aligned region: 0-2,8-10
#  Target aligned region: 0:'0'2533-1:'0'2534,11:'0'2076-12:'0'2077,20:'0'2488-21:'0'2489

	GG~A...A~AC
	CC~U...C~AG

#  Matched base-pairing interactions: 
	<G(1:)-A(9:) trans S/H>                        MATCHES	<C(1:'0'2534)-A(20:'0'2488) cis W/W>
	<A(2:)-A(8:) trans H/H>                        MATCHES	<U(11:'0'2076)-C(12:'0'2077) cis -/->
	<G(0:)-C(10:) cis W/W>                         MATCHES	<C(0:'0'2533)-G(21:'0'2489) cis W/W>
#  Matched base-stacking interactions: 

>>>>>>>>>>   ALIGNMENT ENDS   >>>>>>>>>>

<<<<<<<<<<  ALIGNMENT BEGINS  <<<<<<<<<<

#  Aligning reverse-kturn_conseusns and 1s72_0:2029-2036_1750-1752_1739-1745:
#  Alignment score:  13.2
#  P-value:  1.000e+00
#  Query aligned region: 0-1,9-10
#  Target aligned region: 4:'0'2035-5:'0'2036,13:'0'1743-14:'0'1744

	GG...AC
	CC...GG

#  Matched base-pairing interactions: 
	<G(1:)-A(9:) trans S/H>                        MATCHES	<C(5:'0'2036)-G(13:'0'1743) cis W/W>
	<G(0:)-C(10:) cis W/W>                         MATCHES	<C(4:'0'2035)-G(14:'0'1744) cis W/W>
#  Matched base-stacking interactions: 

>>>>>>>>>>   ALIGNMENT ENDS   >>>>>>>>>>

<<<<<<<<<<  ALIGNMENT BEGINS  <<<<<<<<<<

#  Aligning reverse-kturn_conseusns and 1s72_0:1654-1657_1684-1695_1483-1488:
#  Alignment score:  13
#  P-value:  1.000e+00
#  Query aligned region: 1-2,8-9
#  Target aligned region: 15:'0'1697-15:'0'1697,17:'0'1486-19:'0'1488

	G~A...AA
	G~A...AU

#  Matched base-pairing interactions: 
	<G(1:)-A(9:) trans S/H>                        MATCHES	<G(15:'0'1697)-U(19:'0'1488) trans S/H>
	<A(2:)-A(8:) trans H/H>                        MATCHES	<A(17:'0'1486)-A(18:'0'1487) cis S/H>
#  Matched base-stacking interactions: 

>>>>>>>>>>   ALIGNMENT ENDS   >>>>>>>>>>

<<<<<<<<<<  ALIGNMENT BEGINS  <<<<<<<<<<

#  Aligning reverse-kturn_conseusns and 1s72_0:691-695_729-731_687-689:
#  Alignment score:  13
#  P-value:  1.000e+00
#  Query aligned region: 0-1,9-10
#  Target aligned region: 2:'0'695-3:'0'696,8:'0'689-9:'0'690

	GG...AC
	CC...GG

#  Matched base-pairing interactions: 
	<G(1:)-A(9:) trans S/H>                        MATCHES	<C(3:'0'696)-G(8:'0'689) cis W/W>
	<G(0:)-C(10:) cis W/W>                         MATCHES	<C(2:'0'695)-G(9:'0'690) cis W/W>
#  Matched base-stacking interactions: 

>>>>>>>>>>   ALIGNMENT ENDS   >>>>>>>>>>

<<<<<<<<<<  ALIGNMENT BEGINS  <<<<<<<<<<

#  Aligning reverse-kturn_conseusns and 1s72_0:771-773_469-472_465-468:
#  Alignment score:  13
#  P-value:  1.000e+00
#  Query aligned region: 0-1,9-10
#  Target aligned region: 5:'0'473-6:'0'474,7:'0'467-8:'0'468

	GG...AC
	AC...GU

#  Matched base-pairing interactions: 
	<G(1:)-A(9:) trans S/H>                        MATCHES	<C(6:'0'474)-G(7:'0'467) cis W/W>
	<G(0:)-C(10:) cis W/W>                         MATCHES	<A(5:'0'473)-U(8:'0'468) cis W/W>
#  Matched base-stacking interactions: 

>>>>>>>>>>   ALIGNMENT ENDS   >>>>>>>>>>

<<<<<<<<<<  ALIGNMENT BEGINS  <<<<<<<<<<

#  Aligning reverse-kturn_conseusns and 1s72_0:321-332_337-346_301-307:
#  Alignment score:  12.6
#  P-value:  1.000e+00
#  Query aligned region: 0-3,4-10
#  Target aligned region: 0:'0'323-7:'0'330,13:'0'340-14:'0'341,26:'0'307-26:'0'307

	GGAG...C~AA~C
	CGUG...C~AC~G

#  Matched base-pairing interactions: 
	<G(3:)-C(4:) cis W/W>                          MATCHES	<G(3:'0'326)-C(7:'0'330) cis W/W>
	<A(2:)-A(8:) trans H/H>                        MATCHES	<U(2:'0'325)-A(13:'0'340) cis W/W>
	<G(0:)-C(10:) cis W/W>                         MATCHES	<C(0:'0'323)-G(26:'0'307) cis W/W>
	<G(1:)-A(9:) trans S/H>                        MATCHES	<G(1:'0'324)-C(14:'0'341) cis W/W>
#  Matched base-stacking interactions: 

>>>>>>>>>>   ALIGNMENT ENDS   >>>>>>>>>>

<<<<<<<<<<  ALIGNMENT BEGINS  <<<<<<<<<<

#  Aligning reverse-kturn_conseusns and 1s72_0:2239-2243_2254-2261_2129-2132:
#  Alignment score:  12.2
#  P-value:  1.000e+00
#  Query aligned region: 2-2,8-8
#  Target aligned region: 9:'0'2260-9:'0'2260,15:'0'2133-15:'0'2133

	A...A
	A...U

#  Matched base-pairing interactions: 
	<A(2:)-A(8:) trans H/H>                        MATCHES	<A(9:'0'2260)-U(15:'0'2133) trans H/H>
#  Matched base-stacking interactions: 

>>>>>>>>>>   ALIGNMENT ENDS   >>>>>>>>>>

<<<<<<<<<<  ALIGNMENT BEGINS  <<<<<<<<<<

#  Aligning reverse-kturn_conseusns and 1s72_0:1367-1372_1429-1430_2049-2052:
#  Alignment score:  12.2
#  P-value:  1.000e+00
#  Query aligned region: 0-2,8-10
#  Target aligned region: 4:'0'1373-5:'0'1374,6:'0'1431-7:'0'1432,8:'0'2051-9:'0'2052

	GG~A...A~AC
	GC~C...U~GU

#  Matched base-pairing interactions: 
	<A(2:)-A(8:) trans H/H>                        MATCHES	<C(6:'0'1431)-U(7:'0'1432) cis S/H>
	<G(1:)-A(9:) trans S/H>                        MATCHES	<C(5:'0'1374)-G(8:'0'2051) cis W/W>
	<G(0:)-C(10:) cis W/W>                         MATCHES	<G(4:'0'1373)-U(9:'0'2052) cis W/W>
#  Matched base-stacking interactions: 

>>>>>>>>>>   ALIGNMENT ENDS   >>>>>>>>>>

<<<<<<<<<<  ALIGNMENT BEGINS  <<<<<<<<<<

#  Aligning reverse-kturn_conseusns and 1s72_0:178-184_437-440_148-155:
#  Alignment score:  12.2
#  P-value:  1.000e+00
#  Query aligned region: 0-1,9-10
#  Target aligned region: 2:'0'182-2:'0'182,9:'0'441-10:'0'442,15:'0'154-15:'0'154

	G~G...A~C
	G~A...A~C

#  Matched base-pairing interactions: 
	<G(0:)-C(10:) cis W/W>                         MATCHES	<G(2:'0'182)-C(15:'0'154) cis W/W>
	<G(1:)-A(9:) trans S/H>                        MATCHES	<A(9:'0'441)-A(10:'0'442) cis S/H>
#  Matched base-stacking interactions: 

>>>>>>>>>>   ALIGNMENT ENDS   >>>>>>>>>>

<<<<<<<<<<  ALIGNMENT BEGINS  <<<<<<<<<<

#  Aligning reverse-kturn_conseusns and 1s72_0:1094-1099_1104-1108_1251-1259:
#  Alignment score:  12
#  P-value:  1.000e+00
#  Query aligned region: 0-1,9-10
#  Target aligned region: 3:'0'1099-4:'0'1100,7:'0'1107-7:'0'1107,15:'0'1257-15:'0'1257

	GG...A~C
	GG...A~C

#  Matched base-pairing interactions: 
	<G(0:)-C(10:) cis W/W>                         MATCHES	<G(3:'0'1099)-C(15:'0'1257) cis W/W>
	<G(1:)-A(9:) trans S/H>                        MATCHES	<G(4:'0'1100)-A(7:'0'1107) trans S/S>
#  Matched base-stacking interactions: 

>>>>>>>>>>   ALIGNMENT ENDS   >>>>>>>>>>

<<<<<<<<<<  ALIGNMENT BEGINS  <<<<<<<<<<

#  Aligning reverse-kturn_conseusns and 1s72_0:1831-1836_1837-1841_2639-2642:
#  Alignment score:  11.9
#  P-value:  1.000e+00
#  Query aligned region: 0-2,8-10
#  Target aligned region: 0:'0'1833-2:'0'1835,7:'0'1840-10:'0'1843

	GGA...AA-C
	UCU...ACAA

#  Matched base-pairing interactions: 
	<A(2:)-A(8:) trans H/H>                        MATCHES	<U(2:'0'1835)-A(7:'0'1840) trans H/H>
	<G(0:)-C(10:) cis W/W>                         MATCHES	<U(0:'0'1833)-A(10:'0'1843) cis W/W>
	<G(1:)-A(9:) trans S/H>                        MATCHES	<C(1:'0'1834)-C(8:'0'1841) trans W/H>
#  Matched base-stacking interactions: 

>>>>>>>>>>   ALIGNMENT ENDS   >>>>>>>>>>

<<<<<<<<<<  ALIGNMENT BEGINS  <<<<<<<<<<

#  Aligning reverse-kturn_conseusns and 1s72_0:437-440_178-184_148-155:
#  Alignment score:  11.8
#  P-value:  1.000e+00
#  Query aligned region: 0-2,8-10
#  Target aligned region: 8:'0'184-9:'0'185,11:'0'150-14:'0'153

	GG~A...AAC
	GG~G...AAC

#  Matched base-pairing interactions: 
	<G(1:)-A(9:) trans S/H>                        MATCHES	<G(9:'0'185)-A(13:'0'152) cis W/W>
	<A(2:)-A(8:) trans H/H>                        MATCHES	<G(11:'0'150)-A(12:'0'151) cis -/->
	<G(0:)-C(10:) cis W/W>                         MATCHES	<G(8:'0'184)-C(14:'0'153) cis W/W>
#  Matched base-stacking interactions: 

>>>>>>>>>>   ALIGNMENT ENDS   >>>>>>>>>>

<<<<<<<<<<  ALIGNMENT BEGINS  <<<<<<<<<<

#  Aligning reverse-kturn_conseusns and 1s72_0:1483-1488_1684-1695_1654-1657:
#  Alignment score:  11.2
#  P-value:  1.000e+00
#  Query aligned region: 2-3,4-8
#  Target aligned region: 5:'0'1490-5:'0'1490,7:'0'1687-14:'0'1694,20:'0'1658-20:'0'1658

	A~G...C~A
	G~C...G~A

#  Matched base-pairing interactions: 
	<G(3:)-C(4:) cis W/W>                          MATCHES	<C(7:'0'1687)-G(14:'0'1694) cis W/W>
	<A(2:)-A(8:) trans H/H>                        MATCHES	<G(5:'0'1490)-A(20:'0'1658) cis -/->
#  Matched base-stacking interactions: 

>>>>>>>>>>   ALIGNMENT ENDS   >>>>>>>>>>

<<<<<<<<<<  ALIGNMENT BEGINS  <<<<<<<<<<

#  Aligning reverse-kturn_conseusns and 1s72_0:824-831_787-788_847-852:
#  Alignment score:  11.1
#  P-value:  1.000e+00
#  Query aligned region: 0-2,8-10
#  Target aligned region: 4:'0'830-7:'0'833,10:'0'849-12:'0'851

	G-GA...AAC
	GUUG...CUC

#  Matched base-pairing interactions: 
	<A(2:)-A(8:) trans H/H>                        MATCHES	<G(7:'0'833)-C(10:'0'849) cis W/W>
	<G(0:)-C(10:) cis W/W>                         MATCHES	<G(4:'0'830)-C(12:'0'851) cis W/W>
	<G(1:)-A(9:) trans S/H>                        MATCHES	<U(6:'0'832)-U(11:'0'850) cis W/W>
#  Matched base-stacking interactions: 

>>>>>>>>>>   ALIGNMENT ENDS   >>>>>>>>>>

<<<<<<<<<<  ALIGNMENT BEGINS  <<<<<<<<<<

#  Aligning reverse-kturn_conseusns and 1s72_0:2689-2694_2696-2700_2564-2565:
#  Alignment score:  10.8
#  P-value:  1.000e+00
#  Query aligned region: 0-1,9-10
#  Target aligned region: 4:'0'2695-5:'0'2696,7:'0'2699-8:'0'2700

	GG...AC
	CG...AG

#  Matched base-pairing interactions: 
	<G(1:)-A(9:) trans S/H>                        MATCHES	<G(5:'0'2696)-A(7:'0'2699) cis -/->
	<G(0:)-C(10:) cis W/W>                         MATCHES	<C(4:'0'2695)-G(8:'0'2700) cis W/W>
#  Matched base-stacking interactions: 

>>>>>>>>>>   ALIGNMENT ENDS   >>>>>>>>>>

<<<<<<<<<<  ALIGNMENT BEGINS  <<<<<<<<<<

#  Aligning reverse-kturn_conseusns and 1s72_0:1642-1644_1577-1584_1608-1613:
#  Alignment score:  10.6
#  P-value:  1.000e+00
#  Query aligned region: 0-1,9-10
#  Target aligned region: 6:'0'1582-7:'0'1583,13:'0'1612-14:'0'1613

	GG...AC
	CU...AC

#  Matched base-pairing interactions: 
	<G(1:)-A(9:) trans S/H>                        MATCHES	<U(7:'0'1583)-A(13:'0'1612) cis W/W>
	<G(0:)-C(10:) cis W/W>                         MATCHES	<C(6:'0'1582)-C(14:'0'1613) cis W/W>
#  Matched base-stacking interactions: 

>>>>>>>>>>   ALIGNMENT ENDS   >>>>>>>>>>

<<<<<<<<<<  ALIGNMENT BEGINS  <<<<<<<<<<

#  Aligning reverse-kturn_conseusns and 1s72_0:704-710_714-719:
#  Alignment score:  10.6
#  P-value:  1.000e+00
#  Query aligned region: 3-3,4-4
#  Target aligned region: 3:'0'709-3:'0'709,10:'0'719-10:'0'719

	G...C
	G...C

#  Matched base-pairing interactions: 
	<G(3:)-C(4:) cis W/W>                          MATCHES	<G(3:'0'709)-C(10:'0'719) cis W/W>
#  Matched base-stacking interactions: 

>>>>>>>>>>   ALIGNMENT ENDS   >>>>>>>>>>

<<<<<<<<<<  ALIGNMENT BEGINS  <<<<<<<<<<

#  Aligning reverse-kturn_conseusns and 1s72_0:148-155_178-184_437-440:
#  Alignment score:  10
#  P-value:  1.000e+00
#  Query aligned region: 1-3,4-9
#  Target aligned region: 2:'0'152-4:'0'154,10:'0'182-10:'0'182,15:'0'439-16:'0'440

	GAG...C~AA
	ACC...G~AC

#  Matched base-pairing interactions: 
	<G(3:)-C(4:) cis W/W>                          MATCHES	<C(4:'0'154)-G(10:'0'182) cis W/W>
	<A(2:)-A(8:) trans H/H>                        MATCHES	<C(3:'0'153)-A(15:'0'439) cis -/->
	<G(1:)-A(9:) trans S/H>                        MATCHES	<A(2:'0'152)-C(16:'0'440) cis -/->
#  Matched base-stacking interactions: 

>>>>>>>>>>   ALIGNMENT ENDS   >>>>>>>>>>

<<<<<<<<<<  ALIGNMENT BEGINS  <<<<<<<<<<

#  Aligning reverse-kturn_conseusns and 1s72_0:2008-2014_1884-1888:
#  Alignment score:  9.8
#  P-value:  1.000e+00
#  Query aligned region: 3-3,4-4
#  Target aligned region: 6:'0'2016-6:'0'2016,7:'0'1886-7:'0'1886

	G...C
	U...A

#  Matched base-pairing interactions: 
	<G(3:)-C(4:) cis W/W>                          MATCHES	<U(6:'0'2016)-A(7:'0'1886) cis W/W>
#  Matched base-stacking interactions: 

>>>>>>>>>>   ALIGNMENT ENDS   >>>>>>>>>>

<<<<<<<<<<  ALIGNMENT BEGINS  <<<<<<<<<<

#  Aligning reverse-kturn_conseusns and 1s72_0:2723-2730_2892-2894_2747-2754:
#  Alignment score:  9.8
#  P-value:  1.000e+00
#  Query aligned region: 3-3,4-4
#  Target aligned region: 7:'0'2732-7:'0'2732,12:'0'2750-12:'0'2750

	G...C
	U...G

#  Matched base-pairing interactions: 
	<G(3:)-C(4:) cis W/W>                          MATCHES	<U(7:'0'2732)-G(12:'0'2750) cis W/W>
#  Matched base-stacking interactions: 

>>>>>>>>>>   ALIGNMENT ENDS   >>>>>>>>>>

<<<<<<<<<<  ALIGNMENT BEGINS  <<<<<<<<<<

#  Aligning reverse-kturn_conseusns and 1s72_0:1683-1684_1411-1417_1676-1680:
#  Alignment score:  9.6
#  P-value:  1.000e+00
#  Query aligned region: 0-1,9-10
#  Target aligned region: 4:'0'1415-5:'0'1416,10:'0'1679-11:'0'1680

	GG...AC
	GG...CC

#  Matched base-pairing interactions: 
	<G(1:)-A(9:) trans S/H>                        MATCHES	<G(5:'0'1416)-C(10:'0'1679) cis W/W>
	<G(0:)-C(10:) cis W/W>                         MATCHES	<G(4:'0'1415)-C(11:'0'1680) cis W/W>
#  Matched base-stacking interactions: 

>>>>>>>>>>   ALIGNMENT ENDS   >>>>>>>>>>

<<<<<<<<<<  ALIGNMENT BEGINS  <<<<<<<<<<

#  Aligning reverse-kturn_conseusns and 1s72_0:2899-2905_2845-2854_2831-2833:
#  Alignment score:  9
#  P-value:  1.000e+00
#  Query aligned region: 3-3,4-4
#  Target aligned region: 0:'0'2901-0:'0'2901,16:'0'2856-16:'0'2856

	G...C
	C...A

#  Matched base-pairing interactions: 
	<G(3:)-C(4:) cis W/W>                          MATCHES	<C(0:'0'2901)-A(16:'0'2856) cis W/W>
#  Matched base-stacking interactions: 

>>>>>>>>>>   ALIGNMENT ENDS   >>>>>>>>>>

<<<<<<<<<<  ALIGNMENT BEGINS  <<<<<<<<<<

#  Aligning reverse-kturn_conseusns and 1s72_0:1836-1841_2620-2625_2636-2642:
#  Alignment score:  9
#  P-value:  1.000e+00
#  Query aligned region: 3-3,4-4
#  Target aligned region: 10:'0'2626-10:'0'2626,12:'0'2638-12:'0'2638

	G...C
	C...G

#  Matched base-pairing interactions: 
	<G(3:)-C(4:) cis W/W>                          MATCHES	<C(10:'0'2626)-G(12:'0'2638) cis W/W>
#  Matched base-stacking interactions: 

>>>>>>>>>>   ALIGNMENT ENDS   >>>>>>>>>>

<<<<<<<<<<  ALIGNMENT BEGINS  <<<<<<<<<<

#  Aligning reverse-kturn_conseusns and 1s72_0:2524-2525_2522-2523_2491-2495:
#  Alignment score:  9
#  P-value:  1.000e+00
#  Query aligned region: 0-1,9-10
#  Target aligned region: 3:'0'2525-3:'0'2525,4:'0'2493-6:'0'2495

	G~G...AC
	G~C...GU

#  Matched base-pairing interactions: 
	<G(1:)-A(9:) trans S/H>                        MATCHES	<C(4:'0'2493)-G(5:'0'2494) cis S/H>
	<G(0:)-C(10:) cis W/W>                         MATCHES	<G(3:'0'2525)-U(6:'0'2495) cis W/W>
#  Matched base-stacking interactions: 

>>>>>>>>>>   ALIGNMENT ENDS   >>>>>>>>>>

<<<<<<<<<<  ALIGNMENT BEGINS  <<<<<<<<<<

#  Aligning reverse-kturn_conseusns and 1s72_0:1706-1708_787-792_817-824:
#  Alignment score:  9
#  P-value:  1.000e+00
#  Query aligned region: 3-3,4-4
#  Target aligned region: 8:'0'794-8:'0'794,9:'0'819-9:'0'819

	G...C
	U...A

#  Matched base-pairing interactions: 
	<G(3:)-C(4:) cis W/W>                          MATCHES	<U(8:'0'794)-A(9:'0'819) cis W/W>
#  Matched base-stacking interactions: 

>>>>>>>>>>   ALIGNMENT ENDS   >>>>>>>>>>

<<<<<<<<<<  ALIGNMENT BEGINS  <<<<<<<<<<

#  Aligning reverse-kturn_conseusns and 1s72_0:2004-2006_1972-1980_2000-2003:
#  Alignment score:  8
#  P-value:  1.000e+00
#  Query aligned region: 0-2,8-10
#  Target aligned region: 4:'0'1975-6:'0'1977,13:'0'2003-15:'0'2005

	GGA...AAC
	CGU...UUG

#  Matched base-pairing interactions: 
	<A(2:)-A(8:) trans H/H>                        MATCHES	<U(6:'0'1977)-U(13:'0'2003) cis -/->
	<G(1:)-A(9:) trans S/H>                        MATCHES	<G(5:'0'1976)-U(14:'0'2004) cis -/->
	<G(0:)-C(10:) cis W/W>                         MATCHES	<C(4:'0'1975)-G(15:'0'2005) cis W/W>
#  Matched base-stacking interactions: 

>>>>>>>>>>   ALIGNMENT ENDS   >>>>>>>>>>

