$ /home/s081p868/scratch/RNAMotifScanX-release/bin/scan /home/s081p868/scratch/RNAMotifScanX-release/models/c-loop_consensus.struct /rfs/poseidon_share/s081p868/RNAMotifScanX_nr/rmsx_work_default/4v9f/9/4v9f_9.rmsx.in --map_pdb=/rfs/poseidon_share/s081p868/RNAMotifScanX_nr/rmsx_work_default/4v9f/9/4v9f_9.rmsx.nch --pvalue 1.0 --num_threads 8 --write_alignment
<<<<<<<<<<  ALIGNMENT BEGINS  <<<<<<<<<<

#  Aligning c-loop_conseusus and 4v9f_9:20-21_25-29_49-58:
#  Alignment score:  23
#  P-value:  1.000e+00
#  Query aligned region: 0-4,5-11
#  Target aligned region: 0:'9'21-0:'9'21,3:'9'27-5:'9'29,10:'9'53-16:'9'59

	U~AUGU...ACCACUG
	G~C-UC...GAUAAGC

#  Matched base-pairing interactions: 
	<U(4:)-A(5:) cis W/W>                          MATCHES	<C(5:'9'29)-G(10:'9'53) cis W/W>
	<G(3:)-C(6:) cis W/W>                          MATCHES	<U(4:'9'28)-A(11:'9'54) cis W/W>
	<U(0:)-G(11:) cis W/W>                         MATCHES	<G(0:'9'21)-C(16:'9'59) cis W/W>
	<A(1:)-C(7:) trans H/W>                        MATCHES	<C(3:'9'27)-U(12:'9'55) cis W/W>
	<A(1:)-U(10:) cis W/W>                         MATCHES	<C(3:'9'27)-G(15:'9'58) cis -/->
	<G(3:)-C(9:) cis S/W>                          MATCHES	<U(4:'9'28)-A(14:'9'57) cis S/W>
#  Matched base-stacking interactions: 

>>>>>>>>>>   ALIGNMENT ENDS   >>>>>>>>>>

<<<<<<<<<<  ALIGNMENT BEGINS  <<<<<<<<<<

#  Aligning c-loop_conseusus and 4v9f_9:99-106_73-82:
#  Alignment score:  10.2
#  P-value:  1.000e+00
#  Query aligned region: 4-4,5-5
#  Target aligned region: 6:'9'106-6:'9'106,9:'9'75-9:'9'75

	U...A
	U...G

#  Matched base-pairing interactions: 
	<U(4:)-A(5:) cis W/W>                          MATCHES	<U(6:'9'106)-G(9:'9'75) cis W/W>
#  Matched base-stacking interactions: 

>>>>>>>>>>   ALIGNMENT ENDS   >>>>>>>>>>

<<<<<<<<<<  ALIGNMENT BEGINS  <<<<<<<<<<

#  Aligning c-loop_conseusus and 4v9f_9:49-58_25-29_20-21:
#  Alignment score:  9.8
#  P-value:  1.000e+00
#  Query aligned region: 4-4,5-5
#  Target aligned region: 3:'9'53-3:'9'53,13:'9'29-13:'9'29

	U...A
	G...C

#  Matched base-pairing interactions: 
	<U(4:)-A(5:) cis W/W>                          MATCHES	<G(3:'9'53)-C(13:'9'29) cis W/W>
#  Matched base-stacking interactions: 

>>>>>>>>>>   ALIGNMENT ENDS   >>>>>>>>>>

<<<<<<<<<<  ALIGNMENT BEGINS  <<<<<<<<<<

#  Aligning c-loop_conseusus and 4v9f_9:49-58_20-21_25-29:
#  Alignment score:  9.8
#  P-value:  1.000e+00
#  Query aligned region: 4-4,5-5
#  Target aligned region: 9:'9'59-9:'9'59,10:'9'21-10:'9'21

	U...A
	C...G

#  Matched base-pairing interactions: 
	<U(4:)-A(5:) cis W/W>                          MATCHES	<C(9:'9'59)-G(10:'9'21) cis W/W>
#  Matched base-stacking interactions: 

>>>>>>>>>>   ALIGNMENT ENDS   >>>>>>>>>>

<<<<<<<<<<  ALIGNMENT BEGINS  <<<<<<<<<<

#  Aligning c-loop_conseusus and 4v9f_9:73-82_99-106:
#  Alignment score:  9.8
#  P-value:  1.000e+00
#  Query aligned region: 4-4,5-5
#  Target aligned region: 7:'9'81-7:'9'81,11:'9'101-11:'9'101

	U...A
	C...G

#  Matched base-pairing interactions: 
	<U(4:)-A(5:) cis W/W>                          MATCHES	<C(7:'9'81)-G(11:'9'101) cis W/W>
#  Matched base-stacking interactions: 

>>>>>>>>>>   ALIGNMENT ENDS   >>>>>>>>>>

<<<<<<<<<<  ALIGNMENT BEGINS  <<<<<<<<<<

#  Aligning c-loop_conseusus and 4v9f_9:110-116_63-69_6-14:
#  Alignment score:  9
#  P-value:  1.000e+00
#  Query aligned region: 4-4,5-5
#  Target aligned region: 3:'9'114-3:'9'114,16:'9'9-16:'9'9

	U...A
	G...C

#  Matched base-pairing interactions: 
	<U(4:)-A(5:) cis W/W>                          MATCHES	<G(3:'9'114)-C(16:'9'9) cis W/W>
#  Matched base-stacking interactions: 

>>>>>>>>>>   ALIGNMENT ENDS   >>>>>>>>>>

<<<<<<<<<<  ALIGNMENT BEGINS  <<<<<<<<<<

#  Aligning c-loop_conseusus and 4v9f_9:41-51_29-38:
#  Alignment score:  7.4
#  P-value:  1.000e+00
#  Query aligned region: 4-4,5-5
#  Target aligned region: 8:'9'50-8:'9'50,11:'9'30-11:'9'30

	U...A
	G...C

#  Matched base-pairing interactions: 
	<U(4:)-A(5:) cis W/W>                          MATCHES	<G(8:'9'50)-C(11:'9'30) cis W/W>
#  Matched base-stacking interactions: 

>>>>>>>>>>   ALIGNMENT ENDS   >>>>>>>>>>

<<<<<<<<<<  ALIGNMENT BEGINS  <<<<<<<<<<

#  Aligning c-loop_conseusus and 4v9f_9:32-47:
#  Alignment score:  3.2
#  P-value:  1.000e+00
#  Query aligned region: 
#  Target aligned region: 

	
	

#  Matched base-pairing interactions: 
#  Matched base-stacking interactions: 

>>>>>>>>>>   ALIGNMENT ENDS   >>>>>>>>>>

