$ /home/s081p868/scratch/RNAMotifScanX-release/bin/scan /home/s081p868/scratch/RNAMotifScanX-release/models/e-loop_consensus.struct /rfs/poseidon_share/s081p868/RNAMotifScanX_nr/rmsx_work_default/2gdi/Y/2gdi_Y.rmsx.in --map_pdb=/rfs/poseidon_share/s081p868/RNAMotifScanX_nr/rmsx_work_default/2gdi/Y/2gdi_Y.rmsx.nch --pvalue 1.0 --num_threads 8 --write_alignment
<<<<<<<<<<  ALIGNMENT BEGINS  <<<<<<<<<<

#  Aligning Eloop_consensus and 2gdi_Y:32-34_9-11_28-30:
#  Alignment score:  28.2
#  P-value:  8.451e-02
#  Query aligned region: 0-2,3-5
#  Target aligned region: 0:Y42-1:Y43,5:Y21-5:Y21,6:Y38-8:Y40

	GA~G...GUA
	GA~G...CUG

#  Matched base-pairing interactions: 
	<A(1:)-U(4:) trans H/W>                        MATCHES	<A(1:Y43)-U(7:Y39) trans H/W>
	<G(2:)-G(3:) trans H/S>                        MATCHES	<G(5:Y21)-C(6:Y38) cis W/W>
	<G(0:)-A(5:) trans S/H>                        MATCHES	<G(0:Y42)-G(8:Y40) cis -/->
#  Matched base-stacking interactions: 

>>>>>>>>>>   ALIGNMENT ENDS   >>>>>>>>>>

<<<<<<<<<<  ALIGNMENT BEGINS  <<<<<<<<<<

#  Aligning Eloop_consensus and 2gdi_Y:70-74_46-49_7-8:
#  Alignment score:  19
#  P-value:  2.864e-01
#  Query aligned region: 0-0,5-5
#  Target aligned region: 3:Y83-3:Y83,5:Y56-5:Y56

	G...A
	G...A

#  Matched base-pairing interactions: 
	<G(0:)-A(5:) trans S/H>                        MATCHES	<G(3:Y83)-A(5:Y56) trans S/H>
#  Matched base-stacking interactions: 

>>>>>>>>>>   ALIGNMENT ENDS   >>>>>>>>>>

