$ /home/s081p868/scratch/RNAMotifScanX-release/bin/scan /home/s081p868/scratch/RNAMotifScanX-release/models/e-loop_consensus.struct /rfs/poseidon_share/s081p868/RNAMotifScanX_nr/rmsx_work_default/4v51/AW/4v51_AW.rmsx.in --map_pdb=/rfs/poseidon_share/s081p868/RNAMotifScanX_nr/rmsx_work_default/4v51/AW/4v51_AW.rmsx.nch --pvalue 1.0 --num_threads 16 --write_alignment
<<<<<<<<<<  ALIGNMENT BEGINS  <<<<<<<<<<

#  Aligning Eloop_consensus and 4v51_AW:17-18_56-61_52-55:
#  Alignment score:  22.2
#  P-value:  1.826e-01
#  Query aligned region: 0-1,4-5
#  Target aligned region: 0:'AW'18-0:'AW'18,3:'AW'58-3:'AW'58,9:'AW'54-10:'AW'55

	G~A...UA
	G~A...UU

#  Matched base-pairing interactions: 
	<G(0:)-A(5:) trans S/H>                        MATCHES	<G(0:'AW'18)-U(10:'AW'55) trans W/S>
	<A(1:)-U(4:) trans H/W>                        MATCHES	<A(3:'AW'58)-U(9:'AW'54) trans H/W>
#  Matched base-stacking interactions: 

>>>>>>>>>>   ALIGNMENT ENDS   >>>>>>>>>>

<<<<<<<<<<  ALIGNMENT BEGINS  <<<<<<<<<<

#  Aligning Eloop_consensus and 4v51_AW:20-25_9-14_7-8:
#  Alignment score:  21.8
#  P-value:  1.934e-01
#  Query aligned region: 0-1,4-5
#  Target aligned region: 2:'AW'23-2:'AW'23,10:'AW'14-10:'AW'14,12:'AW'8-13:'AW'9

	G~A...UA
	A~A...UA

#  Matched base-pairing interactions: 
	<G(0:)-A(5:) trans S/H>                        MATCHES	<A(2:'AW'23)-A(13:'AW'9) trans H/H>
	<A(1:)-U(4:) trans H/W>                        MATCHES	<A(10:'AW'14)-U(12:'AW'8) trans H/W>
#  Matched base-stacking interactions: 

>>>>>>>>>>   ALIGNMENT ENDS   >>>>>>>>>>

<<<<<<<<<<  ALIGNMENT BEGINS  <<<<<<<<<<

#  Aligning Eloop_consensus and 4v51_AW:52-55_17-18_56-61:
#  Alignment score:  3.8
#  P-value:  1.000e+00
#  Query aligned region: 1-2,3-4
#  Target aligned region: 2:'AW'55-3:'AW'56,5:'AW'19-5:'AW'19,6:'AW'57-6:'AW'57

	AG...G~U
	UC...G~G

#  Matched base-pairing interactions: 
	<G(2:)-G(3:) trans H/S>                        MATCHES	<C(3:'AW'56)-G(5:'AW'19) cis W/W>
	<A(1:)-U(4:) trans H/W>                        MATCHES	<U(2:'AW'55)-G(6:'AW'57) cis -/->
#  Matched base-stacking interactions: 

>>>>>>>>>>   ALIGNMENT ENDS   >>>>>>>>>>

