$ /home/s081p868/scratch/RNAMotifScanX-release/bin/scan /home/s081p868/scratch/RNAMotifScanX-release/models/e-loop_consensus.struct /rfs/poseidon_share/s081p868/RNAMotifScanX_nr/rmsx_work_default/5j91/CA/5j91_CA.rmsx.in --map_pdb=/rfs/poseidon_share/s081p868/RNAMotifScanX_nr/rmsx_work_default/5j91/CA/5j91_CA.rmsx.nch --pvalue 1.0 --num_threads 16 --write_alignment
<<<<<<<<<<  ALIGNMENT BEGINS  <<<<<<<<<<

#  Aligning Eloop_consensus and 5j91_CA:1555-1556_1512-1515_1474-1477:
#  Alignment score:  70.8
#  P-value:  6.753e-03
#  Query aligned region: 0-2,3-5
#  Target aligned region: 3:'CA'1514-5:'CA'1516,6:'CA'1475-8:'CA'1477

	GAG...GUA
	GAG...GUA

#  Matched base-pairing interactions: 
	<G(2:)-G(3:) trans H/S>                        MATCHES	<G(5:'CA'1516)-G(6:'CA'1475) trans H/S>
	<A(1:)-U(4:) trans H/W>                        MATCHES	<A(4:'CA'1515)-U(7:'CA'1476) trans H/W>
	<G(0:)-A(5:) trans S/H>                        MATCHES	<G(3:'CA'1514)-A(8:'CA'1477) trans S/H>
#  Matched base-stacking interactions: 

>>>>>>>>>>   ALIGNMENT ENDS   >>>>>>>>>>

<<<<<<<<<<  ALIGNMENT BEGINS  <<<<<<<<<<

#  Aligning Eloop_consensus and 5j91_CA:1827-1830_1974-1975_1789-1790:
#  Alignment score:  51.8
#  P-value:  1.378e-02
#  Query aligned region: 0-2,3-5
#  Target aligned region: 0:'CA'1828-2:'CA'1830,4:'CA'1975-5:'CA'1976,7:'CA'1791-7:'CA'1791

	GAG...GU~A
	GAC...GU~A

#  Matched base-pairing interactions: 
	<G(2:)-G(3:) trans H/S>                        MATCHES	<C(2:'CA'1830)-G(4:'CA'1975) cis W/W>
	<G(0:)-A(5:) trans S/H>                        MATCHES	<G(0:'CA'1828)-A(7:'CA'1791) trans S/H>
	<A(1:)-U(4:) trans H/W>                        MATCHES	<A(1:'CA'1829)-U(5:'CA'1976) trans H/W>
#  Matched base-stacking interactions: 

>>>>>>>>>>   ALIGNMENT ENDS   >>>>>>>>>>

<<<<<<<<<<  ALIGNMENT BEGINS  <<<<<<<<<<

#  Aligning Eloop_consensus and 5j91_CA:1719-1722_1736-1739:
#  Alignment score:  51.4
#  P-value:  1.403e-02
#  Query aligned region: 0-2,3-5
#  Target aligned region: 1:'CA'1721-3:'CA'1723,4:'CA'1737-6:'CA'1739

	GAG...GUA
	GAG...GGA

#  Matched base-pairing interactions: 
	<G(2:)-G(3:) trans H/S>                        MATCHES	<G(3:'CA'1723)-G(4:'CA'1737) trans H/S>
	<A(1:)-U(4:) trans H/W>                        MATCHES	<A(2:'CA'1722)-G(5:'CA'1738) trans H/S>
	<G(0:)-A(5:) trans S/H>                        MATCHES	<G(1:'CA'1721)-A(6:'CA'1739) trans S/H>
#  Matched base-stacking interactions: 

>>>>>>>>>>   ALIGNMENT ENDS   >>>>>>>>>>

<<<<<<<<<<  ALIGNMENT BEGINS  <<<<<<<<<<

#  Aligning Eloop_consensus and 5j91_CA:158-161_163-166_2206-2207:
#  Alignment score:  51
#  P-value:  1.429e-02
#  Query aligned region: 0-2,3-5
#  Target aligned region: 0:'CA'159-2:'CA'161,5:'CA'165-7:'CA'167

	GAG...GUA
	GAA...AUA

#  Matched base-pairing interactions: 
	<G(2:)-G(3:) trans H/S>                        MATCHES	<A(2:'CA'161)-A(5:'CA'165) trans H/W>
	<A(1:)-U(4:) trans H/W>                        MATCHES	<A(1:'CA'160)-U(6:'CA'166) trans H/W>
	<G(0:)-A(5:) trans S/H>                        MATCHES	<G(0:'CA'159)-A(7:'CA'167) trans S/H>
#  Matched base-stacking interactions: 

>>>>>>>>>>   ALIGNMENT ENDS   >>>>>>>>>>

<<<<<<<<<<  ALIGNMENT BEGINS  <<<<<<<<<<

#  Aligning Eloop_consensus and 5j91_CA:2211-2214_1357-1360_1369-1372:
#  Alignment score:  50.4
#  P-value:  1.469e-02
#  Query aligned region: 0-2,3-5
#  Target aligned region: 4:'CA'1358-6:'CA'1360,9:'CA'1371-11:'CA'1373

	GAG...GUA
	GAG...GUA

#  Matched base-pairing interactions: 
	<G(2:)-G(3:) trans H/S>                        MATCHES	<G(6:'CA'1360)-G(9:'CA'1371) cis -/->
	<A(1:)-U(4:) trans H/W>                        MATCHES	<A(5:'CA'1359)-U(10:'CA'1372) trans H/W>
	<G(0:)-A(5:) trans S/H>                        MATCHES	<G(4:'CA'1358)-A(11:'CA'1373) trans S/H>
#  Matched base-stacking interactions: 

>>>>>>>>>>   ALIGNMENT ENDS   >>>>>>>>>>

<<<<<<<<<<  ALIGNMENT BEGINS  <<<<<<<<<<

#  Aligning Eloop_consensus and 5j91_CA:1550-1554_1436-1439:
#  Alignment score:  49.6
#  P-value:  1.525e-02
#  Query aligned region: 0-2,3-5
#  Target aligned region: 1:'CA'1552-4:'CA'1555,6:'CA'1438-7:'CA'1439

	GAG...G~UA
	AAU...G~UA

#  Matched base-pairing interactions: 
	<A(1:)-U(4:) trans H/W>                        MATCHES	<A(2:'CA'1553)-U(6:'CA'1438) trans H/W>
	<G(2:)-G(3:) trans H/S>                        MATCHES	<U(3:'CA'1554)-G(4:'CA'1555) cis S/H>
	<G(0:)-A(5:) trans S/H>                        MATCHES	<A(1:'CA'1552)-A(7:'CA'1439) trans S/H>
#  Matched base-stacking interactions: 

>>>>>>>>>>   ALIGNMENT ENDS   >>>>>>>>>>

<<<<<<<<<<  ALIGNMENT BEGINS  <<<<<<<<<<

#  Aligning Eloop_consensus and 5j91_CA:1739-1743_1715-1719:
#  Alignment score:  49.4
#  P-value:  1.540e-02
#  Query aligned region: 0-1,4-5
#  Target aligned region: 3:'CA'1743-4:'CA'1744,5:'CA'1716-6:'CA'1717

	GA...UA
	GA...UA

#  Matched base-pairing interactions: 
	<A(1:)-U(4:) trans H/W>                        MATCHES	<A(4:'CA'1744)-U(5:'CA'1716) trans H/W>
	<G(0:)-A(5:) trans S/H>                        MATCHES	<G(3:'CA'1743)-A(6:'CA'1717) trans S/H>
#  Matched base-stacking interactions: 

>>>>>>>>>>   ALIGNMENT ENDS   >>>>>>>>>>

<<<<<<<<<<  ALIGNMENT BEGINS  <<<<<<<<<<

#  Aligning Eloop_consensus and 5j91_CA:1873-1877_1863-1866:
#  Alignment score:  48.6
#  P-value:  1.600e-02
#  Query aligned region: 0-1,4-5
#  Target aligned region: 1:'CA'1875-2:'CA'1876,6:'CA'1865-7:'CA'1866

	GA...UA
	GA...UA

#  Matched base-pairing interactions: 
	<A(1:)-U(4:) trans H/W>                        MATCHES	<A(2:'CA'1876)-U(6:'CA'1865) trans H/W>
	<G(0:)-A(5:) trans S/H>                        MATCHES	<G(1:'CA'1875)-A(7:'CA'1866) trans S/H>
#  Matched base-stacking interactions: 

>>>>>>>>>>   ALIGNMENT ENDS   >>>>>>>>>>

<<<<<<<<<<  ALIGNMENT BEGINS  <<<<<<<<<<

#  Aligning Eloop_consensus and 5j91_CA:248-254_383-385_241-247:
#  Alignment score:  48.6
#  P-value:  1.600e-02
#  Query aligned region: 0-2,3-5
#  Target aligned region: 5:'CA'254-6:'CA'255,8:'CA'385-9:'CA'386,11:'CA'243-12:'CA'244

	GA~G...G~UA
	GA~C...G~UA

#  Matched base-pairing interactions: 
	<A(1:)-U(4:) trans H/W>                        MATCHES	<A(6:'CA'255)-U(11:'CA'243) trans H/W>
	<G(2:)-G(3:) trans H/S>                        MATCHES	<C(8:'CA'385)-G(9:'CA'386) cis S/H>
	<G(0:)-A(5:) trans S/H>                        MATCHES	<G(5:'CA'254)-A(12:'CA'244) trans S/H>
#  Matched base-stacking interactions: 

>>>>>>>>>>   ALIGNMENT ENDS   >>>>>>>>>>

<<<<<<<<<<  ALIGNMENT BEGINS  <<<<<<<<<<

#  Aligning Eloop_consensus and 5j91_CA:817-821_941-942_1186-1188:
#  Alignment score:  48.4
#  P-value:  1.616e-02
#  Query aligned region: 0-2,3-5
#  Target aligned region: 0:'CA'818-2:'CA'820,6:'CA'943-6:'CA'943,8:'CA'1188-9:'CA'1189

	GAG...G~UA
	GAA...A~UA

#  Matched base-pairing interactions: 
	<A(1:)-U(4:) trans H/W>                        MATCHES	<A(1:'CA'819)-U(8:'CA'1188) trans H/W>
	<G(2:)-G(3:) trans H/S>                        MATCHES	<A(2:'CA'820)-A(6:'CA'943) cis -/->
	<G(0:)-A(5:) trans S/H>                        MATCHES	<G(0:'CA'818)-A(9:'CA'1189) trans S/H>
#  Matched base-stacking interactions: 

>>>>>>>>>>   ALIGNMENT ENDS   >>>>>>>>>>

<<<<<<<<<<  ALIGNMENT BEGINS  <<<<<<<<<<

#  Aligning Eloop_consensus and 5j91_CA:2009-2012_1265-1269:
#  Alignment score:  46.8
#  P-value:  1.750e-02
#  Query aligned region: 0-1,4-5
#  Target aligned region: 2:'CA'2012-3:'CA'2013,5:'CA'1267-6:'CA'1268

	GA...UA
	GA...UA

#  Matched base-pairing interactions: 
	<A(1:)-U(4:) trans H/W>                        MATCHES	<A(3:'CA'2013)-U(5:'CA'1267) trans H/W>
	<G(0:)-A(5:) trans S/H>                        MATCHES	<G(2:'CA'2012)-A(6:'CA'1268) trans S/H>
#  Matched base-stacking interactions: 

>>>>>>>>>>   ALIGNMENT ENDS   >>>>>>>>>>

<<<<<<<<<<  ALIGNMENT BEGINS  <<<<<<<<<<

#  Aligning Eloop_consensus and 5j91_CA:911-916_858-865:
#  Alignment score:  46.8
#  P-value:  1.750e-02
#  Query aligned region: 0-1,4-5
#  Target aligned region: 4:'CA'916-5:'CA'917,7:'CA'860-8:'CA'861

	GA...UA
	GA...UA

#  Matched base-pairing interactions: 
	<A(1:)-U(4:) trans H/W>                        MATCHES	<A(5:'CA'917)-U(7:'CA'860) trans H/W>
	<G(0:)-A(5:) trans S/H>                        MATCHES	<G(4:'CA'916)-A(8:'CA'861) trans S/H>
#  Matched base-stacking interactions: 

>>>>>>>>>>   ALIGNMENT ENDS   >>>>>>>>>>

<<<<<<<<<<  ALIGNMENT BEGINS  <<<<<<<<<<

#  Aligning Eloop_consensus and 5j91_CA:187-189_204-207:
#  Alignment score:  46.2
#  P-value:  1.804e-02
#  Query aligned region: 0-1,4-5
#  Target aligned region: 1:'CA'189-2:'CA'190,4:'CA'206-5:'CA'207

	GA...UA
	GA...UA

#  Matched base-pairing interactions: 
	<A(1:)-U(4:) trans H/W>                        MATCHES	<A(2:'CA'190)-U(4:'CA'206) trans H/W>
	<G(0:)-A(5:) trans S/H>                        MATCHES	<G(1:'CA'189)-A(5:'CA'207) trans S/H>
#  Matched base-stacking interactions: 

>>>>>>>>>>   ALIGNMENT ENDS   >>>>>>>>>>

<<<<<<<<<<  ALIGNMENT BEGINS  <<<<<<<<<<

#  Aligning Eloop_consensus and 5j91_CA:1966-1973_1929-1932_1832-1833:
#  Alignment score:  46.2
#  P-value:  1.804e-02
#  Query aligned region: 0-1,4-5
#  Target aligned region: 1:'CA'1968-2:'CA'1969,9:'CA'1931-10:'CA'1932

	GA...UA
	GA...UA

#  Matched base-pairing interactions: 
	<A(1:)-U(4:) trans H/W>                        MATCHES	<A(2:'CA'1969)-U(9:'CA'1931) trans H/W>
	<G(0:)-A(5:) trans S/H>                        MATCHES	<G(1:'CA'1968)-A(10:'CA'1932) trans S/H>
#  Matched base-stacking interactions: 

>>>>>>>>>>   ALIGNMENT ENDS   >>>>>>>>>>

<<<<<<<<<<  ALIGNMENT BEGINS  <<<<<<<<<<

#  Aligning Eloop_consensus and 5j91_CA:467-470_456-460:
#  Alignment score:  46
#  P-value:  1.823e-02
#  Query aligned region: 0-1,4-5
#  Target aligned region: 1:'CA'469-2:'CA'470,6:'CA'459-7:'CA'460

	GA...UA
	GA...UA

#  Matched base-pairing interactions: 
	<A(1:)-U(4:) trans H/W>                        MATCHES	<A(2:'CA'470)-U(6:'CA'459) trans H/W>
	<G(0:)-A(5:) trans S/H>                        MATCHES	<G(1:'CA'469)-A(7:'CA'460) trans S/H>
#  Matched base-stacking interactions: 

>>>>>>>>>>   ALIGNMENT ENDS   >>>>>>>>>>

<<<<<<<<<<  ALIGNMENT BEGINS  <<<<<<<<<<

#  Aligning Eloop_consensus and 5j91_CA:2223-2225_2091-2092_2195-2199:
#  Alignment score:  45.7
#  P-value:  1.852e-02
#  Query aligned region: 0-2,3-5
#  Target aligned region: 0:'CA'2224-1:'CA'2225,4:'CA'2093-4:'CA'2093,5:'CA'2196-8:'CA'2199

	GA~G...GU-A
	GA~G...CUAA

#  Matched base-pairing interactions: 
	<G(0:)-A(5:) trans S/H>                        MATCHES	<G(0:'CA'2224)-A(8:'CA'2199) trans S/H>
	<A(1:)-U(4:) trans H/W>                        MATCHES	<A(1:'CA'2225)-U(6:'CA'2197) trans H/W>
	<G(2:)-G(3:) trans H/S>                        MATCHES	<G(4:'CA'2093)-C(5:'CA'2196) cis W/W>
#  Matched base-stacking interactions: 

>>>>>>>>>>   ALIGNMENT ENDS   >>>>>>>>>>

<<<<<<<<<<  ALIGNMENT BEGINS  <<<<<<<<<<

#  Aligning Eloop_consensus and 5j91_CA:2660-2664_2654-2658_2530-2531:
#  Alignment score:  43.8
#  P-value:  2.050e-02
#  Query aligned region: 0-1,4-5
#  Target aligned region: 3:'CA'2664-4:'CA'2665,6:'CA'2656-7:'CA'2657

	GA...UA
	GA...UA

#  Matched base-pairing interactions: 
	<A(1:)-U(4:) trans H/W>                        MATCHES	<A(4:'CA'2665)-U(6:'CA'2656) trans H/W>
	<G(0:)-A(5:) trans S/H>                        MATCHES	<G(3:'CA'2664)-A(7:'CA'2657) trans S/H>
#  Matched base-stacking interactions: 

>>>>>>>>>>   ALIGNMENT ENDS   >>>>>>>>>>

<<<<<<<<<<  ALIGNMENT BEGINS  <<<<<<<<<<

#  Aligning Eloop_consensus and 5j91_CA:1415-1420_1577-1581:
#  Alignment score:  43.7
#  P-value:  2.062e-02
#  Query aligned region: 0-1,4-5
#  Target aligned region: 2:'CA'1418-3:'CA'1419,6:'CA'1578-8:'CA'1580

	GA...U-A
	GA...UAA

#  Matched base-pairing interactions: 
	<G(0:)-A(5:) trans S/H>                        MATCHES	<G(2:'CA'1418)-A(8:'CA'1580) trans S/H>
	<A(1:)-U(4:) trans H/W>                        MATCHES	<A(3:'CA'1419)-U(6:'CA'1578) trans H/W>
#  Matched base-stacking interactions: 

>>>>>>>>>>   ALIGNMENT ENDS   >>>>>>>>>>

<<<<<<<<<<  ALIGNMENT BEGINS  <<<<<<<<<<

#  Aligning Eloop_consensus and 5j91_CA:421-422_398-401_370-374:
#  Alignment score:  43
#  P-value:  2.144e-02
#  Query aligned region: 0-1,4-5
#  Target aligned region: 3:'CA'400-4:'CA'401,8:'CA'373-9:'CA'374

	GA...UA
	GA...UA

#  Matched base-pairing interactions: 
	<A(1:)-U(4:) trans H/W>                        MATCHES	<A(4:'CA'401)-U(8:'CA'373) trans H/W>
	<G(0:)-A(5:) trans S/H>                        MATCHES	<G(3:'CA'400)-A(9:'CA'374) trans S/H>
#  Matched base-stacking interactions: 

>>>>>>>>>>   ALIGNMENT ENDS   >>>>>>>>>>

<<<<<<<<<<  ALIGNMENT BEGINS  <<<<<<<<<<

#  Aligning Eloop_consensus and 5j91_CA:1310-1312_1339-1345_1600-1602:
#  Alignment score:  42.8
#  P-value:  2.168e-02
#  Query aligned region: 0-1,4-5
#  Target aligned region: 0:'CA'1311-0:'CA'1311,5:'CA'1342-5:'CA'1342,11:'CA'1602-12:'CA'1603

	G~A...UA
	G~A...UA

#  Matched base-pairing interactions: 
	<G(0:)-A(5:) trans S/H>                        MATCHES	<G(0:'CA'1311)-A(12:'CA'1603) trans S/H>
	<A(1:)-U(4:) trans H/W>                        MATCHES	<A(5:'CA'1342)-U(11:'CA'1602) trans H/W>
#  Matched base-stacking interactions: 

>>>>>>>>>>   ALIGNMENT ENDS   >>>>>>>>>>

<<<<<<<<<<  ALIGNMENT BEGINS  <<<<<<<<<<

#  Aligning Eloop_consensus and 5j91_CA:976-977_1152-1154_998-1001:
#  Alignment score:  42.1
#  P-value:  2.256e-02
#  Query aligned region: 0-1,4-5
#  Target aligned region: 3:'CA'1154-4:'CA'1155,5:'CA'999-7:'CA'1001

	GA...U-A
	GA...UAA

#  Matched base-pairing interactions: 
	<G(0:)-A(5:) trans S/H>                        MATCHES	<G(3:'CA'1154)-A(7:'CA'1001) trans S/H>
	<A(1:)-U(4:) trans H/W>                        MATCHES	<A(4:'CA'1155)-U(5:'CA'999) trans H/W>
#  Matched base-stacking interactions: 

>>>>>>>>>>   ALIGNMENT ENDS   >>>>>>>>>>

<<<<<<<<<<  ALIGNMENT BEGINS  <<<<<<<<<<

#  Aligning Eloop_consensus and 5j91_CA:2762-2765_2538-2542_2737-2740:
#  Alignment score:  41.7
#  P-value:  2.309e-02
#  Query aligned region: 0-2,3-5
#  Target aligned region: 0:'CA'2763-2:'CA'2765,6:'CA'2541-6:'CA'2541,10:'CA'2739-12:'CA'2741

	GAG...G~U-A
	GAA...A~UAA

#  Matched base-pairing interactions: 
	<G(0:)-A(5:) trans S/H>                        MATCHES	<G(0:'CA'2763)-A(12:'CA'2741) trans S/H>
	<A(1:)-U(4:) trans H/W>                        MATCHES	<A(1:'CA'2764)-U(10:'CA'2739) trans H/W>
	<G(2:)-G(3:) trans H/S>                        MATCHES	<A(2:'CA'2765)-A(6:'CA'2541) cis W/S>
#  Matched base-stacking interactions: 

>>>>>>>>>>   ALIGNMENT ENDS   >>>>>>>>>>

<<<<<<<<<<  ALIGNMENT BEGINS  <<<<<<<<<<

#  Aligning Eloop_consensus and 5j91_CA:2317-2321_2330-2336_2294-2297:
#  Alignment score:  41.6
#  P-value:  2.323e-02
#  Query aligned region: 0-1,4-5
#  Target aligned region: 1:'CA'2319-1:'CA'2319,9:'CA'2335-9:'CA'2335,13:'CA'2296-14:'CA'2297

	G~A...UA
	G~A...UA

#  Matched base-pairing interactions: 
	<G(0:)-A(5:) trans S/H>                        MATCHES	<G(1:'CA'2319)-A(14:'CA'2297) trans S/H>
	<A(1:)-U(4:) trans H/W>                        MATCHES	<A(9:'CA'2335)-U(13:'CA'2296) trans H/W>
#  Matched base-stacking interactions: 

>>>>>>>>>>   ALIGNMENT ENDS   >>>>>>>>>>

<<<<<<<<<<  ALIGNMENT BEGINS  <<<<<<<<<<

#  Aligning Eloop_consensus and 5j91_CA:2773-2781_2636-2639_2625-2626:
#  Alignment score:  40.3
#  P-value:  2.510e-02
#  Query aligned region: 0-1,4-5
#  Target aligned region: 1:'CA'2775-2:'CA'2776,9:'CA'2637-11:'CA'2639

	GA...U-A
	GA...UGA

#  Matched base-pairing interactions: 
	<G(0:)-A(5:) trans S/H>                        MATCHES	<G(1:'CA'2775)-A(11:'CA'2639) trans S/H>
	<A(1:)-U(4:) trans H/W>                        MATCHES	<A(2:'CA'2776)-U(9:'CA'2637) trans H/W>
#  Matched base-stacking interactions: 

>>>>>>>>>>   ALIGNMENT ENDS   >>>>>>>>>>

<<<<<<<<<<  ALIGNMENT BEGINS  <<<<<<<<<<

#  Aligning Eloop_consensus and 5j91_CA:691-692_1375-1378_1351-1354:
#  Alignment score:  39.7
#  P-value:  2.604e-02
#  Query aligned region: 0-1,4-5
#  Target aligned region: 3:'CA'1377-4:'CA'1378,6:'CA'1352-8:'CA'1354

	GA...U-A
	GA...UAA

#  Matched base-pairing interactions: 
	<G(0:)-A(5:) trans S/H>                        MATCHES	<G(3:'CA'1377)-A(8:'CA'1354) trans S/H>
	<A(1:)-U(4:) trans H/W>                        MATCHES	<A(4:'CA'1378)-U(6:'CA'1352) trans H/W>
#  Matched base-stacking interactions: 

>>>>>>>>>>   ALIGNMENT ENDS   >>>>>>>>>>

<<<<<<<<<<  ALIGNMENT BEGINS  <<<<<<<<<<

#  Aligning Eloop_consensus and 5j91_CA:702-705_724-727:
#  Alignment score:  39
#  P-value:  2.721e-02
#  Query aligned region: 0-2,3-5
#  Target aligned region: 1:'CA'704-3:'CA'706,4:'CA'725-6:'CA'727

	GAG...GUA
	GAA...GGA

#  Matched base-pairing interactions: 
	<G(2:)-G(3:) trans H/S>                        MATCHES	<A(3:'CA'706)-G(4:'CA'725) trans H/S>
	<A(1:)-U(4:) trans H/W>                        MATCHES	<A(2:'CA'705)-G(5:'CA'726) trans H/S>
	<G(0:)-A(5:) trans S/H>                        MATCHES	<G(1:'CA'704)-A(6:'CA'727) trans S/H>
#  Matched base-stacking interactions: 

>>>>>>>>>>   ALIGNMENT ENDS   >>>>>>>>>>

<<<<<<<<<<  ALIGNMENT BEGINS  <<<<<<<<<<

#  Aligning Eloop_consensus and 5j91_CA:511-514_24-27:
#  Alignment score:  39
#  P-value:  2.721e-02
#  Query aligned region: 0-2,3-5
#  Target aligned region: 0:'CA'512-2:'CA'514,5:'CA'26-7:'CA'28

	GAG...GUA
	GAA...GGA

#  Matched base-pairing interactions: 
	<G(2:)-G(3:) trans H/S>                        MATCHES	<A(2:'CA'514)-G(5:'CA'26) trans H/S>
	<A(1:)-U(4:) trans H/W>                        MATCHES	<A(1:'CA'513)-G(6:'CA'27) trans H/S>
	<G(0:)-A(5:) trans S/H>                        MATCHES	<G(0:'CA'512)-A(7:'CA'28) trans S/H>
#  Matched base-stacking interactions: 

>>>>>>>>>>   ALIGNMENT ENDS   >>>>>>>>>>

<<<<<<<<<<  ALIGNMENT BEGINS  <<<<<<<<<<

#  Aligning Eloop_consensus and 5j91_CA:236-238_618-621_605-608:
#  Alignment score:  37.2
#  P-value:  3.060e-02
#  Query aligned region: 0-2,3-5
#  Target aligned region: 3:'CA'619-6:'CA'622,7:'CA'606-10:'CA'609

	G-AG...GU-A
	GGAG...UUAA

#  Matched base-pairing interactions: 
	<G(2:)-G(3:) trans H/S>                        MATCHES	<G(6:'CA'622)-U(7:'CA'606) cis W/W>
	<G(0:)-A(5:) trans S/H>                        MATCHES	<G(3:'CA'619)-A(10:'CA'609) trans S/H>
	<A(1:)-U(4:) trans H/W>                        MATCHES	<A(5:'CA'621)-U(8:'CA'607) trans H/W>
#  Matched base-stacking interactions: 

>>>>>>>>>>   ALIGNMENT ENDS   >>>>>>>>>>

<<<<<<<<<<  ALIGNMENT BEGINS  <<<<<<<<<<

#  Aligning Eloop_consensus and 5j91_CA:2743-2757:
#  Alignment score:  36.5
#  P-value:  3.209e-02
#  Query aligned region: 0-2,3-5
#  Target aligned region: 3:'CA'2747-13:'CA'2757

	GAG...GU--A
	GAA...AUCUA

#  Matched base-pairing interactions: 
	<G(2:)-G(3:) trans H/S>                        MATCHES	<A(5:'CA'2749)-A(9:'CA'2753) trans H/W>
	<G(0:)-A(5:) trans S/H>                        MATCHES	<G(3:'CA'2747)-A(13:'CA'2757) trans S/H>
	<A(1:)-U(4:) trans H/W>                        MATCHES	<A(4:'CA'2748)-U(10:'CA'2754) trans H/W>
#  Matched base-stacking interactions: 

>>>>>>>>>>   ALIGNMENT ENDS   >>>>>>>>>>

<<<<<<<<<<  ALIGNMENT BEGINS  <<<<<<<<<<

#  Aligning Eloop_consensus and 5j91_CA:732-735_759-760_697-698:
#  Alignment score:  34.8
#  P-value:  3.621e-02
#  Query aligned region: 0-2,3-5
#  Target aligned region: 0:'CA'733-2:'CA'735,5:'CA'761-5:'CA'761,6:'CA'698-7:'CA'699

	GAG...G~UA
	GAA...A~CA

#  Matched base-pairing interactions: 
	<G(2:)-G(3:) trans H/S>                        MATCHES	<A(2:'CA'735)-A(5:'CA'761) trans H/S>
	<A(1:)-U(4:) trans H/W>                        MATCHES	<A(1:'CA'734)-C(6:'CA'698) cis -/->
	<G(0:)-A(5:) trans S/H>                        MATCHES	<G(0:'CA'733)-A(7:'CA'699) trans S/H>
#  Matched base-stacking interactions: 

>>>>>>>>>>   ALIGNMENT ENDS   >>>>>>>>>>

<<<<<<<<<<  ALIGNMENT BEGINS  <<<<<<<<<<

#  Aligning Eloop_consensus and 5j91_CA:28-29_1208-1214_1233-1238:
#  Alignment score:  32.6
#  P-value:  4.281e-02
#  Query aligned region: 0-2,3-5
#  Target aligned region: 5:'CA'1212-7:'CA'1214,10:'CA'1235-12:'CA'1237

	GAG...GUA
	GAA...GGA

#  Matched base-pairing interactions: 
	<G(2:)-G(3:) trans H/S>                        MATCHES	<A(7:'CA'1214)-G(10:'CA'1235) trans H/S>
	<A(1:)-U(4:) trans H/W>                        MATCHES	<A(6:'CA'1213)-G(11:'CA'1236) trans H/S>
	<G(0:)-A(5:) trans S/H>                        MATCHES	<G(5:'CA'1212)-A(12:'CA'1237) trans S/H>
#  Matched base-stacking interactions: 

>>>>>>>>>>   ALIGNMENT ENDS   >>>>>>>>>>

<<<<<<<<<<  ALIGNMENT BEGINS  <<<<<<<<<<

#  Aligning Eloop_consensus and 5j91_CA:1569-1573_1423-1426:
#  Alignment score:  31.6
#  P-value:  4.643e-02
#  Query aligned region: 0-2,3-5
#  Target aligned region: 1:'CA'1571-3:'CA'1573,6:'CA'1425-8:'CA'1427

	GAG...GUA
	AAG...GGA

#  Matched base-pairing interactions: 
	<G(2:)-G(3:) trans H/S>                        MATCHES	<G(3:'CA'1573)-G(6:'CA'1425) trans H/S>
	<A(1:)-U(4:) trans H/W>                        MATCHES	<A(2:'CA'1572)-G(7:'CA'1426) trans H/S>
	<G(0:)-A(5:) trans S/H>                        MATCHES	<A(1:'CA'1571)-A(8:'CA'1427) trans H/H>
#  Matched base-stacking interactions: 

>>>>>>>>>>   ALIGNMENT ENDS   >>>>>>>>>>

<<<<<<<<<<  ALIGNMENT BEGINS  <<<<<<<<<<

#  Aligning Eloop_consensus and 5j91_CA:219-223_231-232_426-427:
#  Alignment score:  31.4
#  P-value:  4.721e-02
#  Query aligned region: 0-2,3-5
#  Target aligned region: 0:'CA'220-2:'CA'222,5:'CA'232-5:'CA'232,7:'CA'427-8:'CA'428

	GAG...G~UA
	GAA...G~UA

#  Matched base-pairing interactions: 
	<A(1:)-U(4:) trans H/W>                        MATCHES	<A(1:'CA'221)-U(7:'CA'427) trans H/W>
	<G(2:)-G(3:) trans H/S>                        MATCHES	<A(2:'CA'222)-G(5:'CA'232) trans H/S>
	<G(0:)-A(5:) trans S/H>                        MATCHES	<G(0:'CA'220)-A(8:'CA'428) trans W/H>
#  Matched base-stacking interactions: 

>>>>>>>>>>   ALIGNMENT ENDS   >>>>>>>>>>

<<<<<<<<<<  ALIGNMENT BEGINS  <<<<<<<<<<

#  Aligning Eloop_consensus and 5j91_CA:1630-1632_697-699_1633-1634:
#  Alignment score:  31.4
#  P-value:  4.721e-02
#  Query aligned region: 0-2,3-5
#  Target aligned region: 0:'CA'1631-2:'CA'1633,4:'CA'699-5:'CA'700,7:'CA'1635-7:'CA'1635

	GAG...GU~A
	GAG...AG~A

#  Matched base-pairing interactions: 
	<G(2:)-G(3:) trans H/S>                        MATCHES	<G(2:'CA'1633)-A(4:'CA'699) cis S/W>
	<G(0:)-A(5:) trans S/H>                        MATCHES	<G(0:'CA'1631)-A(7:'CA'1635) trans S/H>
	<A(1:)-U(4:) trans H/W>                        MATCHES	<A(1:'CA'1632)-G(5:'CA'700) cis -/->
#  Matched base-stacking interactions: 

>>>>>>>>>>   ALIGNMENT ENDS   >>>>>>>>>>

<<<<<<<<<<  ALIGNMENT BEGINS  <<<<<<<<<<

#  Aligning Eloop_consensus and 5j91_CA:1826-1827_1772-1775_1788-1791:
#  Alignment score:  31
#  P-value:  4.882e-02
#  Query aligned region: 0-2,3-5
#  Target aligned region: 1:'CA'1828-1:'CA'1828,3:'CA'1774-4:'CA'1775,6:'CA'1789-8:'CA'1791

	G~AG...GUA
	G~CU...ACA

#  Matched base-pairing interactions: 
	<G(2:)-G(3:) trans H/S>                        MATCHES	<U(4:'CA'1775)-A(6:'CA'1789) cis -/->
	<G(0:)-A(5:) trans S/H>                        MATCHES	<G(1:'CA'1828)-A(8:'CA'1791) trans S/H>
	<A(1:)-U(4:) trans H/W>                        MATCHES	<C(3:'CA'1774)-C(7:'CA'1790) cis -/->
#  Matched base-stacking interactions: 

>>>>>>>>>>   ALIGNMENT ENDS   >>>>>>>>>>

<<<<<<<<<<  ALIGNMENT BEGINS  <<<<<<<<<<

#  Aligning Eloop_consensus and 5j91_CA:2316-2321_2296-2298:
#  Alignment score:  31
#  P-value:  4.882e-02
#  Query aligned region: 0-2,3-5
#  Target aligned region: 1:'CA'2318-5:'CA'2322,6:'CA'2297-7:'CA'2298

	GAG...G~UA
	GGU...A~AA

#  Matched base-pairing interactions: 
	<G(2:)-G(3:) trans H/S>                        MATCHES	<U(3:'CA'2320)-A(5:'CA'2322) cis -/->
	<A(1:)-U(4:) trans H/W>                        MATCHES	<G(2:'CA'2319)-A(6:'CA'2297) trans S/H>
	<G(0:)-A(5:) trans S/H>                        MATCHES	<G(1:'CA'2318)-A(7:'CA'2298) trans S/H>
#  Matched base-stacking interactions: 

>>>>>>>>>>   ALIGNMENT ENDS   >>>>>>>>>>

<<<<<<<<<<  ALIGNMENT BEGINS  <<<<<<<<<<

#  Aligning Eloop_consensus and 5j91_CA:876-879_896-899:
#  Alignment score:  30.6
#  P-value:  5.052e-02
#  Query aligned region: 0-2,3-5
#  Target aligned region: 0:'CA'877-2:'CA'879,5:'CA'898-7:'CA'900

	GAG...GUA
	AAG...CAA

#  Matched base-pairing interactions: 
	<G(2:)-G(3:) trans H/S>                        MATCHES	<G(2:'CA'879)-C(5:'CA'898) cis W/W>
	<A(1:)-U(4:) trans H/W>                        MATCHES	<A(1:'CA'878)-A(6:'CA'899) cis -/->
	<G(0:)-A(5:) trans S/H>                        MATCHES	<A(0:'CA'877)-A(7:'CA'900) trans S/H>
#  Matched base-stacking interactions: 

>>>>>>>>>>   ALIGNMENT ENDS   >>>>>>>>>>

<<<<<<<<<<  ALIGNMENT BEGINS  <<<<<<<<<<

#  Aligning Eloop_consensus and 5j91_CA:1261-1266_2013-2016:
#  Alignment score:  30.4
#  P-value:  5.141e-02
#  Query aligned region: 0-2,3-5
#  Target aligned region: 2:'CA'1264-5:'CA'1267,6:'CA'2014-7:'CA'2015

	GAG...G~UA
	AAG...U~AA

#  Matched base-pairing interactions: 
	<G(2:)-G(3:) trans H/S>                        MATCHES	<G(4:'CA'1266)-U(5:'CA'1267) cis S/H>
	<A(1:)-U(4:) trans H/W>                        MATCHES	<A(3:'CA'1265)-A(6:'CA'2014) trans H/H>
	<G(0:)-A(5:) trans S/H>                        MATCHES	<A(2:'CA'1264)-A(7:'CA'2015) trans S/H>
#  Matched base-stacking interactions: 

>>>>>>>>>>   ALIGNMENT ENDS   >>>>>>>>>>

<<<<<<<<<<  ALIGNMENT BEGINS  <<<<<<<<<<

#  Aligning Eloop_consensus and 5j91_CA:579-580_511-515_23-26:
#  Alignment score:  30.3
#  P-value:  5.186e-02
#  Query aligned region: 0-2,3-5
#  Target aligned region: 4:'CA'514-6:'CA'516,7:'CA'24-9:'CA'26

	GAG...GUA
	AAC...GUG

#  Matched base-pairing interactions: 
	<G(2:)-G(3:) trans H/S>                        MATCHES	<C(6:'CA'516)-G(7:'CA'24) cis W/W>
	<A(1:)-U(4:) trans H/W>                        MATCHES	<A(5:'CA'515)-U(8:'CA'25) trans H/W>
	<G(0:)-A(5:) trans S/H>                        MATCHES	<A(4:'CA'514)-G(9:'CA'26) trans H/S>
#  Matched base-stacking interactions: 

>>>>>>>>>>   ALIGNMENT ENDS   >>>>>>>>>>

<<<<<<<<<<  ALIGNMENT BEGINS  <<<<<<<<<<

#  Aligning Eloop_consensus and 5j91_CA:2349-2352_2363-2366_644-646:
#  Alignment score:  30
#  P-value:  5.325e-02
#  Query aligned region: 0-2,3-5
#  Target aligned region: 1:'CA'2351-3:'CA'2353,4:'CA'2364-6:'CA'2366

	GAG...GUA
	GAG...CGA

#  Matched base-pairing interactions: 
	<G(2:)-G(3:) trans H/S>                        MATCHES	<G(3:'CA'2353)-C(4:'CA'2364) cis W/W>
	<A(1:)-U(4:) trans H/W>                        MATCHES	<A(2:'CA'2352)-G(5:'CA'2365) trans H/S>
	<G(0:)-A(5:) trans S/H>                        MATCHES	<G(1:'CA'2351)-A(6:'CA'2366) trans S/H>
#  Matched base-stacking interactions: 

>>>>>>>>>>   ALIGNMENT ENDS   >>>>>>>>>>

<<<<<<<<<<  ALIGNMENT BEGINS  <<<<<<<<<<

#  Aligning Eloop_consensus and 5j91_CA:554-558_534-537:
#  Alignment score:  30
#  P-value:  5.325e-02
#  Query aligned region: 0-2,3-5
#  Target aligned region: 0:'CA'555-2:'CA'557,6:'CA'536-8:'CA'538

	GAG...GUA
	GAC...GGA

#  Matched base-pairing interactions: 
	<G(2:)-G(3:) trans H/S>                        MATCHES	<C(2:'CA'557)-G(6:'CA'536) cis W/W>
	<A(1:)-U(4:) trans H/W>                        MATCHES	<A(1:'CA'556)-G(7:'CA'537) trans H/S>
	<G(0:)-A(5:) trans S/H>                        MATCHES	<G(0:'CA'555)-A(8:'CA'538) trans S/H>
#  Matched base-stacking interactions: 

>>>>>>>>>>   ALIGNMENT ENDS   >>>>>>>>>>

<<<<<<<<<<  ALIGNMENT BEGINS  <<<<<<<<<<

#  Aligning Eloop_consensus and 5j91_CA:238-242_255-257:
#  Alignment score:  30
#  P-value:  5.325e-02
#  Query aligned region: 0-2,3-5
#  Target aligned region: 1:'CA'240-4:'CA'243,5:'CA'256-6:'CA'257

	GAG...G~UA
	CAG...U~AC

#  Matched base-pairing interactions: 
	<G(2:)-G(3:) trans H/S>                        MATCHES	<G(3:'CA'242)-U(4:'CA'243) cis S/H>
	<A(1:)-U(4:) trans H/W>                        MATCHES	<A(2:'CA'241)-A(5:'CA'256) trans H/H>
	<G(0:)-A(5:) trans S/H>                        MATCHES	<C(1:'CA'240)-C(6:'CA'257) trans S/H>
#  Matched base-stacking interactions: 

>>>>>>>>>>   ALIGNMENT ENDS   >>>>>>>>>>

<<<<<<<<<<  ALIGNMENT BEGINS  <<<<<<<<<<

#  Aligning Eloop_consensus and 5j91_CA:2479-2482_2466-2469:
#  Alignment score:  29.6
#  P-value:  5.518e-02
#  Query aligned region: 0-2,3-5
#  Target aligned region: 1:'CA'2481-3:'CA'2483,4:'CA'2467-6:'CA'2469

	GAG...GUA
	GAC...CAA

#  Matched base-pairing interactions: 
	<G(2:)-G(3:) trans H/S>                        MATCHES	<C(3:'CA'2483)-C(4:'CA'2467) cis W/W>
	<A(1:)-U(4:) trans H/W>                        MATCHES	<A(2:'CA'2482)-A(5:'CA'2468) trans H/S>
	<G(0:)-A(5:) trans S/H>                        MATCHES	<G(1:'CA'2481)-A(6:'CA'2469) trans S/H>
#  Matched base-stacking interactions: 

>>>>>>>>>>   ALIGNMENT ENDS   >>>>>>>>>>

<<<<<<<<<<  ALIGNMENT BEGINS  <<<<<<<<<<

#  Aligning Eloop_consensus and 5j91_CA:1882-1885_1855-1858:
#  Alignment score:  29.6
#  P-value:  5.518e-02
#  Query aligned region: 0-2,3-5
#  Target aligned region: 1:'CA'1884-3:'CA'1886,4:'CA'1856-6:'CA'1858

	GAG...GUA
	GAU...UGA

#  Matched base-pairing interactions: 
	<G(2:)-G(3:) trans H/S>                        MATCHES	<U(3:'CA'1886)-U(4:'CA'1856) cis W/W>
	<A(1:)-U(4:) trans H/W>                        MATCHES	<A(2:'CA'1885)-G(5:'CA'1857) trans H/S>
	<G(0:)-A(5:) trans S/H>                        MATCHES	<G(1:'CA'1884)-A(6:'CA'1858) trans S/H>
#  Matched base-stacking interactions: 

>>>>>>>>>>   ALIGNMENT ENDS   >>>>>>>>>>

<<<<<<<<<<  ALIGNMENT BEGINS  <<<<<<<<<<

#  Aligning Eloop_consensus and 5j91_CA:297-298_321-324_336-339:
#  Alignment score:  29.3
#  P-value:  5.671e-02
#  Query aligned region: 0-2,3-5
#  Target aligned region: 0:'CA'298-0:'CA'298,2:'CA'322-4:'CA'324,7:'CA'338-9:'CA'340

	G~A-G...GUA
	G~ACA...GUA

#  Matched base-pairing interactions: 
	<G(0:)-A(5:) trans S/H>                        MATCHES	<G(0:'CA'298)-A(9:'CA'340) trans S/H>
	<A(1:)-U(4:) trans H/W>                        MATCHES	<A(2:'CA'322)-U(8:'CA'339) cis S/W>
	<G(2:)-G(3:) trans H/S>                        MATCHES	<A(4:'CA'324)-G(7:'CA'338) trans H/S>
#  Matched base-stacking interactions: 

>>>>>>>>>>   ALIGNMENT ENDS   >>>>>>>>>>

<<<<<<<<<<  ALIGNMENT BEGINS  <<<<<<<<<<

#  Aligning Eloop_consensus and 5j91_CA:710-720:
#  Alignment score:  29
#  P-value:  5.830e-02
#  Query aligned region: 0-1,4-5
#  Target aligned region: 2:'CA'713-7:'CA'718

	GA...UA
	GU...CA

#  Matched base-pairing interactions: 
	<A(1:)-U(4:) trans H/W>                        MATCHES	<U(3:'CA'714)-C(6:'CA'717) cis -/->
	<G(0:)-A(5:) trans S/H>                        MATCHES	<G(2:'CA'713)-A(7:'CA'718) trans S/H>
#  Matched base-stacking interactions: 

>>>>>>>>>>   ALIGNMENT ENDS   >>>>>>>>>>

<<<<<<<<<<  ALIGNMENT BEGINS  <<<<<<<<<<

#  Aligning Eloop_consensus and 5j91_CA:986-989_1185-1187_970-975:
#  Alignment score:  28.8
#  P-value:  5.939e-02
#  Query aligned region: 0-2,3-5
#  Target aligned region: 2:'CA'989-3:'CA'990,4:'CA'1186-4:'CA'1186,9:'CA'973-11:'CA'975

	GA~G...GUA
	GA~G...AGA

#  Matched base-pairing interactions: 
	<G(2:)-G(3:) trans H/S>                        MATCHES	<G(4:'CA'1186)-A(9:'CA'973) cis -/->
	<A(1:)-U(4:) trans H/W>                        MATCHES	<A(3:'CA'990)-G(10:'CA'974) trans H/S>
	<G(0:)-A(5:) trans S/H>                        MATCHES	<G(2:'CA'989)-A(11:'CA'975) trans S/H>
#  Matched base-stacking interactions: 

>>>>>>>>>>   ALIGNMENT ENDS   >>>>>>>>>>

<<<<<<<<<<  ALIGNMENT BEGINS  <<<<<<<<<<

#  Aligning Eloop_consensus and 5j91_CA:1812-1814_2200-2202_1796-1803:
#  Alignment score:  28.6
#  P-value:  6.052e-02
#  Query aligned region: 0-2,3-5
#  Target aligned region: 1:'CA'1814-2:'CA'1815,3:'CA'2201-3:'CA'2201,10:'CA'1801-12:'CA'1803

	GA~G...GUA
	GA~G...AAA

#  Matched base-pairing interactions: 
	<G(2:)-G(3:) trans H/S>                        MATCHES	<G(3:'CA'2201)-A(10:'CA'1801) cis -/->
	<A(1:)-U(4:) trans H/W>                        MATCHES	<A(2:'CA'1815)-A(11:'CA'1802) trans H/H>
	<G(0:)-A(5:) trans S/H>                        MATCHES	<G(1:'CA'1814)-A(12:'CA'1803) trans S/H>
#  Matched base-stacking interactions: 

>>>>>>>>>>   ALIGNMENT ENDS   >>>>>>>>>>

<<<<<<<<<<  ALIGNMENT BEGINS  <<<<<<<<<<

#  Aligning Eloop_consensus and 5j91_CA:1519-1523_1467-1470_1401-1402:
#  Alignment score:  28.6
#  P-value:  6.052e-02
#  Query aligned region: 0-1,4-5
#  Target aligned region: 1:'CA'1521-2:'CA'1522,6:'CA'1469-7:'CA'1470

	GA...UA
	GA...AA

#  Matched base-pairing interactions: 
	<A(1:)-U(4:) trans H/W>                        MATCHES	<A(2:'CA'1522)-A(6:'CA'1469) cis -/->
	<G(0:)-A(5:) trans S/H>                        MATCHES	<G(1:'CA'1521)-A(7:'CA'1470) trans S/H>
#  Matched base-stacking interactions: 

>>>>>>>>>>   ALIGNMENT ENDS   >>>>>>>>>>

<<<<<<<<<<  ALIGNMENT BEGINS  <<<<<<<<<<

#  Aligning Eloop_consensus and 5j91_CA:1696-1700_1686-1689:
#  Alignment score:  28.6
#  P-value:  6.052e-02
#  Query aligned region: 0-2,3-5
#  Target aligned region: 0:'CA'1697-4:'CA'1701,5:'CA'1687-8:'CA'1690

	GA--G...G-UA
	GAGAA...GUAA

#  Matched base-pairing interactions: 
	<A(1:)-U(4:) trans H/W>                        MATCHES	<A(1:'CA'1698)-A(7:'CA'1689) trans H/H>
	<G(2:)-G(3:) trans H/S>                        MATCHES	<A(4:'CA'1701)-G(5:'CA'1687) trans H/S>
	<G(0:)-A(5:) trans S/H>                        MATCHES	<G(0:'CA'1697)-A(8:'CA'1690) trans S/H>
#  Matched base-stacking interactions: 

>>>>>>>>>>   ALIGNMENT ENDS   >>>>>>>>>>

<<<<<<<<<<  ALIGNMENT BEGINS  <<<<<<<<<<

#  Aligning Eloop_consensus and 5j91_CA:1392-1397_1384-1385_1388-1390:
#  Alignment score:  28.2
#  P-value:  6.288e-02
#  Query aligned region: 0-2,3-5
#  Target aligned region: 1:'CA'1394-3:'CA'1396,6:'CA'1385-6:'CA'1385,9:'CA'1390-10:'CA'1391

	GAG...G~UA
	UAU...A~UU

#  Matched base-pairing interactions: 
	<A(1:)-U(4:) trans H/W>                        MATCHES	<A(2:'CA'1395)-U(9:'CA'1390) trans H/W>
	<G(2:)-G(3:) trans H/S>                        MATCHES	<U(3:'CA'1396)-A(6:'CA'1385) trans S/S>
	<G(0:)-A(5:) trans S/H>                        MATCHES	<U(1:'CA'1394)-U(10:'CA'1391) cis -/->
#  Matched base-stacking interactions: 

>>>>>>>>>>   ALIGNMENT ENDS   >>>>>>>>>>

<<<<<<<<<<  ALIGNMENT BEGINS  <<<<<<<<<<

#  Aligning Eloop_consensus and 5j91_CA:2440-2443_2429-2433_2066-2069:
#  Alignment score:  28
#  P-value:  6.410e-02
#  Query aligned region: 1-2,3-4
#  Target aligned region: 4:'CA'2430-8:'CA'2434,10:'CA'2068-10:'CA'2068

	AG...G~U
	AU...A~U

#  Matched base-pairing interactions: 
	<A(1:)-U(4:) trans H/W>                        MATCHES	<A(4:'CA'2430)-U(10:'CA'2068) trans H/W>
	<G(2:)-G(3:) trans H/S>                        MATCHES	<U(5:'CA'2431)-A(8:'CA'2434) cis -/->
#  Matched base-stacking interactions: 

>>>>>>>>>>   ALIGNMENT ENDS   >>>>>>>>>>

<<<<<<<<<<  ALIGNMENT BEGINS  <<<<<<<<<<

#  Aligning Eloop_consensus and 5j91_CA:1541-1544_1445-1446_1526-1528:
#  Alignment score:  27.8
#  P-value:  6.537e-02
#  Query aligned region: 0-2,3-5
#  Target aligned region: 1:'CA'1543-3:'CA'1545,4:'CA'1446-5:'CA'1447,7:'CA'1528-7:'CA'1528

	GAG...GU~A
	GAA...CC~A

#  Matched base-pairing interactions: 
	<G(2:)-G(3:) trans H/S>                        MATCHES	<A(3:'CA'1545)-C(4:'CA'1446) cis S/S>
	<G(0:)-A(5:) trans S/H>                        MATCHES	<G(1:'CA'1543)-A(7:'CA'1528) trans S/H>
	<A(1:)-U(4:) trans H/W>                        MATCHES	<A(2:'CA'1544)-C(5:'CA'1447) cis -/->
#  Matched base-stacking interactions: 

>>>>>>>>>>   ALIGNMENT ENDS   >>>>>>>>>>

<<<<<<<<<<  ALIGNMENT BEGINS  <<<<<<<<<<

#  Aligning Eloop_consensus and 5j91_CA:2605-2607_1781-1784_2585-2587:
#  Alignment score:  27.6
#  P-value:  6.667e-02
#  Query aligned region: 0-1,4-5
#  Target aligned region: 2:'CA'2608-2:'CA'2608,3:'CA'1782-3:'CA'1782,7:'CA'2586-8:'CA'2587

	G~A...UA
	G~U...UA

#  Matched base-pairing interactions: 
	<A(1:)-U(4:) trans H/W>                        MATCHES	<U(3:'CA'1782)-U(7:'CA'2586) trans W/W>
	<G(0:)-A(5:) trans S/H>                        MATCHES	<G(2:'CA'2608)-A(8:'CA'2587) trans S/H>
#  Matched base-stacking interactions: 

>>>>>>>>>>   ALIGNMENT ENDS   >>>>>>>>>>

<<<<<<<<<<  ALIGNMENT BEGINS  <<<<<<<<<<

#  Aligning Eloop_consensus and 5j91_CA:1685-1687_1697-1701:
#  Alignment score:  27.6
#  P-value:  6.667e-02
#  Query aligned region: 0-1,4-5
#  Target aligned region: 1:'CA'1687-2:'CA'1688,5:'CA'1700-6:'CA'1701

	GA...UA
	GU...AA

#  Matched base-pairing interactions: 
	<A(1:)-U(4:) trans H/W>                        MATCHES	<U(2:'CA'1688)-A(5:'CA'1700) cis -/->
	<G(0:)-A(5:) trans S/H>                        MATCHES	<G(1:'CA'1687)-A(6:'CA'1701) trans S/H>
#  Matched base-stacking interactions: 

>>>>>>>>>>   ALIGNMENT ENDS   >>>>>>>>>>

<<<<<<<<<<  ALIGNMENT BEGINS  <<<<<<<<<<

#  Aligning Eloop_consensus and 5j91_CA:1123-1125_1026-1029:
#  Alignment score:  27.6
#  P-value:  6.667e-02
#  Query aligned region: 0-1,4-5
#  Target aligned region: 1:'CA'1125-2:'CA'1126,4:'CA'1028-5:'CA'1029

	GA...UA
	GA...AA

#  Matched base-pairing interactions: 
	<A(1:)-U(4:) trans H/W>                        MATCHES	<A(2:'CA'1126)-A(4:'CA'1028) trans H/H>
	<G(0:)-A(5:) trans S/H>                        MATCHES	<G(1:'CA'1125)-A(5:'CA'1029) trans S/H>
#  Matched base-stacking interactions: 

>>>>>>>>>>   ALIGNMENT ENDS   >>>>>>>>>>

<<<<<<<<<<  ALIGNMENT BEGINS  <<<<<<<<<<

#  Aligning Eloop_consensus and 5j91_CA:971-972_834-836_818-821:
#  Alignment score:  27.6
#  P-value:  6.667e-02
#  Query aligned region: 0-2,3-5
#  Target aligned region: 0:'CA'972-1:'CA'973,4:'CA'837-4:'CA'837,5:'CA'819-7:'CA'821

	GA~G...GUA
	AA~C...AAA

#  Matched base-pairing interactions: 
	<A(1:)-U(4:) trans H/W>                        MATCHES	<A(1:'CA'973)-A(6:'CA'820) trans H/H>
	<G(2:)-G(3:) trans H/S>                        MATCHES	<C(4:'CA'837)-A(5:'CA'819) cis S/S>
	<G(0:)-A(5:) trans S/H>                        MATCHES	<A(0:'CA'972)-A(7:'CA'821) trans S/H>
#  Matched base-stacking interactions: 

>>>>>>>>>>   ALIGNMENT ENDS   >>>>>>>>>>

<<<<<<<<<<  ALIGNMENT BEGINS  <<<<<<<<<<

#  Aligning Eloop_consensus and 5j91_CA:2564-2566_2544-2546_2560-2563:
#  Alignment score:  27.4
#  P-value:  6.801e-02
#  Query aligned region: 0-2,3-5
#  Target aligned region: 0:'CA'2565-2:'CA'2567,4:'CA'2546-4:'CA'2546,7:'CA'2562-8:'CA'2563

	GAG...G~UA
	AAG...U~UU

#  Matched base-pairing interactions: 
	<A(1:)-U(4:) trans H/W>                        MATCHES	<A(1:'CA'2566)-U(7:'CA'2562) trans H/W>
	<G(2:)-G(3:) trans H/S>                        MATCHES	<G(2:'CA'2567)-U(4:'CA'2546) cis H/W>
	<G(0:)-A(5:) trans S/H>                        MATCHES	<A(0:'CA'2565)-U(8:'CA'2563) cis -/->
#  Matched base-stacking interactions: 

>>>>>>>>>>   ALIGNMENT ENDS   >>>>>>>>>>

<<<<<<<<<<  ALIGNMENT BEGINS  <<<<<<<<<<

#  Aligning Eloop_consensus and 5j91_CA:221-226_407-409_228-230:
#  Alignment score:  27
#  P-value:  7.082e-02
#  Query aligned region: 0-1,4-5
#  Target aligned region: 4:'CA'226-5:'CA'227,8:'CA'410-8:'CA'410,9:'CA'229-9:'CA'229

	GA...U~A
	AA...G~C

#  Matched base-pairing interactions: 
	<A(1:)-U(4:) trans H/W>                        MATCHES	<A(5:'CA'227)-G(8:'CA'410) trans W/S>
	<G(0:)-A(5:) trans S/H>                        MATCHES	<A(4:'CA'226)-C(9:'CA'229) trans S/H>
#  Matched base-stacking interactions: 

>>>>>>>>>>   ALIGNMENT ENDS   >>>>>>>>>>

<<<<<<<<<<  ALIGNMENT BEGINS  <<<<<<<<<<

#  Aligning Eloop_consensus and 5j91_CA:584-586_807-809_1250-1253:
#  Alignment score:  26.9
#  P-value:  7.155e-02
#  Query aligned region: 0-2,3-5
#  Target aligned region: 0:'CA'585-2:'CA'587,5:'CA'810-5:'CA'810,6:'CA'1251-9:'CA'1254

	GAG...G~U--A
	GAC...U~CGAA

#  Matched base-pairing interactions: 
	<G(2:)-G(3:) trans H/S>                        MATCHES	<C(2:'CA'587)-U(5:'CA'810) cis H/W>
	<G(0:)-A(5:) trans S/H>                        MATCHES	<G(0:'CA'585)-A(9:'CA'1254) trans S/H>
	<A(1:)-U(4:) trans H/W>                        MATCHES	<A(1:'CA'586)-C(6:'CA'1251) trans H/W>
#  Matched base-stacking interactions: 

>>>>>>>>>>   ALIGNMENT ENDS   >>>>>>>>>>

<<<<<<<<<<  ALIGNMENT BEGINS  <<<<<<<<<<

#  Aligning Eloop_consensus and 5j91_CA:2029-2036_571-573_2026-2028:
#  Alignment score:  26.4
#  P-value:  7.538e-02
#  Query aligned region: 1-2,3-4
#  Target aligned region: 3:'CA'2033-4:'CA'2034,10:'CA'574-10:'CA'574,12:'CA'2028-12:'CA'2028

	AG...G~U
	AU...A~U

#  Matched base-pairing interactions: 
	<A(1:)-U(4:) trans H/W>                        MATCHES	<A(3:'CA'2033)-U(12:'CA'2028) trans H/W>
	<G(2:)-G(3:) trans H/S>                        MATCHES	<U(4:'CA'2034)-A(10:'CA'574) cis -/->
#  Matched base-stacking interactions: 

>>>>>>>>>>   ALIGNMENT ENDS   >>>>>>>>>>

<<<<<<<<<<  ALIGNMENT BEGINS  <<<<<<<<<<

#  Aligning Eloop_consensus and 5j91_CA:190-191_674-677_798-803:
#  Alignment score:  26.4
#  P-value:  7.538e-02
#  Query aligned region: 1-2,3-4
#  Target aligned region: 2:'CA'675-3:'CA'676,9:'CA'802-10:'CA'803

	AG...GU
	AA...AU

#  Matched base-pairing interactions: 
	<G(2:)-G(3:) trans H/S>                        MATCHES	<A(3:'CA'676)-A(9:'CA'802) trans H/W>
	<A(1:)-U(4:) trans H/W>                        MATCHES	<A(2:'CA'675)-U(10:'CA'803) trans H/W>
#  Matched base-stacking interactions: 

>>>>>>>>>>   ALIGNMENT ENDS   >>>>>>>>>>

<<<<<<<<<<  ALIGNMENT BEGINS  <<<<<<<<<<

#  Aligning Eloop_consensus and 5j91_CA:2404-2409_411-415_2410-2411:
#  Alignment score:  26.4
#  P-value:  7.538e-02
#  Query aligned region: 0-1,4-5
#  Target aligned region: 0:'CA'2405-0:'CA'2405,6:'CA'412-6:'CA'412,11:'CA'2411-12:'CA'2412

	G~A...UA
	G~A...AA

#  Matched base-pairing interactions: 
	<G(0:)-A(5:) trans S/H>                        MATCHES	<G(0:'CA'2405)-A(12:'CA'2412) trans S/H>
	<A(1:)-U(4:) trans H/W>                        MATCHES	<A(6:'CA'412)-A(11:'CA'2411) trans H/S>
#  Matched base-stacking interactions: 

>>>>>>>>>>   ALIGNMENT ENDS   >>>>>>>>>>

<<<<<<<<<<  ALIGNMENT BEGINS  <<<<<<<<<<

#  Aligning Eloop_consensus and 5j91_CA:308-311_327-331_304-307:
#  Alignment score:  26.2
#  P-value:  7.699e-02
#  Query aligned region: 0-2,3-5
#  Target aligned region: 0:'CA'309-1:'CA'310,6:'CA'330-7:'CA'331,10:'CA'306-11:'CA'307

	GA~G...G~UA
	AA~A...C~UG

#  Matched base-pairing interactions: 
	<A(1:)-U(4:) trans H/W>                        MATCHES	<A(1:'CA'310)-U(10:'CA'306) trans H/W>
	<G(2:)-G(3:) trans H/S>                        MATCHES	<A(6:'CA'330)-C(7:'CA'331) cis S/H>
	<G(0:)-A(5:) trans S/H>                        MATCHES	<A(0:'CA'309)-G(11:'CA'307) cis -/->
#  Matched base-stacking interactions: 

>>>>>>>>>>   ALIGNMENT ENDS   >>>>>>>>>>

<<<<<<<<<<  ALIGNMENT BEGINS  <<<<<<<<<<

#  Aligning Eloop_consensus and 5j91_CA:613-619_259-260_607-612:
#  Alignment score:  26.2
#  P-value:  7.699e-02
#  Query aligned region: 0-1,4-5
#  Target aligned region: 5:'CA'619-5:'CA'619,7:'CA'260-7:'CA'260,9:'CA'608-10:'CA'609

	G~A...UA
	G~G...AA

#  Matched base-pairing interactions: 
	<G(0:)-A(5:) trans S/H>                        MATCHES	<G(5:'CA'619)-A(10:'CA'609) trans S/H>
	<A(1:)-U(4:) trans H/W>                        MATCHES	<G(7:'CA'260)-A(9:'CA'608) cis -/->
#  Matched base-stacking interactions: 

>>>>>>>>>>   ALIGNMENT ENDS   >>>>>>>>>>

<<<<<<<<<<  ALIGNMENT BEGINS  <<<<<<<<<<

#  Aligning Eloop_consensus and 5j91_CA:8-9_2893-2894_2628-2629:
#  Alignment score:  25.8
#  P-value:  8.038e-02
#  Query aligned region: 1-2,3-4
#  Target aligned region: 1:'CA'10-1:'CA'10,2:'CA'2894-3:'CA'2895,4:'CA'2629-4:'CA'2629

	A~G...G~U
	A~G...G~U

#  Matched base-pairing interactions: 
	<G(2:)-G(3:) trans H/S>                        MATCHES	<G(2:'CA'2894)-G(3:'CA'2895) cis S/H>
	<A(1:)-U(4:) trans H/W>                        MATCHES	<A(1:'CA'10)-U(4:'CA'2629) trans H/W>
#  Matched base-stacking interactions: 

>>>>>>>>>>   ALIGNMENT ENDS   >>>>>>>>>>

<<<<<<<<<<  ALIGNMENT BEGINS  <<<<<<<<<<

#  Aligning Eloop_consensus and 5j91_CA:2760-2762_2523-2524_2739-2743:
#  Alignment score:  25.6
#  P-value:  8.216e-02
#  Query aligned region: 0-1,4-5
#  Target aligned region: 2:'CA'2763-2:'CA'2763,3:'CA'2524-3:'CA'2524,5:'CA'2740-6:'CA'2741

	G~A...UA
	G~G...AA

#  Matched base-pairing interactions: 
	<A(1:)-U(4:) trans H/W>                        MATCHES	<G(3:'CA'2524)-A(5:'CA'2740) trans S/W>
	<G(0:)-A(5:) trans S/H>                        MATCHES	<G(2:'CA'2763)-A(6:'CA'2741) trans S/H>
#  Matched base-stacking interactions: 

>>>>>>>>>>   ALIGNMENT ENDS   >>>>>>>>>>

<<<<<<<<<<  ALIGNMENT BEGINS  <<<<<<<<<<

#  Aligning Eloop_consensus and 5j91_CA:527-528_2022-2023_2039-2041:
#  Alignment score:  25.4
#  P-value:  8.400e-02
#  Query aligned region: 1-2,3-4
#  Target aligned region: 1:'CA'529-1:'CA'529,2:'CA'2023-2:'CA'2023,4:'CA'2040-5:'CA'2041

	A~G...GU
	A~C...GU

#  Matched base-pairing interactions: 
	<G(2:)-G(3:) trans H/S>                        MATCHES	<C(2:'CA'2023)-G(4:'CA'2040) cis W/W>
	<A(1:)-U(4:) trans H/W>                        MATCHES	<A(1:'CA'529)-U(5:'CA'2041) trans H/W>
#  Matched base-stacking interactions: 

>>>>>>>>>>   ALIGNMENT ENDS   >>>>>>>>>>

<<<<<<<<<<  ALIGNMENT BEGINS  <<<<<<<<<<

#  Aligning Eloop_consensus and 5j91_CA:1053-1056_1084-1086_1101-1105:
#  Alignment score:  25.4
#  P-value:  8.400e-02
#  Query aligned region: 0-1,4-5
#  Target aligned region: 2:'CA'1056-2:'CA'1056,6:'CA'1087-6:'CA'1087,7:'CA'1102-8:'CA'1103

	G~A...UA
	G~G...CA

#  Matched base-pairing interactions: 
	<G(0:)-A(5:) trans S/H>                        MATCHES	<G(2:'CA'1056)-A(8:'CA'1103) trans S/H>
	<A(1:)-U(4:) trans H/W>                        MATCHES	<G(6:'CA'1087)-C(7:'CA'1102) cis W/W>
#  Matched base-stacking interactions: 

>>>>>>>>>>   ALIGNMENT ENDS   >>>>>>>>>>

<<<<<<<<<<  ALIGNMENT BEGINS  <<<<<<<<<<

#  Aligning Eloop_consensus and 5j91_CA:2593-2595_2072-2074_2596-2598:
#  Alignment score:  25.2
#  P-value:  8.590e-02
#  Query aligned region: 0-1,4-5
#  Target aligned region: 1:'CA'2595-2:'CA'2596,5:'CA'2075-5:'CA'2075,7:'CA'2598-7:'CA'2598

	GA...U~A
	GU...U~A

#  Matched base-pairing interactions: 
	<G(0:)-A(5:) trans S/H>                        MATCHES	<G(1:'CA'2595)-A(7:'CA'2598) trans S/H>
	<A(1:)-U(4:) trans H/W>                        MATCHES	<U(2:'CA'2596)-U(5:'CA'2075) cis -/->
#  Matched base-stacking interactions: 

>>>>>>>>>>   ALIGNMENT ENDS   >>>>>>>>>>

<<<<<<<<<<  ALIGNMENT BEGINS  <<<<<<<<<<

#  Aligning Eloop_consensus and 5j91_CA:241-247_383-385_248-254:
#  Alignment score:  25.2
#  P-value:  8.590e-02
#  Query aligned region: 0-1,4-5
#  Target aligned region: 5:'CA'247-5:'CA'247,8:'CA'385-9:'CA'386,12:'CA'251-12:'CA'251

	G~A...U~A
	G~C...G~A

#  Matched base-pairing interactions: 
	<G(0:)-A(5:) trans S/H>                        MATCHES	<G(5:'CA'247)-A(12:'CA'251) trans S/H>
	<A(1:)-U(4:) trans H/W>                        MATCHES	<C(8:'CA'385)-G(9:'CA'386) cis S/H>
#  Matched base-stacking interactions: 

>>>>>>>>>>   ALIGNMENT ENDS   >>>>>>>>>>

<<<<<<<<<<  ALIGNMENT BEGINS  <<<<<<<<<<

#  Aligning Eloop_consensus and 5j91_CA:113-118_123-126_51-55:
#  Alignment score:  25.2
#  P-value:  8.590e-02
#  Query aligned region: 0-1,4-5
#  Target aligned region: 3:'CA'117-3:'CA'117,6:'CA'124-8:'CA'126,11:'CA'53-11:'CA'53

	G~A...U~A
	G~G...A~A

#  Matched base-pairing interactions: 
	<G(0:)-A(5:) trans S/H>                        MATCHES	<G(3:'CA'117)-A(11:'CA'53) trans S/H>
	<A(1:)-U(4:) trans H/W>                        MATCHES	<G(6:'CA'124)-A(8:'CA'126) cis -/->
#  Matched base-stacking interactions: 

>>>>>>>>>>   ALIGNMENT ENDS   >>>>>>>>>>

<<<<<<<<<<  ALIGNMENT BEGINS  <<<<<<<<<<

#  Aligning Eloop_consensus and 5j91_CA:460-463_681-683_464-467:
#  Alignment score:  25
#  P-value:  8.787e-02
#  Query aligned region: 0-1,4-5
#  Target aligned region: 2:'CA'463-2:'CA'463,5:'CA'683-5:'CA'683,7:'CA'465-8:'CA'466

	G~A...UA
	G~U...GA

#  Matched base-pairing interactions: 
	<G(0:)-A(5:) trans S/H>                        MATCHES	<G(2:'CA'463)-A(8:'CA'466) trans S/H>
	<A(1:)-U(4:) trans H/W>                        MATCHES	<U(5:'CA'683)-G(7:'CA'465) cis -/->
#  Matched base-stacking interactions: 

>>>>>>>>>>   ALIGNMENT ENDS   >>>>>>>>>>

<<<<<<<<<<  ALIGNMENT BEGINS  <<<<<<<<<<

#  Aligning Eloop_consensus and 5j91_CA:229-231_418-421_221-224:
#  Alignment score:  25
#  P-value:  8.787e-02
#  Query aligned region: 0-1,4-5
#  Target aligned region: 2:'CA'232-2:'CA'232,5:'CA'421-6:'CA'422,7:'CA'222-7:'CA'222

	G~A...U~A
	G~C...A~A

#  Matched base-pairing interactions: 
	<G(0:)-A(5:) trans S/H>                        MATCHES	<G(2:'CA'232)-A(7:'CA'222) trans S/H>
	<A(1:)-U(4:) trans H/W>                        MATCHES	<C(5:'CA'421)-A(6:'CA'422) cis S/H>
#  Matched base-stacking interactions: 

>>>>>>>>>>   ALIGNMENT ENDS   >>>>>>>>>>

<<<<<<<<<<  ALIGNMENT BEGINS  <<<<<<<<<<

#  Aligning Eloop_consensus and 5j91_CA:359-361_275-279:
#  Alignment score:  24.8
#  P-value:  8.990e-02
#  Query aligned region: 0-1,4-5
#  Target aligned region: 1:'CA'361-1:'CA'361,3:'CA'276-6:'CA'279

	G~A...UA
	G~U...AA

#  Matched base-pairing interactions: 
	<G(0:)-A(5:) trans S/H>                        MATCHES	<G(1:'CA'361)-A(6:'CA'279) trans S/H>
	<A(1:)-U(4:) trans H/W>                        MATCHES	<U(3:'CA'276)-A(5:'CA'278) cis -/->
#  Matched base-stacking interactions: 

>>>>>>>>>>   ALIGNMENT ENDS   >>>>>>>>>>

<<<<<<<<<<  ALIGNMENT BEGINS  <<<<<<<<<<

#  Aligning Eloop_consensus and 5j91_CA:1886-1889_2231-2232_1851-1854:
#  Alignment score:  24.6
#  P-value:  9.201e-02
#  Query aligned region: 0-1,4-5
#  Target aligned region: 1:'CA'1888-1:'CA'1888,5:'CA'2233-5:'CA'2233,7:'CA'1853-8:'CA'1854

	G~A...UA
	G~U...AA

#  Matched base-pairing interactions: 
	<G(0:)-A(5:) trans S/H>                        MATCHES	<G(1:'CA'1888)-A(8:'CA'1854) trans S/H>
	<A(1:)-U(4:) trans H/W>                        MATCHES	<U(5:'CA'2233)-A(7:'CA'1853) cis -/->
#  Matched base-stacking interactions: 

>>>>>>>>>>   ALIGNMENT ENDS   >>>>>>>>>>

<<<<<<<<<<  ALIGNMENT BEGINS  <<<<<<<<<<

#  Aligning Eloop_consensus and 5j91_CA:1804-1812:
#  Alignment score:  24.6
#  P-value:  9.201e-02
#  Query aligned region: 0-0,5-5
#  Target aligned region: 2:'CA'1807-5:'CA'1810

	G...A
	G...A

#  Matched base-pairing interactions: 
	<G(0:)-A(5:) trans S/H>                        MATCHES	<G(2:'CA'1807)-A(5:'CA'1810) trans S/H>
#  Matched base-stacking interactions: 

>>>>>>>>>>   ALIGNMENT ENDS   >>>>>>>>>>

<<<<<<<<<<  ALIGNMENT BEGINS  <<<<<<<<<<

#  Aligning Eloop_consensus and 5j91_CA:213-216_181-183_430-431:
#  Alignment score:  24.6
#  P-value:  9.201e-02
#  Query aligned region: 0-2,3-5
#  Target aligned region: 1:'CA'215-3:'CA'217,6:'CA'184-6:'CA'184,7:'CA'431-8:'CA'432

	GAG...G~UA
	GAA...C~UA

#  Matched base-pairing interactions: 
	<G(2:)-G(3:) trans H/S>                        MATCHES	<A(3:'CA'217)-C(6:'CA'184) cis -/->
	<A(1:)-U(4:) trans H/W>                        MATCHES	<A(2:'CA'216)-U(7:'CA'431) trans H/W>
	<G(0:)-A(5:) trans S/H>                        MATCHES	<G(1:'CA'215)-A(8:'CA'432) trans S/W>
#  Matched base-stacking interactions: 

>>>>>>>>>>   ALIGNMENT ENDS   >>>>>>>>>>

<<<<<<<<<<  ALIGNMENT BEGINS  <<<<<<<<<<

#  Aligning Eloop_consensus and 5j91_CA:2766-2769_2733-2736:
#  Alignment score:  24.6
#  P-value:  9.201e-02
#  Query aligned region: 0-0,5-5
#  Target aligned region: 3:'CA'2770-3:'CA'2770,4:'CA'2734-4:'CA'2734

	G...A
	G...A

#  Matched base-pairing interactions: 
	<G(0:)-A(5:) trans S/H>                        MATCHES	<G(3:'CA'2770)-A(4:'CA'2734) trans S/H>
#  Matched base-stacking interactions: 

>>>>>>>>>>   ALIGNMENT ENDS   >>>>>>>>>>

<<<<<<<<<<  ALIGNMENT BEGINS  <<<<<<<<<<

#  Aligning Eloop_consensus and 5j91_CA:2142-2147:
#  Alignment score:  24.6
#  P-value:  9.201e-02
#  Query aligned region: 0-0,5-5
#  Target aligned region: 1:'CA'2144-4:'CA'2147

	G...A
	G...A

#  Matched base-pairing interactions: 
	<G(0:)-A(5:) trans S/H>                        MATCHES	<G(1:'CA'2144)-A(4:'CA'2147) trans S/H>
#  Matched base-stacking interactions: 

>>>>>>>>>>   ALIGNMENT ENDS   >>>>>>>>>>

<<<<<<<<<<  ALIGNMENT BEGINS  <<<<<<<<<<

#  Aligning Eloop_consensus and 5j91_CA:778-780_781-784_1775-1777:
#  Alignment score:  24.6
#  P-value:  9.201e-02
#  Query aligned region: 0-1,4-5
#  Target aligned region: 1:'CA'780-2:'CA'781,3:'CA'782-4:'CA'783

	GA...UA
	GA...AA

#  Matched base-pairing interactions: 
	<A(1:)-U(4:) trans H/W>                        MATCHES	<A(2:'CA'781)-A(3:'CA'782) cis S/H>
	<G(0:)-A(5:) trans S/H>                        MATCHES	<G(1:'CA'780)-A(4:'CA'783) trans S/H>
#  Matched base-stacking interactions: 

>>>>>>>>>>   ALIGNMENT ENDS   >>>>>>>>>>

<<<<<<<<<<  ALIGNMENT BEGINS  <<<<<<<<<<

#  Aligning Eloop_consensus and 5j91_CA:627-638:
#  Alignment score:  24.6
#  P-value:  9.201e-02
#  Query aligned region: 0-0,5-5
#  Target aligned region: 2:'CA'630-5:'CA'633

	G...A
	G...A

#  Matched base-pairing interactions: 
	<G(0:)-A(5:) trans S/H>                        MATCHES	<G(2:'CA'630)-A(5:'CA'633) trans S/H>
#  Matched base-stacking interactions: 

>>>>>>>>>>   ALIGNMENT ENDS   >>>>>>>>>>

<<<<<<<<<<  ALIGNMENT BEGINS  <<<<<<<<<<

#  Aligning Eloop_consensus and 5j91_CA:1666-1669_1673-1677_1989-1992:
#  Alignment score:  24.5
#  P-value:  9.309e-02
#  Query aligned region: 0-2,3-5
#  Target aligned region: 0:'CA'1667-1:'CA'1668,4:'CA'1674-7:'CA'1677,10:'CA'1991-12:'CA'1993

	GA~G...G~U-A
	GA~G...A~UGU

#  Matched base-pairing interactions: 
	<G(0:)-A(5:) trans S/H>                        MATCHES	<G(0:'CA'1667)-U(12:'CA'1993) trans S/H>
	<A(1:)-U(4:) trans H/W>                        MATCHES	<A(1:'CA'1668)-U(10:'CA'1991) trans H/W>
	<G(2:)-G(3:) trans H/S>                        MATCHES	<G(4:'CA'1674)-A(7:'CA'1677) trans S/W>
#  Matched base-stacking interactions: 

>>>>>>>>>>   ALIGNMENT ENDS   >>>>>>>>>>

<<<<<<<<<<  ALIGNMENT BEGINS  <<<<<<<<<<

#  Aligning Eloop_consensus and 5j91_CA:2630-2631_2888-2890_2807-2810:
#  Alignment score:  24.4
#  P-value:  9.419e-02
#  Query aligned region: 0-1,4-5
#  Target aligned region: 3:'CA'2890-3:'CA'2890,5:'CA'2808-7:'CA'2810

	G~A...UA
	G~G...AA

#  Matched base-pairing interactions: 
	<G(0:)-A(5:) trans S/H>                        MATCHES	<G(3:'CA'2890)-A(7:'CA'2810) trans S/H>
	<A(1:)-U(4:) trans H/W>                        MATCHES	<G(5:'CA'2808)-A(6:'CA'2809) cis S/S>
#  Matched base-stacking interactions: 

>>>>>>>>>>   ALIGNMENT ENDS   >>>>>>>>>>

<<<<<<<<<<  ALIGNMENT BEGINS  <<<<<<<<<<

#  Aligning Eloop_consensus and 5j91_CA:2687-2690_2870-2872_2717-2720:
#  Alignment score:  24.4
#  P-value:  9.419e-02
#  Query aligned region: 0-1,4-5
#  Target aligned region: 0:'CA'2688-0:'CA'2688,6:'CA'2873-6:'CA'2873,9:'CA'2720-10:'CA'2721

	G~A...UA
	G~A...UA

#  Matched base-pairing interactions: 
	<G(0:)-A(5:) trans S/H>                        MATCHES	<G(0:'CA'2688)-A(10:'CA'2721) trans S/H>
	<A(1:)-U(4:) trans H/W>                        MATCHES	<A(6:'CA'2873)-U(9:'CA'2720) cis H/W>
#  Matched base-stacking interactions: 

>>>>>>>>>>   ALIGNMENT ENDS   >>>>>>>>>>

<<<<<<<<<<  ALIGNMENT BEGINS  <<<<<<<<<<

#  Aligning Eloop_consensus and 5j91_CA:1552-1554_1630-1634_1436-1438:
#  Alignment score:  24.1
#  P-value:  9.761e-02
#  Query aligned region: 1-2,3-4
#  Target aligned region: 0:'CA'1553-0:'CA'1553,3:'CA'1631-7:'CA'1635,9:'CA'1438-9:'CA'1438

	A~G...G~U
	A~G...A~U

#  Matched base-pairing interactions: 
	<A(1:)-U(4:) trans H/W>                        MATCHES	<A(0:'CA'1553)-U(9:'CA'1438) trans H/W>
	<G(2:)-G(3:) trans H/S>                        MATCHES	<G(3:'CA'1631)-A(7:'CA'1635) trans S/H>
#  Matched base-stacking interactions: 

>>>>>>>>>>   ALIGNMENT ENDS   >>>>>>>>>>

<<<<<<<<<<  ALIGNMENT BEGINS  <<<<<<<<<<

#  Aligning Eloop_consensus and 5j91_CA:609-617:
#  Alignment score:  24.1
#  P-value:  9.761e-02
#  Query aligned region: 0-1,4-5
#  Target aligned region: 2:'CA'612-6:'CA'616

	GA...U-A
	GA...AUA

#  Matched base-pairing interactions: 
	<G(0:)-A(5:) trans S/H>                        MATCHES	<G(2:'CA'612)-A(6:'CA'616) trans S/H>
	<A(1:)-U(4:) trans H/W>                        MATCHES	<A(3:'CA'613)-A(4:'CA'614) cis -/->
#  Matched base-stacking interactions: 

>>>>>>>>>>   ALIGNMENT ENDS   >>>>>>>>>>

<<<<<<<<<<  ALIGNMENT BEGINS  <<<<<<<<<<

#  Aligning Eloop_consensus and 5j91_CA:2845-2849_2865-2869_2690-2691:
#  Alignment score:  23.8
#  P-value:  1.012e-01
#  Query aligned region: 0-0,5-5
#  Target aligned region: 2:'CA'2848-2:'CA'2848,7:'CA'2868-7:'CA'2868

	G...A
	G...A

#  Matched base-pairing interactions: 
	<G(0:)-A(5:) trans S/H>                        MATCHES	<G(2:'CA'2848)-A(7:'CA'2868) trans S/H>
#  Matched base-stacking interactions: 

>>>>>>>>>>   ALIGNMENT ENDS   >>>>>>>>>>

<<<<<<<<<<  ALIGNMENT BEGINS  <<<<<<<<<<

#  Aligning Eloop_consensus and 5j91_CA:2372-2374_2376-2380_2289-2290:
#  Alignment score:  23.8
#  P-value:  1.012e-01
#  Query aligned region: 0-0,5-5
#  Target aligned region: 2:'CA'2375-2:'CA'2375,4:'CA'2378-4:'CA'2378

	G...A
	G...A

#  Matched base-pairing interactions: 
	<G(0:)-A(5:) trans S/H>                        MATCHES	<G(2:'CA'2375)-A(4:'CA'2378) trans S/H>
#  Matched base-stacking interactions: 

>>>>>>>>>>   ALIGNMENT ENDS   >>>>>>>>>>

<<<<<<<<<<  ALIGNMENT BEGINS  <<<<<<<<<<

#  Aligning Eloop_consensus and 5j91_CA:2235-2240_2079-2082:
#  Alignment score:  23.8
#  P-value:  1.012e-01
#  Query aligned region: 0-0,5-5
#  Target aligned region: 1:'CA'2237-1:'CA'2237,8:'CA'2082-8:'CA'2082

	G...A
	G...A

#  Matched base-pairing interactions: 
	<G(0:)-A(5:) trans S/H>                        MATCHES	<G(1:'CA'2237)-A(8:'CA'2082) trans S/H>
#  Matched base-stacking interactions: 

>>>>>>>>>>   ALIGNMENT ENDS   >>>>>>>>>>

<<<<<<<<<<  ALIGNMENT BEGINS  <<<<<<<<<<

#  Aligning Eloop_consensus and 5j91_CA:677-678_201-206_189-192:
#  Alignment score:  23.8
#  P-value:  1.012e-01
#  Query aligned region: 0-0,5-5
#  Target aligned region: 3:'CA'203-3:'CA'203,10:'CA'192-10:'CA'192

	G...A
	A...C

#  Matched base-pairing interactions: 
	<G(0:)-A(5:) trans S/H>                        MATCHES	<A(3:'CA'203)-C(10:'CA'192) trans S/H>
#  Matched base-stacking interactions: 

>>>>>>>>>>   ALIGNMENT ENDS   >>>>>>>>>>

<<<<<<<<<<  ALIGNMENT BEGINS  <<<<<<<<<<

#  Aligning Eloop_consensus and 5j91_CA:2467-2471_2474-2481:
#  Alignment score:  23.8
#  P-value:  1.012e-01
#  Query aligned region: 0-0,5-5
#  Target aligned region: 4:'CA'2472-4:'CA'2472,8:'CA'2478-8:'CA'2478

	G...A
	G...A

#  Matched base-pairing interactions: 
	<G(0:)-A(5:) trans S/H>                        MATCHES	<G(4:'CA'2472)-A(8:'CA'2478) trans S/H>
#  Matched base-stacking interactions: 

>>>>>>>>>>   ALIGNMENT ENDS   >>>>>>>>>>

<<<<<<<<<<  ALIGNMENT BEGINS  <<<<<<<<<<

#  Aligning Eloop_consensus and 5j91_CA:1361-1363_1365-1368_1808-1809:
#  Alignment score:  23.8
#  P-value:  1.012e-01
#  Query aligned region: 0-0,5-5
#  Target aligned region: 2:'CA'1364-2:'CA'1364,4:'CA'1367-4:'CA'1367

	G...A
	G...A

#  Matched base-pairing interactions: 
	<G(0:)-A(5:) trans S/H>                        MATCHES	<G(2:'CA'1364)-A(4:'CA'1367) trans S/H>
#  Matched base-stacking interactions: 

>>>>>>>>>>   ALIGNMENT ENDS   >>>>>>>>>>

<<<<<<<<<<  ALIGNMENT BEGINS  <<<<<<<<<<

#  Aligning Eloop_consensus and 5j91_CA:486-492:
#  Alignment score:  23.8
#  P-value:  1.012e-01
#  Query aligned region: 0-0,5-5
#  Target aligned region: 1:'CA'488-5:'CA'492

	G...A
	G...A

#  Matched base-pairing interactions: 
	<G(0:)-A(5:) trans S/H>                        MATCHES	<G(1:'CA'488)-A(5:'CA'492) trans S/H>
#  Matched base-stacking interactions: 

>>>>>>>>>>   ALIGNMENT ENDS   >>>>>>>>>>

<<<<<<<<<<  ALIGNMENT BEGINS  <<<<<<<<<<

#  Aligning Eloop_consensus and 5j91_CA:1782-1786_1776-1778:
#  Alignment score:  23.6
#  P-value:  1.037e-01
#  Query aligned region: 0-2,3-5
#  Target aligned region: 1:'CA'1784-4:'CA'1787,6:'CA'1778-7:'CA'1779

	GAG...G~UA
	AAA...A~UU

#  Matched base-pairing interactions: 
	<A(1:)-U(4:) trans H/W>                        MATCHES	<A(2:'CA'1785)-U(6:'CA'1778) trans H/W>
	<G(2:)-G(3:) trans H/S>                        MATCHES	<A(3:'CA'1786)-A(4:'CA'1787) cis -/->
	<G(0:)-A(5:) trans S/H>                        MATCHES	<A(1:'CA'1784)-U(7:'CA'1779) trans H/H>
#  Matched base-stacking interactions: 

>>>>>>>>>>   ALIGNMENT ENDS   >>>>>>>>>>

<<<<<<<<<<  ALIGNMENT BEGINS  <<<<<<<<<<

#  Aligning Eloop_consensus and 5j91_CA:2654-2658_2530-2531_2660-2664:
#  Alignment score:  23.6
#  P-value:  1.037e-01
#  Query aligned region: 0-1,4-5
#  Target aligned region: 4:'CA'2659-4:'CA'2659,5:'CA'2531-5:'CA'2531,7:'CA'2661-8:'CA'2662

	G~A...UA
	G~A...GA

#  Matched base-pairing interactions: 
	<A(1:)-U(4:) trans H/W>                        MATCHES	<A(5:'CA'2531)-G(7:'CA'2661) cis W/W>
	<G(0:)-A(5:) trans S/H>                        MATCHES	<G(4:'CA'2659)-A(8:'CA'2662) trans S/H>
#  Matched base-stacking interactions: 

>>>>>>>>>>   ALIGNMENT ENDS   >>>>>>>>>>

<<<<<<<<<<  ALIGNMENT BEGINS  <<<<<<<<<<

#  Aligning Eloop_consensus and 5j91_CA:2855-2857_1707-1709_2858-2861:
#  Alignment score:  23.2
#  P-value:  1.091e-01
#  Query aligned region: 0-1,4-5
#  Target aligned region: 1:'CA'2857-2:'CA'2858,5:'CA'1710-5:'CA'1710,7:'CA'2860-7:'CA'2860

	GA...U~A
	GC...G~A

#  Matched base-pairing interactions: 
	<G(0:)-A(5:) trans S/H>                        MATCHES	<G(1:'CA'2857)-A(7:'CA'2860) trans S/H>
	<A(1:)-U(4:) trans H/W>                        MATCHES	<C(2:'CA'2858)-G(5:'CA'1710) cis -/->
#  Matched base-stacking interactions: 

>>>>>>>>>>   ALIGNMENT ENDS   >>>>>>>>>>

<<<<<<<<<<  ALIGNMENT BEGINS  <<<<<<<<<<

#  Aligning Eloop_consensus and 5j91_CA:176-177_46-51_116-119:
#  Alignment score:  23
#  P-value:  1.119e-01
#  Query aligned region: 0-0,5-5
#  Target aligned region: 6:'CA'51-6:'CA'51,9:'CA'118-9:'CA'118

	G...A
	G...A

#  Matched base-pairing interactions: 
	<G(0:)-A(5:) trans S/H>                        MATCHES	<G(6:'CA'51)-A(9:'CA'118) trans S/H>
#  Matched base-stacking interactions: 

>>>>>>>>>>   ALIGNMENT ENDS   >>>>>>>>>>

<<<<<<<<<<  ALIGNMENT BEGINS  <<<<<<<<<<

#  Aligning Eloop_consensus and 5j91_CA:1300-1302_1296-1298_1639-1641:
#  Alignment score:  22.2
#  P-value:  1.243e-01
#  Query aligned region: 0-0,5-5
#  Target aligned region: 5:'CA'1299-5:'CA'1299,7:'CA'1641-7:'CA'1641

	G...A
	G...A

#  Matched base-pairing interactions: 
	<G(0:)-A(5:) trans S/H>                        MATCHES	<G(5:'CA'1299)-A(7:'CA'1641) trans S/H>
#  Matched base-stacking interactions: 

>>>>>>>>>>   ALIGNMENT ENDS   >>>>>>>>>>

<<<<<<<<<<  ALIGNMENT BEGINS  <<<<<<<<<<

#  Aligning Eloop_consensus and 5j91_CA:2831-2837_2877-2882_2816-2817:
#  Alignment score:  22.2
#  P-value:  1.243e-01
#  Query aligned region: 0-0,5-5
#  Target aligned region: 2:'CA'2834-2:'CA'2834,12:'CA'2883-12:'CA'2883

	G...A
	G...A

#  Matched base-pairing interactions: 
	<G(0:)-A(5:) trans S/H>                        MATCHES	<G(2:'CA'2834)-A(12:'CA'2883) trans S/H>
#  Matched base-stacking interactions: 

>>>>>>>>>>   ALIGNMENT ENDS   >>>>>>>>>>

<<<<<<<<<<  ALIGNMENT BEGINS  <<<<<<<<<<

#  Aligning Eloop_consensus and 5j91_CA:1436-1438_1630-1634_1552-1554:
#  Alignment score:  22.2
#  P-value:  1.243e-01
#  Query aligned region: 1-1,4-4
#  Target aligned region: 6:'CA'1634-6:'CA'1634,9:'CA'1554-9:'CA'1554

	A...U
	A...U

#  Matched base-pairing interactions: 
	<A(1:)-U(4:) trans H/W>                        MATCHES	<A(6:'CA'1634)-U(9:'CA'1554) trans H/W>
#  Matched base-stacking interactions: 

>>>>>>>>>>   ALIGNMENT ENDS   >>>>>>>>>>

<<<<<<<<<<  ALIGNMENT BEGINS  <<<<<<<<<<

#  Aligning Eloop_consensus and 5j91_CA:953-956_2493-2494_958-962:
#  Alignment score:  22.2
#  P-value:  1.243e-01
#  Query aligned region: 0-1,4-5
#  Target aligned region: 2:'CA'956-2:'CA'956,4:'CA'2494-4:'CA'2494,6:'CA'959-7:'CA'960

	G~A...UA
	G~G...AA

#  Matched base-pairing interactions: 
	<G(0:)-A(5:) trans S/H>                        MATCHES	<G(2:'CA'956)-A(7:'CA'960) trans S/H>
	<A(1:)-U(4:) trans H/W>                        MATCHES	<G(4:'CA'2494)-A(6:'CA'959) trans W/W>
#  Matched base-stacking interactions: 

>>>>>>>>>>   ALIGNMENT ENDS   >>>>>>>>>>

<<<<<<<<<<  ALIGNMENT BEGINS  <<<<<<<<<<

#  Aligning Eloop_consensus and 5j91_CA:2003-2005_2821-2822_1650-1655:
#  Alignment score:  22.1
#  P-value:  1.260e-01
#  Query aligned region: 0-1,4-5
#  Target aligned region: 1:'CA'2005-1:'CA'2005,3:'CA'2822-3:'CA'2822,7:'CA'1653-9:'CA'1655

	G~A...U-A
	A~G...GAA

#  Matched base-pairing interactions: 
	<G(0:)-A(5:) trans S/H>                        MATCHES	<A(1:'CA'2005)-A(9:'CA'1655) trans S/H>
	<A(1:)-U(4:) trans H/W>                        MATCHES	<G(3:'CA'2822)-G(7:'CA'1653) cis -/->
#  Matched base-stacking interactions: 

>>>>>>>>>>   ALIGNMENT ENDS   >>>>>>>>>>

<<<<<<<<<<  ALIGNMENT BEGINS  <<<<<<<<<<

#  Aligning Eloop_consensus and 5j91_CA:1606-1610_1619-1622_1304-1309:
#  Alignment score:  22
#  P-value:  1.278e-01
#  Query aligned region: 0-1,4-5
#  Target aligned region: 0:'CA'1607-1:'CA'1608,6:'CA'1621-6:'CA'1621,9:'CA'1305-9:'CA'1305

	GA...U~A
	CA...U~C

#  Matched base-pairing interactions: 
	<G(0:)-A(5:) trans S/H>                        MATCHES	<C(0:'CA'1607)-C(9:'CA'1305) cis -/->
	<A(1:)-U(4:) trans H/W>                        MATCHES	<A(1:'CA'1608)-U(6:'CA'1621) trans H/W>
#  Matched base-stacking interactions: 

>>>>>>>>>>   ALIGNMENT ENDS   >>>>>>>>>>

<<<<<<<<<<  ALIGNMENT BEGINS  <<<<<<<<<<

#  Aligning Eloop_consensus and 5j91_CA:328-329_305-309_1208-1211:
#  Alignment score:  21.8
#  P-value:  1.314e-01
#  Query aligned region: 0-1,4-5
#  Target aligned region: 2:'CA'306-2:'CA'306,7:'CA'1209-9:'CA'1211

	G~A...UA
	U~U...GC

#  Matched base-pairing interactions: 
	<G(0:)-A(5:) trans S/H>                        MATCHES	<U(2:'CA'306)-C(9:'CA'1211) trans S/H>
	<A(1:)-U(4:) trans H/W>                        MATCHES	<U(7:'CA'1209)-G(8:'CA'1210) cis S/W>
#  Matched base-stacking interactions: 

>>>>>>>>>>   ALIGNMENT ENDS   >>>>>>>>>>

<<<<<<<<<<  ALIGNMENT BEGINS  <<<<<<<<<<

#  Aligning Eloop_consensus and 5j91_CA:1602-1609_1306-1310:
#  Alignment score:  21.8
#  P-value:  1.314e-01
#  Query aligned region: 0-0,5-5
#  Target aligned region: 3:'CA'1606-3:'CA'1606,9:'CA'1308-9:'CA'1308

	G...A
	C...A

#  Matched base-pairing interactions: 
	<G(0:)-A(5:) trans S/H>                        MATCHES	<C(3:'CA'1606)-A(9:'CA'1308) trans S/H>
#  Matched base-stacking interactions: 

>>>>>>>>>>   ALIGNMENT ENDS   >>>>>>>>>>

<<<<<<<<<<  ALIGNMENT BEGINS  <<<<<<<<<<

#  Aligning Eloop_consensus and 5j91_CA:2586-2589_2603-2607_1782-1786:
#  Alignment score:  21.8
#  P-value:  1.314e-01
#  Query aligned region: 0-0,5-5
#  Target aligned region: 6:'CA'2606-6:'CA'2606,12:'CA'1786-12:'CA'1786

	G...A
	C...A

#  Matched base-pairing interactions: 
	<G(0:)-A(5:) trans S/H>                        MATCHES	<C(6:'CA'2606)-A(12:'CA'1786) trans S/H>
#  Matched base-stacking interactions: 

>>>>>>>>>>   ALIGNMENT ENDS   >>>>>>>>>>

<<<<<<<<<<  ALIGNMENT BEGINS  <<<<<<<<<<

#  Aligning Eloop_consensus and 5j91_CA:2325-2329_2259-2261_2385-2388:
#  Alignment score:  21.6
#  P-value:  1.351e-01
#  Query aligned region: 0-1,4-5
#  Target aligned region: 0:'CA'2326-1:'CA'2327,6:'CA'2261-6:'CA'2261,10:'CA'2388-10:'CA'2388

	GA...U~A
	CA...C~A

#  Matched base-pairing interactions: 
	<G(0:)-A(5:) trans S/H>                        MATCHES	<C(0:'CA'2326)-A(10:'CA'2388) trans S/H>
	<A(1:)-U(4:) trans H/W>                        MATCHES	<A(1:'CA'2327)-C(6:'CA'2261) cis -/->
#  Matched base-stacking interactions: 

>>>>>>>>>>   ALIGNMENT ENDS   >>>>>>>>>>

<<<<<<<<<<  ALIGNMENT BEGINS  <<<<<<<<<<

#  Aligning Eloop_consensus and 5j91_CA:497-502_474-479_504-505:
#  Alignment score:  21.6
#  P-value:  1.351e-01
#  Query aligned region: 0-2,3-5
#  Target aligned region: 2:'CA'500-4:'CA'502,7:'CA'476-8:'CA'477,12:'CA'505-12:'CA'505

	GAG...GU~A
	GAA...GA~A

#  Matched base-pairing interactions: 
	<G(2:)-G(3:) trans H/S>                        MATCHES	<A(4:'CA'502)-G(7:'CA'476) trans W/S>
	<G(0:)-A(5:) trans S/H>                        MATCHES	<G(2:'CA'500)-A(12:'CA'505) trans S/H>
	<A(1:)-U(4:) trans H/W>                        MATCHES	<A(3:'CA'501)-A(8:'CA'477) trans H/H>
#  Matched base-stacking interactions: 

>>>>>>>>>>   ALIGNMENT ENDS   >>>>>>>>>>

<<<<<<<<<<  ALIGNMENT BEGINS  <<<<<<<<<<

#  Aligning Eloop_consensus and 5j91_CA:1524-1527_1542-1545_1464-1466:
#  Alignment score:  21.4
#  P-value:  1.390e-01
#  Query aligned region: 0-0,5-5
#  Target aligned region: 2:'CA'1527-2:'CA'1527,6:'CA'1545-6:'CA'1545

	G...A
	G...A

#  Matched base-pairing interactions: 
	<G(0:)-A(5:) trans S/H>                        MATCHES	<G(2:'CA'1527)-A(6:'CA'1545) trans S/H>
#  Matched base-stacking interactions: 

>>>>>>>>>>   ALIGNMENT ENDS   >>>>>>>>>>

<<<<<<<<<<  ALIGNMENT BEGINS  <<<<<<<<<<

#  Aligning Eloop_consensus and 5j91_CA:81-84_96-97_100-103:
#  Alignment score:  21.2
#  P-value:  1.431e-01
#  Query aligned region: 0-2,3-5
#  Target aligned region: 1:'CA'83-3:'CA'85,4:'CA'97-5:'CA'98,8:'CA'103-8:'CA'103

	GAG...GU~A
	AAG...CG~A

#  Matched base-pairing interactions: 
	<G(2:)-G(3:) trans H/S>                        MATCHES	<G(3:'CA'85)-C(4:'CA'97) cis W/W>
	<G(0:)-A(5:) trans S/H>                        MATCHES	<A(1:'CA'83)-A(8:'CA'103) trans S/H>
	<A(1:)-U(4:) trans H/W>                        MATCHES	<A(2:'CA'84)-G(5:'CA'98) cis -/->
#  Matched base-stacking interactions: 

>>>>>>>>>>   ALIGNMENT ENDS   >>>>>>>>>>

<<<<<<<<<<  ALIGNMENT BEGINS  <<<<<<<<<<

#  Aligning Eloop_consensus and 5j91_CA:496-498_504-508_475-482:
#  Alignment score:  20.6
#  P-value:  1.564e-01
#  Query aligned region: 0-0,5-5
#  Target aligned region: 8:'CA'476-12:'CA'480

	G...A
	G...A

#  Matched base-pairing interactions: 
	<G(0:)-A(5:) trans S/H>                        MATCHES	<G(8:'CA'476)-A(12:'CA'480) trans S/H>
#  Matched base-stacking interactions: 

>>>>>>>>>>   ALIGNMENT ENDS   >>>>>>>>>>

<<<<<<<<<<  ALIGNMENT BEGINS  <<<<<<<<<<

#  Aligning Eloop_consensus and 5j91_CA:502-505_497-501_475-479:
#  Alignment score:  20.6
#  P-value:  1.564e-01
#  Query aligned region: 1-1,4-4
#  Target aligned region: 0:'CA'503-0:'CA'503,5:'CA'499-5:'CA'499

	A...U
	A...U

#  Matched base-pairing interactions: 
	<A(1:)-U(4:) trans H/W>                        MATCHES	<A(0:'CA'503)-U(5:'CA'499) trans H/W>
#  Matched base-stacking interactions: 

>>>>>>>>>>   ALIGNMENT ENDS   >>>>>>>>>>

<<<<<<<<<<  ALIGNMENT BEGINS  <<<<<<<<<<

#  Aligning Eloop_consensus and 5j91_CA:495-496_505-508_478-483:
#  Alignment score:  20.6
#  P-value:  1.564e-01
#  Query aligned region: 0-1,4-5
#  Target aligned region: 1:'CA'497-1:'CA'497,3:'CA'507-3:'CA'507,9:'CA'482-10:'CA'483

	G~A...UA
	A~A...AA

#  Matched base-pairing interactions: 
	<G(0:)-A(5:) trans S/H>                        MATCHES	<A(1:'CA'497)-A(10:'CA'483) trans S/H>
	<A(1:)-U(4:) trans H/W>                        MATCHES	<A(3:'CA'507)-A(9:'CA'482) trans H/H>
#  Matched base-stacking interactions: 

>>>>>>>>>>   ALIGNMENT ENDS   >>>>>>>>>>

<<<<<<<<<<  ALIGNMENT BEGINS  <<<<<<<<<<

#  Aligning Eloop_consensus and 5j91_CA:1108-1111_1042-1043_1046-1049:
#  Alignment score:  20.2
#  P-value:  1.664e-01
#  Query aligned region: 0-2,3-5
#  Target aligned region: 1:'CA'1110-3:'CA'1112,4:'CA'1043-4:'CA'1043,6:'CA'1047-7:'CA'1048

	GAG...G~UA
	GAG...C~GA

#  Matched base-pairing interactions: 
	<A(1:)-U(4:) trans H/W>                        MATCHES	<A(2:'CA'1111)-G(6:'CA'1047) trans H/S>
	<G(2:)-G(3:) trans H/S>                        MATCHES	<G(3:'CA'1112)-C(4:'CA'1043) cis W/W>
	<G(0:)-A(5:) trans S/H>                        MATCHES	<G(1:'CA'1110)-A(7:'CA'1048) trans S/H>
#  Matched base-stacking interactions: 

>>>>>>>>>>   ALIGNMENT ENDS   >>>>>>>>>>

<<<<<<<<<<  ALIGNMENT BEGINS  <<<<<<<<<<

#  Aligning Eloop_consensus and 5j91_CA:2635-2638_2774-2781_2625-2626:
#  Alignment score:  19.8
#  P-value:  1.773e-01
#  Query aligned region: 0-0,5-5
#  Target aligned region: 2:'CA'2638-2:'CA'2638,7:'CA'2778-7:'CA'2778

	G...A
	G...A

#  Matched base-pairing interactions: 
	<G(0:)-A(5:) trans S/H>                        MATCHES	<G(2:'CA'2638)-A(7:'CA'2778) trans S/H>
#  Matched base-stacking interactions: 

>>>>>>>>>>   ALIGNMENT ENDS   >>>>>>>>>>

<<<<<<<<<<  ALIGNMENT BEGINS  <<<<<<<<<<

#  Aligning Eloop_consensus and 5j91_CA:444-449_581-582_31-34:
#  Alignment score:  15
#  P-value:  4.735e-01
#  Query aligned region: 1-2,3-4
#  Target aligned region: 2:'CA'447-3:'CA'448,7:'CA'583-7:'CA'583,9:'CA'33-9:'CA'33

	AG...G~U
	AU...G~C

#  Matched base-pairing interactions: 
	<A(1:)-U(4:) trans H/W>                        MATCHES	<A(2:'CA'447)-C(9:'CA'33) trans H/W>
	<G(2:)-G(3:) trans H/S>                        MATCHES	<U(3:'CA'448)-G(7:'CA'583) cis W/S>
#  Matched base-stacking interactions: 

>>>>>>>>>>   ALIGNMENT ENDS   >>>>>>>>>>

<<<<<<<<<<  ALIGNMENT BEGINS  <<<<<<<<<<

#  Aligning Eloop_consensus and 5j91_CA:1137-1138_1024-1025_1133-1134:
#  Alignment score:  14.4
#  P-value:  5.586e-01
#  Query aligned region: 1-2,3-4
#  Target aligned region: 0:'CA'1138-1:'CA'1139,2:'CA'1025-2:'CA'1025,5:'CA'1135-5:'CA'1135

	AG...G~U
	GG...G~C

#  Matched base-pairing interactions: 
	<A(1:)-U(4:) trans H/W>                        MATCHES	<G(0:'CA'1138)-C(5:'CA'1135) trans H/W>
	<G(2:)-G(3:) trans H/S>                        MATCHES	<G(1:'CA'1139)-G(2:'CA'1025) trans W/W>
#  Matched base-stacking interactions: 

>>>>>>>>>>   ALIGNMENT ENDS   >>>>>>>>>>

<<<<<<<<<<  ALIGNMENT BEGINS  <<<<<<<<<<

#  Aligning Eloop_consensus and 5j91_CA:1138-1143_1018-1024:
#  Alignment score:  13.4
#  P-value:  7.615e-01
#  Query aligned region: 1-1,4-4
#  Target aligned region: 3:'CA'1142-3:'CA'1142,10:'CA'1023-10:'CA'1023

	A...U
	A...U

#  Matched base-pairing interactions: 
	<A(1:)-U(4:) trans H/W>                        MATCHES	<A(3:'CA'1142)-U(10:'CA'1023) trans H/W>
#  Matched base-stacking interactions: 

>>>>>>>>>>   ALIGNMENT ENDS   >>>>>>>>>>

<<<<<<<<<<  ALIGNMENT BEGINS  <<<<<<<<<<

#  Aligning Eloop_consensus and 5j91_CA:1377-1379_1567-1570_1426-1428:
#  Alignment score:  13.2
#  P-value:  8.152e-01
#  Query aligned region: 1-2,3-4
#  Target aligned region: 5:'CA'1570-6:'CA'1571,7:'CA'1427-8:'CA'1428

	AG...GU
	AA...AC

#  Matched base-pairing interactions: 
	<G(2:)-G(3:) trans H/S>                        MATCHES	<A(6:'CA'1571)-A(7:'CA'1427) trans H/H>
	<A(1:)-U(4:) trans H/W>                        MATCHES	<A(5:'CA'1570)-C(8:'CA'1428) trans H/W>
#  Matched base-stacking interactions: 

>>>>>>>>>>   ALIGNMENT ENDS   >>>>>>>>>>

<<<<<<<<<<  ALIGNMENT BEGINS  <<<<<<<<<<

#  Aligning Eloop_consensus and 5j91_CA:2723-2726_2679-2684:
#  Alignment score:  7.4
#  P-value:  1.000e+00
#  Query aligned region: 1-1,4-4
#  Target aligned region: 1:'CA'2725-1:'CA'2725,5:'CA'2681-5:'CA'2681

	A...U
	A...C

#  Matched base-pairing interactions: 
	<A(1:)-U(4:) trans H/W>                        MATCHES	<A(1:'CA'2725)-C(5:'CA'2681) trans H/W>
#  Matched base-stacking interactions: 

>>>>>>>>>>   ALIGNMENT ENDS   >>>>>>>>>>

<<<<<<<<<<  ALIGNMENT BEGINS  <<<<<<<<<<

#  Aligning Eloop_consensus and 5j91_CA:2059-2064_2448-2452_2497-2501:
#  Alignment score:  7.4
#  P-value:  1.000e+00
#  Query aligned region: 1-1,4-4
#  Target aligned region: 7:'CA'2450-7:'CA'2450,14:'CA'2501-14:'CA'2501

	A...U
	A...C

#  Matched base-pairing interactions: 
	<A(1:)-U(4:) trans H/W>                        MATCHES	<A(7:'CA'2450)-C(14:'CA'2501) trans H/W>
#  Matched base-stacking interactions: 

>>>>>>>>>>   ALIGNMENT ENDS   >>>>>>>>>>

<<<<<<<<<<  ALIGNMENT BEGINS  <<<<<<<<<<

#  Aligning Eloop_consensus and 5j91_CA:2053-2055_2574-2577_2611-2615:
#  Alignment score:  7.4
#  P-value:  1.000e+00
#  Query aligned region: 1-1,4-4
#  Target aligned region: 0:'CA'2054-0:'CA'2054,5:'CA'2577-5:'CA'2577

	A...U
	A...A

#  Matched base-pairing interactions: 
	<A(1:)-U(4:) trans H/W>                        MATCHES	<A(0:'CA'2054)-A(5:'CA'2577) trans H/W>
#  Matched base-stacking interactions: 

>>>>>>>>>>   ALIGNMENT ENDS   >>>>>>>>>>

<<<<<<<<<<  ALIGNMENT BEGINS  <<<<<<<<<<

#  Aligning Eloop_consensus and 5j91_CA:1897-1902_1836-1841:
#  Alignment score:  7.4
#  P-value:  1.000e+00
#  Query aligned region: 1-1,4-4
#  Target aligned region: 3:'CA'1901-3:'CA'1901,7:'CA'1838-7:'CA'1838

	A...U
	A...C

#  Matched base-pairing interactions: 
	<A(1:)-U(4:) trans H/W>                        MATCHES	<A(3:'CA'1901)-C(7:'CA'1838) trans H/W>
#  Matched base-stacking interactions: 

>>>>>>>>>>   ALIGNMENT ENDS   >>>>>>>>>>

<<<<<<<<<<  ALIGNMENT BEGINS  <<<<<<<<<<

#  Aligning Eloop_consensus and 5j91_CA:2066-2069_2429-2433_2440-2443:
#  Alignment score:  6.6
#  P-value:  1.000e+00
#  Query aligned region: 1-2,3-4
#  Target aligned region: 3:'CA'2070-3:'CA'2070,5:'CA'2431-7:'CA'2433,9:'CA'2441-9:'CA'2441

	A~G...G~U
	A~U...A~U

#  Matched base-pairing interactions: 
	<A(1:)-U(4:) trans H/W>                        MATCHES	<A(3:'CA'2070)-U(9:'CA'2441) cis W/W>
	<G(2:)-G(3:) trans H/S>                        MATCHES	<U(5:'CA'2431)-A(7:'CA'2433) cis -/->
#  Matched base-stacking interactions: 

>>>>>>>>>>   ALIGNMENT ENDS   >>>>>>>>>>

<<<<<<<<<<  ALIGNMENT BEGINS  <<<<<<<<<<

#  Aligning Eloop_consensus and 5j91_CA:942-945_819-820_821-822:
#  Alignment score:  5.6
#  P-value:  1.000e+00
#  Query aligned region: 0-1,4-5
#  Target aligned region: 1:'CA'944-1:'CA'944,5:'CA'821-5:'CA'821,6:'CA'822-7:'CA'823

	G~A...UA
	C~A...GC

#  Matched base-pairing interactions: 
	<G(0:)-A(5:) trans S/H>                        MATCHES	<C(1:'CA'944)-C(7:'CA'823) cis S/W>
	<A(1:)-U(4:) trans H/W>                        MATCHES	<A(5:'CA'821)-G(6:'CA'822) trans S/H>
#  Matched base-stacking interactions: 

>>>>>>>>>>   ALIGNMENT ENDS   >>>>>>>>>>

<<<<<<<<<<  ALIGNMENT BEGINS  <<<<<<<<<<

#  Aligning Eloop_consensus and 5j91_CA:1328-1332_1318-1323:
#  Alignment score:  5.4
#  P-value:  1.000e+00
#  Query aligned region: 1-1,4-4
#  Target aligned region: 2:'CA'1331-2:'CA'1331,6:'CA'1320-6:'CA'1320

	A...U
	G...C

#  Matched base-pairing interactions: 
	<A(1:)-U(4:) trans H/W>                        MATCHES	<G(2:'CA'1331)-C(6:'CA'1320) trans H/W>
#  Matched base-stacking interactions: 

>>>>>>>>>>   ALIGNMENT ENDS   >>>>>>>>>>

<<<<<<<<<<  ALIGNMENT BEGINS  <<<<<<<<<<

#  Aligning Eloop_consensus and 5j91_CA:2540-2544_2563-2566_2516-2521:
#  Alignment score:  4.8
#  P-value:  1.000e+00
#  Query aligned region: 0-1,4-5
#  Target aligned region: 2:'CA'2543-2:'CA'2543,5:'CA'2564-5:'CA'2564,13:'CA'2521-14:'CA'2522

	G~A...UA
	G~A...CU

#  Matched base-pairing interactions: 
	<G(0:)-A(5:) trans S/H>                        MATCHES	<G(2:'CA'2543)-U(14:'CA'2522) cis W/W>
	<A(1:)-U(4:) trans H/W>                        MATCHES	<A(5:'CA'2564)-C(13:'CA'2521) cis -/->
#  Matched base-stacking interactions: 

>>>>>>>>>>   ALIGNMENT ENDS   >>>>>>>>>>

<<<<<<<<<<  ALIGNMENT BEGINS  <<<<<<<<<<

#  Aligning Eloop_consensus and 5j91_CA:2172-2173_2123-2126:
#  Alignment score:  4.6
#  P-value:  1.000e+00
#  Query aligned region: 1-2,3-4
#  Target aligned region: 0:'CA'2173-1:'CA'2174,2:'CA'2124-3:'CA'2125

	AG...GU
	AC...GG

#  Matched base-pairing interactions: 
	<G(2:)-G(3:) trans H/S>                        MATCHES	<C(1:'CA'2174)-G(2:'CA'2124) cis W/W>
	<A(1:)-U(4:) trans H/W>                        MATCHES	<A(0:'CA'2173)-G(3:'CA'2125) trans W/S>
#  Matched base-stacking interactions: 

>>>>>>>>>>   ALIGNMENT ENDS   >>>>>>>>>>

<<<<<<<<<<  ALIGNMENT BEGINS  <<<<<<<<<<

#  Aligning Eloop_consensus and 5j91_CA:942-943_832-834_819-824:
#  Alignment score:  4.5
#  P-value:  1.000e+00
#  Query aligned region: 0-1,4-5
#  Target aligned region: 0:'CA'943-1:'CA'944,2:'CA'833-2:'CA'833,5:'CA'820-5:'CA'820

	GA...U~A
	AC...A~A

#  Matched base-pairing interactions: 
	<G(0:)-A(5:) trans S/H>                        MATCHES	<A(0:'CA'943)-A(5:'CA'820) cis -/->
	<A(1:)-U(4:) trans H/W>                        MATCHES	<C(1:'CA'944)-A(2:'CA'833) trans W/H>
#  Matched base-stacking interactions: 

>>>>>>>>>>   ALIGNMENT ENDS   >>>>>>>>>>

<<<<<<<<<<  ALIGNMENT BEGINS  <<<<<<<<<<

#  Aligning Eloop_consensus and 5j91_CA:772-777_790-793_682-688:
#  Alignment score:  4.2
#  P-value:  1.000e+00
#  Query aligned region: 1-2,3-4
#  Target aligned region: 2:'CA'775-2:'CA'775,9:'CA'794-9:'CA'794,10:'CA'683-11:'CA'684

	A~G...GU
	G~A...UG

#  Matched base-pairing interactions: 
	<A(1:)-U(4:) trans H/W>                        MATCHES	<G(2:'CA'775)-G(11:'CA'684) trans H/W>
	<G(2:)-G(3:) trans H/S>                        MATCHES	<A(9:'CA'794)-U(10:'CA'683) cis W/W>
#  Matched base-stacking interactions: 

>>>>>>>>>>   ALIGNMENT ENDS   >>>>>>>>>>

<<<<<<<<<<  ALIGNMENT BEGINS  <<<<<<<<<<

#  Aligning Eloop_consensus and 5j91_CA:2679-2684_2723-2726:
#  Alignment score:  3.8
#  P-value:  1.000e+00
#  Query aligned region: 0-0,5-5
#  Target aligned region: 5:'CA'2685-5:'CA'2685,8:'CA'2726-8:'CA'2726

	G...A
	G...A

#  Matched base-pairing interactions: 
	<G(0:)-A(5:) trans S/H>                        MATCHES	<G(5:'CA'2685)-A(8:'CA'2726) cis -/->
#  Matched base-stacking interactions: 

>>>>>>>>>>   ALIGNMENT ENDS   >>>>>>>>>>

<<<<<<<<<<  ALIGNMENT BEGINS  <<<<<<<<<<

#  Aligning Eloop_consensus and 5j91_CA:1619-1622_1606-1610_1304-1309:
#  Alignment score:  3.8
#  P-value:  1.000e+00
#  Query aligned region: 1-2,3-4
#  Target aligned region: 2:'CA'1622-3:'CA'1623,4:'CA'1607-4:'CA'1607,10:'CA'1306-10:'CA'1306

	AG...G~U
	GG...C~C

#  Matched base-pairing interactions: 
	<A(1:)-U(4:) trans H/W>                        MATCHES	<G(2:'CA'1622)-C(10:'CA'1306) cis W/W>
	<G(2:)-G(3:) trans H/S>                        MATCHES	<G(3:'CA'1623)-C(4:'CA'1607) trans H/H>
#  Matched base-stacking interactions: 

>>>>>>>>>>   ALIGNMENT ENDS   >>>>>>>>>>

<<<<<<<<<<  ALIGNMENT BEGINS  <<<<<<<<<<

#  Aligning Eloop_consensus and 5j91_CA:2421-2425_2389-2392:
#  Alignment score:  3.7
#  P-value:  1.000e+00
#  Query aligned region: 1-2,3-4
#  Target aligned region: 2:'CA'2424-2:'CA'2424,5:'CA'2390-7:'CA'2392

	A~G...GU
	C~U...GA

#  Matched base-pairing interactions: 
	<A(1:)-U(4:) trans H/W>                        MATCHES	<C(2:'CA'2424)-A(7:'CA'2392) trans W/H>
	<G(2:)-G(3:) trans H/S>                        MATCHES	<U(5:'CA'2390)-G(6:'CA'2391) cis S/H>
#  Matched base-stacking interactions: 

>>>>>>>>>>   ALIGNMENT ENDS   >>>>>>>>>>

<<<<<<<<<<  ALIGNMENT BEGINS  <<<<<<<<<<

#  Aligning Eloop_consensus and 5j91_CA:34-35_444-451_452-456:
#  Alignment score:  3.6
#  P-value:  1.000e+00
#  Query aligned region: 0-0,5-5
#  Target aligned region: 9:'CA'452-9:'CA'452,14:'CA'457-14:'CA'457

	G...A
	G...A

#  Matched base-pairing interactions: 
	<G(0:)-A(5:) trans S/H>                        MATCHES	<G(9:'CA'452)-A(14:'CA'457) trans S/S>
#  Matched base-stacking interactions: 

>>>>>>>>>>   ALIGNMENT ENDS   >>>>>>>>>>

<<<<<<<<<<  ALIGNMENT BEGINS  <<<<<<<<<<

#  Aligning Eloop_consensus and 5j91_CA:306-310_326-333:
#  Alignment score:  3.6
#  P-value:  1.000e+00
#  Query aligned region: 2-2,3-3
#  Target aligned region: 1:'CA'308-1:'CA'308,7:'CA'329-7:'CA'329

	G...G
	G...G

#  Matched base-pairing interactions: 
	<G(2:)-G(3:) trans H/S>                        MATCHES	<G(1:'CA'308)-G(7:'CA'329) trans S/S>
#  Matched base-stacking interactions: 

>>>>>>>>>>   ALIGNMENT ENDS   >>>>>>>>>>

<<<<<<<<<<  ALIGNMENT BEGINS  <<<<<<<<<<

#  Aligning Eloop_consensus and 5j91_CA:1280-1288:
#  Alignment score:  3.5
#  P-value:  1.000e+00
#  Query aligned region: 1-1,4-4
#  Target aligned region: 1:'CA'1282-5:'CA'1286

	A...U
	U...A

#  Matched base-pairing interactions: 
	<A(1:)-U(4:) trans H/W>                        MATCHES	<U(1:'CA'1282)-A(5:'CA'1286) trans W/H>
#  Matched base-stacking interactions: 

>>>>>>>>>>   ALIGNMENT ENDS   >>>>>>>>>>

<<<<<<<<<<  ALIGNMENT BEGINS  <<<<<<<<<<

#  Aligning Eloop_consensus and 5j91_CA:2116-2118_2166-2170:
#  Alignment score:  3.2
#  P-value:  1.000e+00
#  Query aligned region: 1-1,4-4
#  Target aligned region: 0:'CA'2117-0:'CA'2117,7:'CA'2171-7:'CA'2171

	A...U
	A...A

#  Matched base-pairing interactions: 
	<A(1:)-U(4:) trans H/W>                        MATCHES	<A(0:'CA'2117)-A(7:'CA'2171) cis W/W>
#  Matched base-stacking interactions: 

>>>>>>>>>>   ALIGNMENT ENDS   >>>>>>>>>>

<<<<<<<<<<  ALIGNMENT BEGINS  <<<<<<<<<<

#  Aligning Eloop_consensus and 5j91_CA:2059-2064_2497-2501_2448-2452:
#  Alignment score:  3.2
#  P-value:  1.000e+00
#  Query aligned region: 1-1,4-4
#  Target aligned region: 5:'CA'2065-5:'CA'2065,11:'CA'2449-11:'CA'2449

	A...U
	C...U

#  Matched base-pairing interactions: 
	<A(1:)-U(4:) trans H/W>                        MATCHES	<C(5:'CA'2065)-U(11:'CA'2449) cis S/W>
#  Matched base-stacking interactions: 

>>>>>>>>>>   ALIGNMENT ENDS   >>>>>>>>>>

<<<<<<<<<<  ALIGNMENT BEGINS  <<<<<<<<<<

#  Aligning Eloop_consensus and 5j91_CA:1836-1841_1897-1902:
#  Alignment score:  3
#  P-value:  1.000e+00
#  Query aligned region: 0-2,3-5
#  Target aligned region: 2:'CA'1839-4:'CA'1841,9:'CA'1901-11:'CA'1903

	GAG...GUA
	GGU...ACG

#  Matched base-pairing interactions: 
	<G(2:)-G(3:) trans H/S>                        MATCHES	<U(4:'CA'1841)-A(9:'CA'1901) cis W/W>
	<A(1:)-U(4:) trans H/W>                        MATCHES	<G(3:'CA'1840)-C(10:'CA'1902) cis W/W>
	<G(0:)-A(5:) trans S/H>                        MATCHES	<G(2:'CA'1839)-G(11:'CA'1903) trans W/S>
#  Matched base-stacking interactions: 

>>>>>>>>>>   ALIGNMENT ENDS   >>>>>>>>>>

<<<<<<<<<<  ALIGNMENT BEGINS  <<<<<<<<<<

#  Aligning Eloop_consensus and 5j91_CA:682-688_772-777_790-793:
#  Alignment score:  3
#  P-value:  1.000e+00
#  Query aligned region: 0-0,5-5
#  Target aligned region: 11:'CA'777-11:'CA'777,15:'CA'793-15:'CA'793

	G...A
	G...A

#  Matched base-pairing interactions: 
	<G(0:)-A(5:) trans S/H>                        MATCHES	<G(11:'CA'777)-A(15:'CA'793) cis -/->
#  Matched base-stacking interactions: 

>>>>>>>>>>   ALIGNMENT ENDS   >>>>>>>>>>

<<<<<<<<<<  ALIGNMENT BEGINS  <<<<<<<<<<

#  Aligning Eloop_consensus and 5j91_CA:2751-2753_2746-2750_1048-1049:
#  Alignment score:  2.7
#  P-value:  1.000e+00
#  Query aligned region: 
#  Target aligned region: 

	
	

#  Matched base-pairing interactions: 
#  Matched base-stacking interactions: 

>>>>>>>>>>   ALIGNMENT ENDS   >>>>>>>>>>

<<<<<<<<<<  ALIGNMENT BEGINS  <<<<<<<<<<

#  Aligning Eloop_consensus and 5j91_CA:2751-2753_1048-1049_2746-2750:
#  Alignment score:  2.4
#  P-value:  1.000e+00
#  Query aligned region: 
#  Target aligned region: 

	
	

#  Matched base-pairing interactions: 
#  Matched base-stacking interactions: 

>>>>>>>>>>   ALIGNMENT ENDS   >>>>>>>>>>

<<<<<<<<<<  ALIGNMENT BEGINS  <<<<<<<<<<

#  Aligning Eloop_consensus and 5j91_CA:1048-1049_2751-2753_2746-2750:
#  Alignment score:  2.4
#  P-value:  1.000e+00
#  Query aligned region: 
#  Target aligned region: 

	
	

#  Matched base-pairing interactions: 
#  Matched base-stacking interactions: 

>>>>>>>>>>   ALIGNMENT ENDS   >>>>>>>>>>

<<<<<<<<<<  ALIGNMENT BEGINS  <<<<<<<<<<

#  Aligning Eloop_consensus and 5j91_CA:2611-2615_2574-2577_2053-2055:
#  Alignment score:  2.4
#  P-value:  1.000e+00
#  Query aligned region: 2-2,3-3
#  Target aligned region: 0:'CA'2612-0:'CA'2612,11:'CA'2056-11:'CA'2056

	G...G
	C...G

#  Matched base-pairing interactions: 
	<G(2:)-G(3:) trans H/S>                        MATCHES	<C(0:'CA'2612)-G(11:'CA'2056) cis W/W>
#  Matched base-stacking interactions: 

>>>>>>>>>>   ALIGNMENT ENDS   >>>>>>>>>>

<<<<<<<<<<  ALIGNMENT BEGINS  <<<<<<<<<<

#  Aligning Eloop_consensus and 5j91_CA:1776-1778_1782-1786:
#  Alignment score:  2.4
#  P-value:  1.000e+00
#  Query aligned region: 0-0,5-5
#  Target aligned region: 0:'CA'1777-0:'CA'1777,7:'CA'1787-7:'CA'1787

	G...A
	U...A

#  Matched base-pairing interactions: 
	<G(0:)-A(5:) trans S/H>                        MATCHES	<U(0:'CA'1777)-A(7:'CA'1787) cis W/W>
#  Matched base-stacking interactions: 

>>>>>>>>>>   ALIGNMENT ENDS   >>>>>>>>>>

<<<<<<<<<<  ALIGNMENT BEGINS  <<<<<<<<<<

#  Aligning Eloop_consensus and 5j91_CA:1318-1323_1328-1332:
#  Alignment score:  2.4
#  P-value:  1.000e+00
#  Query aligned region: 2-2,3-3
#  Target aligned region: 5:'CA'1324-5:'CA'1324,7:'CA'1330-7:'CA'1330

	G...G
	G...C

#  Matched base-pairing interactions: 
	<G(2:)-G(3:) trans H/S>                        MATCHES	<G(5:'CA'1324)-C(7:'CA'1330) cis W/W>
#  Matched base-stacking interactions: 

>>>>>>>>>>   ALIGNMENT ENDS   >>>>>>>>>>

<<<<<<<<<<  ALIGNMENT BEGINS  <<<<<<<<<<

#  Aligning Eloop_consensus and 5j91_CA:863-868_908-913:
#  Alignment score:  2.4
#  P-value:  1.000e+00
#  Query aligned region: 
#  Target aligned region: 

	
	

#  Matched base-pairing interactions: 
#  Matched base-stacking interactions: 

>>>>>>>>>>   ALIGNMENT ENDS   >>>>>>>>>>

<<<<<<<<<<  ALIGNMENT BEGINS  <<<<<<<<<<

#  Aligning Eloop_consensus and 5j91_CA:430-431_181-183_213-216:
#  Alignment score:  2.4
#  P-value:  1.000e+00
#  Query aligned region: 
#  Target aligned region: 

	
	

#  Matched base-pairing interactions: 
#  Matched base-stacking interactions: 

>>>>>>>>>>   ALIGNMENT ENDS   >>>>>>>>>>

<<<<<<<<<<  ALIGNMENT BEGINS  <<<<<<<<<<

#  Aligning Eloop_consensus and 5j91_CA:2028-2029_561-563_570-572:
#  Alignment score:  2.3
#  P-value:  1.000e+00
#  Query aligned region: 
#  Target aligned region: 

	
	

#  Matched base-pairing interactions: 
#  Matched base-stacking interactions: 

>>>>>>>>>>   ALIGNMENT ENDS   >>>>>>>>>>

<<<<<<<<<<  ALIGNMENT BEGINS  <<<<<<<<<<

#  Aligning Eloop_consensus and 5j91_CA:2028-2029_570-572_561-563:
#  Alignment score:  2.3
#  P-value:  1.000e+00
#  Query aligned region: 
#  Target aligned region: 

	
	

#  Matched base-pairing interactions: 
#  Matched base-stacking interactions: 

>>>>>>>>>>   ALIGNMENT ENDS   >>>>>>>>>>

<<<<<<<<<<  ALIGNMENT BEGINS  <<<<<<<<<<

#  Aligning Eloop_consensus and 5j91_CA:2022-2023_2039-2041_527-528:
#  Alignment score:  2.3
#  P-value:  1.000e+00
#  Query aligned region: 
#  Target aligned region: 

	
	

#  Matched base-pairing interactions: 
#  Matched base-stacking interactions: 

>>>>>>>>>>   ALIGNMENT ENDS   >>>>>>>>>>

<<<<<<<<<<  ALIGNMENT BEGINS  <<<<<<<<<<

#  Aligning Eloop_consensus and 5j91_CA:561-563_2028-2029_570-572:
#  Alignment score:  2.2
#  P-value:  1.000e+00
#  Query aligned region: 
#  Target aligned region: 

	
	

#  Matched base-pairing interactions: 
#  Matched base-stacking interactions: 

>>>>>>>>>>   ALIGNMENT ENDS   >>>>>>>>>>

<<<<<<<<<<  ALIGNMENT BEGINS  <<<<<<<<<<

#  Aligning Eloop_consensus and 5j91_CA:561-563_570-572_2028-2029:
#  Alignment score:  2.2
#  P-value:  1.000e+00
#  Query aligned region: 
#  Target aligned region: 

	
	

#  Matched base-pairing interactions: 
#  Matched base-stacking interactions: 

>>>>>>>>>>   ALIGNMENT ENDS   >>>>>>>>>>

<<<<<<<<<<  ALIGNMENT BEGINS  <<<<<<<<<<

#  Aligning Eloop_consensus and 5j91_CA:570-572_2028-2029_561-563:
#  Alignment score:  2.2
#  P-value:  1.000e+00
#  Query aligned region: 
#  Target aligned region: 

	
	

#  Matched base-pairing interactions: 
#  Matched base-stacking interactions: 

>>>>>>>>>>   ALIGNMENT ENDS   >>>>>>>>>>

<<<<<<<<<<  ALIGNMENT BEGINS  <<<<<<<<<<

#  Aligning Eloop_consensus and 5j91_CA:430-431_213-216_181-183:
#  Alignment score:  2.2
#  P-value:  1.000e+00
#  Query aligned region: 
#  Target aligned region: 

	
	

#  Matched base-pairing interactions: 
#  Matched base-stacking interactions: 

>>>>>>>>>>   ALIGNMENT ENDS   >>>>>>>>>>

<<<<<<<<<<  ALIGNMENT BEGINS  <<<<<<<<<<

#  Aligning Eloop_consensus and 5j91_CA:570-572_561-563_2028-2029:
#  Alignment score:  2
#  P-value:  1.000e+00
#  Query aligned region: 
#  Target aligned region: 

	
	

#  Matched base-pairing interactions: 
#  Matched base-stacking interactions: 

>>>>>>>>>>   ALIGNMENT ENDS   >>>>>>>>>>

<<<<<<<<<<  ALIGNMENT BEGINS  <<<<<<<<<<

#  Aligning Eloop_consensus and 5j91_CA:819-820_942-945_821-822:
#  Alignment score:  2
#  P-value:  1.000e+00
#  Query aligned region: 
#  Target aligned region: 

	
	

#  Matched base-pairing interactions: 
#  Matched base-stacking interactions: 

>>>>>>>>>>   ALIGNMENT ENDS   >>>>>>>>>>

<<<<<<<<<<  ALIGNMENT BEGINS  <<<<<<<<<<

#  Aligning Eloop_consensus and 5j91_CA:563-565_573-576:
#  Alignment score:  2
#  P-value:  1.000e+00
#  Query aligned region: 
#  Target aligned region: 

	
	

#  Matched base-pairing interactions: 
#  Matched base-stacking interactions: 

>>>>>>>>>>   ALIGNMENT ENDS   >>>>>>>>>>

<<<<<<<<<<  ALIGNMENT BEGINS  <<<<<<<<<<

#  Aligning Eloop_consensus and 5j91_CA:573-576_563-565:
#  Alignment score:  2
#  P-value:  1.000e+00
#  Query aligned region: 
#  Target aligned region: 

	
	

#  Matched base-pairing interactions: 
#  Matched base-stacking interactions: 

>>>>>>>>>>   ALIGNMENT ENDS   >>>>>>>>>>

<<<<<<<<<<  ALIGNMENT BEGINS  <<<<<<<<<<

#  Aligning Eloop_consensus and 5j91_CA:225-227_416-417:
#  Alignment score:  2
#  P-value:  1.000e+00
#  Query aligned region: 
#  Target aligned region: 

	
	

#  Matched base-pairing interactions: 
#  Matched base-stacking interactions: 

>>>>>>>>>>   ALIGNMENT ENDS   >>>>>>>>>>

<<<<<<<<<<  ALIGNMENT BEGINS  <<<<<<<<<<

#  Aligning Eloop_consensus and 5j91_CA:1024-1025_1133-1134_1137-1138:
#  Alignment score:  1.8
#  P-value:  1.000e+00
#  Query aligned region: 
#  Target aligned region: 

	
	

#  Matched base-pairing interactions: 
#  Matched base-stacking interactions: 

>>>>>>>>>>   ALIGNMENT ENDS   >>>>>>>>>>

<<<<<<<<<<  ALIGNMENT BEGINS  <<<<<<<<<<

#  Aligning Eloop_consensus and 5j91_CA:1133-1134_1024-1025_1137-1138:
#  Alignment score:  1.8
#  P-value:  1.000e+00
#  Query aligned region: 
#  Target aligned region: 

	
	

#  Matched base-pairing interactions: 
#  Matched base-stacking interactions: 

>>>>>>>>>>   ALIGNMENT ENDS   >>>>>>>>>>

<<<<<<<<<<  ALIGNMENT BEGINS  <<<<<<<<<<

#  Aligning Eloop_consensus and 5j91_CA:2039-2041_2022-2023_527-528:
#  Alignment score:  1.8
#  P-value:  1.000e+00
#  Query aligned region: 
#  Target aligned region: 

	
	

#  Matched base-pairing interactions: 
#  Matched base-stacking interactions: 

>>>>>>>>>>   ALIGNMENT ENDS   >>>>>>>>>>

<<<<<<<<<<  ALIGNMENT BEGINS  <<<<<<<<<<

#  Aligning Eloop_consensus and 5j91_CA:2039-2041_527-528_2022-2023:
#  Alignment score:  1.8
#  P-value:  1.000e+00
#  Query aligned region: 
#  Target aligned region: 

	
	

#  Matched base-pairing interactions: 
#  Matched base-stacking interactions: 

>>>>>>>>>>   ALIGNMENT ENDS   >>>>>>>>>>

<<<<<<<<<<  ALIGNMENT BEGINS  <<<<<<<<<<

#  Aligning Eloop_consensus and 5j91_CA:1949-1950_1953-1955:
#  Alignment score:  1.7
#  P-value:  1.000e+00
#  Query aligned region: 
#  Target aligned region: 

	
	

#  Matched base-pairing interactions: 
#  Matched base-stacking interactions: 

>>>>>>>>>>   ALIGNMENT ENDS   >>>>>>>>>>

<<<<<<<<<<  ALIGNMENT BEGINS  <<<<<<<<<<

#  Aligning Eloop_consensus and 5j91_CA:1953-1955_1949-1950:
#  Alignment score:  1.7
#  P-value:  1.000e+00
#  Query aligned region: 
#  Target aligned region: 

	
	

#  Matched base-pairing interactions: 
#  Matched base-stacking interactions: 

>>>>>>>>>>   ALIGNMENT ENDS   >>>>>>>>>>

<<<<<<<<<<  ALIGNMENT BEGINS  <<<<<<<<<<

#  Aligning Eloop_consensus and 5j91_CA:2893-2894_2628-2629_8-9:
#  Alignment score:  1.7
#  P-value:  1.000e+00
#  Query aligned region: 
#  Target aligned region: 

	
	

#  Matched base-pairing interactions: 
#  Matched base-stacking interactions: 

>>>>>>>>>>   ALIGNMENT ENDS   >>>>>>>>>>

<<<<<<<<<<  ALIGNMENT BEGINS  <<<<<<<<<<

#  Aligning Eloop_consensus and 5j91_CA:2628-2629_8-9_2893-2894:
#  Alignment score:  1.7
#  P-value:  1.000e+00
#  Query aligned region: 
#  Target aligned region: 

	
	

#  Matched base-pairing interactions: 
#  Matched base-stacking interactions: 

>>>>>>>>>>   ALIGNMENT ENDS   >>>>>>>>>>

<<<<<<<<<<  ALIGNMENT BEGINS  <<<<<<<<<<

#  Aligning Eloop_consensus and 5j91_CA:2628-2629_2893-2894_8-9:
#  Alignment score:  1.6
#  P-value:  1.000e+00
#  Query aligned region: 
#  Target aligned region: 

	
	

#  Matched base-pairing interactions: 
#  Matched base-stacking interactions: 

>>>>>>>>>>   ALIGNMENT ENDS   >>>>>>>>>>

<<<<<<<<<<  ALIGNMENT BEGINS  <<<<<<<<<<

#  Aligning Eloop_consensus and 5j91_CA:1325-1326_1285-1288:
#  Alignment score:  1.5
#  P-value:  1.000e+00
#  Query aligned region: 
#  Target aligned region: 

	
	

#  Matched base-pairing interactions: 
#  Matched base-stacking interactions: 

>>>>>>>>>>   ALIGNMENT ENDS   >>>>>>>>>>

<<<<<<<<<<  ALIGNMENT BEGINS  <<<<<<<<<<

#  Aligning Eloop_consensus and 5j91_CA:1133-1134_1137-1138_1024-1025:
#  Alignment score:  1.5
#  P-value:  1.000e+00
#  Query aligned region: 
#  Target aligned region: 

	
	

#  Matched base-pairing interactions: 
#  Matched base-stacking interactions: 

>>>>>>>>>>   ALIGNMENT ENDS   >>>>>>>>>>

<<<<<<<<<<  ALIGNMENT BEGINS  <<<<<<<<<<

#  Aligning Eloop_consensus and 5j91_CA:416-417_225-227:
#  Alignment score:  1.5
#  P-value:  1.000e+00
#  Query aligned region: 
#  Target aligned region: 

	
	

#  Matched base-pairing interactions: 
#  Matched base-stacking interactions: 

>>>>>>>>>>   ALIGNMENT ENDS   >>>>>>>>>>

