$ /home/s081p868/scratch/RNAMotifScanX-release/bin/scan /home/s081p868/scratch/RNAMotifScanX-release/models/reverse-kturn_consensus.struct /rfs/poseidon_share/s081p868/RNAMotifScanX_nr/rmsx_work_default/5j91/CA/5j91_CA.rmsx.in --map_pdb=/rfs/poseidon_share/s081p868/RNAMotifScanX_nr/rmsx_work_default/5j91/CA/5j91_CA.rmsx.nch --pvalue 1.0 --num_threads 16 --write_alignment
<<<<<<<<<<  ALIGNMENT BEGINS  <<<<<<<<<<

#  Aligning reverse-kturn_conseusns and 5j91_CA:1121-1127_2485-2490_1026-1033:
#  Alignment score:  64
#  P-value:  1.433e-02
#  Query aligned region: 0-3,4-10
#  Target aligned region: 2:'CA'1124-5:'CA'1127,9:'CA'2488-9:'CA'2488,14:'CA'1028-16:'CA'1030

	GGAG...C~AAC
	GGAA...G~AAC

#  Matched base-pairing interactions: 
	<G(3:)-C(4:) cis W/W>                          MATCHES	<A(5:'CA'1127)-G(9:'CA'2488) cis H/S>
	<A(2:)-A(8:) trans H/H>                        MATCHES	<A(4:'CA'1126)-A(14:'CA'1028) trans H/H>
	<G(1:)-A(9:) trans S/H>                        MATCHES	<G(3:'CA'1125)-A(15:'CA'1029) trans S/H>
	<G(0:)-C(10:) cis W/W>                         MATCHES	<G(2:'CA'1124)-C(16:'CA'1030) cis W/W>
#  Matched base-stacking interactions: 

>>>>>>>>>>   ALIGNMENT ENDS   >>>>>>>>>>

<<<<<<<<<<  ALIGNMENT BEGINS  <<<<<<<<<<

#  Aligning reverse-kturn_conseusns and 5j91_CA:1693-1699_1687-1692_1975-1976:
#  Alignment score:  61.6
#  P-value:  1.580e-02
#  Query aligned region: 0-2,8-10
#  Target aligned region: 2:'CA'1696-4:'CA'1698,8:'CA'1689-10:'CA'1691

	GGA...AAC
	GGA...AAC

#  Matched base-pairing interactions: 
	<A(2:)-A(8:) trans H/H>                        MATCHES	<A(4:'CA'1698)-A(8:'CA'1689) trans H/H>
	<G(1:)-A(9:) trans S/H>                        MATCHES	<G(3:'CA'1697)-A(9:'CA'1690) trans S/H>
	<G(0:)-C(10:) cis W/W>                         MATCHES	<G(2:'CA'1696)-C(10:'CA'1691) cis W/W>
#  Matched base-stacking interactions: 

>>>>>>>>>>   ALIGNMENT ENDS   >>>>>>>>>>

<<<<<<<<<<  ALIGNMENT BEGINS  <<<<<<<<<<

#  Aligning reverse-kturn_conseusns and 5j91_CA:238-245_251-257:
#  Alignment score:  60.8
#  P-value:  1.634e-02
#  Query aligned region: 0-2,8-10
#  Target aligned region: 0:'CA'239-2:'CA'241,12:'CA'256-14:'CA'258

	GGA...AAC
	CCA...ACG

#  Matched base-pairing interactions: 
	<A(2:)-A(8:) trans H/H>                        MATCHES	<A(2:'CA'241)-A(12:'CA'256) trans H/H>
	<G(1:)-A(9:) trans S/H>                        MATCHES	<C(1:'CA'240)-C(13:'CA'257) trans S/H>
	<G(0:)-C(10:) cis W/W>                         MATCHES	<C(0:'CA'239)-G(14:'CA'258) cis W/W>
#  Matched base-stacking interactions: 

>>>>>>>>>>   ALIGNMENT ENDS   >>>>>>>>>>

<<<<<<<<<<  ALIGNMENT BEGINS  <<<<<<<<<<

#  Aligning reverse-kturn_conseusns and 5j91_CA:1810-1818_2200-2202_1796-1805:
#  Alignment score:  59.2
#  P-value:  1.751e-02
#  Query aligned region: 0-3,4-10
#  Target aligned region: 2:'CA'1813-4:'CA'1815,10:'CA'2202-11:'CA'2203,17:'CA'1802-19:'CA'1804

	GGA~G...C~AAC
	GGA~U...U~AAC

#  Matched base-pairing interactions: 
	<G(3:)-C(4:) cis W/W>                          MATCHES	<U(10:'CA'2202)-U(11:'CA'2203) cis S/S>
	<A(2:)-A(8:) trans H/H>                        MATCHES	<A(4:'CA'1815)-A(17:'CA'1802) trans H/H>
	<G(1:)-A(9:) trans S/H>                        MATCHES	<G(3:'CA'1814)-A(18:'CA'1803) trans S/H>
	<G(0:)-C(10:) cis W/W>                         MATCHES	<G(2:'CA'1813)-C(19:'CA'1804) cis W/W>
#  Matched base-stacking interactions: 

>>>>>>>>>>   ALIGNMENT ENDS   >>>>>>>>>>

<<<<<<<<<<  ALIGNMENT BEGINS  <<<<<<<<<<

#  Aligning reverse-kturn_conseusns and 5j91_CA:196-205_247-250_190-194:
#  Alignment score:  57.2
#  P-value:  1.915e-02
#  Query aligned region: 0-3,4-10
#  Target aligned region: 5:'CA'202-9:'CA'206,14:'CA'191-16:'CA'193

	GGAG...C~AAC
	UAAG...U~ACU

#  Matched base-pairing interactions: 
	<G(3:)-C(4:) cis W/W>                          MATCHES	<G(8:'CA'205)-U(9:'CA'206) cis S/H>
	<A(2:)-A(8:) trans H/H>                        MATCHES	<A(7:'CA'204)-A(14:'CA'191) trans H/H>
	<G(1:)-A(9:) trans S/H>                        MATCHES	<A(6:'CA'203)-C(15:'CA'192) trans S/H>
	<G(0:)-C(10:) cis W/W>                         MATCHES	<U(5:'CA'202)-U(16:'CA'193) cis W/W>
#  Matched base-stacking interactions: 

>>>>>>>>>>   ALIGNMENT ENDS   >>>>>>>>>>

<<<<<<<<<<  ALIGNMENT BEGINS  <<<<<<<<<<

#  Aligning reverse-kturn_conseusns and 5j91_CA:1262-1269_2009-2015:
#  Alignment score:  56.6
#  P-value:  1.969e-02
#  Query aligned region: 0-2,8-10
#  Target aligned region: 0:'CA'1263-2:'CA'1265,12:'CA'2014-14:'CA'2016

	GGA...AAC
	UAA...AAU

#  Matched base-pairing interactions: 
	<A(2:)-A(8:) trans H/H>                        MATCHES	<A(2:'CA'1265)-A(12:'CA'2014) trans H/H>
	<G(1:)-A(9:) trans S/H>                        MATCHES	<A(1:'CA'1264)-A(13:'CA'2015) trans S/H>
	<G(0:)-C(10:) cis W/W>                         MATCHES	<U(0:'CA'1263)-U(14:'CA'2016) cis W/W>
#  Matched base-stacking interactions: 

>>>>>>>>>>   ALIGNMENT ENDS   >>>>>>>>>>

<<<<<<<<<<  ALIGNMENT BEGINS  <<<<<<<<<<

#  Aligning reverse-kturn_conseusns and 5j91_CA:968-973_819-822_942-948:
#  Alignment score:  56.2
#  P-value:  2.006e-02
#  Query aligned region: 0-2,8-10
#  Target aligned region: 2:'CA'971-4:'CA'973,6:'CA'820-7:'CA'821,13:'CA'946-13:'CA'946

	GGA...AA~C
	GAA...AA~C

#  Matched base-pairing interactions: 
	<A(2:)-A(8:) trans H/H>                        MATCHES	<A(4:'CA'973)-A(6:'CA'820) trans H/H>
	<G(0:)-C(10:) cis W/W>                         MATCHES	<G(2:'CA'971)-C(13:'CA'946) cis W/W>
	<G(1:)-A(9:) trans S/H>                        MATCHES	<A(3:'CA'972)-A(7:'CA'821) trans S/H>
#  Matched base-stacking interactions: 

>>>>>>>>>>   ALIGNMENT ENDS   >>>>>>>>>>

<<<<<<<<<<  ALIGNMENT BEGINS  <<<<<<<<<<

#  Aligning reverse-kturn_conseusns and 5j91_CA:1377-1380_1424-1428_1563-1572:
#  Alignment score:  55.8
#  P-value:  2.044e-02
#  Query aligned region: 0-2,8-10
#  Target aligned region: 4:'CA'1425-6:'CA'1427,16:'CA'1571-18:'CA'1573

	GGA...AAC
	GGA...AAG

#  Matched base-pairing interactions: 
	<A(2:)-A(8:) trans H/H>                        MATCHES	<A(6:'CA'1427)-A(16:'CA'1571) trans H/H>
	<G(1:)-A(9:) trans S/H>                        MATCHES	<G(5:'CA'1426)-A(17:'CA'1572) trans S/H>
	<G(0:)-C(10:) cis W/W>                         MATCHES	<G(4:'CA'1425)-G(18:'CA'1573) trans S/H>
#  Matched base-stacking interactions: 

>>>>>>>>>>   ALIGNMENT ENDS   >>>>>>>>>>

<<<<<<<<<<  ALIGNMENT BEGINS  <<<<<<<<<<

#  Aligning reverse-kturn_conseusns and 5j91_CA:1602-1609_1621-1622_1304-1312:
#  Alignment score:  55.4
#  P-value:  2.083e-02
#  Query aligned region: 0-2,8-10
#  Target aligned region: 2:'CA'1605-4:'CA'1607,9:'CA'1623-9:'CA'1623,13:'CA'1308-14:'CA'1309

	GGA...A~AC
	CCC...G~AG

#  Matched base-pairing interactions: 
	<G(1:)-A(9:) trans S/H>                        MATCHES	<C(3:'CA'1606)-A(13:'CA'1308) trans S/H>
	<A(2:)-A(8:) trans H/H>                        MATCHES	<C(4:'CA'1607)-G(9:'CA'1623) trans H/H>
	<G(0:)-C(10:) cis W/W>                         MATCHES	<C(2:'CA'1605)-G(14:'CA'1309) cis W/W>
#  Matched base-stacking interactions: 

>>>>>>>>>>   ALIGNMENT ENDS   >>>>>>>>>>

<<<<<<<<<<  ALIGNMENT BEGINS  <<<<<<<<<<

#  Aligning reverse-kturn_conseusns and 5j91_CA:2231-2240_2074-2077_2080-2086:
#  Alignment score:  55
#  P-value:  2.124e-02
#  Query aligned region: 0-2,8-10
#  Target aligned region: 4:'CA'2236-6:'CA'2238,13:'CA'2078-13:'CA'2078,15:'CA'2082-16:'CA'2083

	GGA...A~AC
	UGG...C~AG

#  Matched base-pairing interactions: 
	<G(1:)-A(9:) trans S/H>                        MATCHES	<G(5:'CA'2237)-A(15:'CA'2082) trans S/H>
	<A(2:)-A(8:) trans H/H>                        MATCHES	<G(6:'CA'2238)-C(13:'CA'2078) trans H/H>
	<G(0:)-C(10:) cis W/W>                         MATCHES	<U(4:'CA'2236)-G(16:'CA'2083) cis W/W>
#  Matched base-stacking interactions: 

>>>>>>>>>>   ALIGNMENT ENDS   >>>>>>>>>>

<<<<<<<<<<  ALIGNMENT BEGINS  <<<<<<<<<<

#  Aligning reverse-kturn_conseusns and 5j91_CA:491-497_505-506_481-487:
#  Alignment score:  54.2
#  P-value:  2.208e-02
#  Query aligned region: 0-2,8-10
#  Target aligned region: 4:'CA'496-5:'CA'497,8:'CA'507-8:'CA'507,9:'CA'482-11:'CA'484

	GG~A...AAC
	GA~A...AAC

#  Matched base-pairing interactions: 
	<G(1:)-A(9:) trans S/H>                        MATCHES	<A(5:'CA'497)-A(10:'CA'483) trans S/H>
	<A(2:)-A(8:) trans H/H>                        MATCHES	<A(8:'CA'507)-A(9:'CA'482) trans H/H>
	<G(0:)-C(10:) cis W/W>                         MATCHES	<G(4:'CA'496)-C(11:'CA'484) cis W/W>
#  Matched base-stacking interactions: 

>>>>>>>>>>   ALIGNMENT ENDS   >>>>>>>>>>

<<<<<<<<<<  ALIGNMENT BEGINS  <<<<<<<<<<

#  Aligning reverse-kturn_conseusns and 5j91_CA:114-119_123-125_46-55:
#  Alignment score:  51.5
#  P-value:  2.534e-02
#  Query aligned region: 0-3,4-10
#  Target aligned region: 1:'CA'116-4:'CA'119,6:'CA'124-8:'CA'126,14:'CA'52-16:'CA'54

	GG-A~G...C~AAC
	CGAA~G...A~AAG

#  Matched base-pairing interactions: 
	<G(3:)-C(4:) cis W/W>                          MATCHES	<G(6:'CA'124)-A(8:'CA'126) cis -/->
	<G(1:)-A(9:) trans S/H>                        MATCHES	<G(2:'CA'117)-A(15:'CA'53) trans S/H>
	<A(2:)-A(8:) trans H/H>                        MATCHES	<A(4:'CA'119)-A(14:'CA'52) trans H/H>
	<G(0:)-C(10:) cis W/W>                         MATCHES	<C(1:'CA'116)-G(16:'CA'54) cis W/W>
#  Matched base-stacking interactions: 

>>>>>>>>>>   ALIGNMENT ENDS   >>>>>>>>>>

<<<<<<<<<<  ALIGNMENT BEGINS  <<<<<<<<<<

#  Aligning reverse-kturn_conseusns and 5j91_CA:466-472_451-462:
#  Alignment score:  42.7
#  P-value:  4.298e-02
#  Query aligned region: 0-3,4-10
#  Target aligned region: 1:'CA'468-5:'CA'472,8:'CA'453-16:'CA'461

	GG-AG...CACAA--AC
	GGAAA...AACCAGUAC

#  Matched base-pairing interactions: 
	<G(3:)-C(4:) cis W/W>                          MATCHES	<A(5:'CA'472)-A(8:'CA'453) cis H/S>
	<G(1:)-A(9:) trans S/H>                        MATCHES	<G(2:'CA'469)-A(15:'CA'460) trans S/H>
	<A(2:)-A(8:) trans H/H>                        MATCHES	<A(4:'CA'471)-A(12:'CA'457) trans H/H>
	<G(0:)-C(10:) cis W/W>                         MATCHES	<G(1:'CA'468)-C(16:'CA'461) cis W/W>
#  Matched base-stacking interactions: 

>>>>>>>>>>   ALIGNMENT ENDS   >>>>>>>>>>

<<<<<<<<<<  ALIGNMENT BEGINS  <<<<<<<<<<

#  Aligning reverse-kturn_conseusns and 5j91_CA:2009-2015_1262-1269:
#  Alignment score:  42.6
#  P-value:  4.328e-02
#  Query aligned region: 0-2,8-10
#  Target aligned region: 1:'CA'2011-4:'CA'2014,9:'CA'1265-13:'CA'1269

	GG-A...A--AC
	UGAA...AGUAA

#  Matched base-pairing interactions: 
	<G(1:)-A(9:) trans S/H>                        MATCHES	<G(2:'CA'2012)-A(12:'CA'1268) trans S/H>
	<A(2:)-A(8:) trans H/H>                        MATCHES	<A(4:'CA'2014)-A(9:'CA'1265) trans H/H>
	<G(0:)-C(10:) cis W/W>                         MATCHES	<U(1:'CA'2011)-A(13:'CA'1269) cis W/W>
#  Matched base-stacking interactions: 

>>>>>>>>>>   ALIGNMENT ENDS   >>>>>>>>>>

<<<<<<<<<<  ALIGNMENT BEGINS  <<<<<<<<<<

#  Aligning reverse-kturn_conseusns and 5j91_CA:2313-2321_2332-2334_2295-2302:
#  Alignment score:  41.6
#  P-value:  4.642e-02
#  Query aligned region: 0-3,4-10
#  Target aligned region: 3:'CA'2317-6:'CA'2320,9:'CA'2333-9:'CA'2333,13:'CA'2297-15:'CA'2299

	GGAG...C~AAC
	AGGU...A~AAU

#  Matched base-pairing interactions: 
	<G(3:)-C(4:) cis W/W>                          MATCHES	<U(6:'CA'2320)-A(9:'CA'2333) cis -/->
	<A(2:)-A(8:) trans H/H>                        MATCHES	<G(5:'CA'2319)-A(13:'CA'2297) trans S/H>
	<G(1:)-A(9:) trans S/H>                        MATCHES	<G(4:'CA'2318)-A(14:'CA'2298) trans S/H>
	<G(0:)-C(10:) cis W/W>                         MATCHES	<A(3:'CA'2317)-U(15:'CA'2299) cis W/W>
#  Matched base-stacking interactions: 

>>>>>>>>>>   ALIGNMENT ENDS   >>>>>>>>>>

<<<<<<<<<<  ALIGNMENT BEGINS  <<<<<<<<<<

#  Aligning reverse-kturn_conseusns and 5j91_CA:711-718:
#  Alignment score:  40.8
#  P-value:  4.919e-02
#  Query aligned region: 0-2,8-10
#  Target aligned region: 0:'CA'712-7:'CA'719

	GGA...AAC
	GGU...CAC

#  Matched base-pairing interactions: 
	<A(2:)-A(8:) trans H/H>                        MATCHES	<U(2:'CA'714)-C(5:'CA'717) cis -/->
	<G(1:)-A(9:) trans S/H>                        MATCHES	<G(1:'CA'713)-A(6:'CA'718) trans S/H>
	<G(0:)-C(10:) cis W/W>                         MATCHES	<G(0:'CA'712)-C(7:'CA'719) cis W/W>
#  Matched base-stacking interactions: 

>>>>>>>>>>   ALIGNMENT ENDS   >>>>>>>>>>

<<<<<<<<<<  ALIGNMENT BEGINS  <<<<<<<<<<

#  Aligning reverse-kturn_conseusns and 5j91_CA:1808-1810_1356-1363_1367-1373:
#  Alignment score:  39.2
#  P-value:  5.553e-02
#  Query aligned region: 0-3,4-10
#  Target aligned region: 3:'CA'1357-7:'CA'1361,13:'CA'1370-17:'CA'1374

	GGA-G...CACAAAC
	CGAGG...C--GUAG

#  Matched base-pairing interactions: 
	<G(3:)-C(4:) cis W/W>                          MATCHES	<G(7:'CA'1361)-C(13:'CA'1370) cis W/W>
	<A(2:)-A(8:) trans H/H>                        MATCHES	<A(5:'CA'1359)-U(15:'CA'1372) trans H/W>
	<G(1:)-A(9:) trans S/H>                        MATCHES	<G(4:'CA'1358)-A(16:'CA'1373) trans S/H>
	<G(0:)-C(10:) cis W/W>                         MATCHES	<C(3:'CA'1357)-G(17:'CA'1374) cis W/W>
#  Matched base-stacking interactions: 

>>>>>>>>>>   ALIGNMENT ENDS   >>>>>>>>>>

<<<<<<<<<<  ALIGNMENT BEGINS  <<<<<<<<<<

#  Aligning reverse-kturn_conseusns and 5j91_CA:1201-1212_1236-1243:
#  Alignment score:  38.8
#  P-value:  5.730e-02
#  Query aligned region: 0-2,8-10
#  Target aligned region: 0:'CA'1202-2:'CA'1204,16:'CA'1241-18:'CA'1243

	GGA...AAC
	GUA...AUC

#  Matched base-pairing interactions: 
	<A(2:)-A(8:) trans H/H>                        MATCHES	<A(2:'CA'1204)-A(16:'CA'1241) trans H/H>
	<G(1:)-A(9:) trans S/H>                        MATCHES	<U(1:'CA'1203)-U(17:'CA'1242) cis W/W>
	<G(0:)-C(10:) cis W/W>                         MATCHES	<G(0:'CA'1202)-C(18:'CA'1243) cis W/W>
#  Matched base-stacking interactions: 

>>>>>>>>>>   ALIGNMENT ENDS   >>>>>>>>>>

<<<<<<<<<<  ALIGNMENT BEGINS  <<<<<<<<<<

#  Aligning reverse-kturn_conseusns and 5j91_CA:1539-1546_1445-1446_1525-1531:
#  Alignment score:  38.6
#  P-value:  5.822e-02
#  Query aligned region: 0-3,4-10
#  Target aligned region: 2:'CA'1542-5:'CA'1545,8:'CA'1446-8:'CA'1446,11:'CA'1527-13:'CA'1529

	GGAG...C~AAC
	UGAA...C~GAG

#  Matched base-pairing interactions: 
	<G(3:)-C(4:) cis W/W>                          MATCHES	<A(5:'CA'1545)-C(8:'CA'1446) cis S/S>
	<A(2:)-A(8:) trans H/H>                        MATCHES	<A(4:'CA'1544)-G(11:'CA'1527) cis -/->
	<G(1:)-A(9:) trans S/H>                        MATCHES	<G(3:'CA'1543)-A(12:'CA'1528) trans S/H>
	<G(0:)-C(10:) cis W/W>                         MATCHES	<U(2:'CA'1542)-G(13:'CA'1529) cis W/W>
#  Matched base-stacking interactions: 

>>>>>>>>>>   ALIGNMENT ENDS   >>>>>>>>>>

<<<<<<<<<<  ALIGNMENT BEGINS  <<<<<<<<<<

#  Aligning reverse-kturn_conseusns and 5j91_CA:1545-1554_1437-1443:
#  Alignment score:  38.6
#  P-value:  5.822e-02
#  Query aligned region: 0-3,4-10
#  Target aligned region: 5:'CA'1551-9:'CA'1555,10:'CA'1438-12:'CA'1440

	GGAG...C~AAC
	AAAU...G~UAU

#  Matched base-pairing interactions: 
	<G(3:)-C(4:) cis W/W>                          MATCHES	<U(8:'CA'1554)-G(9:'CA'1555) cis S/H>
	<A(2:)-A(8:) trans H/H>                        MATCHES	<A(7:'CA'1553)-U(10:'CA'1438) trans H/W>
	<G(1:)-A(9:) trans S/H>                        MATCHES	<A(6:'CA'1552)-A(11:'CA'1439) trans S/H>
	<G(0:)-C(10:) cis W/W>                         MATCHES	<A(5:'CA'1551)-U(12:'CA'1440) cis W/W>
#  Matched base-stacking interactions: 

>>>>>>>>>>   ALIGNMENT ENDS   >>>>>>>>>>

<<<<<<<<<<  ALIGNMENT BEGINS  <<<<<<<<<<

#  Aligning reverse-kturn_conseusns and 5j91_CA:677-678_187-192_201-207:
#  Alignment score:  38.6
#  P-value:  5.822e-02
#  Query aligned region: 0-2,8-10
#  Target aligned region: 2:'CA'188-5:'CA'191,10:'CA'204-14:'CA'208

	GG-A...A--AC
	GGAA...AGUAC

#  Matched base-pairing interactions: 
	<G(1:)-A(9:) trans S/H>                        MATCHES	<G(3:'CA'189)-A(13:'CA'207) trans S/H>
	<A(2:)-A(8:) trans H/H>                        MATCHES	<A(5:'CA'191)-A(10:'CA'204) trans H/H>
	<G(0:)-C(10:) cis W/W>                         MATCHES	<G(2:'CA'188)-C(14:'CA'208) cis W/W>
#  Matched base-stacking interactions: 

>>>>>>>>>>   ALIGNMENT ENDS   >>>>>>>>>>

<<<<<<<<<<  ALIGNMENT BEGINS  <<<<<<<<<<

#  Aligning reverse-kturn_conseusns and 5j91_CA:1515-1523_1468-1474_1401-1402:
#  Alignment score:  38.2
#  P-value:  6.013e-02
#  Query aligned region: 0-2,8-10
#  Target aligned region: 4:'CA'1520-6:'CA'1522,9:'CA'1469-11:'CA'1471

	GGA...AAC
	UGA...AAG

#  Matched base-pairing interactions: 
	<A(2:)-A(8:) trans H/H>                        MATCHES	<A(6:'CA'1522)-A(9:'CA'1469) cis -/->
	<G(1:)-A(9:) trans S/H>                        MATCHES	<G(5:'CA'1521)-A(10:'CA'1470) trans S/H>
	<G(0:)-C(10:) cis W/W>                         MATCHES	<U(4:'CA'1520)-G(11:'CA'1471) cis W/W>
#  Matched base-stacking interactions: 

>>>>>>>>>>   ALIGNMENT ENDS   >>>>>>>>>>

<<<<<<<<<<  ALIGNMENT BEGINS  <<<<<<<<<<

#  Aligning reverse-kturn_conseusns and 5j91_CA:1822-1829_1789-1796_1772-1773:
#  Alignment score:  38
#  P-value:  6.112e-02
#  Query aligned region: 0-2,8-10
#  Target aligned region: 4:'CA'1827-7:'CA'1830,9:'CA'1791-10:'CA'1792

	GGA...A~AC
	UGA...C~AG

#  Matched base-pairing interactions: 
	<G(1:)-A(9:) trans S/H>                        MATCHES	<G(5:'CA'1828)-A(9:'CA'1791) trans S/H>
	<A(2:)-A(8:) trans H/H>                        MATCHES	<A(6:'CA'1829)-C(7:'CA'1830) cis -/->
	<G(0:)-C(10:) cis W/W>                         MATCHES	<U(4:'CA'1827)-G(10:'CA'1792) cis W/W>
#  Matched base-stacking interactions: 

>>>>>>>>>>   ALIGNMENT ENDS   >>>>>>>>>>

<<<<<<<<<<  ALIGNMENT BEGINS  <<<<<<<<<<

#  Aligning reverse-kturn_conseusns and 5j91_CA:535-542_550-556:
#  Alignment score:  38
#  P-value:  6.112e-02
#  Query aligned region: 0-2,8-10
#  Target aligned region: 0:'CA'536-2:'CA'538,12:'CA'555-14:'CA'557

	GGA...AAC
	GGA...GAC

#  Matched base-pairing interactions: 
	<A(2:)-A(8:) trans H/H>                        MATCHES	<A(2:'CA'538)-G(12:'CA'555) trans H/S>
	<G(1:)-A(9:) trans S/H>                        MATCHES	<G(1:'CA'537)-A(13:'CA'556) trans S/H>
	<G(0:)-C(10:) cis W/W>                         MATCHES	<G(0:'CA'536)-C(14:'CA'557) cis W/W>
#  Matched base-stacking interactions: 

>>>>>>>>>>   ALIGNMENT ENDS   >>>>>>>>>>

<<<<<<<<<<  ALIGNMENT BEGINS  <<<<<<<<<<

#  Aligning reverse-kturn_conseusns and 5j91_CA:221-226_407-409_228-230:
#  Alignment score:  38
#  P-value:  6.112e-02
#  Query aligned region: 0-2,8-10
#  Target aligned region: 3:'CA'225-5:'CA'227,8:'CA'410-8:'CA'410,9:'CA'229-10:'CA'230

	GGA...A~AC
	CAA...G~CG

#  Matched base-pairing interactions: 
	<A(2:)-A(8:) trans H/H>                        MATCHES	<A(5:'CA'227)-G(8:'CA'410) trans W/S>
	<G(1:)-A(9:) trans S/H>                        MATCHES	<A(4:'CA'226)-C(9:'CA'229) trans S/H>
	<G(0:)-C(10:) cis W/W>                         MATCHES	<C(3:'CA'225)-G(10:'CA'230) cis W/W>
#  Matched base-stacking interactions: 

>>>>>>>>>>   ALIGNMENT ENDS   >>>>>>>>>>

<<<<<<<<<<  ALIGNMENT BEGINS  <<<<<<<<<<

#  Aligning reverse-kturn_conseusns and 5j91_CA:2403-2409_411-415_2410-2412:
#  Alignment score:  37.8
#  P-value:  6.214e-02
#  Query aligned region: 0-2,8-10
#  Target aligned region: 0:'CA'2404-1:'CA'2405,7:'CA'412-7:'CA'412,12:'CA'2411-14:'CA'2413

	GG~A...AAC
	UG~A...AAG

#  Matched base-pairing interactions: 
	<G(1:)-A(9:) trans S/H>                        MATCHES	<G(1:'CA'2405)-A(13:'CA'2412) trans S/H>
	<A(2:)-A(8:) trans H/H>                        MATCHES	<A(7:'CA'412)-A(12:'CA'2411) trans H/S>
	<G(0:)-C(10:) cis W/W>                         MATCHES	<U(0:'CA'2404)-G(14:'CA'2413) cis W/W>
#  Matched base-stacking interactions: 

>>>>>>>>>>   ALIGNMENT ENDS   >>>>>>>>>>

<<<<<<<<<<  ALIGNMENT BEGINS  <<<<<<<<<<

#  Aligning reverse-kturn_conseusns and 5j91_CA:1629-1632_697-699_1633-1636:
#  Alignment score:  37.8
#  P-value:  6.214e-02
#  Query aligned region: 0-2,8-10
#  Target aligned region: 0:'CA'1630-2:'CA'1632,6:'CA'700-6:'CA'700,8:'CA'1635-9:'CA'1636

	GGA...A~AC
	AGA...G~AU

#  Matched base-pairing interactions: 
	<G(1:)-A(9:) trans S/H>                        MATCHES	<G(1:'CA'1631)-A(8:'CA'1635) trans S/H>
	<A(2:)-A(8:) trans H/H>                        MATCHES	<A(2:'CA'1632)-G(6:'CA'700) cis -/->
	<G(0:)-C(10:) cis W/W>                         MATCHES	<A(0:'CA'1630)-U(9:'CA'1636) cis W/W>
#  Matched base-stacking interactions: 

>>>>>>>>>>   ALIGNMENT ENDS   >>>>>>>>>>

<<<<<<<<<<  ALIGNMENT BEGINS  <<<<<<<<<<

#  Aligning reverse-kturn_conseusns and 5j91_CA:720-726_703-710:
#  Alignment score:  37.8
#  P-value:  6.214e-02
#  Query aligned region: 0-2,8-10
#  Target aligned region: 3:'CA'724-5:'CA'726,8:'CA'705-10:'CA'707

	GGA...AAC
	UGG...AAG

#  Matched base-pairing interactions: 
	<A(2:)-A(8:) trans H/H>                        MATCHES	<G(5:'CA'726)-A(8:'CA'705) trans S/H>
	<G(1:)-A(9:) trans S/H>                        MATCHES	<G(4:'CA'725)-A(9:'CA'706) trans S/H>
	<G(0:)-C(10:) cis W/W>                         MATCHES	<U(3:'CA'724)-G(10:'CA'707) cis W/W>
#  Matched base-stacking interactions: 

>>>>>>>>>>   ALIGNMENT ENDS   >>>>>>>>>>

<<<<<<<<<<  ALIGNMENT BEGINS  <<<<<<<<<<

#  Aligning reverse-kturn_conseusns and 5j91_CA:1719-1723_1735-1739:
#  Alignment score:  37.4
#  P-value:  6.424e-02
#  Query aligned region: 0-3,4-10
#  Target aligned region: 0:'CA'1720-4:'CA'1724,5:'CA'1736-9:'CA'1740

	GGA-G...CACAAAC
	UGAGG...U--GGAG

#  Matched base-pairing interactions: 
	<G(3:)-C(4:) cis W/W>                          MATCHES	<G(4:'CA'1724)-U(5:'CA'1736) cis W/W>
	<A(2:)-A(8:) trans H/H>                        MATCHES	<A(2:'CA'1722)-G(7:'CA'1738) trans H/S>
	<G(1:)-A(9:) trans S/H>                        MATCHES	<G(1:'CA'1721)-A(8:'CA'1739) trans S/H>
	<G(0:)-C(10:) cis W/W>                         MATCHES	<U(0:'CA'1720)-G(9:'CA'1740) cis W/W>
#  Matched base-stacking interactions: 

>>>>>>>>>>   ALIGNMENT ENDS   >>>>>>>>>>

<<<<<<<<<<  ALIGNMENT BEGINS  <<<<<<<<<<

#  Aligning reverse-kturn_conseusns and 5j91_CA:2359-2365_2350-2356:
#  Alignment score:  37.2
#  P-value:  6.533e-02
#  Query aligned region: 0-2,8-10
#  Target aligned region: 4:'CA'2364-6:'CA'2366,7:'CA'2351-9:'CA'2353

	GGA...AAC
	CGA...GAG

#  Matched base-pairing interactions: 
	<A(2:)-A(8:) trans H/H>                        MATCHES	<A(6:'CA'2366)-G(7:'CA'2351) trans H/S>
	<G(1:)-A(9:) trans S/H>                        MATCHES	<G(5:'CA'2365)-A(8:'CA'2352) trans S/H>
	<G(0:)-C(10:) cis W/W>                         MATCHES	<C(4:'CA'2364)-G(9:'CA'2353) cis W/W>
#  Matched base-stacking interactions: 

>>>>>>>>>>   ALIGNMENT ENDS   >>>>>>>>>>

<<<<<<<<<<  ALIGNMENT BEGINS  <<<<<<<<<<

#  Aligning reverse-kturn_conseusns and 5j91_CA:915-919_2263-2275_856-860:
#  Alignment score:  36.6
#  P-value:  6.879e-02
#  Query aligned region: 1-3,4-9
#  Target aligned region: 0:'CA'916-0:'CA'916,7:'CA'2266-14:'CA'2273,22:'CA'861-22:'CA'861

	G~AG...C-ACAA~A
	G~AA...AGAGUA~A

#  Matched base-pairing interactions: 
	<G(3:)-C(4:) cis W/W>                          MATCHES	<A(8:'CA'2267)-A(9:'CA'2268) trans S/S>
	<G(1:)-A(9:) trans S/H>                        MATCHES	<G(0:'CA'916)-A(22:'CA'861) trans S/H>
	<A(2:)-A(8:) trans H/H>                        MATCHES	<A(7:'CA'2266)-A(14:'CA'2273) trans H/H>
#  Matched base-stacking interactions: 

>>>>>>>>>>   ALIGNMENT ENDS   >>>>>>>>>>

<<<<<<<<<<  ALIGNMENT BEGINS  <<<<<<<<<<

#  Aligning reverse-kturn_conseusns and 5j91_CA:157-161_2206-2208_163-167:
#  Alignment score:  36.6
#  P-value:  6.879e-02
#  Query aligned region: 0-3,4-10
#  Target aligned region: 0:'CA'158-3:'CA'161,5:'CA'2207-5:'CA'2207,10:'CA'166-12:'CA'168

	GGAG...C~AAC
	UGAA...C~UAG

#  Matched base-pairing interactions: 
	<G(3:)-C(4:) cis W/W>                          MATCHES	<A(3:'CA'161)-C(5:'CA'2207) cis S/S>
	<A(2:)-A(8:) trans H/H>                        MATCHES	<A(2:'CA'160)-U(10:'CA'166) trans H/W>
	<G(1:)-A(9:) trans S/H>                        MATCHES	<G(1:'CA'159)-A(11:'CA'167) trans S/H>
	<G(0:)-C(10:) cis W/W>                         MATCHES	<U(0:'CA'158)-G(12:'CA'168) cis W/W>
#  Matched base-stacking interactions: 

>>>>>>>>>>   ALIGNMENT ENDS   >>>>>>>>>>

<<<<<<<<<<  ALIGNMENT BEGINS  <<<<<<<<<<

#  Aligning reverse-kturn_conseusns and 5j91_CA:2222-2229_2089-2092_2195-2200:
#  Alignment score:  36.4
#  P-value:  7.000e-02
#  Query aligned region: 0-3,4-10
#  Target aligned region: 0:'CA'2223-5:'CA'2228,9:'CA'2091-10:'CA'2092,15:'CA'2199-16:'CA'2200

	GG--AG...CACAA~AC
	GGACAG...C---U~AC

#  Matched base-pairing interactions: 
	<G(1:)-A(9:) trans S/H>                        MATCHES	<G(1:'CA'2224)-A(15:'CA'2199) trans S/H>
	<A(2:)-A(8:) trans H/H>                        MATCHES	<A(4:'CA'2227)-U(10:'CA'2092) trans H/H>
	<G(3:)-C(4:) cis W/W>                          MATCHES	<G(5:'CA'2228)-C(9:'CA'2091) cis W/W>
	<G(0:)-C(10:) cis W/W>                         MATCHES	<G(0:'CA'2223)-C(16:'CA'2200) cis W/W>
#  Matched base-stacking interactions: 

>>>>>>>>>>   ALIGNMENT ENDS   >>>>>>>>>>

<<<<<<<<<<  ALIGNMENT BEGINS  <<<<<<<<<<

#  Aligning reverse-kturn_conseusns and 5j91_CA:296-299_321-326_331-341:
#  Alignment score:  36.4
#  P-value:  7.000e-02
#  Query aligned region: 0-2,8-10
#  Target aligned region: 0:'CA'297-1:'CA'298,4:'CA'322-4:'CA'322,17:'CA'339-19:'CA'341

	GG~A...AAC
	GG~A...UAC

#  Matched base-pairing interactions: 
	<G(1:)-A(9:) trans S/H>                        MATCHES	<G(1:'CA'298)-A(18:'CA'340) trans S/H>
	<A(2:)-A(8:) trans H/H>                        MATCHES	<A(4:'CA'322)-U(17:'CA'339) cis S/W>
	<G(0:)-C(10:) cis W/W>                         MATCHES	<G(0:'CA'297)-C(19:'CA'341) cis W/W>
#  Matched base-stacking interactions: 

>>>>>>>>>>   ALIGNMENT ENDS   >>>>>>>>>>

<<<<<<<<<<  ALIGNMENT BEGINS  <<<<<<<<<<

#  Aligning reverse-kturn_conseusns and 5j91_CA:240-247_383-385_248-254:
#  Alignment score:  36.2
#  P-value:  7.124e-02
#  Query aligned region: 0-2,8-10
#  Target aligned region: 5:'CA'246-6:'CA'247,9:'CA'385-10:'CA'386,13:'CA'251-14:'CA'252

	GG~A...A~AC
	CG~C...G~AG

#  Matched base-pairing interactions: 
	<G(1:)-A(9:) trans S/H>                        MATCHES	<G(6:'CA'247)-A(13:'CA'251) trans S/H>
	<A(2:)-A(8:) trans H/H>                        MATCHES	<C(9:'CA'385)-G(10:'CA'386) cis S/H>
	<G(0:)-C(10:) cis W/W>                         MATCHES	<C(5:'CA'246)-G(14:'CA'252) cis W/W>
#  Matched base-stacking interactions: 

>>>>>>>>>>   ALIGNMENT ENDS   >>>>>>>>>>

<<<<<<<<<<  ALIGNMENT BEGINS  <<<<<<<<<<

#  Aligning reverse-kturn_conseusns and 5j91_CA:627-638:
#  Alignment score:  35.8
#  P-value:  7.383e-02
#  Query aligned region: 0-1,9-10
#  Target aligned region: 1:'CA'629-6:'CA'634

	GG...AC
	GG...AC

#  Matched base-pairing interactions: 
	<G(1:)-A(9:) trans S/H>                        MATCHES	<G(2:'CA'630)-A(5:'CA'633) trans S/H>
	<G(0:)-C(10:) cis W/W>                         MATCHES	<G(1:'CA'629)-C(6:'CA'634) cis W/W>
#  Matched base-stacking interactions: 

>>>>>>>>>>   ALIGNMENT ENDS   >>>>>>>>>>

<<<<<<<<<<  ALIGNMENT BEGINS  <<<<<<<<<<

#  Aligning reverse-kturn_conseusns and 5j91_CA:456-462_681-683_463-469:
#  Alignment score:  35.8
#  P-value:  7.383e-02
#  Query aligned region: 0-2,8-10
#  Target aligned region: 5:'CA'462-6:'CA'463,8:'CA'683-8:'CA'683,11:'CA'465-13:'CA'467

	GG~A...AAC
	CG~U...GAG

#  Matched base-pairing interactions: 
	<G(1:)-A(9:) trans S/H>                        MATCHES	<G(6:'CA'463)-A(12:'CA'466) trans S/H>
	<A(2:)-A(8:) trans H/H>                        MATCHES	<U(8:'CA'683)-G(11:'CA'465) cis -/->
	<G(0:)-C(10:) cis W/W>                         MATCHES	<C(5:'CA'462)-G(13:'CA'467) cis W/W>
#  Matched base-stacking interactions: 

>>>>>>>>>>   ALIGNMENT ENDS   >>>>>>>>>>

<<<<<<<<<<  ALIGNMENT BEGINS  <<<<<<<<<<

#  Aligning reverse-kturn_conseusns and 5j91_CA:2763-2769_2733-2737_2540-2542:
#  Alignment score:  35.6
#  P-value:  7.518e-02
#  Query aligned region: 0-1,9-10
#  Target aligned region: 5:'CA'2769-6:'CA'2770,7:'CA'2734-8:'CA'2735

	GG...AC
	UG...AG

#  Matched base-pairing interactions: 
	<G(1:)-A(9:) trans S/H>                        MATCHES	<G(6:'CA'2770)-A(7:'CA'2734) trans S/H>
	<G(0:)-C(10:) cis W/W>                         MATCHES	<U(5:'CA'2769)-G(8:'CA'2735) cis W/W>
#  Matched base-stacking interactions: 

>>>>>>>>>>   ALIGNMENT ENDS   >>>>>>>>>>

<<<<<<<<<<  ALIGNMENT BEGINS  <<<<<<<<<<

#  Aligning reverse-kturn_conseusns and 5j91_CA:1796-1806_1368-1369_1808-1816:
#  Alignment score:  35.6
#  P-value:  7.518e-02
#  Query aligned region: 0-2,8-10
#  Target aligned region: 9:'CA'1806-10:'CA'1807,11:'CA'1369-11:'CA'1369,13:'CA'1809-15:'CA'1811

	GG~A...AAC
	CG~G...AAG

#  Matched base-pairing interactions: 
	<A(2:)-A(8:) trans H/H>                        MATCHES	<G(11:'CA'1369)-A(13:'CA'1809) cis -/->
	<G(1:)-A(9:) trans S/H>                        MATCHES	<G(10:'CA'1807)-A(14:'CA'1810) trans S/H>
	<G(0:)-C(10:) cis W/W>                         MATCHES	<C(9:'CA'1806)-G(15:'CA'1811) cis W/W>
#  Matched base-stacking interactions: 

>>>>>>>>>>   ALIGNMENT ENDS   >>>>>>>>>>

<<<<<<<<<<  ALIGNMENT BEGINS  <<<<<<<<<<

#  Aligning reverse-kturn_conseusns and 5j91_CA:1737-1743_1714-1721:
#  Alignment score:  35.6
#  P-value:  7.518e-02
#  Query aligned region: 0-2,8-10
#  Target aligned region: 4:'CA'1742-6:'CA'1744,8:'CA'1716-10:'CA'1718

	GGA...AAC
	UGA...UAG

#  Matched base-pairing interactions: 
	<A(2:)-A(8:) trans H/H>                        MATCHES	<A(6:'CA'1744)-U(8:'CA'1716) trans H/W>
	<G(1:)-A(9:) trans S/H>                        MATCHES	<G(5:'CA'1743)-A(9:'CA'1717) trans S/H>
	<G(0:)-C(10:) cis W/W>                         MATCHES	<U(4:'CA'1742)-G(10:'CA'1718) cis W/W>
#  Matched base-stacking interactions: 

>>>>>>>>>>   ALIGNMENT ENDS   >>>>>>>>>>

<<<<<<<<<<  ALIGNMENT BEGINS  <<<<<<<<<<

#  Aligning reverse-kturn_conseusns and 5j91_CA:1493-1495_1416-1420_1576-1580:
#  Alignment score:  35.6
#  P-value:  7.518e-02
#  Query aligned region: 0-1,9-10
#  Target aligned region: 3:'CA'1417-4:'CA'1418,11:'CA'1580-12:'CA'1581

	GG...AC
	CG...AG

#  Matched base-pairing interactions: 
	<G(1:)-A(9:) trans S/H>                        MATCHES	<G(4:'CA'1418)-A(11:'CA'1580) trans S/H>
	<G(0:)-C(10:) cis W/W>                         MATCHES	<C(3:'CA'1417)-G(12:'CA'1581) cis W/W>
#  Matched base-stacking interactions: 

>>>>>>>>>>   ALIGNMENT ENDS   >>>>>>>>>>

<<<<<<<<<<  ALIGNMENT BEGINS  <<<<<<<<<<

#  Aligning reverse-kturn_conseusns and 5j91_CA:1008-1013_1148-1156_998-1003:
#  Alignment score:  35.6
#  P-value:  7.518e-02
#  Query aligned region: 0-1,9-10
#  Target aligned region: 10:'CA'1153-11:'CA'1154,17:'CA'1001-18:'CA'1002

	GG...AC
	CG...AG

#  Matched base-pairing interactions: 
	<G(1:)-A(9:) trans S/H>                        MATCHES	<G(11:'CA'1154)-A(17:'CA'1001) trans S/H>
	<G(0:)-C(10:) cis W/W>                         MATCHES	<C(10:'CA'1153)-G(18:'CA'1002) cis W/W>
#  Matched base-stacking interactions: 

>>>>>>>>>>   ALIGNMENT ENDS   >>>>>>>>>>

<<<<<<<<<<  ALIGNMENT BEGINS  <<<<<<<<<<

#  Aligning reverse-kturn_conseusns and 5j91_CA:505-506_481-487_491-497:
#  Alignment score:  35.6
#  P-value:  7.518e-02
#  Query aligned region: 0-1,9-10
#  Target aligned region: 7:'CA'487-8:'CA'488,9:'CA'492-10:'CA'493

	GG...AC
	CG...AG

#  Matched base-pairing interactions: 
	<G(1:)-A(9:) trans S/H>                        MATCHES	<G(8:'CA'488)-A(9:'CA'492) trans S/H>
	<G(0:)-C(10:) cis W/W>                         MATCHES	<C(7:'CA'487)-G(10:'CA'493) cis W/W>
#  Matched base-stacking interactions: 

>>>>>>>>>>   ALIGNMENT ENDS   >>>>>>>>>>

<<<<<<<<<<  ALIGNMENT BEGINS  <<<<<<<<<<

#  Aligning reverse-kturn_conseusns and 5j91_CA:610-616:
#  Alignment score:  35.5
#  P-value:  7.587e-02
#  Query aligned region: 0-2,8-10
#  Target aligned region: 0:'CA'611-6:'CA'617

	GGA...A-AC
	CGA...AUAG

#  Matched base-pairing interactions: 
	<G(1:)-A(9:) trans S/H>                        MATCHES	<G(1:'CA'612)-A(5:'CA'616) trans S/H>
	<A(2:)-A(8:) trans H/H>                        MATCHES	<A(2:'CA'613)-A(3:'CA'614) cis -/->
	<G(0:)-C(10:) cis W/W>                         MATCHES	<C(0:'CA'611)-G(6:'CA'617) cis W/W>
#  Matched base-stacking interactions: 

>>>>>>>>>>   ALIGNMENT ENDS   >>>>>>>>>>

<<<<<<<<<<  ALIGNMENT BEGINS  <<<<<<<<<<

#  Aligning reverse-kturn_conseusns and 5j91_CA:2593-2595_2072-2074_2596-2598:
#  Alignment score:  35.4
#  P-value:  7.656e-02
#  Query aligned region: 0-2,8-10
#  Target aligned region: 0:'CA'2594-1:'CA'2595,4:'CA'2074-4:'CA'2074,6:'CA'2597-8:'CA'2599

	GG~A...AAC
	CG~U...GAG

#  Matched base-pairing interactions: 
	<G(1:)-A(9:) trans S/H>                        MATCHES	<G(1:'CA'2595)-A(7:'CA'2598) trans S/H>
	<A(2:)-A(8:) trans H/H>                        MATCHES	<U(4:'CA'2074)-G(6:'CA'2597) cis -/->
	<G(0:)-C(10:) cis W/W>                         MATCHES	<C(0:'CA'2594)-G(8:'CA'2599) cis W/W>
#  Matched base-stacking interactions: 

>>>>>>>>>>   ALIGNMENT ENDS   >>>>>>>>>>

<<<<<<<<<<  ALIGNMENT BEGINS  <<<<<<<<<<

#  Aligning reverse-kturn_conseusns and 5j91_CA:908-916_858-866:
#  Alignment score:  35.4
#  P-value:  7.656e-02
#  Query aligned region: 0-2,8-10
#  Target aligned region: 6:'CA'915-8:'CA'917,10:'CA'860-12:'CA'862

	GGA...AAC
	CGA...UAG

#  Matched base-pairing interactions: 
	<A(2:)-A(8:) trans H/H>                        MATCHES	<A(8:'CA'917)-U(10:'CA'860) trans H/W>
	<G(1:)-A(9:) trans S/H>                        MATCHES	<G(7:'CA'916)-A(11:'CA'861) trans S/H>
	<G(0:)-C(10:) cis W/W>                         MATCHES	<C(6:'CA'915)-G(12:'CA'862) cis W/W>
#  Matched base-stacking interactions: 

>>>>>>>>>>   ALIGNMENT ENDS   >>>>>>>>>>

<<<<<<<<<<  ALIGNMENT BEGINS  <<<<<<<<<<

#  Aligning reverse-kturn_conseusns and 5j91_CA:968-977_983-990_1184-1187:
#  Alignment score:  35.3
#  P-value:  7.727e-02
#  Query aligned region: 0-3,4-10
#  Target aligned region: 4:'CA'973-7:'CA'976,13:'CA'987-16:'CA'990,19:'CA'1186-19:'CA'1186

	GGAG...CACAAA~C
	AGAG...C--AGA~G

#  Matched base-pairing interactions: 
	<G(3:)-C(4:) cis W/W>                          MATCHES	<G(7:'CA'976)-C(13:'CA'987) cis W/W>
	<G(0:)-C(10:) cis W/W>                         MATCHES	<A(4:'CA'973)-G(19:'CA'1186) cis -/->
	<A(2:)-A(8:) trans H/H>                        MATCHES	<A(6:'CA'975)-G(15:'CA'989) trans H/S>
	<G(1:)-A(9:) trans S/H>                        MATCHES	<G(5:'CA'974)-A(16:'CA'990) trans S/H>
#  Matched base-stacking interactions: 

>>>>>>>>>>   ALIGNMENT ENDS   >>>>>>>>>>

<<<<<<<<<<  ALIGNMENT BEGINS  <<<<<<<<<<

#  Aligning reverse-kturn_conseusns and 5j91_CA:421-423_398-405_369-374:
#  Alignment score:  35
#  P-value:  7.945e-02
#  Query aligned region: 0-3,4-10
#  Target aligned region: 3:'CA'399-8:'CA'404,12:'CA'371-16:'CA'375

	GG-AG...C~A--AC
	UGAAU...A~AGUAG

#  Matched base-pairing interactions: 
	<G(3:)-C(4:) cis W/W>                          MATCHES	<U(7:'CA'403)-A(8:'CA'404) cis S/S>
	<G(1:)-A(9:) trans S/H>                        MATCHES	<G(4:'CA'400)-A(15:'CA'374) trans S/H>
	<A(2:)-A(8:) trans H/H>                        MATCHES	<A(6:'CA'402)-A(12:'CA'371) trans H/H>
	<G(0:)-C(10:) cis W/W>                         MATCHES	<U(3:'CA'399)-G(16:'CA'375) cis W/W>
#  Matched base-stacking interactions: 

>>>>>>>>>>   ALIGNMENT ENDS   >>>>>>>>>>

<<<<<<<<<<  ALIGNMENT BEGINS  <<<<<<<<<<

#  Aligning reverse-kturn_conseusns and 5j91_CA:2770-2777_2636-2642:
#  Alignment score:  35
#  P-value:  7.945e-02
#  Query aligned region: 0-3,4-10
#  Target aligned region: 3:'CA'2774-7:'CA'2778,9:'CA'2638-11:'CA'2640

	GGAG...C~AAC
	CGAG...A~GAG

#  Matched base-pairing interactions: 
	<G(3:)-C(4:) cis W/W>                          MATCHES	<G(6:'CA'2777)-A(7:'CA'2778) cis S/S>
	<A(2:)-A(8:) trans H/H>                        MATCHES	<A(5:'CA'2776)-G(9:'CA'2638) cis -/->
	<G(1:)-A(9:) trans S/H>                        MATCHES	<G(4:'CA'2775)-A(10:'CA'2639) trans S/H>
	<G(0:)-C(10:) cis W/W>                         MATCHES	<C(3:'CA'2774)-G(11:'CA'2640) cis W/W>
#  Matched base-stacking interactions: 

>>>>>>>>>>   ALIGNMENT ENDS   >>>>>>>>>>

<<<<<<<<<<  ALIGNMENT BEGINS  <<<<<<<<<<

#  Aligning reverse-kturn_conseusns and 5j91_CA:2142-2147:
#  Alignment score:  35
#  P-value:  7.945e-02
#  Query aligned region: 0-1,9-10
#  Target aligned region: 0:'CA'2143-5:'CA'2148

	GG...AC
	CG...AG

#  Matched base-pairing interactions: 
	<G(1:)-A(9:) trans S/H>                        MATCHES	<G(1:'CA'2144)-A(4:'CA'2147) trans S/H>
	<G(0:)-C(10:) cis W/W>                         MATCHES	<C(0:'CA'2143)-G(5:'CA'2148) cis W/W>
#  Matched base-stacking interactions: 

>>>>>>>>>>   ALIGNMENT ENDS   >>>>>>>>>>

<<<<<<<<<<  ALIGNMENT BEGINS  <<<<<<<<<<

#  Aligning reverse-kturn_conseusns and 5j91_CA:2846-2853_2863-2868:
#  Alignment score:  34.8
#  P-value:  8.096e-02
#  Query aligned region: 0-1,9-10
#  Target aligned region: 0:'CA'2847-1:'CA'2848,12:'CA'2868-13:'CA'2869

	GG...AC
	UG...AG

#  Matched base-pairing interactions: 
	<G(1:)-A(9:) trans S/H>                        MATCHES	<G(1:'CA'2848)-A(12:'CA'2868) trans S/H>
	<G(0:)-C(10:) cis W/W>                         MATCHES	<U(0:'CA'2847)-G(13:'CA'2869) cis W/W>
#  Matched base-stacking interactions: 

>>>>>>>>>>   ALIGNMENT ENDS   >>>>>>>>>>

<<<<<<<<<<  ALIGNMENT BEGINS  <<<<<<<<<<

#  Aligning reverse-kturn_conseusns and 5j91_CA:613-620_259-260_606-612:
#  Alignment score:  34.8
#  P-value:  8.096e-02
#  Query aligned region: 0-2,8-10
#  Target aligned region: 4:'CA'618-5:'CA'619,8:'CA'260-8:'CA'260,11:'CA'608-13:'CA'610

	GG~A...AAC
	GG~G...AAC

#  Matched base-pairing interactions: 
	<G(1:)-A(9:) trans S/H>                        MATCHES	<G(5:'CA'619)-A(12:'CA'609) trans S/H>
	<A(2:)-A(8:) trans H/H>                        MATCHES	<G(8:'CA'260)-A(11:'CA'608) cis -/->
	<G(0:)-C(10:) cis W/W>                         MATCHES	<G(4:'CA'618)-C(13:'CA'610) cis W/W>
#  Matched base-stacking interactions: 

>>>>>>>>>>   ALIGNMENT ENDS   >>>>>>>>>>

<<<<<<<<<<  ALIGNMENT BEGINS  <<<<<<<<<<

#  Aligning reverse-kturn_conseusns and 5j91_CA:2686-2691_2870-2872_2717-2721:
#  Alignment score:  34.6
#  P-value:  8.250e-02
#  Query aligned region: 0-2,8-10
#  Target aligned region: 0:'CA'2687-1:'CA'2688,8:'CA'2873-8:'CA'2873,11:'CA'2720-13:'CA'2722

	GG~A...AAC
	UG~A...UAG

#  Matched base-pairing interactions: 
	<G(1:)-A(9:) trans S/H>                        MATCHES	<G(1:'CA'2688)-A(12:'CA'2721) trans S/H>
	<A(2:)-A(8:) trans H/H>                        MATCHES	<A(8:'CA'2873)-U(11:'CA'2720) cis H/W>
	<G(0:)-C(10:) cis W/W>                         MATCHES	<U(0:'CA'2687)-G(13:'CA'2722) cis W/W>
#  Matched base-stacking interactions: 

>>>>>>>>>>   ALIGNMENT ENDS   >>>>>>>>>>

<<<<<<<<<<  ALIGNMENT BEGINS  <<<<<<<<<<

#  Aligning reverse-kturn_conseusns and 5j91_CA:2653-2658_2530-2531_2660-2664:
#  Alignment score:  34.6
#  P-value:  8.250e-02
#  Query aligned region: 0-2,8-10
#  Target aligned region: 4:'CA'2658-5:'CA'2659,6:'CA'2531-6:'CA'2531,8:'CA'2661-10:'CA'2663

	GG~A...AAC
	CG~A...GAG

#  Matched base-pairing interactions: 
	<A(2:)-A(8:) trans H/H>                        MATCHES	<A(6:'CA'2531)-G(8:'CA'2661) cis W/W>
	<G(1:)-A(9:) trans S/H>                        MATCHES	<G(5:'CA'2659)-A(9:'CA'2662) trans S/H>
	<G(0:)-C(10:) cis W/W>                         MATCHES	<C(4:'CA'2658)-G(10:'CA'2663) cis W/W>
#  Matched base-stacking interactions: 

>>>>>>>>>>   ALIGNMENT ENDS   >>>>>>>>>>

<<<<<<<<<<  ALIGNMENT BEGINS  <<<<<<<<<<

#  Aligning reverse-kturn_conseusns and 5j91_CA:875-880_894-900:
#  Alignment score:  34.6
#  P-value:  8.250e-02
#  Query aligned region: 0-2,8-10
#  Target aligned region: 0:'CA'876-2:'CA'878,10:'CA'899-12:'CA'901

	GGA...AAC
	CAA...AAC

#  Matched base-pairing interactions: 
	<A(2:)-A(8:) trans H/H>                        MATCHES	<A(2:'CA'878)-A(10:'CA'899) cis -/->
	<G(1:)-A(9:) trans S/H>                        MATCHES	<A(1:'CA'877)-A(11:'CA'900) trans S/H>
	<G(0:)-C(10:) cis W/W>                         MATCHES	<C(0:'CA'876)-C(12:'CA'901) cis W/W>
#  Matched base-stacking interactions: 

>>>>>>>>>>   ALIGNMENT ENDS   >>>>>>>>>>

<<<<<<<<<<  ALIGNMENT BEGINS  <<<<<<<<<<

#  Aligning reverse-kturn_conseusns and 5j91_CA:816-821_1185-1189_971-973:
#  Alignment score:  34.6
#  P-value:  8.250e-02
#  Query aligned region: 0-2,8-10
#  Target aligned region: 0:'CA'817-2:'CA'819,8:'CA'1188-10:'CA'1190

	GGA...AAC
	CGA...UAG

#  Matched base-pairing interactions: 
	<A(2:)-A(8:) trans H/H>                        MATCHES	<A(2:'CA'819)-U(8:'CA'1188) trans H/W>
	<G(1:)-A(9:) trans S/H>                        MATCHES	<G(1:'CA'818)-A(9:'CA'1189) trans S/H>
	<G(0:)-C(10:) cis W/W>                         MATCHES	<C(0:'CA'817)-G(10:'CA'1190) cis W/W>
#  Matched base-stacking interactions: 

>>>>>>>>>>   ALIGNMENT ENDS   >>>>>>>>>>

<<<<<<<<<<  ALIGNMENT BEGINS  <<<<<<<<<<

#  Aligning reverse-kturn_conseusns and 5j91_CA:755-760_697-698_732-741:
#  Alignment score:  34.4
#  P-value:  8.410e-02
#  Query aligned region: 0-2,8-10
#  Target aligned region: 4:'CA'760-5:'CA'761,6:'CA'698-6:'CA'698,9:'CA'734-11:'CA'736

	GG~A...AAC
	GA~C...AAC

#  Matched base-pairing interactions: 
	<A(2:)-A(8:) trans H/H>                        MATCHES	<C(6:'CA'698)-A(9:'CA'734) cis -/->
	<G(1:)-A(9:) trans S/H>                        MATCHES	<A(5:'CA'761)-A(10:'CA'735) trans S/H>
	<G(0:)-C(10:) cis W/W>                         MATCHES	<G(4:'CA'760)-C(11:'CA'736) cis W/W>
#  Matched base-stacking interactions: 

>>>>>>>>>>   ALIGNMENT ENDS   >>>>>>>>>>

<<<<<<<<<<  ALIGNMENT BEGINS  <<<<<<<<<<

#  Aligning reverse-kturn_conseusns and 5j91_CA:1882-1888_2085-2086_1852-1858:
#  Alignment score:  34.2
#  P-value:  8.574e-02
#  Query aligned region: 0-2,8-10
#  Target aligned region: 4:'CA'1887-5:'CA'1888,8:'CA'2087-8:'CA'2087,9:'CA'1853-11:'CA'1855

	GG~A...AAC
	CG~G...AAU

#  Matched base-pairing interactions: 
	<G(1:)-A(9:) trans S/H>                        MATCHES	<G(5:'CA'1888)-A(10:'CA'1854) trans S/H>
	<A(2:)-A(8:) trans H/H>                        MATCHES	<G(8:'CA'2087)-A(9:'CA'1853) cis -/->
	<G(0:)-C(10:) cis W/W>                         MATCHES	<C(4:'CA'1887)-U(11:'CA'1855) cis W/W>
#  Matched base-stacking interactions: 

>>>>>>>>>>   ALIGNMENT ENDS   >>>>>>>>>>

<<<<<<<<<<  ALIGNMENT BEGINS  <<<<<<<<<<

#  Aligning reverse-kturn_conseusns and 5j91_CA:1361-1363_1365-1368_1808-1809:
#  Alignment score:  34.2
#  P-value:  8.574e-02
#  Query aligned region: 0-1,9-10
#  Target aligned region: 1:'CA'1363-2:'CA'1364,4:'CA'1367-5:'CA'1368

	GG...AC
	CG...AG

#  Matched base-pairing interactions: 
	<G(1:)-A(9:) trans S/H>                        MATCHES	<G(2:'CA'1364)-A(4:'CA'1367) trans S/H>
	<G(0:)-C(10:) cis W/W>                         MATCHES	<C(1:'CA'1363)-G(5:'CA'1368) cis W/W>
#  Matched base-stacking interactions: 

>>>>>>>>>>   ALIGNMENT ENDS   >>>>>>>>>>

<<<<<<<<<<  ALIGNMENT BEGINS  <<<<<<<<<<

#  Aligning reverse-kturn_conseusns and 5j91_CA:727-734_1631-1633_697-702:
#  Alignment score:  34.2
#  P-value:  8.574e-02
#  Query aligned region: 0-2,8-10
#  Target aligned region: 4:'CA'732-6:'CA'734,10:'CA'1634-10:'CA'1634,12:'CA'699-13:'CA'700

	GGA...A~AC
	CGA...A~AG

#  Matched base-pairing interactions: 
	<G(1:)-A(9:) trans S/H>                        MATCHES	<G(5:'CA'733)-A(12:'CA'699) trans S/H>
	<A(2:)-A(8:) trans H/H>                        MATCHES	<A(6:'CA'734)-A(10:'CA'1634) cis -/->
	<G(0:)-C(10:) cis W/W>                         MATCHES	<C(4:'CA'732)-G(13:'CA'700) cis W/W>
#  Matched base-stacking interactions: 

>>>>>>>>>>   ALIGNMENT ENDS   >>>>>>>>>>

<<<<<<<<<<  ALIGNMENT BEGINS  <<<<<<<<<<

#  Aligning reverse-kturn_conseusns and 5j91_CA:248-254_383-385_240-247:
#  Alignment score:  34
#  P-value:  8.743e-02
#  Query aligned region: 0-3,4-10
#  Target aligned region: 4:'CA'253-6:'CA'255,7:'CA'384-8:'CA'385,12:'CA'243-14:'CA'245

	GGA~G...C~AAC
	CGA~A...C~UAG

#  Matched base-pairing interactions: 
	<G(3:)-C(4:) cis W/W>                          MATCHES	<A(7:'CA'384)-C(8:'CA'385) cis -/->
	<A(2:)-A(8:) trans H/H>                        MATCHES	<A(6:'CA'255)-U(12:'CA'243) trans H/W>
	<G(1:)-A(9:) trans S/H>                        MATCHES	<G(5:'CA'254)-A(13:'CA'244) trans S/H>
	<G(0:)-C(10:) cis W/W>                         MATCHES	<C(4:'CA'253)-G(14:'CA'245) cis W/W>
#  Matched base-stacking interactions: 

>>>>>>>>>>   ALIGNMENT ENDS   >>>>>>>>>>

<<<<<<<<<<  ALIGNMENT BEGINS  <<<<<<<<<<

#  Aligning reverse-kturn_conseusns and 5j91_CA:1309-1313_1337-1341_1601-1603:
#  Alignment score:  33.6
#  P-value:  9.096e-02
#  Query aligned region: 0-3,4-10
#  Target aligned region: 0:'CA'1310-4:'CA'1314,5:'CA'1338-7:'CA'1340,11:'CA'1603-12:'CA'1604

	GGA-G...CACAA~AC
	GGUUC...G--GU~AC

#  Matched base-pairing interactions: 
	<G(3:)-C(4:) cis W/W>                          MATCHES	<C(4:'CA'1314)-G(5:'CA'1338) cis W/W>
	<G(1:)-A(9:) trans S/H>                        MATCHES	<G(1:'CA'1311)-A(11:'CA'1603) trans S/H>
	<A(2:)-A(8:) trans H/H>                        MATCHES	<U(2:'CA'1312)-U(7:'CA'1340) cis -/->
	<G(0:)-C(10:) cis W/W>                         MATCHES	<G(0:'CA'1310)-C(12:'CA'1604) cis W/W>
#  Matched base-stacking interactions: 

>>>>>>>>>>   ALIGNMENT ENDS   >>>>>>>>>>

<<<<<<<<<<  ALIGNMENT BEGINS  <<<<<<<<<<

#  Aligning reverse-kturn_conseusns and 5j91_CA:2001-2005_1650-1658:
#  Alignment score:  33.6
#  P-value:  9.096e-02
#  Query aligned region: 0-1,9-10
#  Target aligned region: 2:'CA'2004-3:'CA'2005,9:'CA'1655-10:'CA'1656

	GG...AC
	GA...AC

#  Matched base-pairing interactions: 
	<G(1:)-A(9:) trans S/H>                        MATCHES	<A(3:'CA'2005)-A(9:'CA'1655) trans S/H>
	<G(0:)-C(10:) cis W/W>                         MATCHES	<G(2:'CA'2004)-C(10:'CA'1656) cis W/W>
#  Matched base-stacking interactions: 

>>>>>>>>>>   ALIGNMENT ENDS   >>>>>>>>>>

<<<<<<<<<<  ALIGNMENT BEGINS  <<<<<<<<<<

#  Aligning reverse-kturn_conseusns and 5j91_CA:1371-1379_691-692_1351-1358:
#  Alignment score:  33.6
#  P-value:  9.096e-02
#  Query aligned region: 0-2,8-10
#  Target aligned region: 4:'CA'1376-5:'CA'1377,10:'CA'693-10:'CA'693,12:'CA'1353-14:'CA'1355

	GG~A...AAC
	CG~A...AAG

#  Matched base-pairing interactions: 
	<G(1:)-A(9:) trans S/H>                        MATCHES	<G(5:'CA'1377)-A(13:'CA'1354) trans S/H>
	<A(2:)-A(8:) trans H/H>                        MATCHES	<A(10:'CA'693)-A(12:'CA'1353) cis -/->
	<G(0:)-C(10:) cis W/W>                         MATCHES	<C(4:'CA'1376)-G(14:'CA'1355) cis W/W>
#  Matched base-stacking interactions: 

>>>>>>>>>>   ALIGNMENT ENDS   >>>>>>>>>>

<<<<<<<<<<  ALIGNMENT BEGINS  <<<<<<<<<<

#  Aligning reverse-kturn_conseusns and 5j91_CA:1862-1864_2404-2411_411-415:
#  Alignment score:  33.6
#  P-value:  9.096e-02
#  Query aligned region: 0-1,9-10
#  Target aligned region: 8:'CA'2410-9:'CA'2411,11:'CA'412-12:'CA'413

	GG...AC
	GA...AC

#  Matched base-pairing interactions: 
	<G(1:)-A(9:) trans S/H>                        MATCHES	<A(9:'CA'2411)-A(11:'CA'412) trans S/H>
	<G(0:)-C(10:) cis W/W>                         MATCHES	<G(8:'CA'2410)-C(12:'CA'413) cis W/W>
#  Matched base-stacking interactions: 

>>>>>>>>>>   ALIGNMENT ENDS   >>>>>>>>>>

<<<<<<<<<<  ALIGNMENT BEGINS  <<<<<<<<<<

#  Aligning reverse-kturn_conseusns and 5j91_CA:1855-1859_1881-1885:
#  Alignment score:  33.4
#  P-value:  9.280e-02
#  Query aligned region: 0-3,4-10
#  Target aligned region: 0:'CA'1856-4:'CA'1860,5:'CA'1882-9:'CA'1886

	GGA-G...CACAAAC
	UGAUG...U--UGAU

#  Matched base-pairing interactions: 
	<G(3:)-C(4:) cis W/W>                          MATCHES	<G(4:'CA'1860)-U(5:'CA'1882) cis W/W>
	<A(2:)-A(8:) trans H/H>                        MATCHES	<A(2:'CA'1858)-G(7:'CA'1884) trans H/S>
	<G(1:)-A(9:) trans S/H>                        MATCHES	<G(1:'CA'1857)-A(8:'CA'1885) trans S/H>
	<G(0:)-C(10:) cis W/W>                         MATCHES	<U(0:'CA'1856)-U(9:'CA'1886) cis W/W>
#  Matched base-stacking interactions: 

>>>>>>>>>>   ALIGNMENT ENDS   >>>>>>>>>>

<<<<<<<<<<  ALIGNMENT BEGINS  <<<<<<<<<<

#  Aligning reverse-kturn_conseusns and 5j91_CA:1555-1556_1510-1516_1473-1480:
#  Alignment score:  33.4
#  P-value:  9.280e-02
#  Query aligned region: 0-3,4-10
#  Target aligned region: 4:'CA'1513-8:'CA'1517,9:'CA'1474-13:'CA'1478

	GGA-G...CACAAAC
	UGAGG...U--GUAG

#  Matched base-pairing interactions: 
	<G(3:)-C(4:) cis W/W>                          MATCHES	<G(8:'CA'1517)-U(9:'CA'1474) cis W/W>
	<A(2:)-A(8:) trans H/H>                        MATCHES	<A(6:'CA'1515)-U(11:'CA'1476) trans H/W>
	<G(1:)-A(9:) trans S/H>                        MATCHES	<G(5:'CA'1514)-A(12:'CA'1477) trans S/H>
	<G(0:)-C(10:) cis W/W>                         MATCHES	<U(4:'CA'1513)-G(13:'CA'1478) cis W/W>
#  Matched base-stacking interactions: 

>>>>>>>>>>   ALIGNMENT ENDS   >>>>>>>>>>

<<<<<<<<<<  ALIGNMENT BEGINS  <<<<<<<<<<

#  Aligning reverse-kturn_conseusns and 5j91_CA:28-29_1229-1238_1211-1219:
#  Alignment score:  33.2
#  P-value:  9.470e-02
#  Query aligned region: 0-1,9-10
#  Target aligned region: 6:'CA'1234-7:'CA'1235,14:'CA'1214-15:'CA'1215

	GG...AC
	UG...AG

#  Matched base-pairing interactions: 
	<G(1:)-A(9:) trans S/H>                        MATCHES	<G(7:'CA'1235)-A(14:'CA'1214) trans S/H>
	<G(0:)-C(10:) cis W/W>                         MATCHES	<U(6:'CA'1234)-G(15:'CA'1215) cis W/W>
#  Matched base-stacking interactions: 

>>>>>>>>>>   ALIGNMENT ENDS   >>>>>>>>>>

<<<<<<<<<<  ALIGNMENT BEGINS  <<<<<<<<<<

#  Aligning reverse-kturn_conseusns and 5j91_CA:228-233_218-222_223-225:
#  Alignment score:  33
#  P-value:  9.667e-02
#  Query aligned region: 0-2,8-10
#  Target aligned region: 2:'CA'231-3:'CA'232,7:'CA'220-9:'CA'222,11:'CA'224-11:'CA'224

	GG~A...AA~C
	AG~G...AA~U

#  Matched base-pairing interactions: 
	<G(0:)-C(10:) cis W/W>                         MATCHES	<A(2:'CA'231)-U(11:'CA'224) cis W/W>
	<G(1:)-A(9:) trans S/H>                        MATCHES	<G(3:'CA'232)-A(9:'CA'222) trans S/H>
	<A(2:)-A(8:) trans H/H>                        MATCHES	<G(7:'CA'220)-A(8:'CA'221) cis S/H>
#  Matched base-stacking interactions: 

>>>>>>>>>>   ALIGNMENT ENDS   >>>>>>>>>>

<<<<<<<<<<  ALIGNMENT BEGINS  <<<<<<<<<<

#  Aligning reverse-kturn_conseusns and 5j91_CA:2630-2631_2887-2890_2806-2811:
#  Alignment score:  33
#  P-value:  9.667e-02
#  Query aligned region: 0-2,8-10
#  Target aligned region: 3:'CA'2889-4:'CA'2890,7:'CA'2808-10:'CA'2811

	GG~A...AAC
	CG~G...AAG

#  Matched base-pairing interactions: 
	<G(1:)-A(9:) trans S/H>                        MATCHES	<G(4:'CA'2890)-A(9:'CA'2810) trans S/H>
	<A(2:)-A(8:) trans H/H>                        MATCHES	<G(7:'CA'2808)-A(8:'CA'2809) cis S/S>
	<G(0:)-C(10:) cis W/W>                         MATCHES	<C(3:'CA'2889)-G(10:'CA'2811) cis W/W>
#  Matched base-stacking interactions: 

>>>>>>>>>>   ALIGNMENT ENDS   >>>>>>>>>>

<<<<<<<<<<  ALIGNMENT BEGINS  <<<<<<<<<<

#  Aligning reverse-kturn_conseusns and 5j91_CA:2372-2374_2289-2292_2376-2380:
#  Alignment score:  33
#  P-value:  9.667e-02
#  Query aligned region: 0-2,8-10
#  Target aligned region: 1:'CA'2374-2:'CA'2375,6:'CA'2293-6:'CA'2293,7:'CA'2377-9:'CA'2379

	GG~A...AAC
	CG~G...AAG

#  Matched base-pairing interactions: 
	<G(1:)-A(9:) trans S/H>                        MATCHES	<G(2:'CA'2375)-A(8:'CA'2378) trans S/H>
	<A(2:)-A(8:) trans H/H>                        MATCHES	<G(6:'CA'2293)-A(7:'CA'2377) cis -/->
	<G(0:)-C(10:) cis W/W>                         MATCHES	<C(1:'CA'2374)-G(9:'CA'2379) cis W/W>
#  Matched base-stacking interactions: 

>>>>>>>>>>   ALIGNMENT ENDS   >>>>>>>>>>

<<<<<<<<<<  ALIGNMENT BEGINS  <<<<<<<<<<

#  Aligning reverse-kturn_conseusns and 5j91_CA:2855-2857_1707-1709_2858-2861:
#  Alignment score:  32.8
#  P-value:  9.869e-02
#  Query aligned region: 0-2,8-10
#  Target aligned region: 0:'CA'2856-2:'CA'2858,5:'CA'1710-5:'CA'1710,7:'CA'2860-8:'CA'2861

	GGA...A~AC
	AGC...G~AU

#  Matched base-pairing interactions: 
	<G(1:)-A(9:) trans S/H>                        MATCHES	<G(1:'CA'2857)-A(7:'CA'2860) trans S/H>
	<A(2:)-A(8:) trans H/H>                        MATCHES	<C(2:'CA'2858)-G(5:'CA'1710) cis -/->
	<G(0:)-C(10:) cis W/W>                         MATCHES	<A(0:'CA'2856)-U(8:'CA'2861) cis W/W>
#  Matched base-stacking interactions: 

>>>>>>>>>>   ALIGNMENT ENDS   >>>>>>>>>>

<<<<<<<<<<  ALIGNMENT BEGINS  <<<<<<<<<<

#  Aligning reverse-kturn_conseusns and 5j91_CA:509-514_579-581_24-29:
#  Alignment score:  32.6
#  P-value:  1.008e-01
#  Query aligned region: 0-3,4-10
#  Target aligned region: 1:'CA'511-4:'CA'514,7:'CA'581-7:'CA'581,11:'CA'27-13:'CA'29

	GGAG...C~AAC
	UGAA...C~GAU

#  Matched base-pairing interactions: 
	<G(3:)-C(4:) cis W/W>                          MATCHES	<A(4:'CA'514)-C(7:'CA'581) cis -/->
	<A(2:)-A(8:) trans H/H>                        MATCHES	<A(3:'CA'513)-G(11:'CA'27) trans H/S>
	<G(1:)-A(9:) trans S/H>                        MATCHES	<G(2:'CA'512)-A(12:'CA'28) trans S/H>
	<G(0:)-C(10:) cis W/W>                         MATCHES	<U(1:'CA'511)-U(13:'CA'29) cis W/W>
#  Matched base-stacking interactions: 

>>>>>>>>>>   ALIGNMENT ENDS   >>>>>>>>>>

<<<<<<<<<<  ALIGNMENT BEGINS  <<<<<<<<<<

#  Aligning reverse-kturn_conseusns and 5j91_CA:2660-2664_2653-2658_2530-2531:
#  Alignment score:  32.4
#  P-value:  1.029e-01
#  Query aligned region: 0-2,8-10
#  Target aligned region: 2:'CA'2663-4:'CA'2665,7:'CA'2656-9:'CA'2658

	GGA...AAC
	GGA...UAC

#  Matched base-pairing interactions: 
	<A(2:)-A(8:) trans H/H>                        MATCHES	<A(4:'CA'2665)-U(7:'CA'2656) trans H/W>
	<G(1:)-A(9:) trans S/H>                        MATCHES	<G(3:'CA'2664)-A(8:'CA'2657) trans S/H>
	<G(0:)-C(10:) cis W/W>                         MATCHES	<G(2:'CA'2663)-C(9:'CA'2658) cis W/W>
#  Matched base-stacking interactions: 

>>>>>>>>>>   ALIGNMENT ENDS   >>>>>>>>>>

<<<<<<<<<<  ALIGNMENT BEGINS  <<<<<<<<<<

#  Aligning reverse-kturn_conseusns and 5j91_CA:1054-1056_1084-1086_1101-1103:
#  Alignment score:  32.4
#  P-value:  1.029e-01
#  Query aligned region: 0-2,8-10
#  Target aligned region: 0:'CA'1055-1:'CA'1056,5:'CA'1087-5:'CA'1087,6:'CA'1102-8:'CA'1104

	GG~A...AAC
	GG~G...CAC

#  Matched base-pairing interactions: 
	<G(1:)-A(9:) trans S/H>                        MATCHES	<G(1:'CA'1056)-A(7:'CA'1103) trans S/H>
	<A(2:)-A(8:) trans H/H>                        MATCHES	<G(5:'CA'1087)-C(6:'CA'1102) cis W/W>
	<G(0:)-C(10:) cis W/W>                         MATCHES	<G(0:'CA'1055)-C(8:'CA'1104) cis W/W>
#  Matched base-stacking interactions: 

>>>>>>>>>>   ALIGNMENT ENDS   >>>>>>>>>>

<<<<<<<<<<  ALIGNMENT BEGINS  <<<<<<<<<<

#  Aligning reverse-kturn_conseusns and 5j91_CA:2754-2765_2522-2524_2738-2745:
#  Alignment score:  32.2
#  P-value:  1.052e-01
#  Query aligned region: 0-2,8-10
#  Target aligned region: 7:'CA'2762-8:'CA'2763,13:'CA'2524-13:'CA'2524,16:'CA'2740-18:'CA'2742

	GG~A...AAC
	CG~G...AAG

#  Matched base-pairing interactions: 
	<G(1:)-A(9:) trans S/H>                        MATCHES	<G(8:'CA'2763)-A(17:'CA'2741) trans S/H>
	<A(2:)-A(8:) trans H/H>                        MATCHES	<G(13:'CA'2524)-A(16:'CA'2740) trans S/W>
	<G(0:)-C(10:) cis W/W>                         MATCHES	<C(7:'CA'2762)-G(18:'CA'2742) cis W/W>
#  Matched base-stacking interactions: 

>>>>>>>>>>   ALIGNMENT ENDS   >>>>>>>>>>

<<<<<<<<<<  ALIGNMENT BEGINS  <<<<<<<<<<

#  Aligning reverse-kturn_conseusns and 5j91_CA:778-780_781-784_1775-1777:
#  Alignment score:  31.5
#  P-value:  1.135e-01
#  Query aligned region: 0-2,8-10
#  Target aligned region: 0:'CA'779-2:'CA'781,3:'CA'782-6:'CA'785

	GGA...AA-C
	UGA...AAGG

#  Matched base-pairing interactions: 
	<A(2:)-A(8:) trans H/H>                        MATCHES	<A(2:'CA'781)-A(3:'CA'782) cis S/H>
	<G(0:)-C(10:) cis W/W>                         MATCHES	<U(0:'CA'779)-G(6:'CA'785) cis W/W>
	<G(1:)-A(9:) trans S/H>                        MATCHES	<G(1:'CA'780)-A(4:'CA'783) trans S/H>
#  Matched base-stacking interactions: 

>>>>>>>>>>   ALIGNMENT ENDS   >>>>>>>>>>

<<<<<<<<<<  ALIGNMENT BEGINS  <<<<<<<<<<

#  Aligning reverse-kturn_conseusns and 5j91_CA:1300-1302_1295-1298_1639-1644:
#  Alignment score:  30.8
#  P-value:  1.230e-01
#  Query aligned region: 0-1,9-10
#  Target aligned region: 5:'CA'1298-6:'CA'1299,8:'CA'1641-9:'CA'1642

	GG...AC
	CG...AG

#  Matched base-pairing interactions: 
	<G(1:)-A(9:) trans S/H>                        MATCHES	<G(6:'CA'1299)-A(8:'CA'1641) trans S/H>
	<G(0:)-C(10:) cis W/W>                         MATCHES	<C(5:'CA'1298)-G(9:'CA'1642) cis W/W>
#  Matched base-stacking interactions: 

>>>>>>>>>>   ALIGNMENT ENDS   >>>>>>>>>>

<<<<<<<<<<  ALIGNMENT BEGINS  <<<<<<<<<<

#  Aligning reverse-kturn_conseusns and 5j91_CA:2527-2528_2466-2471_2475-2482:
#  Alignment score:  30.8
#  P-value:  1.230e-01
#  Query aligned region: 0-2,8-10
#  Target aligned region: 2:'CA'2467-4:'CA'2469,13:'CA'2481-15:'CA'2483

	GGA...AAC
	CAA...GAC

#  Matched base-pairing interactions: 
	<A(2:)-A(8:) trans H/H>                        MATCHES	<A(4:'CA'2469)-G(13:'CA'2481) trans H/S>
	<G(1:)-A(9:) trans S/H>                        MATCHES	<A(3:'CA'2468)-A(14:'CA'2482) trans S/H>
	<G(0:)-C(10:) cis W/W>                         MATCHES	<C(2:'CA'2467)-C(15:'CA'2483) cis W/W>
#  Matched base-stacking interactions: 

>>>>>>>>>>   ALIGNMENT ENDS   >>>>>>>>>>

<<<<<<<<<<  ALIGNMENT BEGINS  <<<<<<<<<<

#  Aligning reverse-kturn_conseusns and 5j91_CA:331-341_321-326_296-299:
#  Alignment score:  30.8
#  P-value:  1.230e-01
#  Query aligned region: 0-1,9-10
#  Target aligned region: 5:'CA'337-6:'CA'338,13:'CA'324-14:'CA'325

	GG...AC
	CG...AG

#  Matched base-pairing interactions: 
	<G(1:)-A(9:) trans S/H>                        MATCHES	<G(6:'CA'338)-A(13:'CA'324) trans S/H>
	<G(0:)-C(10:) cis W/W>                         MATCHES	<C(5:'CA'337)-G(14:'CA'325) cis W/W>
#  Matched base-stacking interactions: 

>>>>>>>>>>   ALIGNMENT ENDS   >>>>>>>>>>

<<<<<<<<<<  ALIGNMENT BEGINS  <<<<<<<<<<

#  Aligning reverse-kturn_conseusns and 5j91_CA:1445-1446_1525-1531_1539-1546:
#  Alignment score:  30
#  P-value:  1.352e-01
#  Query aligned region: 0-1,9-10
#  Target aligned region: 2:'CA'1526-3:'CA'1527,14:'CA'1545-15:'CA'1546

	GG...AC
	CG...AG

#  Matched base-pairing interactions: 
	<G(1:)-A(9:) trans S/H>                        MATCHES	<G(3:'CA'1527)-A(14:'CA'1545) trans S/H>
	<G(0:)-C(10:) cis W/W>                         MATCHES	<C(2:'CA'1526)-G(15:'CA'1546) cis W/W>
#  Matched base-stacking interactions: 

>>>>>>>>>>   ALIGNMENT ENDS   >>>>>>>>>>

<<<<<<<<<<  ALIGNMENT BEGINS  <<<<<<<<<<

#  Aligning reverse-kturn_conseusns and 5j91_CA:2467-2473_2527-2528_2474-2480:
#  Alignment score:  29.4
#  P-value:  1.457e-01
#  Query aligned region: 0-2,8-10
#  Target aligned region: 3:'CA'2471-5:'CA'2473,8:'CA'2529-8:'CA'2529,12:'CA'2478-13:'CA'2479

	GGA...A~AC
	AGU...G~AU

#  Matched base-pairing interactions: 
	<G(1:)-A(9:) trans S/H>                        MATCHES	<G(4:'CA'2472)-A(12:'CA'2478) trans S/H>
	<A(2:)-A(8:) trans H/H>                        MATCHES	<U(5:'CA'2473)-G(8:'CA'2529) cis -/->
	<G(0:)-C(10:) cis W/W>                         MATCHES	<A(3:'CA'2471)-U(13:'CA'2479) cis W/W>
#  Matched base-stacking interactions: 

>>>>>>>>>>   ALIGNMENT ENDS   >>>>>>>>>>

<<<<<<<<<<  ALIGNMENT BEGINS  <<<<<<<<<<

#  Aligning reverse-kturn_conseusns and 5j91_CA:355-361_274-284:
#  Alignment score:  29.4
#  P-value:  1.457e-01
#  Query aligned region: 0-2,8-10
#  Target aligned region: 4:'CA'360-5:'CA'361,8:'CA'276-12:'CA'280

	GG~A...AAC
	UG~U...AAU

#  Matched base-pairing interactions: 
	<G(1:)-A(9:) trans S/H>                        MATCHES	<G(5:'CA'361)-A(11:'CA'279) trans S/H>
	<A(2:)-A(8:) trans H/H>                        MATCHES	<U(8:'CA'276)-A(10:'CA'278) cis -/->
	<G(0:)-C(10:) cis W/W>                         MATCHES	<U(4:'CA'360)-U(12:'CA'280) cis W/W>
#  Matched base-stacking interactions: 

>>>>>>>>>>   ALIGNMENT ENDS   >>>>>>>>>>

<<<<<<<<<<  ALIGNMENT BEGINS  <<<<<<<<<<

#  Aligning reverse-kturn_conseusns and 5j91_CA:1971-1973_1962-1968_1929-1940:
#  Alignment score:  29.2
#  P-value:  1.495e-01
#  Query aligned region: 0-2,8-10
#  Target aligned region: 7:'CA'1967-9:'CA'1969,11:'CA'1931-13:'CA'1933

	GGA...AAC
	CGA...UAG

#  Matched base-pairing interactions: 
	<A(2:)-A(8:) trans H/H>                        MATCHES	<A(9:'CA'1969)-U(11:'CA'1931) trans H/W>
	<G(1:)-A(9:) trans S/H>                        MATCHES	<G(8:'CA'1968)-A(12:'CA'1932) trans S/H>
	<G(0:)-C(10:) cis W/W>                         MATCHES	<C(7:'CA'1967)-G(13:'CA'1933) cis W/W>
#  Matched base-stacking interactions: 

>>>>>>>>>>   ALIGNMENT ENDS   >>>>>>>>>>

<<<<<<<<<<  ALIGNMENT BEGINS  <<<<<<<<<<

#  Aligning reverse-kturn_conseusns and 5j91_CA:1105-1111_1042-1053:
#  Alignment score:  28.6
#  P-value:  1.616e-01
#  Query aligned region: 0-3,4-10
#  Target aligned region: 3:'CA'1109-6:'CA'1112,7:'CA'1043-14:'CA'1050

	GGAG...CACAAA-C
	CGAG...CCCAGACA

#  Matched base-pairing interactions: 
	<G(3:)-C(4:) cis W/W>                          MATCHES	<G(6:'CA'1112)-C(7:'CA'1043) cis W/W>
	<A(2:)-A(8:) trans H/H>                        MATCHES	<A(5:'CA'1111)-G(11:'CA'1047) trans H/S>
	<G(0:)-C(10:) cis W/W>                         MATCHES	<C(3:'CA'1109)-A(14:'CA'1050) trans S/W>
	<G(1:)-A(9:) trans S/H>                        MATCHES	<G(4:'CA'1110)-A(12:'CA'1048) trans S/H>
#  Matched base-stacking interactions: 

>>>>>>>>>>   ALIGNMENT ENDS   >>>>>>>>>>

<<<<<<<<<<  ALIGNMENT BEGINS  <<<<<<<<<<

#  Aligning reverse-kturn_conseusns and 5j91_CA:1618-1624_1302-1308_1604-1612:
#  Alignment score:  28.5
#  P-value:  1.638e-01
#  Query aligned region: 2-3,4-8
#  Target aligned region: 4:'CA'1623-6:'CA'1625,7:'CA'1303-7:'CA'1303,16:'CA'1607-16:'CA'1607

	A-G...C~A
	GUC...G~C

#  Matched base-pairing interactions: 
	<G(3:)-C(4:) cis W/W>                          MATCHES	<C(6:'CA'1625)-G(7:'CA'1303) cis W/W>
	<A(2:)-A(8:) trans H/H>                        MATCHES	<G(4:'CA'1623)-C(16:'CA'1607) trans H/H>
#  Matched base-stacking interactions: 

>>>>>>>>>>   ALIGNMENT ENDS   >>>>>>>>>>

<<<<<<<<<<  ALIGNMENT BEGINS  <<<<<<<<<<

#  Aligning reverse-kturn_conseusns and 5j91_CA:1633-1641_1296-1302_1625-1629:
#  Alignment score:  28
#  P-value:  1.754e-01
#  Query aligned region: 0-1,9-10
#  Target aligned region: 2:'CA'1636-2:'CA'1636,11:'CA'1299-13:'CA'1301,20:'CA'1630-20:'CA'1630

	G~G...A~C
	U~G...A~A

#  Matched base-pairing interactions: 
	<G(0:)-C(10:) cis W/W>                         MATCHES	<U(2:'CA'1636)-A(20:'CA'1630) cis W/W>
	<G(1:)-A(9:) trans S/H>                        MATCHES	<G(11:'CA'1299)-A(13:'CA'1301) trans S/H>
#  Matched base-stacking interactions: 

>>>>>>>>>>   ALIGNMENT ENDS   >>>>>>>>>>

<<<<<<<<<<  ALIGNMENT BEGINS  <<<<<<<<<<

#  Aligning reverse-kturn_conseusns and 5j91_CA:2123-2126_2166-2170_2172-2173:
#  Alignment score:  27.8
#  P-value:  1.804e-01
#  Query aligned region: 0-1,9-10
#  Target aligned region: 0:'CA'2124-0:'CA'2124,8:'CA'2171-8:'CA'2171,9:'CA'2173-10:'CA'2174

	G~G...AC
	G~A...AC

#  Matched base-pairing interactions: 
	<G(0:)-C(10:) cis W/W>                         MATCHES	<G(0:'CA'2124)-C(10:'CA'2174) cis W/W>
	<G(1:)-A(9:) trans S/H>                        MATCHES	<A(8:'CA'2171)-A(9:'CA'2173) trans S/H>
#  Matched base-stacking interactions: 

>>>>>>>>>>   ALIGNMENT ENDS   >>>>>>>>>>

<<<<<<<<<<  ALIGNMENT BEGINS  <<<<<<<<<<

#  Aligning reverse-kturn_conseusns and 5j91_CA:2611-2617_570-574_2049-2055:
#  Alignment score:  27.6
#  P-value:  1.855e-01
#  Query aligned region: 0-1,9-10
#  Target aligned region: 0:'CA'2612-0:'CA'2612,10:'CA'574-10:'CA'574,17:'CA'2055-18:'CA'2056

	G~G...AC
	C~A...CG

#  Matched base-pairing interactions: 
	<G(0:)-C(10:) cis W/W>                         MATCHES	<C(0:'CA'2612)-G(18:'CA'2056) cis W/W>
	<G(1:)-A(9:) trans S/H>                        MATCHES	<A(10:'CA'574)-C(17:'CA'2055) trans S/H>
#  Matched base-stacking interactions: 

>>>>>>>>>>   ALIGNMENT ENDS   >>>>>>>>>>

<<<<<<<<<<  ALIGNMENT BEGINS  <<<<<<<<<<

#  Aligning reverse-kturn_conseusns and 5j91_CA:2474-2480_2467-2473_2527-2528:
#  Alignment score:  27.6
#  P-value:  1.855e-01
#  Query aligned region: 0-1,9-10
#  Target aligned region: 5:'CA'2480-6:'CA'2481,8:'CA'2469-9:'CA'2470

	GG...AC
	CG...AG

#  Matched base-pairing interactions: 
	<G(1:)-A(9:) trans S/H>                        MATCHES	<G(6:'CA'2481)-A(8:'CA'2469) trans S/H>
	<G(0:)-C(10:) cis W/W>                         MATCHES	<C(5:'CA'2480)-G(9:'CA'2470) cis W/W>
#  Matched base-stacking interactions: 

>>>>>>>>>>   ALIGNMENT ENDS   >>>>>>>>>>

<<<<<<<<<<  ALIGNMENT BEGINS  <<<<<<<<<<

#  Aligning reverse-kturn_conseusns and 5j91_CA:2601-2607_1781-1786_2585-2591:
#  Alignment score:  27.5
#  P-value:  1.882e-01
#  Query aligned region: 0-2,8-10
#  Target aligned region: 4:'CA'2606-6:'CA'2608,7:'CA'1782-7:'CA'1782,13:'CA'2586-15:'CA'2588

	G-G~A...AAC
	CGG~U...UAG

#  Matched base-pairing interactions: 
	<A(2:)-A(8:) trans H/H>                        MATCHES	<U(7:'CA'1782)-U(13:'CA'2586) trans W/W>
	<G(0:)-C(10:) cis W/W>                         MATCHES	<C(4:'CA'2606)-G(15:'CA'2588) cis W/W>
	<G(1:)-A(9:) trans S/H>                        MATCHES	<G(6:'CA'2608)-A(14:'CA'2587) trans S/H>
#  Matched base-stacking interactions: 

>>>>>>>>>>   ALIGNMENT ENDS   >>>>>>>>>>

<<<<<<<<<<  ALIGNMENT BEGINS  <<<<<<<<<<

#  Aligning reverse-kturn_conseusns and 5j91_CA:2600-2606_1782-1786_2587-2591:
#  Alignment score:  27.3
#  P-value:  1.937e-01
#  Query aligned region: 0-1,9-10
#  Target aligned region: 3:'CA'2604-5:'CA'2606,10:'CA'1786-10:'CA'1786,14:'CA'2590-14:'CA'2590

	G-G...A~C
	UUC...A~A

#  Matched base-pairing interactions: 
	<G(0:)-C(10:) cis W/W>                         MATCHES	<U(3:'CA'2604)-A(14:'CA'2590) cis W/W>
	<G(1:)-A(9:) trans S/H>                        MATCHES	<C(5:'CA'2606)-A(10:'CA'1786) trans S/H>
#  Matched base-stacking interactions: 

>>>>>>>>>>   ALIGNMENT ENDS   >>>>>>>>>>

<<<<<<<<<<  ALIGNMENT BEGINS  <<<<<<<<<<

#  Aligning reverse-kturn_conseusns and 5j91_CA:807-811_583-586_1246-1255:
#  Alignment score:  27.1
#  P-value:  1.995e-01
#  Query aligned region: 0-1,9-10
#  Target aligned region: 5:'CA'584-6:'CA'585,16:'CA'1254-18:'CA'1256

	GG...A-C
	CG...AUG

#  Matched base-pairing interactions: 
	<G(0:)-C(10:) cis W/W>                         MATCHES	<C(5:'CA'584)-G(18:'CA'1256) cis W/W>
	<G(1:)-A(9:) trans S/H>                        MATCHES	<G(6:'CA'585)-A(16:'CA'1254) trans S/H>
#  Matched base-stacking interactions: 

>>>>>>>>>>   ALIGNMENT ENDS   >>>>>>>>>>

<<<<<<<<<<  ALIGNMENT BEGINS  <<<<<<<<<<

#  Aligning reverse-kturn_conseusns and 5j91_CA:81-85_96-103:
#  Alignment score:  25.8
#  P-value:  2.443e-01
#  Query aligned region: 0-1,9-10
#  Target aligned region: 0:'CA'82-1:'CA'83,11:'CA'103-12:'CA'104

	GG...AC
	UA...AA

#  Matched base-pairing interactions: 
	<G(1:)-A(9:) trans S/H>                        MATCHES	<A(1:'CA'83)-A(11:'CA'103) trans S/H>
	<G(0:)-C(10:) cis W/W>                         MATCHES	<U(0:'CA'82)-A(12:'CA'104) cis W/W>
#  Matched base-stacking interactions: 

>>>>>>>>>>   ALIGNMENT ENDS   >>>>>>>>>>

<<<<<<<<<<  ALIGNMENT BEGINS  <<<<<<<<<<

#  Aligning reverse-kturn_conseusns and 5j91_CA:474-483_495-508:
#  Alignment score:  25.6
#  P-value:  2.525e-01
#  Query aligned region: 1-2,8-9
#  Target aligned region: 1:'CA'476-2:'CA'477,15:'CA'501-16:'CA'502

	GA...AA
	GA...AA

#  Matched base-pairing interactions: 
	<A(2:)-A(8:) trans H/H>                        MATCHES	<A(2:'CA'477)-A(15:'CA'501) trans H/H>
	<G(1:)-A(9:) trans S/H>                        MATCHES	<G(1:'CA'476)-A(16:'CA'502) trans S/W>
#  Matched base-stacking interactions: 

>>>>>>>>>>   ALIGNMENT ENDS   >>>>>>>>>>

<<<<<<<<<<  ALIGNMENT BEGINS  <<<<<<<<<<

#  Aligning reverse-kturn_conseusns and 5j91_CA:1377-1380_1563-1572_1424-1428:
#  Alignment score:  25
#  P-value:  2.797e-01
#  Query aligned region: 1-2,8-9
#  Target aligned region: 10:'CA'1570-11:'CA'1571,16:'CA'1427-17:'CA'1428

	GA...AA
	AA...AC

#  Matched base-pairing interactions: 
	<A(2:)-A(8:) trans H/H>                        MATCHES	<A(11:'CA'1571)-A(16:'CA'1427) trans H/H>
	<G(1:)-A(9:) trans S/H>                        MATCHES	<A(10:'CA'1570)-C(17:'CA'1428) trans H/W>
#  Matched base-stacking interactions: 

>>>>>>>>>>   ALIGNMENT ENDS   >>>>>>>>>>

<<<<<<<<<<  ALIGNMENT BEGINS  <<<<<<<<<<

#  Aligning reverse-kturn_conseusns and 5j91_CA:2324-2330_2382-2388_2278-2284:
#  Alignment score:  24.6
#  P-value:  3.004e-01
#  Query aligned region: 0-1,9-10
#  Target aligned region: 0:'CA'2325-1:'CA'2326,12:'CA'2388-12:'CA'2388,18:'CA'2283-18:'CA'2283

	GG...A~C
	GC...A~C

#  Matched base-pairing interactions: 
	<G(0:)-C(10:) cis W/W>                         MATCHES	<G(0:'CA'2325)-C(18:'CA'2283) cis W/W>
	<G(1:)-A(9:) trans S/H>                        MATCHES	<C(1:'CA'2326)-A(12:'CA'2388) trans S/H>
#  Matched base-stacking interactions: 

>>>>>>>>>>   ALIGNMENT ENDS   >>>>>>>>>>

<<<<<<<<<<  ALIGNMENT BEGINS  <<<<<<<<<<

#  Aligning reverse-kturn_conseusns and 5j91_CA:1796-1805_1810-1818_2200-2202:
#  Alignment score:  24.4
#  P-value:  3.116e-01
#  Query aligned region: 1-2,8-9
#  Target aligned region: 4:'CA'1801-5:'CA'1802,14:'CA'1815-14:'CA'1815,19:'CA'2201-19:'CA'2201

	GA...A~A
	AA...A~G

#  Matched base-pairing interactions: 
	<G(1:)-A(9:) trans S/H>                        MATCHES	<A(4:'CA'1801)-G(19:'CA'2201) cis -/->
	<A(2:)-A(8:) trans H/H>                        MATCHES	<A(5:'CA'1802)-A(14:'CA'1815) trans H/H>
#  Matched base-stacking interactions: 

>>>>>>>>>>   ALIGNMENT ENDS   >>>>>>>>>>

<<<<<<<<<<  ALIGNMENT BEGINS  <<<<<<<<<<

#  Aligning reverse-kturn_conseusns and 5j91_CA:2601-2607_2585-2591_1781-1786:
#  Alignment score:  24.4
#  P-value:  3.116e-01
#  Query aligned region: 0-1,9-10
#  Target aligned region: 5:'CA'2607-6:'CA'2608,8:'CA'2587-8:'CA'2587,15:'CA'1783-15:'CA'1783

	GG...A~C
	GG...A~A

#  Matched base-pairing interactions: 
	<G(0:)-C(10:) cis W/W>                         MATCHES	<G(5:'CA'2607)-A(15:'CA'1783) cis S/S>
	<G(1:)-A(9:) trans S/H>                        MATCHES	<G(6:'CA'2608)-A(8:'CA'2587) trans S/H>
#  Matched base-stacking interactions: 

>>>>>>>>>>   ALIGNMENT ENDS   >>>>>>>>>>

<<<<<<<<<<  ALIGNMENT BEGINS  <<<<<<<<<<

#  Aligning reverse-kturn_conseusns and 5j91_CA:46-55_123-126_112-118:
#  Alignment score:  24.4
#  P-value:  3.116e-01
#  Query aligned region: 1-2,8-9
#  Target aligned region: 4:'CA'51-4:'CA'51,10:'CA'124-12:'CA'126,19:'CA'118-19:'CA'118

	G~A...A~A
	G~G...A~A

#  Matched base-pairing interactions: 
	<G(1:)-A(9:) trans S/H>                        MATCHES	<G(4:'CA'51)-A(19:'CA'118) trans S/H>
	<A(2:)-A(8:) trans H/H>                        MATCHES	<G(10:'CA'124)-A(12:'CA'126) cis -/->
#  Matched base-stacking interactions: 

>>>>>>>>>>   ALIGNMENT ENDS   >>>>>>>>>>

<<<<<<<<<<  ALIGNMENT BEGINS  <<<<<<<<<<

#  Aligning reverse-kturn_conseusns and 5j91_CA:1026-1033_2485-2490_1121-1127:
#  Alignment score:  23.8
#  P-value:  3.493e-01
#  Query aligned region: 2-2,8-8
#  Target aligned region: 1:'CA'1028-1:'CA'1028,18:'CA'1126-18:'CA'1126

	A...A
	A...A

#  Matched base-pairing interactions: 
	<A(2:)-A(8:) trans H/H>                        MATCHES	<A(1:'CA'1028)-A(18:'CA'1126) trans H/H>
#  Matched base-stacking interactions: 

>>>>>>>>>>   ALIGNMENT ENDS   >>>>>>>>>>

<<<<<<<<<<  ALIGNMENT BEGINS  <<<<<<<<<<

#  Aligning reverse-kturn_conseusns and 5j91_CA:1203-1211_304-311_1235-1239:
#  Alignment score:  23.2
#  P-value:  3.943e-01
#  Query aligned region: 1-2,8-9
#  Target aligned region: 8:'CA'1212-8:'CA'1212,11:'CA'307-13:'CA'309,18:'CA'1237-18:'CA'1237

	G~A...A~A
	G~G...A~A

#  Matched base-pairing interactions: 
	<G(1:)-A(9:) trans S/H>                        MATCHES	<G(8:'CA'1212)-A(18:'CA'1237) trans S/H>
	<A(2:)-A(8:) trans H/H>                        MATCHES	<G(11:'CA'307)-A(13:'CA'309) cis -/->
#  Matched base-stacking interactions: 

>>>>>>>>>>   ALIGNMENT ENDS   >>>>>>>>>>

<<<<<<<<<<  ALIGNMENT BEGINS  <<<<<<<<<<

#  Aligning reverse-kturn_conseusns and 5j91_CA:1468-1474_1515-1523_1401-1402:
#  Alignment score:  22.6
#  P-value:  4.486e-01
#  Query aligned region: 0-1,9-10
#  Target aligned region: 5:'CA'1474-6:'CA'1475,7:'CA'1516-8:'CA'1517

	GG...AC
	UG...GG

#  Matched base-pairing interactions: 
	<G(1:)-A(9:) trans S/H>                        MATCHES	<G(6:'CA'1475)-G(7:'CA'1516) trans S/H>
	<G(0:)-C(10:) cis W/W>                         MATCHES	<U(5:'CA'1474)-G(8:'CA'1517) cis W/W>
#  Matched base-stacking interactions: 

>>>>>>>>>>   ALIGNMENT ENDS   >>>>>>>>>>

<<<<<<<<<<  ALIGNMENT BEGINS  <<<<<<<<<<

#  Aligning reverse-kturn_conseusns and 5j91_CA:955-956_2493-2494_958-961:
#  Alignment score:  22.6
#  P-value:  4.486e-01
#  Query aligned region: 1-2,8-9
#  Target aligned region: 0:'CA'956-0:'CA'956,2:'CA'2494-2:'CA'2494,4:'CA'959-5:'CA'960

	G~A...AA
	G~G...AA

#  Matched base-pairing interactions: 
	<G(1:)-A(9:) trans S/H>                        MATCHES	<G(0:'CA'956)-A(5:'CA'960) trans S/H>
	<A(2:)-A(8:) trans H/H>                        MATCHES	<G(2:'CA'2494)-A(4:'CA'959) trans W/W>
#  Matched base-stacking interactions: 

>>>>>>>>>>   ALIGNMENT ENDS   >>>>>>>>>>

<<<<<<<<<<  ALIGNMENT BEGINS  <<<<<<<<<<

#  Aligning reverse-kturn_conseusns and 5j91_CA:2831-2841_2875-2882_2816-2817:
#  Alignment score:  22.2
#  P-value:  4.912e-01
#  Query aligned region: 1-1,9-9
#  Target aligned region: 2:'CA'2834-2:'CA'2834,18:'CA'2883-18:'CA'2883

	G...A
	G...A

#  Matched base-pairing interactions: 
	<G(1:)-A(9:) trans S/H>                        MATCHES	<G(2:'CA'2834)-A(18:'CA'2883) trans S/H>
#  Matched base-stacking interactions: 

>>>>>>>>>>   ALIGNMENT ENDS   >>>>>>>>>>

<<<<<<<<<<  ALIGNMENT BEGINS  <<<<<<<<<<

#  Aligning reverse-kturn_conseusns and 5j91_CA:1211-1219_28-29_1229-1238:
#  Alignment score:  21.6
#  P-value:  5.676e-01
#  Query aligned region: 1-3,4-9
#  Target aligned region: 0:'CA'1212-2:'CA'1214,10:'CA'30-10:'CA'30,17:'CA'1236-18:'CA'1237

	GAG...C~AA
	GAA...G~GA

#  Matched base-pairing interactions: 
	<G(3:)-C(4:) cis W/W>                          MATCHES	<A(2:'CA'1214)-G(10:'CA'30) cis -/->
	<A(2:)-A(8:) trans H/H>                        MATCHES	<A(1:'CA'1213)-G(17:'CA'1236) trans H/S>
	<G(1:)-A(9:) trans S/H>                        MATCHES	<G(0:'CA'1212)-A(18:'CA'1237) trans S/H>
#  Matched base-stacking interactions: 

>>>>>>>>>>   ALIGNMENT ENDS   >>>>>>>>>>

<<<<<<<<<<  ALIGNMENT BEGINS  <<<<<<<<<<

#  Aligning reverse-kturn_conseusns and 5j91_CA:451-462_466-472:
#  Alignment score:  21.4
#  P-value:  5.970e-01
#  Query aligned region: 2-2,8-8
#  Target aligned region: 5:'CA'457-5:'CA'457,16:'CA'471-16:'CA'471

	A...A
	A...A

#  Matched base-pairing interactions: 
	<A(2:)-A(8:) trans H/H>                        MATCHES	<A(5:'CA'457)-A(16:'CA'471) trans H/H>
#  Matched base-stacking interactions: 

>>>>>>>>>>   ALIGNMENT ENDS   >>>>>>>>>>

<<<<<<<<<<  ALIGNMENT BEGINS  <<<<<<<<<<

#  Aligning reverse-kturn_conseusns and 5j91_CA:304-311_1235-1239_1203-1211:
#  Alignment score:  21.4
#  P-value:  5.970e-01
#  Query aligned region: 1-1,9-9
#  Target aligned region: 1:'CA'306-1:'CA'306,20:'CA'1211-20:'CA'1211

	G...A
	U...C

#  Matched base-pairing interactions: 
	<G(1:)-A(9:) trans S/H>                        MATCHES	<U(1:'CA'306)-C(20:'CA'1211) trans S/H>
#  Matched base-stacking interactions: 

>>>>>>>>>>   ALIGNMENT ENDS   >>>>>>>>>>

<<<<<<<<<<  ALIGNMENT BEGINS  <<<<<<<<<<

#  Aligning reverse-kturn_conseusns and 5j91_CA:2342-2346_2283-2288_2380-2382:
#  Alignment score:  21.2
#  P-value:  6.288e-01
#  Query aligned region: 1-2,8-9
#  Target aligned region: 2:'CA'2345-3:'CA'2346,8:'CA'2287-8:'CA'2287,12:'CA'2382-12:'CA'2382

	GA...A~A
	GA...A~G

#  Matched base-pairing interactions: 
	<G(1:)-A(9:) trans S/H>                        MATCHES	<G(2:'CA'2345)-G(12:'CA'2382) cis -/->
	<A(2:)-A(8:) trans H/H>                        MATCHES	<A(3:'CA'2346)-A(8:'CA'2287) trans H/H>
#  Matched base-stacking interactions: 

>>>>>>>>>>   ALIGNMENT ENDS   >>>>>>>>>>

<<<<<<<<<<  ALIGNMENT BEGINS  <<<<<<<<<<

#  Aligning reverse-kturn_conseusns and 5j91_CA:2354-2362:
#  Alignment score:  21.2
#  P-value:  6.288e-01
#  Query aligned region: 0-1,9-10
#  Target aligned region: 1:'CA'2356-6:'CA'2361

	GG...AC
	UG...GG

#  Matched base-pairing interactions: 
	<G(1:)-A(9:) trans S/H>                        MATCHES	<G(2:'CA'2357)-G(5:'CA'2360) trans S/H>
	<G(0:)-C(10:) cis W/W>                         MATCHES	<U(1:'CA'2356)-G(6:'CA'2361) cis W/W>
#  Matched base-stacking interactions: 

>>>>>>>>>>   ALIGNMENT ENDS   >>>>>>>>>>

<<<<<<<<<<  ALIGNMENT BEGINS  <<<<<<<<<<

#  Aligning reverse-kturn_conseusns and 5j91_CA:1673-1677_1663-1669_1989-1996:
#  Alignment score:  20.8
#  P-value:  7.005e-01
#  Query aligned region: 0-1,9-10
#  Target aligned region: 7:'CA'1666-8:'CA'1667,15:'CA'1993-16:'CA'1994

	GG...AC
	GG...UC

#  Matched base-pairing interactions: 
	<G(1:)-A(9:) trans S/H>                        MATCHES	<G(8:'CA'1667)-U(15:'CA'1993) trans S/H>
	<G(0:)-C(10:) cis W/W>                         MATCHES	<G(7:'CA'1666)-C(16:'CA'1994) cis W/W>
#  Matched base-stacking interactions: 

>>>>>>>>>>   ALIGNMENT ENDS   >>>>>>>>>>

<<<<<<<<<<  ALIGNMENT BEGINS  <<<<<<<<<<

#  Aligning reverse-kturn_conseusns and 5j91_CA:2635-2638_2775-2780:
#  Alignment score:  20.6
#  P-value:  7.410e-01
#  Query aligned region: 1-1,9-9
#  Target aligned region: 2:'CA'2638-2:'CA'2638,6:'CA'2778-6:'CA'2778

	G...A
	G...A

#  Matched base-pairing interactions: 
	<G(1:)-A(9:) trans S/H>                        MATCHES	<G(2:'CA'2638)-A(6:'CA'2778) trans S/H>
#  Matched base-stacking interactions: 

>>>>>>>>>>   ALIGNMENT ENDS   >>>>>>>>>>

<<<<<<<<<<  ALIGNMENT BEGINS  <<<<<<<<<<

#  Aligning reverse-kturn_conseusns and 5j91_CA:1647-1648_1264-1269_2008-2012:
#  Alignment score:  13
#  P-value:  1.000e+00
#  Query aligned region: 0-1,9-10
#  Target aligned region: 6:'CA'1269-7:'CA'1270,9:'CA'2010-10:'CA'2011

	GG...AC
	AC...GU

#  Matched base-pairing interactions: 
	<G(1:)-A(9:) trans S/H>                        MATCHES	<C(7:'CA'1270)-G(9:'CA'2010) cis W/W>
	<G(0:)-C(10:) cis W/W>                         MATCHES	<A(6:'CA'1269)-U(10:'CA'2011) cis W/W>
#  Matched base-stacking interactions: 

>>>>>>>>>>   ALIGNMENT ENDS   >>>>>>>>>>

<<<<<<<<<<  ALIGNMENT BEGINS  <<<<<<<<<<

#  Aligning reverse-kturn_conseusns and 5j91_CA:2630-2631_2806-2811_2887-2890:
#  Alignment score:  12.6
#  P-value:  1.000e+00
#  Query aligned region: 0-1,9-10
#  Target aligned region: 6:'CA'2811-7:'CA'2812,8:'CA'2888-9:'CA'2889

	GG...AC
	GG...CC

#  Matched base-pairing interactions: 
	<G(1:)-A(9:) trans S/H>                        MATCHES	<G(7:'CA'2812)-C(8:'CA'2888) cis W/W>
	<G(0:)-C(10:) cis W/W>                         MATCHES	<G(6:'CA'2811)-C(9:'CA'2889) cis W/W>
#  Matched base-stacking interactions: 

>>>>>>>>>>   ALIGNMENT ENDS   >>>>>>>>>>

<<<<<<<<<<  ALIGNMENT BEGINS  <<<<<<<<<<

#  Aligning reverse-kturn_conseusns and 5j91_CA:2195-2200_2222-2229_2089-2092:
#  Alignment score:  12.2
#  P-value:  1.000e+00
#  Query aligned region: 2-2,8-8
#  Target aligned region: 10:'CA'2227-10:'CA'2227,16:'CA'2092-16:'CA'2092

	A...A
	A...U

#  Matched base-pairing interactions: 
	<A(2:)-A(8:) trans H/H>                        MATCHES	<A(10:'CA'2227)-U(16:'CA'2092) trans H/H>
#  Matched base-stacking interactions: 

>>>>>>>>>>   ALIGNMENT ENDS   >>>>>>>>>>

<<<<<<<<<<  ALIGNMENT BEGINS  <<<<<<<<<<

#  Aligning reverse-kturn_conseusns and 5j91_CA:1555-1556_1475-1480_1507-1514:
#  Alignment score:  12.2
#  P-value:  1.000e+00
#  Query aligned region: 0-1,9-10
#  Target aligned region: 7:'CA'1481-7:'CA'1481,8:'CA'1508-10:'CA'1510

	G~G...AC
	U~A...AG

#  Matched base-pairing interactions: 
	<G(1:)-A(9:) trans S/H>                        MATCHES	<A(8:'CA'1508)-A(9:'CA'1509) cis -/->
	<G(0:)-C(10:) cis W/W>                         MATCHES	<U(7:'CA'1481)-G(10:'CA'1510) cis W/W>
#  Matched base-stacking interactions: 

>>>>>>>>>>   ALIGNMENT ENDS   >>>>>>>>>>

<<<<<<<<<<  ALIGNMENT BEGINS  <<<<<<<<<<

#  Aligning reverse-kturn_conseusns and 5j91_CA:1650-1658_2001-2005:
#  Alignment score:  12
#  P-value:  1.000e+00
#  Query aligned region: 0-1,9-10
#  Target aligned region: 0:'CA'1651-1:'CA'1652,12:'CA'2005-13:'CA'2006

	GG...AC
	GA...AC

#  Matched base-pairing interactions: 
	<G(1:)-A(9:) trans S/H>                        MATCHES	<A(1:'CA'1652)-A(12:'CA'2005) trans W/H>
	<G(0:)-C(10:) cis W/W>                         MATCHES	<G(0:'CA'1651)-C(13:'CA'2006) cis W/W>
#  Matched base-stacking interactions: 

>>>>>>>>>>   ALIGNMENT ENDS   >>>>>>>>>>

<<<<<<<<<<  ALIGNMENT BEGINS  <<<<<<<<<<

#  Aligning reverse-kturn_conseusns and 5j91_CA:218-222_228-233_223-225:
#  Alignment score:  11.4
#  P-value:  1.000e+00
#  Query aligned region: 0-1,9-10
#  Target aligned region: 6:'CA'230-7:'CA'231,11:'CA'224-12:'CA'225

	GG...AC
	GA...UC

#  Matched base-pairing interactions: 
	<G(1:)-A(9:) trans S/H>                        MATCHES	<A(7:'CA'231)-U(11:'CA'224) cis W/W>
	<G(0:)-C(10:) cis W/W>                         MATCHES	<G(6:'CA'230)-C(12:'CA'225) cis W/W>
#  Matched base-stacking interactions: 

>>>>>>>>>>   ALIGNMENT ENDS   >>>>>>>>>>

<<<<<<<<<<  ALIGNMENT BEGINS  <<<<<<<<<<

#  Aligning reverse-kturn_conseusns and 5j91_CA:1235-1239_1203-1211_304-311:
#  Alignment score:  10.7
#  P-value:  1.000e+00
#  Query aligned region: 0-2,8-10
#  Target aligned region: 14:'CA'305-21:'CA'312

	GGA...AA-C
	CUG...AAAG

#  Matched base-pairing interactions: 
	<A(2:)-A(8:) trans H/H>                        MATCHES	<G(16:'CA'307)-A(18:'CA'309) cis -/->
	<G(0:)-C(10:) cis W/W>                         MATCHES	<C(14:'CA'305)-G(21:'CA'312) cis W/W>
	<G(1:)-A(9:) trans S/H>                        MATCHES	<U(15:'CA'306)-A(19:'CA'310) trans W/H>
#  Matched base-stacking interactions: 

>>>>>>>>>>   ALIGNMENT ENDS   >>>>>>>>>>

<<<<<<<<<<  ALIGNMENT BEGINS  <<<<<<<<<<

#  Aligning reverse-kturn_conseusns and 5j91_CA:2611-2617_2049-2055_570-574:
#  Alignment score:  10.6
#  P-value:  1.000e+00
#  Query aligned region: 3-3,4-4
#  Target aligned region: 6:'CA'2618-6:'CA'2618,7:'CA'2050-7:'CA'2050

	G...C
	G...C

#  Matched base-pairing interactions: 
	<G(3:)-C(4:) cis W/W>                          MATCHES	<G(6:'CA'2618)-C(7:'CA'2050) cis W/W>
#  Matched base-stacking interactions: 

>>>>>>>>>>   ALIGNMENT ENDS   >>>>>>>>>>

<<<<<<<<<<  ALIGNMENT BEGINS  <<<<<<<<<<

#  Aligning reverse-kturn_conseusns and 5j91_CA:1337-1341_1601-1603_1309-1313:
#  Alignment score:  10.6
#  P-value:  1.000e+00
#  Query aligned region: 3-3,4-4
#  Target aligned region: 0:'CA'1338-0:'CA'1338,12:'CA'1314-12:'CA'1314

	G...C
	G...C

#  Matched base-pairing interactions: 
	<G(3:)-C(4:) cis W/W>                          MATCHES	<G(0:'CA'1338)-C(12:'CA'1314) cis W/W>
#  Matched base-stacking interactions: 

>>>>>>>>>>   ALIGNMENT ENDS   >>>>>>>>>>

<<<<<<<<<<  ALIGNMENT BEGINS  <<<<<<<<<<

#  Aligning reverse-kturn_conseusns and 5j91_CA:998-1003_1148-1156_1008-1013:
#  Alignment score:  10.6
#  P-value:  1.000e+00
#  Query aligned region: 2-3,4-8
#  Target aligned region: 4:'CA'1003-5:'CA'1004,8:'CA'1151-8:'CA'1151,16:'CA'1010-16:'CA'1010

	AG...C~A
	GU...A~A

#  Matched base-pairing interactions: 
	<G(3:)-C(4:) cis W/W>                          MATCHES	<U(5:'CA'1004)-A(8:'CA'1151) cis W/W>
	<A(2:)-A(8:) trans H/H>                        MATCHES	<G(4:'CA'1003)-A(16:'CA'1010) trans S/S>
#  Matched base-stacking interactions: 

>>>>>>>>>>   ALIGNMENT ENDS   >>>>>>>>>>

<<<<<<<<<<  ALIGNMENT BEGINS  <<<<<<<<<<

#  Aligning reverse-kturn_conseusns and 5j91_CA:421-422_370-378_394-400:
#  Alignment score:  10.2
#  P-value:  1.000e+00
#  Query aligned region: 3-3,4-4
#  Target aligned region: 6:'CA'375-6:'CA'375,15:'CA'399-15:'CA'399

	G...C
	G...U

#  Matched base-pairing interactions: 
	<G(3:)-C(4:) cis W/W>                          MATCHES	<G(6:'CA'375)-U(15:'CA'399) cis W/W>
#  Matched base-stacking interactions: 

>>>>>>>>>>   ALIGNMENT ENDS   >>>>>>>>>>

<<<<<<<<<<  ALIGNMENT BEGINS  <<<<<<<<<<

#  Aligning reverse-kturn_conseusns and 5j91_CA:1601-1603_1309-1313_1337-1341:
#  Alignment score:  9.8
#  P-value:  1.000e+00
#  Query aligned region: 3-3,4-4
#  Target aligned region: 2:'CA'1604-2:'CA'1604,3:'CA'1310-3:'CA'1310

	G...C
	C...G

#  Matched base-pairing interactions: 
	<G(3:)-C(4:) cis W/W>                          MATCHES	<C(2:'CA'1604)-G(3:'CA'1310) cis W/W>
#  Matched base-stacking interactions: 

>>>>>>>>>>   ALIGNMENT ENDS   >>>>>>>>>>

<<<<<<<<<<  ALIGNMENT BEGINS  <<<<<<<<<<

#  Aligning reverse-kturn_conseusns and 5j91_CA:2522-2524_2738-2745_2754-2765:
#  Alignment score:  9.8
#  P-value:  1.000e+00
#  Query aligned region: 3-3,4-4
#  Target aligned region: 9:'CA'2745-9:'CA'2745,15:'CA'2759-15:'CA'2759

	G...C
	C...G

#  Matched base-pairing interactions: 
	<G(3:)-C(4:) cis W/W>                          MATCHES	<C(9:'CA'2745)-G(15:'CA'2759) cis W/W>
#  Matched base-stacking interactions: 

>>>>>>>>>>   ALIGNMENT ENDS   >>>>>>>>>>

<<<<<<<<<<  ALIGNMENT BEGINS  <<<<<<<<<<

#  Aligning reverse-kturn_conseusns and 5j91_CA:697-698_732-741_755-760:
#  Alignment score:  9.8
#  P-value:  1.000e+00
#  Query aligned region: 3-3,4-4
#  Target aligned region: 7:'CA'738-7:'CA'738,14:'CA'758-14:'CA'758

	G...C
	G...C

#  Matched base-pairing interactions: 
	<G(3:)-C(4:) cis W/W>                          MATCHES	<G(7:'CA'738)-C(14:'CA'758) cis W/W>
#  Matched base-stacking interactions: 

>>>>>>>>>>   ALIGNMENT ENDS   >>>>>>>>>>

<<<<<<<<<<  ALIGNMENT BEGINS  <<<<<<<<<<

#  Aligning reverse-kturn_conseusns and 5j91_CA:2196-2203_2219-2226:
#  Alignment score:  9.4
#  P-value:  1.000e+00
#  Query aligned region: 3-3,4-4
#  Target aligned region: 7:'CA'2204-7:'CA'2204,8:'CA'2220-8:'CA'2220

	G...C
	G...U

#  Matched base-pairing interactions: 
	<G(3:)-C(4:) cis W/W>                          MATCHES	<G(7:'CA'2204)-U(8:'CA'2220) cis W/W>
#  Matched base-stacking interactions: 

>>>>>>>>>>   ALIGNMENT ENDS   >>>>>>>>>>

<<<<<<<<<<  ALIGNMENT BEGINS  <<<<<<<<<<

#  Aligning reverse-kturn_conseusns and 5j91_CA:2875-2882_2831-2841_2816-2817:
#  Alignment score:  9
#  P-value:  1.000e+00
#  Query aligned region: 3-3,4-4
#  Target aligned region: 2:'CA'2878-2:'CA'2878,15:'CA'2839-15:'CA'2839

	G...C
	U...G

#  Matched base-pairing interactions: 
	<G(3:)-C(4:) cis W/W>                          MATCHES	<U(2:'CA'2878)-G(15:'CA'2839) cis W/W>
#  Matched base-stacking interactions: 

>>>>>>>>>>   ALIGNMENT ENDS   >>>>>>>>>>

<<<<<<<<<<  ALIGNMENT BEGINS  <<<<<<<<<<

#  Aligning reverse-kturn_conseusns and 5j91_CA:2585-2587_1782-1786_1776-1781:
#  Alignment score:  9
#  P-value:  1.000e+00
#  Query aligned region: 3-3,4-4
#  Target aligned region: 7:'CA'1787-7:'CA'1787,8:'CA'1777-8:'CA'1777

	G...C
	A...U

#  Matched base-pairing interactions: 
	<G(3:)-C(4:) cis W/W>                          MATCHES	<A(7:'CA'1787)-U(8:'CA'1777) cis W/W>
#  Matched base-stacking interactions: 

>>>>>>>>>>   ALIGNMENT ENDS   >>>>>>>>>>

<<<<<<<<<<  ALIGNMENT BEGINS  <<<<<<<<<<

#  Aligning reverse-kturn_conseusns and 5j91_CA:1437-1443_1545-1554:
#  Alignment score:  9
#  P-value:  1.000e+00
#  Query aligned region: 3-3,4-4
#  Target aligned region: 2:'CA'1440-2:'CA'1440,12:'CA'1551-12:'CA'1551

	G...C
	U...A

#  Matched base-pairing interactions: 
	<G(3:)-C(4:) cis W/W>                          MATCHES	<U(2:'CA'1440)-A(12:'CA'1551) cis W/W>
#  Matched base-stacking interactions: 

>>>>>>>>>>   ALIGNMENT ENDS   >>>>>>>>>>

<<<<<<<<<<  ALIGNMENT BEGINS  <<<<<<<<<<

#  Aligning reverse-kturn_conseusns and 5j91_CA:274-284_355-361:
#  Alignment score:  9
#  P-value:  1.000e+00
#  Query aligned region: 3-3,4-4
#  Target aligned region: 0:'CA'275-0:'CA'275,17:'CA'362-17:'CA'362

	G...C
	C...A

#  Matched base-pairing interactions: 
	<G(3:)-C(4:) cis W/W>                          MATCHES	<C(0:'CA'275)-A(17:'CA'362) cis W/W>
#  Matched base-stacking interactions: 

>>>>>>>>>>   ALIGNMENT ENDS   >>>>>>>>>>

<<<<<<<<<<  ALIGNMENT BEGINS  <<<<<<<<<<

#  Aligning reverse-kturn_conseusns and 5j91_CA:2376-2380_2289-2292_2372-2374:
#  Alignment score:  8.2
#  P-value:  1.000e+00
#  Query aligned region: 0-1,9-10
#  Target aligned region: 2:'CA'2379-2:'CA'2379,5:'CA'2290-5:'CA'2290,9:'CA'2373-10:'CA'2374

	G~G...AC
	G~G...GC

#  Matched base-pairing interactions: 
	<G(0:)-C(10:) cis W/W>                         MATCHES	<G(2:'CA'2379)-C(10:'CA'2374) cis W/W>
	<G(1:)-A(9:) trans S/H>                        MATCHES	<G(5:'CA'2290)-G(9:'CA'2373) cis -/->
#  Matched base-stacking interactions: 

>>>>>>>>>>   ALIGNMENT ENDS   >>>>>>>>>>

<<<<<<<<<<  ALIGNMENT BEGINS  <<<<<<<<<<

#  Aligning reverse-kturn_conseusns and 5j91_CA:1971-1973_1929-1940_1962-1968:
#  Alignment score:  5.8
#  P-value:  1.000e+00
#  Query aligned region: 3-3,4-4
#  Target aligned region: 7:'CA'1934-7:'CA'1934,16:'CA'1964-16:'CA'1964

	G...C
	C...G

#  Matched base-pairing interactions: 
	<G(3:)-C(4:) cis W/W>                          MATCHES	<C(7:'CA'1934)-G(16:'CA'1964) cis W/W>
#  Matched base-stacking interactions: 

>>>>>>>>>>   ALIGNMENT ENDS   >>>>>>>>>>

<<<<<<<<<<  ALIGNMENT BEGINS  <<<<<<<<<<

#  Aligning reverse-kturn_conseusns and 5j91_CA:2493-2494_958-961_955-956:
#  Alignment score:  2.7
#  P-value:  1.000e+00
#  Query aligned region: 
#  Target aligned region: 

	
	

#  Matched base-pairing interactions: 
#  Matched base-stacking interactions: 

>>>>>>>>>>   ALIGNMENT ENDS   >>>>>>>>>>

<<<<<<<<<<  ALIGNMENT BEGINS  <<<<<<<<<<

#  Aligning reverse-kturn_conseusns and 5j91_CA:958-961_2493-2494_955-956:
#  Alignment score:  2.3
#  P-value:  1.000e+00
#  Query aligned region: 
#  Target aligned region: 

	
	

#  Matched base-pairing interactions: 
#  Matched base-stacking interactions: 

>>>>>>>>>>   ALIGNMENT ENDS   >>>>>>>>>>

<<<<<<<<<<  ALIGNMENT BEGINS  <<<<<<<<<<

#  Aligning reverse-kturn_conseusns and 5j91_CA:2775-2780_2635-2638:
#  Alignment score:  1.8
#  P-value:  1.000e+00
#  Query aligned region: 
#  Target aligned region: 

	
	

#  Matched base-pairing interactions: 
#  Matched base-stacking interactions: 

>>>>>>>>>>   ALIGNMENT ENDS   >>>>>>>>>>

<<<<<<<<<<  ALIGNMENT BEGINS  <<<<<<<<<<

#  Aligning reverse-kturn_conseusns and 5j91_CA:958-961_955-956_2493-2494:
#  Alignment score:  1.8
#  P-value:  1.000e+00
#  Query aligned region: 
#  Target aligned region: 

	
	

#  Matched base-pairing interactions: 
#  Matched base-stacking interactions: 

>>>>>>>>>>   ALIGNMENT ENDS   >>>>>>>>>>

