$ /home/s081p868/scratch/RNAMotifScanX-release/bin/scan /home/s081p868/scratch/RNAMotifScanX-release/models/reverse-kturn_consensus.struct /rfs/poseidon_share/s081p868/RNAMotifScanX_nr/rmsx_work_default/4v9f/0/4v9f_0.rmsx.in --map_pdb=/rfs/poseidon_share/s081p868/RNAMotifScanX_nr/rmsx_work_default/4v9f/0/4v9f_0.rmsx.nch --pvalue 1.0 --num_threads 8 --write_alignment
<<<<<<<<<<  ALIGNMENT BEGINS  <<<<<<<<<<

#  Aligning reverse-kturn_conseusns and 4v9f_0:1652-1657_1513-1523:
#  Alignment score:  64.5
#  P-value:  1.415e-02
#  Query aligned region: 0-3,4-10
#  Target aligned region: 2:'0'1662-5:'0'1665,6:'0'1521-14:'0'1529

	GGAG...C--ACAAAC
	CGAG...CAGUGAAAG

#  Matched base-pairing interactions: 
	<G(3:)-C(4:) cis W/W>                          MATCHES	<G(5:'0'1665)-C(6:'0'1521) cis W/W>
	<A(2:)-A(8:) trans H/H>                        MATCHES	<A(4:'0'1664)-A(12:'0'1527) trans H/H>
	<G(1:)-A(9:) trans S/H>                        MATCHES	<G(3:'0'1663)-A(13:'0'1528) trans S/H>
	<G(0:)-C(10:) cis W/W>                         MATCHES	<C(2:'0'1662)-G(14:'0'1529) cis W/W>
#  Matched base-stacking interactions: 

>>>>>>>>>>   ALIGNMENT ENDS   >>>>>>>>>>

<<<<<<<<<<  ALIGNMENT BEGINS  <<<<<<<<<<

#  Aligning reverse-kturn_conseusns and 4v9f_0:1218-1224_2513-2516_1122-1128:
#  Alignment score:  62.2
#  P-value:  1.553e-02
#  Query aligned region: 0-3,4-10
#  Target aligned region: 2:'0'1228-5:'0'1231,9:'0'2523-9:'0'2523,13:'0'1132-15:'0'1134

	GGAG...C~AAC
	CCAA...U~AAG

#  Matched base-pairing interactions: 
	<G(3:)-C(4:) cis W/W>                          MATCHES	<A(5:'0'1231)-U(9:'0'2523) cis -/->
	<A(2:)-A(8:) trans H/H>                        MATCHES	<A(4:'0'1230)-A(13:'0'1132) trans H/H>
	<G(1:)-A(9:) trans S/H>                        MATCHES	<C(3:'0'1229)-A(14:'0'1133) trans S/H>
	<G(0:)-C(10:) cis W/W>                         MATCHES	<C(2:'0'1228)-G(15:'0'1134) cis W/W>
#  Matched base-stacking interactions: 

>>>>>>>>>>   ALIGNMENT ENDS   >>>>>>>>>>

<<<<<<<<<<  ALIGNMENT BEGINS  <<<<<<<<<<

#  Aligning reverse-kturn_conseusns and 4v9f_0:1518-1525_1650-1656:
#  Alignment score:  61.8
#  P-value:  1.578e-02
#  Query aligned region: 0-2,8-10
#  Target aligned region: 5:'0'1531-7:'0'1533,8:'0'1658-10:'0'1660

	GGA...AAC
	UGA...AAG

#  Matched base-pairing interactions: 
	<A(2:)-A(8:) trans H/H>                        MATCHES	<A(7:'0'1533)-A(8:'0'1658) trans H/H>
	<G(1:)-A(9:) trans S/H>                        MATCHES	<G(6:'0'1532)-A(9:'0'1659) trans S/H>
	<G(0:)-C(10:) cis W/W>                         MATCHES	<U(5:'0'1531)-G(10:'0'1660) cis W/W>
#  Matched base-stacking interactions: 

>>>>>>>>>>   ALIGNMENT ENDS   >>>>>>>>>>

<<<<<<<<<<  ALIGNMENT BEGINS  <<<<<<<<<<

#  Aligning reverse-kturn_conseusns and 4v9f_0:202-209_215-221:
#  Alignment score:  60.4
#  P-value:  1.674e-02
#  Query aligned region: 0-2,8-10
#  Target aligned region: 0:'0'210-2:'0'212,12:'0'227-14:'0'229

	GGA...AAC
	UUA...ACG

#  Matched base-pairing interactions: 
	<A(2:)-A(8:) trans H/H>                        MATCHES	<A(2:'0'212)-A(12:'0'227) trans H/H>
	<G(1:)-A(9:) trans S/H>                        MATCHES	<U(1:'0'211)-C(13:'0'228) trans S/H>
	<G(0:)-C(10:) cis W/W>                         MATCHES	<U(0:'0'210)-G(14:'0'229) cis W/W>
#  Matched base-stacking interactions: 

>>>>>>>>>>   ALIGNMENT ENDS   >>>>>>>>>>

<<<<<<<<<<  ALIGNMENT BEGINS  <<<<<<<<<<

#  Aligning reverse-kturn_conseusns and 4v9f_0:2681-2688_2691-2698_2558-2559:
#  Alignment score:  59.6
#  P-value:  1.733e-02
#  Query aligned region: 0-2,8-10
#  Target aligned region: 0:'0'2689-2:'0'2691,12:'0'2703-14:'0'2705

	GGA...AAC
	AUA...ACU

#  Matched base-pairing interactions: 
	<A(2:)-A(8:) trans H/H>                        MATCHES	<A(2:'0'2691)-A(12:'0'2703) trans H/H>
	<G(1:)-A(9:) trans S/H>                        MATCHES	<U(1:'0'2690)-C(13:'0'2704) trans S/H>
	<G(0:)-C(10:) cis W/W>                         MATCHES	<A(0:'0'2689)-U(14:'0'2705) cis W/W>
#  Matched base-stacking interactions: 

>>>>>>>>>>   ALIGNMENT ENDS   >>>>>>>>>>

<<<<<<<<<<  ALIGNMENT BEGINS  <<<<<<<<<<

#  Aligning reverse-kturn_conseusns and 4v9f_0:1359-1366_2043-2050:
#  Alignment score:  59.6
#  P-value:  1.733e-02
#  Query aligned region: 0-2,8-10
#  Target aligned region: 0:'0'1367-2:'0'1369,12:'0'2055-14:'0'2057

	GGA...AAC
	AUA...ACU

#  Matched base-pairing interactions: 
	<A(2:)-A(8:) trans H/H>                        MATCHES	<A(2:'0'1369)-A(12:'0'2055) trans H/H>
	<G(1:)-A(9:) trans S/H>                        MATCHES	<U(1:'0'1368)-C(13:'0'2056) trans S/H>
	<G(0:)-C(10:) cis W/W>                         MATCHES	<A(0:'0'1367)-U(14:'0'2057) cis W/W>
#  Matched base-stacking interactions: 

>>>>>>>>>>   ALIGNMENT ENDS   >>>>>>>>>>

<<<<<<<<<<  ALIGNMENT BEGINS  <<<<<<<<<<

#  Aligning reverse-kturn_conseusns and 4v9f_0:2381-2387_2389-2391_919-920:
#  Alignment score:  58.8
#  P-value:  1.795e-02
#  Query aligned region: 0-2,8-10
#  Target aligned region: 0:'0'2389-2:'0'2391,7:'0'2397-9:'0'2399

	GGA...AAC
	UUC...GAG

#  Matched base-pairing interactions: 
	<A(2:)-A(8:) trans H/H>                        MATCHES	<C(2:'0'2391)-G(7:'0'2397) trans H/H>
	<G(1:)-A(9:) trans S/H>                        MATCHES	<U(1:'0'2390)-A(8:'0'2398) trans S/H>
	<G(0:)-C(10:) cis W/W>                         MATCHES	<U(0:'0'2389)-G(9:'0'2399) cis W/W>
#  Matched base-stacking interactions: 

>>>>>>>>>>   ALIGNMENT ENDS   >>>>>>>>>>

<<<<<<<<<<  ALIGNMENT BEGINS  <<<<<<<<<<

#  Aligning reverse-kturn_conseusns and 4v9f_0:1614-1619_1562-1566_1503-1504:
#  Alignment score:  58
#  P-value:  1.861e-02
#  Query aligned region: 0-2,8-10
#  Target aligned region: 0:'0'1622-2:'0'1624,8:'0'1572-10:'0'1574

	GGA...AAC
	GCA...AAC

#  Matched base-pairing interactions: 
	<A(2:)-A(8:) trans H/H>                        MATCHES	<A(2:'0'1624)-A(8:'0'1572) trans H/H>
	<G(1:)-A(9:) trans S/H>                        MATCHES	<C(1:'0'1623)-A(9:'0'1573) trans S/H>
	<G(0:)-C(10:) cis W/W>                         MATCHES	<G(0:'0'1622)-C(10:'0'1574) cis W/W>
#  Matched base-stacking interactions: 

>>>>>>>>>>   ALIGNMENT ENDS   >>>>>>>>>>

<<<<<<<<<<  ALIGNMENT BEGINS  <<<<<<<<<<

#  Aligning reverse-kturn_conseusns and 4v9f_0:1764-1771_1757-1763_2010-2011:
#  Alignment score:  56.6
#  P-value:  1.984e-02
#  Query aligned region: 0-2,8-10
#  Target aligned region: 2:'0'1774-4:'0'1776,10:'0'1767-12:'0'1769

	GGA...AAC
	GAA...ACC

#  Matched base-pairing interactions: 
	<A(2:)-A(8:) trans H/H>                        MATCHES	<A(4:'0'1776)-A(10:'0'1767) trans H/H>
	<G(1:)-A(9:) trans S/H>                        MATCHES	<A(3:'0'1775)-C(11:'0'1768) trans S/H>
	<G(0:)-C(10:) cis W/W>                         MATCHES	<G(2:'0'1774)-C(12:'0'1769) cis W/W>
#  Matched base-stacking interactions: 

>>>>>>>>>>   ALIGNMENT ENDS   >>>>>>>>>>

<<<<<<<<<<  ALIGNMENT BEGINS  <<<<<<<<<<

#  Aligning reverse-kturn_conseusns and 4v9f_0:1562-1566_1614-1619_1503-1504:
#  Alignment score:  55.1
#  P-value:  2.130e-02
#  Query aligned region: 0-2,8-10
#  Target aligned region: 0:'0'1570-2:'0'1572,7:'0'1624-10:'0'1627

	GGA...A-AC
	CGA...AUAG

#  Matched base-pairing interactions: 
	<G(1:)-A(9:) trans S/H>                        MATCHES	<G(1:'0'1571)-A(9:'0'1626) trans S/H>
	<A(2:)-A(8:) trans H/H>                        MATCHES	<A(2:'0'1572)-A(7:'0'1624) trans H/H>
	<G(0:)-C(10:) cis W/W>                         MATCHES	<C(0:'0'1570)-G(10:'0'1627) cis W/W>
#  Matched base-stacking interactions: 

>>>>>>>>>>   ALIGNMENT ENDS   >>>>>>>>>>

<<<<<<<<<<  ALIGNMENT BEGINS  <<<<<<<<<<

#  Aligning reverse-kturn_conseusns and 4v9f_0:102-108_113-116_35-43:
#  Alignment score:  53.6
#  P-value:  2.293e-02
#  Query aligned region: 0-3,4-10
#  Target aligned region: 1:'0'111-6:'0'116,10:'0'124-10:'0'124,16:'0'48-18:'0'50

	GG-A-G...C~AAC
	CGAAUG...C~AAG

#  Matched base-pairing interactions: 
	<G(3:)-C(4:) cis W/W>                          MATCHES	<G(6:'0'116)-C(10:'0'124) cis W/W>
	<G(1:)-A(9:) trans S/H>                        MATCHES	<G(2:'0'112)-A(17:'0'49) trans S/H>
	<A(2:)-A(8:) trans H/H>                        MATCHES	<A(4:'0'114)-A(16:'0'48) trans H/H>
	<G(0:)-C(10:) cis W/W>                         MATCHES	<C(1:'0'111)-G(18:'0'50) cis W/W>
#  Matched base-stacking interactions: 

>>>>>>>>>>   ALIGNMENT ENDS   >>>>>>>>>>

<<<<<<<<<<  ALIGNMENT BEGINS  <<<<<<<<<<

#  Aligning reverse-kturn_conseusns and 4v9f_0:2010-2011_1756-1761_1766-1772:
#  Alignment score:  48.2
#  P-value:  3.066e-02
#  Query aligned region: 0-2,8-10
#  Target aligned region: 2:'0'1764-5:'0'1767,10:'0'1776-14:'0'1780

	GG-A...A--AC
	CGUA...AGAAG

#  Matched base-pairing interactions: 
	<G(1:)-A(9:) trans S/H>                        MATCHES	<G(3:'0'1765)-A(13:'0'1779) trans S/H>
	<A(2:)-A(8:) trans H/H>                        MATCHES	<A(5:'0'1767)-A(10:'0'1776) trans H/H>
	<G(0:)-C(10:) cis W/W>                         MATCHES	<C(2:'0'1764)-G(14:'0'1780) cis W/W>
#  Matched base-stacking interactions: 

>>>>>>>>>>   ALIGNMENT ENDS   >>>>>>>>>>

<<<<<<<<<<  ALIGNMENT BEGINS  <<<<<<<<<<

#  Aligning reverse-kturn_conseusns and 4v9f_0:2043-2050_1359-1366:
#  Alignment score:  43.8
#  P-value:  4.026e-02
#  Query aligned region: 0-2,8-10
#  Target aligned region: 1:'0'2052-4:'0'2055,10:'0'1369-14:'0'1373

	GG-A...A--AC
	UGAA...AGUAG

#  Matched base-pairing interactions: 
	<G(1:)-A(9:) trans S/H>                        MATCHES	<G(2:'0'2053)-A(13:'0'1372) trans S/H>
	<A(2:)-A(8:) trans H/H>                        MATCHES	<A(4:'0'2055)-A(10:'0'1369) trans H/H>
	<G(0:)-C(10:) cis W/W>                         MATCHES	<U(1:'0'2052)-G(14:'0'1373) cis W/W>
#  Matched base-stacking interactions: 

>>>>>>>>>>   ALIGNMENT ENDS   >>>>>>>>>>

<<<<<<<<<<  ALIGNMENT BEGINS  <<<<<<<<<<

#  Aligning reverse-kturn_conseusns and 4v9f_0:465-469_455-460:
#  Alignment score:  43
#  P-value:  4.248e-02
#  Query aligned region: 0-2,8-10
#  Target aligned region: 1:'0'474-4:'0'477,5:'0'463-9:'0'467

	GG-A...A--AC
	CGAA...AGUAG

#  Matched base-pairing interactions: 
	<G(1:)-A(9:) trans S/H>                        MATCHES	<G(2:'0'475)-A(8:'0'466) trans S/H>
	<A(2:)-A(8:) trans H/H>                        MATCHES	<A(4:'0'477)-A(5:'0'463) trans H/H>
	<G(0:)-C(10:) cis W/W>                         MATCHES	<C(1:'0'474)-G(9:'0'467) cis W/W>
#  Matched base-stacking interactions: 

>>>>>>>>>>   ALIGNMENT ENDS   >>>>>>>>>>

<<<<<<<<<<  ALIGNMENT BEGINS  <<<<<<<<<<

#  Aligning reverse-kturn_conseusns and 4v9f_0:902-904_1260-1261_1281-1287:
#  Alignment score:  42.3
#  P-value:  4.458e-02
#  Query aligned region: 0-3,4-10
#  Target aligned region: 0:'0'910-2:'0'912,4:'0'1269-4:'0'1269,5:'0'1289-11:'0'1295

	GGA~G...CACAAAC
	CGA~G...CGAGUAG

#  Matched base-pairing interactions: 
	<G(3:)-C(4:) cis W/W>                          MATCHES	<G(4:'0'1269)-C(5:'0'1289) cis W/W>
	<A(2:)-A(8:) trans H/H>                        MATCHES	<A(2:'0'912)-U(9:'0'1293) trans H/W>
	<G(1:)-A(9:) trans S/H>                        MATCHES	<G(1:'0'911)-A(10:'0'1294) trans S/H>
	<G(0:)-C(10:) cis W/W>                         MATCHES	<C(0:'0'910)-G(11:'0'1295) cis W/W>
#  Matched base-stacking interactions: 

>>>>>>>>>>   ALIGNMENT ENDS   >>>>>>>>>>

<<<<<<<<<<  ALIGNMENT BEGINS  <<<<<<<<<<

#  Aligning reverse-kturn_conseusns and 4v9f_0:2259-2268_2108-2116_1923-1924:
#  Alignment score:  41.9
#  P-value:  4.585e-02
#  Query aligned region: 0-2,8-10
#  Target aligned region: 2:'0'2269-4:'0'2271,13:'0'2119-18:'0'2124

	GGA...A---AC
	CGG...CUGCAG

#  Matched base-pairing interactions: 
	<G(1:)-A(9:) trans S/H>                        MATCHES	<G(3:'0'2270)-A(17:'0'2123) trans S/H>
	<A(2:)-A(8:) trans H/H>                        MATCHES	<G(4:'0'2271)-C(13:'0'2119) trans H/H>
	<G(0:)-C(10:) cis W/W>                         MATCHES	<C(2:'0'2269)-G(18:'0'2124) cis W/W>
#  Matched base-stacking interactions: 

>>>>>>>>>>   ALIGNMENT ENDS   >>>>>>>>>>

<<<<<<<<<<  ALIGNMENT BEGINS  <<<<<<<<<<

#  Aligning reverse-kturn_conseusns and 4v9f_0:998-999_2289-2293_2298-2303:
#  Alignment score:  41.9
#  P-value:  4.585e-02
#  Query aligned region: 0-2,8-10
#  Target aligned region: 3:'0'2298-5:'0'2300,8:'0'2307-11:'0'2310

	GGA...AA-C
	CGA...AUCG

#  Matched base-pairing interactions: 
	<A(2:)-A(8:) trans H/H>                        MATCHES	<A(5:'0'2300)-A(8:'0'2307) trans H/H>
	<G(0:)-C(10:) cis W/W>                         MATCHES	<C(3:'0'2298)-G(11:'0'2310) cis W/W>
	<G(1:)-A(9:) trans S/H>                        MATCHES	<G(4:'0'2299)-U(9:'0'2308) trans S/H>
#  Matched base-stacking interactions: 

>>>>>>>>>>   ALIGNMENT ENDS   >>>>>>>>>>

<<<<<<<<<<  ALIGNMENT BEGINS  <<<<<<<<<<

#  Aligning reverse-kturn_conseusns and 4v9f_0:1061-1063_905-908_1034-1037:
#  Alignment score:  41.8
#  P-value:  4.618e-02
#  Query aligned region: 0-2,8-10
#  Target aligned region: 0:'0'1069-2:'0'1071,3:'0'913-4:'0'914,10:'0'1045-10:'0'1045

	GGA...AA~C
	CAG...AA~G

#  Matched base-pairing interactions: 
	<A(2:)-A(8:) trans H/H>                        MATCHES	<G(2:'0'1071)-A(3:'0'913) trans H/H>
	<G(0:)-C(10:) cis W/W>                         MATCHES	<C(0:'0'1069)-G(10:'0'1045) cis W/W>
	<G(1:)-A(9:) trans S/H>                        MATCHES	<A(1:'0'1070)-A(4:'0'914) trans S/H>
#  Matched base-stacking interactions: 

>>>>>>>>>>   ALIGNMENT ENDS   >>>>>>>>>>

<<<<<<<<<<  ALIGNMENT BEGINS  <<<<<<<<<<

#  Aligning reverse-kturn_conseusns and 4v9f_0:2691-2698_2681-2688_2558-2559:
#  Alignment score:  40.4
#  P-value:  5.114e-02
#  Query aligned region: 0-2,8-10
#  Target aligned region: 1:'0'2700-4:'0'2703,10:'0'2691-14:'0'2695

	GG-A...A--AC
	GGAA...AGUAC

#  Matched base-pairing interactions: 
	<G(1:)-A(9:) trans S/H>                        MATCHES	<G(2:'0'2701)-A(13:'0'2694) trans S/H>
	<A(2:)-A(8:) trans H/H>                        MATCHES	<A(4:'0'2703)-A(10:'0'2691) trans H/H>
	<G(0:)-C(10:) cis W/W>                         MATCHES	<G(1:'0'2700)-C(14:'0'2695) cis W/W>
#  Matched base-stacking interactions: 

>>>>>>>>>>   ALIGNMENT ENDS   >>>>>>>>>>

<<<<<<<<<<  ALIGNMENT BEGINS  <<<<<<<<<<

#  Aligning reverse-kturn_conseusns and 4v9f_0:1004-1008_2290-2302_944-947:
#  Alignment score:  40.2
#  P-value:  5.191e-02
#  Query aligned region: 1-3,4-9
#  Target aligned region: 0:'0'1012-0:'0'1012,7:'0'2300-14:'0'2307,21:'0'955-21:'0'955

	G~AG...C-ACAA~A
	A~AA...AAGAUA~A

#  Matched base-pairing interactions: 
	<G(1:)-A(9:) trans S/H>                        MATCHES	<A(0:'0'1012)-A(21:'0'955) trans S/H>
	<A(2:)-A(8:) trans H/H>                        MATCHES	<A(7:'0'2300)-A(14:'0'2307) trans H/H>
	<G(3:)-C(4:) cis W/W>                          MATCHES	<A(8:'0'2301)-A(9:'0'2302) trans S/S>
#  Matched base-stacking interactions: 

>>>>>>>>>>   ALIGNMENT ENDS   >>>>>>>>>>

<<<<<<<<<<  ALIGNMENT BEGINS  <<<<<<<<<<

#  Aligning reverse-kturn_conseusns and 4v9f_0:1697-1701_781-783_1702-1705:
#  Alignment score:  40
#  P-value:  5.271e-02
#  Query aligned region: 0-3,4-10
#  Target aligned region: 0:'0'1705-3:'0'1708,7:'0'791-7:'0'791,9:'0'1711-11:'0'1713

	GGAG...C~AAC
	CGGC...A~AAG

#  Matched base-pairing interactions: 
	<G(3:)-C(4:) cis W/W>                          MATCHES	<C(3:'0'1708)-A(7:'0'791) cis S/S>
	<A(2:)-A(8:) trans H/H>                        MATCHES	<G(2:'0'1707)-A(9:'0'1711) trans S/H>
	<G(1:)-A(9:) trans S/H>                        MATCHES	<G(1:'0'1706)-A(10:'0'1712) trans S/H>
	<G(0:)-C(10:) cis W/W>                         MATCHES	<C(0:'0'1705)-G(11:'0'1713) cis W/W>
#  Matched base-stacking interactions: 

>>>>>>>>>>   ALIGNMENT ENDS   >>>>>>>>>>

<<<<<<<<<<  ALIGNMENT BEGINS  <<<<<<<<<<

#  Aligning reverse-kturn_conseusns and 4v9f_0:711-715_929-930_697-701:
#  Alignment score:  39.6
#  P-value:  5.434e-02
#  Query aligned region: 0-3,4-10
#  Target aligned region: 0:'0'719-3:'0'722,5:'0'937-5:'0'937,9:'0'707-11:'0'709

	GGAG...C~AAC
	CGAG...C~CAG

#  Matched base-pairing interactions: 
	<G(3:)-C(4:) cis W/W>                          MATCHES	<G(3:'0'722)-C(5:'0'937) cis -/->
	<A(2:)-A(8:) trans H/H>                        MATCHES	<A(2:'0'721)-C(9:'0'707) trans H/W>
	<G(1:)-A(9:) trans S/H>                        MATCHES	<G(1:'0'720)-A(10:'0'708) trans S/H>
	<G(0:)-C(10:) cis W/W>                         MATCHES	<C(0:'0'719)-G(11:'0'709) cis W/W>
#  Matched base-stacking interactions: 

>>>>>>>>>>   ALIGNMENT ENDS   >>>>>>>>>>

<<<<<<<<<<  ALIGNMENT BEGINS  <<<<<<<<<<

#  Aligning reverse-kturn_conseusns and 4v9f_0:473-476_497-507_477-479:
#  Alignment score:  39.6
#  P-value:  5.434e-02
#  Query aligned region: 1-2,8-9
#  Target aligned region: 1:'0'482-2:'0'483,6:'0'507-6:'0'507,16:'0'486-16:'0'486

	GA...A~A
	GC...A~A

#  Matched base-pairing interactions: 
	<G(1:)-A(9:) trans S/H>                        MATCHES	<G(1:'0'482)-A(16:'0'486) trans S/H>
	<A(2:)-A(8:) trans H/H>                        MATCHES	<C(2:'0'483)-A(6:'0'507) trans H/H>
#  Matched base-stacking interactions: 

>>>>>>>>>>   ALIGNMENT ENDS   >>>>>>>>>>

<<<<<<<<<<  ALIGNMENT BEGINS  <<<<<<<<<<

#  Aligning reverse-kturn_conseusns and 4v9f_0:150-155_760-763_164-170:
#  Alignment score:  39.6
#  P-value:  5.434e-02
#  Query aligned region: 0-3,4-10
#  Target aligned region: 0:'0'158-4:'0'162,6:'0'768-6:'0'768,12:'0'174-16:'0'178

	GG-AG...C~A--AC
	AGAAC...U~AGUAU

#  Matched base-pairing interactions: 
	<G(1:)-A(9:) trans S/H>                        MATCHES	<G(1:'0'159)-A(15:'0'177) trans S/H>
	<A(2:)-A(8:) trans H/H>                        MATCHES	<A(3:'0'161)-A(12:'0'174) trans H/H>
	<G(3:)-C(4:) cis W/W>                          MATCHES	<C(4:'0'162)-U(6:'0'768) cis S/W>
	<G(0:)-C(10:) cis W/W>                         MATCHES	<A(0:'0'158)-U(16:'0'178) cis W/W>
#  Matched base-stacking interactions: 

>>>>>>>>>>   ALIGNMENT ENDS   >>>>>>>>>>

<<<<<<<<<<  ALIGNMENT BEGINS  <<<<<<<<<<

#  Aligning reverse-kturn_conseusns and 4v9f_0:2248-2254_2123-2127_2233-2237:
#  Alignment score:  38.9
#  P-value:  5.740e-02
#  Query aligned region: 0-3,4-10
#  Target aligned region: 0:'0'2256-6:'0'2262,7:'0'2131-9:'0'2133,15:'0'2244-16:'0'2245

	GG--A-G...CACAA~AC
	GGACACC...G--CU~AC

#  Matched base-pairing interactions: 
	<G(3:)-C(4:) cis W/W>                          MATCHES	<C(6:'0'2262)-G(7:'0'2131) cis W/W>
	<G(1:)-A(9:) trans S/H>                        MATCHES	<G(1:'0'2257)-A(15:'0'2244) trans S/H>
	<A(2:)-A(8:) trans H/H>                        MATCHES	<A(4:'0'2260)-U(9:'0'2133) trans H/H>
	<G(0:)-C(10:) cis W/W>                         MATCHES	<G(0:'0'2256)-C(16:'0'2245) cis W/W>
#  Matched base-stacking interactions: 

>>>>>>>>>>   ALIGNMENT ENDS   >>>>>>>>>>

<<<<<<<<<<  ALIGNMENT BEGINS  <<<<<<<<<<

#  Aligning reverse-kturn_conseusns and 4v9f_0:1908-1915:
#  Alignment score:  38.2
#  P-value:  6.072e-02
#  Query aligned region: 0-2,8-10
#  Target aligned region: 0:'0'1916-7:'0'1923

	GGA...AAC
	CGU...AAG

#  Matched base-pairing interactions: 
	<A(2:)-A(8:) trans H/H>                        MATCHES	<U(2:'0'1918)-A(5:'0'1921) trans S/H>
	<G(1:)-A(9:) trans S/H>                        MATCHES	<G(1:'0'1917)-A(6:'0'1922) trans S/H>
	<G(0:)-C(10:) cis W/W>                         MATCHES	<C(0:'0'1916)-G(7:'0'1923) cis W/W>
#  Matched base-stacking interactions: 

>>>>>>>>>>   ALIGNMENT ENDS   >>>>>>>>>>

<<<<<<<<<<  ALIGNMENT BEGINS  <<<<<<<<<<

#  Aligning reverse-kturn_conseusns and 4v9f_0:1579-1584_1594-1600:
#  Alignment score:  38.2
#  P-value:  6.072e-02
#  Query aligned region: 0-2,8-10
#  Target aligned region: 0:'0'1587-2:'0'1589,10:'0'1606-12:'0'1608

	GGA...AAC
	UGG...AAG

#  Matched base-pairing interactions: 
	<A(2:)-A(8:) trans H/H>                        MATCHES	<G(2:'0'1589)-A(10:'0'1606) trans S/H>
	<G(1:)-A(9:) trans S/H>                        MATCHES	<G(1:'0'1588)-A(11:'0'1607) trans S/H>
	<G(0:)-C(10:) cis W/W>                         MATCHES	<U(0:'0'1587)-G(12:'0'1608) cis W/W>
#  Matched base-stacking interactions: 

>>>>>>>>>>   ALIGNMENT ENDS   >>>>>>>>>>

<<<<<<<<<<  ALIGNMENT BEGINS  <<<<<<<<<<

#  Aligning reverse-kturn_conseusns and 4v9f_0:633-637_893-897_1345-1352:
#  Alignment score:  38
#  P-value:  6.172e-02
#  Query aligned region: 0-3,4-10
#  Target aligned region: 0:'0'641-2:'0'643,7:'0'903-8:'0'904,12:'0'1355-17:'0'1360

	GGA~G...C~A--A-C
	GGA~U...U~AAAAUC

#  Matched base-pairing interactions: 
	<G(0:)-C(10:) cis W/W>                         MATCHES	<G(0:'0'641)-C(17:'0'1360) cis W/W>
	<G(1:)-A(9:) trans S/H>                        MATCHES	<G(1:'0'642)-A(15:'0'1358) trans S/H>
	<A(2:)-A(8:) trans H/H>                        MATCHES	<A(2:'0'643)-A(12:'0'1355) trans H/H>
	<G(3:)-C(4:) cis W/W>                          MATCHES	<U(7:'0'903)-U(8:'0'904) trans S/S>
#  Matched base-stacking interactions: 

>>>>>>>>>>   ALIGNMENT ENDS   >>>>>>>>>>

<<<<<<<<<<  ALIGNMENT BEGINS  <<<<<<<<<<

#  Aligning reverse-kturn_conseusns and 4v9f_0:1631-1636_1607-1610_1534-1538:
#  Alignment score:  37.8
#  P-value:  6.274e-02
#  Query aligned region: 0-2,8-10
#  Target aligned region: 0:'0'1639-2:'0'1641,12:'0'1544-14:'0'1546

	GGA...AAC
	UCA...UCG

#  Matched base-pairing interactions: 
	<A(2:)-A(8:) trans H/H>                        MATCHES	<A(2:'0'1641)-U(12:'0'1544) trans H/W>
	<G(1:)-A(9:) trans S/H>                        MATCHES	<C(1:'0'1640)-C(13:'0'1545) trans S/H>
	<G(0:)-C(10:) cis W/W>                         MATCHES	<U(0:'0'1639)-G(14:'0'1546) cis W/W>
#  Matched base-stacking interactions: 

>>>>>>>>>>   ALIGNMENT ENDS   >>>>>>>>>>

<<<<<<<<<<  ALIGNMENT BEGINS  <<<<<<<<<<

#  Aligning reverse-kturn_conseusns and 4v9f_0:1151-1152_1186-1189_1194-1200:
#  Alignment score:  37.1
#  P-value:  6.655e-02
#  Query aligned region: 0-3,4-10
#  Target aligned region: 0:'0'1159-1:'0'1160,2:'0'1194-4:'0'1196,7:'0'1203-12:'0'1208

	GG~A-G...CACAA-AC
	GG~AGC...G--CUUAC

#  Matched base-pairing interactions: 
	<G(1:)-A(9:) trans S/H>                        MATCHES	<G(1:'0'1160)-A(11:'0'1207) trans S/H>
	<A(2:)-A(8:) trans H/H>                        MATCHES	<A(2:'0'1194)-U(9:'0'1205) cis W/W>
	<G(3:)-C(4:) cis W/W>                          MATCHES	<C(4:'0'1196)-G(7:'0'1203) cis W/W>
	<G(0:)-C(10:) cis W/W>                         MATCHES	<G(0:'0'1159)-C(12:'0'1208) cis W/W>
#  Matched base-stacking interactions: 

>>>>>>>>>>   ALIGNMENT ENDS   >>>>>>>>>>

<<<<<<<<<<  ALIGNMENT BEGINS  <<<<<<<<<<

#  Aligning reverse-kturn_conseusns and 4v9f_0:368-371_256-262_233-241:
#  Alignment score:  36.2
#  P-value:  7.196e-02
#  Query aligned region: 0-2,8-10
#  Target aligned region: 7:'0'267-9:'0'269,12:'0'242-14:'0'244

	GGA...AAC
	GUG...AAC

#  Matched base-pairing interactions: 
	<A(2:)-A(8:) trans H/H>                        MATCHES	<G(9:'0'269)-A(12:'0'242) trans S/H>
	<G(1:)-A(9:) trans S/H>                        MATCHES	<U(8:'0'268)-A(13:'0'243) trans S/H>
	<G(0:)-C(10:) cis W/W>                         MATCHES	<G(7:'0'267)-C(14:'0'244) cis W/W>
#  Matched base-stacking interactions: 

>>>>>>>>>>   ALIGNMENT ENDS   >>>>>>>>>>

<<<<<<<<<<  ALIGNMENT BEGINS  <<<<<<<<<<

#  Aligning reverse-kturn_conseusns and 4v9f_0:1620-1623_1545-1547_1624-1625:
#  Alignment score:  36
#  P-value:  7.326e-02
#  Query aligned region: 0-2,8-10
#  Target aligned region: 0:'0'1628-2:'0'1630,6:'0'1555-6:'0'1555,7:'0'1632-8:'0'1633

	GGA...A~AC
	GGA...G~AC

#  Matched base-pairing interactions: 
	<A(2:)-A(8:) trans H/H>                        MATCHES	<A(2:'0'1630)-G(6:'0'1555) cis W/S>
	<G(1:)-A(9:) trans S/H>                        MATCHES	<G(1:'0'1629)-A(7:'0'1632) trans S/H>
	<G(0:)-C(10:) cis W/W>                         MATCHES	<G(0:'0'1628)-C(8:'0'1633) cis W/W>
#  Matched base-stacking interactions: 

>>>>>>>>>>   ALIGNMENT ENDS   >>>>>>>>>>

<<<<<<<<<<  ALIGNMENT BEGINS  <<<<<<<<<<

#  Aligning reverse-kturn_conseusns and 4v9f_0:804-810_786-794:
#  Alignment score:  36
#  P-value:  7.326e-02
#  Query aligned region: 0-2,8-10
#  Target aligned region: 3:'0'815-5:'0'817,9:'0'796-11:'0'798

	GGA...AAC
	UGG...AAG

#  Matched base-pairing interactions: 
	<A(2:)-A(8:) trans H/H>                        MATCHES	<G(5:'0'817)-A(9:'0'796) trans S/H>
	<G(1:)-A(9:) trans S/H>                        MATCHES	<G(4:'0'816)-A(10:'0'797) trans S/H>
	<G(0:)-C(10:) cis W/W>                         MATCHES	<U(3:'0'815)-G(11:'0'798) cis W/W>
#  Matched base-stacking interactions: 

>>>>>>>>>>   ALIGNMENT ENDS   >>>>>>>>>>

<<<<<<<<<<  ALIGNMENT BEGINS  <<<<<<<<<<

#  Aligning reverse-kturn_conseusns and 4v9f_0:2036-2038_1725-1728_1367-1368:
#  Alignment score:  35.8
#  P-value:  7.459e-02
#  Query aligned region: 0-1,9-10
#  Target aligned region: 1:'0'2045-2:'0'2046,3:'0'1733-4:'0'1734

	GG...AC
	GG...AC

#  Matched base-pairing interactions: 
	<G(1:)-A(9:) trans S/H>                        MATCHES	<G(2:'0'2046)-A(3:'0'1733) trans S/H>
	<G(0:)-C(10:) cis W/W>                         MATCHES	<G(1:'0'2045)-C(4:'0'1734) cis W/W>
#  Matched base-stacking interactions: 

>>>>>>>>>>   ALIGNMENT ENDS   >>>>>>>>>>

<<<<<<<<<<  ALIGNMENT BEGINS  <<<<<<<<<<

#  Aligning reverse-kturn_conseusns and 4v9f_0:212-218_205-211_162-163:
#  Alignment score:  35.8
#  P-value:  7.459e-02
#  Query aligned region: 0-2,8-10
#  Target aligned region: 4:'0'224-6:'0'226,8:'0'214-10:'0'216

	GGA...AAC
	UGA...UAA

#  Matched base-pairing interactions: 
	<A(2:)-A(8:) trans H/H>                        MATCHES	<A(6:'0'226)-U(8:'0'214) trans H/W>
	<G(1:)-A(9:) trans S/H>                        MATCHES	<G(5:'0'225)-A(9:'0'215) trans S/H>
	<G(0:)-C(10:) cis W/W>                         MATCHES	<U(4:'0'224)-A(10:'0'216) cis W/W>
#  Matched base-stacking interactions: 

>>>>>>>>>>   ALIGNMENT ENDS   >>>>>>>>>>

<<<<<<<<<<  ALIGNMENT BEGINS  <<<<<<<<<<

#  Aligning reverse-kturn_conseusns and 4v9f_0:488-496_504-505_480-486:
#  Alignment score:  35.8
#  P-value:  7.459e-02
#  Query aligned region: 0-2,8-10
#  Target aligned region: 6:'0'502-7:'0'503,10:'0'513-10:'0'513,11:'0'488-13:'0'490

	GG~A...AAC
	AG~A...UAC

#  Matched base-pairing interactions: 
	<G(1:)-A(9:) trans S/H>                        MATCHES	<G(7:'0'503)-A(12:'0'489) trans S/H>
	<A(2:)-A(8:) trans H/H>                        MATCHES	<A(10:'0'513)-U(11:'0'488) cis -/->
	<G(0:)-C(10:) cis W/W>                         MATCHES	<A(6:'0'502)-C(13:'0'490) cis W/W>
#  Matched base-stacking interactions: 

>>>>>>>>>>   ALIGNMENT ENDS   >>>>>>>>>>

<<<<<<<<<<  ALIGNMENT BEGINS  <<<<<<<<<<

#  Aligning reverse-kturn_conseusns and 4v9f_0:2746-2750_2032-2033_2716-2720:
#  Alignment score:  35.6
#  P-value:  7.595e-02
#  Query aligned region: 0-2,8-10
#  Target aligned region: 0:'0'2754-1:'0'2755,6:'0'2041-6:'0'2041,9:'0'2726-11:'0'2728

	GG~A...AAC
	GG~G...UAC

#  Matched base-pairing interactions: 
	<G(1:)-A(9:) trans S/H>                        MATCHES	<G(1:'0'2755)-A(10:'0'2727) trans S/H>
	<A(2:)-A(8:) trans H/H>                        MATCHES	<G(6:'0'2041)-U(9:'0'2726) cis S/W>
	<G(0:)-C(10:) cis W/W>                         MATCHES	<G(0:'0'2754)-C(11:'0'2728) cis W/W>
#  Matched base-stacking interactions: 

>>>>>>>>>>   ALIGNMENT ENDS   >>>>>>>>>>

<<<<<<<<<<  ALIGNMENT BEGINS  <<<<<<<<<<

#  Aligning reverse-kturn_conseusns and 4v9f_0:681-685_723-725_686-689:
#  Alignment score:  35.5
#  P-value:  7.665e-02
#  Query aligned region: 0-2,8-10
#  Target aligned region: 1:'0'690-4:'0'693,7:'0'733-7:'0'733,8:'0'694-9:'0'695

	GG-A...A~AC
	GGAA...U~AC

#  Matched base-pairing interactions: 
	<G(1:)-A(9:) trans S/H>                        MATCHES	<G(2:'0'691)-A(8:'0'694) trans S/H>
	<A(2:)-A(8:) trans H/H>                        MATCHES	<A(4:'0'693)-U(7:'0'733) cis -/->
	<G(0:)-C(10:) cis W/W>                         MATCHES	<G(1:'0'690)-C(9:'0'695) cis W/W>
#  Matched base-stacking interactions: 

>>>>>>>>>>   ALIGNMENT ENDS   >>>>>>>>>>

<<<<<<<<<<  ALIGNMENT BEGINS  <<<<<<<<<<

#  Aligning reverse-kturn_conseusns and 4v9f_0:2503-2510_2494-2499:
#  Alignment score:  35.4
#  P-value:  7.736e-02
#  Query aligned region: 0-2,8-10
#  Target aligned region: 4:'0'2515-6:'0'2517,9:'0'2503-11:'0'2505

	GGA...AAC
	CGA...AAG

#  Matched base-pairing interactions: 
	<A(2:)-A(8:) trans H/H>                        MATCHES	<A(6:'0'2517)-A(9:'0'2503) trans H/S>
	<G(1:)-A(9:) trans S/H>                        MATCHES	<G(5:'0'2516)-A(10:'0'2504) trans S/H>
	<G(0:)-C(10:) cis W/W>                         MATCHES	<C(4:'0'2515)-G(11:'0'2505) cis W/W>
#  Matched base-stacking interactions: 

>>>>>>>>>>   ALIGNMENT ENDS   >>>>>>>>>>

<<<<<<<<<<  ALIGNMENT BEGINS  <<<<<<<<<<

#  Aligning reverse-kturn_conseusns and 4v9f_0:1475-1477_775-776_1449-1452:
#  Alignment score:  35.4
#  P-value:  7.736e-02
#  Query aligned region: 0-2,8-10
#  Target aligned region: 0:'0'1483-1:'0'1484,4:'0'784-4:'0'784,6:'0'1458-8:'0'1460

	GG~A...AAC
	CG~A...AAG

#  Matched base-pairing interactions: 
	<G(1:)-A(9:) trans S/H>                        MATCHES	<G(1:'0'1484)-A(7:'0'1459) trans S/H>
	<A(2:)-A(8:) trans H/H>                        MATCHES	<A(4:'0'784)-A(6:'0'1458) cis S/S>
	<G(0:)-C(10:) cis W/W>                         MATCHES	<C(0:'0'1483)-G(8:'0'1460) cis W/W>
#  Matched base-stacking interactions: 

>>>>>>>>>>   ALIGNMENT ENDS   >>>>>>>>>>

<<<<<<<<<<  ALIGNMENT BEGINS  <<<<<<<<<<

#  Aligning reverse-kturn_conseusns and 4v9f_0:396-402_420-422_372-378:
#  Alignment score:  35.2
#  P-value:  7.880e-02
#  Query aligned region: 0-3,4-10
#  Target aligned region: 1:'0'405-6:'0'410,10:'0'380-14:'0'384

	GG-AG...C~A--AC
	CGAAU...A~AGUAG

#  Matched base-pairing interactions: 
	<G(3:)-C(4:) cis W/W>                          MATCHES	<U(5:'0'409)-A(6:'0'410) cis S/S>
	<G(1:)-A(9:) trans S/H>                        MATCHES	<G(2:'0'406)-A(13:'0'383) trans S/H>
	<A(2:)-A(8:) trans H/H>                        MATCHES	<A(4:'0'408)-A(10:'0'380) trans H/H>
	<G(0:)-C(10:) cis W/W>                         MATCHES	<C(1:'0'405)-G(14:'0'384) cis W/W>
#  Matched base-stacking interactions: 

>>>>>>>>>>   ALIGNMENT ENDS   >>>>>>>>>>

<<<<<<<<<<  ALIGNMENT BEGINS  <<<<<<<<<<

#  Aligning reverse-kturn_conseusns and 4v9f_0:2793-2794_2789-2792_2764-2769:
#  Alignment score:  35
#  P-value:  8.028e-02
#  Query aligned region: 0-1,9-10
#  Target aligned region: 2:'0'2797-3:'0'2798,10:'0'2776-11:'0'2777

	GG...AC
	CG...AG

#  Matched base-pairing interactions: 
	<G(1:)-A(9:) trans S/H>                        MATCHES	<G(3:'0'2798)-A(10:'0'2776) trans S/H>
	<G(0:)-C(10:) cis W/W>                         MATCHES	<C(2:'0'2797)-G(11:'0'2777) cis W/W>
#  Matched base-stacking interactions: 

>>>>>>>>>>   ALIGNMENT ENDS   >>>>>>>>>>

<<<<<<<<<<  ALIGNMENT BEGINS  <<<<<<<<<<

#  Aligning reverse-kturn_conseusns and 4v9f_0:2798-2805_2665-2671:
#  Alignment score:  35
#  P-value:  8.028e-02
#  Query aligned region: 0-1,9-10
#  Target aligned region: 3:'0'2809-4:'0'2810,10:'0'2675-11:'0'2676

	GG...AC
	GG...AC

#  Matched base-pairing interactions: 
	<G(1:)-A(9:) trans S/H>                        MATCHES	<G(4:'0'2810)-A(10:'0'2675) trans S/H>
	<G(0:)-C(10:) cis W/W>                         MATCHES	<G(3:'0'2809)-C(11:'0'2676) cis W/W>
#  Matched base-stacking interactions: 

>>>>>>>>>>   ALIGNMENT ENDS   >>>>>>>>>>

<<<<<<<<<<  ALIGNMENT BEGINS  <<<<<<<<<<

#  Aligning reverse-kturn_conseusns and 4v9f_0:2494-2499_2503-2510:
#  Alignment score:  35
#  P-value:  8.028e-02
#  Query aligned region: 0-1,9-10
#  Target aligned region: 4:'0'2506-5:'0'2507,8:'0'2513-9:'0'2514

	GG...AC
	AG...AU

#  Matched base-pairing interactions: 
	<G(1:)-A(9:) trans S/H>                        MATCHES	<G(5:'0'2507)-A(8:'0'2513) trans S/H>
	<G(0:)-C(10:) cis W/W>                         MATCHES	<A(4:'0'2506)-U(9:'0'2514) cis W/W>
#  Matched base-stacking interactions: 

>>>>>>>>>>   ALIGNMENT ENDS   >>>>>>>>>>

<<<<<<<<<<  ALIGNMENT BEGINS  <<<<<<<<<<

#  Aligning reverse-kturn_conseusns and 4v9f_0:1873-1876_1838-1843:
#  Alignment score:  35
#  P-value:  8.028e-02
#  Query aligned region: 0-1,9-10
#  Target aligned region: 2:'0'1883-3:'0'1884,5:'0'1847-6:'0'1848

	GG...AC
	UG...AG

#  Matched base-pairing interactions: 
	<G(1:)-A(9:) trans S/H>                        MATCHES	<G(3:'0'1884)-A(5:'0'1847) trans S/H>
	<G(0:)-C(10:) cis W/W>                         MATCHES	<U(2:'0'1883)-G(6:'0'1848) cis W/W>
#  Matched base-stacking interactions: 

>>>>>>>>>>   ALIGNMENT ENDS   >>>>>>>>>>

<<<<<<<<<<  ALIGNMENT BEGINS  <<<<<<<<<<

#  Aligning reverse-kturn_conseusns and 4v9f_0:543-544_1326-1335_1308-1315:
#  Alignment score:  35
#  P-value:  8.028e-02
#  Query aligned region: 0-1,9-10
#  Target aligned region: 6:'0'1338-7:'0'1339,14:'0'1318-15:'0'1319

	GG...AC
	UG...AG

#  Matched base-pairing interactions: 
	<G(1:)-A(9:) trans S/H>                        MATCHES	<G(7:'0'1339)-A(14:'0'1318) trans S/H>
	<G(0:)-C(10:) cis W/W>                         MATCHES	<U(6:'0'1338)-G(15:'0'1319) cis W/W>
#  Matched base-stacking interactions: 

>>>>>>>>>>   ALIGNMENT ENDS   >>>>>>>>>>

<<<<<<<<<<  ALIGNMENT BEGINS  <<<<<<<<<<

#  Aligning reverse-kturn_conseusns and 4v9f_0:2403-2408:
#  Alignment score:  35
#  P-value:  8.028e-02
#  Query aligned region: 0-1,9-10
#  Target aligned region: 0:'0'2411-5:'0'2416

	GG...AC
	CG...AG

#  Matched base-pairing interactions: 
	<G(1:)-A(9:) trans S/H>                        MATCHES	<G(1:'0'2412)-A(4:'0'2415) trans S/H>
	<G(0:)-C(10:) cis W/W>                         MATCHES	<C(0:'0'2411)-G(5:'0'2416) cis W/W>
#  Matched base-stacking interactions: 

>>>>>>>>>>   ALIGNMENT ENDS   >>>>>>>>>>

<<<<<<<<<<  ALIGNMENT BEGINS  <<<<<<<<<<

#  Aligning reverse-kturn_conseusns and 4v9f_0:2791-2797_2761-2765_2568-2570:
#  Alignment score:  34.8
#  P-value:  8.181e-02
#  Query aligned region: 0-1,9-10
#  Target aligned region: 5:'0'2804-6:'0'2805,7:'0'2769-8:'0'2770

	GG...AC
	CA...CG

#  Matched base-pairing interactions: 
	<G(1:)-A(9:) trans S/H>                        MATCHES	<A(6:'0'2805)-C(7:'0'2769) trans S/H>
	<G(0:)-C(10:) cis W/W>                         MATCHES	<C(5:'0'2804)-G(8:'0'2770) cis W/W>
#  Matched base-stacking interactions: 

>>>>>>>>>>   ALIGNMENT ENDS   >>>>>>>>>>

<<<<<<<<<<  ALIGNMENT BEGINS  <<<<<<<<<<

#  Aligning reverse-kturn_conseusns and 4v9f_0:244-249:
#  Alignment score:  34.8
#  P-value:  8.181e-02
#  Query aligned region: 0-1,9-10
#  Target aligned region: 0:'0'252-5:'0'257

	GG...AC
	CU...CG

#  Matched base-pairing interactions: 
	<G(1:)-A(9:) trans S/H>                        MATCHES	<U(1:'0'253)-C(4:'0'256) trans S/H>
	<G(0:)-C(10:) cis W/W>                         MATCHES	<C(0:'0'252)-G(5:'0'257) cis W/W>
#  Matched base-stacking interactions: 

>>>>>>>>>>   ALIGNMENT ENDS   >>>>>>>>>>

<<<<<<<<<<  ALIGNMENT BEGINS  <<<<<<<<<<

#  Aligning reverse-kturn_conseusns and 4v9f_0:207-211_212-217_160-163:
#  Alignment score:  34.6
#  P-value:  8.338e-02
#  Query aligned region: 0-1,9-10
#  Target aligned region: 2:'0'217-3:'0'218,7:'0'222-8:'0'223

	GG...AC
	CC...AG

#  Matched base-pairing interactions: 
	<G(1:)-A(9:) trans S/H>                        MATCHES	<C(3:'0'218)-A(7:'0'222) trans S/H>
	<G(0:)-C(10:) cis W/W>                         MATCHES	<C(2:'0'217)-G(8:'0'223) cis W/W>
#  Matched base-stacking interactions: 

>>>>>>>>>>   ALIGNMENT ENDS   >>>>>>>>>>

<<<<<<<<<<  ALIGNMENT BEGINS  <<<<<<<<<<

#  Aligning reverse-kturn_conseusns and 4v9f_0:999-1005_953-954_945-950:
#  Alignment score:  34.6
#  P-value:  8.338e-02
#  Query aligned region: 0-1,9-10
#  Target aligned region: 4:'0'1011-5:'0'1012,11:'0'955-12:'0'956

	GG...AC
	CA...AG

#  Matched base-pairing interactions: 
	<G(1:)-A(9:) trans S/H>                        MATCHES	<A(5:'0'1012)-A(11:'0'955) trans S/H>
	<G(0:)-C(10:) cis W/W>                         MATCHES	<C(4:'0'1011)-G(12:'0'956) cis W/W>
#  Matched base-stacking interactions: 

>>>>>>>>>>   ALIGNMENT ENDS   >>>>>>>>>>

<<<<<<<<<<  ALIGNMENT BEGINS  <<<<<<<<<<

#  Aligning reverse-kturn_conseusns and 4v9f_0:841-846_819-825:
#  Alignment score:  34.4
#  P-value:  8.499e-02
#  Query aligned region: 0-1,9-10
#  Target aligned region: 4:'0'853-5:'0'854,6:'0'827-7:'0'828

	GG...AC
	CG...AG

#  Matched base-pairing interactions: 
	<G(1:)-A(9:) trans S/H>                        MATCHES	<G(5:'0'854)-A(6:'0'827) trans S/H>
	<G(0:)-C(10:) cis W/W>                         MATCHES	<C(4:'0'853)-G(7:'0'828) cis W/W>
#  Matched base-stacking interactions: 

>>>>>>>>>>   ALIGNMENT ENDS   >>>>>>>>>>

<<<<<<<<<<  ALIGNMENT BEGINS  <<<<<<<<<<

#  Aligning reverse-kturn_conseusns and 4v9f_0:2343-2348_2323-2325:
#  Alignment score:  34.4
#  P-value:  8.499e-02
#  Query aligned region: 0-1,9-10
#  Target aligned region: 0:'0'2351-1:'0'2352,7:'0'2332-8:'0'2333

	GG...AC
	CG...AG

#  Matched base-pairing interactions: 
	<G(1:)-A(9:) trans S/H>                        MATCHES	<G(1:'0'2352)-A(7:'0'2332) trans S/H>
	<G(0:)-C(10:) cis W/W>                         MATCHES	<C(0:'0'2351)-G(8:'0'2333) cis W/W>
#  Matched base-stacking interactions: 

>>>>>>>>>>   ALIGNMENT ENDS   >>>>>>>>>>

<<<<<<<<<<  ALIGNMENT BEGINS  <<<<<<<<<<

#  Aligning reverse-kturn_conseusns and 4v9f_0:796-801:
#  Alignment score:  34.4
#  P-value:  8.499e-02
#  Query aligned region: 0-1,9-10
#  Target aligned region: 0:'0'804-5:'0'809

	GG...AC
	CG...AG

#  Matched base-pairing interactions: 
	<G(1:)-A(9:) trans S/H>                        MATCHES	<G(1:'0'805)-A(4:'0'808) trans S/H>
	<G(0:)-C(10:) cis W/W>                         MATCHES	<C(0:'0'804)-G(5:'0'809) cis W/W>
#  Matched base-stacking interactions: 

>>>>>>>>>>   ALIGNMENT ENDS   >>>>>>>>>>

<<<<<<<<<<  ALIGNMENT BEGINS  <<<<<<<<<<

#  Aligning reverse-kturn_conseusns and 4v9f_0:70-75_83-91:
#  Alignment score:  34.1
#  P-value:  8.750e-02
#  Query aligned region: 0-3,4-10
#  Target aligned region: 0:'0'78-3:'0'81,8:'0'93-14:'0'99

	GGAG...CACAAAC
	GGAG...CGAAGAA

#  Matched base-pairing interactions: 
	<G(3:)-C(4:) cis W/W>                          MATCHES	<G(3:'0'81)-C(8:'0'93) cis W/W>
	<A(2:)-A(8:) trans H/H>                        MATCHES	<A(2:'0'80)-G(12:'0'97) trans H/S>
	<G(1:)-A(9:) trans S/H>                        MATCHES	<G(1:'0'79)-A(13:'0'98) trans S/H>
	<G(0:)-C(10:) cis W/W>                         MATCHES	<G(0:'0'78)-A(14:'0'99) trans S/H>
#  Matched base-stacking interactions: 

>>>>>>>>>>   ALIGNMENT ENDS   >>>>>>>>>>

<<<<<<<<<<  ALIGNMENT BEGINS  <<<<<<<<<<

#  Aligning reverse-kturn_conseusns and 4v9f_0:1636-1638_1602-1607_1571-1578:
#  Alignment score:  34
#  P-value:  8.836e-02
#  Query aligned region: 0-2,8-10
#  Target aligned region: 6:'0'1613-7:'0'1614,9:'0'1579-12:'0'1582

	GG~A...AAC
	CG~C...AAC

#  Matched base-pairing interactions: 
	<G(1:)-A(9:) trans S/H>                        MATCHES	<G(7:'0'1614)-A(11:'0'1581) trans S/H>
	<A(2:)-A(8:) trans H/H>                        MATCHES	<C(9:'0'1579)-A(10:'0'1580) cis -/->
	<G(0:)-C(10:) cis W/W>                         MATCHES	<C(6:'0'1613)-C(12:'0'1582) cis W/W>
#  Matched base-stacking interactions: 

>>>>>>>>>>   ALIGNMENT ENDS   >>>>>>>>>>

<<<<<<<<<<  ALIGNMENT BEGINS  <<<<<<<<<<

#  Aligning reverse-kturn_conseusns and 4v9f_0:354-360_273-282:
#  Alignment score:  34
#  P-value:  8.836e-02
#  Query aligned region: 0-2,8-10
#  Target aligned region: 4:'0'366-5:'0'367,8:'0'282-12:'0'286

	GG~A...AAC
	UG~C...CAU

#  Matched base-pairing interactions: 
	<G(1:)-A(9:) trans S/H>                        MATCHES	<G(5:'0'367)-A(11:'0'285) trans S/H>
	<A(2:)-A(8:) trans H/H>                        MATCHES	<C(8:'0'282)-C(10:'0'284) cis -/->
	<G(0:)-C(10:) cis W/W>                         MATCHES	<U(4:'0'366)-U(12:'0'286) cis W/W>
#  Matched base-stacking interactions: 

>>>>>>>>>>   ALIGNMENT ENDS   >>>>>>>>>>

<<<<<<<<<<  ALIGNMENT BEGINS  <<<<<<<<<<

#  Aligning reverse-kturn_conseusns and 4v9f_0:2351-2356_2412-2418_2309-2311:
#  Alignment score:  33.7
#  P-value:  9.103e-02
#  Query aligned region: 0-3,4-10
#  Target aligned region: 0:'0'2359-5:'0'2364,8:'0'2422-11:'0'2425,13:'0'2317-13:'0'2317

	GG-A-G...CACAAA~C
	GCAAGA...U--CUA~C

#  Matched base-pairing interactions: 
	<G(0:)-C(10:) cis W/W>                         MATCHES	<G(0:'0'2359)-C(13:'0'2317) cis W/W>
	<G(1:)-A(9:) trans S/H>                        MATCHES	<C(1:'0'2360)-A(11:'0'2425) trans S/H>
	<A(2:)-A(8:) trans H/H>                        MATCHES	<A(3:'0'2362)-U(10:'0'2424) cis W/W>
	<G(3:)-C(4:) cis W/W>                          MATCHES	<A(5:'0'2364)-U(8:'0'2422) cis W/W>
#  Matched base-stacking interactions: 

>>>>>>>>>>   ALIGNMENT ENDS   >>>>>>>>>>

<<<<<<<<<<  ALIGNMENT BEGINS  <<<<<<<<<<

#  Aligning reverse-kturn_conseusns and 4v9f_0:559-564_577-583:
#  Alignment score:  33.5
#  P-value:  9.287e-02
#  Query aligned region: 0-3,4-10
#  Target aligned region: 0:'0'567-3:'0'570,8:'0'587-12:'0'591

	GGAG...CACAAAC
	UGAC...A--GUAA

#  Matched base-pairing interactions: 
	<G(3:)-C(4:) cis W/W>                          MATCHES	<C(3:'0'570)-A(8:'0'587) trans H/W>
	<A(2:)-A(8:) trans H/H>                        MATCHES	<A(2:'0'569)-U(10:'0'589) trans H/W>
	<G(1:)-A(9:) trans S/H>                        MATCHES	<G(1:'0'568)-A(11:'0'590) trans S/H>
	<G(0:)-C(10:) cis W/W>                         MATCHES	<U(0:'0'567)-A(12:'0'591) cis W/W>
#  Matched base-stacking interactions: 

>>>>>>>>>>   ALIGNMENT ENDS   >>>>>>>>>>

<<<<<<<<<<  ALIGNMENT BEGINS  <<<<<<<<<<

#  Aligning reverse-kturn_conseusns and 4v9f_0:2240-2246:
#  Alignment score:  33.4
#  P-value:  9.382e-02
#  Query aligned region: 0-1,9-10
#  Target aligned region: 0:'0'2248-5:'0'2253

	GG...AC
	CG...AG

#  Matched base-pairing interactions: 
	<G(1:)-A(9:) trans S/H>                        MATCHES	<G(1:'0'2249)-A(4:'0'2252) trans S/H>
	<G(0:)-C(10:) cis W/W>                         MATCHES	<C(0:'0'2248)-G(5:'0'2253) cis W/W>
#  Matched base-stacking interactions: 

>>>>>>>>>>   ALIGNMENT ENDS   >>>>>>>>>>

<<<<<<<<<<  ALIGNMENT BEGINS  <<<<<<<<<<

#  Aligning reverse-kturn_conseusns and 4v9f_0:479-480_505-511_15-20:
#  Alignment score:  33.4
#  P-value:  9.382e-02
#  Query aligned region: 0-2,8-10
#  Target aligned region: 6:'0'517-8:'0'519,10:'0'24-12:'0'26

	GGA...AAC
	UGA...GAU

#  Matched base-pairing interactions: 
	<A(2:)-A(8:) trans H/H>                        MATCHES	<A(8:'0'519)-G(10:'0'24) trans H/S>
	<G(1:)-A(9:) trans S/H>                        MATCHES	<G(7:'0'518)-A(11:'0'25) trans S/H>
	<G(0:)-C(10:) cis W/W>                         MATCHES	<U(6:'0'517)-U(12:'0'26) cis W/W>
#  Matched base-stacking interactions: 

>>>>>>>>>>   ALIGNMENT ENDS   >>>>>>>>>>

<<<<<<<<<<  ALIGNMENT BEGINS  <<<<<<<<<<

#  Aligning reverse-kturn_conseusns and 4v9f_0:485-491:
#  Alignment score:  33.2
#  P-value:  9.574e-02
#  Query aligned region: 0-1,9-10
#  Target aligned region: 0:'0'493-6:'0'499

	GG...AC
	UC...AG

#  Matched base-pairing interactions: 
	<G(1:)-A(9:) trans S/H>                        MATCHES	<C(1:'0'494)-A(5:'0'498) trans S/H>
	<G(0:)-C(10:) cis W/W>                         MATCHES	<U(0:'0'493)-G(6:'0'499) cis W/W>
#  Matched base-stacking interactions: 

>>>>>>>>>>   ALIGNMENT ENDS   >>>>>>>>>>

<<<<<<<<<<  ALIGNMENT BEGINS  <<<<<<<<<<

#  Aligning reverse-kturn_conseusns and 4v9f_0:295-298_321-326_331-340:
#  Alignment score:  33
#  P-value:  9.773e-02
#  Query aligned region: 0-2,8-10
#  Target aligned region: 0:'0'303-1:'0'304,4:'0'329-4:'0'329,17:'0'346-19:'0'348

	GG~A...AAC
	CG~A...UAC

#  Matched base-pairing interactions: 
	<G(1:)-A(9:) trans S/H>                        MATCHES	<G(1:'0'304)-A(18:'0'347) trans S/H>
	<A(2:)-A(8:) trans H/H>                        MATCHES	<A(4:'0'329)-U(17:'0'346) cis S/W>
	<G(0:)-C(10:) cis W/W>                         MATCHES	<C(0:'0'303)-C(19:'0'348) cis W/W>
#  Matched base-stacking interactions: 

>>>>>>>>>>   ALIGNMENT ENDS   >>>>>>>>>>

<<<<<<<<<<  ALIGNMENT BEGINS  <<<<<<<<<<

#  Aligning reverse-kturn_conseusns and 4v9f_0:668-674_223-224_656-662:
#  Alignment score:  32.8
#  P-value:  9.979e-02
#  Query aligned region: 0-2,8-10
#  Target aligned region: 3:'0'679-4:'0'680,7:'0'231-7:'0'231,10:'0'665-12:'0'667

	GG~A...AAC
	GG~G...AAC

#  Matched base-pairing interactions: 
	<G(1:)-A(9:) trans S/H>                        MATCHES	<G(4:'0'680)-A(11:'0'666) trans S/H>
	<A(2:)-A(8:) trans H/H>                        MATCHES	<G(7:'0'231)-A(10:'0'665) trans S/W>
	<G(0:)-C(10:) cis W/W>                         MATCHES	<G(3:'0'679)-C(12:'0'667) cis W/W>
#  Matched base-stacking interactions: 

>>>>>>>>>>   ALIGNMENT ENDS   >>>>>>>>>>

<<<<<<<<<<  ALIGNMENT BEGINS  <<<<<<<<<<

#  Aligning reverse-kturn_conseusns and 4v9f_0:1098-1102_1245-1251_1088-1093:
#  Alignment score:  32.6
#  P-value:  1.019e-01
#  Query aligned region: 0-1,9-10
#  Target aligned region: 9:'0'1257-10:'0'1258,14:'0'1098-15:'0'1099

	GG...AC
	CG...AG

#  Matched base-pairing interactions: 
	<G(1:)-A(9:) trans S/H>                        MATCHES	<G(10:'0'1258)-A(14:'0'1098) trans S/H>
	<G(0:)-C(10:) cis W/W>                         MATCHES	<C(9:'0'1257)-G(15:'0'1099) cis W/W>
#  Matched base-stacking interactions: 

>>>>>>>>>>   ALIGNMENT ENDS   >>>>>>>>>>

<<<<<<<<<<  ALIGNMENT BEGINS  <<<<<<<<<<

#  Aligning reverse-kturn_conseusns and 4v9f_0:1778-1781_2865-2869_2871-2876:
#  Alignment score:  32.6
#  P-value:  1.019e-01
#  Query aligned region: 0-1,9-10
#  Target aligned region: 4:'0'2873-5:'0'2874,13:'0'2883-14:'0'2884

	GG...AC
	CG...AG

#  Matched base-pairing interactions: 
	<G(1:)-A(9:) trans S/H>                        MATCHES	<G(5:'0'2874)-A(13:'0'2883) trans S/H>
	<G(0:)-C(10:) cis W/W>                         MATCHES	<C(4:'0'2873)-G(14:'0'2884) cis W/W>
#  Matched base-stacking interactions: 

>>>>>>>>>>   ALIGNMENT ENDS   >>>>>>>>>>

<<<<<<<<<<  ALIGNMENT BEGINS  <<<<<<<<<<

#  Aligning reverse-kturn_conseusns and 4v9f_0:190-196_426-428_182-188:
#  Alignment score:  32.1
#  P-value:  1.075e-01
#  Query aligned region: 0-2,8-10
#  Target aligned region: 4:'0'202-6:'0'204,9:'0'436-9:'0'436,12:'0'192-14:'0'194

	GGA...A~A-C
	UGA...A~AAA

#  Matched base-pairing interactions: 
	<G(0:)-C(10:) cis W/W>                         MATCHES	<U(4:'0'202)-A(14:'0'194) cis W/W>
	<G(1:)-A(9:) trans S/H>                        MATCHES	<G(5:'0'203)-A(12:'0'192) trans S/H>
	<A(2:)-A(8:) trans H/H>                        MATCHES	<A(6:'0'204)-A(9:'0'436) trans W/W>
#  Matched base-stacking interactions: 

>>>>>>>>>>   ALIGNMENT ENDS   >>>>>>>>>>

<<<<<<<<<<  ALIGNMENT BEGINS  <<<<<<<<<<

#  Aligning reverse-kturn_conseusns and 4v9f_0:1089-1091_1074-1080_1064-1068:
#  Alignment score:  32
#  P-value:  1.087e-01
#  Query aligned region: 0-1,9-10
#  Target aligned region: 6:'0'1085-7:'0'1086,11:'0'1073-12:'0'1074

	GG...AC
	CA...AG

#  Matched base-pairing interactions: 
	<G(1:)-A(9:) trans S/H>                        MATCHES	<A(7:'0'1086)-A(11:'0'1073) trans S/H>
	<G(0:)-C(10:) cis W/W>                         MATCHES	<C(6:'0'1085)-G(12:'0'1074) cis W/W>
#  Matched base-stacking interactions: 

>>>>>>>>>>   ALIGNMENT ENDS   >>>>>>>>>>

<<<<<<<<<<  ALIGNMENT BEGINS  <<<<<<<<<<

#  Aligning reverse-kturn_conseusns and 4v9f_0:2856-2861_2880-2884:
#  Alignment score:  31.8
#  P-value:  1.111e-01
#  Query aligned region: 0-1,9-10
#  Target aligned region: 0:'0'2864-1:'0'2865,9:'0'2891-10:'0'2892

	GG...AC
	UG...AG

#  Matched base-pairing interactions: 
	<G(1:)-A(9:) trans S/H>                        MATCHES	<G(1:'0'2865)-A(9:'0'2891) trans S/H>
	<G(0:)-C(10:) cis W/W>                         MATCHES	<U(0:'0'2864)-G(10:'0'2892) cis W/W>
#  Matched base-stacking interactions: 

>>>>>>>>>>   ALIGNMENT ENDS   >>>>>>>>>>

<<<<<<<<<<  ALIGNMENT BEGINS  <<<<<<<<<<

#  Aligning reverse-kturn_conseusns and 4v9f_0:2369-2373_2399-2402_2313-2315:
#  Alignment score:  31.2
#  P-value:  1.188e-01
#  Query aligned region: 2-3,4-8
#  Target aligned region: 3:'0'2380-4:'0'2381,5:'0'2407-5:'0'2407,9:'0'2321-9:'0'2321

	AG...C~A
	AC...G~A

#  Matched base-pairing interactions: 
	<G(3:)-C(4:) cis W/W>                          MATCHES	<C(4:'0'2381)-G(5:'0'2407) cis W/W>
	<A(2:)-A(8:) trans H/H>                        MATCHES	<A(3:'0'2380)-A(9:'0'2321) trans H/H>
#  Matched base-stacking interactions: 

>>>>>>>>>>   ALIGNMENT ENDS   >>>>>>>>>>

<<<<<<<<<<  ALIGNMENT BEGINS  <<<<<<<<<<

#  Aligning reverse-kturn_conseusns and 4v9f_0:1267-1273:
#  Alignment score:  31
#  P-value:  1.216e-01
#  Query aligned region: 0-1,9-10
#  Target aligned region: 0:'0'1275-6:'0'1281

	GG...AC
	CU...AC

#  Matched base-pairing interactions: 
	<G(1:)-A(9:) trans S/H>                        MATCHES	<U(1:'0'1276)-A(5:'0'1280) trans S/H>
	<G(0:)-C(10:) cis W/W>                         MATCHES	<C(0:'0'1275)-C(6:'0'1281) cis W/W>
#  Matched base-stacking interactions: 

>>>>>>>>>>   ALIGNMENT ENDS   >>>>>>>>>>

<<<<<<<<<<  ALIGNMENT BEGINS  <<<<<<<<<<

#  Aligning reverse-kturn_conseusns and 4v9f_0:2716-2720_2032-2033_2746-2750:
#  Alignment score:  31
#  P-value:  1.216e-01
#  Query aligned region: 0-2,8-10
#  Target aligned region: 0:'0'2724-2:'0'2726,6:'0'2041-6:'0'2041,10:'0'2757-11:'0'2758

	GGA...A~AC
	UGU...G~AG

#  Matched base-pairing interactions: 
	<G(1:)-A(9:) trans S/H>                        MATCHES	<G(1:'0'2725)-A(10:'0'2757) trans S/H>
	<A(2:)-A(8:) trans H/H>                        MATCHES	<U(2:'0'2726)-G(6:'0'2041) cis W/S>
	<G(0:)-C(10:) cis W/W>                         MATCHES	<U(0:'0'2724)-G(11:'0'2758) cis W/W>
#  Matched base-stacking interactions: 

>>>>>>>>>>   ALIGNMENT ENDS   >>>>>>>>>>

<<<<<<<<<<  ALIGNMENT BEGINS  <<<<<<<<<<

#  Aligning reverse-kturn_conseusns and 4v9f_0:283-288_347-353:
#  Alignment score:  30.9
#  P-value:  1.230e-01
#  Query aligned region: 0-3,4-10
#  Target aligned region: 0:'0'291-3:'0'294,8:'0'357-12:'0'361

	GGAG...CACAAAC
	CGAC...A--GUAC

#  Matched base-pairing interactions: 
	<G(3:)-C(4:) cis W/W>                          MATCHES	<C(3:'0'294)-A(8:'0'357) trans H/W>
	<A(2:)-A(8:) trans H/H>                        MATCHES	<A(2:'0'293)-U(10:'0'359) trans H/W>
	<G(1:)-A(9:) trans S/H>                        MATCHES	<G(1:'0'292)-A(11:'0'360) trans S/H>
	<G(0:)-C(10:) cis W/W>                         MATCHES	<C(0:'0'291)-C(12:'0'361) cis W/W>
#  Matched base-stacking interactions: 

>>>>>>>>>>   ALIGNMENT ENDS   >>>>>>>>>>

<<<<<<<<<<  ALIGNMENT BEGINS  <<<<<<<<<<

#  Aligning reverse-kturn_conseusns and 4v9f_0:1330-1335_1304-1311_18-19:
#  Alignment score:  30.9
#  P-value:  1.230e-01
#  Query aligned region: 0-3,4-10
#  Target aligned region: 1:'0'1339-4:'0'1342,6:'0'1312-12:'0'1318

	GGAG...CACAAAC
	GGAC...GAUGGAA

#  Matched base-pairing interactions: 
	<G(3:)-C(4:) cis W/W>                          MATCHES	<C(4:'0'1342)-G(6:'0'1312) cis W/W>
	<A(2:)-A(8:) trans H/H>                        MATCHES	<A(3:'0'1341)-G(10:'0'1316) trans H/S>
	<G(1:)-A(9:) trans S/H>                        MATCHES	<G(2:'0'1340)-A(11:'0'1317) trans S/H>
	<G(0:)-C(10:) cis W/W>                         MATCHES	<G(1:'0'1339)-A(12:'0'1318) trans S/H>
#  Matched base-stacking interactions: 

>>>>>>>>>>   ALIGNMENT ENDS   >>>>>>>>>>

<<<<<<<<<<  ALIGNMENT BEGINS  <<<<<<<<<<

#  Aligning reverse-kturn_conseusns and 4v9f_0:426-428_182-188_190-196:
#  Alignment score:  30.5
#  P-value:  1.289e-01
#  Query aligned region: 0-1,9-10
#  Target aligned region: 8:'0'195-9:'0'196,11:'0'199-13:'0'201

	GG...A-C
	CG...ACG

#  Matched base-pairing interactions: 
	<G(0:)-C(10:) cis W/W>                         MATCHES	<C(8:'0'195)-G(13:'0'201) cis W/W>
	<G(1:)-A(9:) trans S/H>                        MATCHES	<G(9:'0'196)-A(11:'0'199) trans S/H>
#  Matched base-stacking interactions: 

>>>>>>>>>>   ALIGNMENT ENDS   >>>>>>>>>>

<<<<<<<<<<  ALIGNMENT BEGINS  <<<<<<<<<<

#  Aligning reverse-kturn_conseusns and 4v9f_0:760-762_163-169_151-156:
#  Alignment score:  30.4
#  P-value:  1.304e-01
#  Query aligned region: 0-3,4-10
#  Target aligned region: 4:'0'172-8:'0'176,12:'0'161-14:'0'163

	GGAG...C~AAC
	UCAG...U~ACU

#  Matched base-pairing interactions: 
	<G(3:)-C(4:) cis W/W>                          MATCHES	<G(7:'0'175)-U(8:'0'176) cis S/H>
	<A(2:)-A(8:) trans H/H>                        MATCHES	<A(6:'0'174)-A(12:'0'161) trans H/H>
	<G(1:)-A(9:) trans S/H>                        MATCHES	<C(5:'0'173)-C(13:'0'162) cis -/->
	<G(0:)-C(10:) cis W/W>                         MATCHES	<U(4:'0'172)-U(14:'0'163) cis W/W>
#  Matched base-stacking interactions: 

>>>>>>>>>>   ALIGNMENT ENDS   >>>>>>>>>>

<<<<<<<<<<  ALIGNMENT BEGINS  <<<<<<<<<<

#  Aligning reverse-kturn_conseusns and 4v9f_0:1085-1086_579-585_556-562:
#  Alignment score:  30.4
#  P-value:  1.304e-01
#  Query aligned region: 0-2,8-10
#  Target aligned region: 6:'0'591-7:'0'592,9:'0'564-12:'0'567

	GG~A...AAC
	AG~G...AAU

#  Matched base-pairing interactions: 
	<G(1:)-A(9:) trans S/H>                        MATCHES	<G(7:'0'592)-A(11:'0'566) trans S/H>
	<A(2:)-A(8:) trans H/H>                        MATCHES	<G(9:'0'564)-A(10:'0'565) cis S/H>
	<G(0:)-C(10:) cis W/W>                         MATCHES	<A(6:'0'591)-U(12:'0'567) cis W/W>
#  Matched base-stacking interactions: 

>>>>>>>>>>   ALIGNMENT ENDS   >>>>>>>>>>

<<<<<<<<<<  ALIGNMENT BEGINS  <<<<<<<<<<

#  Aligning reverse-kturn_conseusns and 4v9f_0:1854-1857_1467-1468_1858-1859:
#  Alignment score:  30.3
#  P-value:  1.320e-01
#  Query aligned region: 0-2,8-10
#  Target aligned region: 0:'0'1862-3:'0'1865,4:'0'1475-4:'0'1475,6:'0'1866-7:'0'1867

	GG-A...A~AC
	CGCA...G~AG

#  Matched base-pairing interactions: 
	<G(1:)-A(9:) trans S/H>                        MATCHES	<G(1:'0'1863)-A(6:'0'1866) trans S/H>
	<A(2:)-A(8:) trans H/H>                        MATCHES	<A(3:'0'1865)-G(4:'0'1475) cis -/->
	<G(0:)-C(10:) cis W/W>                         MATCHES	<C(0:'0'1862)-G(7:'0'1867) cis W/W>
#  Matched base-stacking interactions: 

>>>>>>>>>>   ALIGNMENT ENDS   >>>>>>>>>>

<<<<<<<<<<  ALIGNMENT BEGINS  <<<<<<<<<<

#  Aligning reverse-kturn_conseusns and 4v9f_0:1785-1791:
#  Alignment score:  30.3
#  P-value:  1.320e-01
#  Query aligned region: 0-1,9-10
#  Target aligned region: 0:'0'1793-6:'0'1799

	GG...A-C
	CG...ACG

#  Matched base-pairing interactions: 
	<G(0:)-C(10:) cis W/W>                         MATCHES	<C(0:'0'1793)-G(6:'0'1799) cis W/W>
	<G(1:)-A(9:) trans S/H>                        MATCHES	<G(1:'0'1794)-A(4:'0'1797) trans S/H>
#  Matched base-stacking interactions: 

>>>>>>>>>>   ALIGNMENT ENDS   >>>>>>>>>>

<<<<<<<<<<  ALIGNMENT BEGINS  <<<<<<<<<<

#  Aligning reverse-kturn_conseusns and 4v9f_0:331-340_321-326_295-298:
#  Alignment score:  30.2
#  P-value:  1.336e-01
#  Query aligned region: 0-1,9-10
#  Target aligned region: 5:'0'344-6:'0'345,12:'0'331-13:'0'332

	GG...AC
	CG...AG

#  Matched base-pairing interactions: 
	<G(1:)-A(9:) trans S/H>                        MATCHES	<G(6:'0'345)-A(12:'0'331) trans S/H>
	<G(0:)-C(10:) cis W/W>                         MATCHES	<C(5:'0'344)-G(13:'0'332) cis W/W>
#  Matched base-stacking interactions: 

>>>>>>>>>>   ALIGNMENT ENDS   >>>>>>>>>>

<<<<<<<<<<  ALIGNMENT BEGINS  <<<<<<<<<<

#  Aligning reverse-kturn_conseusns and 4v9f_0:1899-1905_2258-2260_1918-1924:
#  Alignment score:  30.2
#  P-value:  1.336e-01
#  Query aligned region: 0-2,8-10
#  Target aligned region: 0:'0'1907-2:'0'1909,7:'0'2266-7:'0'2266,15:'0'1931-16:'0'1932

	GGA...A~AC
	UGA...A~AG

#  Matched base-pairing interactions: 
	<G(1:)-A(9:) trans S/H>                        MATCHES	<G(1:'0'1908)-A(15:'0'1931) trans S/H>
	<A(2:)-A(8:) trans H/H>                        MATCHES	<A(2:'0'1909)-A(7:'0'2266) cis S/S>
	<G(0:)-C(10:) cis W/W>                         MATCHES	<U(0:'0'1907)-G(16:'0'1932) cis W/W>
#  Matched base-stacking interactions: 

>>>>>>>>>>   ALIGNMENT ENDS   >>>>>>>>>>

<<<<<<<<<<  ALIGNMENT BEGINS  <<<<<<<<<<

#  Aligning reverse-kturn_conseusns and 4v9f_0:1670-1674_1677-1678_1406-1411:
#  Alignment score:  30
#  P-value:  1.369e-01
#  Query aligned region: 0-2,8-10
#  Target aligned region: 2:'0'1680-3:'0'1681,5:'0'1685-6:'0'1686,7:'0'1414-8:'0'1415

	GG~A...A~AC
	CG~A...C~AG

#  Matched base-pairing interactions: 
	<G(1:)-A(9:) trans S/H>                        MATCHES	<G(3:'0'1681)-A(7:'0'1414) trans S/H>
	<A(2:)-A(8:) trans H/H>                        MATCHES	<A(5:'0'1685)-C(6:'0'1686) cis S/H>
	<G(0:)-C(10:) cis W/W>                         MATCHES	<C(2:'0'1680)-G(8:'0'1415) cis W/W>
#  Matched base-stacking interactions: 

>>>>>>>>>>   ALIGNMENT ENDS   >>>>>>>>>>

<<<<<<<<<<  ALIGNMENT BEGINS  <<<<<<<<<<

#  Aligning reverse-kturn_conseusns and 4v9f_0:811-818_1700-1702_781-786:
#  Alignment score:  29.8
#  P-value:  1.403e-01
#  Query aligned region: 0-2,8-10
#  Target aligned region: 4:'0'823-5:'0'824,10:'0'1710-10:'0'1710,11:'0'789-13:'0'791

	GG~A...AAC
	UG~A...CAA

#  Matched base-pairing interactions: 
	<G(1:)-A(9:) trans S/H>                        MATCHES	<G(5:'0'824)-A(12:'0'790) trans S/H>
	<A(2:)-A(8:) trans H/H>                        MATCHES	<A(10:'0'1710)-C(11:'0'789) cis -/->
	<G(0:)-C(10:) cis W/W>                         MATCHES	<U(4:'0'823)-A(13:'0'791) cis W/W>
#  Matched base-stacking interactions: 

>>>>>>>>>>   ALIGNMENT ENDS   >>>>>>>>>>

<<<<<<<<<<  ALIGNMENT BEGINS  <<<<<<<<<<

#  Aligning reverse-kturn_conseusns and 4v9f_0:2271-2273_2281-2284:
#  Alignment score:  29.6
#  P-value:  1.438e-01
#  Query aligned region: 0-1,9-10
#  Target aligned region: 0:'0'2279-0:'0'2279,3:'0'2289-6:'0'2292

	G~G...AC
	G~G...AC

#  Matched base-pairing interactions: 
	<G(0:)-C(10:) cis W/W>                         MATCHES	<G(0:'0'2279)-C(6:'0'2292) cis W/W>
	<G(1:)-A(9:) trans S/H>                        MATCHES	<G(3:'0'2289)-A(5:'0'2291) trans S/H>
#  Matched base-stacking interactions: 

>>>>>>>>>>   ALIGNMENT ENDS   >>>>>>>>>>

<<<<<<<<<<  ALIGNMENT BEGINS  <<<<<<<<<<

#  Aligning reverse-kturn_conseusns and 4v9f_0:1833-1838_2010-2011_1821-1826:
#  Alignment score:  29.4
#  P-value:  1.475e-01
#  Query aligned region: 0-2,8-10
#  Target aligned region: 3:'0'1844-5:'0'1846,6:'0'2018-6:'0'2018,8:'0'1829-11:'0'1832

	G-G~A...AA-C
	CAU~A...ACUG

#  Matched base-pairing interactions: 
	<A(2:)-A(8:) trans H/H>                        MATCHES	<A(6:'0'2018)-A(8:'0'1829) trans W/S>
	<G(0:)-C(10:) cis W/W>                         MATCHES	<C(3:'0'1844)-G(11:'0'1832) cis W/W>
	<G(1:)-A(9:) trans S/H>                        MATCHES	<U(5:'0'1846)-C(9:'0'1830) trans S/H>
#  Matched base-stacking interactions: 

>>>>>>>>>>   ALIGNMENT ENDS   >>>>>>>>>>

<<<<<<<<<<  ALIGNMENT BEGINS  <<<<<<<<<<

#  Aligning reverse-kturn_conseusns and 4v9f_0:1581-1586_1592-1598:
#  Alignment score:  28.8
#  P-value:  1.594e-01
#  Query aligned region: 1-3,4-9
#  Target aligned region: 0:'0'1589-3:'0'1592,8:'0'1602-12:'0'1606

	GA-G...CACAAA
	GAAG...C-AGGA

#  Matched base-pairing interactions: 
	<G(3:)-C(4:) cis W/W>                          MATCHES	<G(3:'0'1592)-C(8:'0'1602) cis W/W>
	<A(2:)-A(8:) trans H/H>                        MATCHES	<A(1:'0'1590)-G(11:'0'1605) trans H/S>
	<G(1:)-A(9:) trans S/H>                        MATCHES	<G(0:'0'1589)-A(12:'0'1606) trans S/H>
#  Matched base-stacking interactions: 

>>>>>>>>>>   ALIGNMENT ENDS   >>>>>>>>>>

<<<<<<<<<<  ALIGNMENT BEGINS  <<<<<<<<<<

#  Aligning reverse-kturn_conseusns and 4v9f_0:2901-2907_2658-2660_2814-2823:
#  Alignment score:  28.5
#  P-value:  1.659e-01
#  Query aligned region: 0-3,4-10
#  Target aligned region: 3:'0'2912-5:'0'2914,8:'0'2667-8:'0'2667,10:'0'2822-16:'0'2828

	GGA~G...CACAAAC
	CAA~G...CGCCGAG

#  Matched base-pairing interactions: 
	<G(3:)-C(4:) cis W/W>                          MATCHES	<G(8:'0'2667)-C(10:'0'2822) cis W/W>
	<A(2:)-A(8:) trans H/H>                        MATCHES	<A(5:'0'2914)-G(14:'0'2826) trans H/S>
	<G(1:)-A(9:) trans S/H>                        MATCHES	<A(4:'0'2913)-A(15:'0'2827) trans S/H>
	<G(0:)-C(10:) cis W/W>                         MATCHES	<C(3:'0'2912)-G(16:'0'2828) cis W/W>
#  Matched base-stacking interactions: 

>>>>>>>>>>   ALIGNMENT ENDS   >>>>>>>>>>

<<<<<<<<<<  ALIGNMENT BEGINS  <<<<<<<<<<

#  Aligning reverse-kturn_conseusns and 4v9f_0:1642-1651_1524-1527_1481-1482:
#  Alignment score:  28.4
#  P-value:  1.682e-01
#  Query aligned region: 0-2,8-10
#  Target aligned region: 6:'0'1656-8:'0'1658,11:'0'1533-12:'0'1534,14:'0'1489-14:'0'1489

	GGA...AA~C
	AAA...AC~G

#  Matched base-pairing interactions: 
	<A(2:)-A(8:) trans H/H>                        MATCHES	<A(8:'0'1658)-A(11:'0'1533) trans H/H>
	<G(0:)-C(10:) cis W/W>                         MATCHES	<A(6:'0'1656)-G(14:'0'1489) cis -/->
	<G(1:)-A(9:) trans S/H>                        MATCHES	<A(7:'0'1657)-C(12:'0'1534) trans H/H>
#  Matched base-stacking interactions: 

>>>>>>>>>>   ALIGNMENT ENDS   >>>>>>>>>>

<<<<<<<<<<  ALIGNMENT BEGINS  <<<<<<<<<<

#  Aligning reverse-kturn_conseusns and 4v9f_0:2094-2096_2477-2480_2526-2530:
#  Alignment score:  28
#  P-value:  1.777e-01
#  Query aligned region: 2-3,4-8
#  Target aligned region: 1:'0'2103-2:'0'2104,3:'0'2485-3:'0'2485,11:'0'2538-11:'0'2538

	AG...C~A
	AC...A~A

#  Matched base-pairing interactions: 
	<G(3:)-C(4:) cis W/W>                          MATCHES	<C(2:'0'2104)-A(3:'0'2485) cis W/W>
	<A(2:)-A(8:) trans H/H>                        MATCHES	<A(1:'0'2103)-A(11:'0'2538) trans H/H>
#  Matched base-stacking interactions: 

>>>>>>>>>>   ALIGNMENT ENDS   >>>>>>>>>>

<<<<<<<<<<  ALIGNMENT BEGINS  <<<<<<<<<<

#  Aligning reverse-kturn_conseusns and 4v9f_0:2005-2007_1995-2002_1963-1970:
#  Alignment score:  27
#  P-value:  2.053e-01
#  Query aligned region: 0-2,8-10
#  Target aligned region: 8:'0'2008-9:'0'2009,11:'0'1971-14:'0'1974

	GG~A...AAC
	UG~G...UAG

#  Matched base-pairing interactions: 
	<G(1:)-A(9:) trans S/H>                        MATCHES	<G(9:'0'2009)-A(13:'0'1973) trans S/H>
	<A(2:)-A(8:) trans H/H>                        MATCHES	<G(11:'0'1971)-U(12:'0'1972) cis S/H>
	<G(0:)-C(10:) cis W/W>                         MATCHES	<U(8:'0'2008)-G(14:'0'1974) cis W/W>
#  Matched base-stacking interactions: 

>>>>>>>>>>   ALIGNMENT ENDS   >>>>>>>>>>

<<<<<<<<<<  ALIGNMENT BEGINS  <<<<<<<<<<

#  Aligning reverse-kturn_conseusns and 4v9f_0:1078-1080_905-906_1062-1065:
#  Alignment score:  26.9
#  P-value:  2.084e-01
#  Query aligned region: 1-2,8-9
#  Target aligned region: 1:'0'1087-1:'0'1087,3:'0'913-3:'0'913,6:'0'1071-8:'0'1073

	G~A...A-A
	G~A...GGA

#  Matched base-pairing interactions: 
	<G(1:)-A(9:) trans S/H>                        MATCHES	<G(1:'0'1087)-A(8:'0'1073) trans S/H>
	<A(2:)-A(8:) trans H/H>                        MATCHES	<A(3:'0'913)-G(6:'0'1071) trans H/H>
#  Matched base-stacking interactions: 

>>>>>>>>>>   ALIGNMENT ENDS   >>>>>>>>>>

<<<<<<<<<<  ALIGNMENT BEGINS  <<<<<<<<<<

#  Aligning reverse-kturn_conseusns and 4v9f_0:2764-2769_2789-2792_2793-2794:
#  Alignment score:  26.6
#  P-value:  2.182e-01
#  Query aligned region: 0-1,9-10
#  Target aligned region: 0:'0'2772-0:'0'2772,9:'0'2800-9:'0'2800,10:'0'2801-11:'0'2802

	G~G...AC
	G~A...AC

#  Matched base-pairing interactions: 
	<G(0:)-C(10:) cis W/W>                         MATCHES	<G(0:'0'2772)-C(11:'0'2802) cis W/W>
	<G(1:)-A(9:) trans S/H>                        MATCHES	<A(9:'0'2800)-A(10:'0'2801) trans S/H>
#  Matched base-stacking interactions: 

>>>>>>>>>>   ALIGNMENT ENDS   >>>>>>>>>>

<<<<<<<<<<  ALIGNMENT BEGINS  <<<<<<<<<<

#  Aligning reverse-kturn_conseusns and 4v9f_0:1778-1781_2871-2876_2865-2869:
#  Alignment score:  25.6
#  P-value:  2.562e-01
#  Query aligned region: 0-2,8-10
#  Target aligned region: 6:'0'2881-8:'0'2883,11:'0'2874-13:'0'2876

	GGA...AAC
	CGA...GAG

#  Matched base-pairing interactions: 
	<A(2:)-A(8:) trans H/H>                        MATCHES	<A(8:'0'2883)-G(11:'0'2874) trans H/S>
	<G(1:)-A(9:) trans S/H>                        MATCHES	<G(7:'0'2882)-A(12:'0'2875) trans S/H>
	<G(0:)-C(10:) cis W/W>                         MATCHES	<C(6:'0'2881)-G(13:'0'2876) cis W/W>
#  Matched base-stacking interactions: 

>>>>>>>>>>   ALIGNMENT ENDS   >>>>>>>>>>

<<<<<<<<<<  ALIGNMENT BEGINS  <<<<<<<<<<

#  Aligning reverse-kturn_conseusns and 4v9f_0:2630-2636_2614-2618_1830-1835:
#  Alignment score:  25.6
#  P-value:  2.562e-01
#  Query aligned region: 0-1,9-10
#  Target aligned region: 4:'0'2642-5:'0'2643,7:'0'2622-7:'0'2622,13:'0'1839-13:'0'1839

	GG...A~C
	GG...A~A

#  Matched base-pairing interactions: 
	<G(0:)-C(10:) cis W/W>                         MATCHES	<G(4:'0'2642)-A(13:'0'1839) cis S/S>
	<G(1:)-A(9:) trans S/H>                        MATCHES	<G(5:'0'2643)-A(7:'0'2622) trans S/H>
#  Matched base-stacking interactions: 

>>>>>>>>>>   ALIGNMENT ENDS   >>>>>>>>>>

<<<<<<<<<<  ALIGNMENT BEGINS  <<<<<<<<<<

#  Aligning reverse-kturn_conseusns and 4v9f_0:237-241_252-258:
#  Alignment score:  25.4
#  P-value:  2.650e-01
#  Query aligned region: 0-3,4-10
#  Target aligned region: 0:'0'245-4:'0'249,5:'0'260-11:'0'266

	GGA-G...CACAAAC
	CGAAG...CAAUGUG

#  Matched base-pairing interactions: 
	<G(3:)-C(4:) cis W/W>                          MATCHES	<G(4:'0'249)-C(5:'0'260) cis W/W>
	<A(2:)-A(8:) trans H/H>                        MATCHES	<A(2:'0'247)-G(9:'0'264) trans H/S>
	<G(1:)-A(9:) trans S/H>                        MATCHES	<G(1:'0'246)-U(10:'0'265) trans S/H>
	<G(0:)-C(10:) cis W/W>                         MATCHES	<C(0:'0'245)-G(11:'0'266) cis W/W>
#  Matched base-stacking interactions: 

>>>>>>>>>>   ALIGNMENT ENDS   >>>>>>>>>>

<<<<<<<<<<  ALIGNMENT BEGINS  <<<<<<<<<<

#  Aligning reverse-kturn_conseusns and 4v9f_0:2628-2634_1831-1835_2615-2619:
#  Alignment score:  25.1
#  P-value:  2.791e-01
#  Query aligned region: 0-1,9-10
#  Target aligned region: 2:'0'2638-5:'0'2641,10:'0'1842-10:'0'1842,15:'0'2626-15:'0'2626

	G--G...A~C
	GGUC...A~C

#  Matched base-pairing interactions: 
	<G(0:)-C(10:) cis W/W>                         MATCHES	<G(2:'0'2638)-C(15:'0'2626) cis W/W>
	<G(1:)-A(9:) trans S/H>                        MATCHES	<C(5:'0'2641)-A(10:'0'1842) trans S/H>
#  Matched base-stacking interactions: 

>>>>>>>>>>   ALIGNMENT ENDS   >>>>>>>>>>

<<<<<<<<<<  ALIGNMENT BEGINS  <<<<<<<<<<

#  Aligning reverse-kturn_conseusns and 4v9f_0:2770-2777_2778-2786_1145-1146:
#  Alignment score:  24.6
#  P-value:  3.052e-01
#  Query aligned region: 1-1,9-9
#  Target aligned region: 4:'0'2782-4:'0'2782,14:'0'2792-14:'0'2792

	G...A
	G...A

#  Matched base-pairing interactions: 
	<G(1:)-A(9:) trans S/H>                        MATCHES	<G(4:'0'2782)-A(14:'0'2792) trans S/H>
#  Matched base-stacking interactions: 

>>>>>>>>>>   ALIGNMENT ENDS   >>>>>>>>>>

<<<<<<<<<<  ALIGNMENT BEGINS  <<<<<<<<<<

#  Aligning reverse-kturn_conseusns and 4v9f_0:2492-2493_1124-1130_1217-1222:
#  Alignment score:  24.6
#  P-value:  3.052e-01
#  Query aligned region: 2-2,8-8
#  Target aligned region: 2:'0'1132-2:'0'1132,14:'0'1230-14:'0'1230

	A...A
	A...A

#  Matched base-pairing interactions: 
	<A(2:)-A(8:) trans H/H>                        MATCHES	<A(2:'0'1132)-A(14:'0'1230) trans H/H>
#  Matched base-stacking interactions: 

>>>>>>>>>>   ALIGNMENT ENDS   >>>>>>>>>>

<<<<<<<<<<  ALIGNMENT BEGINS  <<<<<<<<<<

#  Aligning reverse-kturn_conseusns and 4v9f_0:158-161_2267-2272_911-916:
#  Alignment score:  24.2
#  P-value:  3.288e-01
#  Query aligned region: 1-1,9-9
#  Target aligned region: 9:'0'2280-9:'0'2280,13:'0'922-13:'0'922

	G...A
	A...A

#  Matched base-pairing interactions: 
	<G(1:)-A(9:) trans S/H>                        MATCHES	<A(9:'0'2280)-A(13:'0'922) trans S/H>
#  Matched base-stacking interactions: 

>>>>>>>>>>   ALIGNMENT ENDS   >>>>>>>>>>

<<<<<<<<<<  ALIGNMENT BEGINS  <<<<<<<<<<

#  Aligning reverse-kturn_conseusns and 4v9f_0:1478-1483_1678-1689_1445-1448:
#  Alignment score:  24
#  P-value:  3.416e-01
#  Query aligned region: 0-3,4-10
#  Target aligned region: 3:'0'1489-5:'0'1491,7:'0'1687-14:'0'1694,19:'0'1454-21:'0'1456

	GGA~G...C~AAC
	GGG~C...G~UCC

#  Matched base-pairing interactions: 
	<G(3:)-C(4:) cis W/W>                          MATCHES	<C(7:'0'1687)-G(14:'0'1694) cis W/W>
	<A(2:)-A(8:) trans H/H>                        MATCHES	<G(5:'0'1491)-U(19:'0'1454) trans S/H>
	<G(1:)-A(9:) trans S/H>                        MATCHES	<G(4:'0'1490)-C(20:'0'1455) cis W/W>
	<G(0:)-C(10:) cis W/W>                         MATCHES	<G(3:'0'1489)-C(21:'0'1456) cis W/W>
#  Matched base-stacking interactions: 

>>>>>>>>>>   ALIGNMENT ENDS   >>>>>>>>>>

<<<<<<<<<<  ALIGNMENT BEGINS  <<<<<<<<<<

#  Aligning reverse-kturn_conseusns and 4v9f_0:2841-2852_2890-2898_2826-2827:
#  Alignment score:  23.8
#  P-value:  3.552e-01
#  Query aligned region: 1-1,9-9
#  Target aligned region: 2:'0'2851-2:'0'2851,20:'0'2906-20:'0'2906

	G...A
	G...A

#  Matched base-pairing interactions: 
	<G(1:)-A(9:) trans S/H>                        MATCHES	<G(2:'0'2851)-A(20:'0'2906) trans S/H>
#  Matched base-stacking interactions: 

>>>>>>>>>>   ALIGNMENT ENDS   >>>>>>>>>>

<<<<<<<<<<  ALIGNMENT BEGINS  <<<<<<<<<<

#  Aligning reverse-kturn_conseusns and 4v9f_0:522-524_2076-2077_2-5:
#  Alignment score:  23.4
#  P-value:  3.849e-01
#  Query aligned region: 0-2,8-10
#  Target aligned region: 0:'0'530-1:'0'531,4:'0'2085-4:'0'2085,6:'0'11-8:'0'13

	GG~A...AAC
	CG~A...AUG

#  Matched base-pairing interactions: 
	<G(1:)-A(9:) trans S/H>                        MATCHES	<G(1:'0'531)-U(7:'0'12) trans S/H>
	<A(2:)-A(8:) trans H/H>                        MATCHES	<A(4:'0'2085)-A(6:'0'11) cis -/->
	<G(0:)-C(10:) cis W/W>                         MATCHES	<C(0:'0'530)-G(8:'0'13) cis W/W>
#  Matched base-stacking interactions: 

>>>>>>>>>>   ALIGNMENT ENDS   >>>>>>>>>>

<<<<<<<<<<  ALIGNMENT BEGINS  <<<<<<<<<<

#  Aligning reverse-kturn_conseusns and 4v9f_0:1758-1763_1764-1770_2009-2011:
#  Alignment score:  23.3
#  P-value:  3.929e-01
#  Query aligned region: 1-2,8-9
#  Target aligned region: 0:'0'1766-1:'0'1767,10:'0'1776-12:'0'1778

	GA...A-A
	UA...AGA

#  Matched base-pairing interactions: 
	<G(1:)-A(9:) trans S/H>                        MATCHES	<U(0:'0'1766)-A(12:'0'1778) cis -/->
	<A(2:)-A(8:) trans H/H>                        MATCHES	<A(1:'0'1767)-A(10:'0'1776) trans H/H>
#  Matched base-stacking interactions: 

>>>>>>>>>>   ALIGNMENT ENDS   >>>>>>>>>>

<<<<<<<<<<  ALIGNMENT BEGINS  <<<<<<<<<<

#  Aligning reverse-kturn_conseusns and 4v9f_0:1016-1024_930-935:
#  Alignment score:  23.2
#  P-value:  4.012e-01
#  Query aligned region: 1-2,8-9
#  Target aligned region: 7:'0'1031-8:'0'1032,9:'0'938-10:'0'939

	GA...AA
	GA...GA

#  Matched base-pairing interactions: 
	<A(2:)-A(8:) trans H/H>                        MATCHES	<A(8:'0'1032)-G(9:'0'938) trans H/W>
	<G(1:)-A(9:) trans S/H>                        MATCHES	<G(7:'0'1031)-A(10:'0'939) trans S/H>
#  Matched base-stacking interactions: 

>>>>>>>>>>   ALIGNMENT ENDS   >>>>>>>>>>

<<<<<<<<<<  ALIGNMENT BEGINS  <<<<<<<<<<

#  Aligning reverse-kturn_conseusns and 4v9f_0:113-116_35-43_102-108:
#  Alignment score:  22.2
#  P-value:  5.005e-01
#  Query aligned region: 1-1,9-9
#  Target aligned region: 8:'0'47-8:'0'47,16:'0'113-16:'0'113

	G...A
	G...A

#  Matched base-pairing interactions: 
	<G(1:)-A(9:) trans S/H>                        MATCHES	<G(8:'0'47)-A(16:'0'113) trans S/H>
#  Matched base-stacking interactions: 

>>>>>>>>>>   ALIGNMENT ENDS   >>>>>>>>>>

<<<<<<<<<<  ALIGNMENT BEGINS  <<<<<<<<<<

#  Aligning reverse-kturn_conseusns and 4v9f_0:2665-2671_2798-2805:
#  Alignment score:  22.2
#  P-value:  5.005e-01
#  Query aligned region: 1-1,9-9
#  Target aligned region: 1:'0'2674-1:'0'2674,14:'0'2813-14:'0'2813

	G...A
	G...A

#  Matched base-pairing interactions: 
	<G(1:)-A(9:) trans S/H>                        MATCHES	<G(1:'0'2674)-A(14:'0'2813) trans S/H>
#  Matched base-stacking interactions: 

>>>>>>>>>>   ALIGNMENT ENDS   >>>>>>>>>>

<<<<<<<<<<  ALIGNMENT BEGINS  <<<<<<<<<<

#  Aligning reverse-kturn_conseusns and 4v9f_0:2778-2786_2770-2777_1145-1146:
#  Alignment score:  21.4
#  P-value:  6.092e-01
#  Query aligned region: 1-1,9-9
#  Target aligned region: 4:'0'2790-4:'0'2790,11:'0'2780-11:'0'2780

	G...A
	C...C

#  Matched base-pairing interactions: 
	<G(1:)-A(9:) trans S/H>                        MATCHES	<C(4:'0'2790)-C(11:'0'2780) trans S/H>
#  Matched base-stacking interactions: 

>>>>>>>>>>   ALIGNMENT ENDS   >>>>>>>>>>

<<<<<<<<<<  ALIGNMENT BEGINS  <<<<<<<<<<

#  Aligning reverse-kturn_conseusns and 4v9f_0:543-544_1308-1315_1326-1335:
#  Alignment score:  21.4
#  P-value:  6.092e-01
#  Query aligned region: 1-1,9-9
#  Target aligned region: 2:'0'1316-2:'0'1316,17:'0'1341-17:'0'1341

	G...A
	G...A

#  Matched base-pairing interactions: 
	<G(1:)-A(9:) trans S/H>                        MATCHES	<G(2:'0'1316)-A(17:'0'1341) trans S/H>
#  Matched base-stacking interactions: 

>>>>>>>>>>   ALIGNMENT ENDS   >>>>>>>>>>

<<<<<<<<<<  ALIGNMENT BEGINS  <<<<<<<<<<

#  Aligning reverse-kturn_conseusns and 4v9f_0:1859-1870_1845-1854:
#  Alignment score:  21
#  P-value:  6.773e-01
#  Query aligned region: 0-2,8-10
#  Target aligned region: 2:'0'1869-4:'0'1871,17:'0'1858-19:'0'1860

	GGA...AAC
	ACU...AAU

#  Matched base-pairing interactions: 
	<A(2:)-A(8:) trans H/H>                        MATCHES	<U(4:'0'1871)-A(17:'0'1858) trans H/H>
	<G(1:)-A(9:) trans S/H>                        MATCHES	<C(3:'0'1870)-A(18:'0'1859) cis W/W>
	<G(0:)-C(10:) cis W/W>                         MATCHES	<A(2:'0'1869)-U(19:'0'1860) cis W/W>
#  Matched base-stacking interactions: 

>>>>>>>>>>   ALIGNMENT ENDS   >>>>>>>>>>

<<<<<<<<<<  ALIGNMENT BEGINS  <<<<<<<<<<

#  Aligning reverse-kturn_conseusns and 4v9f_0:2309-2311_2351-2356_2412-2418:
#  Alignment score:  21
#  P-value:  6.773e-01
#  Query aligned region: 1-1,9-9
#  Target aligned region: 4:'0'2360-4:'0'2360,14:'0'2425-14:'0'2425

	G...A
	C...A

#  Matched base-pairing interactions: 
	<G(1:)-A(9:) trans S/H>                        MATCHES	<C(4:'0'2360)-A(14:'0'2425) trans S/H>
#  Matched base-stacking interactions: 

>>>>>>>>>>   ALIGNMENT ENDS   >>>>>>>>>>

<<<<<<<<<<  ALIGNMENT BEGINS  <<<<<<<<<<

#  Aligning reverse-kturn_conseusns and 4v9f_0:1733-1739_2024-2030:
#  Alignment score:  21
#  P-value:  6.773e-01
#  Query aligned region: 0-1,9-10
#  Target aligned region: 3:'0'1744-4:'0'1745,9:'0'2034-10:'0'2035

	GG...AC
	GG...UC

#  Matched base-pairing interactions: 
	<G(1:)-A(9:) trans S/H>                        MATCHES	<G(4:'0'1745)-U(9:'0'2034) trans S/H>
	<G(0:)-C(10:) cis W/W>                         MATCHES	<G(3:'0'1744)-C(10:'0'2035) cis W/W>
#  Matched base-stacking interactions: 

>>>>>>>>>>   ALIGNMENT ENDS   >>>>>>>>>>

<<<<<<<<<<  ALIGNMENT BEGINS  <<<<<<<<<<

#  Aligning reverse-kturn_conseusns and 4v9f_0:829-838:
#  Alignment score:  21
#  P-value:  6.773e-01
#  Query aligned region: 1-1,9-9
#  Target aligned region: 1:'0'838-6:'0'843

	G...A
	C...A

#  Matched base-pairing interactions: 
	<G(1:)-A(9:) trans S/H>                        MATCHES	<C(1:'0'838)-A(6:'0'843) trans S/H>
#  Matched base-stacking interactions: 

>>>>>>>>>>   ALIGNMENT ENDS   >>>>>>>>>>

<<<<<<<<<<  ALIGNMENT BEGINS  <<<<<<<<<<

#  Aligning reverse-kturn_conseusns and 4v9f_0:2521-2523_1046-1052:
#  Alignment score:  20.9
#  P-value:  6.961e-01
#  Query aligned region: 0-1,9-10
#  Target aligned region: 3:'0'1054-9:'0'1060

	GG...A-C
	GG...AGC

#  Matched base-pairing interactions: 
	<G(0:)-C(10:) cis W/W>                         MATCHES	<G(3:'0'1054)-C(9:'0'1060) cis W/W>
	<G(1:)-A(9:) trans S/H>                        MATCHES	<G(4:'0'1055)-A(7:'0'1058) trans S/H>
#  Matched base-stacking interactions: 

>>>>>>>>>>   ALIGNMENT ENDS   >>>>>>>>>>

<<<<<<<<<<  ALIGNMENT BEGINS  <<<<<<<<<<

#  Aligning reverse-kturn_conseusns and 4v9f_0:1139-1147_1204-1208:
#  Alignment score:  20.6
#  P-value:  7.575e-01
#  Query aligned region: 1-1,9-9
#  Target aligned region: 4:'0'1151-4:'0'1151,12:'0'1215-12:'0'1215

	G...A
	G...A

#  Matched base-pairing interactions: 
	<G(1:)-A(9:) trans S/H>                        MATCHES	<G(4:'0'1151)-A(12:'0'1215) trans S/H>
#  Matched base-stacking interactions: 

>>>>>>>>>>   ALIGNMENT ENDS   >>>>>>>>>>

<<<<<<<<<<  ALIGNMENT BEGINS  <<<<<<<<<<

#  Aligning reverse-kturn_conseusns and 4v9f_0:686-689_681-685_723-725:
#  Alignment score:  13
#  P-value:  1.000e+00
#  Query aligned region: 0-1,9-10
#  Target aligned region: 1:'0'695-2:'0'696,4:'0'689-5:'0'690

	GG...AC
	CC...GG

#  Matched base-pairing interactions: 
	<G(1:)-A(9:) trans S/H>                        MATCHES	<C(2:'0'696)-G(4:'0'689) cis W/W>
	<G(0:)-C(10:) cis W/W>                         MATCHES	<C(1:'0'695)-G(5:'0'690) cis W/W>
#  Matched base-stacking interactions: 

>>>>>>>>>>   ALIGNMENT ENDS   >>>>>>>>>>

<<<<<<<<<<  ALIGNMENT BEGINS  <<<<<<<<<<

#  Aligning reverse-kturn_conseusns and 4v9f_0:2010-2011_1821-1826_1833-1838:
#  Alignment score:  12.8
#  P-value:  1.000e+00
#  Query aligned region: 0-1,9-10
#  Target aligned region: 5:'0'1832-6:'0'1833,10:'0'1843-11:'0'1844

	GG...AC
	GU...AC

#  Matched base-pairing interactions: 
	<G(1:)-A(9:) trans S/H>                        MATCHES	<U(6:'0'1833)-A(10:'0'1843) cis W/W>
	<G(0:)-C(10:) cis W/W>                         MATCHES	<G(5:'0'1832)-C(11:'0'1844) cis W/W>
#  Matched base-stacking interactions: 

>>>>>>>>>>   ALIGNMENT ENDS   >>>>>>>>>>

<<<<<<<<<<  ALIGNMENT BEGINS  <<<<<<<<<<

#  Aligning reverse-kturn_conseusns and 4v9f_0:2233-2237_2248-2254_2123-2127:
#  Alignment score:  12.2
#  P-value:  1.000e+00
#  Query aligned region: 2-2,8-8
#  Target aligned region: 9:'0'2260-9:'0'2260,14:'0'2133-14:'0'2133

	A...A
	A...U

#  Matched base-pairing interactions: 
	<A(2:)-A(8:) trans H/H>                        MATCHES	<A(9:'0'2260)-U(14:'0'2133) trans H/H>
#  Matched base-stacking interactions: 

>>>>>>>>>>   ALIGNMENT ENDS   >>>>>>>>>>

<<<<<<<<<<  ALIGNMENT BEGINS  <<<<<<<<<<

#  Aligning reverse-kturn_conseusns and 4v9f_0:1998-2000_1966-1970_1994-1997:
#  Alignment score:  12.2
#  P-value:  1.000e+00
#  Query aligned region: 0-2,8-10
#  Target aligned region: 4:'0'1975-6:'0'1977,9:'0'2003-11:'0'2005

	GGA...AAC
	CGU...UUG

#  Matched base-pairing interactions: 
	<A(2:)-A(8:) trans H/H>                        MATCHES	<U(6:'0'1977)-U(9:'0'2003) cis -/->
	<G(1:)-A(9:) trans S/H>                        MATCHES	<G(5:'0'1976)-U(10:'0'2004) cis -/->
	<G(0:)-C(10:) cis W/W>                         MATCHES	<C(4:'0'1975)-G(11:'0'2005) cis W/W>
#  Matched base-stacking interactions: 

>>>>>>>>>>   ALIGNMENT ENDS   >>>>>>>>>>

<<<<<<<<<<  ALIGNMENT BEGINS  <<<<<<<<<<

#  Aligning reverse-kturn_conseusns and 4v9f_0:1088-1093_1245-1251_1098-1102:
#  Alignment score:  12.2
#  P-value:  1.000e+00
#  Query aligned region: 2-3,4-8
#  Target aligned region: 4:'0'1100-5:'0'1101,8:'0'1255-8:'0'1255,14:'0'1107-14:'0'1107

	AG...C~A
	GU...A~A

#  Matched base-pairing interactions: 
	<G(3:)-C(4:) cis W/W>                          MATCHES	<U(5:'0'1101)-A(8:'0'1255) cis W/W>
	<A(2:)-A(8:) trans H/H>                        MATCHES	<G(4:'0'1100)-A(14:'0'1107) trans S/S>
#  Matched base-stacking interactions: 

>>>>>>>>>>   ALIGNMENT ENDS   >>>>>>>>>>

<<<<<<<<<<  ALIGNMENT BEGINS  <<<<<<<<<<

#  Aligning reverse-kturn_conseusns and 4v9f_0:1260-1261_1281-1287_902-904:
#  Alignment score:  12.2
#  P-value:  1.000e+00
#  Query aligned region: 0-1,9-10
#  Target aligned region: 0:'0'1268-1:'0'1269,2:'0'1289-3:'0'1290

	GG...AC
	CG...CG

#  Matched base-pairing interactions: 
	<G(1:)-A(9:) trans S/H>                        MATCHES	<G(1:'0'1269)-C(2:'0'1289) cis W/W>
	<G(0:)-C(10:) cis W/W>                         MATCHES	<C(0:'0'1268)-G(3:'0'1290) cis W/W>
#  Matched base-stacking interactions: 

>>>>>>>>>>   ALIGNMENT ENDS   >>>>>>>>>>

<<<<<<<<<<  ALIGNMENT BEGINS  <<<<<<<<<<

#  Aligning reverse-kturn_conseusns and 4v9f_0:142-146_174-178_431-432:
#  Alignment score:  11.6
#  P-value:  1.000e+00
#  Query aligned region: 2-3,4-8
#  Target aligned region: 2:'0'152-3:'0'153,7:'0'184-7:'0'184,11:'0'440-11:'0'440

	AG...C~A
	AC...G~C

#  Matched base-pairing interactions: 
	<G(3:)-C(4:) cis W/W>                          MATCHES	<C(3:'0'153)-G(7:'0'184) cis W/W>
	<A(2:)-A(8:) trans H/H>                        MATCHES	<A(2:'0'152)-C(11:'0'440) cis -/->
#  Matched base-stacking interactions: 

>>>>>>>>>>   ALIGNMENT ENDS   >>>>>>>>>>

<<<<<<<<<<  ALIGNMENT BEGINS  <<<<<<<<<<

#  Aligning reverse-kturn_conseusns and 4v9f_0:96-100_63-66:
#  Alignment score:  11
#  P-value:  1.000e+00
#  Query aligned region: 0-1,9-10
#  Target aligned region: 1:'0'105-2:'0'106,5:'0'71-6:'0'72

	GG...AC
	GA...GC

#  Matched base-pairing interactions: 
	<G(1:)-A(9:) trans S/H>                        MATCHES	<A(2:'0'106)-G(5:'0'71) cis W/W>
	<G(0:)-C(10:) cis W/W>                         MATCHES	<G(1:'0'105)-C(6:'0'72) cis W/W>
#  Matched base-stacking interactions: 

>>>>>>>>>>   ALIGNMENT ENDS   >>>>>>>>>>

<<<<<<<<<<  ALIGNMENT BEGINS  <<<<<<<<<<

#  Aligning reverse-kturn_conseusns and 4v9f_0:1362-1366_1423-1424_2043-2046:
#  Alignment score:  11
#  P-value:  1.000e+00
#  Query aligned region: 0-2,8-10
#  Target aligned region: 3:'0'1373-4:'0'1374,5:'0'1431-6:'0'1432,7:'0'2051-8:'0'2052

	GG~A...A~AC
	GC~C...U~GU

#  Matched base-pairing interactions: 
	<A(2:)-A(8:) trans H/H>                        MATCHES	<C(5:'0'1431)-U(6:'0'1432) cis S/H>
	<G(1:)-A(9:) trans S/H>                        MATCHES	<C(4:'0'1374)-G(7:'0'2051) cis W/W>
	<G(0:)-C(10:) cis W/W>                         MATCHES	<G(3:'0'1373)-U(8:'0'2052) cis W/W>
#  Matched base-stacking interactions: 

>>>>>>>>>>   ALIGNMENT ENDS   >>>>>>>>>>

<<<<<<<<<<  ALIGNMENT BEGINS  <<<<<<<<<<

#  Aligning reverse-kturn_conseusns and 4v9f_0:2615-2619_1831-1835_2628-2634:
#  Alignment score:  10.6
#  P-value:  1.000e+00
#  Query aligned region: 3-3,4-4
#  Target aligned region: 4:'0'2627-4:'0'2627,10:'0'2636-10:'0'2636

	G...C
	G...C

#  Matched base-pairing interactions: 
	<G(3:)-C(4:) cis W/W>                          MATCHES	<G(4:'0'2627)-C(10:'0'2636) cis W/W>
#  Matched base-stacking interactions: 

>>>>>>>>>>   ALIGNMENT ENDS   >>>>>>>>>>

<<<<<<<<<<  ALIGNMENT BEGINS  <<<<<<<<<<

#  Aligning reverse-kturn_conseusns and 4v9f_0:1194-1200_1186-1189_1151-1152:
#  Alignment score:  10.6
#  P-value:  1.000e+00
#  Query aligned region: 3-3,4-4
#  Target aligned region: 1:'0'1203-1:'0'1203,9:'0'1196-9:'0'1196

	G...C
	G...C

#  Matched base-pairing interactions: 
	<G(3:)-C(4:) cis W/W>                          MATCHES	<G(1:'0'1203)-C(9:'0'1196) cis W/W>
#  Matched base-stacking interactions: 

>>>>>>>>>>   ALIGNMENT ENDS   >>>>>>>>>>

<<<<<<<<<<  ALIGNMENT BEGINS  <<<<<<<<<<

#  Aligning reverse-kturn_conseusns and 4v9f_0:819-825_841-846:
#  Alignment score:  10.6
#  P-value:  1.000e+00
#  Query aligned region: 3-3,4-4
#  Target aligned region: 6:'0'833-6:'0'833,7:'0'849-7:'0'849

	G...C
	G...C

#  Matched base-pairing interactions: 
	<G(3:)-C(4:) cis W/W>                          MATCHES	<G(6:'0'833)-C(7:'0'849) cis W/W>
#  Matched base-stacking interactions: 

>>>>>>>>>>   ALIGNMENT ENDS   >>>>>>>>>>

<<<<<<<<<<  ALIGNMENT BEGINS  <<<<<<<<<<

#  Aligning reverse-kturn_conseusns and 4v9f_0:223-224_656-662_668-674:
#  Alignment score:  10.6
#  P-value:  1.000e+00
#  Query aligned region: 3-3,4-4
#  Target aligned region: 8:'0'670-8:'0'670,9:'0'676-9:'0'676

	G...C
	G...C

#  Matched base-pairing interactions: 
	<G(3:)-C(4:) cis W/W>                          MATCHES	<G(8:'0'670)-C(9:'0'676) cis W/W>
#  Matched base-stacking interactions: 

>>>>>>>>>>   ALIGNMENT ENDS   >>>>>>>>>>

<<<<<<<<<<  ALIGNMENT BEGINS  <<<<<<<<<<

#  Aligning reverse-kturn_conseusns and 4v9f_0:1702-1705_781-783_1697-1701:
#  Alignment score:  10.6
#  P-value:  1.000e+00
#  Query aligned region: 3-3,4-4
#  Target aligned region: 3:'0'1713-3:'0'1713,7:'0'1705-7:'0'1705

	G...C
	G...C

#  Matched base-pairing interactions: 
	<G(3:)-C(4:) cis W/W>                          MATCHES	<G(3:'0'1713)-C(7:'0'1705) cis W/W>
#  Matched base-stacking interactions: 

>>>>>>>>>>   ALIGNMENT ENDS   >>>>>>>>>>

<<<<<<<<<<  ALIGNMENT BEGINS  <<<<<<<<<<

#  Aligning reverse-kturn_conseusns and 4v9f_0:1636-1638_1571-1578_1602-1607:
#  Alignment score:  10
#  P-value:  1.000e+00
#  Query aligned region: 0-1,9-10
#  Target aligned region: 6:'0'1582-7:'0'1583,13:'0'1612-14:'0'1613

	GG...AC
	CU...AC

#  Matched base-pairing interactions: 
	<G(1:)-A(9:) trans S/H>                        MATCHES	<U(7:'0'1583)-A(13:'0'1612) cis W/W>
	<G(0:)-C(10:) cis W/W>                         MATCHES	<C(6:'0'1582)-C(14:'0'1613) cis W/W>
#  Matched base-stacking interactions: 

>>>>>>>>>>   ALIGNMENT ENDS   >>>>>>>>>>

<<<<<<<<<<  ALIGNMENT BEGINS  <<<<<<<<<<

#  Aligning reverse-kturn_conseusns and 4v9f_0:390-391_382-386:
#  Alignment score:  9.8
#  P-value:  1.000e+00
#  Query aligned region: 3-3,4-4
#  Target aligned region: 1:'0'399-1:'0'399,2:'0'390-2:'0'390

	G...C
	C...G

#  Matched base-pairing interactions: 
	<G(3:)-C(4:) cis W/W>                          MATCHES	<C(1:'0'399)-G(2:'0'390) cis W/W>
#  Matched base-stacking interactions: 

>>>>>>>>>>   ALIGNMENT ENDS   >>>>>>>>>>

<<<<<<<<<<  ALIGNMENT BEGINS  <<<<<<<<<<

#  Aligning reverse-kturn_conseusns and 4v9f_0:2886-2888_2717-2724_2742-2748:
#  Alignment score:  9.8
#  P-value:  1.000e+00
#  Query aligned region: 3-3,4-4
#  Target aligned region: 10:'0'2732-10:'0'2732,11:'0'2750-11:'0'2750

	G...C
	U...G

#  Matched base-pairing interactions: 
	<G(3:)-C(4:) cis W/W>                          MATCHES	<U(10:'0'2732)-G(11:'0'2750) cis W/W>
#  Matched base-stacking interactions: 

>>>>>>>>>>   ALIGNMENT ENDS   >>>>>>>>>>

<<<<<<<<<<  ALIGNMENT BEGINS  <<<<<<<<<<

#  Aligning reverse-kturn_conseusns and 4v9f_0:1677-1678_1406-1411_1670-1674:
#  Alignment score:  9.8
#  P-value:  1.000e+00
#  Query aligned region: 3-3,4-4
#  Target aligned region: 7:'0'1419-7:'0'1419,8:'0'1678-8:'0'1678

	G...C
	U...A

#  Matched base-pairing interactions: 
	<G(3:)-C(4:) cis W/W>                          MATCHES	<U(7:'0'1419)-A(8:'0'1678) cis W/W>
#  Matched base-stacking interactions: 

>>>>>>>>>>   ALIGNMENT ENDS   >>>>>>>>>>

<<<<<<<<<<  ALIGNMENT BEGINS  <<<<<<<<<<

#  Aligning reverse-kturn_conseusns and 4v9f_0:1098-1102_1088-1093_1245-1251:
#  Alignment score:  9.8
#  P-value:  1.000e+00
#  Query aligned region: 3-3,4-4
#  Target aligned region: 4:'0'1110-4:'0'1110,11:'0'1253-11:'0'1253

	G...C
	G...C

#  Matched base-pairing interactions: 
	<G(3:)-C(4:) cis W/W>                          MATCHES	<G(4:'0'1110)-C(11:'0'1253) cis W/W>
#  Matched base-stacking interactions: 

>>>>>>>>>>   ALIGNMENT ENDS   >>>>>>>>>>

<<<<<<<<<<  ALIGNMENT BEGINS  <<<<<<<<<<

#  Aligning reverse-kturn_conseusns and 4v9f_0:1700-1702_781-786_811-818:
#  Alignment score:  9.8
#  P-value:  1.000e+00
#  Query aligned region: 3-3,4-4
#  Target aligned region: 8:'0'794-8:'0'794,9:'0'819-9:'0'819

	G...C
	U...A

#  Matched base-pairing interactions: 
	<G(3:)-C(4:) cis W/W>                          MATCHES	<U(8:'0'794)-A(9:'0'819) cis W/W>
#  Matched base-stacking interactions: 

>>>>>>>>>>   ALIGNMENT ENDS   >>>>>>>>>>

<<<<<<<<<<  ALIGNMENT BEGINS  <<<<<<<<<<

#  Aligning reverse-kturn_conseusns and 4v9f_0:273-282_354-360:
#  Alignment score:  9.8
#  P-value:  1.000e+00
#  Query aligned region: 3-3,4-4
#  Target aligned region: 9:'0'290-9:'0'290,10:'0'362-10:'0'362

	G...C
	C...G

#  Matched base-pairing interactions: 
	<G(3:)-C(4:) cis W/W>                          MATCHES	<C(9:'0'290)-G(10:'0'362) cis W/W>
#  Matched base-stacking interactions: 

>>>>>>>>>>   ALIGNMENT ENDS   >>>>>>>>>>

<<<<<<<<<<  ALIGNMENT BEGINS  <<<<<<<<<<

#  Aligning reverse-kturn_conseusns and 4v9f_0:431-432_142-146_174-178:
#  Alignment score:  9.8
#  P-value:  1.000e+00
#  Query aligned region: 3-3,4-4
#  Target aligned region: 6:'0'154-6:'0'154,7:'0'182-7:'0'182

	G...C
	C...G

#  Matched base-pairing interactions: 
	<G(3:)-C(4:) cis W/W>                          MATCHES	<C(6:'0'154)-G(7:'0'182) cis W/W>
#  Matched base-stacking interactions: 

>>>>>>>>>>   ALIGNMENT ENDS   >>>>>>>>>>

<<<<<<<<<<  ALIGNMENT BEGINS  <<<<<<<<<<

#  Aligning reverse-kturn_conseusns and 4v9f_0:1586-1592:
#  Alignment score:  9.7
#  P-value:  1.000e+00
#  Query aligned region: 0-1,9-10
#  Target aligned region: 0:'0'1594-6:'0'1600

	G-G...AC
	CGU...UG

#  Matched base-pairing interactions: 
	<G(0:)-C(10:) cis W/W>                         MATCHES	<C(0:'0'1594)-G(6:'0'1600) cis W/W>
	<G(1:)-A(9:) trans S/H>                        MATCHES	<U(2:'0'1596)-U(5:'0'1599) trans S/H>
#  Matched base-stacking interactions: 

>>>>>>>>>>   ALIGNMENT ENDS   >>>>>>>>>>

<<<<<<<<<<  ALIGNMENT BEGINS  <<<<<<<<<<

#  Aligning reverse-kturn_conseusns and 4v9f_0:2893-2898_2839-2848_2825-2827:
#  Alignment score:  9
#  P-value:  1.000e+00
#  Query aligned region: 3-3,4-4
#  Target aligned region: 0:'0'2901-0:'0'2901,15:'0'2856-15:'0'2856

	G...C
	C...A

#  Matched base-pairing interactions: 
	<G(3:)-C(4:) cis W/W>                          MATCHES	<C(0:'0'2901)-A(15:'0'2856) cis W/W>
#  Matched base-stacking interactions: 

>>>>>>>>>>   ALIGNMENT ENDS   >>>>>>>>>>

<<<<<<<<<<  ALIGNMENT BEGINS  <<<<<<<<<<

#  Aligning reverse-kturn_conseusns and 4v9f_0:698-713:
#  Alignment score:  7.9
#  P-value:  1.000e+00
#  Query aligned region: 0-1,9-10
#  Target aligned region: 6:'0'712-10:'0'716

	GG...A-C
	CU...UUG

#  Matched base-pairing interactions: 
	<G(0:)-C(10:) cis W/W>                         MATCHES	<C(6:'0'712)-G(10:'0'716) cis W/W>
	<G(1:)-A(9:) trans S/H>                        MATCHES	<U(7:'0'713)-U(8:'0'714) cis S/H>
#  Matched base-stacking interactions: 

>>>>>>>>>>   ALIGNMENT ENDS   >>>>>>>>>>

<<<<<<<<<<  ALIGNMENT BEGINS  <<<<<<<<<<

#  Aligning reverse-kturn_conseusns and 4v9f_0:884-885_760-762_152-154:
#  Alignment score:  5.8
#  P-value:  1.000e+00
#  Query aligned region: 3-3,4-4
#  Target aligned region: 0:'0'892-0:'0'892,3:'0'769-3:'0'769

	G...C
	G...C

#  Matched base-pairing interactions: 
	<G(3:)-C(4:) cis W/W>                          MATCHES	<G(0:'0'892)-C(3:'0'769) cis W/W>
#  Matched base-stacking interactions: 

>>>>>>>>>>   ALIGNMENT ENDS   >>>>>>>>>>

<<<<<<<<<<  ALIGNMENT BEGINS  <<<<<<<<<<

#  Aligning reverse-kturn_conseusns and 4v9f_0:1805-1812_1750-1752_1769-1771:
#  Alignment score:  4.8
#  P-value:  1.000e+00
#  Query aligned region: 2-3,4-8
#  Target aligned region: 6:'0'1819-7:'0'1820,8:'0'1758-8:'0'1758,13:'0'1779-13:'0'1779

	AG...C~A
	GG...U~A

#  Matched base-pairing interactions: 
	<G(3:)-C(4:) cis W/W>                          MATCHES	<G(7:'0'1820)-U(8:'0'1758) cis -/->
	<A(2:)-A(8:) trans H/H>                        MATCHES	<G(6:'0'1819)-A(13:'0'1779) cis -/->
#  Matched base-stacking interactions: 

>>>>>>>>>>   ALIGNMENT ENDS   >>>>>>>>>>

<<<<<<<<<<  ALIGNMENT BEGINS  <<<<<<<<<<

#  Aligning reverse-kturn_conseusns and 4v9f_0:2061-2069_2474-2483_620-622:
#  Alignment score:  4.1
#  P-value:  1.000e+00
#  Query aligned region: 
#  Target aligned region: 

	
	

#  Matched base-pairing interactions: 
#  Matched base-stacking interactions: 

>>>>>>>>>>   ALIGNMENT ENDS   >>>>>>>>>>

<<<<<<<<<<  ALIGNMENT BEGINS  <<<<<<<<<<

#  Aligning reverse-kturn_conseusns and 4v9f_0:1805-1812_1769-1771_1750-1752:
#  Alignment score:  3.7
#  P-value:  1.000e+00
#  Query aligned region: 0-1,9-10
#  Target aligned region: 0:'0'1813-4:'0'1817

	GG...A-C
	UG...ACU

#  Matched base-pairing interactions: 
	<G(0:)-C(10:) cis W/W>                         MATCHES	<U(0:'0'1813)-U(4:'0'1817) cis W/W>
	<G(1:)-A(9:) trans S/H>                        MATCHES	<G(1:'0'1814)-A(2:'0'1815) cis S/H>
#  Matched base-stacking interactions: 

>>>>>>>>>>   ALIGNMENT ENDS   >>>>>>>>>>

<<<<<<<<<<  ALIGNMENT BEGINS  <<<<<<<<<<

#  Aligning reverse-kturn_conseusns and 4v9f_0:2061-2069_620-622_2474-2483:
#  Alignment score:  3.5
#  P-value:  1.000e+00
#  Query aligned region: 
#  Target aligned region: 

	
	

#  Matched base-pairing interactions: 
#  Matched base-stacking interactions: 

>>>>>>>>>>   ALIGNMENT ENDS   >>>>>>>>>>

<<<<<<<<<<  ALIGNMENT BEGINS  <<<<<<<<<<

#  Aligning reverse-kturn_conseusns and 4v9f_0:2474-2483_2061-2069_620-622:
#  Alignment score:  3.2
#  P-value:  1.000e+00
#  Query aligned region: 
#  Target aligned region: 

	
	

#  Matched base-pairing interactions: 
#  Matched base-stacking interactions: 

>>>>>>>>>>   ALIGNMENT ENDS   >>>>>>>>>>

<<<<<<<<<<  ALIGNMENT BEGINS  <<<<<<<<<<

#  Aligning reverse-kturn_conseusns and 4v9f_0:620-622_2474-2483_2061-2069:
#  Alignment score:  3.1
#  P-value:  1.000e+00
#  Query aligned region: 
#  Target aligned region: 

	
	

#  Matched base-pairing interactions: 
#  Matched base-stacking interactions: 

>>>>>>>>>>   ALIGNMENT ENDS   >>>>>>>>>>

<<<<<<<<<<  ALIGNMENT BEGINS  <<<<<<<<<<

#  Aligning reverse-kturn_conseusns and 4v9f_0:620-622_2061-2069_2474-2483:
#  Alignment score:  3.1
#  P-value:  1.000e+00
#  Query aligned region: 
#  Target aligned region: 

	
	

#  Matched base-pairing interactions: 
#  Matched base-stacking interactions: 

>>>>>>>>>>   ALIGNMENT ENDS   >>>>>>>>>>

<<<<<<<<<<  ALIGNMENT BEGINS  <<<<<<<<<<

#  Aligning reverse-kturn_conseusns and 4v9f_0:2474-2483_620-622_2061-2069:
#  Alignment score:  2.9
#  P-value:  1.000e+00
#  Query aligned region: 
#  Target aligned region: 

	
	

#  Matched base-pairing interactions: 
#  Matched base-stacking interactions: 

>>>>>>>>>>   ALIGNMENT ENDS   >>>>>>>>>>

<<<<<<<<<<  ALIGNMENT BEGINS  <<<<<<<<<<

#  Aligning reverse-kturn_conseusns and 4v9f_0:1227-1231_1094-1096:
#  Alignment score:  2.2
#  P-value:  1.000e+00
#  Query aligned region: 
#  Target aligned region: 

	
	

#  Matched base-pairing interactions: 
#  Matched base-stacking interactions: 

>>>>>>>>>>   ALIGNMENT ENDS   >>>>>>>>>>

<<<<<<<<<<  ALIGNMENT BEGINS  <<<<<<<<<<

#  Aligning reverse-kturn_conseusns and 4v9f_0:1094-1096_1227-1231:
#  Alignment score:  1.7
#  P-value:  1.000e+00
#  Query aligned region: 
#  Target aligned region: 

	
	

#  Matched base-pairing interactions: 
#  Matched base-stacking interactions: 

>>>>>>>>>>   ALIGNMENT ENDS   >>>>>>>>>>

