$ /home/s081p868/scratch/RNAMotifScanX-release/bin/scan /home/s081p868/scratch/RNAMotifScanX-release/models/e-loop_consensus.struct /rfs/poseidon_share/s081p868/RNAMotifScanX_nr/rmsx_work_default/1vy5/BB/1vy5_BB.rmsx.in --map_pdb=/rfs/poseidon_share/s081p868/RNAMotifScanX_nr/rmsx_work_default/1vy5/BB/1vy5_BB.rmsx.nch --pvalue 1.0 --num_threads 16 --write_alignment
<<<<<<<<<<  ALIGNMENT BEGINS  <<<<<<<<<<

#  Aligning Eloop_consensus and 1vy5_BB:1197-1199_2397-2399:
#  Alignment score:  50
#  P-value:  1.774e-02
#  Query aligned region: 0-1,4-5
#  Target aligned region: 1:'BB'72-2:'BB'73,3:'BB'104-4:'BB'105

	GA...UA
	GA...UA

#  Matched base-pairing interactions: 
	<A(1:)-U(4:) trans H/W>                        MATCHES	<A(2:'BB'73)-U(3:'BB'104) trans H/W>
	<G(0:)-A(5:) trans S/H>                        MATCHES	<G(1:'BB'72)-A(4:'BB'105) trans S/H>
#  Matched base-stacking interactions: 

>>>>>>>>>>   ALIGNMENT ENDS   >>>>>>>>>>

<<<<<<<<<<  ALIGNMENT BEGINS  <<<<<<<<<<

#  Aligning Eloop_consensus and 1vy5_BB:2330-2331_1566-1567:
#  Alignment score:  29.8
#  P-value:  6.605e-02
#  Query aligned region: 1-2,3-4
#  Target aligned region: 0:'BB'100-1:'BB'101,2:'BB'76-3:'BB'77

	AG...GU
	AG...GU

#  Matched base-pairing interactions: 
	<G(2:)-G(3:) trans H/S>                        MATCHES	<G(1:'BB'101)-G(2:'BB'76) cis -/->
	<A(1:)-U(4:) trans H/W>                        MATCHES	<A(0:'BB'100)-U(3:'BB'77) trans H/W>
#  Matched base-stacking interactions: 

>>>>>>>>>>   ALIGNMENT ENDS   >>>>>>>>>>

<<<<<<<<<<  ALIGNMENT BEGINS  <<<<<<<<<<

#  Aligning Eloop_consensus and 1vy5_BB:1670-1672_2000-2004:
#  Alignment score:  24.6
#  P-value:  1.141e-01
#  Query aligned region: 0-0,5-5
#  Target aligned region: 2:'BB'87-2:'BB'87,4:'BB'90-4:'BB'90

	G...A
	G...A

#  Matched base-pairing interactions: 
	<G(0:)-A(5:) trans S/H>                        MATCHES	<G(2:'BB'87)-A(4:'BB'90) trans S/H>
#  Matched base-stacking interactions: 

>>>>>>>>>>   ALIGNMENT ENDS   >>>>>>>>>>

<<<<<<<<<<  ALIGNMENT BEGINS  <<<<<<<<<<

#  Aligning Eloop_consensus and 1vy5_BB:586-590_664-669:
#  Alignment score:  24.2
#  P-value:  1.199e-01
#  Query aligned region: 0-0,5-5
#  Target aligned region: 3:'BB'40-3:'BB'40,7:'BB'45-7:'BB'45

	G...A
	U...A

#  Matched base-pairing interactions: 
	<G(0:)-A(5:) trans S/H>                        MATCHES	<U(3:'BB'40)-A(7:'BB'45) trans S/H>
#  Matched base-stacking interactions: 

>>>>>>>>>>   ALIGNMENT ENDS   >>>>>>>>>>

<<<<<<<<<<  ALIGNMENT BEGINS  <<<<<<<<<<

#  Aligning Eloop_consensus and 1vy5_BB:2329-2330_1660-1665:
#  Alignment score:  23.8
#  P-value:  1.260e-01
#  Query aligned region: 0-0,5-5
#  Target aligned region: 0:'BB'99-0:'BB'99,2:'BB'78-2:'BB'78

	G...A
	G...A

#  Matched base-pairing interactions: 
	<G(0:)-A(5:) trans S/H>                        MATCHES	<G(0:'BB'99)-A(2:'BB'78) trans S/H>
#  Matched base-stacking interactions: 

>>>>>>>>>>   ALIGNMENT ENDS   >>>>>>>>>>

<<<<<<<<<<  ALIGNMENT BEGINS  <<<<<<<<<<

#  Aligning Eloop_consensus and 1vy5_BB:1192-1195_231-233_2516-2518:
#  Alignment score:  6.8
#  P-value:  1.000e+00
#  Query aligned region: 1-2,3-4
#  Target aligned region: 1:'BB'67-2:'BB'68,5:'BB'16-5:'BB'16,8:'BB'109-8:'BB'109

	AG...G~U
	GC...G~C

#  Matched base-pairing interactions: 
	<A(1:)-U(4:) trans H/W>                        MATCHES	<G(1:'BB'67)-C(8:'BB'109) trans H/W>
	<G(2:)-G(3:) trans H/S>                        MATCHES	<C(2:'BB'68)-G(5:'BB'16) cis W/W>
#  Matched base-stacking interactions: 

>>>>>>>>>>   ALIGNMENT ENDS   >>>>>>>>>>

<<<<<<<<<<  ALIGNMENT BEGINS  <<<<<<<<<<

#  Aligning Eloop_consensus and 1vy5_BB:231-233_2516-2518_1192-1195:
#  Alignment score:  2.4
#  P-value:  1.000e+00
#  Query aligned region: 2-2,3-3
#  Target aligned region: 3:'BB'108-3:'BB'108,9:'BB'69-9:'BB'69

	G...G
	U...G

#  Matched base-pairing interactions: 
	<G(2:)-G(3:) trans H/S>                        MATCHES	<U(3:'BB'108)-G(9:'BB'69) cis W/W>
#  Matched base-stacking interactions: 

>>>>>>>>>>   ALIGNMENT ENDS   >>>>>>>>>>

<<<<<<<<<<  ALIGNMENT BEGINS  <<<<<<<<<<

#  Aligning Eloop_consensus and 1vy5_BB:1566-1567_2330-2331:
#  Alignment score:  1.5
#  P-value:  1.000e+00
#  Query aligned region: 
#  Target aligned region: 

	
	

#  Matched base-pairing interactions: 
#  Matched base-stacking interactions: 

>>>>>>>>>>   ALIGNMENT ENDS   >>>>>>>>>>

