$ /home/s081p868/scratch/RNAMotifScanX-release/bin/scan /home/s081p868/scratch/RNAMotifScanX-release/models/k-turn_consensus.struct /rfs/poseidon_share/s081p868/RNAMotifScanX_nr/rmsx_work_default/5j91/AA/5j91_AA.rmsx.in --map_pdb=/rfs/poseidon_share/s081p868/RNAMotifScanX_nr/rmsx_work_default/5j91/AA/5j91_AA.rmsx.nch --pvalue 1.0 --num_threads 16 --write_alignment
<<<<<<<<<<  ALIGNMENT BEGINS  <<<<<<<<<<

#  Aligning k-turn_consensus and 5j91_AA:680-689_696-709:
#  Alignment score:  109.2
#  P-value:  1.525e-02
#  Query aligned region: 0-4,5-12
#  Target aligned region: 3:'AA'684-7:'AA'688,12:'AA'699-19:'AA'706

	GGGAG...CGAAGAAC
	UGUAG...CGUAGAGA

#  Matched base-pairing interactions: 
	<G(1:)-A(11:) trans S/H>                       MATCHES	<G(4:'AA'685)-G(18:'AA'705) trans S/H>
	<G(2:)-A(10:) trans S/H>                       MATCHES	<U(5:'AA'686)-A(17:'AA'704) trans W/H>
	<A(3:)-G(9:) trans H/S>                        MATCHES	<A(6:'AA'687)-G(16:'AA'703) trans H/S>
	<A(3:)-G(6:) trans S/S>                        MATCHES	<A(6:'AA'687)-G(13:'AA'700) cis -/->
	<G(4:)-A(10:) trans S/S>                       MATCHES	<G(7:'AA'688)-A(17:'AA'704) trans S/S>
	<G(4:)-C(5:) cis W/W>                          MATCHES	<G(7:'AA'688)-C(12:'AA'699) cis W/W>
	<G(0:)-C(12:) cis W/W>                         MATCHES	<U(3:'AA'684)-A(19:'AA'706) cis W/W>
#  Matched base-stacking interactions: 
	<A(3:)-A(10:) outward>                         MATCHES	<A(6:'AA'687)-A(17:'AA'704) outward>

>>>>>>>>>>   ALIGNMENT ENDS   >>>>>>>>>>

<<<<<<<<<<  ALIGNMENT BEGINS  <<<<<<<<<<

#  Aligning k-turn_consensus and 5j91_AA:1429-1436_333-334_1464-1470:
#  Alignment score:  88.4
#  P-value:  2.742e-02
#  Query aligned region: 0-4,5-12
#  Target aligned region: 0:'AA'1430-4:'AA'1434,8:'AA'334-9:'AA'335,12:'AA'1467-15:'AA'1470

	GGGAG...CG~GAAC
	AAGAA...CC~CACU

#  Matched base-pairing interactions: 
	<G(4:)-C(5:) cis W/W>                          MATCHES	<A(4:'AA'1434)-C(8:'AA'334) cis S/S>
	<A(3:)-G(9:) trans H/S>                        MATCHES	<A(3:'AA'1433)-C(12:'AA'1467) trans H/S>
	<A(3:)-G(6:) trans S/S>                        MATCHES	<A(3:'AA'1433)-C(9:'AA'335) cis -/->
	<G(2:)-A(10:) trans S/H>                       MATCHES	<G(2:'AA'1432)-A(13:'AA'1468) trans S/H>
	<G(1:)-A(11:) trans S/H>                       MATCHES	<A(1:'AA'1431)-C(14:'AA'1469) trans S/H>
	<G(0:)-C(12:) cis W/W>                         MATCHES	<A(0:'AA'1430)-U(15:'AA'1470) cis W/W>
#  Matched base-stacking interactions: 
	<A(3:)-A(10:) outward>                         MATCHES	<A(3:'AA'1433)-A(13:'AA'1468) outward>

>>>>>>>>>>   ALIGNMENT ENDS   >>>>>>>>>>

<<<<<<<<<<  ALIGNMENT BEGINS  <<<<<<<<<<

#  Aligning k-turn_consensus and 5j91_AA:117-118_239-248_274-287:
#  Alignment score:  81.4
#  P-value:  3.499e-02
#  Query aligned region: 0-4,5-12
#  Target aligned region: 2:'AA'240-9:'AA'247,14:'AA'277-23:'AA'286

	G-GG--AG...CGAAGA-A-C
	GGGAUUAG...CGACGAUCCC

#  Matched base-pairing interactions: 
	<G(0:)-C(12:) cis W/W>                         MATCHES	<G(2:'AA'240)-C(23:'AA'286) cis W/W>
	<G(1:)-A(11:) trans S/H>                       MATCHES	<G(4:'AA'242)-C(21:'AA'284) cis W/W>
	<A(3:)-G(9:) trans H/S>                        MATCHES	<A(8:'AA'246)-G(18:'AA'281) trans H/S>
	<G(4:)-A(10:) trans S/S>                       MATCHES	<G(9:'AA'247)-A(19:'AA'282) trans S/S>
	<G(4:)-C(5:) cis W/W>                          MATCHES	<G(9:'AA'247)-C(14:'AA'277) cis W/W>
	<G(2:)-A(10:) trans S/H>                       MATCHES	<A(5:'AA'243)-A(19:'AA'282) trans W/H>
	<A(3:)-G(6:) trans S/S>                        MATCHES	<A(8:'AA'246)-G(15:'AA'278) cis -/->
#  Matched base-stacking interactions: 
	<A(3:)-A(10:) outward>                         MATCHES	<A(8:'AA'246)-A(19:'AA'282) outward>

>>>>>>>>>>   ALIGNMENT ENDS   >>>>>>>>>>

<<<<<<<<<<  ALIGNMENT BEGINS  <<<<<<<<<<

#  Aligning k-turn_consensus and 5j91_AA:775-781_1512-1522_799-803:
#  Alignment score:  67.7
#  P-value:  6.281e-02
#  Query aligned region: 0-4,5-12
#  Target aligned region: 2:'AA'778-5:'AA'781,9:'AA'1515-16:'AA'1522,19:'AA'801-22:'AA'804

	GGGA~G...C-G~GAAC
	GCAA~G...CCU~UAGU

#  Matched base-pairing interactions: 
	<A(3:)-G(6:) trans S/S>                        MATCHES	<A(5:'AA'781)-U(16:'AA'1522) trans S/S>
	<A(3:)-G(9:) trans H/S>                        MATCHES	<A(5:'AA'781)-U(19:'AA'801) trans H/W>
	<G(4:)-C(5:) cis W/W>                          MATCHES	<G(9:'AA'1515)-C(14:'AA'1520) cis W/W>
	<G(2:)-A(10:) trans S/H>                       MATCHES	<A(4:'AA'780)-A(20:'AA'802) trans S/H>
	<G(1:)-A(11:) trans S/H>                       MATCHES	<C(3:'AA'779)-G(21:'AA'803) cis W/W>
	<G(0:)-C(12:) cis W/W>                         MATCHES	<G(2:'AA'778)-U(22:'AA'804) cis W/W>
#  Matched base-stacking interactions: 
	<A(3:)-A(10:) outward>                         MATCHES	<A(5:'AA'781)-A(20:'AA'802) outward>

>>>>>>>>>>   ALIGNMENT ENDS   >>>>>>>>>>

<<<<<<<<<<  ALIGNMENT BEGINS  <<<<<<<<<<

#  Aligning k-turn_consensus and 5j91_AA:886-893_1412-1414_904-909:
#  Alignment score:  63
#  P-value:  8.048e-02
#  Query aligned region: 0-3,6-12
#  Target aligned region: 0:'AA'887-5:'AA'892,10:'AA'1415-10:'AA'1415,12:'AA'906-16:'AA'910

	GG--GA...G~GA-AC
	GGAGUA...G~AAAAC

#  Matched base-pairing interactions: 
	<A(3:)-G(9:) trans H/S>                        MATCHES	<A(5:'AA'892)-A(12:'AA'906) trans H/S>
	<G(1:)-A(11:) trans S/H>                       MATCHES	<G(1:'AA'888)-A(15:'AA'909) trans S/H>
	<G(2:)-A(10:) trans S/H>                       MATCHES	<U(4:'AA'891)-A(13:'AA'907) trans W/H>
	<A(3:)-G(6:) trans S/S>                        MATCHES	<A(5:'AA'892)-G(10:'AA'1415) trans S/S>
	<G(0:)-C(12:) cis W/W>                         MATCHES	<G(0:'AA'887)-C(16:'AA'910) cis W/W>
#  Matched base-stacking interactions: 
	<A(3:)-A(10:) outward>                         MATCHES	<A(5:'AA'892)-A(13:'AA'907) outward>

>>>>>>>>>>   ALIGNMENT ENDS   >>>>>>>>>>

<<<<<<<<<<  ALIGNMENT BEGINS  <<<<<<<<<<

#  Aligning k-turn_consensus and 5j91_AA:1299-1308_945-946_1328-1335:
#  Alignment score:  52.8
#  P-value:  1.581e-01
#  Query aligned region: 0-3,6-12
#  Target aligned region: 3:'AA'1303-6:'AA'1306,11:'AA'947-11:'AA'947,14:'AA'1331-17:'AA'1334

	GGGA...G~GAAC
	CGGA...G~GAAG

#  Matched base-pairing interactions: 
	<A(3:)-G(9:) trans H/S>                        MATCHES	<A(6:'AA'1306)-G(14:'AA'1331) trans H/S>
	<A(3:)-G(6:) trans S/S>                        MATCHES	<A(6:'AA'1306)-G(11:'AA'947) cis S/S>
	<G(2:)-A(10:) trans S/H>                       MATCHES	<G(5:'AA'1305)-A(15:'AA'1332) cis -/->
	<G(1:)-A(11:) trans S/H>                       MATCHES	<G(4:'AA'1304)-A(16:'AA'1333) trans S/H>
	<G(0:)-C(12:) cis W/W>                         MATCHES	<C(3:'AA'1303)-G(17:'AA'1334) cis W/W>
#  Matched base-stacking interactions: 
	<A(3:)-A(10:) outward>                         MATCHES	<A(6:'AA'1306)-A(15:'AA'1332) downward>

>>>>>>>>>>   ALIGNMENT ENDS   >>>>>>>>>>

<<<<<<<<<<  ALIGNMENT BEGINS  <<<<<<<<<<

#  Aligning k-turn_consensus and 5j91_AA:1464-1472_1427-1436:
#  Alignment score:  27.3
#  P-value:  1.000e+00
#  Query aligned region: 0-1,11-12
#  Target aligned region: 1:'AA'1466-2:'AA'1467,14:'AA'1433-16:'AA'1435

	GG...A-C
	CC...AAG

#  Matched base-pairing interactions: 
	<G(0:)-C(12:) cis W/W>                         MATCHES	<C(1:'AA'1466)-G(16:'AA'1435) cis W/W>
	<G(1:)-A(11:) trans S/H>                       MATCHES	<C(2:'AA'1467)-A(14:'AA'1433) trans S/H>
#  Matched base-stacking interactions: 

>>>>>>>>>>   ALIGNMENT ENDS   >>>>>>>>>>

<<<<<<<<<<  ALIGNMENT BEGINS  <<<<<<<<<<

#  Aligning k-turn_consensus and 5j91_AA:1412-1414_901-908_887-897:
#  Alignment score:  27.3
#  P-value:  1.000e+00
#  Query aligned region: 0-1,11-12
#  Target aligned region: 6:'AA'905-7:'AA'906,15:'AA'892-17:'AA'894

	GG...A-C
	UA...ACG

#  Matched base-pairing interactions: 
	<G(0:)-C(12:) cis W/W>                         MATCHES	<U(6:'AA'905)-G(17:'AA'894) cis W/W>
	<G(1:)-A(11:) trans S/H>                       MATCHES	<A(7:'AA'906)-A(15:'AA'892) trans S/H>
#  Matched base-stacking interactions: 

>>>>>>>>>>   ALIGNMENT ENDS   >>>>>>>>>>

<<<<<<<<<<  ALIGNMENT BEGINS  <<<<<<<<<<

#  Aligning k-turn_consensus and 5j91_AA:932-938_1372-1382_1342-1348:
#  Alignment score:  27.2
#  P-value:  1.000e+00
#  Query aligned region: 0-1,11-12
#  Target aligned region: 6:'AA'939-6:'AA'939,11:'AA'1377-12:'AA'1378,19:'AA'1344-19:'AA'1344

	G~G...A~C
	G~A...C~C

#  Matched base-pairing interactions: 
	<G(0:)-C(12:) cis W/W>                         MATCHES	<G(6:'AA'939)-C(19:'AA'1344) cis W/W>
	<G(1:)-A(11:) trans S/H>                       MATCHES	<A(11:'AA'1377)-C(12:'AA'1378) trans S/H>
#  Matched base-stacking interactions: 

>>>>>>>>>>   ALIGNMENT ENDS   >>>>>>>>>>

<<<<<<<<<<  ALIGNMENT BEGINS  <<<<<<<<<<

#  Aligning k-turn_consensus and 5j91_AA:1251-1262_1281-1285_1271-1280:
#  Alignment score:  26.8
#  P-value:  1.000e+00
#  Query aligned region: 0-1,11-12
#  Target aligned region: 7:'AA'1259-8:'AA'1260,20:'AA'1275-21:'AA'1276

	GG...AC
	CG...AG

#  Matched base-pairing interactions: 
	<G(1:)-A(11:) trans S/H>                       MATCHES	<G(8:'AA'1260)-A(20:'AA'1275) trans S/H>
	<G(0:)-C(12:) cis W/W>                         MATCHES	<C(7:'AA'1259)-G(21:'AA'1276) cis W/W>
#  Matched base-stacking interactions: 

>>>>>>>>>>   ALIGNMENT ENDS   >>>>>>>>>>

<<<<<<<<<<  ALIGNMENT BEGINS  <<<<<<<<<<

#  Aligning k-turn_consensus and 5j91_AA:954-959_1218-1224_976-986:
#  Alignment score:  26.2
#  P-value:  1.000e+00
#  Query aligned region: 0-1,11-12
#  Target aligned region: 10:'AA'1223-10:'AA'1223,13:'AA'977-17:'AA'981

	G~G...AC
	C~A...CU

#  Matched base-pairing interactions: 
	<G(0:)-C(12:) cis W/W>                         MATCHES	<C(10:'AA'1223)-U(17:'AA'981) cis W/W>
	<G(1:)-A(11:) trans S/H>                       MATCHES	<A(13:'AA'977)-C(16:'AA'980) trans S/H>
#  Matched base-stacking interactions: 

>>>>>>>>>>   ALIGNMENT ENDS   >>>>>>>>>>

<<<<<<<<<<  ALIGNMENT BEGINS  <<<<<<<<<<

#  Aligning k-turn_consensus and 5j91_AA:899-901_809-811_896-898:
#  Alignment score:  26
#  P-value:  1.000e+00
#  Query aligned region: 3-3,6-9
#  Target aligned region: 1:'AA'901-1:'AA'901,4:'AA'811-4:'AA'811,7:'AA'898-7:'AA'898

	A...G~G
	A...C~G

#  Matched base-pairing interactions: 
	<A(3:)-G(9:) trans H/S>                        MATCHES	<A(1:'AA'901)-G(7:'AA'898) trans H/S>
	<A(3:)-G(6:) trans S/S>                        MATCHES	<A(1:'AA'901)-C(4:'AA'811) cis -/->
#  Matched base-stacking interactions: 

>>>>>>>>>>   ALIGNMENT ENDS   >>>>>>>>>>

<<<<<<<<<<  ALIGNMENT BEGINS  <<<<<<<<<<

#  Aligning k-turn_consensus and 5j91_AA:1355-1359_1360-1365_975-977:
#  Alignment score:  25.6
#  P-value:  1.000e+00
#  Query aligned region: 0-1,11-12
#  Target aligned region: 2:'AA'1358-3:'AA'1359,6:'AA'1362-7:'AA'1363

	GG...AC
	UC...AA

#  Matched base-pairing interactions: 
	<G(1:)-A(11:) trans S/H>                       MATCHES	<C(3:'AA'1359)-A(6:'AA'1362) trans S/H>
	<G(0:)-C(12:) cis W/W>                         MATCHES	<U(2:'AA'1358)-A(7:'AA'1363) cis -/->
#  Matched base-stacking interactions: 

>>>>>>>>>>   ALIGNMENT ENDS   >>>>>>>>>>

<<<<<<<<<<  ALIGNMENT BEGINS  <<<<<<<<<<

#  Aligning k-turn_consensus and 5j91_AA:551-560_294-295_24-31:
#  Alignment score:  25.5
#  P-value:  1.000e+00
#  Query aligned region: 0-1,11-12
#  Target aligned region: 4:'AA'556-6:'AA'558,13:'AA'26-14:'AA'27

	G-G...AC
	CGG...AG

#  Matched base-pairing interactions: 
	<G(0:)-C(12:) cis W/W>                         MATCHES	<C(4:'AA'556)-G(14:'AA'27) cis W/W>
	<G(1:)-A(11:) trans S/H>                       MATCHES	<G(6:'AA'558)-A(13:'AA'26) trans S/H>
#  Matched base-stacking interactions: 

>>>>>>>>>>   ALIGNMENT ENDS   >>>>>>>>>>

<<<<<<<<<<  ALIGNMENT BEGINS  <<<<<<<<<<

#  Aligning k-turn_consensus and 5j91_AA:572-575_562-568_879-882:
#  Alignment score:  25.4
#  P-value:  1.000e+00
#  Query aligned region: 3-3,6-9
#  Target aligned region: 1:'AA'574-1:'AA'574,9:'AA'568-9:'AA'568,13:'AA'882-13:'AA'882

	A...G~G
	A...G~C

#  Matched base-pairing interactions: 
	<A(3:)-G(6:) trans S/S>                        MATCHES	<A(1:'AA'574)-G(9:'AA'568) trans S/S>
	<A(3:)-G(9:) trans H/S>                        MATCHES	<A(1:'AA'574)-C(13:'AA'882) cis S/S>
#  Matched base-stacking interactions: 

>>>>>>>>>>   ALIGNMENT ENDS   >>>>>>>>>>

<<<<<<<<<<  ALIGNMENT BEGINS  <<<<<<<<<<

#  Aligning k-turn_consensus and 5j91_AA:1342-1348_932-938_1372-1382:
#  Alignment score:  25.2
#  P-value:  1.000e+00
#  Query aligned region: 0-1,11-12
#  Target aligned region: 10:'AA'936-11:'AA'937,19:'AA'1378-20:'AA'1379

	GG...AC
	CA...CG

#  Matched base-pairing interactions: 
	<G(1:)-A(11:) trans S/H>                       MATCHES	<A(11:'AA'937)-C(19:'AA'1378) trans S/H>
	<G(0:)-C(12:) cis W/W>                         MATCHES	<C(10:'AA'936)-G(20:'AA'1379) cis W/W>
#  Matched base-stacking interactions: 

>>>>>>>>>>   ALIGNMENT ENDS   >>>>>>>>>>

<<<<<<<<<<  ALIGNMENT BEGINS  <<<<<<<<<<

#  Aligning k-turn_consensus and 5j91_AA:620-622_38-43_397-403:
#  Alignment score:  25
#  P-value:  1.000e+00
#  Query aligned region: 3-3,6-9
#  Target aligned region: 1:'AA'622-1:'AA'622,6:'AA'42-6:'AA'42,11:'AA'400-11:'AA'400

	A...G~G
	A...G~C

#  Matched base-pairing interactions: 
	<A(3:)-G(6:) trans S/S>                        MATCHES	<A(1:'AA'622)-G(6:'AA'42) trans S/S>
	<A(3:)-G(9:) trans H/S>                        MATCHES	<A(1:'AA'622)-C(11:'AA'400) cis S/S>
#  Matched base-stacking interactions: 

>>>>>>>>>>   ALIGNMENT ENDS   >>>>>>>>>>

<<<<<<<<<<  ALIGNMENT BEGINS  <<<<<<<<<<

#  Aligning k-turn_consensus and 5j91_AA:1078-1082_15-17_1073-1077:
#  Alignment score:  24.8
#  P-value:  1.000e+00
#  Query aligned region: 3-3,6-9
#  Target aligned region: 1:'AA'1080-1:'AA'1080,5:'AA'16-5:'AA'16,11:'AA'1077-11:'AA'1077

	A...G~G
	A...A~G

#  Matched base-pairing interactions: 
	<A(3:)-G(9:) trans H/S>                        MATCHES	<A(1:'AA'1080)-G(11:'AA'1077) trans H/S>
	<A(3:)-G(6:) trans S/S>                        MATCHES	<A(1:'AA'1080)-A(5:'AA'16) cis -/->
#  Matched base-stacking interactions: 

>>>>>>>>>>   ALIGNMENT ENDS   >>>>>>>>>>

<<<<<<<<<<  ALIGNMENT BEGINS  <<<<<<<<<<

#  Aligning k-turn_consensus and 5j91_AA:1412-1414_887-897_901-908:
#  Alignment score:  24.6
#  P-value:  1.000e+00
#  Query aligned region: 1-1,11-11
#  Target aligned region: 3:'AA'888-3:'AA'888,21:'AA'909-21:'AA'909

	G...A
	G...A

#  Matched base-pairing interactions: 
	<G(1:)-A(11:) trans S/H>                       MATCHES	<G(3:'AA'888)-A(21:'AA'909) trans S/H>
#  Matched base-stacking interactions: 

>>>>>>>>>>   ALIGNMENT ENDS   >>>>>>>>>>

<<<<<<<<<<  ALIGNMENT BEGINS  <<<<<<<<<<

#  Aligning k-turn_consensus and 5j91_AA:859-868_912-918_15-21:
#  Alignment score:  24.2
#  P-value:  1.000e+00
#  Query aligned region: 3-3,6-9
#  Target aligned region: 4:'AA'864-4:'AA'864,14:'AA'917-14:'AA'917,19:'AA'18-19:'AA'18

	A...G~G
	A...G~C

#  Matched base-pairing interactions: 
	<A(3:)-G(6:) trans S/S>                        MATCHES	<A(4:'AA'864)-G(14:'AA'917) trans S/S>
	<A(3:)-G(9:) trans H/S>                        MATCHES	<A(4:'AA'864)-C(19:'AA'18) cis S/S>
#  Matched base-stacking interactions: 

>>>>>>>>>>   ALIGNMENT ENDS   >>>>>>>>>>

<<<<<<<<<<  ALIGNMENT BEGINS  <<<<<<<<<<

#  Aligning k-turn_consensus and 5j91_AA:1220-1223_976-980_1313-1322:
#  Alignment score:  23.8
#  P-value:  1.000e+00
#  Query aligned region: 1-1,11-11
#  Target aligned region: 6:'AA'979-6:'AA'979,12:'AA'1317-12:'AA'1317

	G...A
	C...C

#  Matched base-pairing interactions: 
	<G(1:)-A(11:) trans S/H>                       MATCHES	<C(6:'AA'979)-C(12:'AA'1317) trans S/H>
#  Matched base-stacking interactions: 

>>>>>>>>>>   ALIGNMENT ENDS   >>>>>>>>>>

<<<<<<<<<<  ALIGNMENT BEGINS  <<<<<<<<<<

#  Aligning k-turn_consensus and 5j91_AA:1024-1034:
#  Alignment score:  23.8
#  P-value:  1.000e+00
#  Query aligned region: 1-1,11-11
#  Target aligned region: 5:'AA'1030-6:'AA'1031

	G...A
	U...C

#  Matched base-pairing interactions: 
	<G(1:)-A(11:) trans S/H>                       MATCHES	<U(5:'AA'1030)-C(6:'AA'1031) trans S/H>
#  Matched base-stacking interactions: 

>>>>>>>>>>   ALIGNMENT ENDS   >>>>>>>>>>

<<<<<<<<<<  ALIGNMENT BEGINS  <<<<<<<<<<

#  Aligning k-turn_consensus and 5j91_AA:1159-1175_1086-1098:
#  Alignment score:  23.6
#  P-value:  1.000e+00
#  Query aligned region: 0-1,11-12
#  Target aligned region: 5:'AA'1165-11:'AA'1171

	GG...AC
	UG...AA

#  Matched base-pairing interactions: 
	<G(1:)-A(11:) trans S/H>                       MATCHES	<G(6:'AA'1166)-A(10:'AA'1170) trans S/H>
	<G(0:)-C(12:) cis W/W>                         MATCHES	<U(5:'AA'1165)-A(11:'AA'1171) cis W/W>
#  Matched base-stacking interactions: 

>>>>>>>>>>   ALIGNMENT ENDS   >>>>>>>>>>

<<<<<<<<<<  ALIGNMENT BEGINS  <<<<<<<<<<

#  Aligning k-turn_consensus and 5j91_AA:146-152_63-68_167-174:
#  Alignment score:  23.4
#  P-value:  1.000e+00
#  Query aligned region: 3-3,6-9
#  Target aligned region: 5:'AA'152-5:'AA'152,11:'AA'68-11:'AA'68,14:'AA'169-14:'AA'169

	A...G~G
	A...G~C

#  Matched base-pairing interactions: 
	<A(3:)-G(6:) trans S/S>                        MATCHES	<A(5:'AA'152)-G(11:'AA'68) trans S/S>
	<A(3:)-G(9:) trans H/S>                        MATCHES	<A(5:'AA'152)-C(14:'AA'169) trans H/W>
#  Matched base-stacking interactions: 

>>>>>>>>>>   ALIGNMENT ENDS   >>>>>>>>>>

<<<<<<<<<<  ALIGNMENT BEGINS  <<<<<<<<<<

#  Aligning k-turn_consensus and 5j91_AA:694-696_779-787_791-801:
#  Alignment score:  23.4
#  P-value:  1.000e+00
#  Query aligned region: 1-1,11-11
#  Target aligned region: 3:'AA'780-3:'AA'780,22:'AA'802-22:'AA'802

	G...A
	A...A

#  Matched base-pairing interactions: 
	<G(1:)-A(11:) trans S/H>                       MATCHES	<A(3:'AA'780)-A(22:'AA'802) trans S/H>
#  Matched base-stacking interactions: 

>>>>>>>>>>   ALIGNMENT ENDS   >>>>>>>>>>

<<<<<<<<<<  ALIGNMENT BEGINS  <<<<<<<<<<

#  Aligning k-turn_consensus and 5j91_AA:1372-1382_1342-1348_932-938:
#  Alignment score:  23
#  P-value:  1.000e+00
#  Query aligned region: 1-1,11-11
#  Target aligned region: 0:'AA'1373-0:'AA'1373,17:'AA'1349-17:'AA'1349

	G...A
	G...A

#  Matched base-pairing interactions: 
	<G(1:)-A(11:) trans S/H>                       MATCHES	<G(0:'AA'1373)-A(17:'AA'1349) trans S/H>
#  Matched base-stacking interactions: 

>>>>>>>>>>   ALIGNMENT ENDS   >>>>>>>>>>

<<<<<<<<<<  ALIGNMENT BEGINS  <<<<<<<<<<

#  Aligning k-turn_consensus and 5j91_AA:319-332_105-110_59-60:
#  Alignment score:  23
#  P-value:  1.000e+00
#  Query aligned region: 1-1,11-11
#  Target aligned region: 4:'AA'324-4:'AA'324,17:'AA'109-17:'AA'109

	G...A
	G...A

#  Matched base-pairing interactions: 
	<G(1:)-A(11:) trans S/H>                       MATCHES	<G(4:'AA'324)-A(17:'AA'109) trans S/H>
#  Matched base-stacking interactions: 

>>>>>>>>>>   ALIGNMENT ENDS   >>>>>>>>>>

<<<<<<<<<<  ALIGNMENT BEGINS  <<<<<<<<<<

#  Aligning k-turn_consensus and 5j91_AA:1431-1440_1460-1467_333-334:
#  Alignment score:  23
#  P-value:  1.000e+00
#  Query aligned region: 1-1,11-11
#  Target aligned region: 0:'AA'1432-0:'AA'1432,17:'AA'1468-17:'AA'1468

	G...A
	G...A

#  Matched base-pairing interactions: 
	<G(1:)-A(11:) trans S/H>                       MATCHES	<G(0:'AA'1432)-A(17:'AA'1468) trans S/H>
#  Matched base-stacking interactions: 

>>>>>>>>>>   ALIGNMENT ENDS   >>>>>>>>>>

<<<<<<<<<<  ALIGNMENT BEGINS  <<<<<<<<<<

#  Aligning k-turn_consensus and 5j91_AA:745-754_650-658_586-587:
#  Alignment score:  23
#  P-value:  1.000e+00
#  Query aligned region: 1-4,5-11
#  Target aligned region: 5:'AA'751-9:'AA'755,10:'AA'651-14:'AA'655

	GGAG...C~GAAG-AA
	UGAC...G~C--UUGA

#  Matched base-pairing interactions: 
	<G(1:)-A(11:) trans S/H>                       MATCHES	<U(5:'AA'751)-A(14:'AA'655) cis W/W>
	<G(2:)-A(10:) trans S/H>                       MATCHES	<G(6:'AA'752)-G(13:'AA'654) trans S/H>
	<A(3:)-G(9:) trans H/S>                        MATCHES	<A(7:'AA'753)-U(11:'AA'652) trans H/W>
	<G(4:)-C(5:) cis W/W>                          MATCHES	<C(8:'AA'754)-G(9:'AA'755) trans S/H>
	<A(3:)-G(6:) trans S/S>                        MATCHES	<A(7:'AA'753)-C(10:'AA'651) cis -/->
	<G(4:)-A(10:) trans S/S>                       MATCHES	<C(8:'AA'754)-G(13:'AA'654) cis W/W>
#  Matched base-stacking interactions: 
	<A(3:)-A(10:) outward>                         MATCHES	<A(7:'AA'753)-G(13:'AA'654) outward>

>>>>>>>>>>   ALIGNMENT ENDS   >>>>>>>>>>

<<<<<<<<<<  ALIGNMENT BEGINS  <<<<<<<<<<

#  Aligning k-turn_consensus and 5j91_AA:361-367_351-356_45-58:
#  Alignment score:  22.8
#  P-value:  1.000e+00
#  Query aligned region: 0-1,11-12
#  Target aligned region: 11:'AA'356-12:'AA'357,22:'AA'55-23:'AA'56

	GG...AC
	AG...AU

#  Matched base-pairing interactions: 
	<G(1:)-A(11:) trans S/H>                       MATCHES	<G(12:'AA'357)-A(22:'AA'55) trans S/H>
	<G(0:)-C(12:) cis W/W>                         MATCHES	<A(11:'AA'356)-U(23:'AA'56) cis W/W>
#  Matched base-stacking interactions: 

>>>>>>>>>>   ALIGNMENT ENDS   >>>>>>>>>>

<<<<<<<<<<  ALIGNMENT BEGINS  <<<<<<<<<<

#  Aligning k-turn_consensus and 5j91_AA:908-916_884-887_18-21:
#  Alignment score:  22.8
#  P-value:  1.000e+00
#  Query aligned region: 3-3,6-9
#  Target aligned region: 5:'AA'914-5:'AA'914,9:'AA'885-9:'AA'885,15:'AA'21-15:'AA'21

	A...G~G
	A...G~G

#  Matched base-pairing interactions: 
	<A(3:)-G(9:) trans H/S>                        MATCHES	<A(5:'AA'914)-G(15:'AA'21) trans H/S>
	<A(3:)-G(6:) trans S/S>                        MATCHES	<A(5:'AA'914)-G(9:'AA'885) cis -/->
#  Matched base-stacking interactions: 

>>>>>>>>>>   ALIGNMENT ENDS   >>>>>>>>>>

<<<<<<<<<<  ALIGNMENT BEGINS  <<<<<<<<<<

#  Aligning k-turn_consensus and 5j91_AA:1351-1352_1273-1288_1247-1260:
#  Alignment score:  22.6
#  P-value:  1.000e+00
#  Query aligned region: 1-1,11-11
#  Target aligned region: 2:'AA'1274-2:'AA'1274,31:'AA'1261-31:'AA'1261

	G...A
	A...A

#  Matched base-pairing interactions: 
	<G(1:)-A(11:) trans S/H>                       MATCHES	<A(2:'AA'1274)-A(31:'AA'1261) trans S/H>
#  Matched base-stacking interactions: 

>>>>>>>>>>   ALIGNMENT ENDS   >>>>>>>>>>

<<<<<<<<<<  ALIGNMENT BEGINS  <<<<<<<<<<

#  Aligning k-turn_consensus and 5j91_AA:194-197_137-143_218-225:
#  Alignment score:  22.6
#  P-value:  1.000e+00
#  Query aligned region: 3-3,6-9
#  Target aligned region: 1:'AA'196-1:'AA'196,8:'AA'142-8:'AA'142,13:'AA'221-13:'AA'221

	A...G~G
	A...G~C

#  Matched base-pairing interactions: 
	<A(3:)-G(6:) trans S/S>                        MATCHES	<A(1:'AA'196)-G(8:'AA'142) trans S/S>
	<A(3:)-G(9:) trans H/S>                        MATCHES	<A(1:'AA'196)-C(13:'AA'221) cis S/S>
#  Matched base-stacking interactions: 

>>>>>>>>>>   ALIGNMENT ENDS   >>>>>>>>>>

<<<<<<<<<<  ALIGNMENT BEGINS  <<<<<<<<<<

#  Aligning k-turn_consensus and 5j91_AA:695-704_796-797_684-690:
#  Alignment score:  22.4
#  P-value:  1.000e+00
#  Query aligned region: 3-3,6-9
#  Target aligned region: 0:'AA'696-0:'AA'696,10:'AA'797-10:'AA'797,18:'AA'691-18:'AA'691

	A...G~G
	A...C~G

#  Matched base-pairing interactions: 
	<A(3:)-G(9:) trans H/S>                        MATCHES	<A(0:'AA'696)-G(18:'AA'691) trans H/S>
	<A(3:)-G(6:) trans S/S>                        MATCHES	<A(0:'AA'696)-C(10:'AA'797) cis -/->
#  Matched base-stacking interactions: 

>>>>>>>>>>   ALIGNMENT ENDS   >>>>>>>>>>

<<<<<<<<<<  ALIGNMENT BEGINS  <<<<<<<<<<

#  Aligning k-turn_consensus and 5j91_AA:854-862_826-828_864-873:
#  Alignment score:  21.8
#  P-value:  1.000e+00
#  Query aligned region: 0-1,11-12
#  Target aligned region: 2:'AA'857-3:'AA'858,10:'AA'828-11:'AA'829

	GG...AC
	CG...UG

#  Matched base-pairing interactions: 
	<G(1:)-A(11:) trans S/H>                       MATCHES	<G(3:'AA'858)-U(10:'AA'828) trans S/H>
	<G(0:)-C(12:) cis W/W>                         MATCHES	<C(2:'AA'857)-G(11:'AA'829) cis W/W>
#  Matched base-stacking interactions: 

>>>>>>>>>>   ALIGNMENT ENDS   >>>>>>>>>>

<<<<<<<<<<  ALIGNMENT BEGINS  <<<<<<<<<<

#  Aligning k-turn_consensus and 5j91_AA:528-535_516-527_504-506:
#  Alignment score:  21.4
#  P-value:  1.000e+00
#  Query aligned region: 1-1,11-11
#  Target aligned region: 0:'AA'529-0:'AA'529,11:'AA'520-11:'AA'520

	G...A
	G...A

#  Matched base-pairing interactions: 
	<G(1:)-A(11:) trans S/H>                       MATCHES	<G(0:'AA'529)-A(11:'AA'520) trans S/H>
#  Matched base-stacking interactions: 

>>>>>>>>>>   ALIGNMENT ENDS   >>>>>>>>>>

<<<<<<<<<<  ALIGNMENT BEGINS  <<<<<<<<<<

#  Aligning k-turn_consensus and 5j91_AA:516-527_528-535_504-506:
#  Alignment score:  20.4
#  P-value:  1.000e+00
#  Query aligned region: 0-1,11-12
#  Target aligned region: 7:'AA'524-7:'AA'524,13:'AA'530-14:'AA'531,22:'AA'507-22:'AA'507

	G~G...A~C
	G~G...U~C

#  Matched base-pairing interactions: 
	<G(0:)-C(12:) cis W/W>                         MATCHES	<G(7:'AA'524)-C(22:'AA'507) cis W/W>
	<G(1:)-A(11:) trans S/H>                       MATCHES	<G(13:'AA'530)-U(14:'AA'531) trans S/H>
#  Matched base-stacking interactions: 

>>>>>>>>>>   ALIGNMENT ENDS   >>>>>>>>>>

<<<<<<<<<<  ALIGNMENT BEGINS  <<<<<<<<<<

#  Aligning k-turn_consensus and 5j91_AA:739-742_720-732_661-665:
#  Alignment score:  20
#  P-value:  1.000e+00
#  Query aligned region: 0-1,11-12
#  Target aligned region: 3:'AA'743-3:'AA'743,10:'AA'727-13:'AA'730,17:'AA'662-17:'AA'662

	G~G...A~C
	A~G...G~U

#  Matched base-pairing interactions: 
	<G(0:)-C(12:) cis W/W>                         MATCHES	<A(3:'AA'743)-U(17:'AA'662) cis W/W>
	<G(1:)-A(11:) trans S/H>                       MATCHES	<G(10:'AA'727)-G(13:'AA'730) trans S/H>
#  Matched base-stacking interactions: 

>>>>>>>>>>   ALIGNMENT ENDS   >>>>>>>>>>

<<<<<<<<<<  ALIGNMENT BEGINS  <<<<<<<<<<

#  Aligning k-turn_consensus and 5j91_AA:1051-1059_1196-1205:
#  Alignment score:  18.4
#  P-value:  1.000e+00
#  Query aligned region: 0-1,11-12
#  Target aligned region: 5:'AA'1057-6:'AA'1058,14:'AA'1202-15:'AA'1203

	GG...AC
	GG...UC

#  Matched base-pairing interactions: 
	<G(1:)-A(11:) trans S/H>                       MATCHES	<G(6:'AA'1058)-U(14:'AA'1202) trans S/H>
	<G(0:)-C(12:) cis W/W>                         MATCHES	<G(5:'AA'1057)-C(15:'AA'1203) cis W/W>
#  Matched base-stacking interactions: 

>>>>>>>>>>   ALIGNMENT ENDS   >>>>>>>>>>

<<<<<<<<<<  ALIGNMENT BEGINS  <<<<<<<<<<

#  Aligning k-turn_consensus and 5j91_AA:892-893_276-283_241-246:
#  Alignment score:  18.2
#  P-value:  1.000e+00
#  Query aligned region: 1-1,11-11
#  Target aligned region: 6:'AA'281-6:'AA'281,14:'AA'246-14:'AA'246

	G...A
	G...A

#  Matched base-pairing interactions: 
	<G(1:)-A(11:) trans S/H>                       MATCHES	<G(6:'AA'281)-A(14:'AA'246) trans S/H>
#  Matched base-stacking interactions: 

>>>>>>>>>>   ALIGNMENT ENDS   >>>>>>>>>>

<<<<<<<<<<  ALIGNMENT BEGINS  <<<<<<<<<<

#  Aligning k-turn_consensus and 5j91_AA:796-797_695-704_684-690:
#  Alignment score:  18.2
#  P-value:  1.000e+00
#  Query aligned region: 1-1,11-11
#  Target aligned region: 9:'AA'703-9:'AA'703,14:'AA'687-14:'AA'687

	G...A
	G...A

#  Matched base-pairing interactions: 
	<G(1:)-A(11:) trans S/H>                       MATCHES	<G(9:'AA'703)-A(14:'AA'687) trans S/H>
#  Matched base-stacking interactions: 

>>>>>>>>>>   ALIGNMENT ENDS   >>>>>>>>>>

<<<<<<<<<<  ALIGNMENT BEGINS  <<<<<<<<<<

#  Aligning k-turn_consensus and 5j91_AA:563-565_298-308_291-296:
#  Alignment score:  18
#  P-value:  1.000e+00
#  Query aligned region: 0-1,11-12
#  Target aligned region: 8:'AA'304-9:'AA'305,14:'AA'292-15:'AA'293

	GG...AC
	UG...GG

#  Matched base-pairing interactions: 
	<G(1:)-A(11:) trans S/H>                       MATCHES	<G(9:'AA'305)-G(14:'AA'292) trans S/H>
	<G(0:)-C(12:) cis W/W>                         MATCHES	<U(8:'AA'304)-G(15:'AA'293) cis W/W>
#  Matched base-stacking interactions: 

>>>>>>>>>>   ALIGNMENT ENDS   >>>>>>>>>>

<<<<<<<<<<  ALIGNMENT BEGINS  <<<<<<<<<<

#  Aligning k-turn_consensus and 5j91_AA:492-498_403-405_436-440:
#  Alignment score:  15.4
#  P-value:  1.000e+00
#  Query aligned region: 3-3,6-9
#  Target aligned region: 5:'AA'498-5:'AA'498,7:'AA'404-7:'AA'404,12:'AA'439-12:'AA'439

	A...G~G
	A...G~U

#  Matched base-pairing interactions: 
	<A(3:)-G(6:) trans S/S>                        MATCHES	<A(5:'AA'498)-G(7:'AA'404) trans S/S>
	<A(3:)-G(9:) trans H/S>                        MATCHES	<A(5:'AA'498)-U(12:'AA'439) cis W/W>
#  Matched base-stacking interactions: 

>>>>>>>>>>   ALIGNMENT ENDS   >>>>>>>>>>

<<<<<<<<<<  ALIGNMENT BEGINS  <<<<<<<<<<

#  Aligning k-turn_consensus and 5j91_AA:1097-1102_1079-1086_1070-1076:
#  Alignment score:  15
#  P-value:  1.000e+00
#  Query aligned region: 0-1,11-12
#  Target aligned region: 4:'AA'1102-4:'AA'1102,10:'AA'1084-10:'AA'1084,15:'AA'1072-16:'AA'1073

	G~G...AC
	A~G...GU

#  Matched base-pairing interactions: 
	<G(0:)-C(12:) cis W/W>                         MATCHES	<A(4:'AA'1102)-U(16:'AA'1073) cis W/W>
	<G(1:)-A(11:) trans S/H>                       MATCHES	<G(10:'AA'1084)-G(15:'AA'1072) trans S/H>
#  Matched base-stacking interactions: 

>>>>>>>>>>   ALIGNMENT ENDS   >>>>>>>>>>

<<<<<<<<<<  ALIGNMENT BEGINS  <<<<<<<<<<

#  Aligning k-turn_consensus and 5j91_AA:97-102_150-152_63-70:
#  Alignment score:  15
#  P-value:  1.000e+00
#  Query aligned region: 0-1,11-12
#  Target aligned region: 4:'AA'102-5:'AA'103,11:'AA'66-12:'AA'67

	GG...AC
	GU...AC

#  Matched base-pairing interactions: 
	<G(1:)-A(11:) trans S/H>                       MATCHES	<U(5:'AA'103)-A(11:'AA'66) cis W/W>
	<G(0:)-C(12:) cis W/W>                         MATCHES	<G(4:'AA'102)-C(12:'AA'67) cis W/W>
#  Matched base-stacking interactions: 

>>>>>>>>>>   ALIGNMENT ENDS   >>>>>>>>>>

<<<<<<<<<<  ALIGNMENT BEGINS  <<<<<<<<<<

#  Aligning k-turn_consensus and 5j91_AA:143-146_174-178:
#  Alignment score:  15
#  P-value:  1.000e+00
#  Query aligned region: 0-1,11-12
#  Target aligned region: 2:'AA'146-3:'AA'147,4:'AA'175-5:'AA'176

	GG...AC
	GG...CC

#  Matched base-pairing interactions: 
	<G(1:)-A(11:) trans S/H>                       MATCHES	<G(3:'AA'147)-C(4:'AA'175) cis W/W>
	<G(0:)-C(12:) cis W/W>                         MATCHES	<G(2:'AA'146)-C(5:'AA'176) cis W/W>
#  Matched base-stacking interactions: 

>>>>>>>>>>   ALIGNMENT ENDS   >>>>>>>>>>

<<<<<<<<<<  ALIGNMENT BEGINS  <<<<<<<<<<

#  Aligning k-turn_consensus and 5j91_AA:1510-1511_764-768_809-815:
#  Alignment score:  14.6
#  P-value:  1.000e+00
#  Query aligned region: 0-1,11-12
#  Target aligned region: 5:'AA'768-6:'AA'769,7:'AA'810-8:'AA'811

	GG...AC
	AG...CC

#  Matched base-pairing interactions: 
	<G(1:)-A(11:) trans S/H>                       MATCHES	<G(6:'AA'769)-C(7:'AA'810) cis W/W>
	<G(0:)-C(12:) cis W/W>                         MATCHES	<A(5:'AA'768)-C(8:'AA'811) cis W/W>
#  Matched base-stacking interactions: 

>>>>>>>>>>   ALIGNMENT ENDS   >>>>>>>>>>

<<<<<<<<<<  ALIGNMENT BEGINS  <<<<<<<<<<

#  Aligning k-turn_consensus and 5j91_AA:877-878_579-586_751-760:
#  Alignment score:  14.4
#  P-value:  1.000e+00
#  Query aligned region: 0-1,11-12
#  Target aligned region: 2:'AA'580-3:'AA'581,18:'AA'760-19:'AA'761

	GG...AC
	CG...GG

#  Matched base-pairing interactions: 
	<G(1:)-A(11:) trans S/H>                       MATCHES	<G(3:'AA'581)-G(18:'AA'760) cis -/->
	<G(0:)-C(12:) cis W/W>                         MATCHES	<C(2:'AA'580)-G(19:'AA'761) cis W/W>
#  Matched base-stacking interactions: 

>>>>>>>>>>   ALIGNMENT ENDS   >>>>>>>>>>

<<<<<<<<<<  ALIGNMENT BEGINS  <<<<<<<<<<

#  Aligning k-turn_consensus and 5j91_AA:1481-1490_1409-1416_887-891:
#  Alignment score:  14.2
#  P-value:  1.000e+00
#  Query aligned region: 0-1,11-12
#  Target aligned region: 4:'AA'1486-5:'AA'1487,13:'AA'1413-14:'AA'1414

	GG...AC
	GG...AU

#  Matched base-pairing interactions: 
	<G(1:)-A(11:) trans S/H>                       MATCHES	<G(5:'AA'1487)-A(13:'AA'1413) cis W/W>
	<G(0:)-C(12:) cis W/W>                         MATCHES	<G(4:'AA'1486)-U(14:'AA'1414) cis W/W>
#  Matched base-stacking interactions: 

>>>>>>>>>>   ALIGNMENT ENDS   >>>>>>>>>>

<<<<<<<<<<  ALIGNMENT BEGINS  <<<<<<<<<<

#  Aligning k-turn_consensus and 5j91_AA:826-828_854-862_864-873:
#  Alignment score:  14.2
#  P-value:  1.000e+00
#  Query aligned region: 0-1,11-12
#  Target aligned region: 10:'AA'862-11:'AA'863,13:'AA'866-14:'AA'867

	GG...AC
	CU...CG

#  Matched base-pairing interactions: 
	<G(1:)-A(11:) trans S/H>                       MATCHES	<U(11:'AA'863)-C(13:'AA'866) cis -/->
	<G(0:)-C(12:) cis W/W>                         MATCHES	<C(10:'AA'862)-G(14:'AA'867) cis W/W>
#  Matched base-stacking interactions: 

>>>>>>>>>>   ALIGNMENT ENDS   >>>>>>>>>>

<<<<<<<<<<  ALIGNMENT BEGINS  <<<<<<<<<<

#  Aligning k-turn_consensus and 5j91_AA:569-571_857-862_863-873:
#  Alignment score:  14.2
#  P-value:  1.000e+00
#  Query aligned region: 0-1,11-12
#  Target aligned region: 0:'AA'570-1:'AA'571,10:'AA'865-11:'AA'866

	GG...AC
	GU...AC

#  Matched base-pairing interactions: 
	<G(1:)-A(11:) trans S/H>                       MATCHES	<U(1:'AA'571)-A(10:'AA'865) cis W/W>
	<G(0:)-C(12:) cis W/W>                         MATCHES	<G(0:'AA'570)-C(11:'AA'866) cis W/W>
#  Matched base-stacking interactions: 

>>>>>>>>>>   ALIGNMENT ENDS   >>>>>>>>>>

<<<<<<<<<<  ALIGNMENT BEGINS  <<<<<<<<<<

#  Aligning k-turn_consensus and 5j91_AA:24-29_294-300_552-558:
#  Alignment score:  14
#  P-value:  1.000e+00
#  Query aligned region: 0-1,11-12
#  Target aligned region: 5:'AA'30-5:'AA'30,8:'AA'297-10:'AA'299,13:'AA'553-13:'AA'553

	G~G...A~C
	U~G...G~A

#  Matched base-pairing interactions: 
	<G(0:)-C(12:) cis W/W>                         MATCHES	<U(5:'AA'30)-A(13:'AA'553) cis W/W>
	<G(1:)-A(11:) trans S/H>                       MATCHES	<G(8:'AA'297)-G(10:'AA'299) cis -/->
#  Matched base-stacking interactions: 

>>>>>>>>>>   ALIGNMENT ENDS   >>>>>>>>>>

<<<<<<<<<<  ALIGNMENT BEGINS  <<<<<<<<<<

#  Aligning k-turn_consensus and 5j91_AA:1189-1196_1059-1067:
#  Alignment score:  14
#  P-value:  1.000e+00
#  Query aligned region: 0-1,11-12
#  Target aligned region: 3:'AA'1193-4:'AA'1194,10:'AA'1062-11:'AA'1063

	GG...AC
	GU...UC

#  Matched base-pairing interactions: 
	<G(1:)-A(11:) trans S/H>                       MATCHES	<U(4:'AA'1194)-U(10:'AA'1062) cis W/W>
	<G(0:)-C(12:) cis W/W>                         MATCHES	<G(3:'AA'1193)-C(11:'AA'1063) cis W/W>
#  Matched base-stacking interactions: 

>>>>>>>>>>   ALIGNMENT ENDS   >>>>>>>>>>

<<<<<<<<<<  ALIGNMENT BEGINS  <<<<<<<<<<

#  Aligning k-turn_consensus and 5j91_AA:438-440_543-548_493-501:
#  Alignment score:  13.8
#  P-value:  1.000e+00
#  Query aligned region: 0-1,11-12
#  Target aligned region: 4:'AA'545-5:'AA'546,14:'AA'499-15:'AA'500

	GG...AC
	CA...AG

#  Matched base-pairing interactions: 
	<G(1:)-A(11:) trans S/H>                       MATCHES	<A(5:'AA'546)-A(14:'AA'499) cis -/->
	<G(0:)-C(12:) cis W/W>                         MATCHES	<C(4:'AA'545)-G(15:'AA'500) cis W/W>
#  Matched base-stacking interactions: 

>>>>>>>>>>   ALIGNMENT ENDS   >>>>>>>>>>

<<<<<<<<<<  ALIGNMENT BEGINS  <<<<<<<<<<

#  Aligning k-turn_consensus and 5j91_AA:25-31_291-304_551-557:
#  Alignment score:  13.6
#  P-value:  1.000e+00
#  Query aligned region: 0-1,11-12
#  Target aligned region: 6:'AA'32-6:'AA'32,12:'AA'297-15:'AA'300,21:'AA'552-21:'AA'552

	G~G...A~C
	A~G...A~U

#  Matched base-pairing interactions: 
	<G(0:)-C(12:) cis W/W>                         MATCHES	<A(6:'AA'32)-U(21:'AA'552) cis W/W>
	<G(1:)-A(11:) trans S/H>                       MATCHES	<G(12:'AA'297)-A(15:'AA'300) cis -/->
#  Matched base-stacking interactions: 

>>>>>>>>>>   ALIGNMENT ENDS   >>>>>>>>>>

<<<<<<<<<<  ALIGNMENT BEGINS  <<<<<<<<<<

#  Aligning k-turn_consensus and 5j91_AA:365-373_351-356_386-393:
#  Alignment score:  13.6
#  P-value:  1.000e+00
#  Query aligned region: 0-1,11-12
#  Target aligned region: 3:'AA'369-3:'AA'369,9:'AA'352-13:'AA'356,20:'AA'392-20:'AA'392

	G~G...A~C
	G~C...A~C

#  Matched base-pairing interactions: 
	<G(0:)-C(12:) cis W/W>                         MATCHES	<G(3:'AA'369)-C(20:'AA'392) cis W/W>
	<G(1:)-A(11:) trans S/H>                       MATCHES	<C(9:'AA'352)-A(13:'AA'356) cis -/->
#  Matched base-stacking interactions: 

>>>>>>>>>>   ALIGNMENT ENDS   >>>>>>>>>>

<<<<<<<<<<  ALIGNMENT BEGINS  <<<<<<<<<<

#  Aligning k-turn_consensus and 5j91_AA:908-916_18-21_884-887:
#  Alignment score:  13.4
#  P-value:  1.000e+00
#  Query aligned region: 0-1,11-12
#  Target aligned region: 3:'AA'912-4:'AA'913,12:'AA'22-12:'AA'22,13:'AA'885-13:'AA'885

	GG...A~C
	CA...G~G

#  Matched base-pairing interactions: 
	<G(1:)-A(11:) trans S/H>                       MATCHES	<A(4:'AA'913)-G(12:'AA'22) cis -/->
	<G(0:)-C(12:) cis W/W>                         MATCHES	<C(3:'AA'912)-G(13:'AA'885) cis W/W>
#  Matched base-stacking interactions: 

>>>>>>>>>>   ALIGNMENT ENDS   >>>>>>>>>>

<<<<<<<<<<  ALIGNMENT BEGINS  <<<<<<<<<<

#  Aligning k-turn_consensus and 5j91_AA:313-314_106-112_317-335:
#  Alignment score:  13
#  P-value:  1.000e+00
#  Query aligned region: 0-1,11-12
#  Target aligned region: 0:'AA'314-1:'AA'315,7:'AA'112-8:'AA'113

	GG...AC
	CA...GG

#  Matched base-pairing interactions: 
	<G(1:)-A(11:) trans S/H>                       MATCHES	<A(1:'AA'315)-G(7:'AA'112) cis W/W>
	<G(0:)-C(12:) cis W/W>                         MATCHES	<C(0:'AA'314)-G(8:'AA'113) cis W/W>
#  Matched base-stacking interactions: 

>>>>>>>>>>   ALIGNMENT ENDS   >>>>>>>>>>

<<<<<<<<<<  ALIGNMENT BEGINS  <<<<<<<<<<

#  Aligning k-turn_consensus and 5j91_AA:1322-1328_1264-1270_1307-1313:
#  Alignment score:  12.4
#  P-value:  1.000e+00
#  Query aligned region: 0-1,11-12
#  Target aligned region: 6:'AA'1329-6:'AA'1329,8:'AA'1266-11:'AA'1269,14:'AA'1308-14:'AA'1308

	G~G...A~C
	A~G...A~U

#  Matched base-pairing interactions: 
	<G(0:)-C(12:) cis W/W>                         MATCHES	<A(6:'AA'1329)-U(14:'AA'1308) cis W/W>
	<G(1:)-A(11:) trans S/H>                       MATCHES	<G(8:'AA'1266)-A(11:'AA'1269) cis -/->
#  Matched base-stacking interactions: 

>>>>>>>>>>   ALIGNMENT ENDS   >>>>>>>>>>

<<<<<<<<<<  ALIGNMENT BEGINS  <<<<<<<<<<

#  Aligning k-turn_consensus and 5j91_AA:948-952_962-971_1227-1232:
#  Alignment score:  12.4
#  P-value:  1.000e+00
#  Query aligned region: 0-1,11-12
#  Target aligned region: 4:'AA'953-4:'AA'953,6:'AA'964-11:'AA'969,15:'AA'1228-15:'AA'1228

	G~G...A~C
	G~A...A~C

#  Matched base-pairing interactions: 
	<G(0:)-C(12:) cis W/W>                         MATCHES	<G(4:'AA'953)-C(15:'AA'1228) cis W/W>
	<G(1:)-A(11:) trans S/H>                       MATCHES	<A(6:'AA'964)-A(11:'AA'969) cis -/->
#  Matched base-stacking interactions: 

>>>>>>>>>>   ALIGNMENT ENDS   >>>>>>>>>>

<<<<<<<<<<  ALIGNMENT BEGINS  <<<<<<<<<<

#  Aligning k-turn_consensus and 5j91_AA:879-882_298-300_562-574:
#  Alignment score:  12.2
#  P-value:  1.000e+00
#  Query aligned region: 0-1,11-12
#  Target aligned region: 3:'AA'883-3:'AA'883,4:'AA'299-4:'AA'299,10:'AA'566-11:'AA'567

	G~G...AC
	C~G...GG

#  Matched base-pairing interactions: 
	<G(1:)-A(11:) trans S/H>                       MATCHES	<G(4:'AA'299)-G(10:'AA'566) cis W/H>
	<G(0:)-C(12:) cis W/W>                         MATCHES	<C(3:'AA'883)-G(11:'AA'567) cis W/W>
#  Matched base-stacking interactions: 

>>>>>>>>>>   ALIGNMENT ENDS   >>>>>>>>>>

<<<<<<<<<<  ALIGNMENT BEGINS  <<<<<<<<<<

#  Aligning k-turn_consensus and 5j91_AA:1342-1352_1286-1288_1369-1375:
#  Alignment score:  12.2
#  P-value:  1.000e+00
#  Query aligned region: 0-1,11-12
#  Target aligned region: 7:'AA'1350-7:'AA'1350,13:'AA'1289-13:'AA'1289,15:'AA'1371-16:'AA'1372

	G~G...AC
	A~A...GU

#  Matched base-pairing interactions: 
	<G(0:)-C(12:) cis W/W>                         MATCHES	<A(7:'AA'1350)-U(16:'AA'1372) cis W/W>
	<G(1:)-A(11:) trans S/H>                       MATCHES	<A(13:'AA'1289)-G(15:'AA'1371) cis -/->
#  Matched base-stacking interactions: 

>>>>>>>>>>   ALIGNMENT ENDS   >>>>>>>>>>

<<<<<<<<<<  ALIGNMENT BEGINS  <<<<<<<<<<

#  Aligning k-turn_consensus and 5j91_AA:14-18_915-919_860-867:
#  Alignment score:  12.2
#  P-value:  1.000e+00
#  Query aligned region: 0-1,11-12
#  Target aligned region: 0:'AA'15-1:'AA'16,8:'AA'919-9:'AA'920

	GG...AC
	GA...AU

#  Matched base-pairing interactions: 
	<G(1:)-A(11:) trans S/H>                       MATCHES	<A(1:'AA'16)-A(8:'AA'919) cis W/W>
	<G(0:)-C(12:) cis W/W>                         MATCHES	<G(0:'AA'15)-U(9:'AA'920) cis W/W>
#  Matched base-stacking interactions: 

>>>>>>>>>>   ALIGNMENT ENDS   >>>>>>>>>>

<<<<<<<<<<  ALIGNMENT BEGINS  <<<<<<<<<<

#  Aligning k-turn_consensus and 5j91_AA:621-628_610-616_1-2:
#  Alignment score:  12.2
#  P-value:  1.000e+00
#  Query aligned region: 0-1,11-12
#  Target aligned region: 6:'AA'628-7:'AA'629,8:'AA'611-9:'AA'612

	GG...AC
	GA...CC

#  Matched base-pairing interactions: 
	<G(1:)-A(11:) trans S/H>                       MATCHES	<A(7:'AA'629)-C(8:'AA'611) cis W/W>
	<G(0:)-C(12:) cis W/W>                         MATCHES	<G(6:'AA'628)-C(9:'AA'612) cis W/W>
#  Matched base-stacking interactions: 

>>>>>>>>>>   ALIGNMENT ENDS   >>>>>>>>>>

<<<<<<<<<<  ALIGNMENT BEGINS  <<<<<<<<<<

#  Aligning k-turn_consensus and 5j91_AA:1332-1342_1234-1236_940-945:
#  Alignment score:  12.2
#  P-value:  1.000e+00
#  Query aligned region: 0-1,11-12
#  Target aligned region: 11:'AA'1235-12:'AA'1236,18:'AA'945-19:'AA'946

	GG...AC
	UA...GA

#  Matched base-pairing interactions: 
	<G(1:)-A(11:) trans S/H>                       MATCHES	<A(12:'AA'1236)-G(18:'AA'945) cis W/W>
	<G(0:)-C(12:) cis W/W>                         MATCHES	<U(11:'AA'1235)-A(19:'AA'946) cis W/W>
#  Matched base-stacking interactions: 

>>>>>>>>>>   ALIGNMENT ENDS   >>>>>>>>>>

<<<<<<<<<<  ALIGNMENT BEGINS  <<<<<<<<<<

#  Aligning k-turn_consensus and 5j91_AA:359-366_43-49_392-398:
#  Alignment score:  11.8
#  P-value:  1.000e+00
#  Query aligned region: 0-1,11-12
#  Target aligned region: 9:'AA'45-10:'AA'46,17:'AA'395-18:'AA'396

	GG...AC
	GG...CC

#  Matched base-pairing interactions: 
	<G(1:)-A(11:) trans S/H>                       MATCHES	<G(10:'AA'46)-C(17:'AA'395) cis W/W>
	<G(0:)-C(12:) cis W/W>                         MATCHES	<G(9:'AA'45)-C(18:'AA'396) cis W/W>
#  Matched base-stacking interactions: 

>>>>>>>>>>   ALIGNMENT ENDS   >>>>>>>>>>

<<<<<<<<<<  ALIGNMENT BEGINS  <<<<<<<<<<

#  Aligning k-turn_consensus and 5j91_AA:1273-1285_1251-1259_1124-1125:
#  Alignment score:  11.2
#  P-value:  1.000e+00
#  Query aligned region: 0-1,11-12
#  Target aligned region: 10:'AA'1284-11:'AA'1285,13:'AA'1252-14:'AA'1253

	GG...AC
	CA...AG

#  Matched base-pairing interactions: 
	<G(1:)-A(11:) trans S/H>                       MATCHES	<A(11:'AA'1285)-A(13:'AA'1252) trans W/W>
	<G(0:)-C(12:) cis W/W>                         MATCHES	<C(10:'AA'1284)-G(14:'AA'1253) cis W/W>
#  Matched base-stacking interactions: 

>>>>>>>>>>   ALIGNMENT ENDS   >>>>>>>>>>

<<<<<<<<<<  ALIGNMENT BEGINS  <<<<<<<<<<

#  Aligning k-turn_consensus and 5j91_AA:580-587_813-820_751-758:
#  Alignment score:  11.2
#  P-value:  1.000e+00
#  Query aligned region: 0-1,11-12
#  Target aligned region: 3:'AA'584-3:'AA'584,12:'AA'818-14:'AA'820,21:'AA'757-21:'AA'757

	G~G...A~C
	G~G...U~U

#  Matched base-pairing interactions: 
	<G(0:)-C(12:) cis W/W>                         MATCHES	<G(3:'AA'584)-U(21:'AA'757) cis W/W>
	<G(1:)-A(11:) trans S/H>                       MATCHES	<G(12:'AA'818)-U(14:'AA'820) cis -/->
#  Matched base-stacking interactions: 

>>>>>>>>>>   ALIGNMENT ENDS   >>>>>>>>>>

<<<<<<<<<<  ALIGNMENT BEGINS  <<<<<<<<<<

#  Aligning k-turn_consensus and 5j91_AA:218-225_194-197_137-143:
#  Alignment score:  11.2
#  P-value:  1.000e+00
#  Query aligned region: 0-1,11-12
#  Target aligned region: 0:'AA'219-1:'AA'220,10:'AA'197-11:'AA'198

	GG...AC
	UG...AG

#  Matched base-pairing interactions: 
	<G(1:)-A(11:) trans S/H>                       MATCHES	<G(1:'AA'220)-A(10:'AA'197) cis -/->
	<G(0:)-C(12:) cis W/W>                         MATCHES	<U(0:'AA'219)-G(11:'AA'198) cis W/W>
#  Matched base-stacking interactions: 

>>>>>>>>>>   ALIGNMENT ENDS   >>>>>>>>>>

<<<<<<<<<<  ALIGNMENT BEGINS  <<<<<<<<<<

#  Aligning k-turn_consensus and 5j91_AA:21-25_519-528_5-11:
#  Alignment score:  11
#  P-value:  1.000e+00
#  Query aligned region: 0-1,11-12
#  Target aligned region: 0:'AA'22-0:'AA'22,10:'AA'525-10:'AA'525,20:'AA'11-21:'AA'12

	G~G...AC
	G~C...GU

#  Matched base-pairing interactions: 
	<G(0:)-C(12:) cis W/W>                         MATCHES	<G(0:'AA'22)-U(21:'AA'12) cis W/W>
	<G(1:)-A(11:) trans S/H>                       MATCHES	<C(10:'AA'525)-G(20:'AA'11) trans S/S>
#  Matched base-stacking interactions: 

>>>>>>>>>>   ALIGNMENT ENDS   >>>>>>>>>>

<<<<<<<<<<  ALIGNMENT BEGINS  <<<<<<<<<<

#  Aligning k-turn_consensus and 5j91_AA:37-41_616-622_396-403:
#  Alignment score:  11
#  P-value:  1.000e+00
#  Query aligned region: 0-1,11-12
#  Target aligned region: 1:'AA'39-1:'AA'39,8:'AA'620-8:'AA'620,17:'AA'402-18:'AA'403

	G~G...AC
	G~C...GC

#  Matched base-pairing interactions: 
	<G(0:)-C(12:) cis W/W>                         MATCHES	<G(1:'AA'39)-C(18:'AA'403) cis W/W>
	<G(1:)-A(11:) trans S/H>                       MATCHES	<C(8:'AA'620)-G(17:'AA'402) cis -/->
#  Matched base-stacking interactions: 

>>>>>>>>>>   ALIGNMENT ENDS   >>>>>>>>>>

<<<<<<<<<<  ALIGNMENT BEGINS  <<<<<<<<<<

#  Aligning k-turn_consensus and 5j91_AA:360-372_387-398_43-48:
#  Alignment score:  11
#  P-value:  1.000e+00
#  Query aligned region: 0-1,11-12
#  Target aligned region: 10:'AA'371-11:'AA'372,14:'AA'389-15:'AA'390

	GG...AC
	AC...AU

#  Matched base-pairing interactions: 
	<G(1:)-A(11:) trans S/H>                       MATCHES	<C(11:'AA'372)-A(14:'AA'389) trans W/H>
	<G(0:)-C(12:) cis W/W>                         MATCHES	<A(10:'AA'371)-U(15:'AA'390) cis W/W>
#  Matched base-stacking interactions: 

>>>>>>>>>>   ALIGNMENT ENDS   >>>>>>>>>>

<<<<<<<<<<  ALIGNMENT BEGINS  <<<<<<<<<<

#  Aligning k-turn_consensus and 5j91_AA:485-487_479-484_445-451:
#  Alignment score:  11
#  P-value:  1.000e+00
#  Query aligned region: 0-1,11-12
#  Target aligned region: 2:'AA'488-2:'AA'488,4:'AA'481-5:'AA'482,9:'AA'446-9:'AA'446

	G~G...A~C
	C~G...A~G

#  Matched base-pairing interactions: 
	<G(0:)-C(12:) cis W/W>                         MATCHES	<C(2:'AA'488)-G(9:'AA'446) cis W/W>
	<G(1:)-A(11:) trans S/H>                       MATCHES	<G(4:'AA'481)-A(5:'AA'482) cis S/S>
#  Matched base-stacking interactions: 

>>>>>>>>>>   ALIGNMENT ENDS   >>>>>>>>>>

<<<<<<<<<<  ALIGNMENT BEGINS  <<<<<<<<<<

#  Aligning k-turn_consensus and 5j91_AA:422-432_408-419:
#  Alignment score:  10.8
#  P-value:  1.000e+00
#  Query aligned region: 0-1,11-12
#  Target aligned region: 4:'AA'427-5:'AA'428,17:'AA'415-18:'AA'416

	GG...AC
	UG...AG

#  Matched base-pairing interactions: 
	<G(1:)-A(11:) trans S/H>                       MATCHES	<G(5:'AA'428)-A(17:'AA'415) trans H/H>
	<G(0:)-C(12:) cis W/W>                         MATCHES	<U(4:'AA'427)-G(18:'AA'416) cis W/W>
#  Matched base-stacking interactions: 

>>>>>>>>>>   ALIGNMENT ENDS   >>>>>>>>>>

<<<<<<<<<<  ALIGNMENT BEGINS  <<<<<<<<<<

#  Aligning k-turn_consensus and 5j91_AA:607-608_288-295_300-310:
#  Alignment score:  10.6
#  P-value:  1.000e+00
#  Query aligned region: 0-0,12-12
#  Target aligned region: 2:'AA'289-2:'AA'289,20:'AA'311-20:'AA'311

	G...C
	G...C

#  Matched base-pairing interactions: 
	<G(0:)-C(12:) cis W/W>                         MATCHES	<G(2:'AA'289)-C(20:'AA'311) cis W/W>
#  Matched base-stacking interactions: 

>>>>>>>>>>   ALIGNMENT ENDS   >>>>>>>>>>

<<<<<<<<<<  ALIGNMENT BEGINS  <<<<<<<<<<

#  Aligning k-turn_consensus and 5j91_AA:540-548_493-503_403-405:
#  Alignment score:  10.6
#  P-value:  1.000e+00
#  Query aligned region: 0-0,12-12
#  Target aligned region: 0:'AA'541-0:'AA'541,19:'AA'504-19:'AA'504

	G...C
	G...C

#  Matched base-pairing interactions: 
	<G(0:)-C(12:) cis W/W>                         MATCHES	<G(0:'AA'541)-C(19:'AA'504) cis W/W>
#  Matched base-stacking interactions: 

>>>>>>>>>>   ALIGNMENT ENDS   >>>>>>>>>>

<<<<<<<<<<  ALIGNMENT BEGINS  <<<<<<<<<<

#  Aligning k-turn_consensus and 5j91_AA:1236-1240_1330-1336_1294-1304:
#  Alignment score:  10.2
#  P-value:  1.000e+00
#  Query aligned region: 0-1,11-12
#  Target aligned region: 4:'AA'1241-4:'AA'1241,9:'AA'1335-10:'AA'1336,13:'AA'1296-13:'AA'1296

	G~G...A~C
	G~U...C~C

#  Matched base-pairing interactions: 
	<G(0:)-C(12:) cis W/W>                         MATCHES	<G(4:'AA'1241)-C(13:'AA'1296) cis W/W>
	<G(1:)-A(11:) trans S/H>                       MATCHES	<U(9:'AA'1335)-C(10:'AA'1336) cis S/S>
#  Matched base-stacking interactions: 

>>>>>>>>>>   ALIGNMENT ENDS   >>>>>>>>>>

<<<<<<<<<<  ALIGNMENT BEGINS  <<<<<<<<<<

#  Aligning k-turn_consensus and 5j91_AA:5-11_519-528_21-25:
#  Alignment score:  10.2
#  P-value:  1.000e+00
#  Query aligned region: 0-1,11-12
#  Target aligned region: 3:'AA'9-3:'AA'9,11:'AA'524-11:'AA'524,19:'AA'24-20:'AA'25

	G~G...AC
	G~G...UC

#  Matched base-pairing interactions: 
	<G(0:)-C(12:) cis W/W>                         MATCHES	<G(3:'AA'9)-C(20:'AA'25) cis W/W>
	<G(1:)-A(11:) trans S/H>                       MATCHES	<G(11:'AA'524)-U(19:'AA'24) cis S/S>
#  Matched base-stacking interactions: 

>>>>>>>>>>   ALIGNMENT ENDS   >>>>>>>>>>

<<<<<<<<<<  ALIGNMENT BEGINS  <<<<<<<<<<

#  Aligning k-turn_consensus and 5j91_AA:616-622_396-403_37-41:
#  Alignment score:  10.2
#  P-value:  1.000e+00
#  Query aligned region: 0-1,11-12
#  Target aligned region: 0:'AA'617-6:'AA'623

	GG...AC
	GC...AC

#  Matched base-pairing interactions: 
	<G(1:)-A(11:) trans S/H>                       MATCHES	<C(1:'AA'618)-A(5:'AA'622) trans W/H>
	<G(0:)-C(12:) cis W/W>                         MATCHES	<G(0:'AA'617)-C(6:'AA'623) cis W/W>
#  Matched base-stacking interactions: 

>>>>>>>>>>   ALIGNMENT ENDS   >>>>>>>>>>

<<<<<<<<<<  ALIGNMENT BEGINS  <<<<<<<<<<

#  Aligning k-turn_consensus and 5j91_AA:1019-1024_1003-1009:
#  Alignment score:  10.2
#  P-value:  1.000e+00
#  Query aligned region: 0-1,11-12
#  Target aligned region: 3:'AA'1023-4:'AA'1024,7:'AA'1005-8:'AA'1006

	GG...AC
	UG...AG

#  Matched base-pairing interactions: 
	<G(1:)-A(11:) trans S/H>                       MATCHES	<G(4:'AA'1024)-A(7:'AA'1005) cis -/->
	<G(0:)-C(12:) cis W/W>                         MATCHES	<U(3:'AA'1023)-G(8:'AA'1006) cis W/W>
#  Matched base-stacking interactions: 

>>>>>>>>>>   ALIGNMENT ENDS   >>>>>>>>>>

<<<<<<<<<<  ALIGNMENT BEGINS  <<<<<<<<<<

#  Aligning k-turn_consensus and 5j91_AA:386-393_365-373_351-356:
#  Alignment score:  10
#  P-value:  1.000e+00
#  Query aligned region: 0-1,11-12
#  Target aligned region: 6:'AA'393-7:'AA'394,8:'AA'366-9:'AA'367

	GG...AC
	AG...AU

#  Matched base-pairing interactions: 
	<G(1:)-A(11:) trans S/H>                       MATCHES	<G(7:'AA'394)-A(8:'AA'366) cis W/S>
	<G(0:)-C(12:) cis W/W>                         MATCHES	<A(6:'AA'393)-U(9:'AA'367) cis W/W>
#  Matched base-stacking interactions: 

>>>>>>>>>>   ALIGNMENT ENDS   >>>>>>>>>>

<<<<<<<<<<  ALIGNMENT BEGINS  <<<<<<<<<<

#  Aligning k-turn_consensus and 5j91_AA:871-878_580-585_754-759:
#  Alignment score:  9.8
#  P-value:  1.000e+00
#  Query aligned region: 0-0,12-12
#  Target aligned region: 13:'AA'586-13:'AA'586,14:'AA'755-14:'AA'755

	G...C
	C...G

#  Matched base-pairing interactions: 
	<G(0:)-C(12:) cis W/W>                         MATCHES	<C(13:'AA'586)-G(14:'AA'755) cis W/W>
#  Matched base-stacking interactions: 

>>>>>>>>>>   ALIGNMENT ENDS   >>>>>>>>>>

<<<<<<<<<<  ALIGNMENT BEGINS  <<<<<<<<<<

#  Aligning k-turn_consensus and 5j91_AA:298-300_879-882_562-574:
#  Alignment score:  9.8
#  P-value:  1.000e+00
#  Query aligned region: 0-0,12-12
#  Target aligned region: 4:'AA'881-4:'AA'881,13:'AA'569-13:'AA'569

	G...C
	G...C

#  Matched base-pairing interactions: 
	<G(0:)-C(12:) cis W/W>                         MATCHES	<G(4:'AA'881)-C(13:'AA'569) cis W/W>
#  Matched base-stacking interactions: 

>>>>>>>>>>   ALIGNMENT ENDS   >>>>>>>>>>

<<<<<<<<<<  ALIGNMENT BEGINS  <<<<<<<<<<

#  Aligning k-turn_consensus and 5j91_AA:298-300_562-574_879-882:
#  Alignment score:  9.8
#  P-value:  1.000e+00
#  Query aligned region: 0-0,12-12
#  Target aligned region: 15:'AA'575-15:'AA'575,16:'AA'880-16:'AA'880

	G...C
	G...C

#  Matched base-pairing interactions: 
	<G(0:)-C(12:) cis W/W>                         MATCHES	<G(15:'AA'575)-C(16:'AA'880) cis W/W>
#  Matched base-stacking interactions: 

>>>>>>>>>>   ALIGNMENT ENDS   >>>>>>>>>>

<<<<<<<<<<  ALIGNMENT BEGINS  <<<<<<<<<<

#  Aligning k-turn_consensus and 5j91_AA:1196-1205_1051-1059:
#  Alignment score:  9.8
#  P-value:  1.000e+00
#  Query aligned region: 0-0,12-12
#  Target aligned region: 0:'AA'1197-0:'AA'1197,18:'AA'1060-18:'AA'1060

	G...C
	A...U

#  Matched base-pairing interactions: 
	<G(0:)-C(12:) cis W/W>                         MATCHES	<A(0:'AA'1197)-U(18:'AA'1060) cis W/W>
#  Matched base-stacking interactions: 

>>>>>>>>>>   ALIGNMENT ENDS   >>>>>>>>>>

<<<<<<<<<<  ALIGNMENT BEGINS  <<<<<<<<<<

#  Aligning k-turn_consensus and 5j91_AA:650-657_747-754_585-587:
#  Alignment score:  9.8
#  P-value:  1.000e+00
#  Query aligned region: 0-0,12-12
#  Target aligned region: 7:'AA'658-7:'AA'658,8:'AA'748-8:'AA'748

	G...C
	C...G

#  Matched base-pairing interactions: 
	<G(0:)-C(12:) cis W/W>                         MATCHES	<C(7:'AA'658)-G(8:'AA'748) cis W/W>
#  Matched base-stacking interactions: 

>>>>>>>>>>   ALIGNMENT ENDS   >>>>>>>>>>

<<<<<<<<<<  ALIGNMENT BEGINS  <<<<<<<<<<

#  Aligning k-turn_consensus and 5j91_AA:585-587_650-657_747-754:
#  Alignment score:  9.8
#  P-value:  1.000e+00
#  Query aligned region: 0-0,12-12
#  Target aligned region: 2:'AA'588-2:'AA'588,3:'AA'651-3:'AA'651

	G...C
	G...C

#  Matched base-pairing interactions: 
	<G(0:)-C(12:) cis W/W>                         MATCHES	<G(2:'AA'588)-C(3:'AA'651) cis W/W>
#  Matched base-stacking interactions: 

>>>>>>>>>>   ALIGNMENT ENDS   >>>>>>>>>>

<<<<<<<<<<  ALIGNMENT BEGINS  <<<<<<<<<<

#  Aligning k-turn_consensus and 5j91_AA:1496-1503_1391-1404_920-923:
#  Alignment score:  9.8
#  P-value:  1.000e+00
#  Query aligned region: 0-0,12-12
#  Target aligned region: 0:'AA'1497-0:'AA'1497,19:'AA'1404-19:'AA'1404

	G...C
	G...C

#  Matched base-pairing interactions: 
	<G(0:)-C(12:) cis W/W>                         MATCHES	<G(0:'AA'1497)-C(19:'AA'1404) cis W/W>
#  Matched base-stacking interactions: 

>>>>>>>>>>   ALIGNMENT ENDS   >>>>>>>>>>

<<<<<<<<<<  ALIGNMENT BEGINS  <<<<<<<<<<

#  Aligning k-turn_consensus and 5j91_AA:1496-1503_920-923_1391-1404:
#  Alignment score:  9.8
#  P-value:  1.000e+00
#  Query aligned region: 0-0,12-12
#  Target aligned region: 10:'AA'923-10:'AA'923,13:'AA'1393-13:'AA'1393

	G...C
	A...U

#  Matched base-pairing interactions: 
	<G(0:)-C(12:) cis W/W>                         MATCHES	<A(10:'AA'923)-U(13:'AA'1393) cis W/W>
#  Matched base-stacking interactions: 

>>>>>>>>>>   ALIGNMENT ENDS   >>>>>>>>>>

<<<<<<<<<<  ALIGNMENT BEGINS  <<<<<<<<<<

#  Aligning k-turn_consensus and 5j91_AA:1360-1365_1355-1359_975-977:
#  Alignment score:  9.8
#  P-value:  1.000e+00
#  Query aligned region: 0-0,12-12
#  Target aligned region: 5:'AA'1366-5:'AA'1366,6:'AA'1356-6:'AA'1356

	G...C
	C...G

#  Matched base-pairing interactions: 
	<G(0:)-C(12:) cis W/W>                         MATCHES	<C(5:'AA'1366)-G(6:'AA'1356) cis W/W>
#  Matched base-stacking interactions: 

>>>>>>>>>>   ALIGNMENT ENDS   >>>>>>>>>>

<<<<<<<<<<  ALIGNMENT BEGINS  <<<<<<<<<<

#  Aligning k-turn_consensus and 5j91_AA:15-17_1078-1082_1073-1077:
#  Alignment score:  9.8
#  P-value:  1.000e+00
#  Query aligned region: 0-0,12-12
#  Target aligned region: 7:'AA'1083-7:'AA'1083,8:'AA'1074-8:'AA'1074

	G...C
	U...G

#  Matched base-pairing interactions: 
	<G(0:)-C(12:) cis W/W>                         MATCHES	<U(7:'AA'1083)-G(8:'AA'1074) cis W/W>
#  Matched base-stacking interactions: 

>>>>>>>>>>   ALIGNMENT ENDS   >>>>>>>>>>

<<<<<<<<<<  ALIGNMENT BEGINS  <<<<<<<<<<

#  Aligning k-turn_consensus and 5j91_AA:1332-1342_940-945_1234-1236:
#  Alignment score:  9.8
#  P-value:  1.000e+00
#  Query aligned region: 0-0,12-12
#  Target aligned region: 7:'AA'1340-7:'AA'1340,13:'AA'943-13:'AA'943

	G...C
	A...U

#  Matched base-pairing interactions: 
	<G(0:)-C(12:) cis W/W>                         MATCHES	<A(7:'AA'1340)-U(13:'AA'943) cis W/W>
#  Matched base-stacking interactions: 

>>>>>>>>>>   ALIGNMENT ENDS   >>>>>>>>>>

<<<<<<<<<<  ALIGNMENT BEGINS  <<<<<<<<<<

#  Aligning k-turn_consensus and 5j91_AA:809-811_899-901_896-898:
#  Alignment score:  9.8
#  P-value:  1.000e+00
#  Query aligned region: 0-0,12-12
#  Target aligned region: 5:'AA'902-5:'AA'902,6:'AA'897-6:'AA'897

	G...C
	G...C

#  Matched base-pairing interactions: 
	<G(0:)-C(12:) cis W/W>                         MATCHES	<G(5:'AA'902)-C(6:'AA'897) cis W/W>
#  Matched base-stacking interactions: 

>>>>>>>>>>   ALIGNMENT ENDS   >>>>>>>>>>

<<<<<<<<<<  ALIGNMENT BEGINS  <<<<<<<<<<

#  Aligning k-turn_consensus and 5j91_AA:650-658_745-754_586-587:
#  Alignment score:  9.8
#  P-value:  1.000e+00
#  Query aligned region: 0-0,12-12
#  Target aligned region: 8:'AA'659-8:'AA'659,9:'AA'746-9:'AA'746

	G...C
	U...A

#  Matched base-pairing interactions: 
	<G(0:)-C(12:) cis W/W>                         MATCHES	<U(8:'AA'659)-A(9:'AA'746) cis W/W>
#  Matched base-stacking interactions: 

>>>>>>>>>>   ALIGNMENT ENDS   >>>>>>>>>>

<<<<<<<<<<  ALIGNMENT BEGINS  <<<<<<<<<<

#  Aligning k-turn_consensus and 5j91_AA:1230-1235_945-950_960-973:
#  Alignment score:  9.6
#  P-value:  1.000e+00
#  Query aligned region: 0-1,11-12
#  Target aligned region: 13:'AA'962-24:'AA'973

	GG...AC
	CG...CG

#  Matched base-pairing interactions: 
	<G(1:)-A(11:) trans S/H>                       MATCHES	<G(14:'AA'963)-C(23:'AA'972) cis W/W>
	<G(0:)-C(12:) cis W/W>                         MATCHES	<C(13:'AA'962)-G(24:'AA'973) cis W/W>
#  Matched base-stacking interactions: 

>>>>>>>>>>   ALIGNMENT ENDS   >>>>>>>>>>

<<<<<<<<<<  ALIGNMENT BEGINS  <<<<<<<<<<

#  Aligning k-turn_consensus and 5j91_AA:105-110_319-332_59-60:
#  Alignment score:  9.4
#  P-value:  1.000e+00
#  Query aligned region: 0-1,11-12
#  Target aligned region: 0:'AA'106-1:'AA'107,20:'AA'60-21:'AA'61

	GG...AC
	CG...AG

#  Matched base-pairing interactions: 
	<G(1:)-A(11:) trans S/H>                       MATCHES	<G(1:'AA'107)-A(20:'AA'60) cis -/->
	<G(0:)-C(12:) cis W/W>                         MATCHES	<C(0:'AA'106)-G(21:'AA'61) cis W/W>
#  Matched base-stacking interactions: 

>>>>>>>>>>   ALIGNMENT ENDS   >>>>>>>>>>

<<<<<<<<<<  ALIGNMENT BEGINS  <<<<<<<<<<

#  Aligning k-turn_consensus and 5j91_AA:45-58_351-356_361-367:
#  Alignment score:  9
#  P-value:  1.000e+00
#  Query aligned region: 0-0,12-12
#  Target aligned region: 12:'AA'58-12:'AA'58,16:'AA'354-16:'AA'354

	G...C
	C...G

#  Matched base-pairing interactions: 
	<G(0:)-C(12:) cis W/W>                         MATCHES	<C(12:'AA'58)-G(16:'AA'354) cis W/W>
#  Matched base-stacking interactions: 

>>>>>>>>>>   ALIGNMENT ENDS   >>>>>>>>>>

<<<<<<<<<<  ALIGNMENT BEGINS  <<<<<<<<<<

#  Aligning k-turn_consensus and 5j91_AA:492-498_436-440_403-405:
#  Alignment score:  7.4
#  P-value:  1.000e+00
#  Query aligned region: 0-0,12-12
#  Target aligned region: 4:'AA'497-4:'AA'497,10:'AA'440-10:'AA'440

	G...C
	G...C

#  Matched base-pairing interactions: 
	<G(0:)-C(12:) cis W/W>                         MATCHES	<G(4:'AA'497)-C(10:'AA'440) cis W/W>
#  Matched base-stacking interactions: 

>>>>>>>>>>   ALIGNMENT ENDS   >>>>>>>>>>

