$ /home/s081p868/scratch/RNAMotifScanX-release/bin/scan /home/s081p868/scratch/RNAMotifScanX-release/models/e-loop_consensus.struct /rfs/poseidon_share/s081p868/RNAMotifScanX_nr/rmsx_work_default/4v7v/CA/4v7v_CA.rmsx.in --map_pdb=/rfs/poseidon_share/s081p868/RNAMotifScanX_nr/rmsx_work_default/4v7v/CA/4v7v_CA.rmsx.nch --pvalue 1.0 --num_threads 16 --write_alignment
<<<<<<<<<<  ALIGNMENT BEGINS  <<<<<<<<<<

#  Aligning Eloop_consensus and 4v7v_CA:697-703_683-686:
#  Alignment score:  73.2
#  P-value:  8.845e-03
#  Query aligned region: 0-2,3-5
#  Target aligned region: 4:'CA'703-6:'CA'705,7:'CA'685-9:'CA'687

	GAG...GUA
	GAG...GUA

#  Matched base-pairing interactions: 
	<G(2:)-G(3:) trans H/S>                        MATCHES	<G(6:'CA'705)-G(7:'CA'685) trans H/S>
	<A(1:)-U(4:) trans H/W>                        MATCHES	<A(5:'CA'704)-U(8:'CA'686) trans H/W>
	<G(0:)-A(5:) trans S/H>                        MATCHES	<G(4:'CA'703)-A(9:'CA'687) trans S/H>
#  Matched base-stacking interactions: 

>>>>>>>>>>   ALIGNMENT ENDS   >>>>>>>>>>

<<<<<<<<<<  ALIGNMENT BEGINS  <<<<<<<<<<

#  Aligning Eloop_consensus and 4v7v_CA:778-781_797-800:
#  Alignment score:  61.8
#  P-value:  1.299e-02
#  Query aligned region: 0-2,3-5
#  Target aligned region: 0:'CA'780-2:'CA'782,5:'CA'800-7:'CA'802

	GAG...GUA
	AAA...GUA

#  Matched base-pairing interactions: 
	<G(2:)-G(3:) trans H/S>                        MATCHES	<A(2:'CA'782)-G(5:'CA'800) trans H/S>
	<A(1:)-U(4:) trans H/W>                        MATCHES	<A(1:'CA'781)-U(6:'CA'801) trans H/W>
	<G(0:)-A(5:) trans S/H>                        MATCHES	<A(0:'CA'780)-A(7:'CA'802) trans S/H>
#  Matched base-stacking interactions: 

>>>>>>>>>>   ALIGNMENT ENDS   >>>>>>>>>>

<<<<<<<<<<  ALIGNMENT BEGINS  <<<<<<<<<<

#  Aligning Eloop_consensus and 4v7v_CA:755-758_579-582:
#  Alignment score:  60.6
#  P-value:  1.359e-02
#  Query aligned region: 0-2,3-5
#  Target aligned region: 1:'CA'758-3:'CA'760,4:'CA'581-6:'CA'583

	GAG...GUA
	CAG...GCA

#  Matched base-pairing interactions: 
	<G(2:)-G(3:) trans H/S>                        MATCHES	<G(3:'CA'760)-G(4:'CA'581) trans H/S>
	<A(1:)-U(4:) trans H/W>                        MATCHES	<A(2:'CA'759)-C(5:'CA'582) trans H/W>
	<G(0:)-A(5:) trans S/H>                        MATCHES	<C(1:'CA'758)-A(6:'CA'583) trans S/H>
#  Matched base-stacking interactions: 

>>>>>>>>>>   ALIGNMENT ENDS   >>>>>>>>>>

<<<<<<<<<<  ALIGNMENT BEGINS  <<<<<<<<<<

#  Aligning Eloop_consensus and 4v7v_CA:866-870_825-826_856-859:
#  Alignment score:  58.4
#  P-value:  1.480e-02
#  Query aligned region: 0-2,3-5
#  Target aligned region: 1:'CA'869-2:'CA'870,6:'CA'828-6:'CA'828,7:'CA'858-9:'CA'860

	GA~G...GUA
	GU~U...GGA

#  Matched base-pairing interactions: 
	<A(1:)-U(4:) trans H/W>                        MATCHES	<U(2:'CA'870)-G(8:'CA'859) trans H/W>
	<G(2:)-G(3:) trans H/S>                        MATCHES	<U(6:'CA'828)-G(7:'CA'858) trans H/S>
	<G(0:)-A(5:) trans S/H>                        MATCHES	<G(1:'CA'869)-A(9:'CA'860) trans S/H>
#  Matched base-stacking interactions: 

>>>>>>>>>>   ALIGNMENT ENDS   >>>>>>>>>>

<<<<<<<<<<  ALIGNMENT BEGINS  <<<<<<<<<<

#  Aligning Eloop_consensus and 4v7v_CA:444-446_484-486:
#  Alignment score:  49.4
#  P-value:  2.192e-02
#  Query aligned region: 0-1,4-5
#  Target aligned region: 1:'CA'447-2:'CA'448,3:'CA'486-4:'CA'487

	GA...UA
	GA...UA

#  Matched base-pairing interactions: 
	<A(1:)-U(4:) trans H/W>                        MATCHES	<A(2:'CA'448)-U(3:'CA'486) trans H/W>
	<G(0:)-A(5:) trans S/H>                        MATCHES	<G(1:'CA'447)-A(4:'CA'487) trans S/H>
#  Matched base-stacking interactions: 

>>>>>>>>>>   ALIGNMENT ENDS   >>>>>>>>>>

<<<<<<<<<<  ALIGNMENT BEGINS  <<<<<<<<<<

#  Aligning Eloop_consensus and 4v7v_CA:1369-1372_1345-1350_1286-1287:
#  Alignment score:  48.6
#  P-value:  2.280e-02
#  Query aligned region: 0-1,4-5
#  Target aligned region: 2:'CA'1373-3:'CA'1374,5:'CA'1348-6:'CA'1349

	GA...UA
	GA...UA

#  Matched base-pairing interactions: 
	<A(1:)-U(4:) trans H/W>                        MATCHES	<A(3:'CA'1374)-U(5:'CA'1348) trans H/W>
	<G(0:)-A(5:) trans S/H>                        MATCHES	<G(2:'CA'1373)-A(6:'CA'1349) trans S/H>
#  Matched base-stacking interactions: 

>>>>>>>>>>   ALIGNMENT ENDS   >>>>>>>>>>

<<<<<<<<<<  ALIGNMENT BEGINS  <<<<<<<<<<

#  Aligning Eloop_consensus and 4v7v_CA:903-905_888-892:
#  Alignment score:  43.4
#  P-value:  2.998e-02
#  Query aligned region: 0-1,4-5
#  Target aligned region: 1:'CA'906-2:'CA'907,4:'CA'891-5:'CA'892

	GA...UA
	AA...UA

#  Matched base-pairing interactions: 
	<A(1:)-U(4:) trans H/W>                        MATCHES	<A(2:'CA'907)-U(4:'CA'891) trans H/W>
	<G(0:)-A(5:) trans S/H>                        MATCHES	<A(1:'CA'906)-A(5:'CA'892) trans S/H>
#  Matched base-stacking interactions: 

>>>>>>>>>>   ALIGNMENT ENDS   >>>>>>>>>>

<<<<<<<<<<  ALIGNMENT BEGINS  <<<<<<<<<<

#  Aligning Eloop_consensus and 4v7v_CA:1329-1332_1298-1304:
#  Alignment score:  39
#  P-value:  3.908e-02
#  Query aligned region: 0-2,3-5
#  Target aligned region: 0:'CA'1331-2:'CA'1333,8:'CA'1304-10:'CA'1306

	GAG...GUA
	GAA...GGA

#  Matched base-pairing interactions: 
	<G(2:)-G(3:) trans H/S>                        MATCHES	<A(2:'CA'1333)-G(8:'CA'1304) trans H/S>
	<A(1:)-U(4:) trans H/W>                        MATCHES	<A(1:'CA'1332)-G(9:'CA'1305) trans H/S>
	<G(0:)-A(5:) trans S/H>                        MATCHES	<G(0:'CA'1331)-A(10:'CA'1306) trans S/H>
#  Matched base-stacking interactions: 

>>>>>>>>>>   ALIGNMENT ENDS   >>>>>>>>>>

<<<<<<<<<<  ALIGNMENT BEGINS  <<<<<<<<<<

#  Aligning Eloop_consensus and 4v7v_CA:885-889_906-908:
#  Alignment score:  30.8
#  P-value:  7.219e-02
#  Query aligned region: 0-2,3-5
#  Target aligned region: 1:'CA'888-4:'CA'891,5:'CA'908-6:'CA'909

	GAG...G~UA
	GAG...U~AA

#  Matched base-pairing interactions: 
	<G(2:)-G(3:) trans H/S>                        MATCHES	<G(3:'CA'890)-U(4:'CA'891) cis S/H>
	<A(1:)-U(4:) trans H/W>                        MATCHES	<A(2:'CA'889)-A(5:'CA'908) trans H/H>
	<G(0:)-A(5:) trans S/H>                        MATCHES	<G(1:'CA'888)-A(6:'CA'909) trans S/H>
#  Matched base-stacking interactions: 

>>>>>>>>>>   ALIGNMENT ENDS   >>>>>>>>>>

<<<<<<<<<<  ALIGNMENT BEGINS  <<<<<<<<<<

#  Aligning Eloop_consensus and 4v7v_CA:692-695_688-690_784-785:
#  Alignment score:  30.5
#  P-value:  7.412e-02
#  Query aligned region: 0-2,3-5
#  Target aligned region: 1:'CA'695-3:'CA'697,4:'CA'690-6:'CA'692

	GAG...GUA
	AAU...GGU

#  Matched base-pairing interactions: 
	<G(2:)-G(3:) trans H/S>                        MATCHES	<U(3:'CA'697)-G(4:'CA'690) trans H/S>
	<A(1:)-U(4:) trans H/W>                        MATCHES	<A(2:'CA'696)-G(5:'CA'691) trans H/S>
	<G(0:)-A(5:) trans S/H>                        MATCHES	<A(1:'CA'695)-U(6:'CA'692) trans H/S>
#  Matched base-stacking interactions: 

>>>>>>>>>>   ALIGNMENT ENDS   >>>>>>>>>>

<<<<<<<<<<  ALIGNMENT BEGINS  <<<<<<<<<<

#  Aligning Eloop_consensus and 4v7v_CA:1480-1484_1413-1416:
#  Alignment score:  30
#  P-value:  7.753e-02
#  Query aligned region: 0-2,3-5
#  Target aligned region: 0:'CA'1482-2:'CA'1484,6:'CA'1416-8:'CA'1418

	GAG...GUA
	GAC...GGA

#  Matched base-pairing interactions: 
	<G(2:)-G(3:) trans H/S>                        MATCHES	<C(2:'CA'1484)-G(6:'CA'1416) cis W/W>
	<A(1:)-U(4:) trans H/W>                        MATCHES	<A(1:'CA'1483)-G(7:'CA'1417) trans H/S>
	<G(0:)-A(5:) trans S/H>                        MATCHES	<G(0:'CA'1482)-A(8:'CA'1418) trans S/H>
#  Matched base-stacking interactions: 

>>>>>>>>>>   ALIGNMENT ENDS   >>>>>>>>>>

<<<<<<<<<<  ALIGNMENT BEGINS  <<<<<<<<<<

#  Aligning Eloop_consensus and 4v7v_CA:1257-1260_1271-1274:
#  Alignment score:  29
#  P-value:  8.507e-02
#  Query aligned region: 0-2,3-5
#  Target aligned region: 1:'CA'1260-3:'CA'1262,4:'CA'1273-6:'CA'1275

	GAG...GUA
	GAC...CAA

#  Matched base-pairing interactions: 
	<G(2:)-G(3:) trans H/S>                        MATCHES	<C(3:'CA'1262)-C(4:'CA'1273) cis -/->
	<A(1:)-U(4:) trans H/W>                        MATCHES	<A(2:'CA'1261)-A(5:'CA'1274) trans H/S>
	<G(0:)-A(5:) trans S/H>                        MATCHES	<G(1:'CA'1260)-A(6:'CA'1275) trans S/H>
#  Matched base-stacking interactions: 

>>>>>>>>>>   ALIGNMENT ENDS   >>>>>>>>>>

<<<<<<<<<<  ALIGNMENT BEGINS  <<<<<<<<<<

#  Aligning Eloop_consensus and 4v7v_CA:1316-1317_1268-1269_1312-1314:
#  Alignment score:  28.2
#  P-value:  9.193e-02
#  Query aligned region: 0-2,3-5
#  Target aligned region: 0:'CA'1318-1:'CA'1319,2:'CA'1270-2:'CA'1270,4:'CA'1314-6:'CA'1316

	GA~G...GUA
	AA~G...CUG

#  Matched base-pairing interactions: 
	<G(2:)-G(3:) trans H/S>                        MATCHES	<G(2:'CA'1270)-C(4:'CA'1314) trans S/S>
	<A(1:)-U(4:) trans H/W>                        MATCHES	<A(1:'CA'1319)-U(5:'CA'1315) trans H/W>
	<G(0:)-A(5:) trans S/H>                        MATCHES	<A(0:'CA'1318)-G(6:'CA'1316) trans S/S>
#  Matched base-stacking interactions: 

>>>>>>>>>>   ALIGNMENT ENDS   >>>>>>>>>>

<<<<<<<<<<  ALIGNMENT BEGINS  <<<<<<<<<<

#  Aligning Eloop_consensus and 4v7v_CA:148-151_166-169_100-101:
#  Alignment score:  28
#  P-value:  9.378e-02
#  Query aligned region: 0-2,3-5
#  Target aligned region: 0:'CA'150-2:'CA'152,5:'CA'169-7:'CA'171

	GAG...GUA
	UAA...CUA

#  Matched base-pairing interactions: 
	<G(2:)-G(3:) trans H/S>                        MATCHES	<A(2:'CA'152)-C(5:'CA'169) trans H/W>
	<A(1:)-U(4:) trans H/W>                        MATCHES	<A(1:'CA'151)-U(6:'CA'170) trans H/W>
	<G(0:)-A(5:) trans S/H>                        MATCHES	<U(0:'CA'150)-A(7:'CA'171) trans W/H>
#  Matched base-stacking interactions: 

>>>>>>>>>>   ALIGNMENT ENDS   >>>>>>>>>>

<<<<<<<<<<  ALIGNMENT BEGINS  <<<<<<<<<<

#  Aligning Eloop_consensus and 4v7v_CA:554-559_23-25:
#  Alignment score:  28
#  P-value:  9.378e-02
#  Query aligned region: 0-1,4-5
#  Target aligned region: 2:'CA'558-3:'CA'559,6:'CA'25-7:'CA'26

	GA...UA
	GA...CA

#  Matched base-pairing interactions: 
	<A(1:)-U(4:) trans H/W>                        MATCHES	<A(3:'CA'559)-C(6:'CA'25) trans W/H>
	<G(0:)-A(5:) trans S/H>                        MATCHES	<G(2:'CA'558)-A(7:'CA'26) trans S/H>
#  Matched base-stacking interactions: 

>>>>>>>>>>   ALIGNMENT ENDS   >>>>>>>>>>

<<<<<<<<<<  ALIGNMENT BEGINS  <<<<<<<<<<

#  Aligning Eloop_consensus and 4v7v_CA:1429-1432_317-318_1465-1467:
#  Alignment score:  27.2
#  P-value:  1.017e-01
#  Query aligned region: 0-2,3-5
#  Target aligned region: 1:'CA'1432-3:'CA'1434,5:'CA'320-5:'CA'320,6:'CA'1467-7:'CA'1468

	GAG...G~UA
	GAA...A~CA

#  Matched base-pairing interactions: 
	<G(2:)-G(3:) trans H/S>                        MATCHES	<A(3:'CA'1434)-A(5:'CA'320) trans S/S>
	<A(1:)-U(4:) trans H/W>                        MATCHES	<A(2:'CA'1433)-C(6:'CA'1467) trans H/S>
	<G(0:)-A(5:) trans S/H>                        MATCHES	<G(1:'CA'1432)-A(7:'CA'1468) trans S/H>
#  Matched base-stacking interactions: 

>>>>>>>>>>   ALIGNMENT ENDS   >>>>>>>>>>

<<<<<<<<<<  ALIGNMENT BEGINS  <<<<<<<<<<

#  Aligning Eloop_consensus and 4v7v_CA:1074-1076_13-16_1077-1079:
#  Alignment score:  27.2
#  P-value:  1.017e-01
#  Query aligned region: 0-1,4-5
#  Target aligned region: 1:'CA'1077-2:'CA'1078,6:'CA'18-6:'CA'18,8:'CA'1080-8:'CA'1080

	GA...U~A
	GU...C~A

#  Matched base-pairing interactions: 
	<G(0:)-A(5:) trans S/H>                        MATCHES	<G(1:'CA'1077)-A(8:'CA'1080) trans S/H>
	<A(1:)-U(4:) trans H/W>                        MATCHES	<U(2:'CA'1078)-C(6:'CA'18) cis -/->
#  Matched base-stacking interactions: 

>>>>>>>>>>   ALIGNMENT ENDS   >>>>>>>>>>

<<<<<<<<<<  ALIGNMENT BEGINS  <<<<<<<<<<

#  Aligning Eloop_consensus and 4v7v_CA:526-528_514-519:
#  Alignment score:  27
#  P-value:  1.039e-01
#  Query aligned region: 0-1,4-5
#  Target aligned region: 1:'CA'529-1:'CA'529,3:'CA'516-7:'CA'520

	G~A...UA
	G~U...CA

#  Matched base-pairing interactions: 
	<G(0:)-A(5:) trans S/H>                        MATCHES	<G(1:'CA'529)-A(7:'CA'520) trans S/H>
	<A(1:)-U(4:) trans H/W>                        MATCHES	<U(3:'CA'516)-C(6:'CA'519) cis -/->
#  Matched base-stacking interactions: 

>>>>>>>>>>   ALIGNMENT ENDS   >>>>>>>>>>

<<<<<<<<<<  ALIGNMENT BEGINS  <<<<<<<<<<

#  Aligning Eloop_consensus and 4v7v_CA:896-897_767-768_898-900:
#  Alignment score:  26.8
#  P-value:  1.061e-01
#  Query aligned region: 0-1,4-5
#  Target aligned region: 0:'CA'898-0:'CA'898,2:'CA'769-2:'CA'769,4:'CA'900-5:'CA'901

	G~A...UA
	G~G...AA

#  Matched base-pairing interactions: 
	<G(0:)-A(5:) trans S/H>                        MATCHES	<G(0:'CA'898)-A(5:'CA'901) trans S/H>
	<A(1:)-U(4:) trans H/W>                        MATCHES	<G(2:'CA'769)-A(4:'CA'900) cis S/W>
#  Matched base-stacking interactions: 

>>>>>>>>>>   ALIGNMENT ENDS   >>>>>>>>>>

<<<<<<<<<<  ALIGNMENT BEGINS  <<<<<<<<<<

#  Aligning Eloop_consensus and 4v7v_CA:492-496_402-404_435-438:
#  Alignment score:  26.4
#  P-value:  1.108e-01
#  Query aligned region: 1-2,3-4
#  Target aligned region: 1:'CA'495-1:'CA'495,6:'CA'405-7:'CA'406,8:'CA'437-8:'CA'437

	A~G...G~U
	A~U...G~U

#  Matched base-pairing interactions: 
	<A(1:)-U(4:) trans H/W>                        MATCHES	<A(1:'CA'495)-U(8:'CA'437) trans H/W>
	<G(2:)-G(3:) trans H/S>                        MATCHES	<U(6:'CA'405)-G(7:'CA'406) trans S/S>
#  Matched base-stacking interactions: 

>>>>>>>>>>   ALIGNMENT ENDS   >>>>>>>>>>

<<<<<<<<<<  ALIGNMENT BEGINS  <<<<<<<<<<

#  Aligning Eloop_consensus and 4v7v_CA:448-452_476-481_371-372:
#  Alignment score:  26
#  P-value:  1.157e-01
#  Query aligned region: 0-2,3-5
#  Target aligned region: 1:'CA'451-3:'CA'453,6:'CA'479-7:'CA'480,12:'CA'374-12:'CA'374

	GAG...GU~A
	AAG...UU~A

#  Matched base-pairing interactions: 
	<G(2:)-G(3:) trans H/S>                        MATCHES	<G(3:'CA'453)-U(6:'CA'479) cis W/W>
	<G(0:)-A(5:) trans S/H>                        MATCHES	<A(1:'CA'451)-A(12:'CA'374) cis H/S>
	<A(1:)-U(4:) trans H/W>                        MATCHES	<A(2:'CA'452)-U(7:'CA'480) trans H/W>
#  Matched base-stacking interactions: 

>>>>>>>>>>   ALIGNMENT ENDS   >>>>>>>>>>

<<<<<<<<<<  ALIGNMENT BEGINS  <<<<<<<<<<

#  Aligning Eloop_consensus and 4v7v_CA:116-120_237-238_284-287:
#  Alignment score:  26
#  P-value:  1.157e-01
#  Query aligned region: 0-2,3-5
#  Target aligned region: 1:'CA'119-4:'CA'122,5:'CA'239-5:'CA'239,8:'CA'287-8:'CA'287

	GAG...G~U~A
	AAU...G~U~U

#  Matched base-pairing interactions: 
	<G(2:)-G(3:) trans H/S>                        MATCHES	<U(3:'CA'121)-G(4:'CA'122) cis S/H>
	<G(0:)-A(5:) trans S/H>                        MATCHES	<A(1:'CA'119)-U(8:'CA'287) trans H/W>
	<A(1:)-U(4:) trans H/W>                        MATCHES	<A(2:'CA'120)-U(5:'CA'239) trans H/W>
#  Matched base-stacking interactions: 

>>>>>>>>>>   ALIGNMENT ENDS   >>>>>>>>>>

<<<<<<<<<<  ALIGNMENT BEGINS  <<<<<<<<<<

#  Aligning Eloop_consensus and 4v7v_CA:192-194_140-142_177-182:
#  Alignment score:  25.2
#  P-value:  1.267e-01
#  Query aligned region: 1-2,3-4
#  Target aligned region: 1:'CA'195-1:'CA'195,4:'CA'143-5:'CA'144,7:'CA'180-7:'CA'180

	A~G...G~U
	A~A...G~U

#  Matched base-pairing interactions: 
	<A(1:)-U(4:) trans H/W>                        MATCHES	<A(1:'CA'195)-U(7:'CA'180) trans H/W>
	<G(2:)-G(3:) trans H/S>                        MATCHES	<A(4:'CA'143)-G(5:'CA'144) trans S/H>
#  Matched base-stacking interactions: 

>>>>>>>>>>   ALIGNMENT ENDS   >>>>>>>>>>

<<<<<<<<<<  ALIGNMENT BEGINS  <<<<<<<<<<

#  Aligning Eloop_consensus and 4v7v_CA:789-793_692-693_785-787:
#  Alignment score:  24.9
#  P-value:  1.313e-01
#  Query aligned region: 0-2,3-5
#  Target aligned region: 1:'CA'792-3:'CA'794,5:'CA'694-5:'CA'694,7:'CA'787-9:'CA'789

	G-A~G...GUA
	AUA~A...AUU

#  Matched base-pairing interactions: 
	<G(0:)-A(5:) trans S/H>                        MATCHES	<A(1:'CA'792)-U(9:'CA'789) cis -/->
	<A(1:)-U(4:) trans H/W>                        MATCHES	<A(3:'CA'794)-U(8:'CA'788) trans H/W>
	<G(2:)-G(3:) trans H/S>                        MATCHES	<A(5:'CA'694)-A(7:'CA'787) cis -/->
#  Matched base-stacking interactions: 

>>>>>>>>>>   ALIGNMENT ENDS   >>>>>>>>>>

<<<<<<<<<<  ALIGNMENT BEGINS  <<<<<<<<<<

#  Aligning Eloop_consensus and 4v7v_CA:940-943_1335-1340:
#  Alignment score:  24.6
#  P-value:  1.360e-01
#  Query aligned region: 0-0,5-5
#  Target aligned region: 2:'CA'944-2:'CA'944,6:'CA'1339-6:'CA'1339

	G...A
	G...A

#  Matched base-pairing interactions: 
	<G(0:)-A(5:) trans S/H>                        MATCHES	<G(2:'CA'944)-A(6:'CA'1339) trans S/H>
#  Matched base-stacking interactions: 

>>>>>>>>>>   ALIGNMENT ENDS   >>>>>>>>>>

<<<<<<<<<<  ALIGNMENT BEGINS  <<<<<<<<<<

#  Aligning Eloop_consensus and 4v7v_CA:14-20_10-12_912-915:
#  Alignment score:  24.6
#  P-value:  1.360e-01
#  Query aligned region: 0-1,4-5
#  Target aligned region: 5:'CA'21-6:'CA'22,7:'CA'12-7:'CA'12,10:'CA'914-10:'CA'914

	GA...U~A
	GG...U~A

#  Matched base-pairing interactions: 
	<G(0:)-A(5:) trans S/H>                        MATCHES	<G(5:'CA'21)-A(10:'CA'914) trans S/H>
	<A(1:)-U(4:) trans H/W>                        MATCHES	<G(6:'CA'22)-U(7:'CA'12) cis W/W>
#  Matched base-stacking interactions: 

>>>>>>>>>>   ALIGNMENT ENDS   >>>>>>>>>>

<<<<<<<<<<  ALIGNMENT BEGINS  <<<<<<<<<<

#  Aligning Eloop_consensus and 4v7v_CA:1163-1169:
#  Alignment score:  24.6
#  P-value:  1.360e-01
#  Query aligned region: 0-0,5-5
#  Target aligned region: 1:'CA'1166-5:'CA'1170

	G...A
	G...A

#  Matched base-pairing interactions: 
	<G(0:)-A(5:) trans S/H>                        MATCHES	<G(1:'CA'1166)-A(5:'CA'1170) trans S/H>
#  Matched base-stacking interactions: 

>>>>>>>>>>   ALIGNMENT ENDS   >>>>>>>>>>

<<<<<<<<<<  ALIGNMENT BEGINS  <<<<<<<<<<

#  Aligning Eloop_consensus and 4v7v_CA:184-189:
#  Alignment score:  24.6
#  P-value:  1.360e-01
#  Query aligned region: 0-0,5-5
#  Target aligned region: 1:'CA'187-4:'CA'190

	G...A
	G...A

#  Matched base-pairing interactions: 
	<G(0:)-A(5:) trans S/H>                        MATCHES	<G(1:'CA'187)-A(4:'CA'190) trans S/H>
#  Matched base-stacking interactions: 

>>>>>>>>>>   ALIGNMENT ENDS   >>>>>>>>>>

<<<<<<<<<<  ALIGNMENT BEGINS  <<<<<<<<<<

#  Aligning Eloop_consensus and 4v7v_CA:406-411_427-433:
#  Alignment score:  23.8
#  P-value:  1.501e-01
#  Query aligned region: 0-0,5-5
#  Target aligned region: 2:'CA'410-2:'CA'410,9:'CA'432-9:'CA'432

	G...A
	G...A

#  Matched base-pairing interactions: 
	<G(0:)-A(5:) trans S/H>                        MATCHES	<G(2:'CA'410)-A(9:'CA'432) trans S/H>
#  Matched base-stacking interactions: 

>>>>>>>>>>   ALIGNMENT ENDS   >>>>>>>>>>

<<<<<<<<<<  ALIGNMENT BEGINS  <<<<<<<<<<

#  Aligning Eloop_consensus and 4v7v_CA:322-325_105-108_58-59:
#  Alignment score:  23
#  P-value:  1.665e-01
#  Query aligned region: 0-0,5-5
#  Target aligned region: 0:'CA'324-0:'CA'324,6:'CA'109-6:'CA'109

	G...A
	G...A

#  Matched base-pairing interactions: 
	<G(0:)-A(5:) trans S/H>                        MATCHES	<G(0:'CA'324)-A(6:'CA'109) trans S/H>
#  Matched base-stacking interactions: 

>>>>>>>>>>   ALIGNMENT ENDS   >>>>>>>>>>

<<<<<<<<<<  ALIGNMENT BEGINS  <<<<<<<<<<

#  Aligning Eloop_consensus and 4v7v_CA:923-925_1499-1504_790-792:
#  Alignment score:  23
#  P-value:  1.665e-01
#  Query aligned region: 2-2,3-3
#  Target aligned region: 8:'CA'1506-8:'CA'1506,11:'CA'794-11:'CA'794

	G...G
	U...A

#  Matched base-pairing interactions: 
	<G(2:)-G(3:) trans H/S>                        MATCHES	<U(8:'CA'1506)-A(11:'CA'794) trans H/S>
#  Matched base-stacking interactions: 

>>>>>>>>>>   ALIGNMENT ENDS   >>>>>>>>>>

<<<<<<<<<<  ALIGNMENT BEGINS  <<<<<<<<<<

#  Aligning Eloop_consensus and 4v7v_CA:1100-1103_1069-1071_1082-1084:
#  Alignment score:  22.4
#  P-value:  1.807e-01
#  Query aligned region: 1-2,3-4
#  Target aligned region: 4:'CA'1071-5:'CA'1072,7:'CA'1084-8:'CA'1085

	AG...GU
	CG...GU

#  Matched base-pairing interactions: 
	<G(2:)-G(3:) trans H/S>                        MATCHES	<G(5:'CA'1072)-G(7:'CA'1084) trans H/S>
	<A(1:)-U(4:) trans H/W>                        MATCHES	<C(4:'CA'1071)-U(8:'CA'1085) cis H/H>
#  Matched base-stacking interactions: 

>>>>>>>>>>   ALIGNMENT ENDS   >>>>>>>>>>

<<<<<<<<<<  ALIGNMENT BEGINS  <<<<<<<<<<

#  Aligning Eloop_consensus and 4v7v_CA:1235-1239_1332-1335_1297-1301:
#  Alignment score:  22.4
#  P-value:  1.807e-01
#  Query aligned region: 1-2,3-4
#  Target aligned region: 1:'CA'1238-1:'CA'1238,6:'CA'1335-7:'CA'1336,11:'CA'1301-11:'CA'1301

	A~G...G~U
	A~U...C~U

#  Matched base-pairing interactions: 
	<A(1:)-U(4:) trans H/W>                        MATCHES	<A(1:'CA'1238)-U(11:'CA'1301) trans H/W>
	<G(2:)-G(3:) trans H/S>                        MATCHES	<U(6:'CA'1335)-C(7:'CA'1336) trans S/S>
#  Matched base-stacking interactions: 

>>>>>>>>>>   ALIGNMENT ENDS   >>>>>>>>>>

<<<<<<<<<<  ALIGNMENT BEGINS  <<<<<<<<<<

#  Aligning Eloop_consensus and 4v7v_CA:800-804_772-777:
#  Alignment score:  22.2
#  P-value:  1.858e-01
#  Query aligned region: 2-2,3-3
#  Target aligned region: 1:'CA'803-1:'CA'803,7:'CA'776-7:'CA'776

	G...G
	G...G

#  Matched base-pairing interactions: 
	<G(2:)-G(3:) trans H/S>                        MATCHES	<G(1:'CA'803)-G(7:'CA'776) trans H/S>
#  Matched base-stacking interactions: 

>>>>>>>>>>   ALIGNMENT ENDS   >>>>>>>>>>

<<<<<<<<<<  ALIGNMENT BEGINS  <<<<<<<<<<

#  Aligning Eloop_consensus and 4v7v_CA:354-357_51-54:
#  Alignment score:  22.2
#  P-value:  1.858e-01
#  Query aligned region: 0-0,5-5
#  Target aligned region: 1:'CA'357-1:'CA'357,6:'CA'55-6:'CA'55

	G...A
	G...A

#  Matched base-pairing interactions: 
	<G(0:)-A(5:) trans S/H>                        MATCHES	<G(1:'CA'357)-A(6:'CA'55) trans S/H>
#  Matched base-stacking interactions: 

>>>>>>>>>>   ALIGNMENT ENDS   >>>>>>>>>>

<<<<<<<<<<  ALIGNMENT BEGINS  <<<<<<<<<<

#  Aligning Eloop_consensus and 4v7v_CA:1041-1044_990-996:
#  Alignment score:  22.2
#  P-value:  1.858e-01
#  Query aligned region: 1-1,4-4
#  Target aligned region: 1:'CA'1044-1:'CA'1044,4:'CA'992-4:'CA'992

	A...U
	A...U

#  Matched base-pairing interactions: 
	<A(1:)-U(4:) trans H/W>                        MATCHES	<A(1:'CA'1044)-U(4:'CA'992) trans H/W>
#  Matched base-stacking interactions: 

>>>>>>>>>>   ALIGNMENT ENDS   >>>>>>>>>>

<<<<<<<<<<  ALIGNMENT BEGINS  <<<<<<<<<<

#  Aligning Eloop_consensus and 4v7v_CA:156-162:
#  Alignment score:  22.2
#  P-value:  1.858e-01
#  Query aligned region: 0-0,5-5
#  Target aligned region: 1:'CA'159-4:'CA'162

	G...A
	G...A

#  Matched base-pairing interactions: 
	<G(0:)-A(5:) trans S/H>                        MATCHES	<G(1:'CA'159)-A(4:'CA'162) trans S/H>
#  Matched base-stacking interactions: 

>>>>>>>>>>   ALIGNMENT ENDS   >>>>>>>>>>

<<<<<<<<<<  ALIGNMENT BEGINS  <<<<<<<<<<

#  Aligning Eloop_consensus and 4v7v_CA:762-766_1508-1510_809-814:
#  Alignment score:  21.6
#  P-value:  2.025e-01
#  Query aligned region: 1-2,3-4
#  Target aligned region: 2:'CA'766-3:'CA'767,6:'CA'1511-6:'CA'1511,10:'CA'813-10:'CA'813

	AG...G~U
	AA...G~U

#  Matched base-pairing interactions: 
	<A(1:)-U(4:) trans H/W>                        MATCHES	<A(2:'CA'766)-U(10:'CA'813) trans H/W>
	<G(2:)-G(3:) trans H/S>                        MATCHES	<A(3:'CA'767)-G(6:'CA'1511) trans S/S>
#  Matched base-stacking interactions: 

>>>>>>>>>>   ALIGNMENT ENDS   >>>>>>>>>>

<<<<<<<<<<  ALIGNMENT BEGINS  <<<<<<<<<<

#  Aligning Eloop_consensus and 4v7v_CA:1343-1344_1373-1375_1376-1377:
#  Alignment score:  21.4
#  P-value:  2.086e-01
#  Query aligned region: 0-0,5-5
#  Target aligned region: 4:'CA'1377-4:'CA'1377,5:'CA'1378-5:'CA'1378

	G...A
	A...C

#  Matched base-pairing interactions: 
	<G(0:)-A(5:) trans S/H>                        MATCHES	<A(4:'CA'1377)-C(5:'CA'1378) trans S/H>
#  Matched base-stacking interactions: 

>>>>>>>>>>   ALIGNMENT ENDS   >>>>>>>>>>

<<<<<<<<<<  ALIGNMENT BEGINS  <<<<<<<<<<

#  Aligning Eloop_consensus and 4v7v_CA:325-330_319-321:
#  Alignment score:  21.4
#  P-value:  2.086e-01
#  Query aligned region: 1-1,4-4
#  Target aligned region: 0:'CA'327-0:'CA'327,8:'CA'323-8:'CA'323

	A...U
	A...U

#  Matched base-pairing interactions: 
	<A(1:)-U(4:) trans H/W>                        MATCHES	<A(0:'CA'327)-U(8:'CA'323) trans H/W>
#  Matched base-stacking interactions: 

>>>>>>>>>>   ALIGNMENT ENDS   >>>>>>>>>>

<<<<<<<<<<  ALIGNMENT BEGINS  <<<<<<<<<<

#  Aligning Eloop_consensus and 4v7v_CA:891-892_279-282_240-244:
#  Alignment score:  20.6
#  P-value:  2.358e-01
#  Query aligned region: 0-0,5-5
#  Target aligned region: 2:'CA'281-2:'CA'281,10:'CA'246-10:'CA'246

	G...A
	G...A

#  Matched base-pairing interactions: 
	<G(0:)-A(5:) trans S/H>                        MATCHES	<G(2:'CA'281)-A(10:'CA'246) trans S/H>
#  Matched base-stacking interactions: 

>>>>>>>>>>   ALIGNMENT ENDS   >>>>>>>>>>

<<<<<<<<<<  ALIGNMENT BEGINS  <<<<<<<<<<

#  Aligning Eloop_consensus and 4v7v_CA:1458-1459_1438-1440:
#  Alignment score:  19.8
#  P-value:  2.688e-01
#  Query aligned region: 0-0,5-5
#  Target aligned region: 1:'CA'1461-1:'CA'1461,3:'CA'1441-3:'CA'1441

	G...A
	G...A

#  Matched base-pairing interactions: 
	<G(0:)-A(5:) trans S/H>                        MATCHES	<G(1:'CA'1461)-A(3:'CA'1441) trans S/H>
#  Matched base-stacking interactions: 

>>>>>>>>>>   ALIGNMENT ENDS   >>>>>>>>>>

<<<<<<<<<<  ALIGNMENT BEGINS  <<<<<<<<<<

#  Aligning Eloop_consensus and 4v7v_CA:306-307_290-291_302-303:
#  Alignment score:  18.2
#  P-value:  3.594e-01
#  Query aligned region: 2-2,3-3
#  Target aligned region: 2:'CA'292-2:'CA'292,5:'CA'305-5:'CA'305

	G...G
	G...G

#  Matched base-pairing interactions: 
	<G(2:)-G(3:) trans H/S>                        MATCHES	<G(2:'CA'292)-G(5:'CA'305) trans H/S>
#  Matched base-stacking interactions: 

>>>>>>>>>>   ALIGNMENT ENDS   >>>>>>>>>>

<<<<<<<<<<  ALIGNMENT BEGINS  <<<<<<<<<<

#  Aligning Eloop_consensus and 4v7v_CA:750-753_585-586_649-652:
#  Alignment score:  17
#  P-value:  4.612e-01
#  Query aligned region: 1-2,3-4
#  Target aligned region: 1:'CA'753-1:'CA'753,5:'CA'588-5:'CA'588,6:'CA'651-7:'CA'652

	A~G...GU
	A~G...CU

#  Matched base-pairing interactions: 
	<A(1:)-U(4:) trans H/W>                        MATCHES	<A(1:'CA'753)-U(7:'CA'652) trans H/W>
	<G(2:)-G(3:) trans H/S>                        MATCHES	<G(5:'CA'588)-C(6:'CA'651) cis W/W>
#  Matched base-stacking interactions: 

>>>>>>>>>>   ALIGNMENT ENDS   >>>>>>>>>>

<<<<<<<<<<  ALIGNMENT BEGINS  <<<<<<<<<<

#  Aligning Eloop_consensus and 4v7v_CA:97-102_61-69:
#  Alignment score:  15.8
#  P-value:  6.133e-01
#  Query aligned region: 2-2,3-3
#  Target aligned region: 1:'CA'100-1:'CA'100,12:'CA'69-12:'CA'69

	G...G
	G...G

#  Matched base-pairing interactions: 
	<G(2:)-G(3:) trans H/S>                        MATCHES	<G(1:'CA'100)-G(12:'CA'69) trans H/S>
#  Matched base-stacking interactions: 

>>>>>>>>>>   ALIGNMENT ENDS   >>>>>>>>>>

<<<<<<<<<<  ALIGNMENT BEGINS  <<<<<<<<<<

#  Aligning Eloop_consensus and 4v7v_CA:1188-1189_1062-1066_1105-1107:
#  Alignment score:  6.6
#  P-value:  1.000e+00
#  Query aligned region: 1-1,4-4
#  Target aligned region: 1:'CA'1191-1:'CA'1191,4:'CA'1066-4:'CA'1066

	A...U
	A...C

#  Matched base-pairing interactions: 
	<A(1:)-U(4:) trans H/W>                        MATCHES	<A(1:'CA'1191)-C(4:'CA'1066) trans H/W>
#  Matched base-stacking interactions: 

>>>>>>>>>>   ALIGNMENT ENDS   >>>>>>>>>>

<<<<<<<<<<  ALIGNMENT BEGINS  <<<<<<<<<<

#  Aligning Eloop_consensus and 4v7v_CA:177-180_193-195_218-220:
#  Alignment score:  6.5
#  P-value:  1.000e+00
#  Query aligned region: 0-2,3-5
#  Target aligned region: 0:'CA'179-3:'CA'182,4:'CA'195-5:'CA'196

	GAG...G~UA
	AUA...A~AA

#  Matched base-pairing interactions: 
	<G(2:)-G(3:) trans H/S>                        MATCHES	<A(2:'CA'181)-A(3:'CA'182) cis -/->
	<A(1:)-U(4:) trans H/W>                        MATCHES	<U(1:'CA'180)-A(4:'CA'195) trans W/H>
	<G(0:)-A(5:) trans S/H>                        MATCHES	<A(0:'CA'179)-A(5:'CA'196) trans W/H>
#  Matched base-stacking interactions: 

>>>>>>>>>>   ALIGNMENT ENDS   >>>>>>>>>>

<<<<<<<<<<  ALIGNMENT BEGINS  <<<<<<<<<<

#  Aligning Eloop_consensus and 4v7v_CA:358-364_112-114_44-50:
#  Alignment score:  6.4
#  P-value:  1.000e+00
#  Query aligned region: 0-1,4-5
#  Target aligned region: 0:'CA'360-0:'CA'360,8:'CA'115-9:'CA'116,14:'CA'50-14:'CA'50

	G~A...U~A
	G~G...A~A

#  Matched base-pairing interactions: 
	<G(0:)-A(5:) trans S/H>                        MATCHES	<G(0:'CA'360)-A(14:'CA'50) cis -/->
	<A(1:)-U(4:) trans H/W>                        MATCHES	<G(8:'CA'115)-A(9:'CA'116) cis -/->
#  Matched base-stacking interactions: 

>>>>>>>>>>   ALIGNMENT ENDS   >>>>>>>>>>

<<<<<<<<<<  ALIGNMENT BEGINS  <<<<<<<<<<

#  Aligning Eloop_consensus and 4v7v_CA:376-377_103-109_58-60:
#  Alignment score:  6
#  P-value:  1.000e+00
#  Query aligned region: 0-2,3-5
#  Target aligned region: 1:'CA'379-1:'CA'379,3:'CA'106-4:'CA'107,9:'CA'60-11:'CA'62

	G~AG...GUA
	C~CG...AGU

#  Matched base-pairing interactions: 
	<G(2:)-G(3:) trans H/S>                        MATCHES	<G(4:'CA'107)-A(9:'CA'60) cis -/->
	<G(0:)-A(5:) trans S/H>                        MATCHES	<C(1:'CA'379)-U(11:'CA'62) trans S/S>
	<A(1:)-U(4:) trans H/W>                        MATCHES	<C(3:'CA'106)-G(10:'CA'61) cis W/W>
#  Matched base-stacking interactions: 

>>>>>>>>>>   ALIGNMENT ENDS   >>>>>>>>>>

<<<<<<<<<<  ALIGNMENT BEGINS  <<<<<<<<<<

#  Aligning Eloop_consensus and 4v7v_CA:615-618_398-400_619-621:
#  Alignment score:  5.9
#  P-value:  1.000e+00
#  Query aligned region: 0-2,3-5
#  Target aligned region: 0:'CA'617-1:'CA'618,5:'CA'401-5:'CA'401,7:'CA'621-9:'CA'623

	GA~G...GUA
	GC~C...AAC

#  Matched base-pairing interactions: 
	<A(1:)-U(4:) trans H/W>                        MATCHES	<C(1:'CA'618)-A(8:'CA'622) trans W/H>
	<G(2:)-G(3:) trans H/S>                        MATCHES	<C(5:'CA'401)-A(7:'CA'621) cis -/->
	<G(0:)-A(5:) trans S/H>                        MATCHES	<G(0:'CA'617)-C(9:'CA'623) cis W/W>
#  Matched base-stacking interactions: 

>>>>>>>>>>   ALIGNMENT ENDS   >>>>>>>>>>

<<<<<<<<<<  ALIGNMENT BEGINS  <<<<<<<<<<

#  Aligning Eloop_consensus and 4v7v_CA:1368-1370_1247-1248_1285-1287:
#  Alignment score:  5.7
#  P-value:  1.000e+00
#  Query aligned region: 0-1,4-5
#  Target aligned region: 2:'CA'1372-2:'CA'1372,3:'CA'1249-3:'CA'1249,6:'CA'1288-7:'CA'1289

	G~A...UA
	U~C...AA

#  Matched base-pairing interactions: 
	<A(1:)-U(4:) trans H/W>                        MATCHES	<C(3:'CA'1249)-A(6:'CA'1288) trans W/H>
	<G(0:)-A(5:) trans S/H>                        MATCHES	<U(2:'CA'1372)-A(7:'CA'1289) trans S/W>
#  Matched base-stacking interactions: 

>>>>>>>>>>   ALIGNMENT ENDS   >>>>>>>>>>

<<<<<<<<<<  ALIGNMENT BEGINS  <<<<<<<<<<

#  Aligning Eloop_consensus and 4v7v_CA:990-996_1041-1044:
#  Alignment score:  5.6
#  P-value:  1.000e+00
#  Query aligned region: 0-2,3-5
#  Target aligned region: 4:'CA'996-6:'CA'998,7:'CA'1043-9:'CA'1045

	GAG...GUA
	AUC...GAC

#  Matched base-pairing interactions: 
	<G(2:)-G(3:) trans H/S>                        MATCHES	<C(6:'CA'998)-G(7:'CA'1043) cis W/W>
	<A(1:)-U(4:) trans H/W>                        MATCHES	<U(5:'CA'997)-A(8:'CA'1044) cis W/W>
	<G(0:)-A(5:) trans S/H>                        MATCHES	<A(4:'CA'996)-C(9:'CA'1045) cis -/->
#  Matched base-stacking interactions: 

>>>>>>>>>>   ALIGNMENT ENDS   >>>>>>>>>>

<<<<<<<<<<  ALIGNMENT BEGINS  <<<<<<<<<<

#  Aligning Eloop_consensus and 4v7v_CA:1178-1180_1174-1177_1154-1159:
#  Alignment score:  5.2
#  P-value:  1.000e+00
#  Query aligned region: 0-1,4-5
#  Target aligned region: 5:'CA'1178-6:'CA'1179,7:'CA'1156-8:'CA'1157

	GA...UA
	GA...GA

#  Matched base-pairing interactions: 
	<A(1:)-U(4:) trans H/W>                        MATCHES	<A(6:'CA'1179)-G(7:'CA'1156) trans W/S>
	<G(0:)-A(5:) trans S/H>                        MATCHES	<G(5:'CA'1178)-A(8:'CA'1157) trans S/W>
#  Matched base-stacking interactions: 

>>>>>>>>>>   ALIGNMENT ENDS   >>>>>>>>>>

<<<<<<<<<<  ALIGNMENT BEGINS  <<<<<<<<<<

#  Aligning Eloop_consensus and 4v7v_CA:1178-1180_1173-1176_1155-1159:
#  Alignment score:  5
#  P-value:  1.000e+00
#  Query aligned region: 0-1,4-5
#  Target aligned region: 0:'CA'1180-1:'CA'1181,5:'CA'1177-6:'CA'1178

	GA...UA
	AG...GG

#  Matched base-pairing interactions: 
	<A(1:)-U(4:) trans H/W>                        MATCHES	<G(1:'CA'1181)-G(5:'CA'1177) trans H/W>
	<G(0:)-A(5:) trans S/H>                        MATCHES	<A(0:'CA'1180)-G(6:'CA'1178) cis -/->
#  Matched base-stacking interactions: 

>>>>>>>>>>   ALIGNMENT ENDS   >>>>>>>>>>

<<<<<<<<<<  ALIGNMENT BEGINS  <<<<<<<<<<

#  Aligning Eloop_consensus and 4v7v_CA:1062-1066_1188-1189_1105-1107:
#  Alignment score:  5
#  P-value:  1.000e+00
#  Query aligned region: 1-2,3-4
#  Target aligned region: 3:'CA'1067-4:'CA'1068,7:'CA'1107-8:'CA'1108

	AG...GU
	AG...CG

#  Matched base-pairing interactions: 
	<G(2:)-G(3:) trans H/S>                        MATCHES	<G(4:'CA'1068)-C(7:'CA'1107) cis W/W>
	<A(1:)-U(4:) trans H/W>                        MATCHES	<A(3:'CA'1067)-G(8:'CA'1108) cis -/->
#  Matched base-stacking interactions: 

>>>>>>>>>>   ALIGNMENT ENDS   >>>>>>>>>>

<<<<<<<<<<  ALIGNMENT BEGINS  <<<<<<<<<<

#  Aligning Eloop_consensus and 4v7v_CA:785-787_692-693_789-793:
#  Alignment score:  4.6
#  P-value:  1.000e+00
#  Query aligned region: 1-1,4-4
#  Target aligned region: 0:'CA'787-0:'CA'787,7:'CA'793-7:'CA'793

	A...U
	A...U

#  Matched base-pairing interactions: 
	<A(1:)-U(4:) trans H/W>                        MATCHES	<A(0:'CA'787)-U(7:'CA'793) cis -/->
#  Matched base-stacking interactions: 

>>>>>>>>>>   ALIGNMENT ENDS   >>>>>>>>>>

<<<<<<<<<<  ALIGNMENT BEGINS  <<<<<<<<<<

#  Aligning Eloop_consensus and 4v7v_CA:449-450_367-374_386-389:
#  Alignment score:  4.6
#  P-value:  1.000e+00
#  Query aligned region: 2-2,3-3
#  Target aligned region: 2:'CA'369-2:'CA'369,10:'CA'388-10:'CA'388

	G...G
	G...G

#  Matched base-pairing interactions: 
	<G(2:)-G(3:) trans H/S>                        MATCHES	<G(2:'CA'369)-G(10:'CA'388) cis -/->
#  Matched base-stacking interactions: 

>>>>>>>>>>   ALIGNMENT ENDS   >>>>>>>>>>

<<<<<<<<<<  ALIGNMENT BEGINS  <<<<<<<<<<

#  Aligning Eloop_consensus and 4v7v_CA:103-109_376-377_58-60:
#  Alignment score:  4.3
#  P-value:  1.000e+00
#  Query aligned region: 1-1,4-4
#  Target aligned region: 5:'CA'110-5:'CA'110,9:'CA'60-9:'CA'60

	A...U
	C...A

#  Matched base-pairing interactions: 
	<A(1:)-U(4:) trans H/W>                        MATCHES	<C(5:'CA'110)-A(9:'CA'60) trans W/H>
#  Matched base-stacking interactions: 

>>>>>>>>>>   ALIGNMENT ENDS   >>>>>>>>>>

<<<<<<<<<<  ALIGNMENT BEGINS  <<<<<<<<<<

#  Aligning Eloop_consensus and 4v7v_CA:284-287_237-238_116-120:
#  Alignment score:  3.4
#  P-value:  1.000e+00
#  Query aligned region: 2-2,3-3
#  Target aligned region: 3:'CA'289-3:'CA'289,6:'CA'118-6:'CA'118

	G...G
	G...U

#  Matched base-pairing interactions: 
	<G(2:)-G(3:) trans H/S>                        MATCHES	<G(3:'CA'289)-U(6:'CA'118) cis -/->
#  Matched base-stacking interactions: 

>>>>>>>>>>   ALIGNMENT ENDS   >>>>>>>>>>

<<<<<<<<<<  ALIGNMENT BEGINS  <<<<<<<<<<

#  Aligning Eloop_consensus and 4v7v_CA:1173-1176_1178-1180_1155-1159:
#  Alignment score:  3.2
#  P-value:  1.000e+00
#  Query aligned region: 2-2,3-3
#  Target aligned region: 0:'CA'1175-0:'CA'1175,11:'CA'1161-11:'CA'1161

	G...G
	G...C

#  Matched base-pairing interactions: 
	<G(2:)-G(3:) trans H/S>                        MATCHES	<G(0:'CA'1175)-C(11:'CA'1161) cis W/W>
#  Matched base-stacking interactions: 

>>>>>>>>>>   ALIGNMENT ENDS   >>>>>>>>>>

<<<<<<<<<<  ALIGNMENT BEGINS  <<<<<<<<<<

#  Aligning Eloop_consensus and 4v7v_CA:1197-1204_1050-1056:
#  Alignment score:  3.2
#  P-value:  1.000e+00
#  Query aligned region: 0-1,4-5
#  Target aligned region: 4:'CA'1203-5:'CA'1204,12:'CA'1056-13:'CA'1057

	GA...UA
	CA...UG

#  Matched base-pairing interactions: 
	<A(1:)-U(4:) trans H/W>                        MATCHES	<A(5:'CA'1204)-U(12:'CA'1056) cis W/W>
	<G(0:)-A(5:) trans S/H>                        MATCHES	<C(4:'CA'1203)-G(13:'CA'1057) cis W/W>
#  Matched base-stacking interactions: 

>>>>>>>>>>   ALIGNMENT ENDS   >>>>>>>>>>

<<<<<<<<<<  ALIGNMENT BEGINS  <<<<<<<<<<

#  Aligning Eloop_consensus and 4v7v_CA:65-69_149-150_96-100:
#  Alignment score:  2.7
#  P-value:  1.000e+00
#  Query aligned region: 
#  Target aligned region: 

	
	

#  Matched base-pairing interactions: 
#  Matched base-stacking interactions: 

>>>>>>>>>>   ALIGNMENT ENDS   >>>>>>>>>>

<<<<<<<<<<  ALIGNMENT BEGINS  <<<<<<<<<<

#  Aligning Eloop_consensus and 4v7v_CA:65-69_96-100_149-150:
#  Alignment score:  2.7
#  P-value:  1.000e+00
#  Query aligned region: 
#  Target aligned region: 

	
	

#  Matched base-pairing interactions: 
#  Matched base-stacking interactions: 

>>>>>>>>>>   ALIGNMENT ENDS   >>>>>>>>>>

<<<<<<<<<<  ALIGNMENT BEGINS  <<<<<<<<<<

#  Aligning Eloop_consensus and 4v7v_CA:809-814_761-766_575-577:
#  Alignment score:  2.7
#  P-value:  1.000e+00
#  Query aligned region: 
#  Target aligned region: 

	
	

#  Matched base-pairing interactions: 
#  Matched base-stacking interactions: 

>>>>>>>>>>   ALIGNMENT ENDS   >>>>>>>>>>

<<<<<<<<<<  ALIGNMENT BEGINS  <<<<<<<<<<

#  Aligning Eloop_consensus and 4v7v_CA:809-814_1508-1510_762-766:
#  Alignment score:  2.7
#  P-value:  1.000e+00
#  Query aligned region: 
#  Target aligned region: 

	
	

#  Matched base-pairing interactions: 
#  Matched base-stacking interactions: 

>>>>>>>>>>   ALIGNMENT ENDS   >>>>>>>>>>

<<<<<<<<<<  ALIGNMENT BEGINS  <<<<<<<<<<

#  Aligning Eloop_consensus and 4v7v_CA:808-814_898-899_762-767:
#  Alignment score:  2.7
#  P-value:  1.000e+00
#  Query aligned region: 
#  Target aligned region: 

	
	

#  Matched base-pairing interactions: 
#  Matched base-stacking interactions: 

>>>>>>>>>>   ALIGNMENT ENDS   >>>>>>>>>>

<<<<<<<<<<  ALIGNMENT BEGINS  <<<<<<<<<<

#  Aligning Eloop_consensus and 4v7v_CA:808-814_762-767_898-899:
#  Alignment score:  2.7
#  P-value:  1.000e+00
#  Query aligned region: 
#  Target aligned region: 

	
	

#  Matched base-pairing interactions: 
#  Matched base-stacking interactions: 

>>>>>>>>>>   ALIGNMENT ENDS   >>>>>>>>>>

<<<<<<<<<<  ALIGNMENT BEGINS  <<<<<<<<<<

#  Aligning Eloop_consensus and 4v7v_CA:142-144_174-177:
#  Alignment score:  2.7
#  P-value:  1.000e+00
#  Query aligned region: 
#  Target aligned region: 

	
	

#  Matched base-pairing interactions: 
#  Matched base-stacking interactions: 

>>>>>>>>>>   ALIGNMENT ENDS   >>>>>>>>>>

<<<<<<<<<<  ALIGNMENT BEGINS  <<<<<<<<<<

#  Aligning Eloop_consensus and 4v7v_CA:575-577_809-814_761-766:
#  Alignment score:  2.5
#  P-value:  1.000e+00
#  Query aligned region: 
#  Target aligned region: 

	
	

#  Matched base-pairing interactions: 
#  Matched base-stacking interactions: 

>>>>>>>>>>   ALIGNMENT ENDS   >>>>>>>>>>

<<<<<<<<<<  ALIGNMENT BEGINS  <<<<<<<<<<

#  Aligning Eloop_consensus and 4v7v_CA:809-814_575-577_761-766:
#  Alignment score:  2.5
#  P-value:  1.000e+00
#  Query aligned region: 
#  Target aligned region: 

	
	

#  Matched base-pairing interactions: 
#  Matched base-stacking interactions: 

>>>>>>>>>>   ALIGNMENT ENDS   >>>>>>>>>>

<<<<<<<<<<  ALIGNMENT BEGINS  <<<<<<<<<<

#  Aligning Eloop_consensus and 4v7v_CA:1332-1335_1297-1301_1235-1239:
#  Alignment score:  2.5
#  P-value:  1.000e+00
#  Query aligned region: 
#  Target aligned region: 

	
	

#  Matched base-pairing interactions: 
#  Matched base-stacking interactions: 

>>>>>>>>>>   ALIGNMENT ENDS   >>>>>>>>>>

<<<<<<<<<<  ALIGNMENT BEGINS  <<<<<<<<<<

#  Aligning Eloop_consensus and 4v7v_CA:1508-1510_809-814_762-766:
#  Alignment score:  2.5
#  P-value:  1.000e+00
#  Query aligned region: 
#  Target aligned region: 

	
	

#  Matched base-pairing interactions: 
#  Matched base-stacking interactions: 

>>>>>>>>>>   ALIGNMENT ENDS   >>>>>>>>>>

<<<<<<<<<<  ALIGNMENT BEGINS  <<<<<<<<<<

#  Aligning Eloop_consensus and 4v7v_CA:149-150_65-69_96-100:
#  Alignment score:  2.4
#  P-value:  1.000e+00
#  Query aligned region: 
#  Target aligned region: 

	
	

#  Matched base-pairing interactions: 
#  Matched base-stacking interactions: 

>>>>>>>>>>   ALIGNMENT ENDS   >>>>>>>>>>

<<<<<<<<<<  ALIGNMENT BEGINS  <<<<<<<<<<

#  Aligning Eloop_consensus and 4v7v_CA:1297-1301_1332-1335_1235-1239:
#  Alignment score:  2.4
#  P-value:  1.000e+00
#  Query aligned region: 2-2,3-3
#  Target aligned region: 8:'CA'1337-8:'CA'1337,9:'CA'1237-9:'CA'1237

	G...G
	G...C

#  Matched base-pairing interactions: 
	<G(2:)-G(3:) trans H/S>                        MATCHES	<G(8:'CA'1337)-C(9:'CA'1237) cis W/W>
#  Matched base-stacking interactions: 

>>>>>>>>>>   ALIGNMENT ENDS   >>>>>>>>>>

<<<<<<<<<<  ALIGNMENT BEGINS  <<<<<<<<<<

#  Aligning Eloop_consensus and 4v7v_CA:898-899_808-814_762-767:
#  Alignment score:  2.4
#  P-value:  1.000e+00
#  Query aligned region: 
#  Target aligned region: 

	
	

#  Matched base-pairing interactions: 
#  Matched base-stacking interactions: 

>>>>>>>>>>   ALIGNMENT ENDS   >>>>>>>>>>

<<<<<<<<<<  ALIGNMENT BEGINS  <<<<<<<<<<

#  Aligning Eloop_consensus and 4v7v_CA:263-270_253-258:
#  Alignment score:  2.4
#  P-value:  1.000e+00
#  Query aligned region: 
#  Target aligned region: 

	
	

#  Matched base-pairing interactions: 
#  Matched base-stacking interactions: 

>>>>>>>>>>   ALIGNMENT ENDS   >>>>>>>>>>

<<<<<<<<<<  ALIGNMENT BEGINS  <<<<<<<<<<

#  Aligning Eloop_consensus and 4v7v_CA:809-814_762-766_1508-1510:
#  Alignment score:  2.3
#  P-value:  1.000e+00
#  Query aligned region: 
#  Target aligned region: 

	
	

#  Matched base-pairing interactions: 
#  Matched base-stacking interactions: 

>>>>>>>>>>   ALIGNMENT ENDS   >>>>>>>>>>

<<<<<<<<<<  ALIGNMENT BEGINS  <<<<<<<<<<

#  Aligning Eloop_consensus and 4v7v_CA:1492-1494_1403-1406:
#  Alignment score:  2.3
#  P-value:  1.000e+00
#  Query aligned region: 
#  Target aligned region: 

	
	

#  Matched base-pairing interactions: 
#  Matched base-stacking interactions: 

>>>>>>>>>>   ALIGNMENT ENDS   >>>>>>>>>>

<<<<<<<<<<  ALIGNMENT BEGINS  <<<<<<<<<<

#  Aligning Eloop_consensus and 4v7v_CA:1403-1406_1492-1494:
#  Alignment score:  2.3
#  P-value:  1.000e+00
#  Query aligned region: 
#  Target aligned region: 

	
	

#  Matched base-pairing interactions: 
#  Matched base-stacking interactions: 

>>>>>>>>>>   ALIGNMENT ENDS   >>>>>>>>>>

<<<<<<<<<<  ALIGNMENT BEGINS  <<<<<<<<<<

#  Aligning Eloop_consensus and 4v7v_CA:750-752_582-586_753-755:
#  Alignment score:  2.3
#  P-value:  1.000e+00
#  Query aligned region: 
#  Target aligned region: 

	
	

#  Matched base-pairing interactions: 
#  Matched base-stacking interactions: 

>>>>>>>>>>   ALIGNMENT ENDS   >>>>>>>>>>

<<<<<<<<<<  ALIGNMENT BEGINS  <<<<<<<<<<

#  Aligning Eloop_consensus and 4v7v_CA:1489-1491_1405-1408:
#  Alignment score:  2.2
#  P-value:  1.000e+00
#  Query aligned region: 
#  Target aligned region: 

	
	

#  Matched base-pairing interactions: 
#  Matched base-stacking interactions: 

>>>>>>>>>>   ALIGNMENT ENDS   >>>>>>>>>>

<<<<<<<<<<  ALIGNMENT BEGINS  <<<<<<<<<<

#  Aligning Eloop_consensus and 4v7v_CA:218-221_139-141:
#  Alignment score:  2.2
#  P-value:  1.000e+00
#  Query aligned region: 
#  Target aligned region: 

	
	

#  Matched base-pairing interactions: 
#  Matched base-stacking interactions: 

>>>>>>>>>>   ALIGNMENT ENDS   >>>>>>>>>>

<<<<<<<<<<  ALIGNMENT BEGINS  <<<<<<<<<<

#  Aligning Eloop_consensus and 4v7v_CA:582-586_753-755_750-752:
#  Alignment score:  2.2
#  P-value:  1.000e+00
#  Query aligned region: 
#  Target aligned region: 

	
	

#  Matched base-pairing interactions: 
#  Matched base-stacking interactions: 

>>>>>>>>>>   ALIGNMENT ENDS   >>>>>>>>>>

<<<<<<<<<<  ALIGNMENT BEGINS  <<<<<<<<<<

#  Aligning Eloop_consensus and 4v7v_CA:753-755_582-586_750-752:
#  Alignment score:  2.2
#  P-value:  1.000e+00
#  Query aligned region: 
#  Target aligned region: 

	
	

#  Matched base-pairing interactions: 
#  Matched base-stacking interactions: 

>>>>>>>>>>   ALIGNMENT ENDS   >>>>>>>>>>

<<<<<<<<<<  ALIGNMENT BEGINS  <<<<<<<<<<

#  Aligning Eloop_consensus and 4v7v_CA:58-59_105-108_322-325:
#  Alignment score:  2.1
#  P-value:  1.000e+00
#  Query aligned region: 
#  Target aligned region: 

	
	

#  Matched base-pairing interactions: 
#  Matched base-stacking interactions: 

>>>>>>>>>>   ALIGNMENT ENDS   >>>>>>>>>>

<<<<<<<<<<  ALIGNMENT BEGINS  <<<<<<<<<<

#  Aligning Eloop_consensus and 4v7v_CA:753-755_750-752_582-586:
#  Alignment score:  2.1
#  P-value:  1.000e+00
#  Query aligned region: 
#  Target aligned region: 

	
	

#  Matched base-pairing interactions: 
#  Matched base-stacking interactions: 

>>>>>>>>>>   ALIGNMENT ENDS   >>>>>>>>>>

<<<<<<<<<<  ALIGNMENT BEGINS  <<<<<<<<<<

#  Aligning Eloop_consensus and 4v7v_CA:750-752_753-755_582-586:
#  Alignment score:  2.1
#  P-value:  1.000e+00
#  Query aligned region: 
#  Target aligned region: 

	
	

#  Matched base-pairing interactions: 
#  Matched base-stacking interactions: 

>>>>>>>>>>   ALIGNMENT ENDS   >>>>>>>>>>

<<<<<<<<<<  ALIGNMENT BEGINS  <<<<<<<<<<

#  Aligning Eloop_consensus and 4v7v_CA:139-141_218-221:
#  Alignment score:  2
#  P-value:  1.000e+00
#  Query aligned region: 
#  Target aligned region: 

	
	

#  Matched base-pairing interactions: 
#  Matched base-stacking interactions: 

>>>>>>>>>>   ALIGNMENT ENDS   >>>>>>>>>>

<<<<<<<<<<  ALIGNMENT BEGINS  <<<<<<<<<<

#  Aligning Eloop_consensus and 4v7v_CA:1268-1269_1312-1314_1316-1317:
#  Alignment score:  2
#  P-value:  1.000e+00
#  Query aligned region: 
#  Target aligned region: 

	
	

#  Matched base-pairing interactions: 
#  Matched base-stacking interactions: 

>>>>>>>>>>   ALIGNMENT ENDS   >>>>>>>>>>

<<<<<<<<<<  ALIGNMENT BEGINS  <<<<<<<<<<

#  Aligning Eloop_consensus and 4v7v_CA:582-586_750-752_753-755:
#  Alignment score:  2
#  P-value:  1.000e+00
#  Query aligned region: 
#  Target aligned region: 

	
	

#  Matched base-pairing interactions: 
#  Matched base-stacking interactions: 

>>>>>>>>>>   ALIGNMENT ENDS   >>>>>>>>>>

<<<<<<<<<<  ALIGNMENT BEGINS  <<<<<<<<<<

#  Aligning Eloop_consensus and 4v7v_CA:898-900_767-768_896-897:
#  Alignment score:  2
#  P-value:  1.000e+00
#  Query aligned region: 
#  Target aligned region: 

	
	

#  Matched base-pairing interactions: 
#  Matched base-stacking interactions: 

>>>>>>>>>>   ALIGNMENT ENDS   >>>>>>>>>>

<<<<<<<<<<  ALIGNMENT BEGINS  <<<<<<<<<<

#  Aligning Eloop_consensus and 4v7v_CA:319-321_325-330:
#  Alignment score:  1.9
#  P-value:  1.000e+00
#  Query aligned region: 
#  Target aligned region: 

	
	

#  Matched base-pairing interactions: 
#  Matched base-stacking interactions: 

>>>>>>>>>>   ALIGNMENT ENDS   >>>>>>>>>>

<<<<<<<<<<  ALIGNMENT BEGINS  <<<<<<<<<<

#  Aligning Eloop_consensus and 4v7v_CA:174-177_142-144:
#  Alignment score:  1.9
#  P-value:  1.000e+00
#  Query aligned region: 
#  Target aligned region: 

	
	

#  Matched base-pairing interactions: 
#  Matched base-stacking interactions: 

>>>>>>>>>>   ALIGNMENT ENDS   >>>>>>>>>>

<<<<<<<<<<  ALIGNMENT BEGINS  <<<<<<<<<<

#  Aligning Eloop_consensus and 4v7v_CA:1405-1408_1489-1491:
#  Alignment score:  1.6
#  P-value:  1.000e+00
#  Query aligned region: 
#  Target aligned region: 

	
	

#  Matched base-pairing interactions: 
#  Matched base-stacking interactions: 

>>>>>>>>>>   ALIGNMENT ENDS   >>>>>>>>>>

