$ /home/s081p868/scratch/RNAMotifScanX-release/bin/scan /home/s081p868/scratch/RNAMotifScanX-release/models/reverse-kturn_consensus.struct /rfs/poseidon_share/s081p868/RNAMotifScanX_nr/rmsx_work_default/4ybb/DB/4ybb_DB.rmsx.in --map_pdb=/rfs/poseidon_share/s081p868/RNAMotifScanX_nr/rmsx_work_default/4ybb/DB/4ybb_DB.rmsx.nch --pvalue 1.0 --num_threads 16 --write_alignment
<<<<<<<<<<  ALIGNMENT BEGINS  <<<<<<<<<<

#  Aligning reverse-kturn_conseusns and 4ybb_DB:896-897_1298-1299:
#  Alignment score:  35.6
#  P-value:  9.059e-02
#  Query aligned region: 0-1,9-10
#  Target aligned region: 0:'DB'71-1:'DB'72,2:'DB'104-3:'DB'105

	GG...AC
	CG...AG

#  Matched base-pairing interactions: 
	<G(1:)-A(9:) trans S/H>                        MATCHES	<G(1:'DB'72)-A(2:'DB'104) trans S/H>
	<G(0:)-C(10:) cis W/W>                         MATCHES	<C(0:'DB'71)-G(3:'DB'105) cis W/W>
#  Matched base-stacking interactions: 

>>>>>>>>>>   ALIGNMENT ENDS   >>>>>>>>>>

<<<<<<<<<<  ALIGNMENT BEGINS  <<<<<<<<<<

#  Aligning reverse-kturn_conseusns and 4ybb_DB:1266-1268_942-949:
#  Alignment score:  34
#  P-value:  1.056e-01
#  Query aligned region: 0-1,9-10
#  Target aligned region: 0:'DB'97-1:'DB'98,6:'DB'78-7:'DB'79

	GG...AC
	CG...AG

#  Matched base-pairing interactions: 
	<G(1:)-A(9:) trans S/H>                        MATCHES	<G(1:'DB'98)-A(6:'DB'78) trans S/H>
	<G(0:)-C(10:) cis W/W>                         MATCHES	<C(0:'DB'97)-G(7:'DB'79) cis W/W>
#  Matched base-stacking interactions: 

>>>>>>>>>>   ALIGNMENT ENDS   >>>>>>>>>>

<<<<<<<<<<  ALIGNMENT BEGINS  <<<<<<<<<<

#  Aligning reverse-kturn_conseusns and 4ybb_DB:396-401_508-509:
#  Alignment score:  24.2
#  P-value:  3.999e-01
#  Query aligned region: 0-1,9-10
#  Target aligned region: 0:'DB'39-1:'DB'40,6:'DB'45-7:'DB'46

	GG...AC
	AU...AA

#  Matched base-pairing interactions: 
	<G(1:)-A(9:) trans S/H>                        MATCHES	<U(1:'DB'40)-A(6:'DB'45) trans S/H>
	<G(0:)-C(10:) cis W/W>                         MATCHES	<A(0:'DB'39)-A(7:'DB'46) cis S/W>
#  Matched base-stacking interactions: 

>>>>>>>>>>   ALIGNMENT ENDS   >>>>>>>>>>

<<<<<<<<<<  ALIGNMENT BEGINS  <<<<<<<<<<

#  Aligning reverse-kturn_conseusns and 4ybb_DB:250-253_1337-1339_867-868:
#  Alignment score:  13.8
#  P-value:  1.000e+00
#  Query aligned region: 1-2,8-9
#  Target aligned region: 4:'DB'107-6:'DB'109,8:'DB'69-8:'DB'69

	GA...A~A
	GA...A~G

#  Matched base-pairing interactions: 
	<G(1:)-A(9:) trans S/H>                        MATCHES	<G(4:'DB'107)-G(8:'DB'69) trans S/H>
	<A(2:)-A(8:) trans H/H>                        MATCHES	<A(5:'DB'108)-A(6:'DB'109) trans S/S>
#  Matched base-stacking interactions: 

>>>>>>>>>>   ALIGNMENT ENDS   >>>>>>>>>>

<<<<<<<<<<  ALIGNMENT BEGINS  <<<<<<<<<<

#  Aligning reverse-kturn_conseusns and 4ybb_DB:867-868_250-253_1337-1339:
#  Alignment score:  11
#  P-value:  1.000e+00
#  Query aligned region: 0-1,9-10
#  Target aligned region: 0:'DB'68-1:'DB'69,4:'DB'15-5:'DB'16

	GG...AC
	CG...AG

#  Matched base-pairing interactions: 
	<G(1:)-A(9:) trans S/H>                        MATCHES	<G(1:'DB'69)-A(4:'DB'15) cis -/->
	<G(0:)-C(10:) cis W/W>                         MATCHES	<C(0:'DB'68)-G(5:'DB'16) cis W/W>
#  Matched base-stacking interactions: 

>>>>>>>>>>   ALIGNMENT ENDS   >>>>>>>>>>

<<<<<<<<<<  ALIGNMENT BEGINS  <<<<<<<<<<

#  Aligning reverse-kturn_conseusns and 4ybb_DB:508-509_396-401:
#  Alignment score:  2
#  P-value:  1.000e+00
#  Query aligned region: 
#  Target aligned region: 

	
	

#  Matched base-pairing interactions: 
#  Matched base-stacking interactions: 

>>>>>>>>>>   ALIGNMENT ENDS   >>>>>>>>>>

<<<<<<<<<<  ALIGNMENT BEGINS  <<<<<<<<<<

#  Aligning reverse-kturn_conseusns and 4ybb_DB:1298-1299_896-897:
#  Alignment score:  1.5
#  P-value:  1.000e+00
#  Query aligned region: 
#  Target aligned region: 

	
	

#  Matched base-pairing interactions: 
#  Matched base-stacking interactions: 

>>>>>>>>>>   ALIGNMENT ENDS   >>>>>>>>>>

