$ /home/s081p868/scratch/RNAMotifScanX-release/bin/scan /home/s081p868/scratch/RNAMotifScanX-release/models/e-loop_consensus.struct /rfs/poseidon_share/s081p868/RNAMotifScanX_nr/rmsx_work_default/3e5c/A/3e5c_A.rmsx.in --map_pdb=/rfs/poseidon_share/s081p868/RNAMotifScanX_nr/rmsx_work_default/3e5c/A/3e5c_A.rmsx.nch --pvalue 1.0 --num_threads 8 --write_alignment
<<<<<<<<<<  ALIGNMENT BEGINS  <<<<<<<<<<

#  Aligning Eloop_consensus and 3e5c_A:35-37_7-11_28-34:
#  Alignment score:  26
#  P-value:  9.321e-02
#  Query aligned region: 0-1,4-5
#  Target aligned region: 0:A36-2:A38,3:A8-3:A8

	GA...U~A
	GU...A~A

#  Matched base-pairing interactions: 
	<A(1:)-U(4:) trans H/W>                        MATCHES	<U(1:A37)-A(2:A38) cis -/->
	<G(0:)-A(5:) trans S/H>                        MATCHES	<G(0:A36)-A(3:A8) trans S/H>
#  Matched base-stacking interactions: 

>>>>>>>>>>   ALIGNMENT ENDS   >>>>>>>>>>

<<<<<<<<<<  ALIGNMENT BEGINS  <<<<<<<<<<

#  Aligning Eloop_consensus and 3e5c_A:17-23:
#  Alignment score:  24.6
#  P-value:  1.094e-01
#  Query aligned region: 0-0,5-5
#  Target aligned region: 1:A19-4:A22

	G...A
	G...A

#  Matched base-pairing interactions: 
	<G(0:)-A(5:) trans S/H>                        MATCHES	<G(1:A19)-A(4:A22) trans S/H>
#  Matched base-stacking interactions: 

>>>>>>>>>>   ALIGNMENT ENDS   >>>>>>>>>>

<<<<<<<<<<  ALIGNMENT BEGINS  <<<<<<<<<<

#  Aligning Eloop_consensus and 3e5c_A:39-46:
#  Alignment score:  23.8
#  P-value:  1.206e-01
#  Query aligned region: 0-0,5-5
#  Target aligned region: 2:A42-5:A45

	G...A
	G...A

#  Matched base-pairing interactions: 
	<G(0:)-A(5:) trans S/H>                        MATCHES	<G(2:A42)-A(5:A45) trans S/H>
#  Matched base-stacking interactions: 

>>>>>>>>>>   ALIGNMENT ENDS   >>>>>>>>>>

