$ /home/s081p868/scratch/RNAMotifScanX-release/bin/scan /home/s081p868/scratch/RNAMotifScanX-release/models/reverse-kturn_consensus.struct /rfs/poseidon_share/s081p868/RNAMotifScanX_nr/rmsx_work_default/4v4q/AA/4v4q_AA.rmsx.in --map_pdb=/rfs/poseidon_share/s081p868/RNAMotifScanX_nr/rmsx_work_default/4v4q/AA/4v4q_AA.rmsx.nch --pvalue 1.0 --num_threads 16 --write_alignment
<<<<<<<<<<  ALIGNMENT BEGINS  <<<<<<<<<<

#  Aligning reverse-kturn_conseusns and 4v4q_AA:886-893_904-909:
#  Alignment score:  62.4
#  P-value:  1.803e-02
#  Query aligned region: 0-2,8-10
#  Target aligned region: 0:'AA'887-2:'AA'889,11:'AA'908-13:'AA'910

	GGA...AAC
	GGA...AAC

#  Matched base-pairing interactions: 
	<A(2:)-A(8:) trans H/H>                        MATCHES	<A(2:'AA'889)-A(11:'AA'908) trans H/H>
	<G(1:)-A(9:) trans S/H>                        MATCHES	<G(1:'AA'888)-A(12:'AA'909) trans S/H>
	<G(0:)-C(10:) cis W/W>                         MATCHES	<G(0:'AA'887)-C(13:'AA'910) cis W/W>
#  Matched base-stacking interactions: 

>>>>>>>>>>   ALIGNMENT ENDS   >>>>>>>>>>

<<<<<<<<<<  ALIGNMENT BEGINS  <<<<<<<<<<

#  Aligning reverse-kturn_conseusns and 4v4q_AA:445-449_480-487_390-391:
#  Alignment score:  38
#  P-value:  7.348e-02
#  Query aligned region: 0-2,8-10
#  Target aligned region: 0:'AA'446-2:'AA'448,10:'AA'486-12:'AA'488

	GGA...AAC
	GGA...UAC

#  Matched base-pairing interactions: 
	<A(2:)-A(8:) trans H/H>                        MATCHES	<A(2:'AA'448)-U(10:'AA'486) trans H/W>
	<G(1:)-A(9:) trans S/H>                        MATCHES	<G(1:'AA'447)-A(11:'AA'487) trans S/H>
	<G(0:)-C(10:) cis W/W>                         MATCHES	<G(0:'AA'446)-C(12:'AA'488) cis W/W>
#  Matched base-stacking interactions: 

>>>>>>>>>>   ALIGNMENT ENDS   >>>>>>>>>>

<<<<<<<<<<  ALIGNMENT BEGINS  <<<<<<<<<<

#  Aligning reverse-kturn_conseusns and 4v4q_AA:796-802_778-783_695-696:
#  Alignment score:  37.7
#  P-value:  7.536e-02
#  Query aligned region: 0-3,4-10
#  Target aligned region: 2:'AA'799-6:'AA'803,7:'AA'779-11:'AA'783

	GGA-G...CACAAAC
	GGUAG...C--AAAC

#  Matched base-pairing interactions: 
	<G(3:)-C(4:) cis W/W>                          MATCHES	<G(6:'AA'803)-C(7:'AA'779) cis W/W>
	<A(2:)-A(8:) trans H/H>                        MATCHES	<U(4:'AA'801)-A(9:'AA'781) trans W/H>
	<G(1:)-A(9:) trans S/H>                        MATCHES	<G(3:'AA'800)-A(10:'AA'782) trans S/H>
	<G(0:)-C(10:) cis W/W>                         MATCHES	<G(2:'AA'799)-C(11:'AA'783) cis W/W>
#  Matched base-stacking interactions: 

>>>>>>>>>>   ALIGNMENT ENDS   >>>>>>>>>>

<<<<<<<<<<  ALIGNMENT BEGINS  <<<<<<<<<<

#  Aligning reverse-kturn_conseusns and 4v4q_AA:650-653_752-758_580-587:
#  Alignment score:  37.4
#  P-value:  7.731e-02
#  Query aligned region: 0-2,8-10
#  Target aligned region: 8:'AA'757-10:'AA'759,12:'AA'582-14:'AA'584

	GGA...AAC
	UCA...CAG

#  Matched base-pairing interactions: 
	<A(2:)-A(8:) trans H/H>                        MATCHES	<A(10:'AA'759)-C(12:'AA'582) trans H/W>
	<G(1:)-A(9:) trans S/H>                        MATCHES	<C(9:'AA'758)-A(13:'AA'583) trans S/H>
	<G(0:)-C(10:) cis W/W>                         MATCHES	<U(8:'AA'757)-G(14:'AA'584) cis W/W>
#  Matched base-stacking interactions: 

>>>>>>>>>>   ALIGNMENT ENDS   >>>>>>>>>>

<<<<<<<<<<  ALIGNMENT BEGINS  <<<<<<<<<<

#  Aligning reverse-kturn_conseusns and 4v4q_AA:1415-1420_1479-1483:
#  Alignment score:  37.2
#  P-value:  7.865e-02
#  Query aligned region: 0-2,8-10
#  Target aligned region: 0:'AA'1416-2:'AA'1418,8:'AA'1482-10:'AA'1484

	GGA...AAC
	GGA...GAC

#  Matched base-pairing interactions: 
	<A(2:)-A(8:) trans H/H>                        MATCHES	<A(2:'AA'1418)-G(8:'AA'1482) trans H/S>
	<G(1:)-A(9:) trans S/H>                        MATCHES	<G(1:'AA'1417)-A(9:'AA'1483) trans S/H>
	<G(0:)-C(10:) cis W/W>                         MATCHES	<G(0:'AA'1416)-C(10:'AA'1484) cis W/W>
#  Matched base-stacking interactions: 

>>>>>>>>>>   ALIGNMENT ENDS   >>>>>>>>>>

<<<<<<<<<<  ALIGNMENT BEGINS  <<<<<<<<<<

#  Aligning reverse-kturn_conseusns and 4v4q_AA:1164-1166_1095-1096_1167-1170:
#  Alignment score:  36.4
#  P-value:  8.438e-02
#  Query aligned region: 0-2,8-10
#  Target aligned region: 0:'AA'1165-1:'AA'1166,4:'AA'1097-4:'AA'1097,6:'AA'1169-8:'AA'1171

	GG~A...AAC
	UG~C...AAA

#  Matched base-pairing interactions: 
	<G(1:)-A(9:) trans S/H>                        MATCHES	<G(1:'AA'1166)-A(7:'AA'1170) trans S/H>
	<A(2:)-A(8:) trans H/H>                        MATCHES	<C(4:'AA'1097)-A(6:'AA'1169) cis -/->
	<G(0:)-C(10:) cis W/W>                         MATCHES	<U(0:'AA'1165)-A(8:'AA'1171) cis W/W>
#  Matched base-stacking interactions: 

>>>>>>>>>>   ALIGNMENT ENDS   >>>>>>>>>>

<<<<<<<<<<  ALIGNMENT BEGINS  <<<<<<<<<<

#  Aligning reverse-kturn_conseusns and 4v4q_AA:1429-1436_1464-1470:
#  Alignment score:  36.2
#  P-value:  8.591e-02
#  Query aligned region: 0-2,8-10
#  Target aligned region: 0:'AA'1430-2:'AA'1432,11:'AA'1468-13:'AA'1470

	GGA...AAC
	AAG...ACU

#  Matched base-pairing interactions: 
	<A(2:)-A(8:) trans H/H>                        MATCHES	<G(2:'AA'1432)-A(11:'AA'1468) trans S/H>
	<G(1:)-A(9:) trans S/H>                        MATCHES	<A(1:'AA'1431)-C(12:'AA'1469) trans S/H>
	<G(0:)-C(10:) cis W/W>                         MATCHES	<A(0:'AA'1430)-U(13:'AA'1470) cis W/W>
#  Matched base-stacking interactions: 

>>>>>>>>>>   ALIGNMENT ENDS   >>>>>>>>>>

<<<<<<<<<<  ALIGNMENT BEGINS  <<<<<<<<<<

#  Aligning reverse-kturn_conseusns and 4v4q_AA:896-898_809-811_899-901:
#  Alignment score:  35.8
#  P-value:  8.910e-02
#  Query aligned region: 0-2,8-10
#  Target aligned region: 0:'AA'897-2:'AA'899,3:'AA'810-3:'AA'810,7:'AA'901-8:'AA'902

	GGA...A~AC
	CGC...C~AG

#  Matched base-pairing interactions: 
	<G(1:)-A(9:) trans S/H>                        MATCHES	<G(1:'AA'898)-A(7:'AA'901) trans S/H>
	<A(2:)-A(8:) trans H/H>                        MATCHES	<C(2:'AA'899)-C(3:'AA'810) cis H/S>
	<G(0:)-C(10:) cis W/W>                         MATCHES	<C(0:'AA'897)-G(8:'AA'902) cis W/W>
#  Matched base-stacking interactions: 

>>>>>>>>>>   ALIGNMENT ENDS   >>>>>>>>>>

<<<<<<<<<<  ALIGNMENT BEGINS  <<<<<<<<<<

#  Aligning reverse-kturn_conseusns and 4v4q_AA:1234-1236_942-945_1332-1339:
#  Alignment score:  35.6
#  P-value:  9.076e-02
#  Query aligned region: 0-1,9-10
#  Target aligned region: 3:'AA'943-4:'AA'944,13:'AA'1339-14:'AA'1340

	GG...AC
	UG...AA

#  Matched base-pairing interactions: 
	<G(1:)-A(9:) trans S/H>                        MATCHES	<G(4:'AA'944)-A(13:'AA'1339) trans S/H>
	<G(0:)-C(10:) cis W/W>                         MATCHES	<U(3:'AA'943)-A(14:'AA'1340) cis W/W>
#  Matched base-stacking interactions: 

>>>>>>>>>>   ALIGNMENT ENDS   >>>>>>>>>>

<<<<<<<<<<  ALIGNMENT BEGINS  <<<<<<<<<<

#  Aligning reverse-kturn_conseusns and 4v4q_AA:185-190:
#  Alignment score:  35.6
#  P-value:  9.076e-02
#  Query aligned region: 0-1,9-10
#  Target aligned region: 0:'AA'186-5:'AA'191

	GG...AC
	CG...AG

#  Matched base-pairing interactions: 
	<G(1:)-A(9:) trans S/H>                        MATCHES	<G(1:'AA'187)-A(4:'AA'190) trans S/H>
	<G(0:)-C(10:) cis W/W>                         MATCHES	<C(0:'AA'186)-G(5:'AA'191) cis W/W>
#  Matched base-stacking interactions: 

>>>>>>>>>>   ALIGNMENT ENDS   >>>>>>>>>>

<<<<<<<<<<  ALIGNMENT BEGINS  <<<<<<<<<<

#  Aligning reverse-kturn_conseusns and 4v4q_AA:1371-1378_1343-1349_936-937:
#  Alignment score:  35.4
#  P-value:  9.247e-02
#  Query aligned region: 0-2,8-10
#  Target aligned region: 0:'AA'1372-3:'AA'1375,10:'AA'1346-14:'AA'1350

	GG-A...A--AC
	UGAA...AGUAA

#  Matched base-pairing interactions: 
	<G(1:)-A(9:) trans S/H>                        MATCHES	<G(1:'AA'1373)-A(13:'AA'1349) trans S/H>
	<A(2:)-A(8:) trans H/H>                        MATCHES	<A(3:'AA'1375)-A(10:'AA'1346) trans H/H>
	<G(0:)-C(10:) cis W/W>                         MATCHES	<U(0:'AA'1372)-A(14:'AA'1350) cis W/W>
#  Matched base-stacking interactions: 

>>>>>>>>>>   ALIGNMENT ENDS   >>>>>>>>>>

<<<<<<<<<<  ALIGNMENT BEGINS  <<<<<<<<<<

#  Aligning reverse-kturn_conseusns and 4v4q_AA:857-862_569-571_863-873:
#  Alignment score:  35.2
#  P-value:  9.423e-02
#  Query aligned region: 0-2,8-10
#  Target aligned region: 4:'AA'862-5:'AA'863,7:'AA'571-7:'AA'571,10:'AA'865-12:'AA'867

	GG~A...AAC
	CU~U...ACG

#  Matched base-pairing interactions: 
	<G(1:)-A(9:) trans S/H>                        MATCHES	<U(5:'AA'863)-C(11:'AA'866) trans S/H>
	<A(2:)-A(8:) trans H/H>                        MATCHES	<U(7:'AA'571)-A(10:'AA'865) cis W/W>
	<G(0:)-C(10:) cis W/W>                         MATCHES	<C(4:'AA'862)-G(12:'AA'867) cis W/W>
#  Matched base-stacking interactions: 

>>>>>>>>>>   ALIGNMENT ENDS   >>>>>>>>>>

<<<<<<<<<<  ALIGNMENT BEGINS  <<<<<<<<<<

#  Aligning reverse-kturn_conseusns and 4v4q_AA:377-380_381-383_60-62:
#  Alignment score:  35
#  P-value:  9.604e-02
#  Query aligned region: 0-2,8-10
#  Target aligned region: 1:'AA'379-3:'AA'381,4:'AA'382-6:'AA'384

	GGA...AAC
	CGC...AAG

#  Matched base-pairing interactions: 
	<A(2:)-A(8:) trans H/H>                        MATCHES	<C(3:'AA'381)-A(4:'AA'382) cis -/->
	<G(1:)-A(9:) trans S/H>                        MATCHES	<G(2:'AA'380)-A(5:'AA'383) trans S/H>
	<G(0:)-C(10:) cis W/W>                         MATCHES	<C(1:'AA'379)-G(6:'AA'384) cis W/W>
#  Matched base-stacking interactions: 

>>>>>>>>>>   ALIGNMENT ENDS   >>>>>>>>>>

<<<<<<<<<<  ALIGNMENT BEGINS  <<<<<<<<<<

#  Aligning reverse-kturn_conseusns and 4v4q_AA:408-415_426-432:
#  Alignment score:  34.8
#  P-value:  9.790e-02
#  Query aligned region: 0-1,9-10
#  Target aligned region: 0:'AA'409-1:'AA'410,13:'AA'432-14:'AA'433

	GG...AC
	UG...AG

#  Matched base-pairing interactions: 
	<G(1:)-A(9:) trans S/H>                        MATCHES	<G(1:'AA'410)-A(13:'AA'432) trans S/H>
	<G(0:)-C(10:) cis W/W>                         MATCHES	<U(0:'AA'409)-G(14:'AA'433) cis W/W>
#  Matched base-stacking interactions: 

>>>>>>>>>>   ALIGNMENT ENDS   >>>>>>>>>>

<<<<<<<<<<  ALIGNMENT BEGINS  <<<<<<<<<<

#  Aligning reverse-kturn_conseusns and 4v4q_AA:1011-1017:
#  Alignment score:  34.2
#  P-value:  1.038e-01
#  Query aligned region: 0-1,9-10
#  Target aligned region: 0:'AA'1012-5:'AA'1017

	GG...AC
	AG...AU

#  Matched base-pairing interactions: 
	<G(1:)-A(9:) trans S/H>                        MATCHES	<G(1:'AA'1013)-A(4:'AA'1016) trans S/H>
	<G(0:)-C(10:) cis W/W>                         MATCHES	<A(0:'AA'1012)-U(5:'AA'1017) cis W/W>
#  Matched base-stacking interactions: 

>>>>>>>>>>   ALIGNMENT ENDS   >>>>>>>>>>

<<<<<<<<<<  ALIGNMENT BEGINS  <<<<<<<<<<

#  Aligning reverse-kturn_conseusns and 4v4q_AA:1311-1313_1268-1274_1259-1265:
#  Alignment score:  34
#  P-value:  1.059e-01
#  Query aligned region: 0-2,8-10
#  Target aligned region: 7:'AA'1273-9:'AA'1275,10:'AA'1260-12:'AA'1262

	GGA...AAC
	CAA...GAC

#  Matched base-pairing interactions: 
	<A(2:)-A(8:) trans H/H>                        MATCHES	<A(9:'AA'1275)-G(10:'AA'1260) trans H/S>
	<G(1:)-A(9:) trans S/H>                        MATCHES	<A(8:'AA'1274)-A(11:'AA'1261) trans S/H>
	<G(0:)-C(10:) cis W/W>                         MATCHES	<C(7:'AA'1273)-C(12:'AA'1262) cis W/W>
#  Matched base-stacking interactions: 

>>>>>>>>>>   ALIGNMENT ENDS   >>>>>>>>>>

<<<<<<<<<<  ALIGNMENT BEGINS  <<<<<<<<<<

#  Aligning reverse-kturn_conseusns and 4v4q_AA:552-560_24-31:
#  Alignment score:  33.7
#  P-value:  1.092e-01
#  Query aligned region: 0-2,8-10
#  Target aligned region: 3:'AA'556-6:'AA'559,9:'AA'25-11:'AA'27

	G-GA...AAC
	CGGA...CAG

#  Matched base-pairing interactions: 
	<A(2:)-A(8:) trans H/H>                        MATCHES	<A(6:'AA'559)-C(9:'AA'25) trans W/H>
	<G(0:)-C(10:) cis W/W>                         MATCHES	<C(3:'AA'556)-G(11:'AA'27) cis W/W>
	<G(1:)-A(9:) trans S/H>                        MATCHES	<G(5:'AA'558)-A(10:'AA'26) trans S/H>
#  Matched base-stacking interactions: 

>>>>>>>>>>   ALIGNMENT ENDS   >>>>>>>>>>

<<<<<<<<<<  ALIGNMENT BEGINS  <<<<<<<<<<

#  Aligning reverse-kturn_conseusns and 4v4q_AA:569-571_863-873_857-862:
#  Alignment score:  33.4
#  P-value:  1.126e-01
#  Query aligned region: 0-2,8-10
#  Target aligned region: 7:'AA'868-9:'AA'870,15:'AA'859-17:'AA'861

	GGA...AAC
	CGU...GAG

#  Matched base-pairing interactions: 
	<A(2:)-A(8:) trans H/H>                        MATCHES	<U(9:'AA'870)-G(15:'AA'859) trans H/W>
	<G(1:)-A(9:) trans S/H>                        MATCHES	<G(8:'AA'869)-A(16:'AA'860) trans S/H>
	<G(0:)-C(10:) cis W/W>                         MATCHES	<C(7:'AA'868)-G(17:'AA'861) cis W/W>
#  Matched base-stacking interactions: 

>>>>>>>>>>   ALIGNMENT ENDS   >>>>>>>>>>

<<<<<<<<<<  ALIGNMENT BEGINS  <<<<<<<<<<

#  Aligning reverse-kturn_conseusns and 4v4q_AA:1325-1331_1303-1308_1266-1267:
#  Alignment score:  33.2
#  P-value:  1.149e-01
#  Query aligned region: 0-2,8-10
#  Target aligned region: 4:'AA'1330-6:'AA'1332,8:'AA'1305-10:'AA'1307

	GGA...AAC
	UGA...GAU

#  Matched base-pairing interactions: 
	<A(2:)-A(8:) trans H/H>                        MATCHES	<A(6:'AA'1332)-G(8:'AA'1305) trans H/S>
	<G(1:)-A(9:) trans S/H>                        MATCHES	<G(5:'AA'1331)-A(9:'AA'1306) trans S/H>
	<G(0:)-C(10:) cis W/W>                         MATCHES	<U(4:'AA'1330)-U(10:'AA'1307) cis W/W>
#  Matched base-stacking interactions: 

>>>>>>>>>>   ALIGNMENT ENDS   >>>>>>>>>>

<<<<<<<<<<  ALIGNMENT BEGINS  <<<<<<<<<<

#  Aligning reverse-kturn_conseusns and 4v4q_AA:526-529_532-535_515-521:
#  Alignment score:  32
#  P-value:  1.308e-01
#  Query aligned region: 0-2,8-10
#  Target aligned region: 1:'AA'528-2:'AA'529,6:'AA'535-7:'AA'536,12:'AA'520-13:'AA'521

	GG~A...A~AC
	CG~A...C~AG

#  Matched base-pairing interactions: 
	<G(1:)-A(9:) trans S/H>                        MATCHES	<G(2:'AA'529)-A(12:'AA'520) trans S/H>
	<A(2:)-A(8:) trans H/H>                        MATCHES	<A(6:'AA'535)-C(7:'AA'536) cis S/H>
	<G(0:)-C(10:) cis W/W>                         MATCHES	<C(1:'AA'528)-G(13:'AA'521) cis W/W>
#  Matched base-stacking interactions: 

>>>>>>>>>>   ALIGNMENT ENDS   >>>>>>>>>>

<<<<<<<<<<  ALIGNMENT BEGINS  <<<<<<<<<<

#  Aligning reverse-kturn_conseusns and 4v4q_AA:19-21_908-914_884-887:
#  Alignment score:  32
#  P-value:  1.308e-01
#  Query aligned region: 0-2,8-10
#  Target aligned region: 0:'AA'20-2:'AA'22,7:'AA'913-9:'AA'915

	GGA...AAC
	UGG...AAA

#  Matched base-pairing interactions: 
	<A(2:)-A(8:) trans H/H>                        MATCHES	<G(2:'AA'22)-A(7:'AA'913) cis -/->
	<G(1:)-A(9:) trans S/H>                        MATCHES	<G(1:'AA'21)-A(8:'AA'914) trans S/H>
	<G(0:)-C(10:) cis W/W>                         MATCHES	<U(0:'AA'20)-A(9:'AA'915) trans W/W>
#  Matched base-stacking interactions: 

>>>>>>>>>>   ALIGNMENT ENDS   >>>>>>>>>>

<<<<<<<<<<  ALIGNMENT BEGINS  <<<<<<<<<<

#  Aligning reverse-kturn_conseusns and 4v4q_AA:688-691_785-786_693-697:
#  Alignment score:  31
#  P-value:  1.467e-01
#  Query aligned region: 0-2,8-10
#  Target aligned region: 2:'AA'691-3:'AA'692,5:'AA'787-5:'AA'787,6:'AA'694-8:'AA'696

	GG~A...AAC
	GU~A...AAA

#  Matched base-pairing interactions: 
	<G(1:)-A(9:) trans S/H>                        MATCHES	<U(3:'AA'692)-A(7:'AA'695) trans S/H>
	<A(2:)-A(8:) trans H/H>                        MATCHES	<A(5:'AA'787)-A(6:'AA'694) cis -/->
	<G(0:)-C(10:) cis W/W>                         MATCHES	<G(2:'AA'691)-A(8:'AA'696) trans S/H>
#  Matched base-stacking interactions: 

>>>>>>>>>>   ALIGNMENT ENDS   >>>>>>>>>>

<<<<<<<<<<  ALIGNMENT BEGINS  <<<<<<<<<<

#  Aligning reverse-kturn_conseusns and 4v4q_AA:1456-1460_1439-1444:
#  Alignment score:  30.8
#  P-value:  1.502e-01
#  Query aligned region: 0-1,9-10
#  Target aligned region: 3:'AA'1460-4:'AA'1461,6:'AA'1441-7:'AA'1442

	GG...AC
	CG...AG

#  Matched base-pairing interactions: 
	<G(1:)-A(9:) trans S/H>                        MATCHES	<G(4:'AA'1461)-A(6:'AA'1441) trans S/H>
	<G(0:)-C(10:) cis W/W>                         MATCHES	<C(3:'AA'1460)-G(7:'AA'1442) cis W/W>
#  Matched base-stacking interactions: 

>>>>>>>>>>   ALIGNMENT ENDS   >>>>>>>>>>

<<<<<<<<<<  ALIGNMENT BEGINS  <<<<<<<<<<

#  Aligning reverse-kturn_conseusns and 4v4q_AA:157-163:
#  Alignment score:  30.8
#  P-value:  1.502e-01
#  Query aligned region: 0-1,9-10
#  Target aligned region: 0:'AA'158-5:'AA'163

	GG...AC
	GG...AC

#  Matched base-pairing interactions: 
	<G(1:)-A(9:) trans S/H>                        MATCHES	<G(1:'AA'159)-A(4:'AA'162) trans S/H>
	<G(0:)-C(10:) cis W/W>                         MATCHES	<G(0:'AA'158)-C(5:'AA'163) cis W/W>
#  Matched base-stacking interactions: 

>>>>>>>>>>   ALIGNMENT ENDS   >>>>>>>>>>

<<<<<<<<<<  ALIGNMENT BEGINS  <<<<<<<<<<

#  Aligning reverse-kturn_conseusns and 4v4q_AA:1464-1470_1429-1436:
#  Alignment score:  30.5
#  P-value:  1.558e-01
#  Query aligned region: 0-2,8-10
#  Target aligned region: 1:'AA'1466-3:'AA'1468,9:'AA'1432-12:'AA'1435

	GGA...AA-C
	CCA...GAAG

#  Matched base-pairing interactions: 
	<A(2:)-A(8:) trans H/H>                        MATCHES	<A(3:'AA'1468)-G(9:'AA'1432) trans H/S>
	<G(0:)-C(10:) cis W/W>                         MATCHES	<C(1:'AA'1466)-G(12:'AA'1435) cis W/W>
	<G(1:)-A(9:) trans S/H>                        MATCHES	<C(2:'AA'1467)-A(10:'AA'1433) trans S/H>
#  Matched base-stacking interactions: 

>>>>>>>>>>   ALIGNMENT ENDS   >>>>>>>>>>

<<<<<<<<<<  ALIGNMENT BEGINS  <<<<<<<<<<

#  Aligning reverse-kturn_conseusns and 4v4q_AA:900-906_888-897_810-811:
#  Alignment score:  28.1
#  P-value:  2.135e-01
#  Query aligned region: 0-2,8-10
#  Target aligned region: 4:'AA'905-6:'AA'907,9:'AA'891-12:'AA'894

	GGA...AA-C
	UAA...UACG

#  Matched base-pairing interactions: 
	<A(2:)-A(8:) trans H/H>                        MATCHES	<A(6:'AA'907)-U(9:'AA'891) trans H/W>
	<G(0:)-C(10:) cis W/W>                         MATCHES	<U(4:'AA'905)-G(12:'AA'894) cis W/W>
	<G(1:)-A(9:) trans S/H>                        MATCHES	<A(5:'AA'906)-A(10:'AA'892) trans S/H>
#  Matched base-stacking interactions: 

>>>>>>>>>>   ALIGNMENT ENDS   >>>>>>>>>>

<<<<<<<<<<  ALIGNMENT BEGINS  <<<<<<<<<<

#  Aligning reverse-kturn_conseusns and 4v4q_AA:779-787_794-801_695-696:
#  Alignment score:  26.4
#  P-value:  2.764e-01
#  Query aligned region: 1-2,8-9
#  Target aligned region: 0:'AA'780-1:'AA'781,15:'AA'801-16:'AA'802

	GA...AA
	AA...UA

#  Matched base-pairing interactions: 
	<A(2:)-A(8:) trans H/H>                        MATCHES	<A(1:'AA'781)-U(15:'AA'801) trans H/W>
	<G(1:)-A(9:) trans S/H>                        MATCHES	<A(0:'AA'780)-A(16:'AA'802) trans S/H>
#  Matched base-stacking interactions: 

>>>>>>>>>>   ALIGNMENT ENDS   >>>>>>>>>>

<<<<<<<<<<  ALIGNMENT BEGINS  <<<<<<<<<<

#  Aligning reverse-kturn_conseusns and 4v4q_AA:351-356_111-112_53-58:
#  Alignment score:  25.2
#  P-value:  3.391e-01
#  Query aligned region: 0-1,9-10
#  Target aligned region: 4:'AA'356-5:'AA'357,9:'AA'55-10:'AA'56

	GG...AC
	AG...AU

#  Matched base-pairing interactions: 
	<G(1:)-A(9:) trans S/H>                        MATCHES	<G(5:'AA'357)-A(9:'AA'55) trans S/H>
	<G(0:)-C(10:) cis W/W>                         MATCHES	<A(4:'AA'356)-U(10:'AA'56) cis W/W>
#  Matched base-stacking interactions: 

>>>>>>>>>>   ALIGNMENT ENDS   >>>>>>>>>>

<<<<<<<<<<  ALIGNMENT BEGINS  <<<<<<<<<<

#  Aligning reverse-kturn_conseusns and 4v4q_AA:1393-1398_920-921:
#  Alignment score:  24.1
#  P-value:  4.174e-01
#  Query aligned region: 0-1,9-10
#  Target aligned region: 2:'AA'1396-5:'AA'1399,6:'AA'921-6:'AA'921

	G-G...A~C
	ACA...C~U

#  Matched base-pairing interactions: 
	<G(0:)-C(10:) cis W/W>                         MATCHES	<A(2:'AA'1396)-U(6:'AA'921) cis W/W>
	<G(1:)-A(9:) trans S/H>                        MATCHES	<A(4:'AA'1398)-C(5:'AA'1399) trans S/H>
#  Matched base-stacking interactions: 

>>>>>>>>>>   ALIGNMENT ENDS   >>>>>>>>>>

<<<<<<<<<<  ALIGNMENT BEGINS  <<<<<<<<<<

#  Aligning reverse-kturn_conseusns and 4v4q_AA:696-704_684-689:
#  Alignment score:  23.8
#  P-value:  4.435e-01
#  Query aligned region: 1-2,8-9
#  Target aligned region: 6:'AA'703-7:'AA'704,10:'AA'686-11:'AA'687

	GA...AA
	GA...UA

#  Matched base-pairing interactions: 
	<A(2:)-A(8:) trans H/H>                        MATCHES	<A(7:'AA'704)-U(10:'AA'686) trans H/W>
	<G(1:)-A(9:) trans S/H>                        MATCHES	<G(6:'AA'703)-A(11:'AA'687) trans S/H>
#  Matched base-stacking interactions: 

>>>>>>>>>>   ALIGNMENT ENDS   >>>>>>>>>>

<<<<<<<<<<  ALIGNMENT BEGINS  <<<<<<<<<<

#  Aligning reverse-kturn_conseusns and 4v4q_AA:683-688_698-705:
#  Alignment score:  23.8
#  P-value:  4.435e-01
#  Query aligned region: 0-2,8-10
#  Target aligned region: 0:'AA'684-2:'AA'686,11:'AA'704-13:'AA'706

	GGA...AAC
	UGU...AGA

#  Matched base-pairing interactions: 
	<A(2:)-A(8:) trans H/H>                        MATCHES	<U(2:'AA'686)-A(11:'AA'704) trans W/H>
	<G(1:)-A(9:) trans S/H>                        MATCHES	<G(1:'AA'685)-G(12:'AA'705) trans S/H>
	<G(0:)-C(10:) cis W/W>                         MATCHES	<U(0:'AA'684)-A(13:'AA'706) cis W/W>
#  Matched base-stacking interactions: 

>>>>>>>>>>   ALIGNMENT ENDS   >>>>>>>>>>

<<<<<<<<<<  ALIGNMENT BEGINS  <<<<<<<<<<

#  Aligning reverse-kturn_conseusns and 4v4q_AA:319-332_106-110:
#  Alignment score:  23.3
#  P-value:  4.927e-01
#  Query aligned region: 1-2,8-9
#  Target aligned region: 4:'AA'324-5:'AA'325,14:'AA'107-16:'AA'109

	GA...A-A
	GA...GGA

#  Matched base-pairing interactions: 
	<G(1:)-A(9:) trans S/H>                        MATCHES	<G(4:'AA'324)-A(16:'AA'109) trans S/H>
	<A(2:)-A(8:) trans H/H>                        MATCHES	<A(5:'AA'325)-G(14:'AA'107) cis -/->
#  Matched base-stacking interactions: 

>>>>>>>>>>   ALIGNMENT ENDS   >>>>>>>>>>

<<<<<<<<<<  ALIGNMENT BEGINS  <<<<<<<<<<

#  Aligning reverse-kturn_conseusns and 4v4q_AA:854-858_868-871_826-831:
#  Alignment score:  23.2
#  P-value:  5.036e-01
#  Query aligned region: 0-2,8-10
#  Target aligned region: 2:'AA'857-4:'AA'859,6:'AA'870-6:'AA'870,10:'AA'828-11:'AA'829

	GGA...A~AC
	CGG...U~UG

#  Matched base-pairing interactions: 
	<G(1:)-A(9:) trans S/H>                        MATCHES	<G(3:'AA'858)-U(10:'AA'828) trans S/H>
	<A(2:)-A(8:) trans H/H>                        MATCHES	<G(4:'AA'859)-U(6:'AA'870) trans W/H>
	<G(0:)-C(10:) cis W/W>                         MATCHES	<C(2:'AA'857)-G(11:'AA'829) cis W/W>
#  Matched base-stacking interactions: 

>>>>>>>>>>   ALIGNMENT ENDS   >>>>>>>>>>

<<<<<<<<<<  ALIGNMENT BEGINS  <<<<<<<<<<

#  Aligning reverse-kturn_conseusns and 4v4q_AA:1207-1213_1045-1049:
#  Alignment score:  22.2
#  P-value:  6.348e-01
#  Query aligned region: 0-1,9-10
#  Target aligned region: 0:'AA'1208-6:'AA'1214,11:'AA'1050-11:'AA'1050

	GG...A~C
	CC...C~G

#  Matched base-pairing interactions: 
	<G(0:)-C(10:) cis W/W>                         MATCHES	<C(0:'AA'1208)-G(11:'AA'1050) cis W/W>
	<G(1:)-A(9:) trans S/H>                        MATCHES	<C(1:'AA'1209)-C(6:'AA'1214) trans S/H>
#  Matched base-stacking interactions: 

>>>>>>>>>>   ALIGNMENT ENDS   >>>>>>>>>>

<<<<<<<<<<  ALIGNMENT BEGINS  <<<<<<<<<<

#  Aligning reverse-kturn_conseusns and 4v4q_AA:1235-1238_1295-1300_1301-1303:
#  Alignment score:  21.2
#  P-value:  8.248e-01
#  Query aligned region: 0-2,8-10
#  Target aligned region: 0:'AA'1236-1:'AA'1237,7:'AA'1299-7:'AA'1299,10:'AA'1302-12:'AA'1304

	GG~A...AAC
	AC~A...CCG

#  Matched base-pairing interactions: 
	<G(1:)-A(9:) trans S/H>                        MATCHES	<C(1:'AA'1237)-C(11:'AA'1303) trans S/S>
	<A(2:)-A(8:) trans H/H>                        MATCHES	<A(7:'AA'1299)-C(10:'AA'1302) trans H/H>
	<G(0:)-C(10:) cis W/W>                         MATCHES	<A(0:'AA'1236)-G(12:'AA'1304) cis S/S>
#  Matched base-stacking interactions: 

>>>>>>>>>>   ALIGNMENT ENDS   >>>>>>>>>>

<<<<<<<<<<  ALIGNMENT BEGINS  <<<<<<<<<<

#  Aligning reverse-kturn_conseusns and 4v4q_AA:684-689_696-704:
#  Alignment score:  20.8
#  P-value:  9.254e-01
#  Query aligned region: 0-1,9-10
#  Target aligned region: 4:'AA'689-5:'AA'690,6:'AA'697-7:'AA'698

	GG...AC
	CG...UG

#  Matched base-pairing interactions: 
	<G(1:)-A(9:) trans S/H>                        MATCHES	<G(5:'AA'690)-U(6:'AA'697) trans S/H>
	<G(0:)-C(10:) cis W/W>                         MATCHES	<C(4:'AA'689)-G(7:'AA'698) cis W/W>
#  Matched base-stacking interactions: 

>>>>>>>>>>   ALIGNMENT ENDS   >>>>>>>>>>

<<<<<<<<<<  ALIGNMENT BEGINS  <<<<<<<<<<

#  Aligning reverse-kturn_conseusns and 4v4q_AA:607-608_299-308_291-296:
#  Alignment score:  13.2
#  P-value:  1.000e+00
#  Query aligned region: 0-1,9-10
#  Target aligned region: 6:'AA'304-7:'AA'305,12:'AA'292-13:'AA'293

	GG...AC
	UG...GG

#  Matched base-pairing interactions: 
	<G(1:)-A(9:) trans S/H>                        MATCHES	<G(7:'AA'305)-G(12:'AA'292) trans S/H>
	<G(0:)-C(10:) cis W/W>                         MATCHES	<U(6:'AA'304)-G(13:'AA'293) cis W/W>
#  Matched base-stacking interactions: 

>>>>>>>>>>   ALIGNMENT ENDS   >>>>>>>>>>

<<<<<<<<<<  ALIGNMENT BEGINS  <<<<<<<<<<

#  Aligning reverse-kturn_conseusns and 4v4q_AA:67-74_93-101:
#  Alignment score:  13.2
#  P-value:  1.000e+00
#  Query aligned region: 0-1,9-10
#  Target aligned region: 0:'AA'68-1:'AA'69,14:'AA'100-15:'AA'101

	GG...AC
	GG...GA

#  Matched base-pairing interactions: 
	<G(1:)-A(9:) trans S/H>                        MATCHES	<G(1:'AA'69)-G(14:'AA'100) trans S/H>
	<G(0:)-C(10:) cis W/W>                         MATCHES	<G(0:'AA'68)-A(15:'AA'101) cis W/W>
#  Matched base-stacking interactions: 

>>>>>>>>>>   ALIGNMENT ENDS   >>>>>>>>>>

<<<<<<<<<<  ALIGNMENT BEGINS  <<<<<<<<<<

#  Aligning reverse-kturn_conseusns and 4v4q_AA:1342-1354_1249-1250_1367-1373:
#  Alignment score:  13.1
#  P-value:  1.000e+00
#  Query aligned region: 0-2,8-10
#  Target aligned region: 7:'AA'1350-7:'AA'1350,13:'AA'1250-14:'AA'1251,16:'AA'1369-19:'AA'1372

	G~GA...AA-C
	A~AA...CGGU

#  Matched base-pairing interactions: 
	<A(2:)-A(8:) trans H/H>                        MATCHES	<A(14:'AA'1251)-C(16:'AA'1369) cis -/->
	<G(0:)-C(10:) cis W/W>                         MATCHES	<A(7:'AA'1350)-U(19:'AA'1372) cis W/W>
	<G(1:)-A(9:) trans S/H>                        MATCHES	<A(13:'AA'1250)-G(17:'AA'1370) cis -/->
#  Matched base-stacking interactions: 

>>>>>>>>>>   ALIGNMENT ENDS   >>>>>>>>>>

<<<<<<<<<<  ALIGNMENT BEGINS  <<<<<<<<<<

#  Aligning reverse-kturn_conseusns and 4v4q_AA:426-432_408-415:
#  Alignment score:  12.6
#  P-value:  1.000e+00
#  Query aligned region: 0-1,9-10
#  Target aligned region: 0:'AA'427-1:'AA'428,13:'AA'415-14:'AA'416

	GG...AC
	UG...AG

#  Matched base-pairing interactions: 
	<G(1:)-A(9:) trans S/H>                        MATCHES	<G(1:'AA'428)-A(13:'AA'415) cis W/W>
	<G(0:)-C(10:) cis W/W>                         MATCHES	<U(0:'AA'427)-G(14:'AA'416) cis W/W>
#  Matched base-stacking interactions: 

>>>>>>>>>>   ALIGNMENT ENDS   >>>>>>>>>>

<<<<<<<<<<  ALIGNMENT BEGINS  <<<<<<<<<<

#  Aligning reverse-kturn_conseusns and 4v4q_AA:532-535_515-521_526-529:
#  Alignment score:  12.2
#  P-value:  1.000e+00
#  Query aligned region: 0-1,9-10
#  Target aligned region: 9:'AA'521-10:'AA'522,11:'AA'527-12:'AA'528

	GG...AC
	GC...GC

#  Matched base-pairing interactions: 
	<G(1:)-A(9:) trans S/H>                        MATCHES	<C(10:'AA'522)-G(11:'AA'527) cis W/W>
	<G(0:)-C(10:) cis W/W>                         MATCHES	<G(9:'AA'521)-C(12:'AA'528) cis W/W>
#  Matched base-stacking interactions: 

>>>>>>>>>>   ALIGNMENT ENDS   >>>>>>>>>>

<<<<<<<<<<  ALIGNMENT BEGINS  <<<<<<<<<<

#  Aligning reverse-kturn_conseusns and 4v4q_AA:1101-1103_1070-1076_1079-1085:
#  Alignment score:  11.8
#  P-value:  1.000e+00
#  Query aligned region: 0-1,9-10
#  Target aligned region: 8:'AA'1076-9:'AA'1077,10:'AA'1080-11:'AA'1081

	GG...AC
	UG...AA

#  Matched base-pairing interactions: 
	<G(1:)-A(9:) trans S/H>                        MATCHES	<G(9:'AA'1077)-A(10:'AA'1080) cis -/->
	<G(0:)-C(10:) cis W/W>                         MATCHES	<U(8:'AA'1076)-A(11:'AA'1081) cis W/W>
#  Matched base-stacking interactions: 

>>>>>>>>>>   ALIGNMENT ENDS   >>>>>>>>>>

<<<<<<<<<<  ALIGNMENT BEGINS  <<<<<<<<<<

#  Aligning reverse-kturn_conseusns and 4v4q_AA:1101-1103_1079-1085_1070-1076:
#  Alignment score:  10.9
#  P-value:  1.000e+00
#  Query aligned region: 0-2,8-10
#  Target aligned region: 6:'AA'1083-8:'AA'1085,10:'AA'1071-13:'AA'1074

	GGA...A-AC
	UGU...CGUG

#  Matched base-pairing interactions: 
	<G(1:)-A(9:) trans S/H>                        MATCHES	<G(7:'AA'1084)-U(12:'AA'1073) cis S/H>
	<A(2:)-A(8:) trans H/H>                        MATCHES	<U(8:'AA'1085)-C(10:'AA'1071) trans H/H>
	<G(0:)-C(10:) cis W/W>                         MATCHES	<U(6:'AA'1083)-G(13:'AA'1074) cis W/W>
#  Matched base-stacking interactions: 

>>>>>>>>>>   ALIGNMENT ENDS   >>>>>>>>>>

<<<<<<<<<<  ALIGNMENT BEGINS  <<<<<<<<<<

#  Aligning reverse-kturn_conseusns and 4v4q_AA:480-487_445-449_390-391:
#  Alignment score:  10.4
#  P-value:  1.000e+00
#  Query aligned region: 0-1,9-10
#  Target aligned region: 2:'AA'483-3:'AA'484,11:'AA'449-12:'AA'450

	GG...AC
	CG...GG

#  Matched base-pairing interactions: 
	<G(1:)-A(9:) trans S/H>                        MATCHES	<G(3:'AA'484)-G(11:'AA'449) trans W/W>
	<G(0:)-C(10:) cis W/W>                         MATCHES	<C(2:'AA'483)-G(12:'AA'450) cis W/W>
#  Matched base-stacking interactions: 

>>>>>>>>>>   ALIGNMENT ENDS   >>>>>>>>>>

<<<<<<<<<<  ALIGNMENT BEGINS  <<<<<<<<<<

#  Aligning reverse-kturn_conseusns and 4v4q_AA:53-58_111-112_351-356:
#  Alignment score:  10.4
#  P-value:  1.000e+00
#  Query aligned region: 0-1,9-10
#  Target aligned region: 4:'AA'58-4:'AA'58,7:'AA'113-7:'AA'113,9:'AA'353-10:'AA'354

	G~G...AC
	C~G...AG

#  Matched base-pairing interactions: 
	<G(0:)-C(10:) cis W/W>                         MATCHES	<C(4:'AA'58)-G(10:'AA'354) cis W/W>
	<G(1:)-A(9:) trans S/H>                        MATCHES	<G(7:'AA'113)-A(9:'AA'353) cis -/->
#  Matched base-stacking interactions: 

>>>>>>>>>>   ALIGNMENT ENDS   >>>>>>>>>>

<<<<<<<<<<  ALIGNMENT BEGINS  <<<<<<<<<<

#  Aligning reverse-kturn_conseusns and 4v4q_AA:650-658_746-754_586-587:
#  Alignment score:  9.8
#  P-value:  1.000e+00
#  Query aligned region: 3-3,4-4
#  Target aligned region: 8:'AA'659-8:'AA'659,9:'AA'747-9:'AA'747

	G...C
	U...A

#  Matched base-pairing interactions: 
	<G(3:)-C(4:) cis W/W>                          MATCHES	<U(8:'AA'659)-A(9:'AA'747) cis W/W>
#  Matched base-stacking interactions: 

>>>>>>>>>>   ALIGNMENT ENDS   >>>>>>>>>>

<<<<<<<<<<  ALIGNMENT BEGINS  <<<<<<<<<<

#  Aligning reverse-kturn_conseusns and 4v4q_AA:586-587_650-658_746-754:
#  Alignment score:  9.8
#  P-value:  1.000e+00
#  Query aligned region: 3-3,4-4
#  Target aligned region: 1:'AA'588-1:'AA'588,2:'AA'651-2:'AA'651

	G...C
	G...C

#  Matched base-pairing interactions: 
	<G(3:)-C(4:) cis W/W>                          MATCHES	<G(1:'AA'588)-C(2:'AA'651) cis W/W>
#  Matched base-stacking interactions: 

>>>>>>>>>>   ALIGNMENT ENDS   >>>>>>>>>>

<<<<<<<<<<  ALIGNMENT BEGINS  <<<<<<<<<<

#  Aligning reverse-kturn_conseusns and 4v4q_AA:241-248_274-282:
#  Alignment score:  9.8
#  P-value:  1.000e+00
#  Query aligned region: 3-3,4-4
#  Target aligned region: 7:'AA'249-7:'AA'249,8:'AA'275-8:'AA'275

	G...C
	U...G

#  Matched base-pairing interactions: 
	<G(3:)-C(4:) cis W/W>                          MATCHES	<U(7:'AA'249)-G(8:'AA'275) cis W/W>
#  Matched base-stacking interactions: 

>>>>>>>>>>   ALIGNMENT ENDS   >>>>>>>>>>

<<<<<<<<<<  ALIGNMENT BEGINS  <<<<<<<<<<

#  Aligning reverse-kturn_conseusns and 4v4q_AA:93-101_67-74:
#  Alignment score:  9.8
#  P-value:  1.000e+00
#  Query aligned region: 3-3,4-4
#  Target aligned region: 1:'AA'95-1:'AA'95,16:'AA'75-16:'AA'75

	G...C
	C...G

#  Matched base-pairing interactions: 
	<G(3:)-C(4:) cis W/W>                          MATCHES	<C(1:'AA'95)-G(16:'AA'75) cis W/W>
#  Matched base-stacking interactions: 

>>>>>>>>>>   ALIGNMENT ENDS   >>>>>>>>>>

<<<<<<<<<<  ALIGNMENT BEGINS  <<<<<<<<<<

#  Aligning reverse-kturn_conseusns and 4v4q_AA:381-383_60-62_377-380:
#  Alignment score:  9.6
#  P-value:  1.000e+00
#  Query aligned region: 0-1,9-10
#  Target aligned region: 2:'AA'384-2:'AA'384,3:'AA'61-3:'AA'61,6:'AA'378-7:'AA'379

	G~G...AC
	G~G...GC

#  Matched base-pairing interactions: 
	<G(1:)-A(9:) trans S/H>                        MATCHES	<G(3:'AA'61)-G(6:'AA'378) trans S/S>
	<G(0:)-C(10:) cis W/W>                         MATCHES	<G(2:'AA'384)-C(7:'AA'379) cis W/W>
#  Matched base-stacking interactions: 

>>>>>>>>>>   ALIGNMENT ENDS   >>>>>>>>>>

<<<<<<<<<<  ALIGNMENT BEGINS  <<<<<<<<<<

#  Aligning reverse-kturn_conseusns and 4v4q_AA:1194-1204_1052-1060:
#  Alignment score:  8.2
#  P-value:  1.000e+00
#  Query aligned region: 3-3,4-4
#  Target aligned region: 2:'AA'1197-2:'AA'1197,18:'AA'1060-18:'AA'1060

	G...C
	A...U

#  Matched base-pairing interactions: 
	<G(3:)-C(4:) cis W/W>                          MATCHES	<A(2:'AA'1197)-U(18:'AA'1060) cis W/W>
#  Matched base-stacking interactions: 

>>>>>>>>>>   ALIGNMENT ENDS   >>>>>>>>>>

<<<<<<<<<<  ALIGNMENT BEGINS  <<<<<<<<<<

#  Aligning reverse-kturn_conseusns and 4v4q_AA:948-950_1230-1232_962-971:
#  Alignment score:  7.2
#  P-value:  1.000e+00
#  Query aligned region: 0-2,8-10
#  Target aligned region: 0:'AA'949-0:'AA'949,3:'AA'1231-3:'AA'1231,7:'AA'964-14:'AA'971

	G~G~A...AAC
	A~G~A...ACG

#  Matched base-pairing interactions: 
	<G(0:)-C(10:) cis W/W>                         MATCHES	<A(0:'AA'949)-G(14:'AA'971) trans S/H>
	<G(1:)-A(9:) trans S/H>                        MATCHES	<G(3:'AA'1231)-C(13:'AA'970) trans S/S>
	<A(2:)-A(8:) trans H/H>                        MATCHES	<A(7:'AA'964)-A(12:'AA'969) cis -/->
#  Matched base-stacking interactions: 

>>>>>>>>>>   ALIGNMENT ENDS   >>>>>>>>>>

<<<<<<<<<<  ALIGNMENT BEGINS  <<<<<<<<<<

#  Aligning reverse-kturn_conseusns and 4v4q_AA:1230-1232_962-971_948-950:
#  Alignment score:  5.8
#  P-value:  1.000e+00
#  Query aligned region: 3-3,4-4
#  Target aligned region: 3:'AA'963-12:'AA'972

	G...C
	G...C

#  Matched base-pairing interactions: 
	<G(3:)-C(4:) cis W/W>                          MATCHES	<G(3:'AA'963)-C(12:'AA'972) cis W/W>
#  Matched base-stacking interactions: 

>>>>>>>>>>   ALIGNMENT ENDS   >>>>>>>>>>

<<<<<<<<<<  ALIGNMENT BEGINS  <<<<<<<<<<

#  Aligning reverse-kturn_conseusns and 4v4q_AA:1127-1145:
#  Alignment score:  5.3
#  P-value:  1.000e+00
#  Query aligned region: 0-1,9-10
#  Target aligned region: 6:'AA'1134-12:'AA'1140

	GG...A-C
	GU...GGC

#  Matched base-pairing interactions: 
	<G(0:)-C(10:) cis W/W>                         MATCHES	<G(6:'AA'1134)-C(12:'AA'1140) cis W/W>
	<G(1:)-A(9:) trans S/H>                        MATCHES	<U(7:'AA'1135)-G(10:'AA'1138) trans W/W>
#  Matched base-stacking interactions: 

>>>>>>>>>>   ALIGNMENT ENDS   >>>>>>>>>>

<<<<<<<<<<  ALIGNMENT BEGINS  <<<<<<<<<<

#  Aligning reverse-kturn_conseusns and 4v4q_AA:106-110_319-332:
#  Alignment score:  4.6
#  P-value:  1.000e+00
#  Query aligned region: 0-2,8-10
#  Target aligned region: 7:'AA'322-13:'AA'328

	GGA...AAC
	CUG...GAC

#  Matched base-pairing interactions: 
	<A(2:)-A(8:) trans H/H>                        MATCHES	<G(9:'AA'324)-G(11:'AA'326) cis -/->
	<G(1:)-A(9:) trans S/H>                        MATCHES	<U(8:'AA'323)-A(12:'AA'327) trans W/H>
	<G(0:)-C(10:) cis W/W>                         MATCHES	<C(7:'AA'322)-C(13:'AA'328) cis -/->
#  Matched base-stacking interactions: 

>>>>>>>>>>   ALIGNMENT ENDS   >>>>>>>>>>

<<<<<<<<<<  ALIGNMENT BEGINS  <<<<<<<<<<

#  Aligning reverse-kturn_conseusns and 4v4q_AA:839-845:
#  Alignment score:  2.6
#  P-value:  1.000e+00
#  Query aligned region: 3-3,4-4
#  Target aligned region: 0:'AA'840-6:'AA'846

	G...C
	C...G

#  Matched base-pairing interactions: 
	<G(3:)-C(4:) cis W/W>                          MATCHES	<C(0:'AA'840)-G(6:'AA'846) cis W/W>
#  Matched base-stacking interactions: 

>>>>>>>>>>   ALIGNMENT ENDS   >>>>>>>>>>

