$ /home/s081p868/scratch/RNAMotifScanX-release/bin/scan /home/s081p868/scratch/RNAMotifScanX-release/models/e-loop_consensus.struct /rfs/poseidon_share/s081p868/RNAMotifScanX_nr/rmsx_work_default/4v7v/DA/4v7v_DA.rmsx.in --map_pdb=/rfs/poseidon_share/s081p868/RNAMotifScanX_nr/rmsx_work_default/4v7v/DA/4v7v_DA.rmsx.nch --pvalue 1.0 --num_threads 16 --write_alignment
<<<<<<<<<<  ALIGNMENT BEGINS  <<<<<<<<<<

#  Aligning Eloop_consensus and 4v7v_DA:239-241_259-261:
#  Alignment score:  50.2
#  P-value:  1.859e-02
#  Query aligned region: 0-1,4-5
#  Target aligned region: 1:'DA'298-2:'DA'299,3:'DA'339-4:'DA'340

	GA...UA
	GA...UA

#  Matched base-pairing interactions: 
	<A(1:)-U(4:) trans H/W>                        MATCHES	<A(2:'DA'299)-U(3:'DA'339) trans H/W>
	<G(0:)-A(5:) trans S/H>                        MATCHES	<G(1:'DA'298)-A(4:'DA'340) trans S/H>
#  Matched base-stacking interactions: 

>>>>>>>>>>   ALIGNMENT ENDS   >>>>>>>>>>

<<<<<<<<<<  ALIGNMENT BEGINS  <<<<<<<<<<

#  Aligning Eloop_consensus and 4v7v_DA:144-147_171-174:
#  Alignment score:  49.4
#  P-value:  1.932e-02
#  Query aligned region: 0-1,4-5
#  Target aligned region: 2:'DA'189-3:'DA'190,4:'DA'206-5:'DA'207

	GA...UA
	GA...UA

#  Matched base-pairing interactions: 
	<A(1:)-U(4:) trans H/W>                        MATCHES	<A(3:'DA'190)-U(4:'DA'206) trans H/W>
	<G(0:)-A(5:) trans S/H>                        MATCHES	<G(2:'DA'189)-A(5:'DA'207) trans S/H>
#  Matched base-stacking interactions: 

>>>>>>>>>>   ALIGNMENT ENDS   >>>>>>>>>>

<<<<<<<<<<  ALIGNMENT BEGINS  <<<<<<<<<<

#  Aligning Eloop_consensus and 4v7v_DA:345-348_332-335_341-343:
#  Alignment score:  46
#  P-value:  2.291e-02
#  Query aligned region: 0-2,3-5
#  Target aligned region: 1:'DA'469-3:'DA'473,4:'DA'455-4:'DA'455,8:'DA'459-9:'DA'460

	GAG...G~UA
	GAG...C~UA

#  Matched base-pairing interactions: 
	<A(1:)-U(4:) trans H/W>                        MATCHES	<A(2:'DA'470)-U(8:'DA'459) trans H/W>
	<G(2:)-G(3:) trans H/S>                        MATCHES	<G(3:'DA'473)-C(4:'DA'455) cis -/->
	<G(0:)-A(5:) trans S/H>                        MATCHES	<G(1:'DA'469)-A(9:'DA'460) trans S/H>
#  Matched base-stacking interactions: 

>>>>>>>>>>   ALIGNMENT ENDS   >>>>>>>>>>

<<<<<<<<<<  ALIGNMENT BEGINS  <<<<<<<<<<

#  Aligning Eloop_consensus and 4v7v_DA:808-812_861-865:
#  Alignment score:  39.8
#  P-value:  3.267e-02
#  Query aligned region: 0-1,4-5
#  Target aligned region: 2:'DA'1418-4:'DA'1419,5:'DA'1578-7:'DA'1580

	G-A...U-A
	GUA...UAA

#  Matched base-pairing interactions: 
	<G(0:)-A(5:) trans S/H>                        MATCHES	<G(2:'DA'1418)-A(7:'DA'1580) trans S/H>
	<A(1:)-U(4:) trans H/W>                        MATCHES	<A(4:'DA'1419)-U(5:'DA'1578) trans H/W>
#  Matched base-stacking interactions: 

>>>>>>>>>>   ALIGNMENT ENDS   >>>>>>>>>>

<<<<<<<<<<  ALIGNMENT BEGINS  <<<<<<<<<<

#  Aligning Eloop_consensus and 4v7v_DA:605-606_549-552:
#  Alignment score:  32.8
#  P-value:  5.357e-02
#  Query aligned region: 0-2,3-5
#  Target aligned region: 0:'DA'972-1:'DA'973,2:'DA'810-5:'DA'821

	GA~G...GUA
	AA~U...UAA

#  Matched base-pairing interactions: 
	<G(2:)-G(3:) trans H/S>                        MATCHES	<U(2:'DA'810)-U(3:'DA'811) trans S/S>
	<A(1:)-U(4:) trans H/W>                        MATCHES	<A(1:'DA'973)-A(4:'DA'820) cis -/->
	<G(0:)-A(5:) trans S/H>                        MATCHES	<A(0:'DA'972)-A(5:'DA'821) trans S/H>
#  Matched base-stacking interactions: 

>>>>>>>>>>   ALIGNMENT ENDS   >>>>>>>>>>

<<<<<<<<<<  ALIGNMENT BEGINS  <<<<<<<<<<

#  Aligning Eloop_consensus and 4v7v_DA:961-964_989-992:
#  Alignment score:  28
#  P-value:  8.213e-02
#  Query aligned region: 0-2,3-5
#  Target aligned region: 0:'DA'1857-2:'DA'1859,5:'DA'1883-7:'DA'1885

	GAG...GUA
	GAU...UGA

#  Matched base-pairing interactions: 
	<G(2:)-G(3:) trans H/S>                        MATCHES	<U(2:'DA'1859)-U(5:'DA'1883) cis W/W>
	<A(1:)-U(4:) trans H/W>                        MATCHES	<A(1:'DA'1858)-G(6:'DA'1884) trans H/S>
	<G(0:)-A(5:) trans S/H>                        MATCHES	<G(0:'DA'1857)-A(7:'DA'1885) trans S/H>
#  Matched base-stacking interactions: 

>>>>>>>>>>   ALIGNMENT ENDS   >>>>>>>>>>

<<<<<<<<<<  ALIGNMENT BEGINS  <<<<<<<<<<

#  Aligning Eloop_consensus and 4v7v_DA:926-928_919-921:
#  Alignment score:  27.6
#  P-value:  8.549e-02
#  Query aligned region: 0-2,3-5
#  Target aligned region: 0:'DA'1738-2:'DA'1741,3:'DA'1720-5:'DA'1722

	GAG...GUA
	GGC...UGA

#  Matched base-pairing interactions: 
	<G(2:)-G(3:) trans H/S>                        MATCHES	<C(2:'DA'1741)-U(3:'DA'1720) cis W/S>
	<A(1:)-U(4:) trans H/W>                        MATCHES	<G(1:'DA'1740)-G(4:'DA'1721) cis W/S>
	<G(0:)-A(5:) trans S/H>                        MATCHES	<G(0:'DA'1738)-A(5:'DA'1722) trans S/H>
#  Matched base-stacking interactions: 

>>>>>>>>>>   ALIGNMENT ENDS   >>>>>>>>>>

<<<<<<<<<<  ALIGNMENT BEGINS  <<<<<<<<<<

#  Aligning Eloop_consensus and 4v7v_DA:369-371_2-5:
#  Alignment score:  27.6
#  P-value:  8.549e-02
#  Query aligned region: 1-2,3-4
#  Target aligned region: 0:'DA'526-2:'DA'528,3:'DA'12-3:'DA'12

	AG...G~U
	AC...A~U

#  Matched base-pairing interactions: 
	<G(2:)-G(3:) trans H/S>                        MATCHES	<C(1:'DA'527)-A(2:'DA'528) cis -/->
	<A(1:)-U(4:) trans H/W>                        MATCHES	<A(0:'DA'526)-U(3:'DA'12) trans H/W>
#  Matched base-stacking interactions: 

>>>>>>>>>>   ALIGNMENT ENDS   >>>>>>>>>>

<<<<<<<<<<  ALIGNMENT BEGINS  <<<<<<<<<<

#  Aligning Eloop_consensus and 4v7v_DA:1265-1267_1194-1197_1253-1256:
#  Alignment score:  25.4
#  P-value:  1.083e-01
#  Query aligned region: 0-2,3-5
#  Target aligned region: 1:'DA'2365-1:'DA'2365,5:'DA'2289-6:'DA'2291,7:'DA'2341-9:'DA'2352

	G~AG...GUA
	G~GU...GAA

#  Matched base-pairing interactions: 
	<G(2:)-G(3:) trans H/S>                        MATCHES	<U(6:'DA'2291)-G(7:'DA'2341) cis W/W>
	<G(0:)-A(5:) trans S/H>                        MATCHES	<G(1:'DA'2365)-A(9:'DA'2352) trans S/H>
	<A(1:)-U(4:) trans H/W>                        MATCHES	<G(5:'DA'2289)-A(8:'DA'2346) cis S/H>
#  Matched base-stacking interactions: 

>>>>>>>>>>   ALIGNMENT ENDS   >>>>>>>>>>

<<<<<<<<<<  ALIGNMENT BEGINS  <<<<<<<<<<

#  Aligning Eloop_consensus and 4v7v_DA:360-361_9-14:
#  Alignment score:  25.4
#  P-value:  1.083e-01
#  Query aligned region: 0-1,4-5
#  Target aligned region: 0:'DA'512-1:'DA'513,6:'DA'27-7:'DA'28

	GA...UA
	GA...GA

#  Matched base-pairing interactions: 
	<A(1:)-U(4:) trans H/W>                        MATCHES	<A(1:'DA'513)-G(6:'DA'27) trans H/S>
	<G(0:)-A(5:) trans S/H>                        MATCHES	<G(0:'DA'512)-A(7:'DA'28) trans S/H>
#  Matched base-stacking interactions: 

>>>>>>>>>>   ALIGNMENT ENDS   >>>>>>>>>>

<<<<<<<<<<  ALIGNMENT BEGINS  <<<<<<<<<<

#  Aligning Eloop_consensus and 4v7v_DA:168-170_153-155:
#  Alignment score:  25.2
#  P-value:  1.108e-01
#  Query aligned region: 0-1,4-5
#  Target aligned region: 1:'DA'203-2:'DA'204,3:'DA'191-4:'DA'192

	GA...UA
	AA...AC

#  Matched base-pairing interactions: 
	<A(1:)-U(4:) trans H/W>                        MATCHES	<A(2:'DA'204)-A(3:'DA'191) trans H/H>
	<G(0:)-A(5:) trans S/H>                        MATCHES	<A(1:'DA'203)-C(4:'DA'192) trans S/H>
#  Matched base-stacking interactions: 

>>>>>>>>>>   ALIGNMENT ENDS   >>>>>>>>>>

<<<<<<<<<<  ALIGNMENT BEGINS  <<<<<<<<<<

#  Aligning Eloop_consensus and 4v7v_DA:450-454_457-458:
#  Alignment score:  24.6
#  P-value:  1.188e-01
#  Query aligned region: 0-0,5-5
#  Target aligned region: 3:'DA'630-3:'DA'630,6:'DA'633-6:'DA'633

	G...A
	G...A

#  Matched base-pairing interactions: 
	<G(0:)-A(5:) trans S/H>                        MATCHES	<G(3:'DA'630)-A(6:'DA'633) trans S/H>
#  Matched base-stacking interactions: 

>>>>>>>>>>   ALIGNMENT ENDS   >>>>>>>>>>

<<<<<<<<<<  ALIGNMENT BEGINS  <<<<<<<<<<

#  Aligning Eloop_consensus and 4v7v_DA:370-372_1093-1094:
#  Alignment score:  24.6
#  P-value:  1.188e-01
#  Query aligned region: 1-1,4-4
#  Target aligned region: 2:'DA'529-2:'DA'529,3:'DA'2041-3:'DA'2041

	A...U
	A...U

#  Matched base-pairing interactions: 
	<A(1:)-U(4:) trans H/W>                        MATCHES	<A(2:'DA'529)-U(3:'DA'2041) trans H/W>
#  Matched base-stacking interactions: 

>>>>>>>>>>   ALIGNMENT ENDS   >>>>>>>>>>

<<<<<<<<<<  ALIGNMENT BEGINS  <<<<<<<<<<

#  Aligning Eloop_consensus and 4v7v_DA:1344-1349:
#  Alignment score:  24.6
#  P-value:  1.188e-01
#  Query aligned region: 0-0,5-5
#  Target aligned region: 1:'DA'2472-4:'DA'2478

	G...A
	G...A

#  Matched base-pairing interactions: 
	<G(0:)-A(5:) trans S/H>                        MATCHES	<G(1:'DA'2472)-A(4:'DA'2478) trans S/H>
#  Matched base-stacking interactions: 

>>>>>>>>>>   ALIGNMENT ENDS   >>>>>>>>>>

<<<<<<<<<<  ALIGNMENT BEGINS  <<<<<<<<<<

#  Aligning Eloop_consensus and 4v7v_DA:949-951_936-940:
#  Alignment score:  24.6
#  P-value:  1.188e-01
#  Query aligned region: 0-0,5-5
#  Target aligned region: 2:'DA'1828-2:'DA'1828,3:'DA'1791-3:'DA'1791

	G...A
	G...A

#  Matched base-pairing interactions: 
	<G(0:)-A(5:) trans S/H>                        MATCHES	<G(2:'DA'1828)-A(3:'DA'1791) trans S/H>
#  Matched base-stacking interactions: 

>>>>>>>>>>   ALIGNMENT ENDS   >>>>>>>>>>

<<<<<<<<<<  ALIGNMENT BEGINS  <<<<<<<<<<

#  Aligning Eloop_consensus and 4v7v_DA:524-525_521-522_887-888:
#  Alignment score:  24.6
#  P-value:  1.188e-01
#  Query aligned region: 0-0,5-5
#  Target aligned region: 1:'DA'733-1:'DA'733,2:'DA'699-2:'DA'699

	G...A
	G...A

#  Matched base-pairing interactions: 
	<G(0:)-A(5:) trans S/H>                        MATCHES	<G(1:'DA'733)-A(2:'DA'699) trans S/H>
#  Matched base-stacking interactions: 

>>>>>>>>>>   ALIGNMENT ENDS   >>>>>>>>>>

<<<<<<<<<<  ALIGNMENT BEGINS  <<<<<<<<<<

#  Aligning Eloop_consensus and 4v7v_DA:426-428_1079-1082_1076-1078:
#  Alignment score:  24.4
#  P-value:  1.217e-01
#  Query aligned region: 0-1,4-5
#  Target aligned region: 2:'DA'572-2:'DA'572,4:'DA'2033-4:'DA'2033,7:'DA'2028-8:'DA'2029

	G~A...UA
	A~A...UG

#  Matched base-pairing interactions: 
	<G(0:)-A(5:) trans S/H>                        MATCHES	<A(2:'DA'572)-G(8:'DA'2029) trans W/S>
	<A(1:)-U(4:) trans H/W>                        MATCHES	<A(4:'DA'2033)-U(7:'DA'2028) trans H/W>
#  Matched base-stacking interactions: 

>>>>>>>>>>   ALIGNMENT ENDS   >>>>>>>>>>

<<<<<<<<<<  ALIGNMENT BEGINS  <<<<<<<<<<

#  Aligning Eloop_consensus and 4v7v_DA:792-793_784-786:
#  Alignment score:  23.8
#  P-value:  1.311e-01
#  Query aligned region: 1-1,4-4
#  Target aligned region: 0:'DA'1395-0:'DA'1395,4:'DA'1390-4:'DA'1390

	A...U
	A...U

#  Matched base-pairing interactions: 
	<A(1:)-U(4:) trans H/W>                        MATCHES	<A(0:'DA'1395)-U(4:'DA'1390) trans H/W>
#  Matched base-stacking interactions: 

>>>>>>>>>>   ALIGNMENT ENDS   >>>>>>>>>>

<<<<<<<<<<  ALIGNMENT BEGINS  <<<<<<<<<<

#  Aligning Eloop_consensus and 4v7v_DA:411-412_376-381:
#  Alignment score:  23.8
#  P-value:  1.311e-01
#  Query aligned region: 0-0,5-5
#  Target aligned region: 0:'DA'555-0:'DA'555,7:'DA'538-7:'DA'538

	G...A
	G...A

#  Matched base-pairing interactions: 
	<G(0:)-A(5:) trans S/H>                        MATCHES	<G(0:'DA'555)-A(7:'DA'538) trans S/H>
#  Matched base-stacking interactions: 

>>>>>>>>>>   ALIGNMENT ENDS   >>>>>>>>>>

<<<<<<<<<<  ALIGNMENT BEGINS  <<<<<<<<<<

#  Aligning Eloop_consensus and 4v7v_DA:376-381_411-412:
#  Alignment score:  23.8
#  P-value:  1.311e-01
#  Query aligned region: 0-0,5-5
#  Target aligned region: 0:'DA'537-0:'DA'537,7:'DA'556-7:'DA'556

	G...A
	G...A

#  Matched base-pairing interactions: 
	<G(0:)-A(5:) trans S/H>                        MATCHES	<G(0:'DA'537)-A(7:'DA'556) trans S/H>
#  Matched base-stacking interactions: 

>>>>>>>>>>   ALIGNMENT ENDS   >>>>>>>>>>

<<<<<<<<<<  ALIGNMENT BEGINS  <<<<<<<<<<

#  Aligning Eloop_consensus and 4v7v_DA:906-907_896-901_1058-1064:
#  Alignment score:  22.6
#  P-value:  1.533e-01
#  Query aligned region: 1-2,3-4
#  Target aligned region: 0:'DA'1668-0:'DA'1668,2:'DA'1645-3:'DA'1646,8:'DA'1991-8:'DA'1991

	A~G...G~U
	A~G...C~U

#  Matched base-pairing interactions: 
	<A(1:)-U(4:) trans H/W>                        MATCHES	<A(0:'DA'1668)-U(8:'DA'1991) trans H/W>
	<G(2:)-G(3:) trans H/S>                        MATCHES	<G(2:'DA'1645)-C(3:'DA'1646) trans S/S>
#  Matched base-stacking interactions: 

>>>>>>>>>>   ALIGNMENT ENDS   >>>>>>>>>>

<<<<<<<<<<  ALIGNMENT BEGINS  <<<<<<<<<<

#  Aligning Eloop_consensus and 4v7v_DA:53-57_117-119:
#  Alignment score:  21.4
#  P-value:  1.816e-01
#  Query aligned region: 0-0,5-5
#  Target aligned region: 2:'DA'51-2:'DA'51,5:'DA'118-5:'DA'118

	G...A
	G...A

#  Matched base-pairing interactions: 
	<G(0:)-A(5:) trans S/H>                        MATCHES	<G(2:'DA'51)-A(5:'DA'118) trans S/H>
#  Matched base-stacking interactions: 

>>>>>>>>>>   ALIGNMENT ENDS   >>>>>>>>>>

<<<<<<<<<<  ALIGNMENT BEGINS  <<<<<<<<<<

#  Aligning Eloop_consensus and 4v7v_DA:1058-1064_896-901_906-907:
#  Alignment score:  5
#  P-value:  1.000e+00
#  Query aligned region: 0-2,3-5
#  Target aligned region: 5:'DA'1995-6:'DA'1996,7:'DA'1645-10:'DA'1665

	GA~G...GUA
	UC~G...CAA

#  Matched base-pairing interactions: 
	<G(2:)-G(3:) trans H/S>                        MATCHES	<G(7:'DA'1645)-C(8:'DA'1646) trans S/S>
	<A(1:)-U(4:) trans H/W>                        MATCHES	<C(6:'DA'1996)-A(9:'DA'1664) trans W/W>
	<G(0:)-A(5:) trans S/H>                        MATCHES	<U(5:'DA'1995)-A(10:'DA'1665) cis W/W>
#  Matched base-stacking interactions: 

>>>>>>>>>>   ALIGNMENT ENDS   >>>>>>>>>>

<<<<<<<<<<  ALIGNMENT BEGINS  <<<<<<<<<<

#  Aligning Eloop_consensus and 4v7v_DA:1402-1403_1452-1454:
#  Alignment score:  1.9
#  P-value:  1.000e+00
#  Query aligned region: 
#  Target aligned region: 

	
	

#  Matched base-pairing interactions: 
#  Matched base-stacking interactions: 

>>>>>>>>>>   ALIGNMENT ENDS   >>>>>>>>>>

<<<<<<<<<<  ALIGNMENT BEGINS  <<<<<<<<<<

#  Aligning Eloop_consensus and 4v7v_DA:1058-1060_906-912:
#  Alignment score:  1.9
#  P-value:  1.000e+00
#  Query aligned region: 
#  Target aligned region: 

	
	

#  Matched base-pairing interactions: 
#  Matched base-stacking interactions: 

>>>>>>>>>>   ALIGNMENT ENDS   >>>>>>>>>>

<<<<<<<<<<  ALIGNMENT BEGINS  <<<<<<<<<<

#  Aligning Eloop_consensus and 4v7v_DA:184-185_178-180:
#  Alignment score:  1.9
#  P-value:  1.000e+00
#  Query aligned region: 
#  Target aligned region: 

	
	

#  Matched base-pairing interactions: 
#  Matched base-stacking interactions: 

>>>>>>>>>>   ALIGNMENT ENDS   >>>>>>>>>>

<<<<<<<<<<  ALIGNMENT BEGINS  <<<<<<<<<<

#  Aligning Eloop_consensus and 4v7v_DA:784-786_792-793:
#  Alignment score:  1.8
#  P-value:  1.000e+00
#  Query aligned region: 
#  Target aligned region: 

	
	

#  Matched base-pairing interactions: 
#  Matched base-stacking interactions: 

>>>>>>>>>>   ALIGNMENT ENDS   >>>>>>>>>>

<<<<<<<<<<  ALIGNMENT BEGINS  <<<<<<<<<<

#  Aligning Eloop_consensus and 4v7v_DA:1452-1454_1402-1403:
#  Alignment score:  1.7
#  P-value:  1.000e+00
#  Query aligned region: 
#  Target aligned region: 

	
	

#  Matched base-pairing interactions: 
#  Matched base-stacking interactions: 

>>>>>>>>>>   ALIGNMENT ENDS   >>>>>>>>>>

<<<<<<<<<<  ALIGNMENT BEGINS  <<<<<<<<<<

#  Aligning Eloop_consensus and 4v7v_DA:2-5_369-371:
#  Alignment score:  1.7
#  P-value:  1.000e+00
#  Query aligned region: 
#  Target aligned region: 

	
	

#  Matched base-pairing interactions: 
#  Matched base-stacking interactions: 

>>>>>>>>>>   ALIGNMENT ENDS   >>>>>>>>>>

<<<<<<<<<<  ALIGNMENT BEGINS  <<<<<<<<<<

#  Aligning Eloop_consensus and 4v7v_DA:178-180_184-185:
#  Alignment score:  1.5
#  P-value:  1.000e+00
#  Query aligned region: 
#  Target aligned region: 

	
	

#  Matched base-pairing interactions: 
#  Matched base-stacking interactions: 

>>>>>>>>>>   ALIGNMENT ENDS   >>>>>>>>>>

<<<<<<<<<<  ALIGNMENT BEGINS  <<<<<<<<<<

#  Aligning Eloop_consensus and 4v7v_DA:1093-1094_370-372:
#  Alignment score:  1
#  P-value:  1.000e+00
#  Query aligned region: 
#  Target aligned region: 

	
	

#  Matched base-pairing interactions: 
#  Matched base-stacking interactions: 

>>>>>>>>>>   ALIGNMENT ENDS   >>>>>>>>>>

<<<<<<<<<<  ALIGNMENT BEGINS  <<<<<<<<<<

#  Aligning Eloop_consensus and 4v7v_DA:460-464:
#  Alignment score:  1
#  P-value:  1.000e+00
#  Query aligned region: 
#  Target aligned region: 

	
	

#  Matched base-pairing interactions: 
#  Matched base-stacking interactions: 

>>>>>>>>>>   ALIGNMENT ENDS   >>>>>>>>>>

<<<<<<<<<<  ALIGNMENT BEGINS  <<<<<<<<<<

# scan failed rc=-11
