$ /home/s081p868/scratch/RNAMotifScanX-release/bin/scan /home/s081p868/scratch/RNAMotifScanX-release/models/reverse-kturn_consensus.struct /rfs/poseidon_share/s081p868/RNAMotifScanX_nr/rmsx_work_default/7k00/a/7k00_a.rmsx.in --map_pdb=/rfs/poseidon_share/s081p868/RNAMotifScanX_nr/rmsx_work_default/7k00/a/7k00_a.rmsx.nch --pvalue 1.0 --num_threads 8 --write_alignment
<<<<<<<<<<  ALIGNMENT BEGINS  <<<<<<<<<<

#  Aligning reverse-kturn_conseusns and 7k00_a:946-952_937-939:
#  Alignment score:  35
#  P-value:  8.559e-02
#  Query aligned region: 0-1,9-10
#  Target aligned region: 5:a1827-6:a1828,7:a1791-8:a1792

	GG...AC
	UG...AG

#  Matched base-pairing interactions: 
	<G(1:)-A(9:) trans S/H>                        MATCHES	<G(6:a1828)-A(7:a1791) trans S/H>
	<G(0:)-C(10:) cis W/W>                         MATCHES	<U(5:a1827)-G(8:a1792) cis W/W>
#  Matched base-stacking interactions: 

>>>>>>>>>>   ALIGNMENT ENDS   >>>>>>>>>>

<<<<<<<<<<  ALIGNMENT BEGINS  <<<<<<<<<<

#  Aligning reverse-kturn_conseusns and 7k00_a:420-427_410-416:
#  Alignment score:  34.8
#  P-value:  8.724e-02
#  Query aligned region: 0-1,9-10
#  Target aligned region: 6:a724-7:a725,9:a706-10:a707

	GG...AC
	UG...AG

#  Matched base-pairing interactions: 
	<G(1:)-A(9:) trans S/H>                        MATCHES	<G(7:a725)-A(9:a706) trans S/H>
	<G(0:)-C(10:) cis W/W>                         MATCHES	<U(6:a724)-G(10:a707) cis W/W>
#  Matched base-stacking interactions: 

>>>>>>>>>>   ALIGNMENT ENDS   >>>>>>>>>>

<<<<<<<<<<  ALIGNMENT BEGINS  <<<<<<<<<<

#  Aligning reverse-kturn_conseusns and 7k00_a:990-996_960-965:
#  Alignment score:  31.6
#  P-value:  1.217e-01
#  Query aligned region: 0-2,8-10
#  Target aligned region: 1:a1883-3:a1885,9:a1857-11:a1859

	GGA...AAC
	UGA...GAU

#  Matched base-pairing interactions: 
	<A(2:)-A(8:) trans H/H>                        MATCHES	<A(3:a1885)-G(9:a1857) trans H/S>
	<G(1:)-A(9:) trans S/H>                        MATCHES	<G(2:a1884)-A(10:a1858) trans S/H>
	<G(0:)-C(10:) cis W/W>                         MATCHES	<U(1:a1883)-U(11:a1859) cis W/W>
#  Matched base-stacking interactions: 

>>>>>>>>>>   ALIGNMENT ENDS   >>>>>>>>>>

<<<<<<<<<<  ALIGNMENT BEGINS  <<<<<<<<<<

#  Aligning reverse-kturn_conseusns and 7k00_a:325-338:
#  Alignment score:  31.6
#  P-value:  1.217e-01
#  Query aligned region: 1-3,4-9
#  Target aligned region: 0:a537-12:a556

	GAG...C-ACAAA
	GAC...GUCCAGA

#  Matched base-pairing interactions: 
	<G(3:)-C(4:) cis W/W>                          MATCHES	<C(2:a540)-G(6:a553) cis W/W>
	<A(2:)-A(8:) trans H/H>                        MATCHES	<A(1:a538)-G(11:a555) trans H/S>
	<G(1:)-A(9:) trans S/H>                        MATCHES	<G(0:a537)-A(12:a556) trans S/H>
#  Matched base-stacking interactions: 

>>>>>>>>>>   ALIGNMENT ENDS   >>>>>>>>>>

<<<<<<<<<<  ALIGNMENT BEGINS  <<<<<<<<<<

#  Aligning reverse-kturn_conseusns and 7k00_a:336-337_14-15_322-325:
#  Alignment score:  29
#  P-value:  1.674e-01
#  Query aligned region: 0-2,8-10
#  Target aligned region: 1:a556-1:a556,2:a27-3:a28,5:a512-7:a537

	G~GA...AAC
	A~GA...GAG

#  Matched base-pairing interactions: 
	<A(2:)-A(8:) trans H/H>                        MATCHES	<A(3:a28)-G(5:a512) trans H/S>
	<G(1:)-A(9:) trans S/H>                        MATCHES	<G(2:a27)-A(6:a513) trans S/H>
	<G(0:)-C(10:) cis W/W>                         MATCHES	<A(1:a556)-G(7:a537) trans H/S>
#  Matched base-stacking interactions: 

>>>>>>>>>>   ALIGNMENT ENDS   >>>>>>>>>>

<<<<<<<<<<  ALIGNMENT BEGINS  <<<<<<<<<<

#  Aligning reverse-kturn_conseusns and 7k00_a:809-813_862-866:
#  Alignment score:  25.8
#  P-value:  2.699e-01
#  Query aligned region: 0-1,9-10
#  Target aligned region: 0:a1417-2:a1418,7:a1580-9:a1581

	G-G...A-C
	CCG...ACG

#  Matched base-pairing interactions: 
	<G(0:)-C(10:) cis W/W>                         MATCHES	<C(0:a1417)-G(9:a1581) cis W/W>
	<G(1:)-A(9:) trans S/H>                        MATCHES	<G(2:a1418)-A(7:a1580) trans S/H>
#  Matched base-stacking interactions: 

>>>>>>>>>>   ALIGNMENT ENDS   >>>>>>>>>>

<<<<<<<<<<  ALIGNMENT BEGINS  <<<<<<<<<<

#  Aligning reverse-kturn_conseusns and 7k00_a:1254-1262:
#  Alignment score:  25.7
#  P-value:  2.745e-01
#  Query aligned region: 1-3,4-9
#  Target aligned region: 1:a2468-6:a2482

	GAG...CACAAA
	AAG...C---GA

#  Matched base-pairing interactions: 
	<G(3:)-C(4:) cis W/W>                          MATCHES	<G(3:a2470)-C(4:a2480) cis W/W>
	<A(2:)-A(8:) trans H/H>                        MATCHES	<A(2:a2469)-G(5:a2481) trans H/S>
	<G(1:)-A(9:) trans S/H>                        MATCHES	<A(1:a2468)-A(6:a2482) trans S/H>
#  Matched base-stacking interactions: 

>>>>>>>>>>   ALIGNMENT ENDS   >>>>>>>>>>

<<<<<<<<<<  ALIGNMENT BEGINS  <<<<<<<<<<

#  Aligning reverse-kturn_conseusns and 7k00_a:623-628_530-532:
#  Alignment score:  23.8
#  P-value:  3.905e-01
#  Query aligned region: 1-1,9-9
#  Target aligned region: 4:a1154-4:a1154,8:a1001-8:a1001

	G...A
	G...A

#  Matched base-pairing interactions: 
	<G(1:)-A(9:) trans S/H>                        MATCHES	<G(4:a1154)-A(8:a1001) trans S/H>
#  Matched base-stacking interactions: 

>>>>>>>>>>   ALIGNMENT ENDS   >>>>>>>>>>

<<<<<<<<<<  ALIGNMENT BEGINS  <<<<<<<<<<

#  Aligning reverse-kturn_conseusns and 7k00_a:56-58_118-120:
#  Alignment score:  23.8
#  P-value:  3.905e-01
#  Query aligned region: 1-1,9-9
#  Target aligned region: 0:a51-0:a51,3:a118-3:a118

	G...A
	G...A

#  Matched base-pairing interactions: 
	<G(1:)-A(9:) trans S/H>                        MATCHES	<G(0:a51)-A(3:a118) trans S/H>
#  Matched base-stacking interactions: 

>>>>>>>>>>   ALIGNMENT ENDS   >>>>>>>>>>

<<<<<<<<<<  ALIGNMENT BEGINS  <<<<<<<<<<

#  Aligning reverse-kturn_conseusns and 7k00_a:687-692_706-711:
#  Alignment score:  23
#  P-value:  4.625e-01
#  Query aligned region: 1-1,9-9
#  Target aligned region: 2:a1212-2:a1212,11:a1237-11:a1237

	G...A
	G...A

#  Matched base-pairing interactions: 
	<G(1:)-A(9:) trans S/H>                        MATCHES	<G(2:a1212)-A(11:a1237) trans S/H>
#  Matched base-stacking interactions: 

>>>>>>>>>>   ALIGNMENT ENDS   >>>>>>>>>>

<<<<<<<<<<  ALIGNMENT BEGINS  <<<<<<<<<<

#  Aligning reverse-kturn_conseusns and 7k00_a:306-309_316-318_302-305:
#  Alignment score:  22.8
#  P-value:  4.836e-01
#  Query aligned region: 1-2,8-9
#  Target aligned region: 2:a497-3:a498,6:a506-6:a506,10:a483-10:a483

	GA...A~A
	AG...G~A

#  Matched base-pairing interactions: 
	<G(1:)-A(9:) trans S/H>                        MATCHES	<A(2:a497)-A(10:a483) trans S/H>
	<A(2:)-A(8:) trans H/H>                        MATCHES	<G(3:a498)-G(6:a506) cis -/->
#  Matched base-stacking interactions: 

>>>>>>>>>>   ALIGNMENT ENDS   >>>>>>>>>>

<<<<<<<<<<  ALIGNMENT BEGINS  <<<<<<<<<<

#  Aligning reverse-kturn_conseusns and 7k00_a:1059-1062_899-908:
#  Alignment score:  9.8
#  P-value:  1.000e+00
#  Query aligned region: 3-3,4-4
#  Target aligned region: 3:a1994-3:a1994,6:a1666-6:a1666

	G...C
	C...G

#  Matched base-pairing interactions: 
	<G(3:)-C(4:) cis W/W>                          MATCHES	<C(3:a1994)-G(6:a1666) cis W/W>
#  Matched base-stacking interactions: 

>>>>>>>>>>   ALIGNMENT ENDS   >>>>>>>>>>

<<<<<<<<<<  ALIGNMENT BEGINS  <<<<<<<<<<

#  Aligning reverse-kturn_conseusns and 7k00_a:706-711_687-692:
#  Alignment score:  9.8
#  P-value:  1.000e+00
#  Query aligned region: 3-3,4-4
#  Target aligned region: 1:a1233-1:a1233,9:a1216-9:a1216

	G...C
	C...G

#  Matched base-pairing interactions: 
	<G(3:)-C(4:) cis W/W>                          MATCHES	<C(1:a1233)-G(9:a1216) cis W/W>
#  Matched base-stacking interactions: 

>>>>>>>>>>   ALIGNMENT ENDS   >>>>>>>>>>

<<<<<<<<<<  ALIGNMENT BEGINS  <<<<<<<<<<

#  Aligning reverse-kturn_conseusns and 7k00_a:316-318_302-305_306-309:
#  Alignment score:  2.9
#  P-value:  1.000e+00
#  Query aligned region: 
#  Target aligned region: 

	
	

#  Matched base-pairing interactions: 
#  Matched base-stacking interactions: 

>>>>>>>>>>   ALIGNMENT ENDS   >>>>>>>>>>

<<<<<<<<<<  ALIGNMENT BEGINS  <<<<<<<<<<

#  Aligning reverse-kturn_conseusns and 7k00_a:302-305_316-318_306-309:
#  Alignment score:  2.7
#  P-value:  1.000e+00
#  Query aligned region: 
#  Target aligned region: 

	
	

#  Matched base-pairing interactions: 
#  Matched base-stacking interactions: 

>>>>>>>>>>   ALIGNMENT ENDS   >>>>>>>>>>

<<<<<<<<<<  ALIGNMENT BEGINS  <<<<<<<<<<

#  Aligning reverse-kturn_conseusns and 7k00_a:302-305_306-309_316-318:
#  Alignment score:  2.4
#  P-value:  1.000e+00
#  Query aligned region: 
#  Target aligned region: 

	
	

#  Matched base-pairing interactions: 
#  Matched base-stacking interactions: 

>>>>>>>>>>   ALIGNMENT ENDS   >>>>>>>>>>

<<<<<<<<<<  ALIGNMENT BEGINS  <<<<<<<<<<

#  Aligning reverse-kturn_conseusns and 7k00_a:118-120_56-58:
#  Alignment score:  1.7
#  P-value:  1.000e+00
#  Query aligned region: 
#  Target aligned region: 

	
	

#  Matched base-pairing interactions: 
#  Matched base-stacking interactions: 

>>>>>>>>>>   ALIGNMENT ENDS   >>>>>>>>>>

<<<<<<<<<<  ALIGNMENT BEGINS  <<<<<<<<<<

#  Aligning reverse-kturn_conseusns and 7k00_a:920-928:
#  Alignment score:  1.6
#  P-value:  1.000e+00
#  Query aligned region: 
#  Target aligned region: 

	
	

#  Matched base-pairing interactions: 
#  Matched base-stacking interactions: 

>>>>>>>>>>   ALIGNMENT ENDS   >>>>>>>>>>

<<<<<<<<<<  ALIGNMENT BEGINS  <<<<<<<<<<

#  Aligning reverse-kturn_conseusns and 7k00_a:530-532_623-628:
#  Alignment score:  1.5
#  P-value:  1.000e+00
#  Query aligned region: 
#  Target aligned region: 

	
	

#  Matched base-pairing interactions: 
#  Matched base-stacking interactions: 

>>>>>>>>>>   ALIGNMENT ENDS   >>>>>>>>>>

<<<<<<<<<<  ALIGNMENT BEGINS  <<<<<<<<<<

# scan failed rc=-11
