$ /home/s081p868/scratch/RNAMotifScanX-release/bin/scan /home/s081p868/scratch/RNAMotifScanX-release/models/e-loop_consensus.struct /rfs/poseidon_share/s081p868/RNAMotifScanX_nr/rmsx_work_default/4v4j/x/4v4j_x.rmsx.in --map_pdb=/rfs/poseidon_share/s081p868/RNAMotifScanX_nr/rmsx_work_default/4v4j/x/4v4j_x.rmsx.nch --pvalue 1.0 --num_threads 8 --write_alignment
<<<<<<<<<<  ALIGNMENT BEGINS  <<<<<<<<<<

#  Aligning Eloop_consensus and 4v4j_x:71-73_102-104:
#  Alignment score:  54.6
#  P-value:  1.582e-02
#  Query aligned region: 0-2,3-5
#  Target aligned region: 0:x72-2:x74,3:x102-5:x104

	GAG...GUA
	GAU...GUA

#  Matched base-pairing interactions: 
	<G(2:)-G(3:) trans H/S>                        MATCHES	<U(2:x74)-G(3:x102) cis W/W>
	<A(1:)-U(4:) trans H/W>                        MATCHES	<A(1:x73)-U(4:x103) trans H/W>
	<G(0:)-A(5:) trans S/H>                        MATCHES	<G(0:x72)-A(5:x104) trans S/H>
#  Matched base-stacking interactions: 

>>>>>>>>>>   ALIGNMENT ENDS   >>>>>>>>>>

<<<<<<<<<<  ALIGNMENT BEGINS  <<<<<<<<<<

#  Aligning Eloop_consensus and 4v4j_x:97-100_75-78:
#  Alignment score:  53.6
#  P-value:  1.653e-02
#  Query aligned region: 0-2,3-5
#  Target aligned region: 1:x98-3:x100,4:x76-6:x78

	GAG...GUA
	GAG...GUA

#  Matched base-pairing interactions: 
	<G(2:)-G(3:) trans H/S>                        MATCHES	<G(3:x100)-G(4:x76) trans W/H>
	<A(1:)-U(4:) trans H/W>                        MATCHES	<A(2:x99)-U(5:x77) trans H/W>
	<G(0:)-A(5:) trans S/H>                        MATCHES	<G(1:x98)-A(6:x78) trans S/H>
#  Matched base-stacking interactions: 

>>>>>>>>>>   ALIGNMENT ENDS   >>>>>>>>>>

<<<<<<<<<<  ALIGNMENT BEGINS  <<<<<<<<<<

#  Aligning Eloop_consensus and 4v4j_x:84-92:
#  Alignment score:  24.6
#  P-value:  1.253e-01
#  Query aligned region: 0-0,5-5
#  Target aligned region: 2:x87-5:x89.B

	G...A
	G...A

#  Matched base-pairing interactions: 
	<G(0:)-A(5:) trans S/H>                        MATCHES	<G(2:x87)-A(5:x89.B) trans S/H>
#  Matched base-stacking interactions: 

>>>>>>>>>>   ALIGNMENT ENDS   >>>>>>>>>>

