$ /home/s081p868/scratch/RNAMotifScanX-release/bin/scan /home/s081p868/scratch/RNAMotifScanX-release/models/reverse-kturn_consensus.struct /rfs/poseidon_share/s081p868/RNAMotifScanX_nr/rmsx_work_default/3d2g/B/3d2g_B.rmsx.in --map_pdb=/rfs/poseidon_share/s081p868/RNAMotifScanX_nr/rmsx_work_default/3d2g/B/3d2g_B.rmsx.nch --pvalue 1.0 --num_threads 8 --write_alignment
<<<<<<<<<<  ALIGNMENT BEGINS  <<<<<<<<<<

#  Aligning reverse-kturn_conseusns and 3d2g_B:7-8_65-71_41-47:
#  Alignment score:  30
#  P-value:  1.344e-01
#  Query aligned region: 0-1,9-10
#  Target aligned region: 6:B70-7:B71,11:B44-12:B45

	GG...AC
	GG...AC

#  Matched base-pairing interactions: 
	<G(1:)-A(9:) trans S/H>                        MATCHES	<G(7:B71)-A(11:B44) trans S/H>
	<G(0:)-C(10:) cis W/W>                         MATCHES	<G(6:B70)-C(12:B45) cis W/W>
#  Matched base-stacking interactions: 

>>>>>>>>>>   ALIGNMENT ENDS   >>>>>>>>>>

<<<<<<<<<<  ALIGNMENT BEGINS  <<<<<<<<<<

#  Aligning reverse-kturn_conseusns and 3d2g_B:5-8_36-46_65-74:
#  Alignment score:  23.2
#  P-value:  3.917e-01
#  Query aligned region: 0-1,9-10
#  Target aligned region: 0:B6-0:B6,9:B42-9:B42,21:B72-22:B73

	G~G...AC
	C~G...AG

#  Matched base-pairing interactions: 
	<G(0:)-C(10:) cis W/W>                         MATCHES	<C(0:B6)-G(22:B73) cis W/W>
	<G(1:)-A(9:) trans S/H>                        MATCHES	<G(9:B42)-A(21:B72) trans S/H>
#  Matched base-stacking interactions: 

>>>>>>>>>>   ALIGNMENT ENDS   >>>>>>>>>>

