$ /home/s081p868/scratch/RNAMotifScanX-release/bin/scan /home/s081p868/scratch/RNAMotifScanX-release/models/e-loop_consensus.struct /rfs/poseidon_share/s081p868/RNAMotifScanX_nr/rmsx_work_default/3d2v/B/3d2v_B.rmsx.in --map_pdb=/rfs/poseidon_share/s081p868/RNAMotifScanX_nr/rmsx_work_default/3d2v/B/3d2v_B.rmsx.nch --pvalue 1.0 --num_threads 8 --write_alignment
<<<<<<<<<<  ALIGNMENT BEGINS  <<<<<<<<<<

#  Aligning Eloop_consensus and 3d2v_B:8-9_39-46_65-71:
#  Alignment score:  22.2
#  P-value:  1.952e-01
#  Query aligned region: 0-0,5-5
#  Target aligned region: 4:B42-4:B42,16:B72-16:B72

	G...A
	G...A

#  Matched base-pairing interactions: 
	<G(0:)-A(5:) trans S/H>                        MATCHES	<G(4:B42)-A(16:B72) trans S/H>
#  Matched base-stacking interactions: 

>>>>>>>>>>   ALIGNMENT ENDS   >>>>>>>>>>

<<<<<<<<<<  ALIGNMENT BEGINS  <<<<<<<<<<

#  Aligning Eloop_consensus and 3d2v_B:30-35_10-12_25-29:
#  Alignment score:  21.8
#  P-value:  2.070e-01
#  Query aligned region: 1-2,3-4
#  Target aligned region: 0:B31-0:B31,8:B13-8:B13,9:B26-10:B27

	A~G...GU
	A~G...CU

#  Matched base-pairing interactions: 
	<A(1:)-U(4:) trans H/W>                        MATCHES	<A(0:B31)-U(10:B27) trans H/W>
	<G(2:)-G(3:) trans H/S>                        MATCHES	<G(8:B13)-C(9:B26) cis W/W>
#  Matched base-stacking interactions: 

>>>>>>>>>>   ALIGNMENT ENDS   >>>>>>>>>>

<<<<<<<<<<  ALIGNMENT BEGINS  <<<<<<<<<<

#  Aligning Eloop_consensus and 3d2v_B:8-9_65-71_39-46:
#  Alignment score:  20.6
#  P-value:  2.496e-01
#  Query aligned region: 0-0,5-5
#  Target aligned region: 7:B71-7:B71,13:B44-13:B44

	G...A
	G...A

#  Matched base-pairing interactions: 
	<G(0:)-A(5:) trans S/H>                        MATCHES	<G(7:B71)-A(13:B44) trans S/H>
#  Matched base-stacking interactions: 

>>>>>>>>>>   ALIGNMENT ENDS   >>>>>>>>>>

<<<<<<<<<<  ALIGNMENT BEGINS  <<<<<<<<<<

#  Aligning Eloop_consensus and 3d2v_B:25-29_10-12_30-35:
#  Alignment score:  2.9
#  P-value:  1.000e+00
#  Query aligned region: 
#  Target aligned region: 

	
	

#  Matched base-pairing interactions: 
#  Matched base-stacking interactions: 

>>>>>>>>>>   ALIGNMENT ENDS   >>>>>>>>>>

<<<<<<<<<<  ALIGNMENT BEGINS  <<<<<<<<<<

#  Aligning Eloop_consensus and 3d2v_B:25-29_30-35_10-12:
#  Alignment score:  2.7
#  P-value:  1.000e+00
#  Query aligned region: 
#  Target aligned region: 

	
	

#  Matched base-pairing interactions: 
#  Matched base-stacking interactions: 

>>>>>>>>>>   ALIGNMENT ENDS   >>>>>>>>>>

<<<<<<<<<<  ALIGNMENT BEGINS  <<<<<<<<<<

#  Aligning Eloop_consensus and 3d2v_B:10-12_25-29_30-35:
#  Alignment score:  2.6
#  P-value:  1.000e+00
#  Query aligned region: 
#  Target aligned region: 

	
	

#  Matched base-pairing interactions: 
#  Matched base-stacking interactions: 

>>>>>>>>>>   ALIGNMENT ENDS   >>>>>>>>>>

