$ /home/s081p868/scratch/RNAMotifScanX-release/bin/scan /home/s081p868/scratch/RNAMotifScanX-release/models/e-loop_consensus.struct /rfs/poseidon_share/s081p868/RNAMotifScanX_nr/rmsx_work_default/1hr2/B/1hr2_B.rmsx.in --map_pdb=/rfs/poseidon_share/s081p868/RNAMotifScanX_nr/rmsx_work_default/1hr2/B/1hr2_B.rmsx.nch --pvalue 1.0 --num_threads 8 --write_alignment
<<<<<<<<<<  ALIGNMENT BEGINS  <<<<<<<<<<

#  Aligning Eloop_consensus and 1hr2_B:104-107_9-12:
#  Alignment score:  29.6
#  P-value:  8.880e-02
#  Query aligned region: 0-2,3-5
#  Target aligned region: 0:B206-2:B208,5:B112-7:B114

	GAG...GUA
	AAC...GAA

#  Matched base-pairing interactions: 
	<G(2:)-G(3:) trans H/S>                        MATCHES	<C(2:B208)-G(5:B112) cis W/W>
	<A(1:)-U(4:) trans H/W>                        MATCHES	<A(1:B207)-A(6:B113) trans H/S>
	<G(0:)-A(5:) trans S/H>                        MATCHES	<A(0:B206)-A(7:B114) trans S/H>
#  Matched base-stacking interactions: 

>>>>>>>>>>   ALIGNMENT ENDS   >>>>>>>>>>

<<<<<<<<<<  ALIGNMENT BEGINS  <<<<<<<<<<

#  Aligning Eloop_consensus and 1hr2_B:48-49_120-123_50-51:
#  Alignment score:  28.4
#  P-value:  9.957e-02
#  Query aligned region: 0-2,3-5
#  Target aligned region: 0:B150-0:B150,3:B224-5:B226,6:B152-7:B153

	G~AG...G~UA
	G~UA...A~AA

#  Matched base-pairing interactions: 
	<G(2:)-G(3:) trans H/S>                        MATCHES	<A(4:B225)-A(5:B226) cis S/H>
	<G(0:)-A(5:) trans S/H>                        MATCHES	<G(0:B150)-A(7:B153) trans S/H>
	<A(1:)-U(4:) trans H/W>                        MATCHES	<U(3:B224)-A(6:B152) cis -/->
#  Matched base-stacking interactions: 

>>>>>>>>>>   ALIGNMENT ENDS   >>>>>>>>>>

<<<<<<<<<<  ALIGNMENT BEGINS  <<<<<<<<<<

#  Aligning Eloop_consensus and 1hr2_B:74-76_60-63_36-39:
#  Alignment score:  24.8
#  P-value:  1.469e-01
#  Query aligned region: 0-1,4-5
#  Target aligned region: 4:B163-4:B163,7:B138-9:B140

	G~A...UA
	G~C...AA

#  Matched base-pairing interactions: 
	<G(0:)-A(5:) trans S/H>                        MATCHES	<G(4:B163)-A(9:B140) trans S/H>
	<A(1:)-U(4:) trans H/W>                        MATCHES	<C(7:B138)-A(8:B139) cis S/H>
#  Matched base-stacking interactions: 

>>>>>>>>>>   ALIGNMENT ENDS   >>>>>>>>>>

<<<<<<<<<<  ALIGNMENT BEGINS  <<<<<<<<<<

#  Aligning Eloop_consensus and 1hr2_B:144-147_120-124_49-51:
#  Alignment score:  20.6
#  P-value:  2.615e-01
#  Query aligned region: 1-1,4-4
#  Target aligned region: 1:B248-1:B248,5:B224-5:B224

	A...U
	A...U

#  Matched base-pairing interactions: 
	<A(1:)-U(4:) trans H/W>                        MATCHES	<A(1:B248)-U(5:B224) trans H/W>
#  Matched base-stacking interactions: 

>>>>>>>>>>   ALIGNMENT ENDS   >>>>>>>>>>

<<<<<<<<<<  ALIGNMENT BEGINS  <<<<<<<<<<

#  Aligning Eloop_consensus and 1hr2_B:85-87_65-71_32-34:
#  Alignment score:  3.1
#  P-value:  1.000e+00
#  Query aligned region: 
#  Target aligned region: 

	
	

#  Matched base-pairing interactions: 
#  Matched base-stacking interactions: 

>>>>>>>>>>   ALIGNMENT ENDS   >>>>>>>>>>

<<<<<<<<<<  ALIGNMENT BEGINS  <<<<<<<<<<

#  Aligning Eloop_consensus and 1hr2_B:120-124_144-147_49-51:
#  Alignment score:  2.8
#  P-value:  1.000e+00
#  Query aligned region: 
#  Target aligned region: 

	
	

#  Matched base-pairing interactions: 
#  Matched base-stacking interactions: 

>>>>>>>>>>   ALIGNMENT ENDS   >>>>>>>>>>

<<<<<<<<<<  ALIGNMENT BEGINS  <<<<<<<<<<

#  Aligning Eloop_consensus and 1hr2_B:120-124_49-51_144-147:
#  Alignment score:  2.8
#  P-value:  1.000e+00
#  Query aligned region: 
#  Target aligned region: 

	
	

#  Matched base-pairing interactions: 
#  Matched base-stacking interactions: 

>>>>>>>>>>   ALIGNMENT ENDS   >>>>>>>>>>

<<<<<<<<<<  ALIGNMENT BEGINS  <<<<<<<<<<

#  Aligning Eloop_consensus and 1hr2_B:49-51_120-124_144-147:
#  Alignment score:  2.8
#  P-value:  1.000e+00
#  Query aligned region: 
#  Target aligned region: 

	
	

#  Matched base-pairing interactions: 
#  Matched base-stacking interactions: 

>>>>>>>>>>   ALIGNMENT ENDS   >>>>>>>>>>

<<<<<<<<<<  ALIGNMENT BEGINS  <<<<<<<<<<

#  Aligning Eloop_consensus and 1hr2_B:85-87_32-34_65-71:
#  Alignment score:  2.6
#  P-value:  1.000e+00
#  Query aligned region: 
#  Target aligned region: 

	
	

#  Matched base-pairing interactions: 
#  Matched base-stacking interactions: 

>>>>>>>>>>   ALIGNMENT ENDS   >>>>>>>>>>

<<<<<<<<<<  ALIGNMENT BEGINS  <<<<<<<<<<

#  Aligning Eloop_consensus and 1hr2_B:32-34_85-87_65-71:
#  Alignment score:  2.5
#  P-value:  1.000e+00
#  Query aligned region: 
#  Target aligned region: 

	
	

#  Matched base-pairing interactions: 
#  Matched base-stacking interactions: 

>>>>>>>>>>   ALIGNMENT ENDS   >>>>>>>>>>

