$ /home/s081p868/scratch/RNAMotifScanX-release/bin/scan /home/s081p868/scratch/RNAMotifScanX-release/models/sarcin-ricin_consensus.struct /rfs/poseidon_share/s081p868/RNAMotifScanX_nr/rmsx_work_default/4frg/B/4frg_B.rmsx.in --map_pdb=/rfs/poseidon_share/s081p868/RNAMotifScanX_nr/rmsx_work_default/4frg/B/4frg_B.rmsx.nch --pvalue 1.0 --num_threads 8 --write_alignment
<<<<<<<<<<  ALIGNMENT BEGINS  <<<<<<<<<<

#  Aligning sarcin-ricin_consensus and 4frg_B:31-36_27-29_59-62:
#  Alignment score:  19.8
#  P-value:  1.000e+00
#  Query aligned region: 0-0,8-8
#  Target aligned region: 8:B30-8:B30,10:B61-10:B61

	U...C
	G...A

#  Matched base-pairing interactions: 
	<U(0:)-C(8:) trans S/H>                        MATCHES	<G(8:B30)-A(10:B61) trans S/H>
#  Matched base-stacking interactions: 

>>>>>>>>>>   ALIGNMENT ENDS   >>>>>>>>>>

<<<<<<<<<<  ALIGNMENT BEGINS  <<<<<<<<<<

#  Aligning sarcin-ricin_consensus and 4frg_B:61-67_53-60_29-34:
#  Alignment score:  16.7
#  P-value:  1.000e+00
#  Query aligned region: 1-3,6-7
#  Target aligned region: 1:B63-4:B66,11:B58-12:B59

	A-GU...AA
	ACUC...GU

#  Matched base-pairing interactions: 
	<U(3:)-A(6:) trans W/H>                        MATCHES	<C(4:B66)-G(11:B58) cis W/W>
	<A(1:)-A(7:) trans H/H>                        MATCHES	<A(1:B63)-U(12:B59) trans H/W>
	<G(2:)-U(3:) cis S/H>                          MATCHES	<U(3:B65)-C(4:B66) cis S/H>
#  Matched base-stacking interactions: 
	<A(1:)-U(3:) outward>                          MATCHES	<A(1:B63)-C(4:B66) upward>

>>>>>>>>>>   ALIGNMENT ENDS   >>>>>>>>>>

