$ /home/s081p868/scratch/RNAMotifScanX-release/bin/scan /home/s081p868/scratch/RNAMotifScanX-release/models/reverse-kturn_consensus.struct /rfs/poseidon_share/s081p868/RNAMotifScanX_nr/rmsx_work_default/1nbs/B/1nbs_B.rmsx.in --map_pdb=/rfs/poseidon_share/s081p868/RNAMotifScanX_nr/rmsx_work_default/1nbs/B/1nbs_B.rmsx.nch --pvalue 1.0 --num_threads 8 --write_alignment
<<<<<<<<<<  ALIGNMENT BEGINS  <<<<<<<<<<

#  Aligning reverse-kturn_conseusns and 1nbs_B:74-83_122-123_55-60:
#  Alignment score:  64.4
#  P-value:  1.820e-02
#  Query aligned region: 0-3,4-10
#  Target aligned region: 5:B165-9:B169,12:B141-14:B143

	GGAG...C~AAC
	UGAG...U~AAA

#  Matched base-pairing interactions: 
	<G(3:)-C(4:) cis W/W>                          MATCHES	<G(8:B168)-U(9:B169) cis S/H>
	<A(2:)-A(8:) trans H/H>                        MATCHES	<A(7:B167)-A(12:B141) trans H/H>
	<G(1:)-A(9:) trans S/H>                        MATCHES	<G(6:B166)-A(13:B142) trans S/H>
	<G(0:)-C(10:) cis W/W>                         MATCHES	<U(5:B165)-A(14:B143) cis W/W>
#  Matched base-stacking interactions: 

>>>>>>>>>>   ALIGNMENT ENDS   >>>>>>>>>>

<<<<<<<<<<  ALIGNMENT BEGINS  <<<<<<<<<<

#  Aligning reverse-kturn_conseusns and 1nbs_B:122-123_55-60_74-83:
#  Alignment score:  23.8
#  P-value:  4.786e-01
#  Query aligned region: 2-2,8-8
#  Target aligned region: 2:B141-2:B141,15:B167-15:B167

	A...A
	A...A

#  Matched base-pairing interactions: 
	<A(2:)-A(8:) trans H/H>                        MATCHES	<A(2:B141)-A(15:B167) trans H/H>
#  Matched base-stacking interactions: 

>>>>>>>>>>   ALIGNMENT ENDS   >>>>>>>>>>

<<<<<<<<<<  ALIGNMENT BEGINS  <<<<<<<<<<

#  Aligning reverse-kturn_conseusns and 1nbs_B:98-111_131-140:
#  Alignment score:  9
#  P-value:  1.000e+00
#  Query aligned region: 1-2,8-9
#  Target aligned region: 0:B184-1:B185,17:B220-18:B221

	GA...AA
	CA...GA

#  Matched base-pairing interactions: 
	<A(2:)-A(8:) trans H/H>                        MATCHES	<A(1:B185)-G(17:B220) trans H/H>
	<G(1:)-A(9:) trans S/H>                        MATCHES	<C(0:B184)-A(18:B221) cis -/->
#  Matched base-stacking interactions: 

>>>>>>>>>>   ALIGNMENT ENDS   >>>>>>>>>>

<<<<<<<<<<  ALIGNMENT BEGINS  <<<<<<<<<<

#  Aligning reverse-kturn_conseusns and 1nbs_B:131-140_98-111:
#  Alignment score:  7.4
#  P-value:  1.000e+00
#  Query aligned region: 3-3,4-4
#  Target aligned region: 9:B226-9:B226,10:B184-10:B184

	G...C
	G...C

#  Matched base-pairing interactions: 
	<G(3:)-C(4:) cis W/W>                          MATCHES	<G(9:B226)-C(10:B184) cis W/W>
#  Matched base-stacking interactions: 

>>>>>>>>>>   ALIGNMENT ENDS   >>>>>>>>>>

