$ /home/s081p868/scratch/RNAMotifScanX-release/bin/scan /home/s081p868/scratch/RNAMotifScanX-release/models/c-loop_consensus.struct /rfs/poseidon_share/s081p868/RNAMotifScanX_nr/rmsx_work_default/5j7l/BA/5j7l_BA.rmsx.in --map_pdb=/rfs/poseidon_share/s081p868/RNAMotifScanX_nr/rmsx_work_default/5j7l/BA/5j7l_BA.rmsx.nch --pvalue 1.0 --num_threads 16 --write_alignment
<<<<<<<<<<  ALIGNMENT BEGINS  <<<<<<<<<<

#  Aligning c-loop_conseusus and 5j7l_BA:353-354_386-392_366-375:
#  Alignment score:  49.1
#  P-value:  9.037e-02
#  Query aligned region: 0-4,5-11
#  Target aligned region: 2:'BA'387-7:'BA'392,11:'BA'369-18:'BA'376

	U-AUG-U...A-CCACUG
	UGA-UGC...GCACAAUG

#  Matched base-pairing interactions: 
	<G(3:)-C(6:) cis W/W>                          MATCHES	<U(5:'BA'390)-A(13:'BA'371) cis W/W>
	<U(4:)-A(5:) cis W/W>                          MATCHES	<C(7:'BA'392)-G(11:'BA'369) cis W/W>
	<U(0:)-G(11:) cis W/W>                         MATCHES	<U(2:'BA'387)-G(18:'BA'376) cis W/W>
	<A(1:)-C(7:) trans H/W>                        MATCHES	<A(4:'BA'389)-C(14:'BA'372) trans H/W>
	<A(1:)-U(10:) cis W/W>                         MATCHES	<A(4:'BA'389)-U(17:'BA'375) cis W/W>
	<G(3:)-C(9:) cis S/W>                          MATCHES	<U(5:'BA'390)-A(16:'BA'374) cis -/->
#  Matched base-stacking interactions: 
	<A(1:)-G(11:) outward>                         MATCHES	<A(4:'BA'389)-G(18:'BA'376) outward>

>>>>>>>>>>   ALIGNMENT ENDS   >>>>>>>>>>

<<<<<<<<<<  ALIGNMENT BEGINS  <<<<<<<<<<

#  Aligning c-loop_conseusus and 5j7l_BA:1123-1129_1142-1148_1279-1280:
#  Alignment score:  32.8
#  P-value:  9.087e-01
#  Query aligned region: 0-4,5-11
#  Target aligned region: 2:'BA'1126-5:'BA'1129,7:'BA'1143-12:'BA'1148,14:'BA'1280-14:'BA'1280

	UAUGU...ACCACU~G
	UG-CC...GGAACU~A

#  Matched base-pairing interactions: 
	<U(4:)-A(5:) cis W/W>                          MATCHES	<C(5:'BA'1129)-G(7:'BA'1143) cis W/W>
	<G(3:)-C(6:) cis W/W>                          MATCHES	<C(4:'BA'1128)-G(8:'BA'1144) cis W/W>
	<A(1:)-C(7:) trans H/W>                        MATCHES	<G(3:'BA'1127)-A(9:'BA'1145) cis W/W>
	<U(0:)-G(11:) cis W/W>                         MATCHES	<U(2:'BA'1126)-A(14:'BA'1280) cis -/->
	<A(1:)-U(10:) cis W/W>                         MATCHES	<G(3:'BA'1127)-U(12:'BA'1148) cis S/W>
	<G(3:)-C(9:) cis S/W>                          MATCHES	<C(4:'BA'1128)-C(11:'BA'1147) cis S/W>
#  Matched base-stacking interactions: 

>>>>>>>>>>   ALIGNMENT ENDS   >>>>>>>>>>

<<<<<<<<<<  ALIGNMENT BEGINS  <<<<<<<<<<

#  Aligning c-loop_conseusus and 5j7l_BA:1343-1344_932-937_1375-1384:
#  Alignment score:  21.7
#  P-value:  1.000e+00
#  Query aligned region: 0-4,5-11
#  Target aligned region: 2:'BA'933-6:'BA'937,10:'BA'1378-16:'BA'1384

	U-AUGU...ACCACUG
	GCA-CA...CGUUCCC

#  Matched base-pairing interactions: 
	<U(4:)-A(5:) cis W/W>                          MATCHES	<A(6:'BA'937)-C(10:'BA'1378) trans S/H>
	<G(3:)-C(6:) cis W/W>                          MATCHES	<C(5:'BA'936)-G(11:'BA'1379) cis W/W>
	<U(0:)-G(11:) cis W/W>                         MATCHES	<G(2:'BA'933)-C(16:'BA'1384) cis W/W>
	<A(1:)-C(7:) trans H/W>                        MATCHES	<A(4:'BA'935)-U(12:'BA'1380) cis W/W>
	<A(1:)-U(10:) cis W/W>                         MATCHES	<A(4:'BA'935)-C(15:'BA'1383) cis S/W>
	<G(3:)-C(9:) cis S/W>                          MATCHES	<C(5:'BA'936)-C(14:'BA'1382) cis S/W>
#  Matched base-stacking interactions: 

>>>>>>>>>>   ALIGNMENT ENDS   >>>>>>>>>>

<<<<<<<<<<  ALIGNMENT BEGINS  <<<<<<<<<<

#  Aligning c-loop_conseusus and 5j7l_BA:1042-1049_1208-1213_990-997:
#  Alignment score:  20.2
#  P-value:  1.000e+00
#  Query aligned region: 0-4,5-11
#  Target aligned region: 0:'BA'1043-4:'BA'1047,9:'BA'1210-10:'BA'1211,15:'BA'992-21:'BA'998

	UAUGU...AC~C-AC-UG
	GACAG...CU~UGACAUC

#  Matched base-pairing interactions: 
	<A(1:)-C(7:) trans H/W>                        MATCHES	<A(1:'BA'1044)-U(15:'BA'992) trans H/W>
	<U(0:)-G(11:) cis W/W>                         MATCHES	<G(0:'BA'1043)-C(21:'BA'998) cis W/W>
	<A(1:)-U(10:) cis W/W>                         MATCHES	<A(1:'BA'1044)-U(20:'BA'997) cis W/W>
	<G(3:)-C(9:) cis S/W>                          MATCHES	<A(3:'BA'1046)-C(18:'BA'995) cis -/->
	<U(4:)-A(5:) cis W/W>                          MATCHES	<G(4:'BA'1047)-C(9:'BA'1210) cis W/W>
	<G(3:)-C(6:) cis W/W>                          MATCHES	<A(3:'BA'1046)-U(10:'BA'1211) cis -/->
#  Matched base-stacking interactions: 

>>>>>>>>>>   ALIGNMENT ENDS   >>>>>>>>>>

<<<<<<<<<<  ALIGNMENT BEGINS  <<<<<<<<<<

#  Aligning c-loop_conseusus and 5j7l_BA:798-804_773-783:
#  Alignment score:  17.1
#  P-value:  1.000e+00
#  Query aligned region: 0-4,5-11
#  Target aligned region: 2:'BA'801-6:'BA'805,7:'BA'774-14:'BA'781

	UAUGU...ACCAC-UG
	UAGUC...GGGAGCAA

#  Matched base-pairing interactions: 
	<U(4:)-A(5:) cis W/W>                          MATCHES	<C(6:'BA'805)-G(7:'BA'774) cis W/W>
	<G(3:)-C(6:) cis W/W>                          MATCHES	<U(5:'BA'804)-G(8:'BA'775) cis H/W>
	<A(1:)-U(10:) cis W/W>                         MATCHES	<A(3:'BA'802)-A(13:'BA'780) trans H/S>
	<G(3:)-C(9:) cis S/W>                          MATCHES	<U(5:'BA'804)-G(11:'BA'778) cis W/W>
	<U(0:)-G(11:) cis W/W>                         MATCHES	<U(2:'BA'801)-A(14:'BA'781) trans W/H>
	<A(1:)-C(7:) trans H/W>                        MATCHES	<A(3:'BA'802)-G(9:'BA'776) cis -/->
#  Matched base-stacking interactions: 
	<A(1:)-G(11:) outward>                         MATCHES	<A(3:'BA'802)-A(14:'BA'781) outward>

>>>>>>>>>>   ALIGNMENT ENDS   >>>>>>>>>>

<<<<<<<<<<  ALIGNMENT BEGINS  <<<<<<<<<<

#  Aligning c-loop_conseusus and 5j7l_BA:1044-1049_1207-1214_989-995:
#  Alignment score:  15.3
#  P-value:  1.000e+00
#  Query aligned region: 0-4,5-11
#  Target aligned region: 0:'BA'1045-5:'BA'1050,6:'BA'1208-12:'BA'1214,19:'BA'995-20:'BA'996

	UAUG-U...AC-C-AC~UG
	CAGGUG...CCCUUAC~CA

#  Matched base-pairing interactions: 
	<G(3:)-C(6:) cis W/W>                          MATCHES	<G(3:'BA'1048)-C(7:'BA'1209) cis W/W>
	<U(4:)-A(5:) cis W/W>                          MATCHES	<G(5:'BA'1050)-C(6:'BA'1208) cis W/W>
	<A(1:)-U(10:) cis W/W>                         MATCHES	<A(1:'BA'1046)-C(19:'BA'995) cis -/->
	<G(3:)-C(9:) cis S/W>                          MATCHES	<G(3:'BA'1048)-C(12:'BA'1214) cis S/W>
	<U(0:)-G(11:) cis W/W>                         MATCHES	<C(0:'BA'1045)-A(20:'BA'996) cis -/->
	<A(1:)-C(7:) trans H/W>                        MATCHES	<A(1:'BA'1046)-U(9:'BA'1211) cis -/->
#  Matched base-stacking interactions: 

>>>>>>>>>>   ALIGNMENT ENDS   >>>>>>>>>>

<<<<<<<<<<  ALIGNMENT BEGINS  <<<<<<<<<<

#  Aligning c-loop_conseusus and 5j7l_BA:764-768_809-816_1522-1528:
#  Alignment score:  14.3
#  P-value:  1.000e+00
#  Query aligned region: 1-4,5-10
#  Target aligned region: 1:'BA'766-4:'BA'769,5:'BA'810-8:'BA'813,13:'BA'1523-15:'BA'1525

	AUGU...AC-C~C-U
	AAAG...CCGU~GCG

#  Matched base-pairing interactions: 
	<A(1:)-C(7:) trans H/W>                        MATCHES	<A(1:'BA'766)-U(8:'BA'813) trans H/W>
	<G(3:)-C(9:) cis S/W>                          MATCHES	<A(3:'BA'768)-G(13:'BA'1523) cis -/->
	<U(4:)-A(5:) cis W/W>                          MATCHES	<G(4:'BA'769)-C(5:'BA'810) cis W/W>
	<A(1:)-U(10:) cis W/W>                         MATCHES	<A(1:'BA'766)-G(15:'BA'1525) cis W/S>
	<G(3:)-C(6:) cis W/W>                          MATCHES	<A(3:'BA'768)-C(6:'BA'811) cis W/W>
#  Matched base-stacking interactions: 

>>>>>>>>>>   ALIGNMENT ENDS   >>>>>>>>>>

<<<<<<<<<<  ALIGNMENT BEGINS  <<<<<<<<<<

#  Aligning c-loop_conseusus and 5j7l_BA:1371-1377_1342-1349_936-938:
#  Alignment score:  10.6
#  P-value:  1.000e+00
#  Query aligned region: 4-4,5-5
#  Target aligned region: 0:'BA'1372-0:'BA'1372,14:'BA'1350-14:'BA'1350

	U...A
	U...A

#  Matched base-pairing interactions: 
	<U(4:)-A(5:) cis W/W>                          MATCHES	<U(0:'BA'1372)-A(14:'BA'1350) cis W/W>
#  Matched base-stacking interactions: 

>>>>>>>>>>   ALIGNMENT ENDS   >>>>>>>>>>

<<<<<<<<<<  ALIGNMENT BEGINS  <<<<<<<<<<

#  Aligning c-loop_conseusus and 5j7l_BA:683-689_696-705:
#  Alignment score:  10.6
#  P-value:  1.000e+00
#  Query aligned region: 4-4,5-5
#  Target aligned region: 0:'BA'684-0:'BA'684,16:'BA'706-16:'BA'706

	U...A
	U...A

#  Matched base-pairing interactions: 
	<U(4:)-A(5:) cis W/W>                          MATCHES	<U(0:'BA'684)-A(16:'BA'706) cis W/W>
#  Matched base-stacking interactions: 

>>>>>>>>>>   ALIGNMENT ENDS   >>>>>>>>>>

<<<<<<<<<<  ALIGNMENT BEGINS  <<<<<<<<<<

#  Aligning c-loop_conseusus and 5j7l_BA:750-756_650-654_583-587:
#  Alignment score:  10.6
#  P-value:  1.000e+00
#  Query aligned region: 4-4,5-5
#  Target aligned region: 0:'BA'751-0:'BA'751,11:'BA'655-11:'BA'655

	U...A
	U...A

#  Matched base-pairing interactions: 
	<U(4:)-A(5:) cis W/W>                          MATCHES	<U(0:'BA'751)-A(11:'BA'655) cis W/W>
#  Matched base-stacking interactions: 

>>>>>>>>>>   ALIGNMENT ENDS   >>>>>>>>>>

<<<<<<<<<<  ALIGNMENT BEGINS  <<<<<<<<<<

#  Aligning c-loop_conseusus and 5j7l_BA:106-110_324-332_319-323:
#  Alignment score:  10.6
#  P-value:  1.000e+00
#  Query aligned region: 4-4,5-5
#  Target aligned region: 13:'BA'333-13:'BA'333,14:'BA'320-14:'BA'320

	U...A
	U...A

#  Matched base-pairing interactions: 
	<U(4:)-A(5:) cis W/W>                          MATCHES	<U(13:'BA'333)-A(14:'BA'320) cis W/W>
#  Matched base-stacking interactions: 

>>>>>>>>>>   ALIGNMENT ENDS   >>>>>>>>>>

<<<<<<<<<<  ALIGNMENT BEGINS  <<<<<<<<<<

#  Aligning c-loop_conseusus and 5j7l_BA:15-21_912-919_11-14:
#  Alignment score:  10.6
#  P-value:  1.000e+00
#  Query aligned region: 4-4,5-5
#  Target aligned region: 1:'BA'17-1:'BA'17,12:'BA'918-12:'BA'918

	U...A
	U...A

#  Matched base-pairing interactions: 
	<U(4:)-A(5:) cis W/W>                          MATCHES	<U(1:'BA'17)-A(12:'BA'918) cis W/W>
#  Matched base-stacking interactions: 

>>>>>>>>>>   ALIGNMENT ENDS   >>>>>>>>>>

<<<<<<<<<<  ALIGNMENT BEGINS  <<<<<<<<<<

#  Aligning c-loop_conseusus and 5j7l_BA:178-185_190-197_218-222:
#  Alignment score:  10.5
#  P-value:  1.000e+00
#  Query aligned region: 1-4,5-10
#  Target aligned region: 3:'BA'182-7:'BA'186,8:'BA'191-11:'BA'194,20:'BA'223-20:'BA'223

	AUG-U...A-CC~U
	ACGUC...GACC~A

#  Matched base-pairing interactions: 
	<G(3:)-C(6:) cis W/W>                          MATCHES	<G(5:'BA'184)-C(10:'BA'193) cis W/W>
	<U(4:)-A(5:) cis W/W>                          MATCHES	<C(7:'BA'186)-G(8:'BA'191) cis W/W>
	<A(1:)-C(7:) trans H/W>                        MATCHES	<A(3:'BA'182)-C(11:'BA'194) trans H/W>
	<A(1:)-U(10:) cis W/W>                         MATCHES	<A(3:'BA'182)-A(20:'BA'223) cis -/->
#  Matched base-stacking interactions: 
	<A(1:)-G(3:) upward>                           MATCHES	<A(3:'BA'182)-G(5:'BA'184) upward>

>>>>>>>>>>   ALIGNMENT ENDS   >>>>>>>>>>

<<<<<<<<<<  ALIGNMENT BEGINS  <<<<<<<<<<

#  Aligning c-loop_conseusus and 5j7l_BA:808-813_896-901_765-770:
#  Alignment score:  10.2
#  P-value:  1.000e+00
#  Query aligned region: 4-4,5-5
#  Target aligned region: 2:'BA'811-2:'BA'811,14:'BA'768-14:'BA'768

	U...A
	C...A

#  Matched base-pairing interactions: 
	<U(4:)-A(5:) cis W/W>                          MATCHES	<C(2:'BA'811)-A(14:'BA'768) cis W/W>
#  Matched base-stacking interactions: 

>>>>>>>>>>   ALIGNMENT ENDS   >>>>>>>>>>

<<<<<<<<<<  ALIGNMENT BEGINS  <<<<<<<<<<

#  Aligning c-loop_conseusus and 5j7l_BA:904-909_886-893:
#  Alignment score:  10.2
#  P-value:  1.000e+00
#  Query aligned region: 4-4,5-5
#  Target aligned region: 0:'BA'905-0:'BA'905,13:'BA'894-13:'BA'894

	U...A
	U...G

#  Matched base-pairing interactions: 
	<U(4:)-A(5:) cis W/W>                          MATCHES	<U(0:'BA'905)-G(13:'BA'894) cis W/W>
#  Matched base-stacking interactions: 

>>>>>>>>>>   ALIGNMENT ENDS   >>>>>>>>>>

<<<<<<<<<<  ALIGNMENT BEGINS  <<<<<<<<<<

#  Aligning c-loop_conseusus and 5j7l_BA:650-654_750-756_583-587:
#  Alignment score:  10.2
#  P-value:  1.000e+00
#  Query aligned region: 4-4,5-5
#  Target aligned region: 11:'BA'757-11:'BA'757,12:'BA'584-12:'BA'584

	U...A
	U...G

#  Matched base-pairing interactions: 
	<U(4:)-A(5:) cis W/W>                          MATCHES	<U(11:'BA'757)-G(12:'BA'584) cis W/W>
#  Matched base-stacking interactions: 

>>>>>>>>>>   ALIGNMENT ENDS   >>>>>>>>>>

<<<<<<<<<<  ALIGNMENT BEGINS  <<<<<<<<<<

#  Aligning c-loop_conseusus and 5j7l_BA:426-434_407-415:
#  Alignment score:  10.2
#  P-value:  1.000e+00
#  Query aligned region: 4-4,5-5
#  Target aligned region: 0:'BA'427-0:'BA'427,17:'BA'416-17:'BA'416

	U...A
	U...G

#  Matched base-pairing interactions: 
	<U(4:)-A(5:) cis W/W>                          MATCHES	<U(0:'BA'427)-G(17:'BA'416) cis W/W>
#  Matched base-stacking interactions: 

>>>>>>>>>>   ALIGNMENT ENDS   >>>>>>>>>>

<<<<<<<<<<  ALIGNMENT BEGINS  <<<<<<<<<<

#  Aligning c-loop_conseusus and 5j7l_BA:407-415_426-434:
#  Alignment score:  10.2
#  P-value:  1.000e+00
#  Query aligned region: 4-4,5-5
#  Target aligned region: 1:'BA'409-1:'BA'409,15:'BA'433-15:'BA'433

	U...A
	U...G

#  Matched base-pairing interactions: 
	<U(4:)-A(5:) cis W/W>                          MATCHES	<U(1:'BA'409)-G(15:'BA'433) cis W/W>
#  Matched base-stacking interactions: 

>>>>>>>>>>   ALIGNMENT ENDS   >>>>>>>>>>

<<<<<<<<<<  ALIGNMENT BEGINS  <<<<<<<<<<

#  Aligning c-loop_conseusus and 5j7l_BA:912-919_15-21_11-14:
#  Alignment score:  10.2
#  P-value:  1.000e+00
#  Query aligned region: 4-4,5-5
#  Target aligned region: 7:'BA'920-7:'BA'920,18:'BA'15-18:'BA'15

	U...A
	U...G

#  Matched base-pairing interactions: 
	<U(4:)-A(5:) cis W/W>                          MATCHES	<U(7:'BA'920)-G(18:'BA'15) cis W/W>
#  Matched base-stacking interactions: 

>>>>>>>>>>   ALIGNMENT ENDS   >>>>>>>>>>

<<<<<<<<<<  ALIGNMENT BEGINS  <<<<<<<<<<

#  Aligning c-loop_conseusus and 5j7l_BA:11-14_912-919_15-21:
#  Alignment score:  10.2
#  P-value:  1.000e+00
#  Query aligned region: 4-4,5-5
#  Target aligned region: 0:'BA'12-0:'BA'12,18:'BA'22-18:'BA'22

	U...A
	U...G

#  Matched base-pairing interactions: 
	<U(4:)-A(5:) cis W/W>                          MATCHES	<U(0:'BA'12)-G(18:'BA'22) cis W/W>
#  Matched base-stacking interactions: 

>>>>>>>>>>   ALIGNMENT ENDS   >>>>>>>>>>

<<<<<<<<<<  ALIGNMENT BEGINS  <<<<<<<<<<

#  Aligning c-loop_conseusus and 5j7l_BA:1279-1280_1142-1148_1123-1129:
#  Alignment score:  9.8
#  P-value:  1.000e+00
#  Query aligned region: 4-4,5-5
#  Target aligned region: 2:'BA'1143-2:'BA'1143,14:'BA'1129-14:'BA'1129

	U...A
	G...C

#  Matched base-pairing interactions: 
	<U(4:)-A(5:) cis W/W>                          MATCHES	<G(2:'BA'1143)-C(14:'BA'1129) cis W/W>
#  Matched base-stacking interactions: 

>>>>>>>>>>   ALIGNMENT ENDS   >>>>>>>>>>

<<<<<<<<<<  ALIGNMENT BEGINS  <<<<<<<<<<

#  Aligning c-loop_conseusus and 5j7l_BA:1207-1214_1044-1049_989-995:
#  Alignment score:  9.8
#  P-value:  1.000e+00
#  Query aligned region: 4-4,5-5
#  Target aligned region: 2:'BA'1210-2:'BA'1210,10:'BA'1047-10:'BA'1047

	U...A
	C...G

#  Matched base-pairing interactions: 
	<U(4:)-A(5:) cis W/W>                          MATCHES	<C(2:'BA'1210)-G(10:'BA'1047) cis W/W>
#  Matched base-stacking interactions: 

>>>>>>>>>>   ALIGNMENT ENDS   >>>>>>>>>>

<<<<<<<<<<  ALIGNMENT BEGINS  <<<<<<<<<<

#  Aligning c-loop_conseusus and 5j7l_BA:389-395_361-373_44-48:
#  Alignment score:  9.8
#  P-value:  1.000e+00
#  Query aligned region: 4-4,5-5
#  Target aligned region: 6:'BA'396-6:'BA'396,20:'BA'45-20:'BA'45

	U...A
	C...G

#  Matched base-pairing interactions: 
	<U(4:)-A(5:) cis W/W>                          MATCHES	<C(6:'BA'396)-G(20:'BA'45) cis W/W>
#  Matched base-stacking interactions: 

>>>>>>>>>>   ALIGNMENT ENDS   >>>>>>>>>>

<<<<<<<<<<  ALIGNMENT BEGINS  <<<<<<<<<<

#  Aligning c-loop_conseusus and 5j7l_BA:358-365_113-115_45-52:
#  Alignment score:  9.8
#  P-value:  1.000e+00
#  Query aligned region: 4-4,5-5
#  Target aligned region: 2:'BA'361-2:'BA'361,12:'BA'47-12:'BA'47

	U...A
	G...C

#  Matched base-pairing interactions: 
	<U(4:)-A(5:) cis W/W>                          MATCHES	<G(2:'BA'361)-C(12:'BA'47) cis W/W>
#  Matched base-stacking interactions: 

>>>>>>>>>>   ALIGNMENT ENDS   >>>>>>>>>>

<<<<<<<<<<  ALIGNMENT BEGINS  <<<<<<<<<<

#  Aligning c-loop_conseusus and 5j7l_BA:1342-1349_936-938_1371-1377:
#  Alignment score:  9.8
#  P-value:  1.000e+00
#  Query aligned region: 4-4,5-5
#  Target aligned region: 1:'BA'1344-1:'BA'1344,10:'BA'939-10:'BA'939

	U...A
	C...G

#  Matched base-pairing interactions: 
	<U(4:)-A(5:) cis W/W>                          MATCHES	<C(1:'BA'1344)-G(10:'BA'939) cis W/W>
#  Matched base-stacking interactions: 

>>>>>>>>>>   ALIGNMENT ENDS   >>>>>>>>>>

<<<<<<<<<<  ALIGNMENT BEGINS  <<<<<<<<<<

#  Aligning c-loop_conseusus and 5j7l_BA:1351-1354_1283-1291_1245-1252:
#  Alignment score:  9.8
#  P-value:  1.000e+00
#  Query aligned region: 4-4,5-5
#  Target aligned region: 4:'BA'1284-4:'BA'1284,20:'BA'1253-20:'BA'1253

	U...A
	C...G

#  Matched base-pairing interactions: 
	<U(4:)-A(5:) cis W/W>                          MATCHES	<C(4:'BA'1284)-G(20:'BA'1253) cis W/W>
#  Matched base-stacking interactions: 

>>>>>>>>>>   ALIGNMENT ENDS   >>>>>>>>>>

<<<<<<<<<<  ALIGNMENT BEGINS  <<<<<<<<<<

#  Aligning c-loop_conseusus and 5j7l_BA:1082-1097_1067-1073_1100-1108:
#  Alignment score:  9.8
#  P-value:  1.000e+00
#  Query aligned region: 4-4,5-5
#  Target aligned region: 21:'BA'1073-21:'BA'1073,24:'BA'1102-24:'BA'1102

	U...A
	U...A

#  Matched base-pairing interactions: 
	<U(4:)-A(5:) cis W/W>                          MATCHES	<U(21:'BA'1073)-A(24:'BA'1102) cis W/W>
#  Matched base-stacking interactions: 

>>>>>>>>>>   ALIGNMENT ENDS   >>>>>>>>>>

<<<<<<<<<<  ALIGNMENT BEGINS  <<<<<<<<<<

#  Aligning c-loop_conseusus and 5j7l_BA:1189-1196_1106-1108_1060-1067:
#  Alignment score:  9.8
#  P-value:  1.000e+00
#  Query aligned region: 4-4,5-5
#  Target aligned region: 3:'BA'1193-3:'BA'1193,13:'BA'1063-13:'BA'1063

	U...A
	G...C

#  Matched base-pairing interactions: 
	<U(4:)-A(5:) cis W/W>                          MATCHES	<G(3:'BA'1193)-C(13:'BA'1063) cis W/W>
#  Matched base-stacking interactions: 

>>>>>>>>>>   ALIGNMENT ENDS   >>>>>>>>>>

<<<<<<<<<<  ALIGNMENT BEGINS  <<<<<<<<<<

#  Aligning c-loop_conseusus and 5j7l_BA:825-827_864-873_857-862:
#  Alignment score:  9.8
#  P-value:  1.000e+00
#  Query aligned region: 4-4,5-5
#  Target aligned region: 6:'BA'868-6:'BA'868,16:'BA'861-16:'BA'861

	U...A
	C...G

#  Matched base-pairing interactions: 
	<U(4:)-A(5:) cis W/W>                          MATCHES	<C(6:'BA'868)-G(16:'BA'861) cis W/W>
#  Matched base-stacking interactions: 

>>>>>>>>>>   ALIGNMENT ENDS   >>>>>>>>>>

<<<<<<<<<<  ALIGNMENT BEGINS  <<<<<<<<<<

#  Aligning c-loop_conseusus and 5j7l_BA:825-827_857-862_864-873:
#  Alignment score:  9.8
#  P-value:  1.000e+00
#  Query aligned region: 4-4,5-5
#  Target aligned region: 7:'BA'862-7:'BA'862,11:'BA'867-11:'BA'867

	U...A
	C...G

#  Matched base-pairing interactions: 
	<U(4:)-A(5:) cis W/W>                          MATCHES	<C(7:'BA'862)-G(11:'BA'867) cis W/W>
#  Matched base-stacking interactions: 

>>>>>>>>>>   ALIGNMENT ENDS   >>>>>>>>>>

<<<<<<<<<<  ALIGNMENT BEGINS  <<<<<<<<<<

#  Aligning c-loop_conseusus and 5j7l_BA:773-783_798-804:
#  Alignment score:  9.8
#  P-value:  1.000e+00
#  Query aligned region: 4-4,5-5
#  Target aligned region: 5:'BA'779-5:'BA'779,15:'BA'803-15:'BA'803

	U...A
	C...G

#  Matched base-pairing interactions: 
	<U(4:)-A(5:) cis W/W>                          MATCHES	<C(5:'BA'779)-G(15:'BA'803) cis W/W>
#  Matched base-stacking interactions: 

>>>>>>>>>>   ALIGNMENT ENDS   >>>>>>>>>>

<<<<<<<<<<  ALIGNMENT BEGINS  <<<<<<<<<<

#  Aligning c-loop_conseusus and 5j7l_BA:1522-1528_764-768_809-816:
#  Alignment score:  9.8
#  P-value:  1.000e+00
#  Query aligned region: 4-4,5-5
#  Target aligned region: 11:'BA'769-11:'BA'769,12:'BA'810-12:'BA'810

	U...A
	G...C

#  Matched base-pairing interactions: 
	<U(4:)-A(5:) cis W/W>                          MATCHES	<G(11:'BA'769)-C(12:'BA'810) cis W/W>
#  Matched base-stacking interactions: 

>>>>>>>>>>   ALIGNMENT ENDS   >>>>>>>>>>

<<<<<<<<<<  ALIGNMENT BEGINS  <<<<<<<<<<

#  Aligning c-loop_conseusus and 5j7l_BA:620-625_614-619_400-401:
#  Alignment score:  9.8
#  P-value:  1.000e+00
#  Query aligned region: 4-4,5-5
#  Target aligned region: 2:'BA'623-2:'BA'623,8:'BA'617-8:'BA'617

	U...A
	C...G

#  Matched base-pairing interactions: 
	<U(4:)-A(5:) cis W/W>                          MATCHES	<C(2:'BA'623)-G(8:'BA'617) cis W/W>
#  Matched base-stacking interactions: 

>>>>>>>>>>   ALIGNMENT ENDS   >>>>>>>>>>

<<<<<<<<<<  ALIGNMENT BEGINS  <<<<<<<<<<

#  Aligning c-loop_conseusus and 5j7l_BA:877-878_575-585_754-762:
#  Alignment score:  9.8
#  P-value:  1.000e+00
#  Query aligned region: 4-4,5-5
#  Target aligned region: 12:'BA'586-12:'BA'586,13:'BA'755-13:'BA'755

	U...A
	C...G

#  Matched base-pairing interactions: 
	<U(4:)-A(5:) cis W/W>                          MATCHES	<C(12:'BA'586)-G(13:'BA'755) cis W/W>
#  Matched base-stacking interactions: 

>>>>>>>>>>   ALIGNMENT ENDS   >>>>>>>>>>

<<<<<<<<<<  ALIGNMENT BEGINS  <<<<<<<<<<

#  Aligning c-loop_conseusus and 5j7l_BA:479-487_445-451_372-373:
#  Alignment score:  9.8
#  P-value:  1.000e+00
#  Query aligned region: 4-4,5-5
#  Target aligned region: 8:'BA'488-8:'BA'488,9:'BA'446-9:'BA'446

	U...A
	C...G

#  Matched base-pairing interactions: 
	<U(4:)-A(5:) cis W/W>                          MATCHES	<C(8:'BA'488)-G(9:'BA'446) cis W/W>
#  Matched base-stacking interactions: 

>>>>>>>>>>   ALIGNMENT ENDS   >>>>>>>>>>

<<<<<<<<<<  ALIGNMENT BEGINS  <<<<<<<<<<

#  Aligning c-loop_conseusus and 5j7l_BA:403-405_491-498_436-441:
#  Alignment score:  9.8
#  P-value:  1.000e+00
#  Query aligned region: 4-4,5-5
#  Target aligned region: 3:'BA'492-3:'BA'492,16:'BA'442-16:'BA'442

	U...A
	C...G

#  Matched base-pairing interactions: 
	<U(4:)-A(5:) cis W/W>                          MATCHES	<C(3:'BA'492)-G(16:'BA'442) cis W/W>
#  Matched base-stacking interactions: 

>>>>>>>>>>   ALIGNMENT ENDS   >>>>>>>>>>

<<<<<<<<<<  ALIGNMENT BEGINS  <<<<<<<<<<

#  Aligning c-loop_conseusus and 5j7l_BA:366-375_353-354_386-392:
#  Alignment score:  9.8
#  P-value:  1.000e+00
#  Query aligned region: 4-4,5-5
#  Target aligned region: 0:'BA'367-0:'BA'367,18:'BA'393-18:'BA'393

	U...A
	U...A

#  Matched base-pairing interactions: 
	<U(4:)-A(5:) cis W/W>                          MATCHES	<U(0:'BA'367)-A(18:'BA'393) cis W/W>
#  Matched base-stacking interactions: 

>>>>>>>>>>   ALIGNMENT ENDS   >>>>>>>>>>

<<<<<<<<<<  ALIGNMENT BEGINS  <<<<<<<<<<

#  Aligning c-loop_conseusus and 5j7l_BA:892-893_276-285_239-246:
#  Alignment score:  9.8
#  P-value:  1.000e+00
#  Query aligned region: 4-4,5-5
#  Target aligned region: 11:'BA'286-11:'BA'286,12:'BA'240-12:'BA'240

	U...A
	C...G

#  Matched base-pairing interactions: 
	<U(4:)-A(5:) cis W/W>                          MATCHES	<C(11:'BA'286)-G(12:'BA'240) cis W/W>
#  Matched base-stacking interactions: 

>>>>>>>>>>   ALIGNMENT ENDS   >>>>>>>>>>

<<<<<<<<<<  ALIGNMENT BEGINS  <<<<<<<<<<

#  Aligning c-loop_conseusus and 5j7l_BA:101-102_166-173_147-154:
#  Alignment score:  9.8
#  P-value:  1.000e+00
#  Query aligned region: 4-4,5-5
#  Target aligned region: 3:'BA'168-3:'BA'168,15:'BA'153-15:'BA'153

	U...A
	G...C

#  Matched base-pairing interactions: 
	<U(4:)-A(5:) cis W/W>                          MATCHES	<G(3:'BA'168)-C(15:'BA'153) cis W/W>
#  Matched base-stacking interactions: 

>>>>>>>>>>   ALIGNMENT ENDS   >>>>>>>>>>

<<<<<<<<<<  ALIGNMENT BEGINS  <<<<<<<<<<

#  Aligning c-loop_conseusus and 5j7l_BA:101-102_167-175_145-152:
#  Alignment score:  9.8
#  P-value:  1.000e+00
#  Query aligned region: 4-4,5-5
#  Target aligned region: 10:'BA'176-10:'BA'176,11:'BA'146-11:'BA'146

	U...A
	C...G

#  Matched base-pairing interactions: 
	<U(4:)-A(5:) cis W/W>                          MATCHES	<C(10:'BA'176)-G(11:'BA'146) cis W/W>
#  Matched base-stacking interactions: 

>>>>>>>>>>   ALIGNMENT ENDS   >>>>>>>>>>

<<<<<<<<<<  ALIGNMENT BEGINS  <<<<<<<<<<

#  Aligning c-loop_conseusus and 5j7l_BA:323-326_103-110_59-62:
#  Alignment score:  9.8
#  P-value:  1.000e+00
#  Query aligned region: 4-4,5-5
#  Target aligned region: 4:'BA'104-4:'BA'104,15:'BA'63-15:'BA'63

	U...A
	G...C

#  Matched base-pairing interactions: 
	<U(4:)-A(5:) cis W/W>                          MATCHES	<G(4:'BA'104)-C(15:'BA'63) cis W/W>
#  Matched base-stacking interactions: 

>>>>>>>>>>   ALIGNMENT ENDS   >>>>>>>>>>

<<<<<<<<<<  ALIGNMENT BEGINS  <<<<<<<<<<

#  Aligning c-loop_conseusus and 5j7l_BA:1100-1108_1082-1097_1067-1073:
#  Alignment score:  9.4
#  P-value:  1.000e+00
#  Query aligned region: 4-4,5-5
#  Target aligned region: 9:'BA'1083-9:'BA'1083,31:'BA'1074-31:'BA'1074

	U...A
	U...G

#  Matched base-pairing interactions: 
	<U(4:)-A(5:) cis W/W>                          MATCHES	<U(9:'BA'1083)-G(31:'BA'1074) cis W/W>
#  Matched base-stacking interactions: 

>>>>>>>>>>   ALIGNMENT ENDS   >>>>>>>>>>

<<<<<<<<<<  ALIGNMENT BEGINS  <<<<<<<<<<

#  Aligning c-loop_conseusus and 5j7l_BA:238-239_285-287_117-121:
#  Alignment score:  9.4
#  P-value:  1.000e+00
#  Query aligned region: 4-4,5-5
#  Target aligned region: 0:'BA'239-0:'BA'239,9:'BA'122-9:'BA'122

	U...A
	U...G

#  Matched base-pairing interactions: 
	<U(4:)-A(5:) cis W/W>                          MATCHES	<U(0:'BA'239)-G(9:'BA'122) cis W/W>
#  Matched base-stacking interactions: 

>>>>>>>>>>   ALIGNMENT ENDS   >>>>>>>>>>

<<<<<<<<<<  ALIGNMENT BEGINS  <<<<<<<<<<

#  Aligning c-loop_conseusus and 5j7l_BA:1512-1522_1493-1496_1402-1407:
#  Alignment score:  9
#  P-value:  1.000e+00
#  Query aligned region: 4-4,5-5
#  Target aligned region: 14:'BA'1497-14:'BA'1497,15:'BA'1404-15:'BA'1404

	U...A
	G...C

#  Matched base-pairing interactions: 
	<U(4:)-A(5:) cis W/W>                          MATCHES	<G(14:'BA'1497)-C(15:'BA'1404) cis W/W>
#  Matched base-stacking interactions: 

>>>>>>>>>>   ALIGNMENT ENDS   >>>>>>>>>>

<<<<<<<<<<  ALIGNMENT BEGINS  <<<<<<<<<<

#  Aligning c-loop_conseusus and 5j7l_BA:791-800_781-787_689-696:
#  Alignment score:  9
#  P-value:  1.000e+00
#  Query aligned region: 4-4,5-5
#  Target aligned region: 7:'BA'799-7:'BA'799,11:'BA'783-11:'BA'783

	U...A
	G...C

#  Matched base-pairing interactions: 
	<U(4:)-A(5:) cis W/W>                          MATCHES	<G(7:'BA'799)-C(11:'BA'783) cis W/W>
#  Matched base-stacking interactions: 

>>>>>>>>>>   ALIGNMENT ENDS   >>>>>>>>>>

<<<<<<<<<<  ALIGNMENT BEGINS  <<<<<<<<<<

#  Aligning c-loop_conseusus and 5j7l_BA:882-883_558-566_295-300:
#  Alignment score:  9
#  P-value:  1.000e+00
#  Query aligned region: 4-4,5-5
#  Target aligned region: 0:'BA'883-0:'BA'883,10:'BA'567-10:'BA'567

	U...A
	C...G

#  Matched base-pairing interactions: 
	<U(4:)-A(5:) cis W/W>                          MATCHES	<C(0:'BA'883)-G(10:'BA'567) cis W/W>
#  Matched base-stacking interactions: 

>>>>>>>>>>   ALIGNMENT ENDS   >>>>>>>>>>

<<<<<<<<<<  ALIGNMENT BEGINS  <<<<<<<<<<

#  Aligning c-loop_conseusus and 5j7l_BA:1359-1361_1317-1322_1313-1315:
#  Alignment score:  9
#  P-value:  1.000e+00
#  Query aligned region: 4-4,5-5
#  Target aligned region: 8:'BA'1323-8:'BA'1323,9:'BA'1314-9:'BA'1314

	U...A
	G...C

#  Matched base-pairing interactions: 
	<U(4:)-A(5:) cis W/W>                          MATCHES	<G(8:'BA'1323)-C(9:'BA'1314) cis W/W>
#  Matched base-stacking interactions: 

>>>>>>>>>>   ALIGNMENT ENDS   >>>>>>>>>>

<<<<<<<<<<  ALIGNMENT BEGINS  <<<<<<<<<<

#  Aligning c-loop_conseusus and 5j7l_BA:1330-1336_1298-1304_1236-1240:
#  Alignment score:  9
#  P-value:  1.000e+00
#  Query aligned region: 4-4,5-5
#  Target aligned region: 6:'BA'1337-6:'BA'1337,14:'BA'1237-14:'BA'1237

	U...A
	G...C

#  Matched base-pairing interactions: 
	<U(4:)-A(5:) cis W/W>                          MATCHES	<G(6:'BA'1337)-C(14:'BA'1237) cis W/W>
#  Matched base-stacking interactions: 

>>>>>>>>>>   ALIGNMENT ENDS   >>>>>>>>>>

<<<<<<<<<<  ALIGNMENT BEGINS  <<<<<<<<<<

#  Aligning c-loop_conseusus and 5j7l_BA:1100-1108_1067-1073_1082-1097:
#  Alignment score:  9
#  P-value:  1.000e+00
#  Query aligned region: 4-4,5-5
#  Target aligned region: 6:'BA'1107-6:'BA'1107,9:'BA'1068-9:'BA'1068

	U...A
	C...G

#  Matched base-pairing interactions: 
	<U(4:)-A(5:) cis W/W>                          MATCHES	<C(6:'BA'1107)-G(9:'BA'1068) cis W/W>
#  Matched base-stacking interactions: 

>>>>>>>>>>   ALIGNMENT ENDS   >>>>>>>>>>

<<<<<<<<<<  ALIGNMENT BEGINS  <<<<<<<<<<

#  Aligning c-loop_conseusus and 5j7l_BA:1195-1205_1051-1059:
#  Alignment score:  9
#  P-value:  1.000e+00
#  Query aligned region: 4-4,5-5
#  Target aligned region: 1:'BA'1197-1:'BA'1197,19:'BA'1060-19:'BA'1060

	U...A
	A...U

#  Matched base-pairing interactions: 
	<U(4:)-A(5:) cis W/W>                          MATCHES	<A(1:'BA'1197)-U(19:'BA'1060) cis W/W>
#  Matched base-stacking interactions: 

>>>>>>>>>>   ALIGNMENT ENDS   >>>>>>>>>>

<<<<<<<<<<  ALIGNMENT BEGINS  <<<<<<<<<<

#  Aligning c-loop_conseusus and 5j7l_BA:403-405_492-498_435-440:
#  Alignment score:  9
#  P-value:  1.000e+00
#  Query aligned region: 4-4,5-5
#  Target aligned region: 2:'BA'406-2:'BA'406,10:'BA'436-10:'BA'436

	U...A
	G...C

#  Matched base-pairing interactions: 
	<U(4:)-A(5:) cis W/W>                          MATCHES	<G(2:'BA'406)-C(10:'BA'436) cis W/W>
#  Matched base-stacking interactions: 

>>>>>>>>>>   ALIGNMENT ENDS   >>>>>>>>>>

<<<<<<<<<<  ALIGNMENT BEGINS  <<<<<<<<<<

#  Aligning c-loop_conseusus and 5j7l_BA:492-498_435-440_403-405:
#  Alignment score:  9
#  P-value:  1.000e+00
#  Query aligned region: 4-4,5-5
#  Target aligned region: 4:'BA'497-4:'BA'497,11:'BA'440-11:'BA'440

	U...A
	G...C

#  Matched base-pairing interactions: 
	<U(4:)-A(5:) cis W/W>                          MATCHES	<G(4:'BA'497)-C(11:'BA'440) cis W/W>
#  Matched base-stacking interactions: 

>>>>>>>>>>   ALIGNMENT ENDS   >>>>>>>>>>

<<<<<<<<<<  ALIGNMENT BEGINS  <<<<<<<<<<

#  Aligning c-loop_conseusus and 5j7l_BA:565-566_555-562_22-26:
#  Alignment score:  9
#  P-value:  1.000e+00
#  Query aligned region: 4-4,5-5
#  Target aligned region: 2:'BA'556-2:'BA'556,14:'BA'27-14:'BA'27

	U...A
	C...G

#  Matched base-pairing interactions: 
	<U(4:)-A(5:) cis W/W>                          MATCHES	<C(2:'BA'556)-G(14:'BA'27) cis W/W>
#  Matched base-stacking interactions: 

>>>>>>>>>>   ALIGNMENT ENDS   >>>>>>>>>>

<<<<<<<<<<  ALIGNMENT BEGINS  <<<<<<<<<<

#  Aligning c-loop_conseusus and 5j7l_BA:1375-1384_1343-1344_932-937:
#  Alignment score:  8.2
#  P-value:  1.000e+00
#  Query aligned region: 4-4,5-5
#  Target aligned region: 8:'BA'1384-8:'BA'1384,12:'BA'933-12:'BA'933

	U...A
	C...G

#  Matched base-pairing interactions: 
	<U(4:)-A(5:) cis W/W>                          MATCHES	<C(8:'BA'1384)-G(12:'BA'933) cis W/W>
#  Matched base-stacking interactions: 

>>>>>>>>>>   ALIGNMENT ENDS   >>>>>>>>>>

<<<<<<<<<<  ALIGNMENT BEGINS  <<<<<<<<<<

#  Aligning c-loop_conseusus and 5j7l_BA:1524-1528_811-819_764-765:
#  Alignment score:  8.2
#  P-value:  1.000e+00
#  Query aligned region: 4-4,5-5
#  Target aligned region: 4:'BA'1529-4:'BA'1529,10:'BA'817-10:'BA'817

	U...A
	G...C

#  Matched base-pairing interactions: 
	<U(4:)-A(5:) cis W/W>                          MATCHES	<G(4:'BA'1529)-C(10:'BA'817) cis W/W>
#  Matched base-stacking interactions: 

>>>>>>>>>>   ALIGNMENT ENDS   >>>>>>>>>>

<<<<<<<<<<  ALIGNMENT BEGINS  <<<<<<<<<<

#  Aligning c-loop_conseusus and 5j7l_BA:790-796_785-788_693-695:
#  Alignment score:  6.6
#  P-value:  1.000e+00
#  Query aligned region: 4-4,5-5
#  Target aligned region: 5:'BA'796-5:'BA'796,7:'BA'786-7:'BA'786

	U...A
	C...G

#  Matched base-pairing interactions: 
	<U(4:)-A(5:) cis W/W>                          MATCHES	<C(5:'BA'796)-G(7:'BA'786) cis W/W>
#  Matched base-stacking interactions: 

>>>>>>>>>>   ALIGNMENT ENDS   >>>>>>>>>>

<<<<<<<<<<  ALIGNMENT BEGINS  <<<<<<<<<<

#  Aligning c-loop_conseusus and 5j7l_BA:1155-1159_1179-1181_1175-1178:
#  Alignment score:  5.8
#  P-value:  1.000e+00
#  Query aligned region: 4-4,5-5
#  Target aligned region: 2:'BA'1158-2:'BA'1158,6:'BA'1181-6:'BA'1181

	U...A
	C...G

#  Matched base-pairing interactions: 
	<U(4:)-A(5:) cis W/W>                          MATCHES	<C(2:'BA'1158)-G(6:'BA'1181) cis W/W>
#  Matched base-stacking interactions: 

>>>>>>>>>>   ALIGNMENT ENDS   >>>>>>>>>>

<<<<<<<<<<  ALIGNMENT BEGINS  <<<<<<<<<<

#  Aligning c-loop_conseusus and 5j7l_BA:106-110_325-331_320-324:
#  Alignment score:  5.4
#  P-value:  1.000e+00
#  Query aligned region: 
#  Target aligned region: 

	
	

#  Matched base-pairing interactions: 
#  Matched base-stacking interactions: 

>>>>>>>>>>   ALIGNMENT ENDS   >>>>>>>>>>

<<<<<<<<<<  ALIGNMENT BEGINS  <<<<<<<<<<

#  Aligning c-loop_conseusus and 5j7l_BA:325-331_106-110_320-324:
#  Alignment score:  5.4
#  P-value:  1.000e+00
#  Query aligned region: 
#  Target aligned region: 

	
	

#  Matched base-pairing interactions: 
#  Matched base-stacking interactions: 

>>>>>>>>>>   ALIGNMENT ENDS   >>>>>>>>>>

<<<<<<<<<<  ALIGNMENT BEGINS  <<<<<<<<<<

#  Aligning c-loop_conseusus and 5j7l_BA:325-331_320-324_106-110:
#  Alignment score:  5.4
#  P-value:  1.000e+00
#  Query aligned region: 4-4,5-5
#  Target aligned region: 6:'BA'332-6:'BA'332,7:'BA'321-7:'BA'321

	U...A
	G...A

#  Matched base-pairing interactions: 
	<U(4:)-A(5:) cis W/W>                          MATCHES	<G(6:'BA'332)-A(7:'BA'321) cis W/W>
#  Matched base-stacking interactions: 

>>>>>>>>>>   ALIGNMENT ENDS   >>>>>>>>>>

<<<<<<<<<<  ALIGNMENT BEGINS  <<<<<<<<<<

#  Aligning c-loop_conseusus and 5j7l_BA:1357-1364_975-981_1221-1223:
#  Alignment score:  4.3
#  P-value:  1.000e+00
#  Query aligned region: 
#  Target aligned region: 

	
	

#  Matched base-pairing interactions: 
#  Matched base-stacking interactions: 

>>>>>>>>>>   ALIGNMENT ENDS   >>>>>>>>>>

<<<<<<<<<<  ALIGNMENT BEGINS  <<<<<<<<<<

#  Aligning c-loop_conseusus and 5j7l_BA:1357-1364_1221-1223_975-981:
#  Alignment score:  3.9
#  P-value:  1.000e+00
#  Query aligned region: 
#  Target aligned region: 

	
	

#  Matched base-pairing interactions: 
#  Matched base-stacking interactions: 

>>>>>>>>>>   ALIGNMENT ENDS   >>>>>>>>>>

<<<<<<<<<<  ALIGNMENT BEGINS  <<<<<<<<<<

#  Aligning c-loop_conseusus and 5j7l_BA:1221-1223_975-981_1357-1364:
#  Alignment score:  3.8
#  P-value:  1.000e+00
#  Query aligned region: 
#  Target aligned region: 

	
	

#  Matched base-pairing interactions: 
#  Matched base-stacking interactions: 

>>>>>>>>>>   ALIGNMENT ENDS   >>>>>>>>>>

<<<<<<<<<<  ALIGNMENT BEGINS  <<<<<<<<<<

#  Aligning c-loop_conseusus and 5j7l_BA:975-981_1221-1223_1357-1364:
#  Alignment score:  3.8
#  P-value:  1.000e+00
#  Query aligned region: 4-4,5-5
#  Target aligned region: 5:'BA'981-5:'BA'981,8:'BA'1223-8:'BA'1223

	U...A
	U...C

#  Matched base-pairing interactions: 
	<U(4:)-A(5:) cis W/W>                          MATCHES	<U(5:'BA'981)-C(8:'BA'1223) cis W/W>
#  Matched base-stacking interactions: 

>>>>>>>>>>   ALIGNMENT ENDS   >>>>>>>>>>

<<<<<<<<<<  ALIGNMENT BEGINS  <<<<<<<<<<

#  Aligning c-loop_conseusus and 5j7l_BA:1221-1223_1357-1364_975-981:
#  Alignment score:  3.7
#  P-value:  1.000e+00
#  Query aligned region: 
#  Target aligned region: 

	
	

#  Matched base-pairing interactions: 
#  Matched base-stacking interactions: 

>>>>>>>>>>   ALIGNMENT ENDS   >>>>>>>>>>

<<<<<<<<<<  ALIGNMENT BEGINS  <<<<<<<<<<

#  Aligning c-loop_conseusus and 5j7l_BA:630-634_603-606:
#  Alignment score:  3.6
#  P-value:  1.000e+00
#  Query aligned region: 
#  Target aligned region: 

	
	

#  Matched base-pairing interactions: 
#  Matched base-stacking interactions: 

>>>>>>>>>>   ALIGNMENT ENDS   >>>>>>>>>>

<<<<<<<<<<  ALIGNMENT BEGINS  <<<<<<<<<<

#  Aligning c-loop_conseusus and 5j7l_BA:603-606_630-634:
#  Alignment score:  3.5
#  P-value:  1.000e+00
#  Query aligned region: 
#  Target aligned region: 

	
	

#  Matched base-pairing interactions: 
#  Matched base-stacking interactions: 

>>>>>>>>>>   ALIGNMENT ENDS   >>>>>>>>>>

<<<<<<<<<<  ALIGNMENT BEGINS  <<<<<<<<<<

#  Aligning c-loop_conseusus and 5j7l_BA:285-287_238-239_117-121:
#  Alignment score:  2.8
#  P-value:  1.000e+00
#  Query aligned region: 
#  Target aligned region: 

	
	

#  Matched base-pairing interactions: 
#  Matched base-stacking interactions: 

>>>>>>>>>>   ALIGNMENT ENDS   >>>>>>>>>>

<<<<<<<<<<  ALIGNMENT BEGINS  <<<<<<<<<<

#  Aligning c-loop_conseusus and 5j7l_BA:1500-1503_923-926:
#  Alignment score:  2.2
#  P-value:  1.000e+00
#  Query aligned region: 
#  Target aligned region: 

	
	

#  Matched base-pairing interactions: 
#  Matched base-stacking interactions: 

>>>>>>>>>>   ALIGNMENT ENDS   >>>>>>>>>>

<<<<<<<<<<  ALIGNMENT BEGINS  <<<<<<<<<<

#  Aligning c-loop_conseusus and 5j7l_BA:923-926_1500-1503:
#  Alignment score:  1.8
#  P-value:  1.000e+00
#  Query aligned region: 
#  Target aligned region: 

	
	

#  Matched base-pairing interactions: 
#  Matched base-stacking interactions: 

>>>>>>>>>>   ALIGNMENT ENDS   >>>>>>>>>>

<<<<<<<<<<  ALIGNMENT BEGINS  <<<<<<<<<<

#  Aligning c-loop_conseusus and 5j7l_BA:1133-1139:
#  Alignment score:  1.8
#  P-value:  1.000e+00
#  Query aligned region: 
#  Target aligned region: 

	
	

#  Matched base-pairing interactions: 
#  Matched base-stacking interactions: 

>>>>>>>>>>   ALIGNMENT ENDS   >>>>>>>>>>

