PDB data file name: 3f4h.pdb_new
-----------------------------------------------------------
CRITERIA USED TO GENERATE BASE-PAIR: 
  3.40 --> upper H-bond length limits (ON..ON).
 26.00 --> max. distance between paired base origins.
  2.50 --> max. vertical distance between paired base origins.
 65.00 --> max. angle between paired bases [0-90].
  5.40 --> min. distance between RN9/YN1 atoms.
  8.00 --> max. distance criterion for helix break[0-12]
-----------------------------------------------------------
BASE-PAIR INSTRUCTIONS: 
Column 1 is rnaview assigned base numbers n1_n2, start from 1.
Column 2 & 3 are chain ID & residue number in input PDB file.
Column 4 is for base pair. The left & right are the bases as 
         identified by column 2 & 3 and 5 & 6.
Column 5 & 6 are residue number & chain ID in input PDB file.
Column 7 is for base pair annotation. The standard Watson-Crick
         (W.C.) pairs are annotated as -/- (AU,AT) or +/+ (GC).
         Other pairs are annotated as Leontis_Westhof Classification.
         The three edges: W(Watson-Crick); H(Hoogsteen); S(suger).
         e.g. W/H means the pair is edge of Watson-Crick & Hoogsteen.
Column 8 is glycosidic bond orientation (either cis or trans).
         e.g. 'W/H cis' means the pair is interaction on Watson-Crick
         and Hoogsteen side, glycosidic bond orientation is 'cis'.
Column 9 corresponds to Saenger Classification.

Other columns: 
        Syn sugar-base conformations are annotated as (syn).
        Stacked base pairs are annotated as (stack).
        Non-identified edges are annotated as (.) or (?)
        Tertiary interactions are marked by (!) in the line.
Reference:
Yang et al (2003) Nucleic Acids Research, Vol31,No13,p3450-3461.
-----------------------------------------------------------
BEGIN_base-pair
    1_109, X:     1 G-C   112 Y: +/+ cis         XIX
    2_108, X:     2 G-U   111 Y: W/W cis         XXVIII
      3_4, X:     3 A-U     4 X:      stacked
    3_107, X:     3 A-U   110 Y: -/- cis         XX
    4_106, X:     4 U-A   109 Y: -/- cis         XX
    5_105, X:     5 C-G   108 Y: +/+ cis         XIX
    8_102, X:     8 C-G   105 Y: +/+ cis         XIX
    11_12, X:    11 G-G    12 X:      stacked
    11_31, X:    11 G-C    31 X: S/s cis         n/a
    12_90, X:    12 G-G    93 Y: S/S tran        IV
    13_28, X:    13 C-G    28 X: S/W cis         n/a
    14_28, X:    14 A-G    28 X: H/S tran        XI
    15_27, X:    15 G-C    27 X: +/+ cis         XIX
    16_26, X:    16 G-C    26 X: +/+ cis         XIX
    17_25, X:    17 G-C    25 X: +/+ cis         XIX
    18_22, X:    18 U-A    22 X: W/H tran        XXIV
    19_87, X:    19 G-A    90 Y: S/H tran        XI
    29_91, X:    29 A-U    94 Y: -/- cis         XX
    30_90, X:    30 C-G    93 Y: +/+ cis         XIX
    31_81, X:    31 C-G    84 Y: +/+ cis         XIX
    32_80, X:    32 G-C    83 Y: +/+ cis         XIX
    33_46, X:    33 G-C    46 X: +/+ cis         XIX
   33_101, X:    33 G-A   104 Y: S/S tran        n/a
    34_45, X:    34 U-A    45 X: -/- cis         XX
    35_44, X:    35 G-C    44 X: +/+ cis         XIX
    36_43, X:    36 G-C    43 X: +/+ cis         XIX
    37_40, X:    37 U-A    40 X: W/H tran        XXIV
    38_67, X:    38 A-G    70 Y: H/S tran   syn    XI
    41_60, X:    41 G-A    63 Y: S/S tran        n/a
    41_79, X:    41 G-C    82 Y: +/+ cis         XIX
    42_78, X:    42 U-A    81 Y: -/- cis         XX
    47_48, X:    47 G-A    48 X:      stacked
    49_57, X:    49 A-U    60 Y: -/- cis         XX
    50_56, X:    50 A-U    59 Y: -/- cis         XX
    51_55, X:    51 G-C    58 Y: +/+ cis         XIX
    52_54, X:    52 C-G    57 Y: +/+ cis         XIX
    59_80, Y:    62 G-C    83 Y: S/S cis    syn    n/a
    61_62, Y:    64 U-U    65 Y:      stacked
    61_77, Y:    64 U-A    80 Y: -/- cis         XX
    62_76, Y:    65 U-A    79 Y: -/- cis         XX
    63_75, Y:    66 U-A    78 Y: -/- cis         XX
    64_74, Y:    67 G-C    77 Y: +/+ cis         XIX
    65_73, Y:    68 G-C    76 Y: +/+ cis         XIX
    66_70, Y:    69 U-A    73 Y: W/H tran        XXIV
    80_81, Y:    83 C-G    84 Y:      stacked
    82_95, Y:    85 A-G    98 Y: W/W cis         VIII
    83_94, Y:    86 C-G    97 Y: +/+ cis         XIX
    84_93, Y:    87 A-U    96 Y: -/- cis         XX
    85_86, Y:    88 G-U    89 Y:      stacked
    85_89, Y:    88 G-A    92 Y: W/H tran        n/a
    85_92, Y:    88 G-C    95 Y: +/+ cis         XIX
    86_89, Y:    89 U-A    92 Y: W/H tran        XXIV
  108_109, Y:   111 U-C   112 Y:      stacked
    7_103, X:     7 U-A   106 Y: W/W cis         !1H(b_b)
    10_47, X:    10 G-G    47 X: H/W cis         !1H(b_b)
    11_81, X:    11 G-G    84 Y: W/. tran        !1H(b_b)
    12_31, X:    12 G-C    31 X: S/S cis         !1H(b_b)
    9_101, X:     9 G-A   104 Y: S/H tran        !(b_s)
    11_32, X:    11 G-G    32 X: S/S cis         !(b_s)
   35_102, X:    35 G-G   105 Y: ./S tran        !(b_s)
    59_81, Y:    62 G-G    84 Y: S/S tran   syn    !(b_s)
    13_14, X:    13 C-A    14 X: S/H cis         !(s_s)
   34_102, X:    34 U-G   105 Y: S/S cis         !(s_s)
    42_43, X:    42 U-C    43 X: S/H cis         !(s_s)
   46_101, X:    46 C-A   104 Y: S/s cis         !(s_s)
   47_100, X:    47 G-G   103 Y: S/S cis         !(s_s)
    48_98, X:    48 A-G   101 Y: S/W tran        !(s_s)
    60_79, Y:    63 A-C    82 Y: s/S cis         !(s_s)
    87_88, Y:    90 A-G    91 Y: S/H cis         !(s_s)
END_base-pair

Summary of triplets and higher multiplets
BEGIN_multiplets
11_31_81_| [1 3]  X: 11 G  +  X: 31 C  +  Y: 84 G
13_14_28_| [2 3]  X: 13 C  +  X: 14 A  +  X: 28 G
32_59_80_| [3 3]  X: 32 G  +  Y: 62 G  +  Y: 83 C
33_46_101_| [4 3]  X: 33 G  +  X: 46 C  +  Y: 104 A
41_60_79_| [5 3]  X: 41 G  +  Y: 63 A  +  Y: 82 C
END_multiplets

  The total base pairs =  46 (from  109 bases)
------------------------------------------------
 Standard  WW--cis  WW-tran  HH--cis  HH-tran  SS--cis  SS-tran
       30        2        0        0        0        2        3
  WH--cis  WH-tran  WS--cis  WS-tran  HS--cis  HS-tran
        0        5        1        0        0        3
------------------------------------------------
