$ /home/s081p868/scratch/RNAMotifScanX-release/bin/scan /home/s081p868/scratch/RNAMotifScanX-release/models/reverse-kturn_consensus.struct /rfs/poseidon_share/s081p868/RNAMotifScanX_nr/rmsx_work_default/3igi/A/3igi_A.rmsx.in --map_pdb=/rfs/poseidon_share/s081p868/RNAMotifScanX_nr/rmsx_work_default/3igi/A/3igi_A.rmsx.nch --pvalue 1.0 --num_threads 8 --write_alignment
<<<<<<<<<<  ALIGNMENT BEGINS  <<<<<<<<<<

#  Aligning reverse-kturn_conseusns and 3igi_A:107-115_11-12_70-77:
#  Alignment score:  40
#  P-value:  5.020e-02
#  Query aligned region: 0-3,4-10
#  Target aligned region: 5:A113-7:A115,9:A12-10:A13,12:A72-14:A74

	GGA~G...C~AAC
	GGA~A...U~AAC

#  Matched base-pairing interactions: 
	<G(3:)-C(4:) cis W/W>                          MATCHES	<A(9:A12)-U(10:A13) trans S/S>
	<A(2:)-A(8:) trans H/H>                        MATCHES	<A(7:A115)-A(12:A72) cis -/->
	<G(1:)-A(9:) trans S/H>                        MATCHES	<G(6:A114)-A(13:A73) trans S/H>
	<G(0:)-C(10:) cis W/W>                         MATCHES	<G(5:A113)-C(14:A74) cis W/W>
#  Matched base-stacking interactions: 

>>>>>>>>>>   ALIGNMENT ENDS   >>>>>>>>>>

<<<<<<<<<<  ALIGNMENT BEGINS  <<<<<<<<<<

#  Aligning reverse-kturn_conseusns and 3igi_A:137-144_358-360_132-135:
#  Alignment score:  38.6
#  P-value:  5.591e-02
#  Query aligned region: 0-2,8-10
#  Target aligned region: 3:A141-5:A143,10:A361-10:A361,12:A134-13:A135

	GGA...A~AC
	CGA...C~AG

#  Matched base-pairing interactions: 
	<G(1:)-A(9:) trans S/H>                        MATCHES	<G(4:A142)-A(12:A134) trans S/H>
	<A(2:)-A(8:) trans H/H>                        MATCHES	<A(5:A143)-C(10:A361) cis -/->
	<G(0:)-C(10:) cis W/W>                         MATCHES	<C(3:A141)-G(13:A135) cis W/W>
#  Matched base-stacking interactions: 

>>>>>>>>>>   ALIGNMENT ENDS   >>>>>>>>>>

<<<<<<<<<<  ALIGNMENT BEGINS  <<<<<<<<<<

#  Aligning reverse-kturn_conseusns and 3igi_A:69-75_109-116:
#  Alignment score:  37.8
#  P-value:  5.963e-02
#  Query aligned region: 0-2,8-10
#  Target aligned region: 0:A70-2:A72,12:A115-14:A117

	GGA...AAC
	CUA...ACG

#  Matched base-pairing interactions: 
	<A(2:)-A(8:) trans H/H>                        MATCHES	<A(2:A72)-A(12:A115) cis -/->
	<G(1:)-A(9:) trans S/H>                        MATCHES	<U(1:A71)-C(13:A116) trans S/H>
	<G(0:)-C(10:) cis W/W>                         MATCHES	<C(0:A70)-G(14:A117) cis W/W>
#  Matched base-stacking interactions: 

>>>>>>>>>>   ALIGNMENT ENDS   >>>>>>>>>>

<<<<<<<<<<  ALIGNMENT BEGINS  <<<<<<<<<<

#  Aligning reverse-kturn_conseusns and 3igi_A:149-150_134-136_137-140:
#  Alignment score:  36.4
#  P-value:  6.708e-02
#  Query aligned region: 0-1,9-10
#  Target aligned region: 2:A135-3:A136,7:A140-8:A141

	GG...AC
	GG...AC

#  Matched base-pairing interactions: 
	<G(1:)-A(9:) trans S/H>                        MATCHES	<G(3:A136)-A(7:A140) trans S/H>
	<G(0:)-C(10:) cis W/W>                         MATCHES	<G(2:A135)-C(8:A141) cis W/W>
#  Matched base-stacking interactions: 

>>>>>>>>>>   ALIGNMENT ENDS   >>>>>>>>>>

<<<<<<<<<<  ALIGNMENT BEGINS  <<<<<<<<<<

#  Aligning reverse-kturn_conseusns and 3igi_A:191-192_238-246_120-127:
#  Alignment score:  36.4
#  P-value:  6.708e-02
#  Query aligned region: 0-1,9-10
#  Target aligned region: 6:A243-7:A244,12:A122-13:A123

	GG...AC
	GG...AC

#  Matched base-pairing interactions: 
	<G(1:)-A(9:) trans S/H>                        MATCHES	<G(7:A244)-A(12:A122) trans S/H>
	<G(0:)-C(10:) cis W/W>                         MATCHES	<G(6:A243)-C(13:A123) cis W/W>
#  Matched base-stacking interactions: 

>>>>>>>>>>   ALIGNMENT ENDS   >>>>>>>>>>

<<<<<<<<<<  ALIGNMENT BEGINS  <<<<<<<<<<

#  Aligning reverse-kturn_conseusns and 3igi_A:245-246_34-42_24-29:
#  Alignment score:  36.4
#  P-value:  6.708e-02
#  Query aligned region: 0-2,8-10
#  Target aligned region: 7:A40-9:A42,12:A26-14:A28

	GGA...AAC
	CGA...UAG

#  Matched base-pairing interactions: 
	<A(2:)-A(8:) trans H/H>                        MATCHES	<A(9:A42)-U(12:A26) trans H/W>
	<G(1:)-A(9:) trans S/H>                        MATCHES	<G(8:A41)-A(13:A27) trans S/H>
	<G(0:)-C(10:) cis W/W>                         MATCHES	<C(7:A40)-G(14:A28) cis W/W>
#  Matched base-stacking interactions: 

>>>>>>>>>>   ALIGNMENT ENDS   >>>>>>>>>>

<<<<<<<<<<  ALIGNMENT BEGINS  <<<<<<<<<<

#  Aligning reverse-kturn_conseusns and 3igi_A:88-90_271-273_91-94:
#  Alignment score:  36
#  P-value:  6.946e-02
#  Query aligned region: 0-2,8-10
#  Target aligned region: 0:A89-2:A91,5:A274-5:A274,7:A93-8:A94

	GGA...A~AC
	GGC...G~AC

#  Matched base-pairing interactions: 
	<G(1:)-A(9:) trans S/H>                        MATCHES	<G(1:A90)-A(7:A93) trans S/H>
	<A(2:)-A(8:) trans H/H>                        MATCHES	<C(2:A91)-G(5:A274) cis -/->
	<G(0:)-C(10:) cis W/W>                         MATCHES	<G(0:A89)-C(8:A94) cis W/W>
#  Matched base-stacking interactions: 

>>>>>>>>>>   ALIGNMENT ENDS   >>>>>>>>>>

<<<<<<<<<<  ALIGNMENT BEGINS  <<<<<<<<<<

#  Aligning reverse-kturn_conseusns and 3igi_A:272-274_276-279_90-91:
#  Alignment score:  35.6
#  P-value:  7.198e-02
#  Query aligned region: 0-1,9-10
#  Target aligned region: 1:A274-2:A275,4:A278-5:A279

	GG...AC
	GG...AC

#  Matched base-pairing interactions: 
	<G(1:)-A(9:) trans S/H>                        MATCHES	<G(2:A275)-A(4:A278) trans S/H>
	<G(0:)-C(10:) cis W/W>                         MATCHES	<G(1:A274)-C(5:A279) cis W/W>
#  Matched base-stacking interactions: 

>>>>>>>>>>   ALIGNMENT ENDS   >>>>>>>>>>

<<<<<<<<<<  ALIGNMENT BEGINS  <<<<<<<<<<

#  Aligning reverse-kturn_conseusns and 3igi_A:186-193_235-238_171-177:
#  Alignment score:  35.6
#  P-value:  7.198e-02
#  Query aligned region: 0-3,4-10
#  Target aligned region: 3:A190-6:A193,11:A239-11:A239,13:A173-15:A175

	GGAG...C~AAC
	CAAA...G~GAG

#  Matched base-pairing interactions: 
	<G(3:)-C(4:) cis W/W>                          MATCHES	<A(6:A193)-G(11:A239) trans S/S>
	<A(2:)-A(8:) trans H/H>                        MATCHES	<A(5:A192)-G(13:A173) trans H/S>
	<G(1:)-A(9:) trans S/H>                        MATCHES	<A(4:A191)-A(14:A174) trans S/H>
	<G(0:)-C(10:) cis W/W>                         MATCHES	<C(3:A190)-G(15:A175) cis W/W>
#  Matched base-stacking interactions: 

>>>>>>>>>>   ALIGNMENT ENDS   >>>>>>>>>>

<<<<<<<<<<  ALIGNMENT BEGINS  <<<<<<<<<<

#  Aligning reverse-kturn_conseusns and 3igi_A:46-49_196-198_56-60:
#  Alignment score:  35.2
#  P-value:  7.463e-02
#  Query aligned region: 0-3,4-10
#  Target aligned region: 0:A47-3:A50,5:A198-5:A198,9:A59-11:A61

	GGAG...C~AAC
	UGAA...U~UAA

#  Matched base-pairing interactions: 
	<G(3:)-C(4:) cis W/W>                          MATCHES	<A(3:A50)-U(5:A198) cis H/W>
	<A(2:)-A(8:) trans H/H>                        MATCHES	<A(2:A49)-U(9:A59) trans H/W>
	<G(1:)-A(9:) trans S/H>                        MATCHES	<G(1:A48)-A(10:A60) trans S/H>
	<G(0:)-C(10:) cis W/W>                         MATCHES	<U(0:A47)-A(11:A61) cis W/W>
#  Matched base-stacking interactions: 

>>>>>>>>>>   ALIGNMENT ENDS   >>>>>>>>>>

<<<<<<<<<<  ALIGNMENT BEGINS  <<<<<<<<<<

#  Aligning reverse-kturn_conseusns and 3igi_A:288-289_384-388_353-358:
#  Alignment score:  34.8
#  P-value:  7.744e-02
#  Query aligned region: 0-1,9-10
#  Target aligned region: 4:A387-5:A388,8:A355-9:A356

	GG...AC
	UG...AA

#  Matched base-pairing interactions: 
	<G(1:)-A(9:) trans S/H>                        MATCHES	<G(5:A388)-A(8:A355) trans S/H>
	<G(0:)-C(10:) cis W/W>                         MATCHES	<U(4:A387)-A(9:A356) cis W/W>
#  Matched base-stacking interactions: 

>>>>>>>>>>   ALIGNMENT ENDS   >>>>>>>>>>

<<<<<<<<<<  ALIGNMENT BEGINS  <<<<<<<<<<

#  Aligning reverse-kturn_conseusns and 3igi_A:98-103_76-83:
#  Alignment score:  34.8
#  P-value:  7.744e-02
#  Query aligned region: 0-1,9-10
#  Target aligned region: 4:A103-5:A104,7:A78-8:A79

	GG...AC
	UG...AG

#  Matched base-pairing interactions: 
	<G(1:)-A(9:) trans S/H>                        MATCHES	<G(5:A104)-A(7:A78) trans S/H>
	<G(0:)-C(10:) cis W/W>                         MATCHES	<U(4:A103)-G(8:A79) cis W/W>
#  Matched base-stacking interactions: 

>>>>>>>>>>   ALIGNMENT ENDS   >>>>>>>>>>

<<<<<<<<<<  ALIGNMENT BEGINS  <<<<<<<<<<

#  Aligning reverse-kturn_conseusns and 3igi_A:22-24_114-120_64-71:
#  Alignment score:  30.6
#  P-value:  1.196e-01
#  Query aligned region: 0-1,9-10
#  Target aligned region: 7:A119-8:A120,12:A67-13:A68

	GG...AC
	CA...AG

#  Matched base-pairing interactions: 
	<G(1:)-A(9:) trans S/H>                        MATCHES	<A(8:A120)-A(12:A67) trans S/H>
	<G(0:)-C(10:) cis W/W>                         MATCHES	<C(7:A119)-G(13:A68) cis W/W>
#  Matched base-stacking interactions: 

>>>>>>>>>>   ALIGNMENT ENDS   >>>>>>>>>>

<<<<<<<<<<  ALIGNMENT BEGINS  <<<<<<<<<<

#  Aligning reverse-kturn_conseusns and 3igi_A:353-354_289-295_320-326:
#  Alignment score:  30.4
#  P-value:  1.225e-01
#  Query aligned region: 0-3,4-10
#  Target aligned region: 2:A290-6:A294,11:A323-15:A327

	GGA-G...CACAAAC
	AGAAG...C--GGAA

#  Matched base-pairing interactions: 
	<G(3:)-C(4:) cis W/W>                          MATCHES	<G(6:A294)-C(11:A323) cis W/W>
	<A(2:)-A(8:) trans H/H>                        MATCHES	<A(4:A292)-G(13:A325) cis -/->
	<G(1:)-A(9:) trans S/H>                        MATCHES	<G(3:A291)-A(14:A326) trans S/H>
	<G(0:)-C(10:) cis W/W>                         MATCHES	<A(2:A290)-A(15:A327) cis S/W>
#  Matched base-stacking interactions: 

>>>>>>>>>>   ALIGNMENT ENDS   >>>>>>>>>>

<<<<<<<<<<  ALIGNMENT BEGINS  <<<<<<<<<<

#  Aligning reverse-kturn_conseusns and 3igi_A:105-109_373-377_258-261:
#  Alignment score:  25.6
#  P-value:  2.368e-01
#  Query aligned region: 0-1,9-10
#  Target aligned region: 1:A107-1:A107,9:A378-9:A378,11:A260-12:A261

	G~G...AC
	G~G...AC

#  Matched base-pairing interactions: 
	<G(0:)-C(10:) cis W/W>                         MATCHES	<G(1:A107)-C(12:A261) cis -/->
	<G(1:)-A(9:) trans S/H>                        MATCHES	<G(9:A378)-A(11:A260) trans S/H>
#  Matched base-stacking interactions: 

>>>>>>>>>>   ALIGNMENT ENDS   >>>>>>>>>>

<<<<<<<<<<  ALIGNMENT BEGINS  <<<<<<<<<<

#  Aligning reverse-kturn_conseusns and 3igi_A:265-268_295-302_315-320:
#  Alignment score:  25.1
#  P-value:  2.573e-01
#  Query aligned region: 0-2,8-10
#  Target aligned region: 4:A296-7:A299,15:A319-17:A321

	G-GA...AAC
	CAUA...AGG

#  Matched base-pairing interactions: 
	<A(2:)-A(8:) trans H/H>                        MATCHES	<A(7:A299)-A(15:A319) trans H/H>
	<G(0:)-C(10:) cis W/W>                         MATCHES	<C(4:A296)-G(17:A321) cis W/W>
	<G(1:)-A(9:) trans S/H>                        MATCHES	<U(6:A298)-G(16:A320) cis W/W>
#  Matched base-stacking interactions: 

>>>>>>>>>>   ALIGNMENT ENDS   >>>>>>>>>>

<<<<<<<<<<  ALIGNMENT BEGINS  <<<<<<<<<<

#  Aligning reverse-kturn_conseusns and 3igi_A:92-93_278-285_266-273:
#  Alignment score:  23
#  P-value:  3.809e-01
#  Query aligned region: 0-2,8-10
#  Target aligned region: 6:A283-8:A285,11:A268-13:A270

	GGA...AAC
	AGU...AGG

#  Matched base-pairing interactions: 
	<A(2:)-A(8:) trans H/H>                        MATCHES	<U(8:A285)-A(11:A268) trans W/H>
	<G(1:)-A(9:) trans S/H>                        MATCHES	<G(7:A284)-G(12:A269) trans S/H>
	<G(0:)-C(10:) cis W/W>                         MATCHES	<A(6:A283)-G(13:A270) cis W/W>
#  Matched base-stacking interactions: 

>>>>>>>>>>   ALIGNMENT ENDS   >>>>>>>>>>

<<<<<<<<<<  ALIGNMENT BEGINS  <<<<<<<<<<

#  Aligning reverse-kturn_conseusns and 3igi_A:265-268_315-320_295-302:
#  Alignment score:  20.6
#  P-value:  6.731e-01
#  Query aligned region: 0-2,8-10
#  Target aligned region: 5:A317-7:A319,13:A299-15:A301

	GGA...AAC
	GAA...AGU

#  Matched base-pairing interactions: 
	<A(2:)-A(8:) trans H/H>                        MATCHES	<A(7:A319)-A(13:A299) trans H/H>
	<G(1:)-A(9:) trans S/H>                        MATCHES	<A(6:A318)-G(14:A300) cis -/->
	<G(0:)-C(10:) cis W/W>                         MATCHES	<G(5:A317)-U(15:A301) cis -/->
#  Matched base-stacking interactions: 

>>>>>>>>>>   ALIGNMENT ENDS   >>>>>>>>>>

<<<<<<<<<<  ALIGNMENT BEGINS  <<<<<<<<<<

#  Aligning reverse-kturn_conseusns and 3igi_A:196-198_56-60_46-49:
#  Alignment score:  9.8
#  P-value:  1.000e+00
#  Query aligned region: 3-3,4-4
#  Target aligned region: 7:A61-7:A61,8:A47-8:A47

	G...C
	A...U

#  Matched base-pairing interactions: 
	<G(3:)-C(4:) cis W/W>                          MATCHES	<A(7:A61)-U(8:A47) cis W/W>
#  Matched base-stacking interactions: 

>>>>>>>>>>   ALIGNMENT ENDS   >>>>>>>>>>

